Fri Jul 17 20:13:26 2026       
+-----------------------------------------------------------------------------------------+
| NVIDIA-SMI 580.159.04             Driver Version: 580.159.04     CUDA Version: 13.0     |
+-----------------------------------------+------------------------+----------------------+
| GPU  Name                 Persistence-M | Bus-Id          Disp.A | Volatile Uncorr. ECC |
| Fan  Temp   Perf          Pwr:Usage/Cap |           Memory-Usage | GPU-Util  Compute M. |
|                                         |                        |               MIG M. |
|=========================================+========================+======================|
|   0  NVIDIA A100-SXM4-80GB          On  |   00000000:01:00.0 Off |                   On |
| N/A   39C    P0            136W /  500W |    9956MiB /  81920MiB |     N/A      Default |
|                                         |                        |              Enabled |
+-----------------------------------------+------------------------+----------------------+
|   1  NVIDIA A100-SXM4-80GB          On  |   00000000:41:00.0 Off |                   On |
| N/A   36C    P0            129W /  500W |    2825MiB /  81920MiB |     N/A      Default |
|                                         |                        |              Enabled |
+-----------------------------------------+------------------------+----------------------+
|   2  NVIDIA A100-SXM4-80GB          On  |   00000000:81:00.0 Off |                   On |
| N/A   35C    P0             73W /  500W |    2120MiB /  81920MiB |     N/A      Default |
|                                         |                        |              Enabled |
+-----------------------------------------+------------------------+----------------------+
|   3  NVIDIA A100-SXM4-80GB          On  |   00000000:C1:00.0 Off |                   On |
| N/A   35C    P0            134W /  500W |    6388MiB /  81920MiB |     N/A      Default |
|                                         |                        |              Enabled |
+-----------------------------------------+------------------------+----------------------+

+-----------------------------------------------------------------------------------------+
| MIG devices:                                                                            |
+------------------+----------------------------------+-----------+-----------------------+
| GPU  GI  CI  MIG |              Shared Memory-Usage |        Vol|        Shared         |
|      ID  ID  Dev |                Shared BAR1-Usage | SM     Unc| CE ENC  DEC  OFA  JPG |
|                  |                                  |        ECC|                       |
|==================+==================================+===========+=======================|
|  2    3   0   0  |              71MiB / 19968MiB    | 28      0 |  2   0    1    0    0 |
|                  |               0MiB / 12271MiB    |           |                       |
+------------------+----------------------------------+-----------+-----------------------+

+-----------------------------------------------------------------------------------------+
| Processes:                                                                              |
|  GPU   GI   CI              PID   Type   Process name                        GPU Memory |
|        ID   ID                                                               Usage      |
|=========================================================================================|
|    0    9    0           388926      C   ...ftware/ase-new-env/bin/python       1888MiB |
|    0    3    0          1341417      C   python                                 7804MiB |
|    1    3    0          1340793      C   python                                 2568MiB |
|    3   13    0           387031      C   ...ftware/ase-new-env/bin/python       1968MiB |
|    3   14    0           388928      C   ...ftware/ase-new-env/bin/python       1694MiB |
|    3    5    0          1348703      C   python                                 2454MiB |
+-----------------------------------------------------------------------------------------+
run_gnn.sh contains 42 commands
python main.py --gnn gcn --dataset wikics --hidden_channels 256 --epochs 1000 --lr 0.001 --runs 3 --local_layers 3 --weight_decay 0.0 --dropout 0.5 --device 0 --ln --runs 10
==========================================================
Condition sweep: python main.py --gnn gcn --dataset wikics --hidden_channels 256 --epochs 1000 --lr 0.001 --runs 3 --local_layers 3 --weight_decay 0.0 --dropout 0.5 --device 0 --ln --runs 10
result_dir=results/unified transforms=[none] oracle=0 baseline=1
==========================================================
--- baseline (no reg) ---
Namespace(bn=False, cpu=False, data_dir='./data/', dataset='wikics', device=0, display_step=100, dropout=0.5, epochs=1000, gnn='gcn', hidden_channels=256, jk=False, label_num_per_class=20, lambda_val=0.5, ln=True, local_layers=3, lr=0.001, metric='acc', mlp_epochs=500, mlp_reg=False, model='MPNN', model_dir='models', num_heads=1, oracle_reg=False, paired_seeds=True, penalty_transform='none', pre_linear=False, pre_ln=False, rand_split=False, rand_split_class=False, reg_start_epoch=10, reg_update_freq=5, res=False, result_dir='results/unified', runs=10, save_model=False, seed=42, test_num=1000, train_prop=0.5, use_reg=False, valid_num=500, valid_prop=0.25, weight_decay=0.0)
wikics
dataset wikics | num nodes 11701 | num edge 431726 | num node feats 300 | num classes 10
MODEL: MPNNs(
  (h_lins): ModuleList()
  (local_convs): ModuleList(
    (0): GCNConv(300, 256)
    (1): GCNConv(256, 256)
    (2): GCNConv(256, 256)
  )
  (lins): ModuleList(
    (0): Linear(in_features=300, out_features=256, bias=True)
    (1): Linear(in_features=256, out_features=256, bias=True)
    (2): Linear(in_features=256, out_features=256, bias=True)
  )
  (lns): ModuleList(
    (0): LayerNorm((256,), eps=1e-05, elementwise_affine=True)
    (1): LayerNorm((256,), eps=1e-05, elementwise_affine=True)
    (2): LayerNorm((256,), eps=1e-05, elementwise_affine=True)
  )
  (bns): ModuleList(
    (0): BatchNorm1d(256, eps=1e-05, momentum=0.1, affine=True, track_running_stats=True)
    (1): BatchNorm1d(256, eps=1e-05, momentum=0.1, affine=True, track_running_stats=True)
    (2): BatchNorm1d(256, eps=1e-05, momentum=0.1, affine=True, track_running_stats=True)
  )
  (lin_in): Linear(in_features=300, out_features=256, bias=True)
  (pred_local): Linear(in_features=256, out_features=10, bias=True)
)
Epoch: 00, Loss: 2.3947, Train: 37.59%, Valid: 36.18%, Test: 35.63%, Best Valid: 36.18%, Best Test: 35.63%
Epoch: 100, Loss: 0.1818, Train: 95.86%, Valid: 79.67%, Test: 79.39%, Best Valid: 81.70%, Best Test: 80.33%
Epoch: 200, Loss: 0.0846, Train: 98.79%, Valid: 78.92%, Test: 79.31%, Best Valid: 81.70%, Best Test: 80.33%
Epoch: 300, Loss: 0.0919, Train: 99.14%, Valid: 78.48%, Test: 78.79%, Best Valid: 81.70%, Best Test: 80.33%
Epoch: 400, Loss: 0.0394, Train: 99.66%, Valid: 77.78%, Test: 78.04%, Best Valid: 81.70%, Best Test: 80.33%
Epoch: 500, Loss: 0.0272, Train: 99.48%, Valid: 77.02%, Test: 76.79%, Best Valid: 81.70%, Best Test: 80.33%
Epoch: 600, Loss: 0.0207, Train: 99.66%, Valid: 78.16%, Test: 78.11%, Best Valid: 81.70%, Best Test: 80.33%
Epoch: 700, Loss: 0.0169, Train: 99.66%, Valid: 78.14%, Test: 78.71%, Best Valid: 81.70%, Best Test: 80.33%
Epoch: 800, Loss: 0.0115, Train: 99.83%, Valid: 77.53%, Test: 77.80%, Best Valid: 81.70%, Best Test: 80.33%
Epoch: 900, Loss: 0.0103, Train: 99.66%, Valid: 77.89%, Test: 77.94%, Best Valid: 81.70%, Best Test: 80.33%
Run 01:
Highest Train: 100.00
Highest Valid: 81.70
Highest Test: 80.64
Chosen epoch: 54
Final Train: 90.52
Final Test: 80.33
Epoch: 00, Loss: 2.4752, Train: 24.66%, Valid: 24.74%, Test: 25.52%, Best Valid: 24.74%, Best Test: 25.52%
Epoch: 100, Loss: 0.2757, Train: 93.62%, Valid: 80.34%, Test: 78.91%, Best Valid: 80.91%, Best Test: 79.39%
Epoch: 200, Loss: 0.1392, Train: 97.93%, Valid: 79.01%, Test: 77.65%, Best Valid: 80.91%, Best Test: 79.39%
Epoch: 300, Loss: 0.0718, Train: 98.79%, Valid: 77.83%, Test: 76.74%, Best Valid: 80.91%, Best Test: 79.39%
Epoch: 400, Loss: 0.0552, Train: 99.31%, Valid: 78.16%, Test: 76.77%, Best Valid: 80.91%, Best Test: 79.39%
Epoch: 500, Loss: 0.0367, Train: 99.48%, Valid: 77.08%, Test: 76.21%, Best Valid: 80.91%, Best Test: 79.39%
Epoch: 600, Loss: 0.0308, Train: 99.66%, Valid: 77.66%, Test: 76.59%, Best Valid: 80.91%, Best Test: 79.39%
Epoch: 700, Loss: 0.0262, Train: 99.48%, Valid: 77.53%, Test: 76.47%, Best Valid: 80.91%, Best Test: 79.39%
Epoch: 800, Loss: 0.0197, Train: 99.48%, Valid: 77.57%, Test: 76.96%, Best Valid: 80.91%, Best Test: 79.39%
Epoch: 900, Loss: 0.0145, Train: 99.83%, Valid: 77.59%, Test: 76.53%, Best Valid: 80.91%, Best Test: 79.39%
Run 02:
Highest Train: 100.00
Highest Valid: 80.91
Highest Test: 79.63
Chosen epoch: 66
Final Train: 90.86
Final Test: 79.39
Epoch: 00, Loss: 2.5448, Train: 25.52%, Valid: 25.20%, Test: 25.30%, Best Valid: 25.20%, Best Test: 25.30%
Epoch: 100, Loss: 0.2057, Train: 95.69%, Valid: 81.91%, Test: 80.52%, Best Valid: 81.91%, Best Test: 80.59%
Epoch: 200, Loss: 0.0834, Train: 98.79%, Valid: 81.08%, Test: 79.65%, Best Valid: 82.01%, Best Test: 80.76%
Epoch: 300, Loss: 0.0526, Train: 99.14%, Valid: 79.92%, Test: 78.69%, Best Valid: 82.01%, Best Test: 80.76%
Epoch: 400, Loss: 0.0332, Train: 99.31%, Valid: 80.05%, Test: 79.27%, Best Valid: 82.01%, Best Test: 80.76%
Epoch: 500, Loss: 0.0375, Train: 99.48%, Valid: 79.54%, Test: 78.28%, Best Valid: 82.01%, Best Test: 80.76%
Epoch: 600, Loss: 0.0234, Train: 99.14%, Valid: 79.60%, Test: 78.54%, Best Valid: 82.01%, Best Test: 80.76%
Epoch: 700, Loss: 0.0212, Train: 99.66%, Valid: 79.67%, Test: 78.95%, Best Valid: 82.01%, Best Test: 80.76%
Epoch: 800, Loss: 0.0188, Train: 99.31%, Valid: 79.98%, Test: 78.60%, Best Valid: 82.01%, Best Test: 80.76%
Epoch: 900, Loss: 0.0218, Train: 99.66%, Valid: 78.80%, Test: 77.78%, Best Valid: 82.01%, Best Test: 80.76%
Run 03:
Highest Train: 99.83
Highest Valid: 82.01
Highest Test: 80.90
Chosen epoch: 113
Final Train: 96.90
Final Test: 80.76
Epoch: 00, Loss: 2.4071, Train: 31.38%, Valid: 32.56%, Test: 32.24%, Best Valid: 32.56%, Best Test: 32.24%
Epoch: 100, Loss: 0.2772, Train: 93.79%, Valid: 79.69%, Test: 79.19%, Best Valid: 80.28%, Best Test: 79.31%
Epoch: 200, Loss: 0.1298, Train: 96.72%, Valid: 78.40%, Test: 77.39%, Best Valid: 80.28%, Best Test: 79.31%
Epoch: 300, Loss: 0.0753, Train: 97.76%, Valid: 78.06%, Test: 76.72%, Best Valid: 80.28%, Best Test: 79.31%
Epoch: 400, Loss: 0.0548, Train: 98.62%, Valid: 76.32%, Test: 75.94%, Best Valid: 80.28%, Best Test: 79.31%
Epoch: 500, Loss: 0.0565, Train: 98.97%, Valid: 76.55%, Test: 75.59%, Best Valid: 80.28%, Best Test: 79.31%
Epoch: 600, Loss: 0.0388, Train: 99.48%, Valid: 76.00%, Test: 75.49%, Best Valid: 80.28%, Best Test: 79.31%
Epoch: 700, Loss: 0.0351, Train: 99.48%, Valid: 75.52%, Test: 75.08%, Best Valid: 80.28%, Best Test: 79.31%
Epoch: 800, Loss: 0.0347, Train: 99.31%, Valid: 77.15%, Test: 76.35%, Best Valid: 80.28%, Best Test: 79.31%
Epoch: 900, Loss: 0.0396, Train: 99.66%, Valid: 75.50%, Test: 74.79%, Best Valid: 80.28%, Best Test: 79.31%
Run 04:
Highest Train: 99.83
Highest Valid: 80.28
Highest Test: 79.70
Chosen epoch: 67
Final Train: 90.52
Final Test: 79.31
Epoch: 00, Loss: 2.5108, Train: 26.21%, Valid: 26.32%, Test: 26.24%, Best Valid: 26.32%, Best Test: 26.24%
Epoch: 100, Loss: 0.2293, Train: 96.03%, Valid: 79.84%, Test: 79.77%, Best Valid: 80.60%, Best Test: 79.37%
Epoch: 200, Loss: 0.1094, Train: 98.10%, Valid: 77.93%, Test: 77.72%, Best Valid: 80.60%, Best Test: 79.37%
Epoch: 300, Loss: 0.0616, Train: 98.28%, Valid: 77.70%, Test: 77.22%, Best Valid: 80.60%, Best Test: 79.37%
Epoch: 400, Loss: 0.0379, Train: 99.14%, Valid: 77.97%, Test: 77.80%, Best Valid: 80.60%, Best Test: 79.37%
Epoch: 500, Loss: 0.0335, Train: 99.31%, Valid: 77.49%, Test: 77.34%, Best Valid: 80.60%, Best Test: 79.37%
Epoch: 600, Loss: 0.0320, Train: 98.97%, Valid: 77.65%, Test: 77.37%, Best Valid: 80.60%, Best Test: 79.37%
Epoch: 700, Loss: 0.0356, Train: 99.66%, Valid: 76.41%, Test: 76.14%, Best Valid: 80.60%, Best Test: 79.37%
Epoch: 800, Loss: 0.0271, Train: 99.66%, Valid: 77.63%, Test: 77.41%, Best Valid: 80.60%, Best Test: 79.37%
Epoch: 900, Loss: 0.0273, Train: 99.83%, Valid: 77.63%, Test: 77.27%, Best Valid: 80.60%, Best Test: 79.37%
Run 05:
Highest Train: 100.00
Highest Valid: 80.60
Highest Test: 80.16
Chosen epoch: 66
Final Train: 91.38
Final Test: 79.37
Epoch: 00, Loss: 2.5015, Train: 31.38%, Valid: 31.61%, Test: 33.03%, Best Valid: 31.61%, Best Test: 33.03%
Epoch: 100, Loss: 0.2311, Train: 95.86%, Valid: 80.19%, Test: 79.49%, Best Valid: 80.62%, Best Test: 79.44%
Epoch: 200, Loss: 0.1091, Train: 97.93%, Valid: 78.95%, Test: 78.50%, Best Valid: 80.62%, Best Test: 79.44%
Epoch: 300, Loss: 0.0477, Train: 99.14%, Valid: 79.35%, Test: 78.33%, Best Valid: 80.62%, Best Test: 79.44%
Epoch: 400, Loss: 0.0350, Train: 99.31%, Valid: 78.59%, Test: 77.97%, Best Valid: 80.62%, Best Test: 79.44%
Epoch: 500, Loss: 0.0191, Train: 99.66%, Valid: 78.16%, Test: 77.13%, Best Valid: 80.62%, Best Test: 79.44%
Epoch: 600, Loss: 0.0345, Train: 99.48%, Valid: 78.33%, Test: 77.15%, Best Valid: 80.62%, Best Test: 79.44%
Epoch: 700, Loss: 0.0112, Train: 100.00%, Valid: 78.54%, Test: 77.51%, Best Valid: 80.62%, Best Test: 79.44%
Epoch: 800, Loss: 0.0164, Train: 99.66%, Valid: 77.91%, Test: 76.52%, Best Valid: 80.62%, Best Test: 79.44%
Epoch: 900, Loss: 0.0261, Train: 99.66%, Valid: 77.74%, Test: 76.76%, Best Valid: 80.62%, Best Test: 79.44%
Run 06:
Highest Train: 100.00
Highest Valid: 80.62
Highest Test: 79.51
Chosen epoch: 58
Final Train: 90.52
Final Test: 79.44
Epoch: 00, Loss: 2.6039, Train: 16.72%, Valid: 16.55%, Test: 16.50%, Best Valid: 16.55%, Best Test: 16.50%
Epoch: 100, Loss: 0.2265, Train: 94.31%, Valid: 77.99%, Test: 77.51%, Best Valid: 80.15%, Best Test: 79.03%
Epoch: 200, Loss: 0.1104, Train: 97.41%, Valid: 77.04%, Test: 76.53%, Best Valid: 80.15%, Best Test: 79.03%
Epoch: 300, Loss: 0.0596, Train: 98.45%, Valid: 78.97%, Test: 77.39%, Best Valid: 80.15%, Best Test: 79.03%
Epoch: 400, Loss: 0.0491, Train: 98.79%, Valid: 77.27%, Test: 76.30%, Best Valid: 80.15%, Best Test: 79.03%
Epoch: 500, Loss: 0.0262, Train: 99.14%, Valid: 76.24%, Test: 75.71%, Best Valid: 80.15%, Best Test: 79.03%
Epoch: 600, Loss: 0.0452, Train: 99.48%, Valid: 76.73%, Test: 75.78%, Best Valid: 80.15%, Best Test: 79.03%
Epoch: 700, Loss: 0.0167, Train: 99.48%, Valid: 77.11%, Test: 76.26%, Best Valid: 80.15%, Best Test: 79.03%
Epoch: 800, Loss: 0.0185, Train: 99.83%, Valid: 76.96%, Test: 76.12%, Best Valid: 80.15%, Best Test: 79.03%
Epoch: 900, Loss: 0.0089, Train: 99.83%, Valid: 76.53%, Test: 76.00%, Best Valid: 80.15%, Best Test: 79.03%
Run 07:
Highest Train: 100.00
Highest Valid: 80.15
Highest Test: 79.29
Chosen epoch: 88
Final Train: 94.66
Final Test: 79.03
Epoch: 00, Loss: 2.5770, Train: 21.21%, Valid: 21.26%, Test: 21.81%, Best Valid: 21.26%, Best Test: 21.81%
Epoch: 100, Loss: 0.3198, Train: 91.90%, Valid: 79.52%, Test: 78.57%, Best Valid: 80.49%, Best Test: 79.29%
Epoch: 200, Loss: 0.1282, Train: 96.90%, Valid: 79.18%, Test: 77.92%, Best Valid: 80.49%, Best Test: 79.29%
Epoch: 300, Loss: 0.0657, Train: 97.93%, Valid: 78.67%, Test: 77.73%, Best Valid: 80.49%, Best Test: 79.29%
Epoch: 400, Loss: 0.0563, Train: 98.79%, Valid: 77.66%, Test: 76.65%, Best Valid: 80.49%, Best Test: 79.29%
Epoch: 500, Loss: 0.0452, Train: 99.14%, Valid: 78.69%, Test: 77.66%, Best Valid: 80.49%, Best Test: 79.29%
Epoch: 600, Loss: 0.0251, Train: 99.48%, Valid: 78.21%, Test: 77.24%, Best Valid: 80.49%, Best Test: 79.29%
Epoch: 700, Loss: 0.0261, Train: 99.66%, Valid: 78.04%, Test: 76.35%, Best Valid: 80.49%, Best Test: 79.29%
Epoch: 800, Loss: 0.0221, Train: 99.83%, Valid: 77.95%, Test: 76.53%, Best Valid: 80.49%, Best Test: 79.29%
Epoch: 900, Loss: 0.0249, Train: 99.83%, Valid: 77.47%, Test: 76.04%, Best Valid: 80.49%, Best Test: 79.29%
Run 08:
Highest Train: 100.00
Highest Valid: 80.49
Highest Test: 79.29
Chosen epoch: 75
Final Train: 90.17
Final Test: 79.29
Epoch: 00, Loss: 2.5183, Train: 37.93%, Valid: 34.60%, Test: 35.30%, Best Valid: 34.60%, Best Test: 35.30%
Epoch: 100, Loss: 0.1296, Train: 97.59%, Valid: 80.20%, Test: 79.84%, Best Valid: 81.02%, Best Test: 80.16%
Epoch: 200, Loss: 0.0435, Train: 99.48%, Valid: 79.12%, Test: 79.19%, Best Valid: 81.02%, Best Test: 80.16%
Epoch: 300, Loss: 0.0235, Train: 99.66%, Valid: 78.48%, Test: 78.54%, Best Valid: 81.02%, Best Test: 80.16%
Epoch: 400, Loss: 0.0204, Train: 100.00%, Valid: 77.85%, Test: 77.73%, Best Valid: 81.02%, Best Test: 80.16%
Epoch: 500, Loss: 0.0179, Train: 99.66%, Valid: 78.63%, Test: 78.66%, Best Valid: 81.02%, Best Test: 80.16%
Epoch: 600, Loss: 0.0773, Train: 98.79%, Valid: 77.19%, Test: 77.51%, Best Valid: 81.02%, Best Test: 80.16%
Epoch: 700, Loss: 0.0063, Train: 99.83%, Valid: 78.27%, Test: 78.19%, Best Valid: 81.02%, Best Test: 80.16%
Epoch: 800, Loss: 0.0024, Train: 100.00%, Valid: 78.02%, Test: 77.97%, Best Valid: 81.02%, Best Test: 80.16%
Epoch: 900, Loss: 0.0047, Train: 100.00%, Valid: 78.19%, Test: 77.78%, Best Valid: 81.02%, Best Test: 80.16%
Run 09:
Highest Train: 100.00
Highest Valid: 81.02
Highest Test: 80.16
Chosen epoch: 59
Final Train: 92.24
Final Test: 80.16
Epoch: 00, Loss: 2.4594, Train: 22.93%, Valid: 22.94%, Test: 22.88%, Best Valid: 22.94%, Best Test: 22.88%
Epoch: 100, Loss: 0.2420, Train: 93.79%, Valid: 79.86%, Test: 78.48%, Best Valid: 80.51%, Best Test: 79.08%
Epoch: 200, Loss: 0.0963, Train: 98.97%, Valid: 78.54%, Test: 77.05%, Best Valid: 80.51%, Best Test: 79.08%
Epoch: 300, Loss: 0.0479, Train: 99.31%, Valid: 78.23%, Test: 76.45%, Best Valid: 80.51%, Best Test: 79.08%
Epoch: 400, Loss: 0.0418, Train: 99.31%, Valid: 78.06%, Test: 76.18%, Best Valid: 80.51%, Best Test: 79.08%
Epoch: 500, Loss: 0.0382, Train: 99.83%, Valid: 77.99%, Test: 76.45%, Best Valid: 80.51%, Best Test: 79.08%
Epoch: 600, Loss: 0.0224, Train: 98.97%, Valid: 77.49%, Test: 75.95%, Best Valid: 80.51%, Best Test: 79.08%
Epoch: 700, Loss: 0.0204, Train: 99.31%, Valid: 76.92%, Test: 75.37%, Best Valid: 80.51%, Best Test: 79.08%
Epoch: 800, Loss: 0.0192, Train: 99.83%, Valid: 77.61%, Test: 76.18%, Best Valid: 80.51%, Best Test: 79.08%
Epoch: 900, Loss: 0.0111, Train: 99.83%, Valid: 77.44%, Test: 75.94%, Best Valid: 80.51%, Best Test: 79.08%
Run 10:
Highest Train: 100.00
Highest Valid: 80.51
Highest Test: 79.46
Chosen epoch: 66
Final Train: 90.34
Final Test: 79.08
All runs:
Highest Train: 99.97 ± 0.07
Highest Test: 79.87 ± 0.57
Highest Valid: 80.83 ± 0.60
  Final Train: 91.81 ± 2.24
   Final Test: 79.62 ± 0.59
Saving results to results/unified/wikics/MPNN_gcn.csv
--- mlp_reg | transform=none | lambda=0.01 | mlp_epochs=500 ---
Namespace(bn=False, cpu=False, data_dir='./data/', dataset='wikics', device=0, display_step=100, dropout=0.5, epochs=1000, gnn='gcn', hidden_channels=256, jk=False, label_num_per_class=20, lambda_val=0.01, ln=True, local_layers=3, lr=0.001, metric='acc', mlp_epochs=500, mlp_reg=True, model='MPNN', model_dir='models', num_heads=1, oracle_reg=False, paired_seeds=True, penalty_transform='none', pre_linear=False, pre_ln=False, rand_split=False, rand_split_class=False, reg_start_epoch=10, reg_update_freq=5, res=False, result_dir='results/unified', runs=10, save_model=False, seed=42, test_num=1000, train_prop=0.5, use_reg=True, valid_num=500, valid_prop=0.25, weight_decay=0.0)
wikics
dataset wikics | num nodes 11701 | num edge 431726 | num node feats 300 | num classes 10
MODEL: MPNNs(
  (h_lins): ModuleList()
  (local_convs): ModuleList(
    (0): GCNConv(300, 256)
    (1): GCNConv(256, 256)
    (2): GCNConv(256, 256)
  )
  (lins): ModuleList(
    (0): Linear(in_features=300, out_features=256, bias=True)
    (1): Linear(in_features=256, out_features=256, bias=True)
    (2): Linear(in_features=256, out_features=256, bias=True)
  )
  (lns): ModuleList(
    (0): LayerNorm((256,), eps=1e-05, elementwise_affine=True)
    (1): LayerNorm((256,), eps=1e-05, elementwise_affine=True)
    (2): LayerNorm((256,), eps=1e-05, elementwise_affine=True)
  )
  (bns): ModuleList(
    (0): BatchNorm1d(256, eps=1e-05, momentum=0.1, affine=True, track_running_stats=True)
    (1): BatchNorm1d(256, eps=1e-05, momentum=0.1, affine=True, track_running_stats=True)
    (2): BatchNorm1d(256, eps=1e-05, momentum=0.1, affine=True, track_running_stats=True)
  )
  (lin_in): Linear(in_features=300, out_features=256, bias=True)
  (pred_local): Linear(in_features=256, out_features=10, bias=True)
)
Pre-training MLP for 500 epochs to generate co-occurrence matrix...
MLP pre-training complete. Penalty matrix frozen.
Epoch: 00, Loss: 2.4186, Train: 37.07%, Valid: 35.80%, Test: 35.33%, Best Valid: 35.80%, Best Test: 35.33%
Epoch: 100, Loss: 0.1868, Train: 96.21%, Valid: 79.98%, Test: 79.27%, Best Valid: 81.74%, Best Test: 80.28%
Epoch: 200, Loss: 0.0741, Train: 98.79%, Valid: 78.59%, Test: 78.48%, Best Valid: 81.74%, Best Test: 80.28%
Epoch: 300, Loss: 0.1227, Train: 99.14%, Valid: 78.40%, Test: 79.12%, Best Valid: 81.74%, Best Test: 80.28%
Epoch: 400, Loss: 0.0368, Train: 99.48%, Valid: 77.85%, Test: 78.43%, Best Valid: 81.74%, Best Test: 80.28%
Epoch: 500, Loss: 0.0324, Train: 99.66%, Valid: 77.49%, Test: 77.72%, Best Valid: 81.74%, Best Test: 80.28%
Epoch: 600, Loss: 0.0223, Train: 99.66%, Valid: 77.74%, Test: 78.28%, Best Valid: 81.74%, Best Test: 80.28%
Epoch: 700, Loss: 0.0156, Train: 99.48%, Valid: 77.78%, Test: 78.38%, Best Valid: 81.74%, Best Test: 80.28%
Epoch: 800, Loss: 0.0097, Train: 100.00%, Valid: 77.53%, Test: 78.25%, Best Valid: 81.74%, Best Test: 80.28%
Epoch: 900, Loss: 0.0184, Train: 99.66%, Valid: 78.04%, Test: 78.33%, Best Valid: 81.74%, Best Test: 80.28%
Run 01:
Highest Train: 100.00
Highest Valid: 81.74
Highest Test: 80.54
Chosen epoch: 66
Final Train: 92.76
Final Test: 80.28
Pre-training MLP for 500 epochs to generate co-occurrence matrix...
MLP pre-training complete. Penalty matrix frozen.
Epoch: 00, Loss: 2.5000, Train: 24.83%, Valid: 24.84%, Test: 25.65%, Best Valid: 24.84%, Best Test: 25.65%
Epoch: 100, Loss: 0.2806, Train: 93.79%, Valid: 80.11%, Test: 78.88%, Best Valid: 80.93%, Best Test: 79.39%
Epoch: 200, Loss: 0.1443, Train: 98.10%, Valid: 78.63%, Test: 77.25%, Best Valid: 80.93%, Best Test: 79.39%
Epoch: 300, Loss: 0.0678, Train: 98.10%, Valid: 77.72%, Test: 76.98%, Best Valid: 80.93%, Best Test: 79.39%
Epoch: 400, Loss: 0.0535, Train: 98.28%, Valid: 77.23%, Test: 76.64%, Best Valid: 80.93%, Best Test: 79.39%
Epoch: 500, Loss: 0.0425, Train: 99.48%, Valid: 77.63%, Test: 76.42%, Best Valid: 80.93%, Best Test: 79.39%
Epoch: 600, Loss: 0.0335, Train: 99.66%, Valid: 77.25%, Test: 76.71%, Best Valid: 80.93%, Best Test: 79.39%
Epoch: 700, Loss: 0.0303, Train: 99.48%, Valid: 77.15%, Test: 76.14%, Best Valid: 80.93%, Best Test: 79.39%
Epoch: 800, Loss: 0.0201, Train: 99.66%, Valid: 77.61%, Test: 76.26%, Best Valid: 80.93%, Best Test: 79.39%
Epoch: 900, Loss: 0.0205, Train: 99.83%, Valid: 77.46%, Test: 76.53%, Best Valid: 80.93%, Best Test: 79.39%
Run 02:
Highest Train: 100.00
Highest Valid: 80.93
Highest Test: 79.65
Chosen epoch: 66
Final Train: 90.52
Final Test: 79.39
Pre-training MLP for 500 epochs to generate co-occurrence matrix...
MLP pre-training complete. Penalty matrix frozen.
Epoch: 00, Loss: 2.5703, Train: 25.69%, Valid: 25.35%, Test: 25.35%, Best Valid: 25.35%, Best Test: 25.35%
Epoch: 100, Loss: 0.2088, Train: 95.00%, Valid: 81.61%, Test: 80.45%, Best Valid: 81.95%, Best Test: 80.79%
Epoch: 200, Loss: 0.0776, Train: 98.62%, Valid: 80.81%, Test: 79.51%, Best Valid: 81.95%, Best Test: 80.79%
Epoch: 300, Loss: 0.0538, Train: 99.14%, Valid: 79.56%, Test: 78.55%, Best Valid: 81.95%, Best Test: 80.79%
Epoch: 400, Loss: 0.0328, Train: 99.48%, Valid: 79.31%, Test: 78.38%, Best Valid: 81.95%, Best Test: 80.79%
Epoch: 500, Loss: 0.0398, Train: 99.31%, Valid: 80.72%, Test: 79.44%, Best Valid: 81.95%, Best Test: 80.79%
Epoch: 600, Loss: 0.0219, Train: 99.66%, Valid: 79.92%, Test: 78.76%, Best Valid: 81.95%, Best Test: 80.79%
Epoch: 700, Loss: 0.0275, Train: 99.48%, Valid: 79.96%, Test: 78.93%, Best Valid: 81.95%, Best Test: 80.79%
Epoch: 800, Loss: 0.0176, Train: 99.48%, Valid: 80.02%, Test: 78.74%, Best Valid: 81.95%, Best Test: 80.79%
Epoch: 900, Loss: 0.0189, Train: 99.31%, Valid: 78.99%, Test: 77.80%, Best Valid: 81.95%, Best Test: 80.79%
Run 03:
Highest Train: 99.83
Highest Valid: 81.95
Highest Test: 80.95
Chosen epoch: 86
Final Train: 94.83
Final Test: 80.79
Pre-training MLP for 500 epochs to generate co-occurrence matrix...
MLP pre-training complete. Penalty matrix frozen.
Epoch: 00, Loss: 2.4312, Train: 31.38%, Valid: 32.52%, Test: 32.20%, Best Valid: 32.52%, Best Test: 32.20%
Epoch: 100, Loss: 0.2546, Train: 94.48%, Valid: 78.73%, Test: 78.01%, Best Valid: 80.38%, Best Test: 79.46%
Epoch: 200, Loss: 0.1131, Train: 96.90%, Valid: 78.48%, Test: 77.46%, Best Valid: 80.38%, Best Test: 79.46%
Epoch: 300, Loss: 0.0742, Train: 98.28%, Valid: 77.25%, Test: 76.48%, Best Valid: 80.38%, Best Test: 79.46%
Epoch: 400, Loss: 0.0520, Train: 97.93%, Valid: 76.64%, Test: 76.02%, Best Valid: 80.38%, Best Test: 79.46%
Epoch: 500, Loss: 0.0710, Train: 98.79%, Valid: 76.70%, Test: 76.07%, Best Valid: 80.38%, Best Test: 79.46%
Epoch: 600, Loss: 0.0416, Train: 99.14%, Valid: 76.37%, Test: 75.70%, Best Valid: 80.38%, Best Test: 79.46%
Epoch: 700, Loss: 0.0392, Train: 99.48%, Valid: 75.45%, Test: 74.76%, Best Valid: 80.38%, Best Test: 79.46%
Epoch: 800, Loss: 0.0887, Train: 99.66%, Valid: 76.22%, Test: 75.54%, Best Valid: 80.38%, Best Test: 79.46%
Epoch: 900, Loss: 0.0287, Train: 99.66%, Valid: 75.96%, Test: 75.56%, Best Valid: 80.38%, Best Test: 79.46%
Run 04:
Highest Train: 100.00
Highest Valid: 80.38
Highest Test: 79.56
Chosen epoch: 67
Final Train: 90.52
Final Test: 79.46
Pre-training MLP for 500 epochs to generate co-occurrence matrix...
MLP pre-training complete. Penalty matrix frozen.
Epoch: 00, Loss: 2.5359, Train: 26.21%, Valid: 26.19%, Test: 26.18%, Best Valid: 26.19%, Best Test: 26.18%
Epoch: 100, Loss: 0.2231, Train: 95.86%, Valid: 79.52%, Test: 79.56%, Best Valid: 80.62%, Best Test: 80.13%
Epoch: 200, Loss: 0.1124, Train: 97.93%, Valid: 77.59%, Test: 77.56%, Best Valid: 80.62%, Best Test: 80.13%
Epoch: 300, Loss: 0.0675, Train: 98.62%, Valid: 77.61%, Test: 76.96%, Best Valid: 80.62%, Best Test: 80.13%
Epoch: 400, Loss: 0.0411, Train: 98.97%, Valid: 77.19%, Test: 77.32%, Best Valid: 80.62%, Best Test: 80.13%
Epoch: 500, Loss: 0.0279, Train: 99.14%, Valid: 77.30%, Test: 77.25%, Best Valid: 80.62%, Best Test: 80.13%
Epoch: 600, Loss: 0.0309, Train: 99.31%, Valid: 77.66%, Test: 77.66%, Best Valid: 80.62%, Best Test: 80.13%
Epoch: 700, Loss: 0.0271, Train: 99.66%, Valid: 77.13%, Test: 77.12%, Best Valid: 80.62%, Best Test: 80.13%
Epoch: 800, Loss: 0.0261, Train: 99.83%, Valid: 76.56%, Test: 76.79%, Best Valid: 80.62%, Best Test: 80.13%
Epoch: 900, Loss: 0.0235, Train: 99.66%, Valid: 76.75%, Test: 77.08%, Best Valid: 80.62%, Best Test: 80.13%
Run 05:
Highest Train: 100.00
Highest Valid: 80.62
Highest Test: 80.13
Chosen epoch: 74
Final Train: 92.41
Final Test: 80.13
Pre-training MLP for 500 epochs to generate co-occurrence matrix...
MLP pre-training complete. Penalty matrix frozen.
Epoch: 00, Loss: 2.5265, Train: 31.38%, Valid: 31.23%, Test: 32.87%, Best Valid: 31.23%, Best Test: 32.87%
Epoch: 100, Loss: 0.2285, Train: 95.86%, Valid: 80.28%, Test: 79.34%, Best Valid: 80.66%, Best Test: 79.48%
Epoch: 200, Loss: 0.0854, Train: 98.45%, Valid: 78.14%, Test: 77.61%, Best Valid: 80.66%, Best Test: 79.48%
Epoch: 300, Loss: 0.0514, Train: 99.31%, Valid: 78.76%, Test: 77.95%, Best Valid: 80.66%, Best Test: 79.48%
Epoch: 400, Loss: 0.0300, Train: 99.31%, Valid: 79.45%, Test: 78.16%, Best Valid: 80.66%, Best Test: 79.48%
Epoch: 500, Loss: 0.0199, Train: 99.48%, Valid: 77.89%, Test: 77.10%, Best Valid: 80.66%, Best Test: 79.48%
Epoch: 600, Loss: 0.0204, Train: 99.83%, Valid: 77.99%, Test: 76.47%, Best Valid: 80.66%, Best Test: 79.48%
Epoch: 700, Loss: 0.0140, Train: 99.83%, Valid: 77.34%, Test: 76.60%, Best Valid: 80.66%, Best Test: 79.48%
Epoch: 800, Loss: 0.0156, Train: 99.83%, Valid: 78.19%, Test: 77.37%, Best Valid: 80.66%, Best Test: 79.48%
Epoch: 900, Loss: 0.0103, Train: 99.83%, Valid: 77.19%, Test: 76.19%, Best Valid: 80.66%, Best Test: 79.48%
Run 06:
Highest Train: 100.00
Highest Valid: 80.66
Highest Test: 79.63
Chosen epoch: 58
Final Train: 90.52
Final Test: 79.48
Pre-training MLP for 500 epochs to generate co-occurrence matrix...
MLP pre-training complete. Penalty matrix frozen.
Epoch: 00, Loss: 2.6299, Train: 16.72%, Valid: 16.55%, Test: 16.50%, Best Valid: 16.55%, Best Test: 16.50%
Epoch: 100, Loss: 0.2302, Train: 94.66%, Valid: 78.31%, Test: 77.61%, Best Valid: 80.19%, Best Test: 79.00%
Epoch: 200, Loss: 0.1185, Train: 98.45%, Valid: 78.38%, Test: 77.99%, Best Valid: 80.19%, Best Test: 79.00%
Epoch: 300, Loss: 0.0557, Train: 97.76%, Valid: 78.92%, Test: 77.13%, Best Valid: 80.19%, Best Test: 79.00%
Epoch: 400, Loss: 0.0574, Train: 99.31%, Valid: 78.33%, Test: 76.98%, Best Valid: 80.19%, Best Test: 79.00%
Epoch: 500, Loss: 0.0295, Train: 98.97%, Valid: 76.83%, Test: 75.89%, Best Valid: 80.19%, Best Test: 79.00%
Epoch: 600, Loss: 0.0215, Train: 99.31%, Valid: 76.83%, Test: 75.66%, Best Valid: 80.19%, Best Test: 79.00%
Epoch: 700, Loss: 0.0177, Train: 99.66%, Valid: 77.49%, Test: 76.40%, Best Valid: 80.19%, Best Test: 79.00%
Epoch: 800, Loss: 0.0241, Train: 99.66%, Valid: 76.85%, Test: 76.36%, Best Valid: 80.19%, Best Test: 79.00%
Epoch: 900, Loss: 0.0188, Train: 99.83%, Valid: 76.30%, Test: 75.35%, Best Valid: 80.19%, Best Test: 79.00%
Run 07:
Highest Train: 100.00
Highest Valid: 80.19
Highest Test: 79.25
Chosen epoch: 88
Final Train: 94.48
Final Test: 79.00
Pre-training MLP for 500 epochs to generate co-occurrence matrix...
MLP pre-training complete. Penalty matrix frozen.
Epoch: 00, Loss: 2.6027, Train: 21.38%, Valid: 21.88%, Test: 21.93%, Best Valid: 21.88%, Best Test: 21.93%
Epoch: 100, Loss: 0.3144, Train: 92.07%, Valid: 79.54%, Test: 78.71%, Best Valid: 80.45%, Best Test: 79.36%
Epoch: 200, Loss: 0.1271, Train: 96.38%, Valid: 79.05%, Test: 77.89%, Best Valid: 80.45%, Best Test: 79.36%
Epoch: 300, Loss: 0.0940, Train: 98.45%, Valid: 79.01%, Test: 78.33%, Best Valid: 80.45%, Best Test: 79.36%
Epoch: 400, Loss: 0.0638, Train: 99.48%, Valid: 78.52%, Test: 77.44%, Best Valid: 80.45%, Best Test: 79.36%
Epoch: 500, Loss: 0.0528, Train: 99.14%, Valid: 78.40%, Test: 77.49%, Best Valid: 80.45%, Best Test: 79.36%
Epoch: 600, Loss: 0.0427, Train: 100.00%, Valid: 77.85%, Test: 76.77%, Best Valid: 80.45%, Best Test: 79.36%
Epoch: 700, Loss: 0.0210, Train: 99.14%, Valid: 76.91%, Test: 75.32%, Best Valid: 80.45%, Best Test: 79.36%
Epoch: 800, Loss: 0.0188, Train: 99.83%, Valid: 78.27%, Test: 77.22%, Best Valid: 80.45%, Best Test: 79.36%
Epoch: 900, Loss: 0.0148, Train: 99.83%, Valid: 77.95%, Test: 76.89%, Best Valid: 80.45%, Best Test: 79.36%
Run 08:
Highest Train: 100.00
Highest Valid: 80.45
Highest Test: 79.36
Chosen epoch: 75
Final Train: 89.83
Final Test: 79.36
Pre-training MLP for 500 epochs to generate co-occurrence matrix...
MLP pre-training complete. Penalty matrix frozen.
Epoch: 00, Loss: 2.5434, Train: 37.93%, Valid: 34.38%, Test: 35.09%, Best Valid: 34.38%, Best Test: 35.09%
Epoch: 100, Loss: 0.1291, Train: 97.93%, Valid: 80.05%, Test: 79.80%, Best Valid: 81.04%, Best Test: 80.21%
Epoch: 200, Loss: 0.0511, Train: 99.14%, Valid: 78.97%, Test: 79.08%, Best Valid: 81.04%, Best Test: 80.21%
Epoch: 300, Loss: 0.0239, Train: 99.48%, Valid: 78.48%, Test: 78.40%, Best Valid: 81.04%, Best Test: 80.21%
Epoch: 400, Loss: 0.0217, Train: 99.83%, Valid: 77.72%, Test: 78.02%, Best Valid: 81.04%, Best Test: 80.21%
Epoch: 500, Loss: 0.0180, Train: 99.83%, Valid: 78.50%, Test: 78.25%, Best Valid: 81.04%, Best Test: 80.21%
Epoch: 600, Loss: 0.0105, Train: 100.00%, Valid: 76.98%, Test: 77.36%, Best Valid: 81.04%, Best Test: 80.21%
Epoch: 700, Loss: 0.0128, Train: 100.00%, Valid: 79.09%, Test: 78.66%, Best Valid: 81.04%, Best Test: 80.21%
Epoch: 800, Loss: 0.0043, Train: 100.00%, Valid: 78.40%, Test: 78.47%, Best Valid: 81.04%, Best Test: 80.21%
Epoch: 900, Loss: 0.0045, Train: 100.00%, Valid: 77.46%, Test: 77.54%, Best Valid: 81.04%, Best Test: 80.21%
Run 09:
Highest Train: 100.00
Highest Valid: 81.04
Highest Test: 80.25
Chosen epoch: 59
Final Train: 92.07
Final Test: 80.21
Pre-training MLP for 500 epochs to generate co-occurrence matrix...
MLP pre-training complete. Penalty matrix frozen.
Epoch: 00, Loss: 2.4840, Train: 22.93%, Valid: 22.94%, Test: 22.88%, Best Valid: 22.94%, Best Test: 22.88%
Epoch: 100, Loss: 0.2416, Train: 94.14%, Valid: 79.83%, Test: 78.48%, Best Valid: 80.57%, Best Test: 79.19%
Epoch: 200, Loss: 0.0946, Train: 98.79%, Valid: 77.85%, Test: 76.69%, Best Valid: 80.57%, Best Test: 79.19%
Epoch: 300, Loss: 0.0501, Train: 99.14%, Valid: 78.42%, Test: 76.57%, Best Valid: 80.57%, Best Test: 79.19%
Epoch: 400, Loss: 0.0248, Train: 99.66%, Valid: 78.08%, Test: 75.77%, Best Valid: 80.57%, Best Test: 79.19%
Epoch: 500, Loss: 0.0294, Train: 99.66%, Valid: 77.82%, Test: 76.42%, Best Valid: 80.57%, Best Test: 79.19%
Epoch: 600, Loss: 0.0613, Train: 98.28%, Valid: 78.04%, Test: 76.45%, Best Valid: 80.57%, Best Test: 79.19%
Epoch: 700, Loss: 0.0185, Train: 99.48%, Valid: 77.49%, Test: 76.04%, Best Valid: 80.57%, Best Test: 79.19%
Epoch: 800, Loss: 0.0114, Train: 99.83%, Valid: 77.65%, Test: 76.40%, Best Valid: 80.57%, Best Test: 79.19%
Epoch: 900, Loss: 0.0113, Train: 99.83%, Valid: 77.59%, Test: 76.35%, Best Valid: 80.57%, Best Test: 79.19%
Run 10:
Highest Train: 100.00
Highest Valid: 80.57
Highest Test: 79.60
Chosen epoch: 61
Final Train: 89.14
Final Test: 79.19
All runs:
Highest Train: 99.98 ± 0.05
Highest Test: 79.89 ± 0.55
Highest Valid: 80.85 ± 0.58
  Final Train: 91.71 ± 1.93
   Final Test: 79.73 ± 0.58
Saving results to results/unified/wikics/MPNN_gcn.csv
--- mlp_reg | transform=none | lambda=0.05 | mlp_epochs=500 ---
Namespace(bn=False, cpu=False, data_dir='./data/', dataset='wikics', device=0, display_step=100, dropout=0.5, epochs=1000, gnn='gcn', hidden_channels=256, jk=False, label_num_per_class=20, lambda_val=0.05, ln=True, local_layers=3, lr=0.001, metric='acc', mlp_epochs=500, mlp_reg=True, model='MPNN', model_dir='models', num_heads=1, oracle_reg=False, paired_seeds=True, penalty_transform='none', pre_linear=False, pre_ln=False, rand_split=False, rand_split_class=False, reg_start_epoch=10, reg_update_freq=5, res=False, result_dir='results/unified', runs=10, save_model=False, seed=42, test_num=1000, train_prop=0.5, use_reg=True, valid_num=500, valid_prop=0.25, weight_decay=0.0)
wikics
dataset wikics | num nodes 11701 | num edge 431726 | num node feats 300 | num classes 10
MODEL: MPNNs(
  (h_lins): ModuleList()
  (local_convs): ModuleList(
    (0): GCNConv(300, 256)
    (1): GCNConv(256, 256)
    (2): GCNConv(256, 256)
  )
  (lins): ModuleList(
    (0): Linear(in_features=300, out_features=256, bias=True)
    (1): Linear(in_features=256, out_features=256, bias=True)
    (2): Linear(in_features=256, out_features=256, bias=True)
  )
  (lns): ModuleList(
    (0): LayerNorm((256,), eps=1e-05, elementwise_affine=True)
    (1): LayerNorm((256,), eps=1e-05, elementwise_affine=True)
    (2): LayerNorm((256,), eps=1e-05, elementwise_affine=True)
  )
  (bns): ModuleList(
    (0): BatchNorm1d(256, eps=1e-05, momentum=0.1, affine=True, track_running_stats=True)
    (1): BatchNorm1d(256, eps=1e-05, momentum=0.1, affine=True, track_running_stats=True)
    (2): BatchNorm1d(256, eps=1e-05, momentum=0.1, affine=True, track_running_stats=True)
  )
  (lin_in): Linear(in_features=300, out_features=256, bias=True)
  (pred_local): Linear(in_features=256, out_features=10, bias=True)
)
Pre-training MLP for 500 epochs to generate co-occurrence matrix...
MLP pre-training complete. Penalty matrix frozen.
Epoch: 00, Loss: 2.5144, Train: 35.00%, Valid: 33.90%, Test: 33.56%, Best Valid: 33.90%, Best Test: 33.56%
Epoch: 100, Loss: 0.1877, Train: 95.69%, Valid: 79.81%, Test: 79.17%, Best Valid: 81.65%, Best Test: 80.43%
Epoch: 200, Loss: 0.0785, Train: 98.28%, Valid: 78.76%, Test: 79.36%, Best Valid: 81.65%, Best Test: 80.43%
Epoch: 300, Loss: 0.0898, Train: 99.31%, Valid: 78.29%, Test: 78.66%, Best Valid: 81.65%, Best Test: 80.43%
Epoch: 400, Loss: 0.0338, Train: 99.31%, Valid: 78.25%, Test: 78.78%, Best Valid: 81.65%, Best Test: 80.43%
Epoch: 500, Loss: 0.0331, Train: 99.48%, Valid: 77.44%, Test: 77.56%, Best Valid: 81.65%, Best Test: 80.43%
Epoch: 600, Loss: 0.0295, Train: 99.66%, Valid: 77.55%, Test: 77.95%, Best Valid: 81.65%, Best Test: 80.43%
Epoch: 700, Loss: 0.0223, Train: 99.83%, Valid: 78.46%, Test: 78.79%, Best Valid: 81.65%, Best Test: 80.43%
Epoch: 800, Loss: 0.0093, Train: 99.66%, Valid: 77.93%, Test: 78.36%, Best Valid: 81.65%, Best Test: 80.43%
Epoch: 900, Loss: 0.0185, Train: 99.66%, Valid: 77.99%, Test: 78.33%, Best Valid: 81.65%, Best Test: 80.43%
Run 01:
Highest Train: 100.00
Highest Valid: 81.65
Highest Test: 80.64
Chosen epoch: 61
Final Train: 91.03
Final Test: 80.43
Pre-training MLP for 500 epochs to generate co-occurrence matrix...
MLP pre-training complete. Penalty matrix frozen.
Epoch: 00, Loss: 2.5990, Train: 24.83%, Valid: 24.82%, Test: 25.50%, Best Valid: 24.82%, Best Test: 25.50%
Epoch: 100, Loss: 0.2866, Train: 93.62%, Valid: 79.88%, Test: 78.71%, Best Valid: 81.02%, Best Test: 79.37%
Epoch: 200, Loss: 0.1407, Train: 97.76%, Valid: 78.76%, Test: 77.54%, Best Valid: 81.02%, Best Test: 79.37%
Epoch: 300, Loss: 0.0995, Train: 98.45%, Valid: 78.14%, Test: 77.27%, Best Valid: 81.02%, Best Test: 79.37%
Epoch: 400, Loss: 0.0840, Train: 98.62%, Valid: 77.57%, Test: 76.84%, Best Valid: 81.02%, Best Test: 79.37%
Epoch: 500, Loss: 0.0397, Train: 99.31%, Valid: 77.38%, Test: 76.84%, Best Valid: 81.02%, Best Test: 79.37%
Epoch: 600, Loss: 0.0342, Train: 99.66%, Valid: 77.51%, Test: 76.88%, Best Valid: 81.02%, Best Test: 79.37%
Epoch: 700, Loss: 0.0607, Train: 99.31%, Valid: 77.38%, Test: 76.93%, Best Valid: 81.02%, Best Test: 79.37%
Epoch: 800, Loss: 0.0197, Train: 99.48%, Valid: 77.34%, Test: 76.72%, Best Valid: 81.02%, Best Test: 79.37%
Epoch: 900, Loss: 0.0205, Train: 99.66%, Valid: 77.08%, Test: 76.52%, Best Valid: 81.02%, Best Test: 79.37%
Run 02:
Highest Train: 100.00
Highest Valid: 81.02
Highest Test: 79.68
Chosen epoch: 66
Final Train: 90.52
Final Test: 79.37
Pre-training MLP for 500 epochs to generate co-occurrence matrix...
MLP pre-training complete. Penalty matrix frozen.
Epoch: 00, Loss: 2.6721, Train: 26.55%, Valid: 25.50%, Test: 25.64%, Best Valid: 25.50%, Best Test: 25.64%
Epoch: 100, Loss: 0.2112, Train: 96.03%, Valid: 81.61%, Test: 80.19%, Best Valid: 81.70%, Best Test: 80.47%
Epoch: 200, Loss: 0.0846, Train: 98.79%, Valid: 80.30%, Test: 79.17%, Best Valid: 82.01%, Best Test: 80.69%
Epoch: 300, Loss: 0.0695, Train: 98.97%, Valid: 79.71%, Test: 78.67%, Best Valid: 82.01%, Best Test: 80.69%
Epoch: 400, Loss: 0.0325, Train: 98.97%, Valid: 79.50%, Test: 78.91%, Best Valid: 82.01%, Best Test: 80.69%
Epoch: 500, Loss: 0.0347, Train: 99.48%, Valid: 79.69%, Test: 78.59%, Best Valid: 82.01%, Best Test: 80.69%
Epoch: 600, Loss: 0.0239, Train: 99.48%, Valid: 79.86%, Test: 78.67%, Best Valid: 82.01%, Best Test: 80.69%
Epoch: 700, Loss: 0.0294, Train: 99.31%, Valid: 80.38%, Test: 79.19%, Best Valid: 82.01%, Best Test: 80.69%
Epoch: 800, Loss: 0.0162, Train: 99.66%, Valid: 79.92%, Test: 78.57%, Best Valid: 82.01%, Best Test: 80.69%
Epoch: 900, Loss: 0.0231, Train: 99.66%, Valid: 79.56%, Test: 78.30%, Best Valid: 82.01%, Best Test: 80.69%
Run 03:
Highest Train: 99.83
Highest Valid: 82.01
Highest Test: 80.81
Chosen epoch: 112
Final Train: 96.21
Final Test: 80.69
Pre-training MLP for 500 epochs to generate co-occurrence matrix...
MLP pre-training complete. Penalty matrix frozen.
Epoch: 00, Loss: 2.5275, Train: 30.86%, Valid: 31.72%, Test: 31.50%, Best Valid: 31.72%, Best Test: 31.50%
Epoch: 100, Loss: 0.2792, Train: 92.76%, Valid: 79.62%, Test: 79.15%, Best Valid: 80.32%, Best Test: 79.39%
Epoch: 200, Loss: 0.1423, Train: 97.07%, Valid: 78.42%, Test: 77.77%, Best Valid: 80.32%, Best Test: 79.39%
Epoch: 300, Loss: 0.0865, Train: 98.10%, Valid: 77.57%, Test: 76.91%, Best Valid: 80.32%, Best Test: 79.39%
Epoch: 400, Loss: 0.0559, Train: 98.45%, Valid: 77.40%, Test: 76.72%, Best Valid: 80.32%, Best Test: 79.39%
Epoch: 500, Loss: 0.0632, Train: 98.79%, Valid: 77.04%, Test: 75.97%, Best Valid: 80.32%, Best Test: 79.39%
Epoch: 600, Loss: 0.0589, Train: 98.97%, Valid: 75.07%, Test: 74.64%, Best Valid: 80.32%, Best Test: 79.39%
Epoch: 700, Loss: 0.0334, Train: 99.66%, Valid: 75.98%, Test: 75.56%, Best Valid: 80.32%, Best Test: 79.39%
Epoch: 800, Loss: 0.0220, Train: 99.31%, Valid: 76.28%, Test: 75.47%, Best Valid: 80.32%, Best Test: 79.39%
Epoch: 900, Loss: 0.0399, Train: 99.48%, Valid: 75.52%, Test: 75.25%, Best Valid: 80.32%, Best Test: 79.39%
Run 04:
Highest Train: 99.83
Highest Valid: 80.32
Highest Test: 79.51
Chosen epoch: 63
Final Train: 90.17
Final Test: 79.39
Pre-training MLP for 500 epochs to generate co-occurrence matrix...
MLP pre-training complete. Penalty matrix frozen.
Epoch: 00, Loss: 2.6363, Train: 26.38%, Valid: 26.09%, Test: 26.01%, Best Valid: 26.09%, Best Test: 26.01%
Epoch: 100, Loss: 0.2402, Train: 95.86%, Valid: 79.81%, Test: 79.82%, Best Valid: 80.64%, Best Test: 80.16%
Epoch: 200, Loss: 0.1214, Train: 98.10%, Valid: 77.65%, Test: 77.36%, Best Valid: 80.64%, Best Test: 80.16%
Epoch: 300, Loss: 0.0690, Train: 98.45%, Valid: 77.83%, Test: 77.51%, Best Valid: 80.64%, Best Test: 80.16%
Epoch: 400, Loss: 0.0400, Train: 98.79%, Valid: 76.70%, Test: 77.29%, Best Valid: 80.64%, Best Test: 80.16%
Epoch: 500, Loss: 0.0292, Train: 99.31%, Valid: 77.61%, Test: 77.41%, Best Valid: 80.64%, Best Test: 80.16%
Epoch: 600, Loss: 0.0300, Train: 99.14%, Valid: 77.30%, Test: 76.96%, Best Valid: 80.64%, Best Test: 80.16%
Epoch: 700, Loss: 0.0275, Train: 99.66%, Valid: 77.28%, Test: 77.10%, Best Valid: 80.64%, Best Test: 80.16%
Epoch: 800, Loss: 0.0247, Train: 99.83%, Valid: 77.46%, Test: 76.96%, Best Valid: 80.64%, Best Test: 80.16%
Epoch: 900, Loss: 0.0191, Train: 99.66%, Valid: 77.00%, Test: 76.76%, Best Valid: 80.64%, Best Test: 80.16%
Run 05:
Highest Train: 100.00
Highest Valid: 80.64
Highest Test: 80.16
Chosen epoch: 74
Final Train: 92.59
Final Test: 80.16
Pre-training MLP for 500 epochs to generate co-occurrence matrix...
MLP pre-training complete. Penalty matrix frozen.
Epoch: 00, Loss: 2.6266, Train: 31.03%, Valid: 30.79%, Test: 32.12%, Best Valid: 30.79%, Best Test: 32.12%
Epoch: 100, Loss: 0.2385, Train: 95.86%, Valid: 80.39%, Test: 79.61%, Best Valid: 80.70%, Best Test: 79.46%
Epoch: 200, Loss: 0.1093, Train: 98.45%, Valid: 79.20%, Test: 78.76%, Best Valid: 80.75%, Best Test: 78.76%
Epoch: 300, Loss: 0.0537, Train: 99.31%, Valid: 79.22%, Test: 78.11%, Best Valid: 80.75%, Best Test: 78.76%
Epoch: 400, Loss: 0.0452, Train: 98.97%, Valid: 78.97%, Test: 77.80%, Best Valid: 80.75%, Best Test: 78.76%
Epoch: 500, Loss: 0.0205, Train: 98.97%, Valid: 77.25%, Test: 76.65%, Best Valid: 80.75%, Best Test: 78.76%
Epoch: 600, Loss: 0.0235, Train: 99.83%, Valid: 77.85%, Test: 76.35%, Best Valid: 80.75%, Best Test: 78.76%
Epoch: 700, Loss: 0.0215, Train: 99.83%, Valid: 77.70%, Test: 77.12%, Best Valid: 80.75%, Best Test: 78.76%
Epoch: 800, Loss: 0.0121, Train: 99.48%, Valid: 77.55%, Test: 76.64%, Best Valid: 80.75%, Best Test: 78.76%
Epoch: 900, Loss: 0.0278, Train: 99.83%, Valid: 77.89%, Test: 76.93%, Best Valid: 80.75%, Best Test: 78.76%
Run 06:
Highest Train: 100.00
Highest Valid: 80.75
Highest Test: 79.80
Chosen epoch: 115
Final Train: 96.72
Final Test: 78.76
Pre-training MLP for 500 epochs to generate co-occurrence matrix...
MLP pre-training complete. Penalty matrix frozen.
Epoch: 00, Loss: 2.7341, Train: 16.72%, Valid: 16.55%, Test: 16.50%, Best Valid: 16.55%, Best Test: 16.50%
Epoch: 100, Loss: 0.2352, Train: 95.34%, Valid: 77.99%, Test: 77.77%, Best Valid: 80.17%, Best Test: 79.13%
Epoch: 200, Loss: 0.1167, Train: 98.45%, Valid: 78.10%, Test: 77.49%, Best Valid: 80.17%, Best Test: 79.13%
Epoch: 300, Loss: 0.0877, Train: 95.86%, Valid: 78.54%, Test: 77.13%, Best Valid: 80.17%, Best Test: 79.13%
Epoch: 400, Loss: 0.0518, Train: 99.14%, Valid: 77.78%, Test: 76.55%, Best Valid: 80.17%, Best Test: 79.13%
Epoch: 500, Loss: 0.0300, Train: 99.31%, Valid: 76.79%, Test: 75.92%, Best Valid: 80.17%, Best Test: 79.13%
Epoch: 600, Loss: 0.0275, Train: 99.66%, Valid: 76.96%, Test: 76.09%, Best Valid: 80.17%, Best Test: 79.13%
Epoch: 700, Loss: 0.0273, Train: 99.14%, Valid: 76.96%, Test: 76.38%, Best Valid: 80.17%, Best Test: 79.13%
Epoch: 800, Loss: 0.0181, Train: 99.66%, Valid: 76.53%, Test: 76.00%, Best Valid: 80.17%, Best Test: 79.13%
Epoch: 900, Loss: 0.0125, Train: 100.00%, Valid: 76.91%, Test: 76.26%, Best Valid: 80.17%, Best Test: 79.13%
Run 07:
Highest Train: 100.00
Highest Valid: 80.17
Highest Test: 79.29
Chosen epoch: 69
Final Train: 90.69
Final Test: 79.13
Pre-training MLP for 500 epochs to generate co-occurrence matrix...
MLP pre-training complete. Penalty matrix frozen.
Epoch: 00, Loss: 2.7058, Train: 22.93%, Valid: 23.64%, Test: 23.43%, Best Valid: 23.64%, Best Test: 23.43%
Epoch: 100, Loss: 0.3416, Train: 92.41%, Valid: 80.02%, Test: 78.84%, Best Valid: 80.55%, Best Test: 79.24%
Epoch: 200, Loss: 0.1381, Train: 96.90%, Valid: 79.50%, Test: 78.14%, Best Valid: 80.55%, Best Test: 79.24%
Epoch: 300, Loss: 0.0663, Train: 98.79%, Valid: 79.20%, Test: 78.45%, Best Valid: 80.55%, Best Test: 79.24%
Epoch: 400, Loss: 0.0759, Train: 98.97%, Valid: 78.38%, Test: 77.22%, Best Valid: 80.55%, Best Test: 79.24%
Epoch: 500, Loss: 0.0678, Train: 98.79%, Valid: 78.80%, Test: 78.09%, Best Valid: 80.55%, Best Test: 79.24%
Epoch: 600, Loss: 0.0326, Train: 99.48%, Valid: 78.90%, Test: 77.89%, Best Valid: 80.55%, Best Test: 79.24%
Epoch: 700, Loss: 0.0282, Train: 99.83%, Valid: 77.57%, Test: 76.18%, Best Valid: 80.55%, Best Test: 79.24%
Epoch: 800, Loss: 0.0321, Train: 99.83%, Valid: 78.04%, Test: 76.88%, Best Valid: 80.55%, Best Test: 79.24%
Epoch: 900, Loss: 0.0118, Train: 99.66%, Valid: 77.30%, Test: 75.82%, Best Valid: 80.55%, Best Test: 79.24%
Run 08:
Highest Train: 100.00
Highest Valid: 80.55
Highest Test: 79.24
Chosen epoch: 75
Final Train: 89.48
Final Test: 79.24
Pre-training MLP for 500 epochs to generate co-occurrence matrix...
MLP pre-training complete. Penalty matrix frozen.
Epoch: 00, Loss: 2.6442, Train: 36.03%, Valid: 32.95%, Test: 33.78%, Best Valid: 32.95%, Best Test: 33.78%
Epoch: 100, Loss: 0.1349, Train: 97.41%, Valid: 80.26%, Test: 80.06%, Best Valid: 81.02%, Best Test: 79.99%
Epoch: 200, Loss: 0.0542, Train: 99.31%, Valid: 79.20%, Test: 79.25%, Best Valid: 81.02%, Best Test: 79.99%
Epoch: 300, Loss: 0.0248, Train: 99.66%, Valid: 78.46%, Test: 78.28%, Best Valid: 81.02%, Best Test: 79.99%
Epoch: 400, Loss: 0.0182, Train: 99.83%, Valid: 78.29%, Test: 78.07%, Best Valid: 81.02%, Best Test: 79.99%
Epoch: 500, Loss: 0.0122, Train: 99.66%, Valid: 77.89%, Test: 78.06%, Best Valid: 81.02%, Best Test: 79.99%
Epoch: 600, Loss: 0.0082, Train: 100.00%, Valid: 78.02%, Test: 78.04%, Best Valid: 81.02%, Best Test: 79.99%
Epoch: 700, Loss: 0.0041, Train: 99.83%, Valid: 78.25%, Test: 78.07%, Best Valid: 81.02%, Best Test: 79.99%
Epoch: 800, Loss: 0.0316, Train: 99.48%, Valid: 77.13%, Test: 77.46%, Best Valid: 81.02%, Best Test: 79.99%
Epoch: 900, Loss: 0.0065, Train: 100.00%, Valid: 77.95%, Test: 77.66%, Best Valid: 81.02%, Best Test: 79.99%
Run 09:
Highest Train: 100.00
Highest Valid: 81.02
Highest Test: 80.42
Chosen epoch: 85
Final Train: 96.03
Final Test: 79.99
Pre-training MLP for 500 epochs to generate co-occurrence matrix...
MLP pre-training complete. Penalty matrix frozen.
Epoch: 00, Loss: 2.5824, Train: 22.93%, Valid: 22.96%, Test: 22.87%, Best Valid: 22.96%, Best Test: 22.87%
Epoch: 100, Loss: 0.2577, Train: 93.97%, Valid: 79.62%, Test: 78.42%, Best Valid: 80.47%, Best Test: 79.37%
Epoch: 200, Loss: 0.0927, Train: 98.97%, Valid: 78.42%, Test: 76.76%, Best Valid: 80.47%, Best Test: 79.37%
Epoch: 300, Loss: 0.0503, Train: 99.14%, Valid: 78.33%, Test: 76.21%, Best Valid: 80.47%, Best Test: 79.37%
Epoch: 400, Loss: 0.0618, Train: 98.62%, Valid: 77.76%, Test: 76.11%, Best Valid: 80.47%, Best Test: 79.37%
Epoch: 500, Loss: 0.0346, Train: 99.83%, Valid: 77.91%, Test: 76.45%, Best Valid: 80.47%, Best Test: 79.37%
Epoch: 600, Loss: 0.0193, Train: 99.83%, Valid: 77.36%, Test: 75.71%, Best Valid: 80.47%, Best Test: 79.37%
Epoch: 700, Loss: 0.0242, Train: 99.66%, Valid: 76.83%, Test: 75.39%, Best Valid: 80.47%, Best Test: 79.37%
Epoch: 800, Loss: 0.0109, Train: 99.83%, Valid: 77.32%, Test: 76.00%, Best Valid: 80.47%, Best Test: 79.37%
Epoch: 900, Loss: 0.0113, Train: 99.83%, Valid: 77.80%, Test: 76.09%, Best Valid: 80.47%, Best Test: 79.37%
Run 10:
Highest Train: 100.00
Highest Valid: 80.47
Highest Test: 79.55
Chosen epoch: 67
Final Train: 90.34
Final Test: 79.37
All runs:
Highest Train: 99.97 ± 0.07
Highest Test: 79.91 ± 0.56
Highest Valid: 80.86 ± 0.58
  Final Train: 92.38 ± 2.84
   Final Test: 79.65 ± 0.63
Saving results to results/unified/wikics/MPNN_gcn.csv
--- mlp_reg | transform=none | lambda=0.1 | mlp_epochs=500 ---
Namespace(bn=False, cpu=False, data_dir='./data/', dataset='wikics', device=0, display_step=100, dropout=0.5, epochs=1000, gnn='gcn', hidden_channels=256, jk=False, label_num_per_class=20, lambda_val=0.1, ln=True, local_layers=3, lr=0.001, metric='acc', mlp_epochs=500, mlp_reg=True, model='MPNN', model_dir='models', num_heads=1, oracle_reg=False, paired_seeds=True, penalty_transform='none', pre_linear=False, pre_ln=False, rand_split=False, rand_split_class=False, reg_start_epoch=10, reg_update_freq=5, res=False, result_dir='results/unified', runs=10, save_model=False, seed=42, test_num=1000, train_prop=0.5, use_reg=True, valid_num=500, valid_prop=0.25, weight_decay=0.0)
wikics
dataset wikics | num nodes 11701 | num edge 431726 | num node feats 300 | num classes 10
MODEL: MPNNs(
  (h_lins): ModuleList()
  (local_convs): ModuleList(
    (0): GCNConv(300, 256)
    (1): GCNConv(256, 256)
    (2): GCNConv(256, 256)
  )
  (lins): ModuleList(
    (0): Linear(in_features=300, out_features=256, bias=True)
    (1): Linear(in_features=256, out_features=256, bias=True)
    (2): Linear(in_features=256, out_features=256, bias=True)
  )
  (lns): ModuleList(
    (0): LayerNorm((256,), eps=1e-05, elementwise_affine=True)
    (1): LayerNorm((256,), eps=1e-05, elementwise_affine=True)
    (2): LayerNorm((256,), eps=1e-05, elementwise_affine=True)
  )
  (bns): ModuleList(
    (0): BatchNorm1d(256, eps=1e-05, momentum=0.1, affine=True, track_running_stats=True)
    (1): BatchNorm1d(256, eps=1e-05, momentum=0.1, affine=True, track_running_stats=True)
    (2): BatchNorm1d(256, eps=1e-05, momentum=0.1, affine=True, track_running_stats=True)
  )
  (lin_in): Linear(in_features=300, out_features=256, bias=True)
  (pred_local): Linear(in_features=256, out_features=10, bias=True)
)
Pre-training MLP for 500 epochs to generate co-occurrence matrix...
MLP pre-training complete. Penalty matrix frozen.
Epoch: 00, Loss: 2.6341, Train: 33.10%, Valid: 31.65%, Test: 31.14%, Best Valid: 31.65%, Best Test: 31.14%
Epoch: 100, Loss: 0.1990, Train: 95.52%, Valid: 79.77%, Test: 79.34%, Best Valid: 81.65%, Best Test: 80.33%
Epoch: 200, Loss: 0.0839, Train: 98.62%, Valid: 78.93%, Test: 79.22%, Best Valid: 81.65%, Best Test: 80.33%
Epoch: 300, Loss: 0.0882, Train: 99.14%, Valid: 78.99%, Test: 79.37%, Best Valid: 81.65%, Best Test: 80.33%
Epoch: 400, Loss: 0.0497, Train: 99.48%, Valid: 78.12%, Test: 78.69%, Best Valid: 81.65%, Best Test: 80.33%
Epoch: 500, Loss: 0.0275, Train: 99.66%, Valid: 77.23%, Test: 77.46%, Best Valid: 81.65%, Best Test: 80.33%
Epoch: 600, Loss: 0.0298, Train: 99.83%, Valid: 77.65%, Test: 78.13%, Best Valid: 81.65%, Best Test: 80.33%
Epoch: 700, Loss: 0.0238, Train: 99.83%, Valid: 77.91%, Test: 78.36%, Best Valid: 81.65%, Best Test: 80.33%
Epoch: 800, Loss: 0.0095, Train: 99.83%, Valid: 77.78%, Test: 78.38%, Best Valid: 81.65%, Best Test: 80.33%
Epoch: 900, Loss: 0.0211, Train: 99.83%, Valid: 78.23%, Test: 78.83%, Best Valid: 81.65%, Best Test: 80.33%
Run 01:
Highest Train: 100.00
Highest Valid: 81.65
Highest Test: 80.55
Chosen epoch: 61
Final Train: 91.72
Final Test: 80.33
Pre-training MLP for 500 epochs to generate co-occurrence matrix...
MLP pre-training complete. Penalty matrix frozen.
Epoch: 00, Loss: 2.7227, Train: 25.69%, Valid: 25.67%, Test: 26.25%, Best Valid: 25.67%, Best Test: 26.25%
Epoch: 100, Loss: 0.3055, Train: 93.28%, Valid: 80.36%, Test: 78.64%, Best Valid: 80.98%, Best Test: 79.25%
Epoch: 200, Loss: 0.1723, Train: 97.76%, Valid: 78.88%, Test: 77.77%, Best Valid: 80.98%, Best Test: 79.25%
Epoch: 300, Loss: 0.0772, Train: 98.79%, Valid: 77.59%, Test: 77.08%, Best Valid: 80.98%, Best Test: 79.25%
Epoch: 400, Loss: 0.0735, Train: 98.45%, Valid: 77.44%, Test: 76.59%, Best Valid: 80.98%, Best Test: 79.25%
Epoch: 500, Loss: 0.0400, Train: 99.31%, Valid: 77.46%, Test: 76.45%, Best Valid: 80.98%, Best Test: 79.25%
Epoch: 600, Loss: 0.0311, Train: 99.48%, Valid: 77.49%, Test: 76.77%, Best Valid: 80.98%, Best Test: 79.25%
Epoch: 700, Loss: 0.0226, Train: 99.66%, Valid: 77.28%, Test: 76.74%, Best Valid: 80.98%, Best Test: 79.25%
Epoch: 800, Loss: 0.0241, Train: 99.14%, Valid: 77.47%, Test: 76.57%, Best Valid: 80.98%, Best Test: 79.25%
Epoch: 900, Loss: 0.0216, Train: 99.66%, Valid: 77.51%, Test: 76.76%, Best Valid: 80.98%, Best Test: 79.25%
Run 02:
Highest Train: 100.00
Highest Valid: 80.98
Highest Test: 79.61
Chosen epoch: 81
Final Train: 92.24
Final Test: 79.25
Pre-training MLP for 500 epochs to generate co-occurrence matrix...
MLP pre-training complete. Penalty matrix frozen.
Epoch: 00, Loss: 2.7993, Train: 27.41%, Valid: 26.17%, Test: 26.58%, Best Valid: 26.17%, Best Test: 26.58%
Epoch: 100, Loss: 0.2282, Train: 95.52%, Valid: 81.68%, Test: 80.40%, Best Valid: 81.82%, Best Test: 80.88%
Epoch: 200, Loss: 0.0856, Train: 98.62%, Valid: 80.89%, Test: 79.78%, Best Valid: 82.10%, Best Test: 80.61%
Epoch: 300, Loss: 0.0586, Train: 98.97%, Valid: 79.60%, Test: 78.98%, Best Valid: 82.10%, Best Test: 80.61%
Epoch: 400, Loss: 0.0423, Train: 99.31%, Valid: 79.73%, Test: 78.62%, Best Valid: 82.10%, Best Test: 80.61%
Epoch: 500, Loss: 0.0522, Train: 99.31%, Valid: 80.02%, Test: 78.98%, Best Valid: 82.10%, Best Test: 80.61%
Epoch: 600, Loss: 0.0203, Train: 99.31%, Valid: 79.64%, Test: 78.78%, Best Valid: 82.10%, Best Test: 80.61%
Epoch: 700, Loss: 0.0307, Train: 99.31%, Valid: 79.79%, Test: 78.69%, Best Valid: 82.10%, Best Test: 80.61%
Epoch: 800, Loss: 0.0147, Train: 99.66%, Valid: 79.71%, Test: 78.72%, Best Valid: 82.10%, Best Test: 80.61%
Epoch: 900, Loss: 0.0251, Train: 99.48%, Valid: 79.26%, Test: 78.50%, Best Valid: 82.10%, Best Test: 80.61%
Run 03:
Highest Train: 99.83
Highest Valid: 82.10
Highest Test: 80.88
Chosen epoch: 158
Final Train: 97.76
Final Test: 80.61
Pre-training MLP for 500 epochs to generate co-occurrence matrix...
MLP pre-training complete. Penalty matrix frozen.
Epoch: 00, Loss: 2.6478, Train: 30.52%, Valid: 31.17%, Test: 30.94%, Best Valid: 31.17%, Best Test: 30.94%
Epoch: 100, Loss: 0.2897, Train: 93.62%, Valid: 79.88%, Test: 79.17%, Best Valid: 80.30%, Best Test: 79.17%
Epoch: 200, Loss: 0.1725, Train: 96.72%, Valid: 78.80%, Test: 78.14%, Best Valid: 80.30%, Best Test: 79.17%
Epoch: 300, Loss: 0.0864, Train: 97.93%, Valid: 77.36%, Test: 76.81%, Best Valid: 80.30%, Best Test: 79.17%
Epoch: 400, Loss: 0.0541, Train: 98.79%, Valid: 76.75%, Test: 76.55%, Best Valid: 80.30%, Best Test: 79.17%
Epoch: 500, Loss: 0.0959, Train: 97.24%, Valid: 77.25%, Test: 76.16%, Best Valid: 80.30%, Best Test: 79.17%
Epoch: 600, Loss: 0.0451, Train: 98.62%, Valid: 76.47%, Test: 75.66%, Best Valid: 80.30%, Best Test: 79.17%
Epoch: 700, Loss: 0.0449, Train: 99.48%, Valid: 75.73%, Test: 75.44%, Best Valid: 80.30%, Best Test: 79.17%
Epoch: 800, Loss: 0.0339, Train: 99.31%, Valid: 76.47%, Test: 75.39%, Best Valid: 80.30%, Best Test: 79.17%
Epoch: 900, Loss: 0.0369, Train: 98.97%, Valid: 76.94%, Test: 75.99%, Best Valid: 80.30%, Best Test: 79.17%
Run 04:
Highest Train: 99.83
Highest Valid: 80.30
Highest Test: 79.68
Chosen epoch: 66
Final Train: 89.48
Final Test: 79.17
Pre-training MLP for 500 epochs to generate co-occurrence matrix...
MLP pre-training complete. Penalty matrix frozen.
Epoch: 00, Loss: 2.7619, Train: 26.03%, Valid: 26.13%, Test: 26.08%, Best Valid: 26.13%, Best Test: 26.08%
Epoch: 100, Loss: 0.2494, Train: 95.52%, Valid: 80.13%, Test: 79.90%, Best Valid: 80.58%, Best Test: 80.02%
Epoch: 200, Loss: 0.1255, Train: 97.41%, Valid: 78.48%, Test: 77.72%, Best Valid: 80.58%, Best Test: 80.02%
Epoch: 300, Loss: 0.0820, Train: 98.62%, Valid: 77.40%, Test: 77.17%, Best Valid: 80.58%, Best Test: 80.02%
Epoch: 400, Loss: 0.0454, Train: 98.97%, Valid: 77.30%, Test: 77.41%, Best Valid: 80.58%, Best Test: 80.02%
Epoch: 500, Loss: 0.0360, Train: 99.14%, Valid: 78.04%, Test: 77.77%, Best Valid: 80.58%, Best Test: 80.02%
Epoch: 600, Loss: 0.0314, Train: 99.48%, Valid: 77.47%, Test: 77.32%, Best Valid: 80.58%, Best Test: 80.02%
Epoch: 700, Loss: 0.0452, Train: 99.66%, Valid: 76.94%, Test: 76.45%, Best Valid: 80.58%, Best Test: 80.02%
Epoch: 800, Loss: 0.0268, Train: 99.48%, Valid: 77.30%, Test: 76.76%, Best Valid: 80.58%, Best Test: 80.02%
Epoch: 900, Loss: 0.0195, Train: 99.31%, Valid: 76.26%, Test: 76.12%, Best Valid: 80.58%, Best Test: 80.02%
Run 05:
Highest Train: 100.00
Highest Valid: 80.58
Highest Test: 80.02
Chosen epoch: 74
Final Train: 92.76
Final Test: 80.02
Pre-training MLP for 500 epochs to generate co-occurrence matrix...
MLP pre-training complete. Penalty matrix frozen.
Epoch: 00, Loss: 2.7516, Train: 29.83%, Valid: 30.87%, Test: 31.79%, Best Valid: 30.87%, Best Test: 31.79%
Epoch: 100, Loss: 0.2475, Train: 95.52%, Valid: 80.58%, Test: 79.78%, Best Valid: 81.04%, Best Test: 79.80%
Epoch: 200, Loss: 0.0864, Train: 98.28%, Valid: 77.82%, Test: 77.65%, Best Valid: 81.04%, Best Test: 79.80%
Epoch: 300, Loss: 0.0521, Train: 99.31%, Valid: 79.31%, Test: 78.04%, Best Valid: 81.04%, Best Test: 79.80%
Epoch: 400, Loss: 0.0326, Train: 99.31%, Valid: 79.20%, Test: 78.01%, Best Valid: 81.04%, Best Test: 79.80%
Epoch: 500, Loss: 0.0253, Train: 99.66%, Valid: 78.02%, Test: 77.17%, Best Valid: 81.04%, Best Test: 79.80%
Epoch: 600, Loss: 0.0294, Train: 98.97%, Valid: 78.63%, Test: 77.00%, Best Valid: 81.04%, Best Test: 79.80%
Epoch: 700, Loss: 0.0189, Train: 99.83%, Valid: 78.27%, Test: 77.07%, Best Valid: 81.04%, Best Test: 79.80%
Epoch: 800, Loss: 0.0142, Train: 100.00%, Valid: 77.83%, Test: 76.86%, Best Valid: 81.04%, Best Test: 79.80%
Epoch: 900, Loss: 0.0153, Train: 99.83%, Valid: 77.34%, Test: 76.43%, Best Valid: 81.04%, Best Test: 79.80%
Run 06:
Highest Train: 100.00
Highest Valid: 81.04
Highest Test: 79.80
Chosen epoch: 94
Final Train: 95.00
Final Test: 79.80
Pre-training MLP for 500 epochs to generate co-occurrence matrix...
MLP pre-training complete. Penalty matrix frozen.
Epoch: 00, Loss: 2.8643, Train: 16.72%, Valid: 16.53%, Test: 16.50%, Best Valid: 16.53%, Best Test: 16.50%
Epoch: 100, Loss: 0.2610, Train: 95.34%, Valid: 79.05%, Test: 78.55%, Best Valid: 80.30%, Best Test: 79.05%
Epoch: 200, Loss: 0.1335, Train: 98.10%, Valid: 78.56%, Test: 78.16%, Best Valid: 80.30%, Best Test: 79.05%
Epoch: 300, Loss: 0.0683, Train: 98.62%, Valid: 78.25%, Test: 77.15%, Best Valid: 80.30%, Best Test: 79.05%
Epoch: 400, Loss: 0.0648, Train: 98.97%, Valid: 77.70%, Test: 76.45%, Best Valid: 80.30%, Best Test: 79.05%
Epoch: 500, Loss: 0.0367, Train: 99.31%, Valid: 77.06%, Test: 76.36%, Best Valid: 80.30%, Best Test: 79.05%
Epoch: 600, Loss: 0.0315, Train: 99.31%, Valid: 76.36%, Test: 75.77%, Best Valid: 80.30%, Best Test: 79.05%
Epoch: 700, Loss: 0.0272, Train: 99.66%, Valid: 78.04%, Test: 76.71%, Best Valid: 80.30%, Best Test: 79.05%
Epoch: 800, Loss: 0.0273, Train: 99.48%, Valid: 76.70%, Test: 76.16%, Best Valid: 80.30%, Best Test: 79.05%
Epoch: 900, Loss: 0.0214, Train: 99.66%, Valid: 76.37%, Test: 75.70%, Best Valid: 80.30%, Best Test: 79.05%
Run 07:
Highest Train: 100.00
Highest Valid: 80.30
Highest Test: 79.36
Chosen epoch: 88
Final Train: 94.14
Final Test: 79.05
Pre-training MLP for 500 epochs to generate co-occurrence matrix...
MLP pre-training complete. Penalty matrix frozen.
Epoch: 00, Loss: 2.8347, Train: 24.31%, Valid: 25.16%, Test: 25.07%, Best Valid: 25.16%, Best Test: 25.07%
Epoch: 100, Loss: 0.3498, Train: 92.07%, Valid: 79.64%, Test: 79.01%, Best Valid: 80.49%, Best Test: 79.01%
Epoch: 200, Loss: 0.1451, Train: 97.76%, Valid: 78.92%, Test: 77.99%, Best Valid: 80.49%, Best Test: 79.01%
Epoch: 300, Loss: 0.0856, Train: 98.97%, Valid: 78.59%, Test: 78.09%, Best Valid: 80.49%, Best Test: 79.01%
Epoch: 400, Loss: 0.0665, Train: 98.97%, Valid: 77.87%, Test: 76.67%, Best Valid: 80.49%, Best Test: 79.01%
Epoch: 500, Loss: 0.0851, Train: 97.59%, Valid: 78.12%, Test: 77.07%, Best Valid: 80.49%, Best Test: 79.01%
Epoch: 600, Loss: 0.0293, Train: 99.48%, Valid: 77.51%, Test: 76.59%, Best Valid: 80.49%, Best Test: 79.01%
Epoch: 700, Loss: 0.0342, Train: 99.31%, Valid: 77.70%, Test: 76.38%, Best Valid: 80.49%, Best Test: 79.01%
Epoch: 800, Loss: 0.0203, Train: 99.83%, Valid: 77.72%, Test: 76.59%, Best Valid: 80.49%, Best Test: 79.01%
Epoch: 900, Loss: 0.0191, Train: 99.83%, Valid: 78.19%, Test: 76.60%, Best Valid: 80.49%, Best Test: 79.01%
Run 08:
Highest Train: 100.00
Highest Valid: 80.49
Highest Test: 79.31
Chosen epoch: 74
Final Train: 89.14
Final Test: 79.01
Pre-training MLP for 500 epochs to generate co-occurrence matrix...
MLP pre-training complete. Penalty matrix frozen.
Epoch: 00, Loss: 2.7701, Train: 33.45%, Valid: 31.17%, Test: 32.24%, Best Valid: 31.17%, Best Test: 32.24%
Epoch: 100, Loss: 0.1528, Train: 97.41%, Valid: 80.09%, Test: 79.78%, Best Valid: 81.17%, Best Test: 80.28%
Epoch: 200, Loss: 0.0597, Train: 98.97%, Valid: 78.93%, Test: 79.22%, Best Valid: 81.17%, Best Test: 80.28%
Epoch: 300, Loss: 0.0230, Train: 99.83%, Valid: 78.14%, Test: 78.31%, Best Valid: 81.17%, Best Test: 80.28%
Epoch: 400, Loss: 0.0272, Train: 99.83%, Valid: 77.91%, Test: 77.82%, Best Valid: 81.17%, Best Test: 80.28%
Epoch: 500, Loss: 0.0167, Train: 99.48%, Valid: 78.74%, Test: 78.67%, Best Valid: 81.17%, Best Test: 80.28%
Epoch: 600, Loss: 0.0069, Train: 100.00%, Valid: 78.08%, Test: 77.77%, Best Valid: 81.17%, Best Test: 80.28%
Epoch: 700, Loss: 0.0114, Train: 99.66%, Valid: 78.01%, Test: 78.30%, Best Valid: 81.17%, Best Test: 80.28%
Epoch: 800, Loss: 0.1436, Train: 99.66%, Valid: 77.11%, Test: 77.39%, Best Valid: 81.17%, Best Test: 80.28%
Epoch: 900, Loss: 0.0065, Train: 100.00%, Valid: 77.87%, Test: 78.25%, Best Valid: 81.17%, Best Test: 80.28%
Run 09:
Highest Train: 100.00
Highest Valid: 81.17
Highest Test: 80.37
Chosen epoch: 63
Final Train: 93.62
Final Test: 80.28
Pre-training MLP for 500 epochs to generate co-occurrence matrix...
MLP pre-training complete. Penalty matrix frozen.
Epoch: 00, Loss: 2.7053, Train: 22.93%, Valid: 22.98%, Test: 22.87%, Best Valid: 22.98%, Best Test: 22.87%
Epoch: 100, Loss: 0.2638, Train: 94.48%, Valid: 79.83%, Test: 78.55%, Best Valid: 80.64%, Best Test: 79.22%
Epoch: 200, Loss: 0.1026, Train: 98.79%, Valid: 78.23%, Test: 76.79%, Best Valid: 80.64%, Best Test: 79.22%
Epoch: 300, Loss: 0.0585, Train: 99.66%, Valid: 78.50%, Test: 76.42%, Best Valid: 80.64%, Best Test: 79.22%
Epoch: 400, Loss: 0.0769, Train: 98.79%, Valid: 78.16%, Test: 76.43%, Best Valid: 80.64%, Best Test: 79.22%
Epoch: 500, Loss: 0.0366, Train: 99.14%, Valid: 78.06%, Test: 76.50%, Best Valid: 80.64%, Best Test: 79.22%
Epoch: 600, Loss: 0.0249, Train: 99.66%, Valid: 77.44%, Test: 76.16%, Best Valid: 80.64%, Best Test: 79.22%
Epoch: 700, Loss: 0.0187, Train: 99.66%, Valid: 76.96%, Test: 75.63%, Best Valid: 80.64%, Best Test: 79.22%
Epoch: 800, Loss: 0.0138, Train: 99.83%, Valid: 77.30%, Test: 76.04%, Best Valid: 80.64%, Best Test: 79.22%
Epoch: 900, Loss: 0.0146, Train: 99.83%, Valid: 78.08%, Test: 76.38%, Best Valid: 80.64%, Best Test: 79.22%
Run 10:
Highest Train: 100.00
Highest Valid: 80.64
Highest Test: 79.61
Chosen epoch: 67
Final Train: 90.00
Final Test: 79.22
All runs:
Highest Train: 99.97 ± 0.07
Highest Test: 79.92 ± 0.53
Highest Valid: 80.93 ± 0.59
  Final Train: 92.59 ± 2.69
   Final Test: 79.68 ± 0.60
Saving results to results/unified/wikics/MPNN_gcn.csv
--- mlp_reg | transform=none | lambda=0.2 | mlp_epochs=500 ---
Namespace(bn=False, cpu=False, data_dir='./data/', dataset='wikics', device=0, display_step=100, dropout=0.5, epochs=1000, gnn='gcn', hidden_channels=256, jk=False, label_num_per_class=20, lambda_val=0.2, ln=True, local_layers=3, lr=0.001, metric='acc', mlp_epochs=500, mlp_reg=True, model='MPNN', model_dir='models', num_heads=1, oracle_reg=False, paired_seeds=True, penalty_transform='none', pre_linear=False, pre_ln=False, rand_split=False, rand_split_class=False, reg_start_epoch=10, reg_update_freq=5, res=False, result_dir='results/unified', runs=10, save_model=False, seed=42, test_num=1000, train_prop=0.5, use_reg=True, valid_num=500, valid_prop=0.25, weight_decay=0.0)
wikics
dataset wikics | num nodes 11701 | num edge 431726 | num node feats 300 | num classes 10
MODEL: MPNNs(
  (h_lins): ModuleList()
  (local_convs): ModuleList(
    (0): GCNConv(300, 256)
    (1): GCNConv(256, 256)
    (2): GCNConv(256, 256)
  )
  (lins): ModuleList(
    (0): Linear(in_features=300, out_features=256, bias=True)
    (1): Linear(in_features=256, out_features=256, bias=True)
    (2): Linear(in_features=256, out_features=256, bias=True)
  )
  (lns): ModuleList(
    (0): LayerNorm((256,), eps=1e-05, elementwise_affine=True)
    (1): LayerNorm((256,), eps=1e-05, elementwise_affine=True)
    (2): LayerNorm((256,), eps=1e-05, elementwise_affine=True)
  )
  (bns): ModuleList(
    (0): BatchNorm1d(256, eps=1e-05, momentum=0.1, affine=True, track_running_stats=True)
    (1): BatchNorm1d(256, eps=1e-05, momentum=0.1, affine=True, track_running_stats=True)
    (2): BatchNorm1d(256, eps=1e-05, momentum=0.1, affine=True, track_running_stats=True)
  )
  (lin_in): Linear(in_features=300, out_features=256, bias=True)
  (pred_local): Linear(in_features=256, out_features=10, bias=True)
)
Pre-training MLP for 500 epochs to generate co-occurrence matrix...
MLP pre-training complete. Penalty matrix frozen.
Epoch: 00, Loss: 2.8736, Train: 28.97%, Valid: 26.47%, Test: 26.51%, Best Valid: 26.47%, Best Test: 26.51%
Epoch: 100, Loss: 0.2241, Train: 95.69%, Valid: 81.08%, Test: 80.18%, Best Valid: 81.68%, Best Test: 80.40%
Epoch: 200, Loss: 0.1105, Train: 97.93%, Valid: 78.57%, Test: 79.07%, Best Valid: 81.68%, Best Test: 80.40%
Epoch: 300, Loss: 0.0909, Train: 98.79%, Valid: 78.63%, Test: 78.96%, Best Valid: 81.68%, Best Test: 80.40%
Epoch: 400, Loss: 0.0368, Train: 99.48%, Valid: 78.08%, Test: 78.36%, Best Valid: 81.68%, Best Test: 80.40%
Epoch: 500, Loss: 0.0417, Train: 99.66%, Valid: 77.76%, Test: 77.89%, Best Valid: 81.68%, Best Test: 80.40%
Epoch: 600, Loss: 0.0405, Train: 99.48%, Valid: 77.95%, Test: 78.50%, Best Valid: 81.68%, Best Test: 80.40%
Epoch: 700, Loss: 0.0282, Train: 99.83%, Valid: 77.97%, Test: 78.50%, Best Valid: 81.68%, Best Test: 80.40%
Epoch: 800, Loss: 0.0140, Train: 99.83%, Valid: 77.51%, Test: 77.80%, Best Valid: 81.68%, Best Test: 80.40%
Epoch: 900, Loss: 0.0124, Train: 99.83%, Valid: 78.10%, Test: 78.60%, Best Valid: 81.68%, Best Test: 80.40%
Run 01:
Highest Train: 100.00
Highest Valid: 81.68
Highest Test: 80.73
Chosen epoch: 60
Final Train: 90.52
Final Test: 80.40
Pre-training MLP for 500 epochs to generate co-occurrence matrix...
MLP pre-training complete. Penalty matrix frozen.
Epoch: 00, Loss: 2.9703, Train: 26.72%, Valid: 27.72%, Test: 27.57%, Best Valid: 27.72%, Best Test: 27.57%
Epoch: 100, Loss: 0.3256, Train: 93.45%, Valid: 79.92%, Test: 78.81%, Best Valid: 81.10%, Best Test: 79.44%
Epoch: 200, Loss: 0.1590, Train: 97.76%, Valid: 78.78%, Test: 77.51%, Best Valid: 81.10%, Best Test: 79.44%
Epoch: 300, Loss: 0.0733, Train: 98.28%, Valid: 77.59%, Test: 77.18%, Best Valid: 81.10%, Best Test: 79.44%
Epoch: 400, Loss: 0.0754, Train: 98.62%, Valid: 77.70%, Test: 76.28%, Best Valid: 81.10%, Best Test: 79.44%
Epoch: 500, Loss: 0.0530, Train: 99.14%, Valid: 77.63%, Test: 76.64%, Best Valid: 81.10%, Best Test: 79.44%
Epoch: 600, Loss: 0.0323, Train: 99.31%, Valid: 77.91%, Test: 76.89%, Best Valid: 81.10%, Best Test: 79.44%
Epoch: 700, Loss: 0.0329, Train: 99.48%, Valid: 78.14%, Test: 76.74%, Best Valid: 81.10%, Best Test: 79.44%
Epoch: 800, Loss: 0.0303, Train: 99.48%, Valid: 77.72%, Test: 77.07%, Best Valid: 81.10%, Best Test: 79.44%
Epoch: 900, Loss: 0.0347, Train: 99.66%, Valid: 78.19%, Test: 76.62%, Best Valid: 81.10%, Best Test: 79.44%
Run 02:
Highest Train: 100.00
Highest Valid: 81.10
Highest Test: 79.56
Chosen epoch: 75
Final Train: 91.72
Final Test: 79.44
Pre-training MLP for 500 epochs to generate co-occurrence matrix...
MLP pre-training complete. Penalty matrix frozen.
Epoch: 00, Loss: 3.0538, Train: 28.79%, Valid: 27.61%, Test: 28.19%, Best Valid: 27.61%, Best Test: 28.19%
Epoch: 100, Loss: 0.2521, Train: 95.69%, Valid: 81.57%, Test: 80.55%, Best Valid: 81.72%, Best Test: 80.74%
Epoch: 200, Loss: 0.1016, Train: 98.79%, Valid: 80.57%, Test: 79.70%, Best Valid: 82.03%, Best Test: 80.33%
Epoch: 300, Loss: 0.0717, Train: 99.14%, Valid: 80.13%, Test: 79.37%, Best Valid: 82.10%, Best Test: 80.19%
Epoch: 400, Loss: 0.0374, Train: 99.31%, Valid: 79.69%, Test: 79.01%, Best Valid: 82.10%, Best Test: 80.19%
Epoch: 500, Loss: 0.0402, Train: 99.48%, Valid: 80.02%, Test: 79.00%, Best Valid: 82.10%, Best Test: 80.19%
Epoch: 600, Loss: 0.0206, Train: 99.48%, Valid: 79.50%, Test: 78.43%, Best Valid: 82.10%, Best Test: 80.19%
Epoch: 700, Loss: 0.0399, Train: 99.31%, Valid: 79.58%, Test: 78.74%, Best Valid: 82.10%, Best Test: 80.19%
Epoch: 800, Loss: 0.0277, Train: 98.62%, Valid: 78.33%, Test: 77.53%, Best Valid: 82.10%, Best Test: 80.19%
Epoch: 900, Loss: 0.0249, Train: 99.66%, Valid: 79.79%, Test: 78.81%, Best Valid: 82.10%, Best Test: 80.19%
Run 03:
Highest Train: 100.00
Highest Valid: 82.10
Highest Test: 81.03
Chosen epoch: 226
Final Train: 98.10
Final Test: 80.19
Pre-training MLP for 500 epochs to generate co-occurrence matrix...
MLP pre-training complete. Penalty matrix frozen.
Epoch: 00, Loss: 2.8886, Train: 30.00%, Valid: 29.98%, Test: 29.88%, Best Valid: 29.98%, Best Test: 29.88%
Epoch: 100, Loss: 0.3199, Train: 92.93%, Valid: 79.84%, Test: 79.19%, Best Valid: 80.24%, Best Test: 79.63%
Epoch: 200, Loss: 0.1611, Train: 96.90%, Valid: 78.76%, Test: 77.99%, Best Valid: 80.24%, Best Test: 79.63%
Epoch: 300, Loss: 0.0934, Train: 98.28%, Valid: 77.72%, Test: 76.95%, Best Valid: 80.24%, Best Test: 79.63%
Epoch: 400, Loss: 0.0608, Train: 98.97%, Valid: 76.77%, Test: 76.23%, Best Valid: 80.24%, Best Test: 79.63%
Epoch: 500, Loss: 0.0605, Train: 98.62%, Valid: 77.36%, Test: 75.94%, Best Valid: 80.24%, Best Test: 79.63%
Epoch: 600, Loss: 0.0724, Train: 98.79%, Valid: 76.92%, Test: 76.11%, Best Valid: 80.24%, Best Test: 79.63%
Epoch: 700, Loss: 0.0424, Train: 99.66%, Valid: 75.81%, Test: 75.39%, Best Valid: 80.24%, Best Test: 79.63%
Epoch: 800, Loss: 0.0420, Train: 99.31%, Valid: 76.51%, Test: 75.39%, Best Valid: 80.24%, Best Test: 79.63%
Epoch: 900, Loss: 0.0385, Train: 99.66%, Valid: 76.58%, Test: 75.63%, Best Valid: 80.24%, Best Test: 79.63%
Run 04:
Highest Train: 99.83
Highest Valid: 80.24
Highest Test: 79.63
Chosen epoch: 66
Final Train: 89.66
Final Test: 79.63
Pre-training MLP for 500 epochs to generate co-occurrence matrix...
MLP pre-training complete. Penalty matrix frozen.
Epoch: 00, Loss: 3.0129, Train: 26.03%, Valid: 26.30%, Test: 26.42%, Best Valid: 26.30%, Best Test: 26.42%
Epoch: 100, Loss: 0.2823, Train: 95.17%, Valid: 80.02%, Test: 79.66%, Best Valid: 80.62%, Best Test: 79.46%
Epoch: 200, Loss: 0.1429, Train: 97.93%, Valid: 77.72%, Test: 77.32%, Best Valid: 80.62%, Best Test: 79.46%
Epoch: 300, Loss: 0.0746, Train: 98.45%, Valid: 78.01%, Test: 77.60%, Best Valid: 80.62%, Best Test: 79.46%
Epoch: 400, Loss: 0.0520, Train: 98.79%, Valid: 77.87%, Test: 77.44%, Best Valid: 80.62%, Best Test: 79.46%
Epoch: 500, Loss: 0.0362, Train: 99.14%, Valid: 77.44%, Test: 77.51%, Best Valid: 80.62%, Best Test: 79.46%
Epoch: 600, Loss: 0.0293, Train: 99.14%, Valid: 77.80%, Test: 77.60%, Best Valid: 80.62%, Best Test: 79.46%
Epoch: 700, Loss: 0.0518, Train: 99.48%, Valid: 77.53%, Test: 77.65%, Best Valid: 80.62%, Best Test: 79.46%
Epoch: 800, Loss: 0.0470, Train: 99.66%, Valid: 77.51%, Test: 77.44%, Best Valid: 80.62%, Best Test: 79.46%
Epoch: 900, Loss: 0.0196, Train: 99.83%, Valid: 77.47%, Test: 77.22%, Best Valid: 80.62%, Best Test: 79.46%
Run 05:
Highest Train: 100.00
Highest Valid: 80.62
Highest Test: 80.13
Chosen epoch: 66
Final Train: 91.21
Final Test: 79.46
Pre-training MLP for 500 epochs to generate co-occurrence matrix...
MLP pre-training complete. Penalty matrix frozen.
Epoch: 00, Loss: 3.0018, Train: 28.97%, Valid: 29.24%, Test: 29.98%, Best Valid: 29.24%, Best Test: 29.98%
Epoch: 100, Loss: 0.2735, Train: 95.86%, Valid: 80.05%, Test: 79.68%, Best Valid: 80.93%, Best Test: 79.72%
Epoch: 200, Loss: 0.1261, Train: 98.45%, Valid: 79.52%, Test: 79.13%, Best Valid: 80.93%, Best Test: 79.72%
Epoch: 300, Loss: 0.0639, Train: 98.79%, Valid: 79.05%, Test: 78.31%, Best Valid: 80.93%, Best Test: 79.72%
Epoch: 400, Loss: 0.0487, Train: 99.14%, Valid: 78.88%, Test: 78.02%, Best Valid: 80.93%, Best Test: 79.72%
Epoch: 500, Loss: 0.0284, Train: 99.31%, Valid: 77.99%, Test: 77.44%, Best Valid: 80.93%, Best Test: 79.72%
Epoch: 600, Loss: 0.0268, Train: 99.48%, Valid: 78.76%, Test: 77.56%, Best Valid: 80.93%, Best Test: 79.72%
Epoch: 700, Loss: 0.0169, Train: 99.83%, Valid: 78.02%, Test: 77.25%, Best Valid: 80.93%, Best Test: 79.72%
Epoch: 800, Loss: 0.0174, Train: 99.83%, Valid: 77.93%, Test: 77.10%, Best Valid: 80.93%, Best Test: 79.72%
Epoch: 900, Loss: 0.0527, Train: 99.31%, Valid: 77.76%, Test: 77.17%, Best Valid: 80.93%, Best Test: 79.72%
Run 06:
Highest Train: 100.00
Highest Valid: 80.93
Highest Test: 79.72
Chosen epoch: 94
Final Train: 94.66
Final Test: 79.72
Pre-training MLP for 500 epochs to generate co-occurrence matrix...
MLP pre-training complete. Penalty matrix frozen.
Epoch: 00, Loss: 3.1247, Train: 16.72%, Valid: 16.55%, Test: 16.54%, Best Valid: 16.55%, Best Test: 16.54%
Epoch: 100, Loss: 0.2883, Train: 94.48%, Valid: 79.41%, Test: 78.52%, Best Valid: 80.19%, Best Test: 78.91%
Epoch: 200, Loss: 0.1315, Train: 98.10%, Valid: 79.20%, Test: 78.45%, Best Valid: 80.19%, Best Test: 78.91%
Epoch: 300, Loss: 0.0877, Train: 97.59%, Valid: 78.65%, Test: 77.51%, Best Valid: 80.19%, Best Test: 78.91%
Epoch: 400, Loss: 0.0650, Train: 99.48%, Valid: 78.33%, Test: 77.01%, Best Valid: 80.19%, Best Test: 78.91%
Epoch: 500, Loss: 0.0384, Train: 99.48%, Valid: 77.38%, Test: 76.47%, Best Valid: 80.19%, Best Test: 78.91%
Epoch: 600, Loss: 0.0311, Train: 99.48%, Valid: 76.91%, Test: 76.18%, Best Valid: 80.19%, Best Test: 78.91%
Epoch: 700, Loss: 0.0226, Train: 99.48%, Valid: 77.11%, Test: 76.59%, Best Valid: 80.19%, Best Test: 78.91%
Epoch: 800, Loss: 0.0259, Train: 99.48%, Valid: 77.28%, Test: 76.53%, Best Valid: 80.19%, Best Test: 78.91%
Epoch: 900, Loss: 0.0144, Train: 100.00%, Valid: 76.60%, Test: 76.00%, Best Valid: 80.19%, Best Test: 78.91%
Run 07:
Highest Train: 100.00
Highest Valid: 80.19
Highest Test: 79.22
Chosen epoch: 56
Final Train: 88.45
Final Test: 78.91
Pre-training MLP for 500 epochs to generate co-occurrence matrix...
MLP pre-training complete. Penalty matrix frozen.
Epoch: 00, Loss: 3.0924, Train: 19.14%, Valid: 19.78%, Test: 18.93%, Best Valid: 19.78%, Best Test: 18.93%
Epoch: 100, Loss: 0.3827, Train: 91.72%, Valid: 79.33%, Test: 78.50%, Best Valid: 80.58%, Best Test: 79.25%
Epoch: 200, Loss: 0.1973, Train: 97.24%, Valid: 79.96%, Test: 78.64%, Best Valid: 80.58%, Best Test: 79.25%
Epoch: 300, Loss: 0.0753, Train: 98.10%, Valid: 78.48%, Test: 77.39%, Best Valid: 80.58%, Best Test: 79.25%
Epoch: 400, Loss: 0.1130, Train: 97.07%, Valid: 77.85%, Test: 76.89%, Best Valid: 80.58%, Best Test: 79.25%
Epoch: 500, Loss: 0.0657, Train: 98.97%, Valid: 78.23%, Test: 77.54%, Best Valid: 80.58%, Best Test: 79.25%
Epoch: 600, Loss: 0.0285, Train: 99.31%, Valid: 78.38%, Test: 77.39%, Best Valid: 80.58%, Best Test: 79.25%
Epoch: 700, Loss: 0.0851, Train: 98.45%, Valid: 78.08%, Test: 76.40%, Best Valid: 80.58%, Best Test: 79.25%
Epoch: 800, Loss: 0.0242, Train: 99.83%, Valid: 77.87%, Test: 76.57%, Best Valid: 80.58%, Best Test: 79.25%
Epoch: 900, Loss: 0.0188, Train: 99.83%, Valid: 77.95%, Test: 76.93%, Best Valid: 80.58%, Best Test: 79.25%
Run 08:
Highest Train: 100.00
Highest Valid: 80.58
Highest Test: 79.34
Chosen epoch: 75
Final Train: 90.17
Final Test: 79.25
Pre-training MLP for 500 epochs to generate co-occurrence matrix...
MLP pre-training complete. Penalty matrix frozen.
Epoch: 00, Loss: 3.0219, Train: 29.66%, Valid: 28.04%, Test: 28.96%, Best Valid: 28.04%, Best Test: 28.96%
Epoch: 100, Loss: 0.1557, Train: 97.41%, Valid: 80.34%, Test: 79.89%, Best Valid: 81.04%, Best Test: 80.06%
Epoch: 200, Loss: 0.0610, Train: 98.97%, Valid: 79.65%, Test: 79.61%, Best Valid: 81.04%, Best Test: 80.06%
Epoch: 300, Loss: 0.0310, Train: 99.66%, Valid: 78.50%, Test: 78.45%, Best Valid: 81.04%, Best Test: 80.06%
Epoch: 400, Loss: 0.0295, Train: 99.83%, Valid: 77.97%, Test: 78.21%, Best Valid: 81.04%, Best Test: 80.06%
Epoch: 500, Loss: 0.0288, Train: 99.83%, Valid: 78.04%, Test: 78.16%, Best Valid: 81.04%, Best Test: 80.06%
Epoch: 600, Loss: 0.0184, Train: 99.83%, Valid: 77.70%, Test: 77.83%, Best Valid: 81.04%, Best Test: 80.06%
Epoch: 700, Loss: 0.0075, Train: 100.00%, Valid: 78.08%, Test: 77.70%, Best Valid: 81.04%, Best Test: 80.06%
Epoch: 800, Loss: 0.0121, Train: 99.48%, Valid: 77.82%, Test: 77.94%, Best Valid: 81.04%, Best Test: 80.06%
Epoch: 900, Loss: 0.0065, Train: 100.00%, Valid: 77.27%, Test: 77.15%, Best Valid: 81.04%, Best Test: 80.06%
Run 09:
Highest Train: 100.00
Highest Valid: 81.04
Highest Test: 80.31
Chosen epoch: 91
Final Train: 96.90
Final Test: 80.06
Pre-training MLP for 500 epochs to generate co-occurrence matrix...
MLP pre-training complete. Penalty matrix frozen.
Epoch: 00, Loss: 2.9513, Train: 22.93%, Valid: 23.00%, Test: 22.90%, Best Valid: 23.00%, Best Test: 22.90%
Epoch: 100, Loss: 0.3050, Train: 93.97%, Valid: 79.81%, Test: 78.69%, Best Valid: 80.68%, Best Test: 79.49%
Epoch: 200, Loss: 0.1164, Train: 98.97%, Valid: 77.89%, Test: 76.67%, Best Valid: 80.68%, Best Test: 79.49%
Epoch: 300, Loss: 0.0581, Train: 99.31%, Valid: 78.23%, Test: 76.62%, Best Valid: 80.68%, Best Test: 79.49%
Epoch: 400, Loss: 0.0492, Train: 99.31%, Valid: 77.61%, Test: 75.94%, Best Valid: 80.68%, Best Test: 79.49%
Epoch: 500, Loss: 0.0378, Train: 99.48%, Valid: 77.49%, Test: 76.18%, Best Valid: 80.68%, Best Test: 79.49%
Epoch: 600, Loss: 0.0256, Train: 99.83%, Valid: 77.82%, Test: 76.28%, Best Valid: 80.68%, Best Test: 79.49%
Epoch: 700, Loss: 0.0262, Train: 99.48%, Valid: 77.44%, Test: 75.95%, Best Valid: 80.68%, Best Test: 79.49%
Epoch: 800, Loss: 0.0151, Train: 99.83%, Valid: 77.47%, Test: 75.94%, Best Valid: 80.68%, Best Test: 79.49%
Epoch: 900, Loss: 0.0415, Train: 99.66%, Valid: 77.25%, Test: 76.11%, Best Valid: 80.68%, Best Test: 79.49%
Run 10:
Highest Train: 100.00
Highest Valid: 80.68
Highest Test: 79.49
Chosen epoch: 67
Final Train: 89.83
Final Test: 79.49
All runs:
Highest Train: 99.98 ± 0.05
Highest Test: 79.92 ± 0.61
Highest Valid: 80.92 ± 0.60
  Final Train: 92.12 ± 3.29
   Final Test: 79.66 ± 0.45
Saving results to results/unified/wikics/MPNN_gcn.csv
--- mlp_reg | transform=none | lambda=0.4 | mlp_epochs=500 ---
Namespace(bn=False, cpu=False, data_dir='./data/', dataset='wikics', device=0, display_step=100, dropout=0.5, epochs=1000, gnn='gcn', hidden_channels=256, jk=False, label_num_per_class=20, lambda_val=0.4, ln=True, local_layers=3, lr=0.001, metric='acc', mlp_epochs=500, mlp_reg=True, model='MPNN', model_dir='models', num_heads=1, oracle_reg=False, paired_seeds=True, penalty_transform='none', pre_linear=False, pre_ln=False, rand_split=False, rand_split_class=False, reg_start_epoch=10, reg_update_freq=5, res=False, result_dir='results/unified', runs=10, save_model=False, seed=42, test_num=1000, train_prop=0.5, use_reg=True, valid_num=500, valid_prop=0.25, weight_decay=0.0)
wikics
dataset wikics | num nodes 11701 | num edge 431726 | num node feats 300 | num classes 10
MODEL: MPNNs(
  (h_lins): ModuleList()
  (local_convs): ModuleList(
    (0): GCNConv(300, 256)
    (1): GCNConv(256, 256)
    (2): GCNConv(256, 256)
  )
  (lins): ModuleList(
    (0): Linear(in_features=300, out_features=256, bias=True)
    (1): Linear(in_features=256, out_features=256, bias=True)
    (2): Linear(in_features=256, out_features=256, bias=True)
  )
  (lns): ModuleList(
    (0): LayerNorm((256,), eps=1e-05, elementwise_affine=True)
    (1): LayerNorm((256,), eps=1e-05, elementwise_affine=True)
    (2): LayerNorm((256,), eps=1e-05, elementwise_affine=True)
  )
  (bns): ModuleList(
    (0): BatchNorm1d(256, eps=1e-05, momentum=0.1, affine=True, track_running_stats=True)
    (1): BatchNorm1d(256, eps=1e-05, momentum=0.1, affine=True, track_running_stats=True)
    (2): BatchNorm1d(256, eps=1e-05, momentum=0.1, affine=True, track_running_stats=True)
  )
  (lin_in): Linear(in_features=300, out_features=256, bias=True)
  (pred_local): Linear(in_features=256, out_features=10, bias=True)
)
Pre-training MLP for 500 epochs to generate co-occurrence matrix...
MLP pre-training complete. Penalty matrix frozen.
Epoch: 00, Loss: 3.3525, Train: 21.38%, Valid: 21.96%, Test: 21.86%, Best Valid: 21.96%, Best Test: 21.86%
Epoch: 100, Loss: 0.2953, Train: 95.69%, Valid: 81.13%, Test: 80.02%, Best Valid: 81.72%, Best Test: 80.49%
Epoch: 200, Loss: 0.1400, Train: 97.93%, Valid: 79.92%, Test: 80.06%, Best Valid: 81.72%, Best Test: 80.49%
Epoch: 300, Loss: 0.1282, Train: 99.31%, Valid: 79.07%, Test: 79.17%, Best Valid: 81.72%, Best Test: 80.49%
Epoch: 400, Loss: 0.0591, Train: 99.66%, Valid: 78.44%, Test: 78.45%, Best Valid: 81.72%, Best Test: 80.49%
Epoch: 500, Loss: 0.0829, Train: 98.97%, Valid: 78.10%, Test: 78.54%, Best Valid: 81.72%, Best Test: 80.49%
Epoch: 600, Loss: 0.0398, Train: 100.00%, Valid: 78.42%, Test: 78.79%, Best Valid: 81.72%, Best Test: 80.49%
Epoch: 700, Loss: 0.0467, Train: 99.66%, Valid: 77.97%, Test: 78.98%, Best Valid: 81.72%, Best Test: 80.49%
Epoch: 800, Loss: 0.0174, Train: 99.83%, Valid: 77.47%, Test: 77.53%, Best Valid: 81.72%, Best Test: 80.49%
Epoch: 900, Loss: 0.0164, Train: 100.00%, Valid: 78.33%, Test: 78.74%, Best Valid: 81.72%, Best Test: 80.49%
Run 01:
Highest Train: 100.00
Highest Valid: 81.72
Highest Test: 80.71
Chosen epoch: 65
Final Train: 91.21
Final Test: 80.49
Pre-training MLP for 500 epochs to generate co-occurrence matrix...
MLP pre-training complete. Penalty matrix frozen.
Epoch: 00, Loss: 3.4653, Train: 29.66%, Valid: 28.99%, Test: 30.07%, Best Valid: 28.99%, Best Test: 30.07%
Epoch: 100, Loss: 0.4071, Train: 92.59%, Valid: 80.47%, Test: 78.88%, Best Valid: 81.00%, Best Test: 79.44%
Epoch: 200, Loss: 0.1882, Train: 97.76%, Valid: 79.33%, Test: 77.87%, Best Valid: 81.00%, Best Test: 79.44%
Epoch: 300, Loss: 0.0902, Train: 98.97%, Valid: 77.99%, Test: 76.95%, Best Valid: 81.00%, Best Test: 79.44%
Epoch: 400, Loss: 0.0820, Train: 98.79%, Valid: 77.42%, Test: 76.91%, Best Valid: 81.00%, Best Test: 79.44%
Epoch: 500, Loss: 0.0586, Train: 99.48%, Valid: 77.97%, Test: 76.86%, Best Valid: 81.00%, Best Test: 79.44%
Epoch: 600, Loss: 0.0419, Train: 99.14%, Valid: 77.30%, Test: 77.12%, Best Valid: 81.00%, Best Test: 79.44%
Epoch: 700, Loss: 0.0309, Train: 99.66%, Valid: 77.76%, Test: 76.43%, Best Valid: 81.00%, Best Test: 79.44%
Epoch: 800, Loss: 0.0568, Train: 99.14%, Valid: 77.80%, Test: 76.77%, Best Valid: 81.00%, Best Test: 79.44%
Epoch: 900, Loss: 0.0279, Train: 99.66%, Valid: 77.49%, Test: 76.57%, Best Valid: 81.00%, Best Test: 79.44%
Run 02:
Highest Train: 100.00
Highest Valid: 81.00
Highest Test: 79.49
Chosen epoch: 84
Final Train: 91.90
Final Test: 79.44
Pre-training MLP for 500 epochs to generate co-occurrence matrix...
MLP pre-training complete. Penalty matrix frozen.
Epoch: 00, Loss: 3.5628, Train: 30.17%, Valid: 29.07%, Test: 28.84%, Best Valid: 29.07%, Best Test: 28.84%
Epoch: 100, Loss: 0.2911, Train: 95.52%, Valid: 82.01%, Test: 80.88%, Best Valid: 82.01%, Best Test: 80.88%
Epoch: 200, Loss: 0.1262, Train: 98.62%, Valid: 80.89%, Test: 80.02%, Best Valid: 82.01%, Best Test: 80.88%
Epoch: 300, Loss: 0.0911, Train: 99.48%, Valid: 80.00%, Test: 79.37%, Best Valid: 82.01%, Best Test: 80.88%
Epoch: 400, Loss: 0.0499, Train: 99.14%, Valid: 79.54%, Test: 78.81%, Best Valid: 82.01%, Best Test: 80.88%
Epoch: 500, Loss: 0.0420, Train: 99.14%, Valid: 80.09%, Test: 79.12%, Best Valid: 82.01%, Best Test: 80.88%
Epoch: 600, Loss: 0.0339, Train: 99.48%, Valid: 79.96%, Test: 79.03%, Best Valid: 82.01%, Best Test: 80.88%
Epoch: 700, Loss: 0.0336, Train: 99.31%, Valid: 79.86%, Test: 79.20%, Best Valid: 82.01%, Best Test: 80.88%
Epoch: 800, Loss: 0.0231, Train: 99.31%, Valid: 80.28%, Test: 79.19%, Best Valid: 82.01%, Best Test: 80.88%
Epoch: 900, Loss: 0.0283, Train: 99.66%, Valid: 79.64%, Test: 78.81%, Best Valid: 82.01%, Best Test: 80.88%
Run 03:
Highest Train: 99.83
Highest Valid: 82.01
Highest Test: 80.88
Chosen epoch: 100
Final Train: 95.52
Final Test: 80.88
Pre-training MLP for 500 epochs to generate co-occurrence matrix...
MLP pre-training complete. Penalty matrix frozen.
Epoch: 00, Loss: 3.3700, Train: 26.72%, Valid: 26.70%, Test: 26.83%, Best Valid: 26.70%, Best Test: 26.83%
Epoch: 100, Loss: 0.3903, Train: 93.10%, Valid: 80.05%, Test: 79.73%, Best Valid: 80.26%, Best Test: 79.73%
Epoch: 200, Loss: 0.1862, Train: 97.41%, Valid: 78.78%, Test: 78.16%, Best Valid: 80.26%, Best Test: 79.73%
Epoch: 300, Loss: 0.1213, Train: 98.10%, Valid: 77.80%, Test: 76.96%, Best Valid: 80.26%, Best Test: 79.73%
Epoch: 400, Loss: 0.0937, Train: 98.45%, Valid: 77.61%, Test: 76.74%, Best Valid: 80.26%, Best Test: 79.73%
Epoch: 500, Loss: 0.0845, Train: 98.45%, Valid: 77.47%, Test: 76.53%, Best Valid: 80.26%, Best Test: 79.73%
Epoch: 600, Loss: 0.0878, Train: 99.48%, Valid: 76.07%, Test: 75.56%, Best Valid: 80.26%, Best Test: 79.73%
Epoch: 700, Loss: 0.0399, Train: 99.48%, Valid: 76.45%, Test: 76.04%, Best Valid: 80.26%, Best Test: 79.73%
Epoch: 800, Loss: 0.0414, Train: 99.14%, Valid: 75.84%, Test: 74.91%, Best Valid: 80.26%, Best Test: 79.73%
Epoch: 900, Loss: 0.0551, Train: 99.66%, Valid: 76.36%, Test: 75.85%, Best Valid: 80.26%, Best Test: 79.73%
Run 04:
Highest Train: 99.83
Highest Valid: 80.26
Highest Test: 79.73
Chosen epoch: 79
Final Train: 91.90
Final Test: 79.73
Pre-training MLP for 500 epochs to generate co-occurrence matrix...
MLP pre-training complete. Penalty matrix frozen.
Epoch: 00, Loss: 3.5151, Train: 26.72%, Valid: 25.52%, Test: 26.39%, Best Valid: 25.52%, Best Test: 26.39%
Epoch: 100, Loss: 0.3435, Train: 95.86%, Valid: 79.98%, Test: 79.41%, Best Valid: 80.74%, Best Test: 79.65%
Epoch: 200, Loss: 0.1629, Train: 97.76%, Valid: 77.78%, Test: 77.68%, Best Valid: 80.74%, Best Test: 79.65%
Epoch: 300, Loss: 0.0852, Train: 98.62%, Valid: 78.48%, Test: 78.18%, Best Valid: 80.74%, Best Test: 79.65%
Epoch: 400, Loss: 0.0556, Train: 98.79%, Valid: 78.23%, Test: 77.49%, Best Valid: 80.74%, Best Test: 79.65%
Epoch: 500, Loss: 0.0545, Train: 98.97%, Valid: 78.46%, Test: 78.14%, Best Valid: 80.74%, Best Test: 79.65%
Epoch: 600, Loss: 0.0391, Train: 99.14%, Valid: 77.66%, Test: 77.42%, Best Valid: 80.74%, Best Test: 79.65%
Epoch: 700, Loss: 0.0569, Train: 99.31%, Valid: 77.13%, Test: 76.40%, Best Valid: 80.74%, Best Test: 79.65%
Epoch: 800, Loss: 0.0418, Train: 99.31%, Valid: 77.51%, Test: 76.98%, Best Valid: 80.74%, Best Test: 79.65%
Epoch: 900, Loss: 0.0202, Train: 99.48%, Valid: 76.37%, Test: 76.31%, Best Valid: 80.74%, Best Test: 79.65%
Run 05:
Highest Train: 100.00
Highest Valid: 80.74
Highest Test: 79.99
Chosen epoch: 69
Final Train: 91.90
Final Test: 79.65
Pre-training MLP for 500 epochs to generate co-occurrence matrix...
MLP pre-training complete. Penalty matrix frozen.
Epoch: 00, Loss: 3.5021, Train: 26.03%, Valid: 26.96%, Test: 27.09%, Best Valid: 26.96%, Best Test: 27.09%
Epoch: 100, Loss: 0.3375, Train: 95.52%, Valid: 80.19%, Test: 79.73%, Best Valid: 80.98%, Best Test: 79.61%
Epoch: 200, Loss: 0.1225, Train: 97.93%, Valid: 79.62%, Test: 79.19%, Best Valid: 80.98%, Best Test: 79.61%
Epoch: 300, Loss: 0.0729, Train: 98.97%, Valid: 78.44%, Test: 77.92%, Best Valid: 80.98%, Best Test: 79.61%
Epoch: 400, Loss: 0.0515, Train: 99.31%, Valid: 79.09%, Test: 78.04%, Best Valid: 80.98%, Best Test: 79.61%
Epoch: 500, Loss: 0.0419, Train: 97.76%, Valid: 77.21%, Test: 76.18%, Best Valid: 80.98%, Best Test: 79.61%
Epoch: 600, Loss: 0.0290, Train: 99.83%, Valid: 78.88%, Test: 77.61%, Best Valid: 80.98%, Best Test: 79.61%
Epoch: 700, Loss: 0.0213, Train: 99.48%, Valid: 78.35%, Test: 76.98%, Best Valid: 80.98%, Best Test: 79.61%
Epoch: 800, Loss: 0.0417, Train: 99.83%, Valid: 76.96%, Test: 76.47%, Best Valid: 80.98%, Best Test: 79.61%
Epoch: 900, Loss: 0.0143, Train: 98.97%, Valid: 77.19%, Test: 75.85%, Best Valid: 80.98%, Best Test: 79.61%
Run 06:
Highest Train: 100.00
Highest Valid: 80.98
Highest Test: 79.82
Chosen epoch: 57
Final Train: 90.34
Final Test: 79.61
Pre-training MLP for 500 epochs to generate co-occurrence matrix...
MLP pre-training complete. Penalty matrix frozen.
Epoch: 00, Loss: 3.6455, Train: 16.55%, Valid: 16.53%, Test: 16.59%, Best Valid: 16.53%, Best Test: 16.59%
Epoch: 100, Loss: 0.3381, Train: 94.83%, Valid: 79.98%, Test: 79.00%, Best Valid: 80.47%, Best Test: 78.95%
Epoch: 200, Loss: 0.1530, Train: 97.24%, Valid: 79.39%, Test: 78.47%, Best Valid: 80.47%, Best Test: 78.95%
Epoch: 300, Loss: 0.1119, Train: 98.62%, Valid: 78.46%, Test: 77.36%, Best Valid: 80.47%, Best Test: 78.95%
Epoch: 400, Loss: 0.0839, Train: 99.48%, Valid: 78.19%, Test: 77.05%, Best Valid: 80.47%, Best Test: 78.95%
Epoch: 500, Loss: 0.0447, Train: 99.31%, Valid: 77.46%, Test: 76.59%, Best Valid: 80.47%, Best Test: 78.95%
Epoch: 600, Loss: 0.0412, Train: 99.14%, Valid: 77.70%, Test: 76.53%, Best Valid: 80.47%, Best Test: 78.95%
Epoch: 700, Loss: 0.0340, Train: 99.83%, Valid: 77.46%, Test: 76.91%, Best Valid: 80.47%, Best Test: 78.95%
Epoch: 800, Loss: 0.0270, Train: 99.66%, Valid: 76.85%, Test: 75.85%, Best Valid: 80.47%, Best Test: 78.95%
Epoch: 900, Loss: 0.0179, Train: 100.00%, Valid: 76.85%, Test: 76.18%, Best Valid: 80.47%, Best Test: 78.95%
Run 07:
Highest Train: 100.00
Highest Valid: 80.47
Highest Test: 79.27
Chosen epoch: 84
Final Train: 93.79
Final Test: 78.95
Pre-training MLP for 500 epochs to generate co-occurrence matrix...
MLP pre-training complete. Penalty matrix frozen.
Epoch: 00, Loss: 3.6078, Train: 12.59%, Valid: 12.42%, Test: 12.38%, Best Valid: 12.42%, Best Test: 12.38%
Epoch: 100, Loss: 0.4469, Train: 92.24%, Valid: 79.45%, Test: 79.05%, Best Valid: 80.30%, Best Test: 79.17%
Epoch: 200, Loss: 0.1672, Train: 96.38%, Valid: 79.22%, Test: 78.30%, Best Valid: 80.30%, Best Test: 79.17%
Epoch: 300, Loss: 0.0858, Train: 98.10%, Valid: 78.97%, Test: 77.77%, Best Valid: 80.30%, Best Test: 79.17%
Epoch: 400, Loss: 0.0884, Train: 98.79%, Valid: 78.50%, Test: 77.70%, Best Valid: 80.30%, Best Test: 79.17%
Epoch: 500, Loss: 0.0599, Train: 98.97%, Valid: 78.92%, Test: 77.44%, Best Valid: 80.30%, Best Test: 79.17%
Epoch: 600, Loss: 0.0453, Train: 99.31%, Valid: 78.02%, Test: 76.98%, Best Valid: 80.30%, Best Test: 79.17%
Epoch: 700, Loss: 0.0298, Train: 99.31%, Valid: 78.01%, Test: 76.30%, Best Valid: 80.30%, Best Test: 79.17%
Epoch: 800, Loss: 0.0224, Train: 99.48%, Valid: 77.97%, Test: 77.08%, Best Valid: 80.30%, Best Test: 79.17%
Epoch: 900, Loss: 0.0248, Train: 99.83%, Valid: 77.83%, Test: 76.59%, Best Valid: 80.30%, Best Test: 79.17%
Run 08:
Highest Train: 100.00
Highest Valid: 80.30
Highest Test: 79.56
Chosen epoch: 87
Final Train: 91.90
Final Test: 79.17
Pre-training MLP for 500 epochs to generate co-occurrence matrix...
MLP pre-training complete. Penalty matrix frozen.
Epoch: 00, Loss: 3.5256, Train: 26.03%, Valid: 24.12%, Test: 24.78%, Best Valid: 24.12%, Best Test: 24.78%
Epoch: 100, Loss: 0.2035, Train: 97.24%, Valid: 80.36%, Test: 79.87%, Best Valid: 80.96%, Best Test: 79.94%
Epoch: 200, Loss: 0.0732, Train: 98.45%, Valid: 79.58%, Test: 79.41%, Best Valid: 80.96%, Best Test: 79.94%
Epoch: 300, Loss: 0.0523, Train: 99.66%, Valid: 78.21%, Test: 78.66%, Best Valid: 80.96%, Best Test: 79.94%
Epoch: 400, Loss: 0.0293, Train: 99.83%, Valid: 77.53%, Test: 77.85%, Best Valid: 80.96%, Best Test: 79.94%
Epoch: 500, Loss: 0.0329, Train: 99.83%, Valid: 78.19%, Test: 78.74%, Best Valid: 80.96%, Best Test: 79.94%
Epoch: 600, Loss: 0.0218, Train: 99.83%, Valid: 77.59%, Test: 77.82%, Best Valid: 80.96%, Best Test: 79.94%
Epoch: 700, Loss: 0.0093, Train: 99.66%, Valid: 77.83%, Test: 77.83%, Best Valid: 80.96%, Best Test: 79.94%
Epoch: 800, Loss: 0.0126, Train: 100.00%, Valid: 78.23%, Test: 77.90%, Best Valid: 80.96%, Best Test: 79.94%
Epoch: 900, Loss: 0.0482, Train: 99.83%, Valid: 77.17%, Test: 77.63%, Best Valid: 80.96%, Best Test: 79.94%
Run 09:
Highest Train: 100.00
Highest Valid: 80.96
Highest Test: 80.18
Chosen epoch: 75
Final Train: 94.48
Final Test: 79.94
Pre-training MLP for 500 epochs to generate co-occurrence matrix...
MLP pre-training complete. Penalty matrix frozen.
Epoch: 00, Loss: 3.4432, Train: 23.10%, Valid: 23.08%, Test: 22.95%, Best Valid: 23.08%, Best Test: 22.95%
Epoch: 100, Loss: 0.3590, Train: 93.10%, Valid: 79.73%, Test: 78.52%, Best Valid: 80.72%, Best Test: 79.31%
Epoch: 200, Loss: 0.1402, Train: 98.10%, Valid: 78.04%, Test: 76.65%, Best Valid: 80.72%, Best Test: 79.31%
Epoch: 300, Loss: 0.0683, Train: 99.14%, Valid: 78.23%, Test: 76.67%, Best Valid: 80.72%, Best Test: 79.31%
Epoch: 400, Loss: 0.0563, Train: 98.45%, Valid: 77.63%, Test: 76.16%, Best Valid: 80.72%, Best Test: 79.31%
Epoch: 500, Loss: 0.0632, Train: 99.83%, Valid: 77.66%, Test: 76.60%, Best Valid: 80.72%, Best Test: 79.31%
Epoch: 600, Loss: 0.0404, Train: 99.48%, Valid: 78.02%, Test: 76.55%, Best Valid: 80.72%, Best Test: 79.31%
Epoch: 700, Loss: 0.0228, Train: 99.83%, Valid: 77.57%, Test: 76.36%, Best Valid: 80.72%, Best Test: 79.31%
Epoch: 800, Loss: 0.0171, Train: 99.83%, Valid: 77.65%, Test: 76.40%, Best Valid: 80.72%, Best Test: 79.31%
Epoch: 900, Loss: 0.0127, Train: 99.83%, Valid: 77.66%, Test: 76.28%, Best Valid: 80.72%, Best Test: 79.31%
Run 10:
Highest Train: 100.00
Highest Valid: 80.72
Highest Test: 79.51
Chosen epoch: 67
Final Train: 89.66
Final Test: 79.31
All runs:
Highest Train: 99.97 ± 0.07
Highest Test: 79.91 ± 0.53
Highest Valid: 80.92 ± 0.57
  Final Train: 92.26 ± 1.83
   Final Test: 79.72 ± 0.59
Saving results to results/unified/wikics/MPNN_gcn.csv
Condition sweep completed.
Task 24 done.
