Sat Jul 18 07:59:36 2026       
+-----------------------------------------------------------------------------------------+
| NVIDIA-SMI 580.159.04             Driver Version: 580.159.04     CUDA Version: 13.0     |
+-----------------------------------------+------------------------+----------------------+
| GPU  Name                 Persistence-M | Bus-Id          Disp.A | Volatile Uncorr. ECC |
| Fan  Temp   Perf          Pwr:Usage/Cap |           Memory-Usage | GPU-Util  Compute M. |
|                                         |                        |               MIG M. |
|=========================================+========================+======================|
|   0  NVIDIA A100-SXM4-80GB          On  |   00000000:01:00.0 Off |                   On |
| N/A   40C    P0            170W /  500W |    6550MiB /  81920MiB |     N/A      Default |
|                                         |                        |              Enabled |
+-----------------------------------------+------------------------+----------------------+
|   1  NVIDIA A100-SXM4-80GB          On  |   00000000:41:00.0 Off |                   On |
| N/A   26C    P0             48W /  500W |     249MiB /  81920MiB |     N/A      Default |
|                                         |                        |              Enabled |
+-----------------------------------------+------------------------+----------------------+
|   2  NVIDIA A100-SXM4-80GB          On  |   00000000:81:00.0 Off |                   On |
| N/A   38C    P0            135W /  500W |    6930MiB /  81920MiB |     N/A      Default |
|                                         |                        |              Enabled |
+-----------------------------------------+------------------------+----------------------+
|   3  NVIDIA A100-SXM4-80GB          On  |   00000000:C1:00.0 Off |                   On |
| N/A   36C    P0            159W /  500W |   10556MiB /  81920MiB |     N/A      Default |
|                                         |                        |              Enabled |
+-----------------------------------------+------------------------+----------------------+

+-----------------------------------------------------------------------------------------+
| MIG devices:                                                                            |
+------------------+----------------------------------+-----------+-----------------------+
| GPU  GI  CI  MIG |              Shared Memory-Usage |        Vol|        Shared         |
|      ID  ID  Dev |                Shared BAR1-Usage | SM     Unc| CE ENC  DEC  OFA  JPG |
|                  |                                  |        ECC|                       |
|==================+==================================+===========+=======================|
|  1    3   0   0  |              71MiB / 19968MiB    | 28      0 |  2   0    1    0    0 |
|                  |               0MiB / 12271MiB    |           |                       |
+------------------+----------------------------------+-----------+-----------------------+

+-----------------------------------------------------------------------------------------+
| Processes:                                                                              |
|  GPU   GI   CI              PID   Type   Process name                        GPU Memory |
|        ID   ID                                                               Usage      |
|=========================================================================================|
|    0    9    0           388926      C   ...ftware/ase-new-env/bin/python       1888MiB |
|    0    3    0          1585193      C   python                                 4398MiB |
|    2   10    0           387029      C   ...ftware/ase-new-env/bin/python       1864MiB |
|    2    3    0          1614754      C   python                                 4802MiB |
|    3   13    0           387031      C   ...ftware/ase-new-env/bin/python       1968MiB |
|    3   14    0           388928      C   ...ftware/ase-new-env/bin/python       1694MiB |
|    3    5    0          1614066      C   python                                 6622MiB |
+-----------------------------------------------------------------------------------------+
run_gnn.sh contains 42 commands
python main.py --gnn sage  --dataset squirrel --lr 0.01 --local_layers 3 --hidden_channels 256 --weight_decay 5e-4 --dropout 0.7 --device 0 --runs 10 --bn --res --runs 10
==========================================================
Condition sweep: python main.py --gnn sage  --dataset squirrel --lr 0.01 --local_layers 3 --hidden_channels 256 --weight_decay 5e-4 --dropout 0.7 --device 0 --runs 10 --bn --res --runs 10
result_dir=results/unified transforms=[none] oracle=0 baseline=1
==========================================================
--- baseline (no reg) ---
Namespace(bn=True, cpu=False, data_dir='./data/', dataset='squirrel', device=0, display_step=100, dropout=0.7, epochs=500, gnn='sage', hidden_channels=256, jk=False, label_num_per_class=20, lambda_val=0.5, ln=False, local_layers=3, lr=0.01, metric='acc', mlp_epochs=500, mlp_reg=False, model='MPNN', model_dir='models', num_heads=1, oracle_reg=False, paired_seeds=True, penalty_transform='none', pre_linear=False, pre_ln=False, rand_split=False, rand_split_class=False, reg_start_epoch=10, reg_update_freq=5, res=True, result_dir='results/unified', runs=10, save_model=False, seed=42, test_num=1000, train_prop=0.5, use_reg=False, valid_num=500, valid_prop=0.25, weight_decay=0.0005)
squirrel
dataset squirrel | num nodes 2223 | num edge 46998 | num node feats 2089 | num classes 5
MODEL: MPNNs(
  (h_lins): ModuleList()
  (local_convs): ModuleList(
    (0): SAGEConv(2089, 256, aggr=mean)
    (1): SAGEConv(256, 256, aggr=mean)
    (2): SAGEConv(256, 256, aggr=mean)
  )
  (lins): ModuleList(
    (0): Linear(in_features=2089, out_features=256, bias=True)
    (1): Linear(in_features=256, out_features=256, bias=True)
    (2): Linear(in_features=256, out_features=256, bias=True)
  )
  (lns): ModuleList(
    (0): LayerNorm((256,), eps=1e-05, elementwise_affine=True)
    (1): LayerNorm((256,), eps=1e-05, elementwise_affine=True)
    (2): LayerNorm((256,), eps=1e-05, elementwise_affine=True)
  )
  (bns): ModuleList(
    (0): BatchNorm1d(256, eps=1e-05, momentum=0.1, affine=True, track_running_stats=True)
    (1): BatchNorm1d(256, eps=1e-05, momentum=0.1, affine=True, track_running_stats=True)
    (2): BatchNorm1d(256, eps=1e-05, momentum=0.1, affine=True, track_running_stats=True)
  )
  (lin_in): Linear(in_features=2089, out_features=256, bias=True)
  (pred_local): Linear(in_features=256, out_features=5, bias=True)
)
Epoch: 00, Loss: 1.8706, Train: 15.48%, Valid: 13.51%, Test: 13.50%, Best Valid: 13.51%, Best Test: 13.50%
Epoch: 100, Loss: 0.1340, Train: 99.24%, Valid: 34.12%, Test: 36.50%, Best Valid: 39.83%, Best Test: 39.16%
Epoch: 200, Loss: 0.1215, Train: 99.43%, Valid: 33.43%, Test: 33.41%, Best Valid: 39.83%, Best Test: 39.16%
Epoch: 300, Loss: 0.1224, Train: 99.53%, Valid: 32.03%, Test: 31.64%, Best Valid: 39.83%, Best Test: 39.16%
Epoch: 400, Loss: 0.1386, Train: 99.43%, Valid: 33.70%, Test: 34.96%, Best Valid: 39.83%, Best Test: 39.16%
Run 01:
Highest Train: 99.62
Highest Valid: 39.83
Highest Test: 40.71
Chosen epoch: 8
Final Train: 45.58
Final Test: 39.16
Epoch: 00, Loss: 1.8293, Train: 17.13%, Valid: 14.14%, Test: 13.09%, Best Valid: 14.14%, Best Test: 13.09%
Epoch: 100, Loss: 0.1098, Train: 99.63%, Valid: 32.71%, Test: 34.09%, Best Valid: 40.71%, Best Test: 43.57%
Epoch: 200, Loss: 0.1717, Train: 99.72%, Valid: 31.14%, Test: 31.83%, Best Valid: 40.71%, Best Test: 43.57%
Epoch: 300, Loss: 0.0976, Train: 99.72%, Valid: 32.14%, Test: 33.86%, Best Valid: 40.71%, Best Test: 43.57%
Epoch: 400, Loss: 0.1323, Train: 99.63%, Valid: 31.43%, Test: 35.89%, Best Valid: 40.71%, Best Test: 43.57%
Run 02:
Highest Train: 99.72
Highest Valid: 40.71
Highest Test: 43.57
Chosen epoch: 10
Final Train: 60.56
Final Test: 43.57
Epoch: 00, Loss: 1.8251, Train: 13.56%, Valid: 15.98%, Test: 14.00%, Best Valid: 15.98%, Best Test: 14.00%
Epoch: 100, Loss: 0.1635, Train: 99.04%, Valid: 37.05%, Test: 34.89%, Best Valid: 40.91%, Best Test: 43.11%
Epoch: 200, Loss: 0.1781, Train: 99.43%, Valid: 35.67%, Test: 33.78%, Best Valid: 40.91%, Best Test: 43.11%
Epoch: 300, Loss: 0.1184, Train: 99.43%, Valid: 34.44%, Test: 34.44%, Best Valid: 40.91%, Best Test: 43.11%
Epoch: 400, Loss: 0.1308, Train: 99.62%, Valid: 34.71%, Test: 31.78%, Best Valid: 40.91%, Best Test: 43.11%
Run 03:
Highest Train: 99.71
Highest Valid: 40.91
Highest Test: 43.56
Chosen epoch: 11
Final Train: 55.97
Final Test: 43.11
Epoch: 00, Loss: 1.8331, Train: 16.79%, Valid: 16.69%, Test: 15.78%, Best Valid: 16.69%, Best Test: 15.78%
Epoch: 100, Loss: 0.1412, Train: 99.43%, Valid: 32.96%, Test: 34.00%, Best Valid: 41.51%, Best Test: 44.67%
Epoch: 200, Loss: 0.1307, Train: 99.53%, Valid: 31.84%, Test: 32.89%, Best Valid: 41.51%, Best Test: 44.67%
Epoch: 300, Loss: 0.1319, Train: 99.53%, Valid: 32.68%, Test: 33.78%, Best Valid: 41.51%, Best Test: 44.67%
Epoch: 400, Loss: 0.1418, Train: 99.53%, Valid: 31.14%, Test: 33.78%, Best Valid: 41.51%, Best Test: 44.67%
Run 04:
Highest Train: 99.72
Highest Valid: 41.51
Highest Test: 44.67
Chosen epoch: 13
Final Train: 54.06
Final Test: 44.67
Epoch: 00, Loss: 1.7970, Train: 14.22%, Valid: 14.74%, Test: 14.48%, Best Valid: 14.74%, Best Test: 14.48%
Epoch: 100, Loss: 0.1792, Train: 99.05%, Valid: 28.51%, Test: 33.85%, Best Valid: 38.66%, Best Test: 36.08%
Epoch: 200, Loss: 0.1389, Train: 99.34%, Valid: 29.21%, Test: 33.85%, Best Valid: 38.66%, Best Test: 36.08%
Epoch: 300, Loss: 0.1278, Train: 99.34%, Valid: 29.76%, Test: 33.41%, Best Valid: 38.66%, Best Test: 36.08%
Epoch: 400, Loss: 0.1170, Train: 99.34%, Valid: 30.60%, Test: 35.63%, Best Valid: 38.66%, Best Test: 36.08%
Run 05:
Highest Train: 99.53
Highest Valid: 38.66
Highest Test: 38.53
Chosen epoch: 8
Final Train: 53.08
Final Test: 36.08
Epoch: 00, Loss: 1.7896, Train: 14.76%, Valid: 13.60%, Test: 14.95%, Best Valid: 13.60%, Best Test: 14.95%
Epoch: 100, Loss: 0.1311, Train: 99.44%, Valid: 33.00%, Test: 33.85%, Best Valid: 39.51%, Best Test: 39.78%
Epoch: 200, Loss: 0.1388, Train: 99.44%, Valid: 30.54%, Test: 34.07%, Best Valid: 39.51%, Best Test: 39.78%
Epoch: 300, Loss: 0.1485, Train: 99.63%, Valid: 32.13%, Test: 31.65%, Best Valid: 39.51%, Best Test: 39.78%
Epoch: 400, Loss: 0.1632, Train: 99.63%, Valid: 33.14%, Test: 32.75%, Best Valid: 39.51%, Best Test: 39.78%
Run 06:
Highest Train: 99.72
Highest Valid: 39.51
Highest Test: 41.54
Chosen epoch: 13
Final Train: 58.59
Final Test: 39.78
Epoch: 00, Loss: 1.7975, Train: 16.50%, Valid: 16.47%, Test: 16.37%, Best Valid: 16.47%, Best Test: 16.37%
Epoch: 100, Loss: 0.1465, Train: 99.45%, Valid: 35.12%, Test: 34.30%, Best Valid: 41.91%, Best Test: 38.12%
Epoch: 200, Loss: 0.1129, Train: 99.82%, Valid: 32.37%, Test: 34.53%, Best Valid: 41.91%, Best Test: 38.12%
Epoch: 300, Loss: 0.1074, Train: 99.91%, Valid: 32.80%, Test: 33.41%, Best Valid: 41.91%, Best Test: 38.12%
Epoch: 400, Loss: 0.1359, Train: 99.82%, Valid: 33.82%, Test: 32.74%, Best Valid: 41.91%, Best Test: 38.12%
Run 07:
Highest Train: 99.91
Highest Valid: 41.91
Highest Test: 40.13
Chosen epoch: 11
Final Train: 51.43
Final Test: 38.12
Epoch: 00, Loss: 1.7900, Train: 19.03%, Valid: 16.37%, Test: 14.78%, Best Valid: 16.37%, Best Test: 14.78%
Epoch: 100, Loss: 0.1454, Train: 99.05%, Valid: 31.66%, Test: 31.64%, Best Valid: 41.54%, Best Test: 37.41%
Epoch: 200, Loss: 0.1315, Train: 99.33%, Valid: 33.02%, Test: 33.49%, Best Valid: 41.54%, Best Test: 37.41%
Epoch: 300, Loss: 0.1393, Train: 99.43%, Valid: 32.21%, Test: 34.64%, Best Valid: 41.54%, Best Test: 37.41%
Epoch: 400, Loss: 0.1224, Train: 99.43%, Valid: 31.39%, Test: 35.80%, Best Valid: 41.54%, Best Test: 37.41%
Run 08:
Highest Train: 99.71
Highest Valid: 41.54
Highest Test: 38.57
Chosen epoch: 12
Final Train: 63.37
Final Test: 37.41
Epoch: 00, Loss: 1.8088, Train: 19.35%, Valid: 16.93%, Test: 16.98%, Best Valid: 16.93%, Best Test: 16.98%
Epoch: 100, Loss: 0.1371, Train: 99.71%, Valid: 33.14%, Test: 32.92%, Best Valid: 40.67%, Best Test: 43.69%
Epoch: 200, Loss: 0.1243, Train: 99.81%, Valid: 32.85%, Test: 33.95%, Best Valid: 40.67%, Best Test: 43.69%
Epoch: 300, Loss: 0.1132, Train: 99.81%, Valid: 33.43%, Test: 32.09%, Best Valid: 40.67%, Best Test: 43.69%
Epoch: 400, Loss: 0.1545, Train: 99.90%, Valid: 32.85%, Test: 31.68%, Best Valid: 40.67%, Best Test: 43.69%
Run 09:
Highest Train: 99.90
Highest Valid: 40.67
Highest Test: 43.69
Chosen epoch: 12
Final Train: 57.67
Final Test: 43.69
Epoch: 00, Loss: 1.7539, Train: 10.43%, Valid: 12.28%, Test: 10.58%, Best Valid: 12.28%, Best Test: 10.58%
Epoch: 100, Loss: 0.1843, Train: 99.44%, Valid: 29.33%, Test: 30.29%, Best Valid: 41.75%, Best Test: 40.87%
Epoch: 200, Loss: 0.1282, Train: 99.44%, Valid: 30.15%, Test: 29.33%, Best Valid: 41.75%, Best Test: 40.87%
Epoch: 300, Loss: 0.1140, Train: 99.44%, Valid: 30.97%, Test: 29.33%, Best Valid: 41.75%, Best Test: 40.87%
Epoch: 400, Loss: 0.1364, Train: 99.44%, Valid: 31.24%, Test: 28.12%, Best Valid: 41.75%, Best Test: 40.87%
Run 10:
Highest Train: 99.44
Highest Valid: 41.75
Highest Test: 40.87
Chosen epoch: 9
Final Train: 50.93
Final Test: 40.87
All runs:
Highest Train: 99.70 ± 0.15
Highest Test: 41.58 ± 2.20
Highest Valid: 40.70 ± 1.07
  Final Train: 55.12 ± 5.21
   Final Test: 40.64 ± 2.99
Saving results to results/unified/squirrel/MPNN_sage.csv
--- mlp_reg | transform=none | lambda=0.01 | mlp_epochs=500 ---
Namespace(bn=True, cpu=False, data_dir='./data/', dataset='squirrel', device=0, display_step=100, dropout=0.7, epochs=500, gnn='sage', hidden_channels=256, jk=False, label_num_per_class=20, lambda_val=0.01, ln=False, local_layers=3, lr=0.01, metric='acc', mlp_epochs=500, mlp_reg=True, model='MPNN', model_dir='models', num_heads=1, oracle_reg=False, paired_seeds=True, penalty_transform='none', pre_linear=False, pre_ln=False, rand_split=False, rand_split_class=False, reg_start_epoch=10, reg_update_freq=5, res=True, result_dir='results/unified', runs=10, save_model=False, seed=42, test_num=1000, train_prop=0.5, use_reg=True, valid_num=500, valid_prop=0.25, weight_decay=0.0005)
squirrel
dataset squirrel | num nodes 2223 | num edge 46998 | num node feats 2089 | num classes 5
MODEL: MPNNs(
  (h_lins): ModuleList()
  (local_convs): ModuleList(
    (0): SAGEConv(2089, 256, aggr=mean)
    (1): SAGEConv(256, 256, aggr=mean)
    (2): SAGEConv(256, 256, aggr=mean)
  )
  (lins): ModuleList(
    (0): Linear(in_features=2089, out_features=256, bias=True)
    (1): Linear(in_features=256, out_features=256, bias=True)
    (2): Linear(in_features=256, out_features=256, bias=True)
  )
  (lns): ModuleList(
    (0): LayerNorm((256,), eps=1e-05, elementwise_affine=True)
    (1): LayerNorm((256,), eps=1e-05, elementwise_affine=True)
    (2): LayerNorm((256,), eps=1e-05, elementwise_affine=True)
  )
  (bns): ModuleList(
    (0): BatchNorm1d(256, eps=1e-05, momentum=0.1, affine=True, track_running_stats=True)
    (1): BatchNorm1d(256, eps=1e-05, momentum=0.1, affine=True, track_running_stats=True)
    (2): BatchNorm1d(256, eps=1e-05, momentum=0.1, affine=True, track_running_stats=True)
  )
  (lin_in): Linear(in_features=2089, out_features=256, bias=True)
  (pred_local): Linear(in_features=256, out_features=5, bias=True)
)
Pre-training MLP for 500 epochs to generate co-occurrence matrix...
MLP pre-training complete. Penalty matrix frozen.
Epoch: 00, Loss: 1.8893, Train: 15.48%, Valid: 13.51%, Test: 13.50%, Best Valid: 13.51%, Best Test: 13.50%
Epoch: 100, Loss: 0.1873, Train: 99.34%, Valid: 32.59%, Test: 34.29%, Best Valid: 39.55%, Best Test: 40.93%
Epoch: 200, Loss: 0.1601, Train: 99.43%, Valid: 32.73%, Test: 31.86%, Best Valid: 39.55%, Best Test: 40.93%
Epoch: 300, Loss: 0.1351, Train: 99.62%, Valid: 33.15%, Test: 33.19%, Best Valid: 39.55%, Best Test: 40.93%
Epoch: 400, Loss: 0.1008, Train: 99.53%, Valid: 33.70%, Test: 30.53%, Best Valid: 39.55%, Best Test: 40.93%
Run 01:
Highest Train: 99.62
Highest Valid: 39.55
Highest Test: 40.93
Chosen epoch: 9
Final Train: 50.33
Final Test: 40.93
Pre-training MLP for 500 epochs to generate co-occurrence matrix...
MLP pre-training complete. Penalty matrix frozen.
Epoch: 00, Loss: 1.8476, Train: 17.31%, Valid: 14.29%, Test: 13.09%, Best Valid: 14.29%, Best Test: 13.09%
Epoch: 100, Loss: 0.1302, Train: 99.54%, Valid: 32.43%, Test: 34.31%, Best Valid: 40.43%, Best Test: 43.12%
Epoch: 200, Loss: 0.1355, Train: 99.54%, Valid: 35.71%, Test: 33.18%, Best Valid: 40.43%, Best Test: 43.12%
Epoch: 300, Loss: 0.1194, Train: 99.72%, Valid: 31.14%, Test: 33.63%, Best Valid: 40.43%, Best Test: 43.12%
Epoch: 400, Loss: 0.1152, Train: 99.63%, Valid: 31.71%, Test: 34.31%, Best Valid: 40.43%, Best Test: 43.12%
Run 02:
Highest Train: 99.72
Highest Valid: 40.43
Highest Test: 43.12
Chosen epoch: 10
Final Train: 59.17
Final Test: 43.12
Pre-training MLP for 500 epochs to generate co-occurrence matrix...
MLP pre-training complete. Penalty matrix frozen.
Epoch: 00, Loss: 1.8434, Train: 13.56%, Valid: 15.98%, Test: 14.00%, Best Valid: 15.98%, Best Test: 14.00%
Epoch: 100, Loss: 0.1651, Train: 99.14%, Valid: 35.67%, Test: 32.44%, Best Valid: 41.05%, Best Test: 43.11%
Epoch: 200, Loss: 0.1361, Train: 99.43%, Valid: 33.61%, Test: 34.22%, Best Valid: 41.05%, Best Test: 43.11%
Epoch: 300, Loss: 0.1046, Train: 99.43%, Valid: 33.47%, Test: 34.22%, Best Valid: 41.05%, Best Test: 43.11%
Epoch: 400, Loss: 0.1457, Train: 99.62%, Valid: 36.36%, Test: 32.00%, Best Valid: 41.05%, Best Test: 43.11%
Run 03:
Highest Train: 99.62
Highest Valid: 41.05
Highest Test: 43.33
Chosen epoch: 11
Final Train: 57.02
Final Test: 43.11
Pre-training MLP for 500 epochs to generate co-occurrence matrix...
MLP pre-training complete. Penalty matrix frozen.
Epoch: 00, Loss: 1.8515, Train: 16.70%, Valid: 16.69%, Test: 15.11%, Best Valid: 16.69%, Best Test: 15.11%
Epoch: 100, Loss: 0.1584, Train: 99.25%, Valid: 32.82%, Test: 32.22%, Best Valid: 41.37%, Best Test: 45.11%
Epoch: 200, Loss: 0.1754, Train: 99.53%, Valid: 32.82%, Test: 32.89%, Best Valid: 41.37%, Best Test: 45.11%
Epoch: 300, Loss: 0.1237, Train: 99.53%, Valid: 33.66%, Test: 32.67%, Best Valid: 41.37%, Best Test: 45.11%
Epoch: 400, Loss: 0.1329, Train: 99.43%, Valid: 33.24%, Test: 31.33%, Best Valid: 41.37%, Best Test: 45.11%
Run 04:
Highest Train: 99.72
Highest Valid: 41.37
Highest Test: 45.11
Chosen epoch: 14
Final Train: 57.17
Final Test: 45.11
Pre-training MLP for 500 epochs to generate co-occurrence matrix...
MLP pre-training complete. Penalty matrix frozen.
Epoch: 00, Loss: 1.8149, Train: 14.22%, Valid: 14.74%, Test: 14.48%, Best Valid: 14.74%, Best Test: 14.48%
Epoch: 100, Loss: 0.1669, Train: 99.05%, Valid: 31.29%, Test: 33.63%, Best Valid: 38.53%, Best Test: 36.97%
Epoch: 200, Loss: 0.1398, Train: 99.34%, Valid: 29.21%, Test: 33.18%, Best Valid: 38.53%, Best Test: 36.97%
Epoch: 300, Loss: 0.1630, Train: 99.34%, Valid: 29.62%, Test: 30.96%, Best Valid: 38.53%, Best Test: 36.97%
Epoch: 400, Loss: 0.1176, Train: 99.34%, Valid: 31.85%, Test: 34.08%, Best Valid: 38.53%, Best Test: 36.97%
Run 05:
Highest Train: 99.43
Highest Valid: 38.53
Highest Test: 38.31
Chosen epoch: 8
Final Train: 53.74
Final Test: 36.97
Pre-training MLP for 500 epochs to generate co-occurrence matrix...
MLP pre-training complete. Penalty matrix frozen.
Epoch: 00, Loss: 1.8075, Train: 14.76%, Valid: 13.60%, Test: 14.95%, Best Valid: 13.60%, Best Test: 14.95%
Epoch: 100, Loss: 0.1077, Train: 99.44%, Valid: 31.40%, Test: 34.29%, Best Valid: 39.94%, Best Test: 40.00%
Epoch: 200, Loss: 0.1442, Train: 99.44%, Valid: 30.39%, Test: 34.73%, Best Valid: 39.94%, Best Test: 40.00%
Epoch: 300, Loss: 0.1185, Train: 99.44%, Valid: 32.71%, Test: 35.38%, Best Valid: 39.94%, Best Test: 40.00%
Epoch: 400, Loss: 0.1612, Train: 99.44%, Valid: 34.30%, Test: 33.85%, Best Valid: 39.94%, Best Test: 40.00%
Run 06:
Highest Train: 99.63
Highest Valid: 39.94
Highest Test: 41.98
Chosen epoch: 13
Final Train: 59.70
Final Test: 40.00
Pre-training MLP for 500 epochs to generate co-occurrence matrix...
MLP pre-training complete. Penalty matrix frozen.
Epoch: 00, Loss: 1.8155, Train: 16.50%, Valid: 16.33%, Test: 16.37%, Best Valid: 16.33%, Best Test: 16.37%
Epoch: 100, Loss: 0.1530, Train: 99.63%, Valid: 33.96%, Test: 33.63%, Best Valid: 41.47%, Best Test: 35.20%
Epoch: 200, Loss: 0.1190, Train: 99.63%, Valid: 34.83%, Test: 31.17%, Best Valid: 41.47%, Best Test: 35.20%
Epoch: 300, Loss: 0.1217, Train: 99.54%, Valid: 35.12%, Test: 31.39%, Best Valid: 41.47%, Best Test: 35.20%
Epoch: 400, Loss: 0.1344, Train: 99.63%, Valid: 34.54%, Test: 33.86%, Best Valid: 41.47%, Best Test: 35.20%
Run 07:
Highest Train: 100.00
Highest Valid: 41.47
Highest Test: 39.69
Chosen epoch: 7
Final Train: 48.57
Final Test: 35.20
Pre-training MLP for 500 epochs to generate co-occurrence matrix...
MLP pre-training complete. Penalty matrix frozen.
Epoch: 00, Loss: 1.8079, Train: 18.74%, Valid: 16.10%, Test: 14.55%, Best Valid: 16.10%, Best Test: 14.55%
Epoch: 100, Loss: 0.1773, Train: 99.33%, Valid: 31.94%, Test: 32.56%, Best Valid: 40.73%, Best Test: 35.33%
Epoch: 200, Loss: 0.1460, Train: 99.43%, Valid: 31.94%, Test: 32.10%, Best Valid: 40.73%, Best Test: 35.33%
Epoch: 300, Loss: 0.1329, Train: 99.52%, Valid: 31.66%, Test: 33.03%, Best Valid: 40.73%, Best Test: 35.33%
Epoch: 400, Loss: 0.1615, Train: 99.43%, Valid: 28.28%, Test: 34.41%, Best Valid: 40.73%, Best Test: 35.33%
Run 08:
Highest Train: 99.71
Highest Valid: 40.73
Highest Test: 38.80
Chosen epoch: 10
Final Train: 58.33
Final Test: 35.33
Pre-training MLP for 500 epochs to generate co-occurrence matrix...
MLP pre-training complete. Penalty matrix frozen.
Epoch: 00, Loss: 1.8269, Train: 19.45%, Valid: 17.08%, Test: 16.98%, Best Valid: 17.08%, Best Test: 16.98%
Epoch: 100, Loss: 0.1172, Train: 99.71%, Valid: 34.01%, Test: 33.13%, Best Valid: 40.52%, Best Test: 43.27%
Epoch: 200, Loss: 0.1110, Train: 99.81%, Valid: 34.01%, Test: 33.54%, Best Valid: 40.52%, Best Test: 43.27%
Epoch: 300, Loss: 0.1316, Train: 99.81%, Valid: 34.59%, Test: 36.85%, Best Valid: 40.52%, Best Test: 43.27%
Epoch: 400, Loss: 0.1363, Train: 99.81%, Valid: 33.29%, Test: 34.78%, Best Valid: 40.52%, Best Test: 43.27%
Run 09:
Highest Train: 99.90
Highest Valid: 40.52
Highest Test: 43.27
Chosen epoch: 12
Final Train: 56.53
Final Test: 43.27
Pre-training MLP for 500 epochs to generate co-occurrence matrix...
MLP pre-training complete. Penalty matrix frozen.
Epoch: 00, Loss: 1.7714, Train: 10.34%, Valid: 12.14%, Test: 10.10%, Best Valid: 12.14%, Best Test: 10.10%
Epoch: 100, Loss: 0.1471, Train: 99.44%, Valid: 31.92%, Test: 33.65%, Best Valid: 42.02%, Best Test: 40.38%
Epoch: 200, Loss: 0.1518, Train: 99.44%, Valid: 32.20%, Test: 31.97%, Best Valid: 42.02%, Best Test: 40.38%
Epoch: 300, Loss: 0.1117, Train: 99.44%, Valid: 30.83%, Test: 27.64%, Best Valid: 42.02%, Best Test: 40.38%
Epoch: 400, Loss: 0.1689, Train: 99.44%, Valid: 34.24%, Test: 31.01%, Best Valid: 42.02%, Best Test: 40.38%
Run 10:
Highest Train: 99.44
Highest Valid: 42.02
Highest Test: 41.11
Chosen epoch: 9
Final Train: 50.74
Final Test: 40.38
All runs:
Highest Train: 99.68 ± 0.18
Highest Test: 41.56 ± 2.20
Highest Valid: 40.56 ± 1.02
  Final Train: 55.13 ± 4.00
   Final Test: 40.34 ± 3.50
Saving results to results/unified/squirrel/MPNN_sage.csv
--- mlp_reg | transform=none | lambda=0.05 | mlp_epochs=500 ---
Namespace(bn=True, cpu=False, data_dir='./data/', dataset='squirrel', device=0, display_step=100, dropout=0.7, epochs=500, gnn='sage', hidden_channels=256, jk=False, label_num_per_class=20, lambda_val=0.05, ln=False, local_layers=3, lr=0.01, metric='acc', mlp_epochs=500, mlp_reg=True, model='MPNN', model_dir='models', num_heads=1, oracle_reg=False, paired_seeds=True, penalty_transform='none', pre_linear=False, pre_ln=False, rand_split=False, rand_split_class=False, reg_start_epoch=10, reg_update_freq=5, res=True, result_dir='results/unified', runs=10, save_model=False, seed=42, test_num=1000, train_prop=0.5, use_reg=True, valid_num=500, valid_prop=0.25, weight_decay=0.0005)
squirrel
dataset squirrel | num nodes 2223 | num edge 46998 | num node feats 2089 | num classes 5
MODEL: MPNNs(
  (h_lins): ModuleList()
  (local_convs): ModuleList(
    (0): SAGEConv(2089, 256, aggr=mean)
    (1): SAGEConv(256, 256, aggr=mean)
    (2): SAGEConv(256, 256, aggr=mean)
  )
  (lins): ModuleList(
    (0): Linear(in_features=2089, out_features=256, bias=True)
    (1): Linear(in_features=256, out_features=256, bias=True)
    (2): Linear(in_features=256, out_features=256, bias=True)
  )
  (lns): ModuleList(
    (0): LayerNorm((256,), eps=1e-05, elementwise_affine=True)
    (1): LayerNorm((256,), eps=1e-05, elementwise_affine=True)
    (2): LayerNorm((256,), eps=1e-05, elementwise_affine=True)
  )
  (bns): ModuleList(
    (0): BatchNorm1d(256, eps=1e-05, momentum=0.1, affine=True, track_running_stats=True)
    (1): BatchNorm1d(256, eps=1e-05, momentum=0.1, affine=True, track_running_stats=True)
    (2): BatchNorm1d(256, eps=1e-05, momentum=0.1, affine=True, track_running_stats=True)
  )
  (lin_in): Linear(in_features=2089, out_features=256, bias=True)
  (pred_local): Linear(in_features=256, out_features=5, bias=True)
)
Pre-training MLP for 500 epochs to generate co-occurrence matrix...
MLP pre-training complete. Penalty matrix frozen.
Epoch: 00, Loss: 1.9641, Train: 15.48%, Valid: 13.51%, Test: 13.50%, Best Valid: 13.51%, Best Test: 13.50%
Epoch: 100, Loss: 0.1674, Train: 99.24%, Valid: 34.54%, Test: 36.73%, Best Valid: 39.69%, Best Test: 40.27%
Epoch: 200, Loss: 0.1368, Train: 99.34%, Valid: 32.31%, Test: 33.63%, Best Valid: 39.69%, Best Test: 40.27%
Epoch: 300, Loss: 0.1217, Train: 99.43%, Valid: 29.94%, Test: 35.84%, Best Valid: 39.69%, Best Test: 40.27%
Epoch: 400, Loss: 0.1272, Train: 99.62%, Valid: 33.29%, Test: 35.62%, Best Valid: 39.69%, Best Test: 40.27%
Run 01:
Highest Train: 99.62
Highest Valid: 39.69
Highest Test: 40.71
Chosen epoch: 8
Final Train: 47.67
Final Test: 40.27
Pre-training MLP for 500 epochs to generate co-occurrence matrix...
MLP pre-training complete. Penalty matrix frozen.
Epoch: 00, Loss: 1.9208, Train: 17.04%, Valid: 13.43%, Test: 12.64%, Best Valid: 13.43%, Best Test: 12.64%
Epoch: 100, Loss: 0.1582, Train: 99.54%, Valid: 35.86%, Test: 34.54%, Best Valid: 40.71%, Best Test: 43.12%
Epoch: 200, Loss: 0.1280, Train: 99.63%, Valid: 32.14%, Test: 34.99%, Best Valid: 40.71%, Best Test: 43.12%
Epoch: 300, Loss: 0.1473, Train: 99.54%, Valid: 31.29%, Test: 35.21%, Best Valid: 40.71%, Best Test: 43.12%
Epoch: 400, Loss: 0.1642, Train: 99.63%, Valid: 31.29%, Test: 34.54%, Best Valid: 40.71%, Best Test: 43.12%
Run 02:
Highest Train: 99.72
Highest Valid: 40.71
Highest Test: 43.12
Chosen epoch: 10
Final Train: 60.09
Final Test: 43.12
Pre-training MLP for 500 epochs to generate co-occurrence matrix...
MLP pre-training complete. Penalty matrix frozen.
Epoch: 00, Loss: 1.9164, Train: 13.56%, Valid: 15.98%, Test: 14.00%, Best Valid: 15.98%, Best Test: 14.00%
Epoch: 100, Loss: 0.1671, Train: 99.33%, Valid: 36.09%, Test: 32.89%, Best Valid: 40.63%, Best Test: 42.22%
Epoch: 200, Loss: 0.1465, Train: 99.43%, Valid: 32.92%, Test: 31.11%, Best Valid: 40.63%, Best Test: 42.22%
Epoch: 300, Loss: 0.1449, Train: 99.43%, Valid: 34.30%, Test: 33.78%, Best Valid: 40.63%, Best Test: 42.22%
Epoch: 400, Loss: 0.1509, Train: 99.33%, Valid: 35.12%, Test: 32.00%, Best Valid: 40.63%, Best Test: 42.22%
Run 03:
Highest Train: 99.71
Highest Valid: 40.63
Highest Test: 42.67
Chosen epoch: 11
Final Train: 56.06
Final Test: 42.22
Pre-training MLP for 500 epochs to generate co-occurrence matrix...
MLP pre-training complete. Penalty matrix frozen.
Epoch: 00, Loss: 1.9248, Train: 16.51%, Valid: 15.15%, Test: 14.44%, Best Valid: 15.15%, Best Test: 14.44%
Epoch: 100, Loss: 0.1430, Train: 99.34%, Valid: 33.10%, Test: 32.44%, Best Valid: 41.80%, Best Test: 43.78%
Epoch: 200, Loss: 0.1834, Train: 99.34%, Valid: 33.52%, Test: 32.44%, Best Valid: 41.80%, Best Test: 43.78%
Epoch: 300, Loss: 0.1849, Train: 99.34%, Valid: 32.96%, Test: 32.44%, Best Valid: 41.80%, Best Test: 43.78%
Epoch: 400, Loss: 0.1517, Train: 99.53%, Valid: 34.36%, Test: 34.00%, Best Valid: 41.80%, Best Test: 43.78%
Run 04:
Highest Train: 99.72
Highest Valid: 41.80
Highest Test: 43.78
Chosen epoch: 14
Final Train: 58.40
Final Test: 43.78
Pre-training MLP for 500 epochs to generate co-occurrence matrix...
MLP pre-training complete. Penalty matrix frozen.
Epoch: 00, Loss: 1.8868, Train: 14.22%, Valid: 14.74%, Test: 14.48%, Best Valid: 14.74%, Best Test: 14.48%
Epoch: 100, Loss: 0.1530, Train: 99.15%, Valid: 30.46%, Test: 34.30%, Best Valid: 37.83%, Best Test: 38.75%
Epoch: 200, Loss: 0.1815, Train: 99.34%, Valid: 29.76%, Test: 32.52%, Best Valid: 37.83%, Best Test: 38.75%
Epoch: 300, Loss: 0.1507, Train: 99.43%, Valid: 29.49%, Test: 33.18%, Best Valid: 37.83%, Best Test: 38.75%
Epoch: 400, Loss: 0.1496, Train: 99.43%, Valid: 30.74%, Test: 34.97%, Best Valid: 37.83%, Best Test: 38.75%
Run 05:
Highest Train: 99.53
Highest Valid: 37.83
Highest Test: 38.75
Chosen epoch: 9
Final Train: 55.07
Final Test: 38.75
Pre-training MLP for 500 epochs to generate co-occurrence matrix...
MLP pre-training complete. Penalty matrix frozen.
Epoch: 00, Loss: 1.8791, Train: 14.76%, Valid: 13.60%, Test: 14.95%, Best Valid: 13.60%, Best Test: 14.95%
Epoch: 100, Loss: 0.1236, Train: 99.44%, Valid: 32.13%, Test: 31.87%, Best Valid: 39.80%, Best Test: 39.78%
Epoch: 200, Loss: 0.1322, Train: 99.44%, Valid: 30.39%, Test: 33.63%, Best Valid: 39.80%, Best Test: 39.78%
Epoch: 300, Loss: 0.1889, Train: 99.54%, Valid: 32.56%, Test: 30.99%, Best Valid: 39.80%, Best Test: 39.78%
Epoch: 400, Loss: 0.1102, Train: 99.44%, Valid: 32.71%, Test: 34.73%, Best Valid: 39.80%, Best Test: 39.78%
Run 06:
Highest Train: 99.63
Highest Valid: 39.80
Highest Test: 40.88
Chosen epoch: 13
Final Train: 58.77
Final Test: 39.78
Pre-training MLP for 500 epochs to generate co-occurrence matrix...
MLP pre-training complete. Penalty matrix frozen.
Epoch: 00, Loss: 1.8874, Train: 16.31%, Valid: 16.62%, Test: 16.59%, Best Valid: 16.62%, Best Test: 16.59%
Epoch: 100, Loss: 0.1700, Train: 99.35%, Valid: 36.56%, Test: 37.22%, Best Valid: 41.76%, Best Test: 38.79%
Epoch: 200, Loss: 0.1122, Train: 99.72%, Valid: 33.96%, Test: 32.74%, Best Valid: 41.76%, Best Test: 38.79%
Epoch: 300, Loss: 0.1376, Train: 99.63%, Valid: 35.69%, Test: 34.30%, Best Valid: 41.76%, Best Test: 38.79%
Epoch: 400, Loss: 0.1283, Train: 99.91%, Valid: 35.84%, Test: 34.08%, Best Valid: 41.76%, Best Test: 38.79%
Run 07:
Highest Train: 100.00
Highest Valid: 41.76
Highest Test: 39.69
Chosen epoch: 11
Final Train: 50.88
Final Test: 38.79
Pre-training MLP for 500 epochs to generate co-occurrence matrix...
MLP pre-training complete. Penalty matrix frozen.
Epoch: 00, Loss: 1.8795, Train: 18.74%, Valid: 16.51%, Test: 15.01%, Best Valid: 16.51%, Best Test: 15.01%
Epoch: 100, Loss: 0.1600, Train: 99.33%, Valid: 33.02%, Test: 33.26%, Best Valid: 40.19%, Best Test: 34.64%
Epoch: 200, Loss: 0.1281, Train: 99.33%, Valid: 32.48%, Test: 33.95%, Best Valid: 40.19%, Best Test: 34.64%
Epoch: 300, Loss: 0.1600, Train: 99.52%, Valid: 33.29%, Test: 34.18%, Best Valid: 40.19%, Best Test: 34.64%
Epoch: 400, Loss: 0.1370, Train: 99.52%, Valid: 33.42%, Test: 33.03%, Best Valid: 40.19%, Best Test: 34.64%
Run 08:
Highest Train: 99.71
Highest Valid: 40.19
Highest Test: 37.88
Chosen epoch: 11
Final Train: 61.08
Final Test: 34.64
Pre-training MLP for 500 epochs to generate co-occurrence matrix...
MLP pre-training complete. Penalty matrix frozen.
Epoch: 00, Loss: 1.8993, Train: 19.45%, Valid: 17.08%, Test: 16.98%, Best Valid: 17.08%, Best Test: 16.98%
Epoch: 100, Loss: 0.1397, Train: 99.81%, Valid: 33.72%, Test: 33.33%, Best Valid: 40.96%, Best Test: 43.48%
Epoch: 200, Loss: 0.1456, Train: 99.81%, Valid: 32.85%, Test: 32.92%, Best Valid: 40.96%, Best Test: 43.48%
Epoch: 300, Loss: 0.1785, Train: 99.81%, Valid: 34.73%, Test: 34.37%, Best Valid: 40.96%, Best Test: 43.48%
Epoch: 400, Loss: 0.1093, Train: 99.81%, Valid: 33.14%, Test: 34.16%, Best Valid: 40.96%, Best Test: 43.48%
Run 09:
Highest Train: 99.90
Highest Valid: 40.96
Highest Test: 43.48
Chosen epoch: 12
Final Train: 59.10
Final Test: 43.48
Pre-training MLP for 500 epochs to generate co-occurrence matrix...
MLP pre-training complete. Penalty matrix frozen.
Epoch: 00, Loss: 1.8416, Train: 10.15%, Valid: 11.46%, Test: 10.10%, Best Valid: 11.46%, Best Test: 10.10%
Epoch: 100, Loss: 0.1497, Train: 99.35%, Valid: 32.06%, Test: 31.01%, Best Valid: 42.43%, Best Test: 39.66%
Epoch: 200, Loss: 0.1420, Train: 99.44%, Valid: 30.15%, Test: 28.61%, Best Valid: 42.43%, Best Test: 39.66%
Epoch: 300, Loss: 0.1443, Train: 99.44%, Valid: 32.33%, Test: 29.09%, Best Valid: 42.43%, Best Test: 39.66%
Epoch: 400, Loss: 0.1708, Train: 99.44%, Valid: 32.47%, Test: 29.09%, Best Valid: 42.43%, Best Test: 39.66%
Run 10:
Highest Train: 99.53
Highest Valid: 42.43
Highest Test: 41.11
Chosen epoch: 10
Final Train: 54.38
Final Test: 39.66
All runs:
Highest Train: 99.71 ± 0.15
Highest Test: 41.20 ± 2.04
Highest Valid: 40.58 ± 1.32
  Final Train: 56.15 ± 4.28
   Final Test: 40.45 ± 2.81
Saving results to results/unified/squirrel/MPNN_sage.csv
--- mlp_reg | transform=none | lambda=0.1 | mlp_epochs=500 ---
Namespace(bn=True, cpu=False, data_dir='./data/', dataset='squirrel', device=0, display_step=100, dropout=0.7, epochs=500, gnn='sage', hidden_channels=256, jk=False, label_num_per_class=20, lambda_val=0.1, ln=False, local_layers=3, lr=0.01, metric='acc', mlp_epochs=500, mlp_reg=True, model='MPNN', model_dir='models', num_heads=1, oracle_reg=False, paired_seeds=True, penalty_transform='none', pre_linear=False, pre_ln=False, rand_split=False, rand_split_class=False, reg_start_epoch=10, reg_update_freq=5, res=True, result_dir='results/unified', runs=10, save_model=False, seed=42, test_num=1000, train_prop=0.5, use_reg=True, valid_num=500, valid_prop=0.25, weight_decay=0.0005)
squirrel
dataset squirrel | num nodes 2223 | num edge 46998 | num node feats 2089 | num classes 5
MODEL: MPNNs(
  (h_lins): ModuleList()
  (local_convs): ModuleList(
    (0): SAGEConv(2089, 256, aggr=mean)
    (1): SAGEConv(256, 256, aggr=mean)
    (2): SAGEConv(256, 256, aggr=mean)
  )
  (lins): ModuleList(
    (0): Linear(in_features=2089, out_features=256, bias=True)
    (1): Linear(in_features=256, out_features=256, bias=True)
    (2): Linear(in_features=256, out_features=256, bias=True)
  )
  (lns): ModuleList(
    (0): LayerNorm((256,), eps=1e-05, elementwise_affine=True)
    (1): LayerNorm((256,), eps=1e-05, elementwise_affine=True)
    (2): LayerNorm((256,), eps=1e-05, elementwise_affine=True)
  )
  (bns): ModuleList(
    (0): BatchNorm1d(256, eps=1e-05, momentum=0.1, affine=True, track_running_stats=True)
    (1): BatchNorm1d(256, eps=1e-05, momentum=0.1, affine=True, track_running_stats=True)
    (2): BatchNorm1d(256, eps=1e-05, momentum=0.1, affine=True, track_running_stats=True)
  )
  (lin_in): Linear(in_features=2089, out_features=256, bias=True)
  (pred_local): Linear(in_features=256, out_features=5, bias=True)
)
Pre-training MLP for 500 epochs to generate co-occurrence matrix...
MLP pre-training complete. Penalty matrix frozen.
Epoch: 00, Loss: 2.0576, Train: 15.48%, Valid: 13.51%, Test: 13.50%, Best Valid: 13.51%, Best Test: 13.50%
Epoch: 100, Loss: 0.1293, Train: 99.15%, Valid: 34.12%, Test: 37.17%, Best Valid: 39.69%, Best Test: 39.16%
Epoch: 200, Loss: 0.1424, Train: 99.43%, Valid: 33.98%, Test: 34.96%, Best Valid: 39.69%, Best Test: 39.16%
Epoch: 300, Loss: 0.1679, Train: 99.43%, Valid: 34.26%, Test: 32.52%, Best Valid: 39.69%, Best Test: 39.16%
Epoch: 400, Loss: 0.1160, Train: 99.43%, Valid: 34.12%, Test: 34.29%, Best Valid: 39.69%, Best Test: 39.16%
Run 01:
Highest Train: 99.62
Highest Valid: 39.69
Highest Test: 41.15
Chosen epoch: 13
Final Train: 54.51
Final Test: 39.16
Pre-training MLP for 500 epochs to generate co-occurrence matrix...
MLP pre-training complete. Penalty matrix frozen.
Epoch: 00, Loss: 2.0123, Train: 17.41%, Valid: 13.43%, Test: 12.64%, Best Valid: 13.43%, Best Test: 12.64%
Epoch: 100, Loss: 0.1149, Train: 99.54%, Valid: 33.00%, Test: 34.54%, Best Valid: 40.00%, Best Test: 42.66%
Epoch: 200, Loss: 0.1530, Train: 99.54%, Valid: 32.86%, Test: 34.99%, Best Valid: 40.00%, Best Test: 42.66%
Epoch: 300, Loss: 0.1285, Train: 99.63%, Valid: 29.57%, Test: 33.63%, Best Valid: 40.00%, Best Test: 42.66%
Epoch: 400, Loss: 0.1387, Train: 99.63%, Valid: 32.14%, Test: 38.15%, Best Valid: 40.00%, Best Test: 42.66%
Run 02:
Highest Train: 99.72
Highest Valid: 40.00
Highest Test: 43.34
Chosen epoch: 9
Final Train: 55.37
Final Test: 42.66
Pre-training MLP for 500 epochs to generate co-occurrence matrix...
MLP pre-training complete. Penalty matrix frozen.
Epoch: 00, Loss: 2.0076, Train: 13.56%, Valid: 15.98%, Test: 14.00%, Best Valid: 15.98%, Best Test: 14.00%
Epoch: 100, Loss: 0.1631, Train: 99.33%, Valid: 33.20%, Test: 32.22%, Best Valid: 41.05%, Best Test: 41.33%
Epoch: 200, Loss: 0.1335, Train: 99.43%, Valid: 35.40%, Test: 34.44%, Best Valid: 41.05%, Best Test: 41.33%
Epoch: 300, Loss: 0.1648, Train: 99.43%, Valid: 36.36%, Test: 34.89%, Best Valid: 41.05%, Best Test: 41.33%
Epoch: 400, Loss: 0.1212, Train: 99.43%, Valid: 34.99%, Test: 33.33%, Best Valid: 41.05%, Best Test: 41.33%
Run 03:
Highest Train: 99.71
Highest Valid: 41.05
Highest Test: 43.11
Chosen epoch: 9
Final Train: 50.24
Final Test: 41.33
Pre-training MLP for 500 epochs to generate co-occurrence matrix...
MLP pre-training complete. Penalty matrix frozen.
Epoch: 00, Loss: 2.0164, Train: 16.79%, Valid: 14.59%, Test: 15.56%, Best Valid: 14.59%, Best Test: 15.56%
Epoch: 100, Loss: 0.1744, Train: 99.43%, Valid: 32.68%, Test: 33.11%, Best Valid: 41.23%, Best Test: 45.33%
Epoch: 200, Loss: 0.1787, Train: 99.25%, Valid: 33.24%, Test: 33.56%, Best Valid: 41.23%, Best Test: 45.33%
Epoch: 300, Loss: 0.1362, Train: 99.43%, Valid: 33.38%, Test: 32.44%, Best Valid: 41.23%, Best Test: 45.33%
Epoch: 400, Loss: 0.1550, Train: 99.62%, Valid: 32.54%, Test: 31.78%, Best Valid: 41.23%, Best Test: 45.33%
Run 04:
Highest Train: 99.72
Highest Valid: 41.23
Highest Test: 45.33
Chosen epoch: 14
Final Train: 59.06
Final Test: 45.33
Pre-training MLP for 500 epochs to generate co-occurrence matrix...
MLP pre-training complete. Penalty matrix frozen.
Epoch: 00, Loss: 1.9766, Train: 14.22%, Valid: 14.74%, Test: 14.48%, Best Valid: 14.74%, Best Test: 14.48%
Epoch: 100, Loss: 0.1762, Train: 99.24%, Valid: 29.35%, Test: 30.29%, Best Valid: 38.11%, Best Test: 38.31%
Epoch: 200, Loss: 0.1508, Train: 99.34%, Valid: 29.07%, Test: 34.74%, Best Valid: 38.11%, Best Test: 38.31%
Epoch: 300, Loss: 0.1689, Train: 99.34%, Valid: 28.93%, Test: 31.63%, Best Valid: 38.11%, Best Test: 38.31%
Epoch: 400, Loss: 0.1556, Train: 99.34%, Valid: 30.04%, Test: 34.08%, Best Valid: 38.11%, Best Test: 38.31%
Run 05:
Highest Train: 99.53
Highest Valid: 38.11
Highest Test: 39.20
Chosen epoch: 9
Final Train: 52.99
Final Test: 38.31
Pre-training MLP for 500 epochs to generate co-occurrence matrix...
MLP pre-training complete. Penalty matrix frozen.
Epoch: 00, Loss: 1.9686, Train: 14.76%, Valid: 13.60%, Test: 14.95%, Best Valid: 13.60%, Best Test: 14.95%
Epoch: 100, Loss: 0.1472, Train: 99.26%, Valid: 30.68%, Test: 34.73%, Best Valid: 39.51%, Best Test: 39.12%
Epoch: 200, Loss: 0.1296, Train: 99.44%, Valid: 30.97%, Test: 32.75%, Best Valid: 39.51%, Best Test: 39.12%
Epoch: 300, Loss: 0.1407, Train: 99.35%, Valid: 34.01%, Test: 34.07%, Best Valid: 39.51%, Best Test: 39.12%
Epoch: 400, Loss: 0.1383, Train: 99.54%, Valid: 30.54%, Test: 33.41%, Best Valid: 39.51%, Best Test: 39.12%
Run 06:
Highest Train: 99.72
Highest Valid: 39.51
Highest Test: 41.32
Chosen epoch: 12
Final Train: 56.45
Final Test: 39.12
Pre-training MLP for 500 epochs to generate co-occurrence matrix...
MLP pre-training complete. Penalty matrix frozen.
Epoch: 00, Loss: 1.9772, Train: 16.22%, Valid: 16.62%, Test: 16.59%, Best Valid: 16.62%, Best Test: 16.59%
Epoch: 100, Loss: 0.1627, Train: 99.45%, Valid: 32.95%, Test: 34.53%, Best Valid: 41.91%, Best Test: 39.91%
Epoch: 200, Loss: 0.1146, Train: 99.54%, Valid: 34.68%, Test: 32.96%, Best Valid: 41.91%, Best Test: 39.91%
Epoch: 300, Loss: 0.1484, Train: 99.63%, Valid: 34.39%, Test: 33.41%, Best Valid: 41.91%, Best Test: 39.91%
Epoch: 400, Loss: 0.1103, Train: 99.63%, Valid: 34.68%, Test: 31.61%, Best Valid: 41.91%, Best Test: 39.91%
Run 07:
Highest Train: 99.91
Highest Valid: 41.91
Highest Test: 39.91
Chosen epoch: 12
Final Train: 54.75
Final Test: 39.91
Pre-training MLP for 500 epochs to generate co-occurrence matrix...
MLP pre-training complete. Penalty matrix frozen.
Epoch: 00, Loss: 1.9690, Train: 18.65%, Valid: 16.51%, Test: 15.70%, Best Valid: 16.51%, Best Test: 15.70%
Epoch: 100, Loss: 0.1588, Train: 99.33%, Valid: 31.12%, Test: 34.18%, Best Valid: 41.14%, Best Test: 35.33%
Epoch: 200, Loss: 0.1648, Train: 99.33%, Valid: 30.18%, Test: 32.10%, Best Valid: 41.14%, Best Test: 35.33%
Epoch: 300, Loss: 0.1328, Train: 99.33%, Valid: 30.18%, Test: 33.26%, Best Valid: 41.14%, Best Test: 35.33%
Epoch: 400, Loss: 0.1617, Train: 99.52%, Valid: 32.34%, Test: 34.18%, Best Valid: 41.14%, Best Test: 35.33%
Run 08:
Highest Train: 99.71
Highest Valid: 41.14
Highest Test: 38.80
Chosen epoch: 17
Final Train: 74.50
Final Test: 35.33
Pre-training MLP for 500 epochs to generate co-occurrence matrix...
MLP pre-training complete. Penalty matrix frozen.
Epoch: 00, Loss: 1.9897, Train: 20.02%, Valid: 17.37%, Test: 17.18%, Best Valid: 17.37%, Best Test: 17.18%
Epoch: 100, Loss: 0.1320, Train: 99.24%, Valid: 36.47%, Test: 33.95%, Best Valid: 39.94%, Best Test: 42.65%
Epoch: 200, Loss: 0.1118, Train: 99.81%, Valid: 32.71%, Test: 32.71%, Best Valid: 39.94%, Best Test: 42.65%
Epoch: 300, Loss: 0.1570, Train: 99.81%, Valid: 32.56%, Test: 34.78%, Best Valid: 39.94%, Best Test: 42.65%
Epoch: 400, Loss: 0.1338, Train: 99.81%, Valid: 31.69%, Test: 30.85%, Best Valid: 39.94%, Best Test: 42.65%
Run 09:
Highest Train: 99.90
Highest Valid: 39.94
Highest Test: 42.65
Chosen epoch: 12
Final Train: 57.86
Final Test: 42.65
Pre-training MLP for 500 epochs to generate co-occurrence matrix...
MLP pre-training complete. Penalty matrix frozen.
Epoch: 00, Loss: 1.9293, Train: 10.15%, Valid: 11.60%, Test: 10.10%, Best Valid: 11.60%, Best Test: 10.10%
Epoch: 100, Loss: 0.1513, Train: 99.44%, Valid: 30.70%, Test: 33.17%, Best Valid: 42.29%, Best Test: 39.90%
Epoch: 200, Loss: 0.1560, Train: 99.44%, Valid: 32.33%, Test: 29.09%, Best Valid: 42.29%, Best Test: 39.90%
Epoch: 300, Loss: 0.1430, Train: 99.44%, Valid: 32.33%, Test: 30.77%, Best Valid: 42.29%, Best Test: 39.90%
Epoch: 400, Loss: 0.2057, Train: 99.44%, Valid: 32.88%, Test: 30.05%, Best Valid: 42.29%, Best Test: 39.90%
Run 10:
Highest Train: 99.53
Highest Valid: 42.29
Highest Test: 39.90
Chosen epoch: 11
Final Train: 58.57
Final Test: 39.90
All runs:
Highest Train: 99.71 ± 0.13
Highest Test: 41.47 ± 2.10
Highest Valid: 40.49 ± 1.26
  Final Train: 57.43 ± 6.57
   Final Test: 40.37 ± 2.77
Saving results to results/unified/squirrel/MPNN_sage.csv
--- mlp_reg | transform=none | lambda=0.2 | mlp_epochs=500 ---
Namespace(bn=True, cpu=False, data_dir='./data/', dataset='squirrel', device=0, display_step=100, dropout=0.7, epochs=500, gnn='sage', hidden_channels=256, jk=False, label_num_per_class=20, lambda_val=0.2, ln=False, local_layers=3, lr=0.01, metric='acc', mlp_epochs=500, mlp_reg=True, model='MPNN', model_dir='models', num_heads=1, oracle_reg=False, paired_seeds=True, penalty_transform='none', pre_linear=False, pre_ln=False, rand_split=False, rand_split_class=False, reg_start_epoch=10, reg_update_freq=5, res=True, result_dir='results/unified', runs=10, save_model=False, seed=42, test_num=1000, train_prop=0.5, use_reg=True, valid_num=500, valid_prop=0.25, weight_decay=0.0005)
squirrel
dataset squirrel | num nodes 2223 | num edge 46998 | num node feats 2089 | num classes 5
MODEL: MPNNs(
  (h_lins): ModuleList()
  (local_convs): ModuleList(
    (0): SAGEConv(2089, 256, aggr=mean)
    (1): SAGEConv(256, 256, aggr=mean)
    (2): SAGEConv(256, 256, aggr=mean)
  )
  (lins): ModuleList(
    (0): Linear(in_features=2089, out_features=256, bias=True)
    (1): Linear(in_features=256, out_features=256, bias=True)
    (2): Linear(in_features=256, out_features=256, bias=True)
  )
  (lns): ModuleList(
    (0): LayerNorm((256,), eps=1e-05, elementwise_affine=True)
    (1): LayerNorm((256,), eps=1e-05, elementwise_affine=True)
    (2): LayerNorm((256,), eps=1e-05, elementwise_affine=True)
  )
  (bns): ModuleList(
    (0): BatchNorm1d(256, eps=1e-05, momentum=0.1, affine=True, track_running_stats=True)
    (1): BatchNorm1d(256, eps=1e-05, momentum=0.1, affine=True, track_running_stats=True)
    (2): BatchNorm1d(256, eps=1e-05, momentum=0.1, affine=True, track_running_stats=True)
  )
  (lin_in): Linear(in_features=2089, out_features=256, bias=True)
  (pred_local): Linear(in_features=256, out_features=5, bias=True)
)
Pre-training MLP for 500 epochs to generate co-occurrence matrix...
MLP pre-training complete. Penalty matrix frozen.
Epoch: 00, Loss: 2.2447, Train: 15.48%, Valid: 13.51%, Test: 13.27%, Best Valid: 13.51%, Best Test: 13.27%
Epoch: 100, Loss: 0.1598, Train: 99.15%, Valid: 33.84%, Test: 33.19%, Best Valid: 40.39%, Best Test: 40.27%
Epoch: 200, Loss: 0.1683, Train: 99.43%, Valid: 33.84%, Test: 34.51%, Best Valid: 40.39%, Best Test: 40.27%
Epoch: 300, Loss: 0.1641, Train: 99.43%, Valid: 32.59%, Test: 32.08%, Best Valid: 40.39%, Best Test: 40.27%
Epoch: 400, Loss: 0.1913, Train: 99.53%, Valid: 30.50%, Test: 33.41%, Best Valid: 40.39%, Best Test: 40.27%
Run 01:
Highest Train: 99.62
Highest Valid: 40.39
Highest Test: 41.81
Chosen epoch: 11
Final Train: 54.51
Final Test: 40.27
Pre-training MLP for 500 epochs to generate co-occurrence matrix...
MLP pre-training complete. Penalty matrix frozen.
Epoch: 00, Loss: 2.1952, Train: 16.94%, Valid: 13.43%, Test: 12.64%, Best Valid: 13.43%, Best Test: 12.64%
Epoch: 100, Loss: 0.1507, Train: 99.54%, Valid: 32.00%, Test: 35.44%, Best Valid: 41.57%, Best Test: 39.73%
Epoch: 200, Loss: 0.1811, Train: 99.54%, Valid: 34.43%, Test: 34.31%, Best Valid: 41.57%, Best Test: 39.73%
Epoch: 300, Loss: 0.1957, Train: 99.63%, Valid: 32.71%, Test: 33.18%, Best Valid: 41.57%, Best Test: 39.73%
Epoch: 400, Loss: 0.1765, Train: 99.63%, Valid: 33.00%, Test: 37.25%, Best Valid: 41.57%, Best Test: 39.73%
Run 02:
Highest Train: 99.72
Highest Valid: 41.57
Highest Test: 42.21
Chosen epoch: 17
Final Train: 74.17
Final Test: 39.73
Pre-training MLP for 500 epochs to generate co-occurrence matrix...
MLP pre-training complete. Penalty matrix frozen.
Epoch: 00, Loss: 2.1901, Train: 13.56%, Valid: 15.98%, Test: 14.00%, Best Valid: 15.98%, Best Test: 14.00%
Epoch: 100, Loss: 0.1762, Train: 99.14%, Valid: 36.09%, Test: 34.67%, Best Valid: 40.63%, Best Test: 42.44%
Epoch: 200, Loss: 0.1867, Train: 99.43%, Valid: 34.71%, Test: 34.44%, Best Valid: 40.63%, Best Test: 42.44%
Epoch: 300, Loss: 0.1856, Train: 99.43%, Valid: 34.85%, Test: 34.89%, Best Valid: 40.63%, Best Test: 42.44%
Epoch: 400, Loss: 0.1731, Train: 99.43%, Valid: 35.54%, Test: 33.11%, Best Valid: 40.63%, Best Test: 42.44%
Run 03:
Highest Train: 99.62
Highest Valid: 40.63
Highest Test: 43.11
Chosen epoch: 11
Final Train: 54.82
Final Test: 42.44
Pre-training MLP for 500 epochs to generate co-occurrence matrix...
MLP pre-training complete. Penalty matrix frozen.
Epoch: 00, Loss: 2.1998, Train: 16.04%, Valid: 13.18%, Test: 16.44%, Best Valid: 13.18%, Best Test: 16.44%
Epoch: 100, Loss: 0.1890, Train: 99.43%, Valid: 33.38%, Test: 33.78%, Best Valid: 40.53%, Best Test: 44.00%
Epoch: 200, Loss: 0.1492, Train: 99.34%, Valid: 33.80%, Test: 34.44%, Best Valid: 40.53%, Best Test: 44.00%
Epoch: 300, Loss: 0.1715, Train: 99.53%, Valid: 30.29%, Test: 32.89%, Best Valid: 40.53%, Best Test: 44.00%
Epoch: 400, Loss: 0.1870, Train: 99.53%, Valid: 32.96%, Test: 30.89%, Best Valid: 40.53%, Best Test: 44.00%
Run 04:
Highest Train: 99.72
Highest Valid: 40.53
Highest Test: 44.00
Chosen epoch: 14
Final Train: 61.89
Final Test: 44.00
Pre-training MLP for 500 epochs to generate co-occurrence matrix...
MLP pre-training complete. Penalty matrix frozen.
Epoch: 00, Loss: 2.1563, Train: 14.22%, Valid: 14.74%, Test: 14.48%, Best Valid: 14.74%, Best Test: 14.48%
Epoch: 100, Loss: 0.2129, Train: 99.34%, Valid: 30.32%, Test: 32.07%, Best Valid: 38.11%, Best Test: 36.53%
Epoch: 200, Loss: 0.1474, Train: 99.34%, Valid: 29.35%, Test: 34.08%, Best Valid: 38.11%, Best Test: 36.53%
Epoch: 300, Loss: 0.1240, Train: 99.34%, Valid: 28.93%, Test: 34.30%, Best Valid: 38.11%, Best Test: 36.53%
Epoch: 400, Loss: 0.1611, Train: 99.34%, Valid: 29.76%, Test: 36.30%, Best Valid: 38.11%, Best Test: 36.53%
Run 05:
Highest Train: 99.43
Highest Valid: 38.11
Highest Test: 38.98
Chosen epoch: 8
Final Train: 52.32
Final Test: 36.53
Pre-training MLP for 500 epochs to generate co-occurrence matrix...
MLP pre-training complete. Penalty matrix frozen.
Epoch: 00, Loss: 2.1476, Train: 14.76%, Valid: 13.60%, Test: 14.95%, Best Valid: 13.60%, Best Test: 14.95%
Epoch: 100, Loss: 0.1765, Train: 99.44%, Valid: 32.85%, Test: 33.85%, Best Valid: 39.94%, Best Test: 39.78%
Epoch: 200, Loss: 0.1360, Train: 99.35%, Valid: 32.13%, Test: 32.09%, Best Valid: 39.94%, Best Test: 39.78%
Epoch: 300, Loss: 0.1599, Train: 99.44%, Valid: 32.13%, Test: 32.31%, Best Valid: 39.94%, Best Test: 39.78%
Epoch: 400, Loss: 0.1640, Train: 99.44%, Valid: 33.00%, Test: 33.85%, Best Valid: 39.94%, Best Test: 39.78%
Run 06:
Highest Train: 99.72
Highest Valid: 39.94
Highest Test: 41.32
Chosen epoch: 12
Final Train: 57.01
Final Test: 39.78
Pre-training MLP for 500 epochs to generate co-occurrence matrix...
MLP pre-training complete. Penalty matrix frozen.
Epoch: 00, Loss: 2.1570, Train: 16.68%, Valid: 16.62%, Test: 16.37%, Best Valid: 16.62%, Best Test: 16.37%
Epoch: 100, Loss: 0.1910, Train: 99.26%, Valid: 34.10%, Test: 33.41%, Best Valid: 42.49%, Best Test: 38.12%
Epoch: 200, Loss: 0.1395, Train: 99.72%, Valid: 35.12%, Test: 32.96%, Best Valid: 42.49%, Best Test: 38.12%
Epoch: 300, Loss: 0.1612, Train: 99.91%, Valid: 35.26%, Test: 33.63%, Best Valid: 42.49%, Best Test: 38.12%
Epoch: 400, Loss: 0.2001, Train: 99.82%, Valid: 34.25%, Test: 34.30%, Best Valid: 42.49%, Best Test: 38.12%
Run 07:
Highest Train: 100.00
Highest Valid: 42.49
Highest Test: 39.46
Chosen epoch: 11
Final Train: 51.06
Final Test: 38.12
Pre-training MLP for 500 epochs to generate co-occurrence matrix...
MLP pre-training complete. Penalty matrix frozen.
Epoch: 00, Loss: 2.1480, Train: 18.74%, Valid: 16.24%, Test: 16.40%, Best Valid: 16.24%, Best Test: 16.40%
Epoch: 100, Loss: 0.1509, Train: 99.33%, Valid: 31.66%, Test: 33.03%, Best Valid: 41.68%, Best Test: 35.57%
Epoch: 200, Loss: 0.1544, Train: 99.33%, Valid: 31.80%, Test: 32.56%, Best Valid: 41.68%, Best Test: 35.57%
Epoch: 300, Loss: 0.1805, Train: 99.52%, Valid: 29.77%, Test: 32.79%, Best Valid: 41.68%, Best Test: 35.57%
Epoch: 400, Loss: 0.1737, Train: 99.43%, Valid: 30.45%, Test: 33.95%, Best Valid: 41.68%, Best Test: 35.57%
Run 08:
Highest Train: 99.62
Highest Valid: 41.68
Highest Test: 36.49
Chosen epoch: 14
Final Train: 68.70
Final Test: 35.57
Pre-training MLP for 500 epochs to generate co-occurrence matrix...
MLP pre-training complete. Penalty matrix frozen.
Epoch: 00, Loss: 2.1706, Train: 20.02%, Valid: 17.80%, Test: 17.60%, Best Valid: 17.80%, Best Test: 17.60%
Epoch: 100, Loss: 0.1671, Train: 99.71%, Valid: 34.88%, Test: 34.37%, Best Valid: 40.23%, Best Test: 42.65%
Epoch: 200, Loss: 0.1860, Train: 99.81%, Valid: 33.43%, Test: 32.09%, Best Valid: 40.23%, Best Test: 42.65%
Epoch: 300, Loss: 0.1567, Train: 99.81%, Valid: 34.15%, Test: 34.37%, Best Valid: 40.23%, Best Test: 42.65%
Epoch: 400, Loss: 0.1493, Train: 99.81%, Valid: 35.17%, Test: 33.54%, Best Valid: 40.23%, Best Test: 42.65%
Run 09:
Highest Train: 99.90
Highest Valid: 40.23
Highest Test: 42.65
Chosen epoch: 12
Final Train: 55.58
Final Test: 42.65
Pre-training MLP for 500 epochs to generate co-occurrence matrix...
MLP pre-training complete. Penalty matrix frozen.
Epoch: 00, Loss: 2.1046, Train: 10.06%, Valid: 11.46%, Test: 10.10%, Best Valid: 11.46%, Best Test: 10.10%
Epoch: 100, Loss: 0.1885, Train: 99.35%, Valid: 33.70%, Test: 31.49%, Best Valid: 42.43%, Best Test: 39.66%
Epoch: 200, Loss: 0.1912, Train: 99.44%, Valid: 32.74%, Test: 29.33%, Best Valid: 42.43%, Best Test: 39.66%
Epoch: 300, Loss: 0.1598, Train: 99.44%, Valid: 32.47%, Test: 28.85%, Best Valid: 42.43%, Best Test: 39.66%
Epoch: 400, Loss: 0.2217, Train: 99.44%, Valid: 32.61%, Test: 31.97%, Best Valid: 42.43%, Best Test: 39.66%
Run 10:
Highest Train: 99.53
Highest Valid: 42.43
Highest Test: 40.14
Chosen epoch: 10
Final Train: 54.75
Final Test: 39.66
All runs:
Highest Train: 99.69 ± 0.17
Highest Test: 41.02 ± 2.26
Highest Valid: 40.80 ± 1.31
  Final Train: 58.48 ± 7.52
   Final Test: 39.87 ± 2.68
Saving results to results/unified/squirrel/MPNN_sage.csv
--- mlp_reg | transform=none | lambda=0.4 | mlp_epochs=500 ---
Namespace(bn=True, cpu=False, data_dir='./data/', dataset='squirrel', device=0, display_step=100, dropout=0.7, epochs=500, gnn='sage', hidden_channels=256, jk=False, label_num_per_class=20, lambda_val=0.4, ln=False, local_layers=3, lr=0.01, metric='acc', mlp_epochs=500, mlp_reg=True, model='MPNN', model_dir='models', num_heads=1, oracle_reg=False, paired_seeds=True, penalty_transform='none', pre_linear=False, pre_ln=False, rand_split=False, rand_split_class=False, reg_start_epoch=10, reg_update_freq=5, res=True, result_dir='results/unified', runs=10, save_model=False, seed=42, test_num=1000, train_prop=0.5, use_reg=True, valid_num=500, valid_prop=0.25, weight_decay=0.0005)
squirrel
dataset squirrel | num nodes 2223 | num edge 46998 | num node feats 2089 | num classes 5
MODEL: MPNNs(
  (h_lins): ModuleList()
  (local_convs): ModuleList(
    (0): SAGEConv(2089, 256, aggr=mean)
    (1): SAGEConv(256, 256, aggr=mean)
    (2): SAGEConv(256, 256, aggr=mean)
  )
  (lins): ModuleList(
    (0): Linear(in_features=2089, out_features=256, bias=True)
    (1): Linear(in_features=256, out_features=256, bias=True)
    (2): Linear(in_features=256, out_features=256, bias=True)
  )
  (lns): ModuleList(
    (0): LayerNorm((256,), eps=1e-05, elementwise_affine=True)
    (1): LayerNorm((256,), eps=1e-05, elementwise_affine=True)
    (2): LayerNorm((256,), eps=1e-05, elementwise_affine=True)
  )
  (bns): ModuleList(
    (0): BatchNorm1d(256, eps=1e-05, momentum=0.1, affine=True, track_running_stats=True)
    (1): BatchNorm1d(256, eps=1e-05, momentum=0.1, affine=True, track_running_stats=True)
    (2): BatchNorm1d(256, eps=1e-05, momentum=0.1, affine=True, track_running_stats=True)
  )
  (lin_in): Linear(in_features=2089, out_features=256, bias=True)
  (pred_local): Linear(in_features=256, out_features=5, bias=True)
)
Pre-training MLP for 500 epochs to generate co-occurrence matrix...
MLP pre-training complete. Penalty matrix frozen.
Epoch: 00, Loss: 2.6188, Train: 15.00%, Valid: 12.26%, Test: 12.83%, Best Valid: 12.26%, Best Test: 12.83%
Epoch: 100, Loss: 0.2017, Train: 99.34%, Valid: 33.01%, Test: 36.50%, Best Valid: 41.64%, Best Test: 41.37%
Epoch: 200, Loss: 0.1732, Train: 99.43%, Valid: 32.31%, Test: 34.51%, Best Valid: 41.64%, Best Test: 41.37%
Epoch: 300, Loss: 0.1362, Train: 99.43%, Valid: 33.84%, Test: 35.84%, Best Valid: 41.64%, Best Test: 41.37%
Epoch: 400, Loss: 0.1763, Train: 99.43%, Valid: 34.68%, Test: 36.73%, Best Valid: 41.64%, Best Test: 41.37%
Run 01:
Highest Train: 99.62
Highest Valid: 41.64
Highest Test: 42.48
Chosen epoch: 12
Final Train: 56.60
Final Test: 41.37
Pre-training MLP for 500 epochs to generate co-occurrence matrix...
MLP pre-training complete. Penalty matrix frozen.
Epoch: 00, Loss: 2.5611, Train: 17.22%, Valid: 13.14%, Test: 12.19%, Best Valid: 13.14%, Best Test: 12.19%
Epoch: 100, Loss: 0.1690, Train: 99.54%, Valid: 32.29%, Test: 34.09%, Best Valid: 39.71%, Best Test: 38.37%
Epoch: 200, Loss: 0.2268, Train: 99.63%, Valid: 32.14%, Test: 34.31%, Best Valid: 39.71%, Best Test: 38.37%
Epoch: 300, Loss: 0.2034, Train: 99.72%, Valid: 29.29%, Test: 33.86%, Best Valid: 39.71%, Best Test: 38.37%
Epoch: 400, Loss: 0.1964, Train: 99.72%, Valid: 32.29%, Test: 35.67%, Best Valid: 39.71%, Best Test: 38.37%
Run 02:
Highest Train: 99.72
Highest Valid: 39.71
Highest Test: 41.53
Chosen epoch: 20
Final Train: 79.44
Final Test: 38.37
Pre-training MLP for 500 epochs to generate co-occurrence matrix...
MLP pre-training complete. Penalty matrix frozen.
Epoch: 00, Loss: 2.5552, Train: 13.56%, Valid: 15.98%, Test: 14.00%, Best Valid: 15.98%, Best Test: 14.00%
Epoch: 100, Loss: 0.2375, Train: 99.14%, Valid: 35.81%, Test: 34.89%, Best Valid: 39.67%, Best Test: 40.67%
Epoch: 200, Loss: 0.1764, Train: 99.43%, Valid: 34.02%, Test: 34.44%, Best Valid: 39.67%, Best Test: 40.67%
Epoch: 300, Loss: 0.2478, Train: 99.43%, Valid: 34.85%, Test: 32.00%, Best Valid: 39.67%, Best Test: 40.67%
Epoch: 400, Loss: 0.2121, Train: 99.43%, Valid: 34.57%, Test: 35.33%, Best Valid: 39.67%, Best Test: 40.67%
Run 03:
Highest Train: 99.62
Highest Valid: 39.67
Highest Test: 42.44
Chosen epoch: 10
Final Train: 53.58
Final Test: 40.67
Pre-training MLP for 500 epochs to generate co-occurrence matrix...
MLP pre-training complete. Penalty matrix frozen.
Epoch: 00, Loss: 2.5664, Train: 13.30%, Valid: 11.64%, Test: 14.22%, Best Valid: 11.64%, Best Test: 14.22%
Epoch: 100, Loss: 0.2542, Train: 99.15%, Valid: 32.68%, Test: 34.44%, Best Valid: 39.83%, Best Test: 42.00%
Epoch: 200, Loss: 0.1777, Train: 99.53%, Valid: 32.96%, Test: 33.33%, Best Valid: 39.83%, Best Test: 42.00%
Epoch: 300, Loss: 0.1815, Train: 99.53%, Valid: 31.28%, Test: 32.89%, Best Valid: 39.83%, Best Test: 42.00%
Epoch: 400, Loss: 0.1894, Train: 99.53%, Valid: 32.68%, Test: 31.11%, Best Valid: 39.83%, Best Test: 42.00%
Run 04:
Highest Train: 99.72
Highest Valid: 39.83
Highest Test: 43.56
Chosen epoch: 16
Final Train: 59.91
Final Test: 42.00
Pre-training MLP for 500 epochs to generate co-occurrence matrix...
MLP pre-training complete. Penalty matrix frozen.
Epoch: 00, Loss: 2.5157, Train: 14.22%, Valid: 14.74%, Test: 14.48%, Best Valid: 14.74%, Best Test: 14.48%
Epoch: 100, Loss: 0.2129, Train: 99.24%, Valid: 30.32%, Test: 31.63%, Best Valid: 39.36%, Best Test: 34.97%
Epoch: 200, Loss: 0.2022, Train: 99.34%, Valid: 28.09%, Test: 34.52%, Best Valid: 39.36%, Best Test: 34.97%
Epoch: 300, Loss: 0.1854, Train: 99.34%, Valid: 29.35%, Test: 33.18%, Best Valid: 39.36%, Best Test: 34.97%
Epoch: 400, Loss: 0.2425, Train: 99.43%, Valid: 31.43%, Test: 31.63%, Best Valid: 39.36%, Best Test: 34.97%
Run 05:
Highest Train: 99.43
Highest Valid: 39.36
Highest Test: 38.08
Chosen epoch: 9
Final Train: 54.41
Final Test: 34.97
Pre-training MLP for 500 epochs to generate co-occurrence matrix...
MLP pre-training complete. Penalty matrix frozen.
Epoch: 00, Loss: 2.5055, Train: 14.76%, Valid: 13.60%, Test: 14.95%, Best Valid: 13.60%, Best Test: 14.95%
Epoch: 100, Loss: 0.2093, Train: 99.16%, Valid: 32.27%, Test: 33.85%, Best Valid: 38.93%, Best Test: 40.00%
Epoch: 200, Loss: 0.1883, Train: 99.44%, Valid: 31.69%, Test: 32.53%, Best Valid: 38.93%, Best Test: 40.00%
Epoch: 300, Loss: 0.2044, Train: 99.44%, Valid: 30.97%, Test: 35.16%, Best Valid: 38.93%, Best Test: 40.00%
Epoch: 400, Loss: 0.1732, Train: 99.44%, Valid: 32.13%, Test: 35.38%, Best Valid: 38.93%, Best Test: 40.00%
Run 06:
Highest Train: 99.63
Highest Valid: 38.93
Highest Test: 40.66
Chosen epoch: 12
Final Train: 57.10
Final Test: 40.00
Pre-training MLP for 500 epochs to generate co-occurrence matrix...
MLP pre-training complete. Penalty matrix frozen.
Epoch: 00, Loss: 2.5165, Train: 16.04%, Valid: 16.04%, Test: 16.37%, Best Valid: 16.04%, Best Test: 16.37%
Epoch: 100, Loss: 0.2237, Train: 99.54%, Valid: 33.38%, Test: 32.74%, Best Valid: 41.62%, Best Test: 38.57%
Epoch: 200, Loss: 0.1783, Train: 99.72%, Valid: 34.68%, Test: 31.61%, Best Valid: 41.62%, Best Test: 38.57%
Epoch: 300, Loss: 0.1453, Train: 99.91%, Valid: 34.97%, Test: 34.08%, Best Valid: 41.62%, Best Test: 38.57%
Epoch: 400, Loss: 0.1874, Train: 99.82%, Valid: 33.82%, Test: 35.87%, Best Valid: 41.62%, Best Test: 38.57%
Run 07:
Highest Train: 100.00
Highest Valid: 41.62
Highest Test: 40.13
Chosen epoch: 11
Final Train: 56.04
Final Test: 38.57
Pre-training MLP for 500 epochs to generate co-occurrence matrix...
MLP pre-training complete. Penalty matrix frozen.
Epoch: 00, Loss: 2.5060, Train: 17.79%, Valid: 15.70%, Test: 16.63%, Best Valid: 15.70%, Best Test: 16.63%
Epoch: 100, Loss: 0.2197, Train: 99.33%, Valid: 32.21%, Test: 30.25%, Best Valid: 41.27%, Best Test: 35.80%
Epoch: 200, Loss: 0.1510, Train: 99.33%, Valid: 31.66%, Test: 33.03%, Best Valid: 41.27%, Best Test: 35.80%
Epoch: 300, Loss: 0.1938, Train: 99.43%, Valid: 31.80%, Test: 33.49%, Best Valid: 41.27%, Best Test: 35.80%
Epoch: 400, Loss: 0.1940, Train: 99.52%, Valid: 31.12%, Test: 32.10%, Best Valid: 41.27%, Best Test: 35.80%
Run 08:
Highest Train: 99.71
Highest Valid: 41.27
Highest Test: 38.11
Chosen epoch: 12
Final Train: 62.80
Final Test: 35.80
Pre-training MLP for 500 epochs to generate co-occurrence matrix...
MLP pre-training complete. Penalty matrix frozen.
Epoch: 00, Loss: 2.5324, Train: 18.68%, Valid: 16.50%, Test: 17.18%, Best Valid: 16.50%, Best Test: 17.18%
Epoch: 100, Loss: 0.2341, Train: 99.81%, Valid: 34.01%, Test: 32.92%, Best Valid: 39.65%, Best Test: 41.41%
Epoch: 200, Loss: 0.1941, Train: 99.81%, Valid: 33.43%, Test: 32.92%, Best Valid: 39.65%, Best Test: 41.41%
Epoch: 300, Loss: 0.1835, Train: 99.81%, Valid: 34.01%, Test: 31.68%, Best Valid: 39.65%, Best Test: 41.41%
Epoch: 400, Loss: 0.1873, Train: 99.81%, Valid: 34.01%, Test: 32.92%, Best Valid: 39.65%, Best Test: 41.41%
Run 09:
Highest Train: 99.81
Highest Valid: 39.65
Highest Test: 42.44
Chosen epoch: 14
Final Train: 63.30
Final Test: 41.41
Pre-training MLP for 500 epochs to generate co-occurrence matrix...
MLP pre-training complete. Penalty matrix frozen.
Epoch: 00, Loss: 2.4554, Train: 10.06%, Valid: 11.46%, Test: 10.10%, Best Valid: 11.46%, Best Test: 10.10%
Epoch: 100, Loss: 0.2579, Train: 99.35%, Valid: 31.65%, Test: 29.57%, Best Valid: 40.65%, Best Test: 39.18%
Epoch: 200, Loss: 0.2670, Train: 99.44%, Valid: 32.20%, Test: 30.77%, Best Valid: 40.65%, Best Test: 39.18%
Epoch: 300, Loss: 0.2096, Train: 99.44%, Valid: 30.97%, Test: 30.29%, Best Valid: 40.65%, Best Test: 39.18%
Epoch: 400, Loss: 0.2396, Train: 99.44%, Valid: 33.83%, Test: 29.57%, Best Valid: 40.65%, Best Test: 39.18%
Run 10:
Highest Train: 99.44
Highest Valid: 40.65
Highest Test: 40.87
Chosen epoch: 10
Final Train: 51.58
Final Test: 39.18
All runs:
Highest Train: 99.67 ± 0.17
Highest Test: 41.03 ± 1.85
Highest Valid: 40.23 ± 0.98
  Final Train: 59.48 ± 7.98
   Final Test: 39.23 ± 2.38
Saving results to results/unified/squirrel/MPNN_sage.csv
Condition sweep completed.
Task 74 done.
