Fri Jul 17 21:20:43 2026       
+-----------------------------------------------------------------------------------------+
| NVIDIA-SMI 580.159.04             Driver Version: 580.159.04     CUDA Version: 13.0     |
+-----------------------------------------+------------------------+----------------------+
| GPU  Name                 Persistence-M | Bus-Id          Disp.A | Volatile Uncorr. ECC |
| Fan  Temp   Perf          Pwr:Usage/Cap |           Memory-Usage | GPU-Util  Compute M. |
|                                         |                        |               MIG M. |
|=========================================+========================+======================|
|   0  NVIDIA A100-SXM4-80GB          On  |   00000000:01:00.0 Off |                   On |
| N/A   36C    P0            133W /  500W |    2954MiB /  81920MiB |     N/A      Default |
|                                         |                        |              Enabled |
+-----------------------------------------+------------------------+----------------------+
|   1  NVIDIA A100-SXM4-80GB          On  |   00000000:41:00.0 Off |                   On |
| N/A   32C    P0             84W /  500W |    5340MiB /  81920MiB |     N/A      Default |
|                                         |                        |              Enabled |
+-----------------------------------------+------------------------+----------------------+
|   2  NVIDIA A100-SXM4-80GB          On  |   00000000:81:00.0 Off |                   On |
| N/A   40C    P0            149W /  500W |    9328MiB /  81920MiB |     N/A      Default |
|                                         |                        |              Enabled |
+-----------------------------------------+------------------------+----------------------+
|   3  NVIDIA A100-SXM4-80GB          On  |   00000000:C1:00.0 Off |                   On |
| N/A   27C    P0             49W /  500W |     249MiB /  81920MiB |     N/A      Default |
|                                         |                        |              Enabled |
+-----------------------------------------+------------------------+----------------------+

+-----------------------------------------------------------------------------------------+
| MIG devices:                                                                            |
+------------------+----------------------------------+-----------+-----------------------+
| GPU  GI  CI  MIG |              Shared Memory-Usage |        Vol|        Shared         |
|      ID  ID  Dev |                Shared BAR1-Usage | SM     Unc| CE ENC  DEC  OFA  JPG |
|                  |                                  |        ECC|                       |
|==================+==================================+===========+=======================|
|  3    5   0   0  |              71MiB / 19968MiB    | 28      0 |  2   0    1    0    0 |
|                  |               0MiB / 12271MiB    |           |                       |
+------------------+----------------------------------+-----------+-----------------------+

+-----------------------------------------------------------------------------------------+
| Processes:                                                                              |
|  GPU   GI   CI              PID   Type   Process name                        GPU Memory |
|        ID   ID                                                               Usage      |
|=========================================================================================|
|    0   13    0           242737      C   ...ftware/ase-new-env/bin/python        694MiB |
|    0   14    0           242738      C   ...ftware/ase-new-env/bin/python        710MiB |
|    0    5    0          1050086      C   python                                 1278MiB |
|    1   10    0           244604      C   ...ftware/ase-new-env/bin/python       2800MiB |
|    1    9    0           244605      C   ...ftware/ase-new-env/bin/python       1116MiB |
|    1    3    0          1050086      C   python                                 1152MiB |
|    2    9    0           246565      C   ...ftware/ase-new-env/bin/python       1906MiB |
|    2   10    0           246566      C   ...ftware/ase-new-env/bin/python       1926MiB |
|    2    3    0          1169624      C   python                                 5224MiB |
+-----------------------------------------------------------------------------------------+
run_gnn.sh contains 42 commands
python main.py --gnn gat --dataset wikics --hidden_channels 512 --epochs 1000 --lr 0.001 --runs 3 --local_layers 2 --weight_decay 0.0 --dropout 0.7 --device 0 --ln --res --runs 10
==========================================================
Condition sweep: python main.py --gnn gat --dataset wikics --hidden_channels 512 --epochs 1000 --lr 0.001 --runs 3 --local_layers 2 --weight_decay 0.0 --dropout 0.7 --device 0 --ln --res --runs 10
result_dir=results/unified transforms=[none] oracle=0 baseline=1
==========================================================
--- baseline (no reg) ---
Namespace(bn=False, cpu=False, data_dir='./data/', dataset='wikics', device=0, display_step=100, dropout=0.7, epochs=1000, gnn='gat', hidden_channels=512, jk=False, label_num_per_class=20, lambda_val=0.5, ln=True, local_layers=2, lr=0.001, metric='acc', mlp_epochs=500, mlp_reg=False, model='MPNN', model_dir='models', num_heads=1, oracle_reg=False, paired_seeds=True, penalty_transform='none', pre_linear=False, pre_ln=False, rand_split=False, rand_split_class=False, reg_start_epoch=10, reg_update_freq=5, res=True, result_dir='results/unified', runs=10, save_model=False, seed=42, test_num=1000, train_prop=0.5, use_reg=False, valid_num=500, valid_prop=0.25, weight_decay=0.0)
wikics
dataset wikics | num nodes 11701 | num edge 431726 | num node feats 300 | num classes 10
MODEL: MPNNs(
  (h_lins): ModuleList()
  (local_convs): ModuleList(
    (0): GATConv(300, 512, heads=1)
    (1): GATConv(512, 512, heads=1)
  )
  (lins): ModuleList(
    (0): Linear(in_features=300, out_features=512, bias=True)
    (1): Linear(in_features=512, out_features=512, bias=True)
  )
  (lns): ModuleList(
    (0): LayerNorm((512,), eps=1e-05, elementwise_affine=True)
    (1): LayerNorm((512,), eps=1e-05, elementwise_affine=True)
  )
  (bns): ModuleList(
    (0): BatchNorm1d(512, eps=1e-05, momentum=0.1, affine=True, track_running_stats=True)
    (1): BatchNorm1d(512, eps=1e-05, momentum=0.1, affine=True, track_running_stats=True)
  )
  (lin_in): Linear(in_features=300, out_features=512, bias=True)
  (pred_local): Linear(in_features=512, out_features=10, bias=True)
)
Epoch: 00, Loss: 2.6585, Train: 32.59%, Valid: 31.84%, Test: 31.69%, Best Valid: 31.84%, Best Test: 31.69%
Epoch: 100, Loss: 0.1301, Train: 99.31%, Valid: 81.42%, Test: 80.78%, Best Valid: 82.31%, Best Test: 81.19%
Epoch: 200, Loss: 0.0226, Train: 100.00%, Valid: 81.08%, Test: 80.42%, Best Valid: 82.31%, Best Test: 81.19%
Epoch: 300, Loss: 0.0111, Train: 100.00%, Valid: 80.53%, Test: 80.08%, Best Valid: 82.31%, Best Test: 81.19%
Epoch: 400, Loss: 0.0054, Train: 100.00%, Valid: 80.53%, Test: 80.43%, Best Valid: 82.31%, Best Test: 81.19%
Epoch: 500, Loss: 0.0086, Train: 100.00%, Valid: 80.09%, Test: 79.77%, Best Valid: 82.31%, Best Test: 81.19%
Epoch: 600, Loss: 0.0122, Train: 100.00%, Valid: 80.60%, Test: 80.19%, Best Valid: 82.31%, Best Test: 81.19%
Epoch: 700, Loss: 0.0062, Train: 100.00%, Valid: 80.26%, Test: 80.31%, Best Valid: 82.31%, Best Test: 81.19%
Epoch: 800, Loss: 0.0067, Train: 100.00%, Valid: 80.38%, Test: 79.60%, Best Valid: 82.31%, Best Test: 81.19%
Epoch: 900, Loss: 0.0097, Train: 100.00%, Valid: 80.36%, Test: 79.87%, Best Valid: 82.31%, Best Test: 81.19%
Run 01:
Highest Train: 100.00
Highest Valid: 82.31
Highest Test: 81.36
Chosen epoch: 90
Final Train: 98.45
Final Test: 81.19
Epoch: 00, Loss: 2.4460, Train: 23.45%, Valid: 23.30%, Test: 23.45%, Best Valid: 23.30%, Best Test: 23.45%
Epoch: 100, Loss: 0.1648, Train: 98.45%, Valid: 81.29%, Test: 80.57%, Best Valid: 82.16%, Best Test: 80.11%
Epoch: 200, Loss: 0.0342, Train: 100.00%, Valid: 80.75%, Test: 79.60%, Best Valid: 82.16%, Best Test: 80.11%
Epoch: 300, Loss: 0.0153, Train: 100.00%, Valid: 81.25%, Test: 80.02%, Best Valid: 82.16%, Best Test: 80.11%
Epoch: 400, Loss: 0.0144, Train: 100.00%, Valid: 80.58%, Test: 79.68%, Best Valid: 82.16%, Best Test: 80.11%
Epoch: 500, Loss: 0.0093, Train: 100.00%, Valid: 80.15%, Test: 79.05%, Best Valid: 82.16%, Best Test: 80.11%
Epoch: 600, Loss: 0.0157, Train: 100.00%, Valid: 80.64%, Test: 79.46%, Best Valid: 82.16%, Best Test: 80.11%
Epoch: 700, Loss: 0.0273, Train: 100.00%, Valid: 80.72%, Test: 79.94%, Best Valid: 82.16%, Best Test: 80.11%
Epoch: 800, Loss: 0.0101, Train: 100.00%, Valid: 80.51%, Test: 79.77%, Best Valid: 82.16%, Best Test: 80.11%
Epoch: 900, Loss: 0.0053, Train: 100.00%, Valid: 80.28%, Test: 79.60%, Best Valid: 82.16%, Best Test: 80.11%
Run 02:
Highest Train: 100.00
Highest Valid: 82.16
Highest Test: 80.74
Chosen epoch: 80
Final Train: 96.72
Final Test: 80.11
Epoch: 00, Loss: 2.5443, Train: 37.93%, Valid: 37.54%, Test: 36.94%, Best Valid: 37.54%, Best Test: 36.94%
Epoch: 100, Loss: 0.0929, Train: 99.66%, Valid: 82.27%, Test: 80.96%, Best Valid: 82.39%, Best Test: 80.50%
Epoch: 200, Loss: 0.0309, Train: 100.00%, Valid: 82.03%, Test: 80.84%, Best Valid: 82.56%, Best Test: 81.07%
Epoch: 300, Loss: 0.0113, Train: 100.00%, Valid: 81.93%, Test: 80.40%, Best Valid: 82.99%, Best Test: 81.19%
Epoch: 400, Loss: 0.0078, Train: 100.00%, Valid: 82.23%, Test: 80.74%, Best Valid: 82.99%, Best Test: 81.19%
Epoch: 500, Loss: 0.0134, Train: 100.00%, Valid: 81.89%, Test: 80.57%, Best Valid: 82.99%, Best Test: 81.19%
Epoch: 600, Loss: 0.0077, Train: 100.00%, Valid: 81.82%, Test: 80.18%, Best Valid: 82.99%, Best Test: 81.19%
Epoch: 700, Loss: 0.0059, Train: 100.00%, Valid: 81.78%, Test: 80.35%, Best Valid: 82.99%, Best Test: 81.19%
Epoch: 800, Loss: 0.0131, Train: 100.00%, Valid: 81.97%, Test: 80.14%, Best Valid: 82.99%, Best Test: 81.19%
Epoch: 900, Loss: 0.0015, Train: 100.00%, Valid: 81.76%, Test: 80.06%, Best Valid: 82.99%, Best Test: 81.19%
Run 03:
Highest Train: 100.00
Highest Valid: 82.99
Highest Test: 81.56
Chosen epoch: 266
Final Train: 100.00
Final Test: 81.19
Epoch: 00, Loss: 2.5445, Train: 23.10%, Valid: 22.89%, Test: 22.92%, Best Valid: 22.89%, Best Test: 22.92%
Epoch: 100, Loss: 0.1320, Train: 98.79%, Valid: 81.23%, Test: 79.56%, Best Valid: 81.36%, Best Test: 79.37%
Epoch: 200, Loss: 0.0282, Train: 100.00%, Valid: 79.24%, Test: 78.06%, Best Valid: 81.55%, Best Test: 79.80%
Epoch: 300, Loss: 0.0169, Train: 100.00%, Valid: 80.17%, Test: 79.03%, Best Valid: 81.55%, Best Test: 79.80%
Epoch: 400, Loss: 0.0091, Train: 100.00%, Valid: 80.32%, Test: 79.27%, Best Valid: 81.55%, Best Test: 79.80%
Epoch: 500, Loss: 0.0103, Train: 100.00%, Valid: 80.45%, Test: 79.15%, Best Valid: 81.55%, Best Test: 79.80%
Epoch: 600, Loss: 0.0247, Train: 100.00%, Valid: 79.18%, Test: 77.77%, Best Valid: 81.55%, Best Test: 79.80%
Epoch: 700, Loss: 0.0035, Train: 100.00%, Valid: 80.30%, Test: 79.22%, Best Valid: 81.55%, Best Test: 79.80%
Epoch: 800, Loss: 0.0079, Train: 100.00%, Valid: 79.77%, Test: 79.13%, Best Valid: 81.55%, Best Test: 79.80%
Epoch: 900, Loss: 0.0056, Train: 100.00%, Valid: 79.05%, Test: 78.60%, Best Valid: 81.55%, Best Test: 79.80%
Run 04:
Highest Train: 100.00
Highest Valid: 81.55
Highest Test: 80.25
Chosen epoch: 105
Final Train: 98.79
Final Test: 79.80
Epoch: 00, Loss: 2.5772, Train: 23.45%, Valid: 23.74%, Test: 23.76%, Best Valid: 23.74%, Best Test: 23.76%
Epoch: 100, Loss: 0.1419, Train: 99.31%, Valid: 82.06%, Test: 81.17%, Best Valid: 82.39%, Best Test: 81.49%
Epoch: 200, Loss: 0.0161, Train: 100.00%, Valid: 81.59%, Test: 80.66%, Best Valid: 82.39%, Best Test: 81.49%
Epoch: 300, Loss: 0.0194, Train: 100.00%, Valid: 80.96%, Test: 79.87%, Best Valid: 82.39%, Best Test: 81.49%
Epoch: 400, Loss: 0.0115, Train: 100.00%, Valid: 81.15%, Test: 80.23%, Best Valid: 82.39%, Best Test: 81.49%
Epoch: 500, Loss: 0.0037, Train: 100.00%, Valid: 80.93%, Test: 79.77%, Best Valid: 82.39%, Best Test: 81.49%
Epoch: 600, Loss: 0.0100, Train: 100.00%, Valid: 80.66%, Test: 79.65%, Best Valid: 82.39%, Best Test: 81.49%
Epoch: 700, Loss: 0.0065, Train: 100.00%, Valid: 80.79%, Test: 79.49%, Best Valid: 82.39%, Best Test: 81.49%
Epoch: 800, Loss: 0.0014, Train: 100.00%, Valid: 80.75%, Test: 79.65%, Best Valid: 82.39%, Best Test: 81.49%
Epoch: 900, Loss: 0.0033, Train: 100.00%, Valid: 81.00%, Test: 79.82%, Best Valid: 82.39%, Best Test: 81.49%
Run 05:
Highest Train: 100.00
Highest Valid: 82.39
Highest Test: 81.49
Chosen epoch: 86
Final Train: 97.93
Final Test: 81.49
Epoch: 00, Loss: 2.6050, Train: 31.90%, Valid: 31.68%, Test: 32.29%, Best Valid: 31.68%, Best Test: 32.29%
Epoch: 100, Loss: 0.1226, Train: 98.97%, Valid: 81.27%, Test: 80.78%, Best Valid: 81.99%, Best Test: 81.20%
Epoch: 200, Loss: 0.0285, Train: 99.83%, Valid: 81.02%, Test: 80.64%, Best Valid: 82.25%, Best Test: 81.31%
Epoch: 300, Loss: 0.0209, Train: 100.00%, Valid: 81.51%, Test: 81.27%, Best Valid: 82.25%, Best Test: 81.31%
Epoch: 400, Loss: 0.0156, Train: 100.00%, Valid: 81.40%, Test: 80.88%, Best Valid: 82.25%, Best Test: 81.31%
Epoch: 500, Loss: 0.0096, Train: 100.00%, Valid: 81.11%, Test: 80.26%, Best Valid: 82.25%, Best Test: 81.31%
Epoch: 600, Loss: 0.0113, Train: 100.00%, Valid: 80.09%, Test: 79.87%, Best Valid: 82.25%, Best Test: 81.31%
Epoch: 700, Loss: 0.0046, Train: 100.00%, Valid: 81.27%, Test: 80.18%, Best Valid: 82.25%, Best Test: 81.31%
Epoch: 800, Loss: 0.0024, Train: 100.00%, Valid: 79.71%, Test: 78.83%, Best Valid: 82.25%, Best Test: 81.31%
Epoch: 900, Loss: 0.0049, Train: 100.00%, Valid: 79.86%, Test: 79.36%, Best Valid: 82.25%, Best Test: 81.31%
Run 06:
Highest Train: 100.00
Highest Valid: 82.25
Highest Test: 81.32
Chosen epoch: 192
Final Train: 100.00
Final Test: 81.31
Epoch: 00, Loss: 2.6580, Train: 22.93%, Valid: 22.89%, Test: 22.95%, Best Valid: 22.89%, Best Test: 22.95%
Epoch: 100, Loss: 0.1194, Train: 99.31%, Valid: 79.65%, Test: 79.60%, Best Valid: 80.19%, Best Test: 79.53%
Epoch: 200, Loss: 0.0130, Train: 100.00%, Valid: 79.54%, Test: 79.48%, Best Valid: 80.19%, Best Test: 79.53%
Epoch: 300, Loss: 0.0040, Train: 100.00%, Valid: 79.50%, Test: 79.19%, Best Valid: 80.19%, Best Test: 79.53%
Epoch: 400, Loss: 0.0090, Train: 100.00%, Valid: 79.35%, Test: 79.25%, Best Valid: 80.19%, Best Test: 79.53%
Epoch: 500, Loss: 0.0071, Train: 100.00%, Valid: 79.12%, Test: 78.54%, Best Valid: 80.19%, Best Test: 79.53%
Epoch: 600, Loss: 0.0029, Train: 100.00%, Valid: 79.65%, Test: 78.84%, Best Valid: 80.19%, Best Test: 79.53%
Epoch: 700, Loss: 0.0064, Train: 100.00%, Valid: 78.67%, Test: 77.97%, Best Valid: 80.19%, Best Test: 79.53%
Epoch: 800, Loss: 0.0020, Train: 100.00%, Valid: 79.24%, Test: 78.90%, Best Valid: 80.19%, Best Test: 79.53%
Epoch: 900, Loss: 0.0042, Train: 100.00%, Valid: 79.31%, Test: 78.88%, Best Valid: 80.19%, Best Test: 79.53%
Run 07:
Highest Train: 100.00
Highest Valid: 80.19
Highest Test: 79.70
Chosen epoch: 82
Final Train: 97.93
Final Test: 79.53
Epoch: 00, Loss: 2.5447, Train: 23.45%, Valid: 22.96%, Test: 23.14%, Best Valid: 22.96%, Best Test: 23.14%
Epoch: 100, Loss: 0.1480, Train: 99.31%, Valid: 80.72%, Test: 80.11%, Best Valid: 81.27%, Best Test: 80.61%
Epoch: 200, Loss: 0.0263, Train: 100.00%, Valid: 80.45%, Test: 80.06%, Best Valid: 81.27%, Best Test: 80.61%
Epoch: 300, Loss: 0.0159, Train: 100.00%, Valid: 80.15%, Test: 78.83%, Best Valid: 81.27%, Best Test: 80.61%
Epoch: 400, Loss: 0.0139, Train: 100.00%, Valid: 80.39%, Test: 80.04%, Best Valid: 81.27%, Best Test: 80.61%
Epoch: 500, Loss: 0.0154, Train: 100.00%, Valid: 79.88%, Test: 79.05%, Best Valid: 81.27%, Best Test: 80.61%
Epoch: 600, Loss: 0.0055, Train: 100.00%, Valid: 79.86%, Test: 79.46%, Best Valid: 81.27%, Best Test: 80.61%
Epoch: 700, Loss: 0.0059, Train: 100.00%, Valid: 80.09%, Test: 79.24%, Best Valid: 81.27%, Best Test: 80.61%
Epoch: 800, Loss: 0.0058, Train: 100.00%, Valid: 79.94%, Test: 79.55%, Best Valid: 81.27%, Best Test: 80.61%
Epoch: 900, Loss: 0.0029, Train: 100.00%, Valid: 79.52%, Test: 78.90%, Best Valid: 81.27%, Best Test: 80.61%
Run 08:
Highest Train: 100.00
Highest Valid: 81.27
Highest Test: 80.62
Chosen epoch: 93
Final Train: 98.62
Final Test: 80.61
Epoch: 00, Loss: 2.6157, Train: 31.03%, Valid: 30.28%, Test: 30.22%, Best Valid: 30.28%, Best Test: 30.22%
Epoch: 100, Loss: 0.0730, Train: 99.83%, Valid: 81.11%, Test: 80.55%, Best Valid: 81.85%, Best Test: 81.17%
Epoch: 200, Loss: 0.0180, Train: 100.00%, Valid: 81.02%, Test: 80.76%, Best Valid: 81.95%, Best Test: 81.55%
Epoch: 300, Loss: 0.0131, Train: 100.00%, Valid: 80.81%, Test: 80.37%, Best Valid: 81.95%, Best Test: 81.55%
Epoch: 400, Loss: 0.0167, Train: 100.00%, Valid: 80.53%, Test: 80.25%, Best Valid: 81.95%, Best Test: 81.55%
Epoch: 500, Loss: 0.0068, Train: 100.00%, Valid: 80.72%, Test: 80.33%, Best Valid: 81.95%, Best Test: 81.55%
Epoch: 600, Loss: 0.0030, Train: 100.00%, Valid: 81.02%, Test: 80.62%, Best Valid: 81.95%, Best Test: 81.55%
Epoch: 700, Loss: 0.0010, Train: 100.00%, Valid: 81.00%, Test: 80.76%, Best Valid: 81.95%, Best Test: 81.55%
Epoch: 800, Loss: 0.0020, Train: 100.00%, Valid: 80.45%, Test: 80.25%, Best Valid: 81.95%, Best Test: 81.55%
Epoch: 900, Loss: 0.0038, Train: 100.00%, Valid: 81.00%, Test: 80.37%, Best Valid: 81.95%, Best Test: 81.55%
Run 09:
Highest Train: 100.00
Highest Valid: 81.95
Highest Test: 81.61
Chosen epoch: 106
Final Train: 99.66
Final Test: 81.55
Epoch: 00, Loss: 2.5568, Train: 24.31%, Valid: 23.76%, Test: 23.94%, Best Valid: 23.76%, Best Test: 23.94%
Epoch: 100, Loss: 0.0979, Train: 99.31%, Valid: 80.89%, Test: 79.32%, Best Valid: 81.53%, Best Test: 79.84%
Epoch: 200, Loss: 0.0236, Train: 100.00%, Valid: 80.93%, Test: 79.27%, Best Valid: 81.61%, Best Test: 79.66%
Epoch: 300, Loss: 0.0112, Train: 100.00%, Valid: 80.93%, Test: 79.55%, Best Valid: 81.61%, Best Test: 79.66%
Epoch: 400, Loss: 0.0058, Train: 100.00%, Valid: 81.04%, Test: 79.32%, Best Valid: 81.61%, Best Test: 79.66%
Epoch: 500, Loss: 0.0094, Train: 100.00%, Valid: 80.60%, Test: 78.96%, Best Valid: 81.61%, Best Test: 79.66%
Epoch: 600, Loss: 0.0187, Train: 100.00%, Valid: 80.32%, Test: 78.91%, Best Valid: 81.61%, Best Test: 79.66%
Epoch: 700, Loss: 0.0107, Train: 100.00%, Valid: 80.66%, Test: 79.08%, Best Valid: 81.61%, Best Test: 79.66%
Epoch: 800, Loss: 0.0062, Train: 100.00%, Valid: 80.51%, Test: 79.44%, Best Valid: 81.61%, Best Test: 79.66%
Epoch: 900, Loss: 0.0012, Train: 100.00%, Valid: 80.02%, Test: 78.69%, Best Valid: 81.61%, Best Test: 79.66%
Run 10:
Highest Train: 100.00
Highest Valid: 81.61
Highest Test: 80.18
Chosen epoch: 176
Final Train: 100.00
Final Test: 79.66
All runs:
Highest Train: 100.00 ± 0.00
Highest Test: 80.88 ± 0.68
Highest Valid: 81.87 ± 0.77
  Final Train: 98.81 ± 1.11
   Final Test: 80.64 ± 0.80
Saving results to results/unified/wikics/MPNN_gat.csv
--- mlp_reg | transform=none | lambda=0.01 | mlp_epochs=500 ---
Namespace(bn=False, cpu=False, data_dir='./data/', dataset='wikics', device=0, display_step=100, dropout=0.7, epochs=1000, gnn='gat', hidden_channels=512, jk=False, label_num_per_class=20, lambda_val=0.01, ln=True, local_layers=2, lr=0.001, metric='acc', mlp_epochs=500, mlp_reg=True, model='MPNN', model_dir='models', num_heads=1, oracle_reg=False, paired_seeds=True, penalty_transform='none', pre_linear=False, pre_ln=False, rand_split=False, rand_split_class=False, reg_start_epoch=10, reg_update_freq=5, res=True, result_dir='results/unified', runs=10, save_model=False, seed=42, test_num=1000, train_prop=0.5, use_reg=True, valid_num=500, valid_prop=0.25, weight_decay=0.0)
wikics
dataset wikics | num nodes 11701 | num edge 431726 | num node feats 300 | num classes 10
MODEL: MPNNs(
  (h_lins): ModuleList()
  (local_convs): ModuleList(
    (0): GATConv(300, 512, heads=1)
    (1): GATConv(512, 512, heads=1)
  )
  (lins): ModuleList(
    (0): Linear(in_features=300, out_features=512, bias=True)
    (1): Linear(in_features=512, out_features=512, bias=True)
  )
  (lns): ModuleList(
    (0): LayerNorm((512,), eps=1e-05, elementwise_affine=True)
    (1): LayerNorm((512,), eps=1e-05, elementwise_affine=True)
  )
  (bns): ModuleList(
    (0): BatchNorm1d(512, eps=1e-05, momentum=0.1, affine=True, track_running_stats=True)
    (1): BatchNorm1d(512, eps=1e-05, momentum=0.1, affine=True, track_running_stats=True)
  )
  (lin_in): Linear(in_features=300, out_features=512, bias=True)
  (pred_local): Linear(in_features=512, out_features=10, bias=True)
)
Pre-training MLP for 500 epochs to generate co-occurrence matrix...
MLP pre-training complete. Penalty matrix frozen.
Epoch: 00, Loss: 2.6850, Train: 32.59%, Valid: 31.87%, Test: 31.74%, Best Valid: 31.87%, Best Test: 31.74%
Epoch: 100, Loss: 0.1296, Train: 98.97%, Valid: 81.66%, Test: 80.84%, Best Valid: 82.48%, Best Test: 81.00%
Epoch: 200, Loss: 0.0211, Train: 100.00%, Valid: 80.87%, Test: 80.14%, Best Valid: 82.48%, Best Test: 81.00%
Epoch: 300, Loss: 0.0145, Train: 100.00%, Valid: 80.39%, Test: 79.99%, Best Valid: 82.48%, Best Test: 81.00%
Epoch: 400, Loss: 0.0102, Train: 100.00%, Valid: 81.13%, Test: 80.23%, Best Valid: 82.48%, Best Test: 81.00%
Epoch: 500, Loss: 0.0075, Train: 100.00%, Valid: 80.19%, Test: 80.13%, Best Valid: 82.48%, Best Test: 81.00%
Epoch: 600, Loss: 0.0087, Train: 100.00%, Valid: 80.19%, Test: 80.21%, Best Valid: 82.48%, Best Test: 81.00%
Epoch: 700, Loss: 0.0072, Train: 100.00%, Valid: 80.57%, Test: 79.84%, Best Valid: 82.48%, Best Test: 81.00%
Epoch: 800, Loss: 0.0012, Train: 100.00%, Valid: 80.93%, Test: 80.40%, Best Valid: 82.48%, Best Test: 81.00%
Epoch: 900, Loss: 0.0065, Train: 100.00%, Valid: 80.43%, Test: 80.08%, Best Valid: 82.48%, Best Test: 81.00%
Run 01:
Highest Train: 100.00
Highest Valid: 82.48
Highest Test: 81.39
Chosen epoch: 76
Final Train: 97.59
Final Test: 81.00
Pre-training MLP for 500 epochs to generate co-occurrence matrix...
MLP pre-training complete. Penalty matrix frozen.
Epoch: 00, Loss: 2.4704, Train: 23.45%, Valid: 23.25%, Test: 23.38%, Best Valid: 23.25%, Best Test: 23.38%
Epoch: 100, Loss: 0.1779, Train: 98.45%, Valid: 81.19%, Test: 80.33%, Best Valid: 81.93%, Best Test: 80.30%
Epoch: 200, Loss: 0.0336, Train: 100.00%, Valid: 81.02%, Test: 80.01%, Best Valid: 81.93%, Best Test: 80.30%
Epoch: 300, Loss: 0.0095, Train: 100.00%, Valid: 81.00%, Test: 79.82%, Best Valid: 81.93%, Best Test: 80.30%
Epoch: 400, Loss: 0.0213, Train: 100.00%, Valid: 80.38%, Test: 79.29%, Best Valid: 81.93%, Best Test: 80.30%
Epoch: 500, Loss: 0.0098, Train: 100.00%, Valid: 80.53%, Test: 79.27%, Best Valid: 81.93%, Best Test: 80.30%
Epoch: 600, Loss: 0.0029, Train: 100.00%, Valid: 80.55%, Test: 79.51%, Best Valid: 81.93%, Best Test: 80.30%
Epoch: 700, Loss: 0.0290, Train: 100.00%, Valid: 80.19%, Test: 79.63%, Best Valid: 81.93%, Best Test: 80.30%
Epoch: 800, Loss: 0.0211, Train: 100.00%, Valid: 80.28%, Test: 79.10%, Best Valid: 81.93%, Best Test: 80.30%
Epoch: 900, Loss: 0.0037, Train: 100.00%, Valid: 80.79%, Test: 80.18%, Best Valid: 81.93%, Best Test: 80.30%
Run 02:
Highest Train: 100.00
Highest Valid: 81.93
Highest Test: 80.61
Chosen epoch: 80
Final Train: 96.38
Final Test: 80.30
Pre-training MLP for 500 epochs to generate co-occurrence matrix...
MLP pre-training complete. Penalty matrix frozen.
Epoch: 00, Loss: 2.5698, Train: 38.28%, Valid: 37.41%, Test: 36.87%, Best Valid: 37.41%, Best Test: 36.87%
Epoch: 100, Loss: 0.0990, Train: 99.48%, Valid: 82.27%, Test: 81.14%, Best Valid: 82.44%, Best Test: 80.81%
Epoch: 200, Loss: 0.0225, Train: 100.00%, Valid: 82.42%, Test: 80.90%, Best Valid: 82.52%, Best Test: 80.96%
Epoch: 300, Loss: 0.0070, Train: 100.00%, Valid: 82.06%, Test: 80.50%, Best Valid: 82.95%, Best Test: 81.15%
Epoch: 400, Loss: 0.0138, Train: 100.00%, Valid: 82.10%, Test: 80.84%, Best Valid: 82.95%, Best Test: 81.15%
Epoch: 500, Loss: 0.0089, Train: 100.00%, Valid: 82.06%, Test: 80.40%, Best Valid: 82.95%, Best Test: 81.15%
Epoch: 600, Loss: 0.0092, Train: 100.00%, Valid: 81.78%, Test: 80.43%, Best Valid: 82.95%, Best Test: 81.15%
Epoch: 700, Loss: 0.0076, Train: 100.00%, Valid: 81.63%, Test: 80.25%, Best Valid: 82.95%, Best Test: 81.15%
Epoch: 800, Loss: 0.0093, Train: 100.00%, Valid: 81.21%, Test: 79.90%, Best Valid: 82.95%, Best Test: 81.15%
Epoch: 900, Loss: 0.0065, Train: 100.00%, Valid: 81.13%, Test: 79.99%, Best Valid: 82.95%, Best Test: 81.15%
Run 03:
Highest Train: 100.00
Highest Valid: 82.95
Highest Test: 81.32
Chosen epoch: 268
Final Train: 100.00
Final Test: 81.15
Pre-training MLP for 500 epochs to generate co-occurrence matrix...
MLP pre-training complete. Penalty matrix frozen.
Epoch: 00, Loss: 2.5700, Train: 23.28%, Valid: 22.89%, Test: 22.92%, Best Valid: 22.89%, Best Test: 22.92%
Epoch: 100, Loss: 0.1345, Train: 98.62%, Valid: 81.36%, Test: 79.73%, Best Valid: 81.66%, Best Test: 80.14%
Epoch: 200, Loss: 0.0296, Train: 100.00%, Valid: 80.85%, Test: 78.84%, Best Valid: 81.66%, Best Test: 80.14%
Epoch: 300, Loss: 0.0160, Train: 100.00%, Valid: 80.83%, Test: 79.60%, Best Valid: 81.66%, Best Test: 80.14%
Epoch: 400, Loss: 0.0071, Train: 100.00%, Valid: 80.19%, Test: 79.05%, Best Valid: 81.66%, Best Test: 80.14%
Epoch: 500, Loss: 0.0127, Train: 100.00%, Valid: 79.35%, Test: 78.45%, Best Valid: 81.66%, Best Test: 80.14%
Epoch: 600, Loss: 0.0079, Train: 100.00%, Valid: 80.05%, Test: 78.79%, Best Valid: 81.66%, Best Test: 80.14%
Epoch: 700, Loss: 0.0082, Train: 100.00%, Valid: 79.84%, Test: 78.64%, Best Valid: 81.66%, Best Test: 80.14%
Epoch: 800, Loss: 0.0044, Train: 100.00%, Valid: 80.30%, Test: 78.86%, Best Valid: 81.66%, Best Test: 80.14%
Epoch: 900, Loss: 0.0037, Train: 100.00%, Valid: 79.20%, Test: 78.28%, Best Valid: 81.66%, Best Test: 80.14%
Run 04:
Highest Train: 100.00
Highest Valid: 81.66
Highest Test: 80.28
Chosen epoch: 86
Final Train: 96.72
Final Test: 80.14
Pre-training MLP for 500 epochs to generate co-occurrence matrix...
MLP pre-training complete. Penalty matrix frozen.
Epoch: 00, Loss: 2.6030, Train: 23.45%, Valid: 23.72%, Test: 23.74%, Best Valid: 23.72%, Best Test: 23.74%
Epoch: 100, Loss: 0.1431, Train: 99.48%, Valid: 82.20%, Test: 81.27%, Best Valid: 82.40%, Best Test: 81.34%
Epoch: 200, Loss: 0.0203, Train: 100.00%, Valid: 80.53%, Test: 80.14%, Best Valid: 82.40%, Best Test: 81.34%
Epoch: 300, Loss: 0.0201, Train: 100.00%, Valid: 80.60%, Test: 79.78%, Best Valid: 82.40%, Best Test: 81.34%
Epoch: 400, Loss: 0.0135, Train: 100.00%, Valid: 81.25%, Test: 80.09%, Best Valid: 82.40%, Best Test: 81.34%
Epoch: 500, Loss: 0.0122, Train: 100.00%, Valid: 80.72%, Test: 79.85%, Best Valid: 82.40%, Best Test: 81.34%
Epoch: 600, Loss: 0.0099, Train: 100.00%, Valid: 80.41%, Test: 79.29%, Best Valid: 82.40%, Best Test: 81.34%
Epoch: 700, Loss: 0.0087, Train: 100.00%, Valid: 80.09%, Test: 78.72%, Best Valid: 82.40%, Best Test: 81.34%
Epoch: 800, Loss: 0.0071, Train: 100.00%, Valid: 80.85%, Test: 80.26%, Best Valid: 82.40%, Best Test: 81.34%
Epoch: 900, Loss: 0.0121, Train: 100.00%, Valid: 80.77%, Test: 79.82%, Best Valid: 82.40%, Best Test: 81.34%
Run 05:
Highest Train: 100.00
Highest Valid: 82.40
Highest Test: 81.46
Chosen epoch: 95
Final Train: 98.97
Final Test: 81.34
Pre-training MLP for 500 epochs to generate co-occurrence matrix...
MLP pre-training complete. Penalty matrix frozen.
Epoch: 00, Loss: 2.6311, Train: 32.24%, Valid: 32.44%, Test: 33.23%, Best Valid: 32.44%, Best Test: 33.23%
Epoch: 100, Loss: 0.1126, Train: 99.31%, Valid: 81.29%, Test: 80.90%, Best Valid: 82.14%, Best Test: 80.88%
Epoch: 200, Loss: 0.0305, Train: 100.00%, Valid: 81.08%, Test: 80.35%, Best Valid: 82.14%, Best Test: 80.88%
Epoch: 300, Loss: 0.0164, Train: 100.00%, Valid: 81.57%, Test: 81.05%, Best Valid: 82.14%, Best Test: 80.88%
Epoch: 400, Loss: 0.0063, Train: 100.00%, Valid: 81.68%, Test: 80.98%, Best Valid: 82.14%, Best Test: 80.88%
Epoch: 500, Loss: 0.0178, Train: 100.00%, Valid: 80.62%, Test: 80.14%, Best Valid: 82.14%, Best Test: 80.88%
Epoch: 600, Loss: 0.0136, Train: 100.00%, Valid: 80.81%, Test: 80.35%, Best Valid: 82.14%, Best Test: 80.88%
Epoch: 700, Loss: 0.0061, Train: 100.00%, Valid: 80.93%, Test: 80.43%, Best Valid: 82.14%, Best Test: 80.88%
Epoch: 800, Loss: 0.0014, Train: 100.00%, Valid: 80.60%, Test: 79.73%, Best Valid: 82.14%, Best Test: 80.88%
Epoch: 900, Loss: 0.0176, Train: 100.00%, Valid: 79.35%, Test: 78.76%, Best Valid: 82.14%, Best Test: 80.88%
Run 06:
Highest Train: 100.00
Highest Valid: 82.14
Highest Test: 81.55
Chosen epoch: 97
Final Train: 98.79
Final Test: 80.88
Pre-training MLP for 500 epochs to generate co-occurrence matrix...
MLP pre-training complete. Penalty matrix frozen.
Epoch: 00, Loss: 2.6846, Train: 22.93%, Valid: 22.89%, Test: 22.95%, Best Valid: 22.89%, Best Test: 22.95%
Epoch: 100, Loss: 0.1145, Train: 99.31%, Valid: 79.79%, Test: 79.48%, Best Valid: 80.47%, Best Test: 79.41%
Epoch: 200, Loss: 0.0247, Train: 100.00%, Valid: 79.54%, Test: 79.68%, Best Valid: 80.47%, Best Test: 79.41%
Epoch: 300, Loss: 0.0064, Train: 100.00%, Valid: 79.03%, Test: 78.55%, Best Valid: 80.47%, Best Test: 79.41%
Epoch: 400, Loss: 0.0168, Train: 100.00%, Valid: 79.71%, Test: 79.60%, Best Valid: 80.47%, Best Test: 79.41%
Epoch: 500, Loss: 0.0111, Train: 100.00%, Valid: 79.29%, Test: 79.03%, Best Valid: 80.47%, Best Test: 79.41%
Epoch: 600, Loss: 0.0028, Train: 100.00%, Valid: 79.65%, Test: 79.01%, Best Valid: 80.47%, Best Test: 79.41%
Epoch: 700, Loss: 0.0022, Train: 100.00%, Valid: 79.11%, Test: 78.79%, Best Valid: 80.47%, Best Test: 79.41%
Epoch: 800, Loss: 0.0010, Train: 100.00%, Valid: 79.43%, Test: 78.96%, Best Valid: 80.47%, Best Test: 79.41%
Epoch: 900, Loss: 0.0064, Train: 99.83%, Valid: 77.65%, Test: 77.17%, Best Valid: 80.47%, Best Test: 79.41%
Run 07:
Highest Train: 100.00
Highest Valid: 80.47
Highest Test: 79.90
Chosen epoch: 85
Final Train: 97.59
Final Test: 79.41
Pre-training MLP for 500 epochs to generate co-occurrence matrix...
MLP pre-training complete. Penalty matrix frozen.
Epoch: 00, Loss: 2.5701, Train: 23.45%, Valid: 23.04%, Test: 23.26%, Best Valid: 23.04%, Best Test: 23.26%
Epoch: 100, Loss: 0.1404, Train: 99.31%, Valid: 80.75%, Test: 80.35%, Best Valid: 81.42%, Best Test: 80.14%
Epoch: 200, Loss: 0.0259, Train: 100.00%, Valid: 80.43%, Test: 79.75%, Best Valid: 81.42%, Best Test: 80.14%
Epoch: 300, Loss: 0.0124, Train: 100.00%, Valid: 80.24%, Test: 79.37%, Best Valid: 81.42%, Best Test: 80.14%
Epoch: 400, Loss: 0.0060, Train: 100.00%, Valid: 79.79%, Test: 79.05%, Best Valid: 81.42%, Best Test: 80.14%
Epoch: 500, Loss: 0.0120, Train: 100.00%, Valid: 79.54%, Test: 79.20%, Best Valid: 81.42%, Best Test: 80.14%
Epoch: 600, Loss: 0.0110, Train: 100.00%, Valid: 80.02%, Test: 79.48%, Best Valid: 81.42%, Best Test: 80.14%
Epoch: 700, Loss: 0.0087, Train: 100.00%, Valid: 79.67%, Test: 79.15%, Best Valid: 81.42%, Best Test: 80.14%
Epoch: 800, Loss: 0.0033, Train: 100.00%, Valid: 79.96%, Test: 79.78%, Best Valid: 81.42%, Best Test: 80.14%
Epoch: 900, Loss: 0.0028, Train: 100.00%, Valid: 80.00%, Test: 79.12%, Best Valid: 81.42%, Best Test: 80.14%
Run 08:
Highest Train: 100.00
Highest Valid: 81.42
Highest Test: 80.54
Chosen epoch: 66
Final Train: 94.14
Final Test: 80.14
Pre-training MLP for 500 epochs to generate co-occurrence matrix...
MLP pre-training complete. Penalty matrix frozen.
Epoch: 00, Loss: 2.6419, Train: 31.72%, Valid: 30.85%, Test: 30.68%, Best Valid: 30.85%, Best Test: 30.68%
Epoch: 100, Loss: 0.0788, Train: 99.66%, Valid: 81.00%, Test: 80.54%, Best Valid: 81.91%, Best Test: 81.36%
Epoch: 200, Loss: 0.0200, Train: 100.00%, Valid: 80.85%, Test: 80.54%, Best Valid: 82.01%, Best Test: 81.65%
Epoch: 300, Loss: 0.0137, Train: 100.00%, Valid: 80.93%, Test: 80.38%, Best Valid: 82.01%, Best Test: 81.65%
Epoch: 400, Loss: 0.0090, Train: 100.00%, Valid: 80.83%, Test: 80.59%, Best Valid: 82.01%, Best Test: 81.65%
Epoch: 500, Loss: 0.0048, Train: 100.00%, Valid: 80.91%, Test: 80.54%, Best Valid: 82.01%, Best Test: 81.65%
Epoch: 600, Loss: 0.0026, Train: 100.00%, Valid: 80.72%, Test: 80.66%, Best Valid: 82.01%, Best Test: 81.65%
Epoch: 700, Loss: 0.0008, Train: 100.00%, Valid: 81.06%, Test: 80.62%, Best Valid: 82.01%, Best Test: 81.65%
Epoch: 800, Loss: 0.0076, Train: 100.00%, Valid: 80.74%, Test: 80.09%, Best Valid: 82.01%, Best Test: 81.65%
Epoch: 900, Loss: 0.0012, Train: 100.00%, Valid: 81.02%, Test: 80.79%, Best Valid: 82.01%, Best Test: 81.65%
Run 09:
Highest Train: 100.00
Highest Valid: 82.01
Highest Test: 81.65
Chosen epoch: 110
Final Train: 99.66
Final Test: 81.65
Pre-training MLP for 500 epochs to generate co-occurrence matrix...
MLP pre-training complete. Penalty matrix frozen.
Epoch: 00, Loss: 2.5823, Train: 24.31%, Valid: 23.81%, Test: 23.98%, Best Valid: 23.81%, Best Test: 23.98%
Epoch: 100, Loss: 0.1018, Train: 99.31%, Valid: 80.64%, Test: 79.17%, Best Valid: 81.72%, Best Test: 80.25%
Epoch: 200, Loss: 0.0221, Train: 100.00%, Valid: 81.00%, Test: 79.58%, Best Valid: 81.72%, Best Test: 80.25%
Epoch: 300, Loss: 0.0143, Train: 100.00%, Valid: 81.27%, Test: 79.85%, Best Valid: 81.72%, Best Test: 80.25%
Epoch: 400, Loss: 0.0025, Train: 100.00%, Valid: 81.11%, Test: 79.63%, Best Valid: 81.72%, Best Test: 80.25%
Epoch: 500, Loss: 0.0111, Train: 100.00%, Valid: 80.81%, Test: 79.36%, Best Valid: 81.72%, Best Test: 80.25%
Epoch: 600, Loss: 0.0158, Train: 100.00%, Valid: 80.66%, Test: 79.31%, Best Valid: 81.72%, Best Test: 80.25%
Epoch: 700, Loss: 0.0089, Train: 100.00%, Valid: 80.34%, Test: 78.95%, Best Valid: 81.72%, Best Test: 80.25%
Epoch: 800, Loss: 0.0044, Train: 100.00%, Valid: 80.09%, Test: 79.03%, Best Valid: 81.72%, Best Test: 80.25%
Epoch: 900, Loss: 0.0042, Train: 100.00%, Valid: 80.62%, Test: 79.03%, Best Valid: 81.72%, Best Test: 80.25%
Run 10:
Highest Train: 100.00
Highest Valid: 81.72
Highest Test: 80.33
Chosen epoch: 70
Final Train: 95.52
Final Test: 80.25
All runs:
Highest Train: 100.00 ± 0.00
Highest Test: 80.90 ± 0.64
Highest Valid: 81.92 ± 0.68
  Final Train: 97.53 ± 1.88
   Final Test: 80.63 ± 0.69
Saving results to results/unified/wikics/MPNN_gat.csv
--- mlp_reg | transform=none | lambda=0.05 | mlp_epochs=500 ---
Namespace(bn=False, cpu=False, data_dir='./data/', dataset='wikics', device=0, display_step=100, dropout=0.7, epochs=1000, gnn='gat', hidden_channels=512, jk=False, label_num_per_class=20, lambda_val=0.05, ln=True, local_layers=2, lr=0.001, metric='acc', mlp_epochs=500, mlp_reg=True, model='MPNN', model_dir='models', num_heads=1, oracle_reg=False, paired_seeds=True, penalty_transform='none', pre_linear=False, pre_ln=False, rand_split=False, rand_split_class=False, reg_start_epoch=10, reg_update_freq=5, res=True, result_dir='results/unified', runs=10, save_model=False, seed=42, test_num=1000, train_prop=0.5, use_reg=True, valid_num=500, valid_prop=0.25, weight_decay=0.0)
wikics
dataset wikics | num nodes 11701 | num edge 431726 | num node feats 300 | num classes 10
MODEL: MPNNs(
  (h_lins): ModuleList()
  (local_convs): ModuleList(
    (0): GATConv(300, 512, heads=1)
    (1): GATConv(512, 512, heads=1)
  )
  (lins): ModuleList(
    (0): Linear(in_features=300, out_features=512, bias=True)
    (1): Linear(in_features=512, out_features=512, bias=True)
  )
  (lns): ModuleList(
    (0): LayerNorm((512,), eps=1e-05, elementwise_affine=True)
    (1): LayerNorm((512,), eps=1e-05, elementwise_affine=True)
  )
  (bns): ModuleList(
    (0): BatchNorm1d(512, eps=1e-05, momentum=0.1, affine=True, track_running_stats=True)
    (1): BatchNorm1d(512, eps=1e-05, momentum=0.1, affine=True, track_running_stats=True)
  )
  (lin_in): Linear(in_features=300, out_features=512, bias=True)
  (pred_local): Linear(in_features=512, out_features=10, bias=True)
)
Pre-training MLP for 500 epochs to generate co-occurrence matrix...
MLP pre-training complete. Penalty matrix frozen.
Epoch: 00, Loss: 2.7914, Train: 32.76%, Valid: 31.95%, Test: 31.69%, Best Valid: 31.95%, Best Test: 31.69%
Epoch: 100, Loss: 0.1254, Train: 98.97%, Valid: 81.59%, Test: 80.95%, Best Valid: 82.35%, Best Test: 81.27%
Epoch: 200, Loss: 0.0199, Train: 100.00%, Valid: 80.81%, Test: 80.31%, Best Valid: 82.35%, Best Test: 81.27%
Epoch: 300, Loss: 0.0136, Train: 100.00%, Valid: 80.85%, Test: 80.38%, Best Valid: 82.35%, Best Test: 81.27%
Epoch: 400, Loss: 0.0086, Train: 100.00%, Valid: 80.64%, Test: 79.96%, Best Valid: 82.35%, Best Test: 81.27%
Epoch: 500, Loss: 0.0092, Train: 100.00%, Valid: 80.19%, Test: 79.78%, Best Valid: 82.35%, Best Test: 81.27%
Epoch: 600, Loss: 0.0109, Train: 100.00%, Valid: 80.15%, Test: 80.08%, Best Valid: 82.35%, Best Test: 81.27%
Epoch: 700, Loss: 0.0046, Train: 100.00%, Valid: 80.39%, Test: 80.21%, Best Valid: 82.35%, Best Test: 81.27%
Epoch: 800, Loss: 0.0012, Train: 100.00%, Valid: 80.38%, Test: 80.04%, Best Valid: 82.35%, Best Test: 81.27%
Epoch: 900, Loss: 0.0041, Train: 100.00%, Valid: 80.02%, Test: 79.92%, Best Valid: 82.35%, Best Test: 81.27%
Run 01:
Highest Train: 100.00
Highest Valid: 82.35
Highest Test: 81.49
Chosen epoch: 67
Final Train: 96.21
Final Test: 81.27
Pre-training MLP for 500 epochs to generate co-occurrence matrix...
MLP pre-training complete. Penalty matrix frozen.
Epoch: 00, Loss: 2.5683, Train: 23.10%, Valid: 23.17%, Test: 23.21%, Best Valid: 23.17%, Best Test: 23.21%
Epoch: 100, Loss: 0.1830, Train: 98.45%, Valid: 81.21%, Test: 80.38%, Best Valid: 82.21%, Best Test: 80.42%
Epoch: 200, Loss: 0.0376, Train: 100.00%, Valid: 80.36%, Test: 79.43%, Best Valid: 82.21%, Best Test: 80.42%
Epoch: 300, Loss: 0.0108, Train: 100.00%, Valid: 80.79%, Test: 79.73%, Best Valid: 82.21%, Best Test: 80.42%
Epoch: 400, Loss: 0.0111, Train: 100.00%, Valid: 80.38%, Test: 79.68%, Best Valid: 82.21%, Best Test: 80.42%
Epoch: 500, Loss: 0.0049, Train: 100.00%, Valid: 80.62%, Test: 79.41%, Best Valid: 82.21%, Best Test: 80.42%
Epoch: 600, Loss: 0.0022, Train: 100.00%, Valid: 80.28%, Test: 79.39%, Best Valid: 82.21%, Best Test: 80.42%
Epoch: 700, Loss: 0.0431, Train: 100.00%, Valid: 80.41%, Test: 79.43%, Best Valid: 82.21%, Best Test: 80.42%
Epoch: 800, Loss: 0.0146, Train: 100.00%, Valid: 80.55%, Test: 79.51%, Best Valid: 82.21%, Best Test: 80.42%
Epoch: 900, Loss: 0.0123, Train: 100.00%, Valid: 80.75%, Test: 79.80%, Best Valid: 82.21%, Best Test: 80.42%
Run 02:
Highest Train: 100.00
Highest Valid: 82.21
Highest Test: 80.66
Chosen epoch: 80
Final Train: 96.21
Final Test: 80.42
Pre-training MLP for 500 epochs to generate co-occurrence matrix...
MLP pre-training complete. Penalty matrix frozen.
Epoch: 00, Loss: 2.6715, Train: 36.21%, Valid: 36.31%, Test: 35.88%, Best Valid: 36.31%, Best Test: 35.88%
Epoch: 100, Loss: 0.1009, Train: 99.48%, Valid: 82.52%, Test: 80.84%, Best Valid: 82.52%, Best Test: 80.84%
Epoch: 200, Loss: 0.0356, Train: 100.00%, Valid: 82.44%, Test: 81.00%, Best Valid: 82.71%, Best Test: 81.27%
Epoch: 300, Loss: 0.0064, Train: 100.00%, Valid: 82.27%, Test: 80.71%, Best Valid: 82.90%, Best Test: 81.05%
Epoch: 400, Loss: 0.0090, Train: 100.00%, Valid: 82.23%, Test: 80.64%, Best Valid: 82.90%, Best Test: 81.05%
Epoch: 500, Loss: 0.0218, Train: 100.00%, Valid: 82.50%, Test: 80.95%, Best Valid: 82.90%, Best Test: 81.05%
Epoch: 600, Loss: 0.0168, Train: 100.00%, Valid: 82.29%, Test: 80.71%, Best Valid: 82.90%, Best Test: 81.05%
Epoch: 700, Loss: 0.0204, Train: 100.00%, Valid: 81.80%, Test: 80.18%, Best Valid: 82.90%, Best Test: 81.05%
Epoch: 800, Loss: 0.0082, Train: 100.00%, Valid: 81.36%, Test: 79.84%, Best Valid: 82.90%, Best Test: 81.05%
Epoch: 900, Loss: 0.0033, Train: 100.00%, Valid: 81.68%, Test: 80.40%, Best Valid: 82.90%, Best Test: 81.05%
Run 03:
Highest Train: 100.00
Highest Valid: 82.90
Highest Test: 81.29
Chosen epoch: 267
Final Train: 100.00
Final Test: 81.05
Pre-training MLP for 500 epochs to generate co-occurrence matrix...
MLP pre-training complete. Penalty matrix frozen.
Epoch: 00, Loss: 2.6717, Train: 23.28%, Valid: 22.89%, Test: 22.93%, Best Valid: 22.89%, Best Test: 22.93%
Epoch: 100, Loss: 0.1409, Train: 98.28%, Valid: 81.34%, Test: 79.78%, Best Valid: 81.59%, Best Test: 79.99%
Epoch: 200, Loss: 0.0276, Train: 99.83%, Valid: 80.51%, Test: 78.81%, Best Valid: 81.74%, Best Test: 80.11%
Epoch: 300, Loss: 0.0277, Train: 99.83%, Valid: 80.02%, Test: 78.84%, Best Valid: 81.74%, Best Test: 80.11%
Epoch: 400, Loss: 0.0082, Train: 100.00%, Valid: 79.69%, Test: 78.96%, Best Valid: 81.74%, Best Test: 80.11%
Epoch: 500, Loss: 0.0189, Train: 100.00%, Valid: 79.65%, Test: 78.43%, Best Valid: 81.74%, Best Test: 80.11%
Epoch: 600, Loss: 0.0250, Train: 100.00%, Valid: 78.59%, Test: 77.15%, Best Valid: 81.74%, Best Test: 80.11%
Epoch: 700, Loss: 0.0039, Train: 100.00%, Valid: 80.20%, Test: 78.71%, Best Valid: 81.74%, Best Test: 80.11%
Epoch: 800, Loss: 0.0043, Train: 100.00%, Valid: 80.20%, Test: 78.78%, Best Valid: 81.74%, Best Test: 80.11%
Epoch: 900, Loss: 0.0051, Train: 100.00%, Valid: 79.45%, Test: 78.21%, Best Valid: 81.74%, Best Test: 80.11%
Run 04:
Highest Train: 100.00
Highest Valid: 81.74
Highest Test: 80.43
Chosen epoch: 112
Final Train: 98.62
Final Test: 80.11
Pre-training MLP for 500 epochs to generate co-occurrence matrix...
MLP pre-training complete. Penalty matrix frozen.
Epoch: 00, Loss: 2.7061, Train: 23.45%, Valid: 23.59%, Test: 23.69%, Best Valid: 23.59%, Best Test: 23.69%
Epoch: 100, Loss: 0.1517, Train: 99.14%, Valid: 82.06%, Test: 81.26%, Best Valid: 82.52%, Best Test: 81.10%
Epoch: 200, Loss: 0.0128, Train: 100.00%, Valid: 81.27%, Test: 80.28%, Best Valid: 82.52%, Best Test: 81.10%
Epoch: 300, Loss: 0.0117, Train: 100.00%, Valid: 81.02%, Test: 80.14%, Best Valid: 82.52%, Best Test: 81.10%
Epoch: 400, Loss: 0.0195, Train: 100.00%, Valid: 80.30%, Test: 79.12%, Best Valid: 82.52%, Best Test: 81.10%
Epoch: 500, Loss: 0.0118, Train: 100.00%, Valid: 81.00%, Test: 79.48%, Best Valid: 82.52%, Best Test: 81.10%
Epoch: 600, Loss: 0.0032, Train: 100.00%, Valid: 80.41%, Test: 79.56%, Best Valid: 82.52%, Best Test: 81.10%
Epoch: 700, Loss: 0.0054, Train: 100.00%, Valid: 80.55%, Test: 80.09%, Best Valid: 82.52%, Best Test: 81.10%
Epoch: 800, Loss: 0.0033, Train: 100.00%, Valid: 80.87%, Test: 79.41%, Best Valid: 82.52%, Best Test: 81.10%
Epoch: 900, Loss: 0.0088, Train: 100.00%, Valid: 80.74%, Test: 80.21%, Best Valid: 82.52%, Best Test: 81.10%
Run 05:
Highest Train: 100.00
Highest Valid: 82.52
Highest Test: 81.51
Chosen epoch: 86
Final Train: 98.10
Final Test: 81.10
Pre-training MLP for 500 epochs to generate co-occurrence matrix...
MLP pre-training complete. Penalty matrix frozen.
Epoch: 00, Loss: 2.7353, Train: 35.69%, Valid: 35.42%, Test: 35.86%, Best Valid: 35.42%, Best Test: 35.86%
Epoch: 100, Loss: 0.1173, Train: 99.31%, Valid: 81.55%, Test: 80.90%, Best Valid: 82.01%, Best Test: 81.27%
Epoch: 200, Loss: 0.0343, Train: 99.83%, Valid: 81.17%, Test: 80.52%, Best Valid: 82.10%, Best Test: 81.22%
Epoch: 300, Loss: 0.0167, Train: 100.00%, Valid: 81.59%, Test: 81.55%, Best Valid: 82.10%, Best Test: 81.22%
Epoch: 400, Loss: 0.0070, Train: 100.00%, Valid: 81.44%, Test: 80.45%, Best Valid: 82.10%, Best Test: 81.22%
Epoch: 500, Loss: 0.0050, Train: 100.00%, Valid: 80.60%, Test: 80.11%, Best Valid: 82.10%, Best Test: 81.22%
Epoch: 600, Loss: 0.0089, Train: 100.00%, Valid: 81.25%, Test: 81.03%, Best Valid: 82.10%, Best Test: 81.22%
Epoch: 700, Loss: 0.0066, Train: 100.00%, Valid: 80.93%, Test: 80.37%, Best Valid: 82.10%, Best Test: 81.22%
Epoch: 800, Loss: 0.0063, Train: 100.00%, Valid: 80.47%, Test: 79.77%, Best Valid: 82.10%, Best Test: 81.22%
Epoch: 900, Loss: 0.0028, Train: 100.00%, Valid: 81.13%, Test: 80.64%, Best Valid: 82.10%, Best Test: 81.22%
Run 06:
Highest Train: 100.00
Highest Valid: 82.10
Highest Test: 81.55
Chosen epoch: 150
Final Train: 99.83
Final Test: 81.22
Pre-training MLP for 500 epochs to generate co-occurrence matrix...
MLP pre-training complete. Penalty matrix frozen.
Epoch: 00, Loss: 2.7909, Train: 22.93%, Valid: 22.89%, Test: 22.93%, Best Valid: 22.89%, Best Test: 22.93%
Epoch: 100, Loss: 0.1315, Train: 99.31%, Valid: 80.11%, Test: 79.55%, Best Valid: 80.24%, Best Test: 79.56%
Epoch: 200, Loss: 0.0314, Train: 100.00%, Valid: 79.60%, Test: 79.58%, Best Valid: 80.24%, Best Test: 79.56%
Epoch: 300, Loss: 0.0057, Train: 100.00%, Valid: 79.33%, Test: 79.01%, Best Valid: 80.24%, Best Test: 79.56%
Epoch: 400, Loss: 0.0073, Train: 100.00%, Valid: 78.65%, Test: 78.16%, Best Valid: 80.24%, Best Test: 79.56%
Epoch: 500, Loss: 0.0099, Train: 100.00%, Valid: 79.26%, Test: 78.71%, Best Valid: 80.24%, Best Test: 79.56%
Epoch: 600, Loss: 0.0049, Train: 100.00%, Valid: 79.18%, Test: 78.84%, Best Valid: 80.24%, Best Test: 79.56%
Epoch: 700, Loss: 0.0018, Train: 100.00%, Valid: 79.58%, Test: 79.17%, Best Valid: 80.24%, Best Test: 79.56%
Epoch: 800, Loss: 0.0051, Train: 100.00%, Valid: 78.97%, Test: 78.76%, Best Valid: 80.24%, Best Test: 79.56%
Epoch: 900, Loss: 0.0162, Train: 100.00%, Valid: 78.31%, Test: 78.09%, Best Valid: 80.24%, Best Test: 79.56%
Run 07:
Highest Train: 100.00
Highest Valid: 80.24
Highest Test: 79.85
Chosen epoch: 76
Final Train: 96.90
Final Test: 79.56
Pre-training MLP for 500 epochs to generate co-occurrence matrix...
MLP pre-training complete. Penalty matrix frozen.
Epoch: 00, Loss: 2.6719, Train: 24.14%, Valid: 23.27%, Test: 23.58%, Best Valid: 23.27%, Best Test: 23.58%
Epoch: 100, Loss: 0.1464, Train: 99.14%, Valid: 81.02%, Test: 80.31%, Best Valid: 81.32%, Best Test: 80.21%
Epoch: 200, Loss: 0.0181, Train: 100.00%, Valid: 80.47%, Test: 80.06%, Best Valid: 81.32%, Best Test: 80.21%
Epoch: 300, Loss: 0.0093, Train: 100.00%, Valid: 79.83%, Test: 78.84%, Best Valid: 81.32%, Best Test: 80.21%
Epoch: 400, Loss: 0.0090, Train: 100.00%, Valid: 79.73%, Test: 78.33%, Best Valid: 81.32%, Best Test: 80.21%
Epoch: 500, Loss: 0.0069, Train: 100.00%, Valid: 80.11%, Test: 79.24%, Best Valid: 81.32%, Best Test: 80.21%
Epoch: 600, Loss: 0.0067, Train: 100.00%, Valid: 79.98%, Test: 79.20%, Best Valid: 81.32%, Best Test: 80.21%
Epoch: 700, Loss: 0.0073, Train: 100.00%, Valid: 79.79%, Test: 79.72%, Best Valid: 81.32%, Best Test: 80.21%
Epoch: 800, Loss: 0.0035, Train: 100.00%, Valid: 79.69%, Test: 79.36%, Best Valid: 81.32%, Best Test: 80.21%
Epoch: 900, Loss: 0.0022, Train: 100.00%, Valid: 79.62%, Test: 79.22%, Best Valid: 81.32%, Best Test: 80.21%
Run 08:
Highest Train: 100.00
Highest Valid: 81.32
Highest Test: 80.61
Chosen epoch: 67
Final Train: 94.31
Final Test: 80.21
Pre-training MLP for 500 epochs to generate co-occurrence matrix...
MLP pre-training complete. Penalty matrix frozen.
Epoch: 00, Loss: 2.7465, Train: 32.07%, Valid: 32.16%, Test: 31.86%, Best Valid: 32.16%, Best Test: 31.86%
Epoch: 100, Loss: 0.0773, Train: 99.83%, Valid: 81.00%, Test: 80.76%, Best Valid: 81.95%, Best Test: 81.48%
Epoch: 200, Loss: 0.0165, Train: 100.00%, Valid: 81.34%, Test: 80.98%, Best Valid: 81.95%, Best Test: 81.48%
Epoch: 300, Loss: 0.0142, Train: 100.00%, Valid: 81.08%, Test: 80.83%, Best Valid: 81.95%, Best Test: 81.48%
Epoch: 400, Loss: 0.0043, Train: 100.00%, Valid: 80.60%, Test: 80.57%, Best Valid: 81.95%, Best Test: 81.48%
Epoch: 500, Loss: 0.0051, Train: 100.00%, Valid: 80.68%, Test: 80.23%, Best Valid: 81.95%, Best Test: 81.48%
Epoch: 600, Loss: 0.0015, Train: 100.00%, Valid: 81.36%, Test: 80.95%, Best Valid: 81.95%, Best Test: 81.48%
Epoch: 700, Loss: 0.0036, Train: 100.00%, Valid: 80.89%, Test: 80.47%, Best Valid: 81.95%, Best Test: 81.48%
Epoch: 800, Loss: 0.0157, Train: 100.00%, Valid: 80.70%, Test: 80.40%, Best Valid: 81.95%, Best Test: 81.48%
Epoch: 900, Loss: 0.0061, Train: 100.00%, Valid: 81.27%, Test: 80.71%, Best Valid: 81.95%, Best Test: 81.48%
Run 09:
Highest Train: 100.00
Highest Valid: 81.95
Highest Test: 81.67
Chosen epoch: 83
Final Train: 98.62
Final Test: 81.48
Pre-training MLP for 500 epochs to generate co-occurrence matrix...
MLP pre-training complete. Penalty matrix frozen.
Epoch: 00, Loss: 2.6846, Train: 24.83%, Valid: 24.25%, Test: 24.49%, Best Valid: 24.25%, Best Test: 24.49%
Epoch: 100, Loss: 0.1113, Train: 99.31%, Valid: 80.79%, Test: 79.12%, Best Valid: 81.51%, Best Test: 80.04%
Epoch: 200, Loss: 0.0269, Train: 100.00%, Valid: 81.06%, Test: 79.84%, Best Valid: 81.70%, Best Test: 80.04%
Epoch: 300, Loss: 0.0111, Train: 100.00%, Valid: 81.23%, Test: 79.53%, Best Valid: 81.70%, Best Test: 80.04%
Epoch: 400, Loss: 0.0037, Train: 100.00%, Valid: 81.00%, Test: 79.34%, Best Valid: 81.70%, Best Test: 80.04%
Epoch: 500, Loss: 0.0146, Train: 100.00%, Valid: 80.66%, Test: 79.20%, Best Valid: 81.70%, Best Test: 80.04%
Epoch: 600, Loss: 0.0038, Train: 100.00%, Valid: 80.20%, Test: 79.07%, Best Valid: 81.70%, Best Test: 80.04%
Epoch: 700, Loss: 0.0039, Train: 100.00%, Valid: 80.55%, Test: 78.98%, Best Valid: 81.70%, Best Test: 80.04%
Epoch: 800, Loss: 0.0051, Train: 100.00%, Valid: 79.90%, Test: 78.43%, Best Valid: 81.70%, Best Test: 80.04%
Epoch: 900, Loss: 0.0023, Train: 100.00%, Valid: 80.81%, Test: 79.17%, Best Valid: 81.70%, Best Test: 80.04%
Run 10:
Highest Train: 100.00
Highest Valid: 81.70
Highest Test: 80.40
Chosen epoch: 177
Final Train: 100.00
Final Test: 80.04
All runs:
Highest Train: 100.00 ± 0.00
Highest Test: 80.95 ± 0.63
Highest Valid: 81.90 ± 0.73
  Final Train: 97.88 ± 1.92
   Final Test: 80.65 ± 0.65
Saving results to results/unified/wikics/MPNN_gat.csv
--- mlp_reg | transform=none | lambda=0.1 | mlp_epochs=500 ---
Namespace(bn=False, cpu=False, data_dir='./data/', dataset='wikics', device=0, display_step=100, dropout=0.7, epochs=1000, gnn='gat', hidden_channels=512, jk=False, label_num_per_class=20, lambda_val=0.1, ln=True, local_layers=2, lr=0.001, metric='acc', mlp_epochs=500, mlp_reg=True, model='MPNN', model_dir='models', num_heads=1, oracle_reg=False, paired_seeds=True, penalty_transform='none', pre_linear=False, pre_ln=False, rand_split=False, rand_split_class=False, reg_start_epoch=10, reg_update_freq=5, res=True, result_dir='results/unified', runs=10, save_model=False, seed=42, test_num=1000, train_prop=0.5, use_reg=True, valid_num=500, valid_prop=0.25, weight_decay=0.0)
wikics
dataset wikics | num nodes 11701 | num edge 431726 | num node feats 300 | num classes 10
MODEL: MPNNs(
  (h_lins): ModuleList()
  (local_convs): ModuleList(
    (0): GATConv(300, 512, heads=1)
    (1): GATConv(512, 512, heads=1)
  )
  (lins): ModuleList(
    (0): Linear(in_features=300, out_features=512, bias=True)
    (1): Linear(in_features=512, out_features=512, bias=True)
  )
  (lns): ModuleList(
    (0): LayerNorm((512,), eps=1e-05, elementwise_affine=True)
    (1): LayerNorm((512,), eps=1e-05, elementwise_affine=True)
  )
  (bns): ModuleList(
    (0): BatchNorm1d(512, eps=1e-05, momentum=0.1, affine=True, track_running_stats=True)
    (1): BatchNorm1d(512, eps=1e-05, momentum=0.1, affine=True, track_running_stats=True)
  )
  (lin_in): Linear(in_features=300, out_features=512, bias=True)
  (pred_local): Linear(in_features=512, out_features=10, bias=True)
)
Pre-training MLP for 500 epochs to generate co-occurrence matrix...
MLP pre-training complete. Penalty matrix frozen.
Epoch: 00, Loss: 2.9243, Train: 32.93%, Valid: 32.76%, Test: 32.73%, Best Valid: 32.76%, Best Test: 32.73%
Epoch: 100, Loss: 0.1339, Train: 98.97%, Valid: 81.51%, Test: 80.91%, Best Valid: 82.37%, Best Test: 81.51%
Epoch: 200, Loss: 0.0312, Train: 100.00%, Valid: 81.08%, Test: 80.47%, Best Valid: 82.37%, Best Test: 81.51%
Epoch: 300, Loss: 0.0153, Train: 100.00%, Valid: 80.57%, Test: 80.43%, Best Valid: 82.37%, Best Test: 81.51%
Epoch: 400, Loss: 0.0088, Train: 100.00%, Valid: 80.51%, Test: 79.99%, Best Valid: 82.37%, Best Test: 81.51%
Epoch: 500, Loss: 0.0115, Train: 100.00%, Valid: 80.22%, Test: 79.51%, Best Valid: 82.37%, Best Test: 81.51%
Epoch: 600, Loss: 0.0047, Train: 100.00%, Valid: 80.43%, Test: 79.99%, Best Valid: 82.37%, Best Test: 81.51%
Epoch: 700, Loss: 0.0050, Train: 100.00%, Valid: 80.39%, Test: 80.08%, Best Valid: 82.37%, Best Test: 81.51%
Epoch: 800, Loss: 0.0015, Train: 100.00%, Valid: 80.39%, Test: 79.80%, Best Valid: 82.37%, Best Test: 81.51%
Epoch: 900, Loss: 0.0061, Train: 100.00%, Valid: 80.09%, Test: 80.13%, Best Valid: 82.37%, Best Test: 81.51%
Run 01:
Highest Train: 100.00
Highest Valid: 82.37
Highest Test: 81.51
Chosen epoch: 75
Final Train: 97.41
Final Test: 81.51
Pre-training MLP for 500 epochs to generate co-occurrence matrix...
MLP pre-training complete. Penalty matrix frozen.
Epoch: 00, Loss: 2.6906, Train: 23.45%, Valid: 23.36%, Test: 23.33%, Best Valid: 23.36%, Best Test: 23.33%
Epoch: 100, Loss: 0.2050, Train: 98.62%, Valid: 81.51%, Test: 80.18%, Best Valid: 82.04%, Best Test: 80.21%
Epoch: 200, Loss: 0.0351, Train: 100.00%, Valid: 80.87%, Test: 79.99%, Best Valid: 82.04%, Best Test: 80.21%
Epoch: 300, Loss: 0.0196, Train: 100.00%, Valid: 80.68%, Test: 79.75%, Best Valid: 82.04%, Best Test: 80.21%
Epoch: 400, Loss: 0.0102, Train: 100.00%, Valid: 79.62%, Test: 79.03%, Best Valid: 82.04%, Best Test: 80.21%
Epoch: 500, Loss: 0.0112, Train: 100.00%, Valid: 80.85%, Test: 79.82%, Best Valid: 82.04%, Best Test: 80.21%
Epoch: 600, Loss: 0.0055, Train: 100.00%, Valid: 80.47%, Test: 79.75%, Best Valid: 82.04%, Best Test: 80.21%
Epoch: 700, Loss: 0.0200, Train: 100.00%, Valid: 80.94%, Test: 79.97%, Best Valid: 82.04%, Best Test: 80.21%
Epoch: 800, Loss: 0.0132, Train: 100.00%, Valid: 80.53%, Test: 79.75%, Best Valid: 82.04%, Best Test: 80.21%
Epoch: 900, Loss: 0.0169, Train: 100.00%, Valid: 80.13%, Test: 79.80%, Best Valid: 82.04%, Best Test: 80.21%
Run 02:
Highest Train: 100.00
Highest Valid: 82.04
Highest Test: 80.61
Chosen epoch: 80
Final Train: 96.21
Final Test: 80.21
Pre-training MLP for 500 epochs to generate co-occurrence matrix...
MLP pre-training complete. Penalty matrix frozen.
Epoch: 00, Loss: 2.7988, Train: 34.48%, Valid: 34.53%, Test: 34.15%, Best Valid: 34.53%, Best Test: 34.15%
Epoch: 100, Loss: 0.1143, Train: 99.48%, Valid: 82.01%, Test: 80.91%, Best Valid: 82.37%, Best Test: 80.83%
Epoch: 200, Loss: 0.0262, Train: 100.00%, Valid: 82.40%, Test: 80.93%, Best Valid: 82.54%, Best Test: 80.84%
Epoch: 300, Loss: 0.0092, Train: 100.00%, Valid: 82.04%, Test: 80.54%, Best Valid: 82.63%, Best Test: 80.79%
Epoch: 400, Loss: 0.0113, Train: 100.00%, Valid: 80.93%, Test: 80.04%, Best Valid: 82.84%, Best Test: 80.98%
Epoch: 500, Loss: 0.0282, Train: 100.00%, Valid: 82.01%, Test: 80.33%, Best Valid: 82.84%, Best Test: 80.98%
Epoch: 600, Loss: 0.0280, Train: 100.00%, Valid: 82.18%, Test: 80.45%, Best Valid: 82.84%, Best Test: 80.98%
Epoch: 700, Loss: 0.0056, Train: 100.00%, Valid: 81.82%, Test: 80.31%, Best Valid: 82.84%, Best Test: 80.98%
Epoch: 800, Loss: 0.0060, Train: 100.00%, Valid: 81.17%, Test: 79.92%, Best Valid: 82.84%, Best Test: 80.98%
Epoch: 900, Loss: 0.0026, Train: 100.00%, Valid: 81.46%, Test: 79.70%, Best Valid: 82.84%, Best Test: 80.98%
Run 03:
Highest Train: 100.00
Highest Valid: 82.84
Highest Test: 81.27
Chosen epoch: 324
Final Train: 100.00
Final Test: 80.98
Pre-training MLP for 500 epochs to generate co-occurrence matrix...
MLP pre-training complete. Penalty matrix frozen.
Epoch: 00, Loss: 2.7990, Train: 23.45%, Valid: 22.94%, Test: 22.99%, Best Valid: 22.94%, Best Test: 22.99%
Epoch: 100, Loss: 0.1468, Train: 98.62%, Valid: 81.34%, Test: 79.66%, Best Valid: 81.57%, Best Test: 80.09%
Epoch: 200, Loss: 0.0431, Train: 100.00%, Valid: 80.49%, Test: 79.15%, Best Valid: 81.74%, Best Test: 79.70%
Epoch: 300, Loss: 0.0122, Train: 100.00%, Valid: 80.57%, Test: 79.00%, Best Valid: 81.74%, Best Test: 79.70%
Epoch: 400, Loss: 0.0114, Train: 100.00%, Valid: 80.36%, Test: 79.08%, Best Valid: 81.74%, Best Test: 79.70%
Epoch: 500, Loss: 0.0164, Train: 100.00%, Valid: 79.62%, Test: 78.50%, Best Valid: 81.74%, Best Test: 79.70%
Epoch: 600, Loss: 0.0073, Train: 100.00%, Valid: 79.96%, Test: 78.78%, Best Valid: 81.74%, Best Test: 79.70%
Epoch: 700, Loss: 0.0044, Train: 100.00%, Valid: 79.84%, Test: 78.98%, Best Valid: 81.74%, Best Test: 79.70%
Epoch: 800, Loss: 0.0019, Train: 100.00%, Valid: 80.53%, Test: 79.27%, Best Valid: 81.74%, Best Test: 79.70%
Epoch: 900, Loss: 0.0153, Train: 100.00%, Valid: 80.32%, Test: 79.19%, Best Valid: 81.74%, Best Test: 79.70%
Run 04:
Highest Train: 100.00
Highest Valid: 81.74
Highest Test: 80.23
Chosen epoch: 124
Final Train: 99.66
Final Test: 79.70
Pre-training MLP for 500 epochs to generate co-occurrence matrix...
MLP pre-training complete. Penalty matrix frozen.
Epoch: 00, Loss: 2.8350, Train: 23.45%, Valid: 23.59%, Test: 23.69%, Best Valid: 23.59%, Best Test: 23.69%
Epoch: 100, Loss: 0.1583, Train: 99.14%, Valid: 81.80%, Test: 81.31%, Best Valid: 82.42%, Best Test: 81.02%
Epoch: 200, Loss: 0.0183, Train: 100.00%, Valid: 81.63%, Test: 80.43%, Best Valid: 82.42%, Best Test: 81.02%
Epoch: 300, Loss: 0.0146, Train: 100.00%, Valid: 81.46%, Test: 80.19%, Best Valid: 82.42%, Best Test: 81.02%
Epoch: 400, Loss: 0.0100, Train: 100.00%, Valid: 81.61%, Test: 80.38%, Best Valid: 82.42%, Best Test: 81.02%
Epoch: 500, Loss: 0.0075, Train: 100.00%, Valid: 80.74%, Test: 79.55%, Best Valid: 82.42%, Best Test: 81.02%
Epoch: 600, Loss: 0.0308, Train: 100.00%, Valid: 81.06%, Test: 79.92%, Best Valid: 82.42%, Best Test: 81.02%
Epoch: 700, Loss: 0.0036, Train: 100.00%, Valid: 80.53%, Test: 79.75%, Best Valid: 82.42%, Best Test: 81.02%
Epoch: 800, Loss: 0.0013, Train: 100.00%, Valid: 80.85%, Test: 79.63%, Best Valid: 82.42%, Best Test: 81.02%
Epoch: 900, Loss: 0.0037, Train: 100.00%, Valid: 80.81%, Test: 79.97%, Best Valid: 82.42%, Best Test: 81.02%
Run 05:
Highest Train: 100.00
Highest Valid: 82.42
Highest Test: 81.48
Chosen epoch: 86
Final Train: 98.45
Final Test: 81.02
Pre-training MLP for 500 epochs to generate co-occurrence matrix...
MLP pre-training complete. Penalty matrix frozen.
Epoch: 00, Loss: 2.8655, Train: 36.38%, Valid: 37.69%, Test: 37.57%, Best Valid: 37.69%, Best Test: 37.57%
Epoch: 100, Loss: 0.1261, Train: 99.31%, Valid: 81.08%, Test: 80.23%, Best Valid: 82.20%, Best Test: 81.05%
Epoch: 200, Loss: 0.0331, Train: 100.00%, Valid: 81.13%, Test: 80.19%, Best Valid: 82.23%, Best Test: 81.03%
Epoch: 300, Loss: 0.0209, Train: 100.00%, Valid: 81.84%, Test: 81.27%, Best Valid: 82.23%, Best Test: 81.03%
Epoch: 400, Loss: 0.0072, Train: 100.00%, Valid: 81.21%, Test: 80.54%, Best Valid: 82.23%, Best Test: 81.03%
Epoch: 500, Loss: 0.0267, Train: 100.00%, Valid: 80.81%, Test: 80.50%, Best Valid: 82.23%, Best Test: 81.03%
Epoch: 600, Loss: 0.0089, Train: 100.00%, Valid: 80.53%, Test: 79.73%, Best Valid: 82.23%, Best Test: 81.03%
Epoch: 700, Loss: 0.0054, Train: 100.00%, Valid: 81.21%, Test: 80.93%, Best Valid: 82.23%, Best Test: 81.03%
Epoch: 800, Loss: 0.0039, Train: 100.00%, Valid: 80.51%, Test: 80.16%, Best Valid: 82.23%, Best Test: 81.03%
Epoch: 900, Loss: 0.0099, Train: 100.00%, Valid: 80.47%, Test: 80.06%, Best Valid: 82.23%, Best Test: 81.03%
Run 06:
Highest Train: 100.00
Highest Valid: 82.23
Highest Test: 81.39
Chosen epoch: 131
Final Train: 99.48
Final Test: 81.03
Pre-training MLP for 500 epochs to generate co-occurrence matrix...
MLP pre-training complete. Penalty matrix frozen.
Epoch: 00, Loss: 2.9238, Train: 22.93%, Valid: 22.89%, Test: 22.93%, Best Valid: 22.89%, Best Test: 22.93%
Epoch: 100, Loss: 0.1361, Train: 98.97%, Valid: 80.22%, Test: 79.85%, Best Valid: 80.36%, Best Test: 79.51%
Epoch: 200, Loss: 0.0291, Train: 100.00%, Valid: 79.48%, Test: 79.58%, Best Valid: 80.36%, Best Test: 79.51%
Epoch: 300, Loss: 0.0054, Train: 100.00%, Valid: 79.67%, Test: 79.63%, Best Valid: 80.36%, Best Test: 79.51%
Epoch: 400, Loss: 0.0063, Train: 100.00%, Valid: 79.20%, Test: 78.96%, Best Valid: 80.36%, Best Test: 79.51%
Epoch: 500, Loss: 0.0082, Train: 100.00%, Valid: 78.56%, Test: 78.42%, Best Valid: 80.36%, Best Test: 79.51%
Epoch: 600, Loss: 0.0083, Train: 100.00%, Valid: 79.47%, Test: 79.31%, Best Valid: 80.36%, Best Test: 79.51%
Epoch: 700, Loss: 0.0016, Train: 100.00%, Valid: 79.33%, Test: 78.62%, Best Valid: 80.36%, Best Test: 79.51%
Epoch: 800, Loss: 0.0023, Train: 100.00%, Valid: 79.33%, Test: 79.15%, Best Valid: 80.36%, Best Test: 79.51%
Epoch: 900, Loss: 0.0215, Train: 100.00%, Valid: 79.43%, Test: 79.13%, Best Valid: 80.36%, Best Test: 79.51%
Run 07:
Highest Train: 100.00
Highest Valid: 80.36
Highest Test: 79.96
Chosen epoch: 85
Final Train: 96.90
Final Test: 79.51
Pre-training MLP for 500 epochs to generate co-occurrence matrix...
MLP pre-training complete. Penalty matrix frozen.
Epoch: 00, Loss: 2.7992, Train: 24.14%, Valid: 23.78%, Test: 24.18%, Best Valid: 23.78%, Best Test: 24.18%
Epoch: 100, Loss: 0.1564, Train: 98.97%, Valid: 81.11%, Test: 80.31%, Best Valid: 81.40%, Best Test: 80.37%
Epoch: 200, Loss: 0.0326, Train: 100.00%, Valid: 80.51%, Test: 79.99%, Best Valid: 81.40%, Best Test: 80.37%
Epoch: 300, Loss: 0.0105, Train: 100.00%, Valid: 80.13%, Test: 79.22%, Best Valid: 81.40%, Best Test: 80.37%
Epoch: 400, Loss: 0.0059, Train: 100.00%, Valid: 80.05%, Test: 79.31%, Best Valid: 81.40%, Best Test: 80.37%
Epoch: 500, Loss: 0.0089, Train: 100.00%, Valid: 80.03%, Test: 79.48%, Best Valid: 81.40%, Best Test: 80.37%
Epoch: 600, Loss: 0.0077, Train: 100.00%, Valid: 80.09%, Test: 79.51%, Best Valid: 81.40%, Best Test: 80.37%
Epoch: 700, Loss: 0.0116, Train: 100.00%, Valid: 80.41%, Test: 79.41%, Best Valid: 81.40%, Best Test: 80.37%
Epoch: 800, Loss: 0.0084, Train: 100.00%, Valid: 80.02%, Test: 79.90%, Best Valid: 81.40%, Best Test: 80.37%
Epoch: 900, Loss: 0.0052, Train: 100.00%, Valid: 79.94%, Test: 79.01%, Best Valid: 81.40%, Best Test: 80.37%
Run 08:
Highest Train: 100.00
Highest Valid: 81.40
Highest Test: 80.74
Chosen epoch: 83
Final Train: 97.59
Final Test: 80.37
Pre-training MLP for 500 epochs to generate co-occurrence matrix...
MLP pre-training complete. Penalty matrix frozen.
Epoch: 00, Loss: 2.8773, Train: 33.62%, Valid: 33.47%, Test: 33.26%, Best Valid: 33.47%, Best Test: 33.26%
Epoch: 100, Loss: 0.0805, Train: 99.83%, Valid: 81.11%, Test: 80.61%, Best Valid: 81.91%, Best Test: 81.22%
Epoch: 200, Loss: 0.0217, Train: 100.00%, Valid: 81.19%, Test: 80.90%, Best Valid: 81.91%, Best Test: 81.22%
Epoch: 300, Loss: 0.0079, Train: 100.00%, Valid: 81.08%, Test: 80.74%, Best Valid: 81.91%, Best Test: 81.22%
Epoch: 400, Loss: 0.0228, Train: 100.00%, Valid: 80.68%, Test: 80.42%, Best Valid: 81.91%, Best Test: 81.22%
Epoch: 500, Loss: 0.0070, Train: 100.00%, Valid: 80.79%, Test: 80.47%, Best Valid: 81.91%, Best Test: 81.22%
Epoch: 600, Loss: 0.0020, Train: 100.00%, Valid: 81.13%, Test: 80.66%, Best Valid: 81.91%, Best Test: 81.22%
Epoch: 700, Loss: 0.0022, Train: 100.00%, Valid: 80.49%, Test: 80.59%, Best Valid: 81.95%, Best Test: 81.31%
Epoch: 800, Loss: 0.0020, Train: 100.00%, Valid: 80.96%, Test: 80.52%, Best Valid: 81.95%, Best Test: 81.31%
Epoch: 900, Loss: 0.0050, Train: 100.00%, Valid: 80.34%, Test: 79.53%, Best Valid: 81.95%, Best Test: 81.31%
Run 09:
Highest Train: 100.00
Highest Valid: 81.95
Highest Test: 81.53
Chosen epoch: 627
Final Train: 100.00
Final Test: 81.31
Pre-training MLP for 500 epochs to generate co-occurrence matrix...
MLP pre-training complete. Penalty matrix frozen.
Epoch: 00, Loss: 2.8125, Train: 26.03%, Valid: 25.50%, Test: 25.40%, Best Valid: 25.50%, Best Test: 25.40%
Epoch: 100, Loss: 0.1178, Train: 99.31%, Valid: 81.10%, Test: 79.49%, Best Valid: 81.68%, Best Test: 80.23%
Epoch: 200, Loss: 0.0266, Train: 100.00%, Valid: 81.11%, Test: 79.68%, Best Valid: 81.78%, Best Test: 80.04%
Epoch: 300, Loss: 0.0212, Train: 100.00%, Valid: 81.10%, Test: 79.43%, Best Valid: 81.78%, Best Test: 80.04%
Epoch: 400, Loss: 0.0162, Train: 100.00%, Valid: 81.02%, Test: 79.37%, Best Valid: 81.78%, Best Test: 80.04%
Epoch: 500, Loss: 0.0106, Train: 100.00%, Valid: 80.94%, Test: 79.49%, Best Valid: 81.78%, Best Test: 80.04%
Epoch: 600, Loss: 0.0053, Train: 100.00%, Valid: 80.13%, Test: 79.12%, Best Valid: 81.78%, Best Test: 80.04%
Epoch: 700, Loss: 0.0025, Train: 100.00%, Valid: 79.90%, Test: 78.64%, Best Valid: 81.78%, Best Test: 80.04%
Epoch: 800, Loss: 0.0032, Train: 100.00%, Valid: 80.03%, Test: 78.57%, Best Valid: 81.78%, Best Test: 80.04%
Epoch: 900, Loss: 0.0019, Train: 100.00%, Valid: 80.00%, Test: 79.12%, Best Valid: 81.78%, Best Test: 80.04%
Run 10:
Highest Train: 100.00
Highest Valid: 81.78
Highest Test: 80.28
Chosen epoch: 108
Final Train: 99.66
Final Test: 80.04
All runs:
Highest Train: 100.00 ± 0.00
Highest Test: 80.90 ± 0.61
Highest Valid: 81.91 ± 0.68
  Final Train: 98.53 ± 1.41
   Final Test: 80.57 ± 0.69
Saving results to results/unified/wikics/MPNN_gat.csv
--- mlp_reg | transform=none | lambda=0.2 | mlp_epochs=500 ---
Namespace(bn=False, cpu=False, data_dir='./data/', dataset='wikics', device=0, display_step=100, dropout=0.7, epochs=1000, gnn='gat', hidden_channels=512, jk=False, label_num_per_class=20, lambda_val=0.2, ln=True, local_layers=2, lr=0.001, metric='acc', mlp_epochs=500, mlp_reg=True, model='MPNN', model_dir='models', num_heads=1, oracle_reg=False, paired_seeds=True, penalty_transform='none', pre_linear=False, pre_ln=False, rand_split=False, rand_split_class=False, reg_start_epoch=10, reg_update_freq=5, res=True, result_dir='results/unified', runs=10, save_model=False, seed=42, test_num=1000, train_prop=0.5, use_reg=True, valid_num=500, valid_prop=0.25, weight_decay=0.0)
wikics
dataset wikics | num nodes 11701 | num edge 431726 | num node feats 300 | num classes 10
MODEL: MPNNs(
  (h_lins): ModuleList()
  (local_convs): ModuleList(
    (0): GATConv(300, 512, heads=1)
    (1): GATConv(512, 512, heads=1)
  )
  (lins): ModuleList(
    (0): Linear(in_features=300, out_features=512, bias=True)
    (1): Linear(in_features=512, out_features=512, bias=True)
  )
  (lns): ModuleList(
    (0): LayerNorm((512,), eps=1e-05, elementwise_affine=True)
    (1): LayerNorm((512,), eps=1e-05, elementwise_affine=True)
  )
  (bns): ModuleList(
    (0): BatchNorm1d(512, eps=1e-05, momentum=0.1, affine=True, track_running_stats=True)
    (1): BatchNorm1d(512, eps=1e-05, momentum=0.1, affine=True, track_running_stats=True)
  )
  (lin_in): Linear(in_features=300, out_features=512, bias=True)
  (pred_local): Linear(in_features=512, out_features=10, bias=True)
)
Pre-training MLP for 500 epochs to generate co-occurrence matrix...
MLP pre-training complete. Penalty matrix frozen.
Epoch: 00, Loss: 3.1901, Train: 37.24%, Valid: 36.18%, Test: 35.80%, Best Valid: 36.18%, Best Test: 35.80%
Epoch: 100, Loss: 0.1469, Train: 98.97%, Valid: 81.53%, Test: 80.67%, Best Valid: 82.40%, Best Test: 81.26%
Epoch: 200, Loss: 0.0237, Train: 100.00%, Valid: 80.87%, Test: 80.50%, Best Valid: 82.40%, Best Test: 81.26%
Epoch: 300, Loss: 0.0291, Train: 100.00%, Valid: 81.38%, Test: 80.62%, Best Valid: 82.40%, Best Test: 81.26%
Epoch: 400, Loss: 0.0066, Train: 100.00%, Valid: 80.74%, Test: 80.23%, Best Valid: 82.40%, Best Test: 81.26%
Epoch: 500, Loss: 0.0079, Train: 100.00%, Valid: 80.51%, Test: 80.02%, Best Valid: 82.40%, Best Test: 81.26%
Epoch: 600, Loss: 0.0103, Train: 100.00%, Valid: 80.20%, Test: 79.90%, Best Valid: 82.40%, Best Test: 81.26%
Epoch: 700, Loss: 0.0096, Train: 100.00%, Valid: 79.90%, Test: 79.58%, Best Valid: 82.40%, Best Test: 81.26%
Epoch: 800, Loss: 0.0047, Train: 100.00%, Valid: 80.49%, Test: 80.08%, Best Valid: 82.40%, Best Test: 81.26%
Epoch: 900, Loss: 0.0106, Train: 100.00%, Valid: 79.75%, Test: 79.27%, Best Valid: 82.40%, Best Test: 81.26%
Run 01:
Highest Train: 100.00
Highest Valid: 82.40
Highest Test: 81.41
Chosen epoch: 67
Final Train: 95.69
Final Test: 81.26
Pre-training MLP for 500 epochs to generate co-occurrence matrix...
MLP pre-training complete. Penalty matrix frozen.
Epoch: 00, Loss: 2.9352, Train: 23.79%, Valid: 23.95%, Test: 24.05%, Best Valid: 23.95%, Best Test: 24.05%
Epoch: 100, Loss: 0.2029, Train: 98.62%, Valid: 81.38%, Test: 80.25%, Best Valid: 82.08%, Best Test: 80.50%
Epoch: 200, Loss: 0.0360, Train: 100.00%, Valid: 80.79%, Test: 79.99%, Best Valid: 82.08%, Best Test: 80.50%
Epoch: 300, Loss: 0.0107, Train: 100.00%, Valid: 81.00%, Test: 80.11%, Best Valid: 82.08%, Best Test: 80.50%
Epoch: 400, Loss: 0.0187, Train: 100.00%, Valid: 80.41%, Test: 79.70%, Best Valid: 82.08%, Best Test: 80.50%
Epoch: 500, Loss: 0.0125, Train: 100.00%, Valid: 80.60%, Test: 79.55%, Best Valid: 82.08%, Best Test: 80.50%
Epoch: 600, Loss: 0.0071, Train: 100.00%, Valid: 80.79%, Test: 79.80%, Best Valid: 82.08%, Best Test: 80.50%
Epoch: 700, Loss: 0.0351, Train: 100.00%, Valid: 80.77%, Test: 80.04%, Best Valid: 82.08%, Best Test: 80.50%
Epoch: 800, Loss: 0.0107, Train: 100.00%, Valid: 80.60%, Test: 80.01%, Best Valid: 82.08%, Best Test: 80.50%
Epoch: 900, Loss: 0.0103, Train: 100.00%, Valid: 80.94%, Test: 79.94%, Best Valid: 82.08%, Best Test: 80.50%
Run 02:
Highest Train: 100.00
Highest Valid: 82.08
Highest Test: 80.78
Chosen epoch: 80
Final Train: 96.21
Final Test: 80.50
Pre-training MLP for 500 epochs to generate co-occurrence matrix...
MLP pre-training complete. Penalty matrix frozen.
Epoch: 00, Loss: 3.0532, Train: 30.00%, Valid: 28.38%, Test: 28.29%, Best Valid: 28.38%, Best Test: 28.29%
Epoch: 100, Loss: 0.1268, Train: 99.48%, Valid: 82.37%, Test: 81.17%, Best Valid: 82.37%, Best Test: 81.17%
Epoch: 200, Loss: 0.0341, Train: 100.00%, Valid: 82.10%, Test: 80.69%, Best Valid: 82.88%, Best Test: 81.05%
Epoch: 300, Loss: 0.0075, Train: 100.00%, Valid: 82.40%, Test: 80.98%, Best Valid: 82.88%, Best Test: 81.05%
Epoch: 400, Loss: 0.0073, Train: 100.00%, Valid: 82.25%, Test: 80.93%, Best Valid: 82.88%, Best Test: 81.05%
Epoch: 500, Loss: 0.0208, Train: 100.00%, Valid: 82.16%, Test: 80.79%, Best Valid: 82.88%, Best Test: 81.05%
Epoch: 600, Loss: 0.0205, Train: 100.00%, Valid: 81.29%, Test: 79.92%, Best Valid: 82.97%, Best Test: 80.59%
Epoch: 700, Loss: 0.0063, Train: 100.00%, Valid: 81.63%, Test: 80.40%, Best Valid: 82.97%, Best Test: 80.59%
Epoch: 800, Loss: 0.0118, Train: 100.00%, Valid: 81.84%, Test: 80.33%, Best Valid: 82.97%, Best Test: 80.59%
Epoch: 900, Loss: 0.0007, Train: 100.00%, Valid: 81.85%, Test: 80.30%, Best Valid: 82.97%, Best Test: 80.59%
Run 03:
Highest Train: 100.00
Highest Valid: 82.97
Highest Test: 81.32
Chosen epoch: 532
Final Train: 99.83
Final Test: 80.59
Pre-training MLP for 500 epochs to generate co-occurrence matrix...
MLP pre-training complete. Penalty matrix frozen.
Epoch: 00, Loss: 3.0534, Train: 23.45%, Valid: 23.06%, Test: 23.19%, Best Valid: 23.06%, Best Test: 23.19%
Epoch: 100, Loss: 0.1712, Train: 98.79%, Valid: 81.61%, Test: 80.04%, Best Valid: 81.78%, Best Test: 80.21%
Epoch: 200, Loss: 0.0564, Train: 100.00%, Valid: 80.91%, Test: 79.44%, Best Valid: 81.95%, Best Test: 79.89%
Epoch: 300, Loss: 0.0201, Train: 100.00%, Valid: 80.53%, Test: 78.96%, Best Valid: 81.95%, Best Test: 79.89%
Epoch: 400, Loss: 0.0133, Train: 100.00%, Valid: 80.55%, Test: 79.12%, Best Valid: 81.95%, Best Test: 79.89%
Epoch: 500, Loss: 0.0187, Train: 100.00%, Valid: 80.70%, Test: 79.08%, Best Valid: 81.95%, Best Test: 79.89%
Epoch: 600, Loss: 0.0099, Train: 100.00%, Valid: 80.02%, Test: 78.74%, Best Valid: 81.95%, Best Test: 79.89%
Epoch: 700, Loss: 0.0083, Train: 100.00%, Valid: 80.13%, Test: 79.07%, Best Valid: 81.95%, Best Test: 79.89%
Epoch: 800, Loss: 0.0079, Train: 100.00%, Valid: 80.36%, Test: 79.07%, Best Valid: 81.95%, Best Test: 79.89%
Epoch: 900, Loss: 0.0025, Train: 100.00%, Valid: 79.81%, Test: 78.95%, Best Valid: 81.95%, Best Test: 79.89%
Run 04:
Highest Train: 100.00
Highest Valid: 81.95
Highest Test: 80.42
Chosen epoch: 106
Final Train: 98.79
Final Test: 79.89
Pre-training MLP for 500 epochs to generate co-occurrence matrix...
MLP pre-training complete. Penalty matrix frozen.
Epoch: 00, Loss: 3.0927, Train: 24.14%, Valid: 23.72%, Test: 23.93%, Best Valid: 23.72%, Best Test: 23.93%
Epoch: 100, Loss: 0.1820, Train: 98.79%, Valid: 82.29%, Test: 81.27%, Best Valid: 82.50%, Best Test: 81.43%
Epoch: 200, Loss: 0.0244, Train: 100.00%, Valid: 81.30%, Test: 80.37%, Best Valid: 82.59%, Best Test: 81.17%
Epoch: 300, Loss: 0.0132, Train: 100.00%, Valid: 81.85%, Test: 80.69%, Best Valid: 82.59%, Best Test: 81.17%
Epoch: 400, Loss: 0.0125, Train: 100.00%, Valid: 81.11%, Test: 80.23%, Best Valid: 82.59%, Best Test: 81.17%
Epoch: 500, Loss: 0.0083, Train: 100.00%, Valid: 80.30%, Test: 79.25%, Best Valid: 82.59%, Best Test: 81.17%
Epoch: 600, Loss: 0.0092, Train: 100.00%, Valid: 80.62%, Test: 79.87%, Best Valid: 82.59%, Best Test: 81.17%
Epoch: 700, Loss: 0.0130, Train: 100.00%, Valid: 81.02%, Test: 79.72%, Best Valid: 82.59%, Best Test: 81.17%
Epoch: 800, Loss: 0.0055, Train: 100.00%, Valid: 81.21%, Test: 80.09%, Best Valid: 82.59%, Best Test: 81.17%
Epoch: 900, Loss: 0.0040, Train: 100.00%, Valid: 81.17%, Test: 80.14%, Best Valid: 82.59%, Best Test: 81.17%
Run 05:
Highest Train: 100.00
Highest Valid: 82.59
Highest Test: 81.56
Chosen epoch: 127
Final Train: 100.00
Final Test: 81.17
Pre-training MLP for 500 epochs to generate co-occurrence matrix...
MLP pre-training complete. Penalty matrix frozen.
Epoch: 00, Loss: 3.1260, Train: 34.48%, Valid: 34.55%, Test: 35.23%, Best Valid: 34.55%, Best Test: 35.23%
Epoch: 100, Loss: 0.1492, Train: 98.97%, Valid: 81.68%, Test: 80.93%, Best Valid: 82.35%, Best Test: 81.29%
Epoch: 200, Loss: 0.0347, Train: 99.83%, Valid: 81.19%, Test: 80.40%, Best Valid: 82.35%, Best Test: 81.29%
Epoch: 300, Loss: 0.0259, Train: 100.00%, Valid: 81.84%, Test: 81.12%, Best Valid: 82.35%, Best Test: 81.29%
Epoch: 400, Loss: 0.0127, Train: 100.00%, Valid: 81.48%, Test: 80.74%, Best Valid: 82.35%, Best Test: 81.29%
Epoch: 500, Loss: 0.0180, Train: 100.00%, Valid: 80.89%, Test: 80.54%, Best Valid: 82.35%, Best Test: 81.29%
Epoch: 600, Loss: 0.0086, Train: 100.00%, Valid: 80.91%, Test: 80.14%, Best Valid: 82.35%, Best Test: 81.29%
Epoch: 700, Loss: 0.0227, Train: 100.00%, Valid: 80.62%, Test: 80.59%, Best Valid: 82.35%, Best Test: 81.29%
Epoch: 800, Loss: 0.0074, Train: 100.00%, Valid: 80.93%, Test: 80.28%, Best Valid: 82.35%, Best Test: 81.29%
Epoch: 900, Loss: 0.0025, Train: 100.00%, Valid: 80.49%, Test: 80.01%, Best Valid: 82.35%, Best Test: 81.29%
Run 06:
Highest Train: 100.00
Highest Valid: 82.35
Highest Test: 81.58
Chosen epoch: 85
Final Train: 97.76
Final Test: 81.29
Pre-training MLP for 500 epochs to generate co-occurrence matrix...
MLP pre-training complete. Penalty matrix frozen.
Epoch: 00, Loss: 3.1896, Train: 22.93%, Valid: 22.92%, Test: 22.92%, Best Valid: 22.92%, Best Test: 22.92%
Epoch: 100, Loss: 0.1591, Train: 99.31%, Valid: 79.98%, Test: 79.97%, Best Valid: 80.41%, Best Test: 79.85%
Epoch: 200, Loss: 0.0300, Train: 100.00%, Valid: 79.77%, Test: 79.53%, Best Valid: 80.41%, Best Test: 79.85%
Epoch: 300, Loss: 0.0058, Train: 100.00%, Valid: 79.35%, Test: 79.17%, Best Valid: 80.41%, Best Test: 79.85%
Epoch: 400, Loss: 0.0067, Train: 100.00%, Valid: 79.83%, Test: 79.34%, Best Valid: 80.41%, Best Test: 79.85%
Epoch: 500, Loss: 0.0044, Train: 100.00%, Valid: 79.62%, Test: 79.20%, Best Valid: 80.41%, Best Test: 79.85%
Epoch: 600, Loss: 0.0035, Train: 100.00%, Valid: 79.54%, Test: 79.25%, Best Valid: 80.41%, Best Test: 79.85%
Epoch: 700, Loss: 0.0148, Train: 100.00%, Valid: 79.01%, Test: 78.78%, Best Valid: 80.41%, Best Test: 79.85%
Epoch: 800, Loss: 0.0025, Train: 100.00%, Valid: 78.29%, Test: 78.14%, Best Valid: 80.41%, Best Test: 79.85%
Epoch: 900, Loss: 0.0080, Train: 100.00%, Valid: 79.12%, Test: 79.10%, Best Valid: 80.41%, Best Test: 79.85%
Run 07:
Highest Train: 100.00
Highest Valid: 80.41
Highest Test: 79.97
Chosen epoch: 84
Final Train: 97.07
Final Test: 79.85
Pre-training MLP for 500 epochs to generate co-occurrence matrix...
MLP pre-training complete. Penalty matrix frozen.
Epoch: 00, Loss: 3.0536, Train: 25.69%, Valid: 25.46%, Test: 25.69%, Best Valid: 25.46%, Best Test: 25.69%
Epoch: 100, Loss: 0.1805, Train: 99.31%, Valid: 80.94%, Test: 80.35%, Best Valid: 81.51%, Best Test: 80.49%
Epoch: 200, Loss: 0.0294, Train: 100.00%, Valid: 80.39%, Test: 80.14%, Best Valid: 81.51%, Best Test: 80.49%
Epoch: 300, Loss: 0.0187, Train: 100.00%, Valid: 80.41%, Test: 79.27%, Best Valid: 81.51%, Best Test: 80.49%
Epoch: 400, Loss: 0.0132, Train: 100.00%, Valid: 79.58%, Test: 78.67%, Best Valid: 81.51%, Best Test: 80.49%
Epoch: 500, Loss: 0.0124, Train: 100.00%, Valid: 79.67%, Test: 79.24%, Best Valid: 81.51%, Best Test: 80.49%
Epoch: 600, Loss: 0.0181, Train: 100.00%, Valid: 80.32%, Test: 79.77%, Best Valid: 81.51%, Best Test: 80.49%
Epoch: 700, Loss: 0.0104, Train: 100.00%, Valid: 80.24%, Test: 79.96%, Best Valid: 81.51%, Best Test: 80.49%
Epoch: 800, Loss: 0.0048, Train: 100.00%, Valid: 80.39%, Test: 80.09%, Best Valid: 81.51%, Best Test: 80.49%
Epoch: 900, Loss: 0.0027, Train: 100.00%, Valid: 80.36%, Test: 79.41%, Best Valid: 81.51%, Best Test: 80.49%
Run 08:
Highest Train: 100.00
Highest Valid: 81.51
Highest Test: 80.61
Chosen epoch: 87
Final Train: 97.41
Final Test: 80.49
Pre-training MLP for 500 epochs to generate co-occurrence matrix...
MLP pre-training complete. Penalty matrix frozen.
Epoch: 00, Loss: 3.1388, Train: 35.00%, Valid: 34.57%, Test: 34.51%, Best Valid: 34.57%, Best Test: 34.51%
Epoch: 100, Loss: 0.0911, Train: 99.66%, Valid: 81.00%, Test: 80.64%, Best Valid: 81.85%, Best Test: 81.46%
Epoch: 200, Loss: 0.0242, Train: 100.00%, Valid: 81.21%, Test: 81.00%, Best Valid: 81.87%, Best Test: 81.61%
Epoch: 300, Loss: 0.0117, Train: 100.00%, Valid: 80.94%, Test: 80.69%, Best Valid: 81.87%, Best Test: 81.61%
Epoch: 400, Loss: 0.0097, Train: 100.00%, Valid: 80.83%, Test: 80.90%, Best Valid: 81.87%, Best Test: 81.61%
Epoch: 500, Loss: 0.0035, Train: 100.00%, Valid: 80.87%, Test: 80.42%, Best Valid: 81.87%, Best Test: 81.61%
Epoch: 600, Loss: 0.0244, Train: 100.00%, Valid: 80.55%, Test: 80.66%, Best Valid: 81.87%, Best Test: 81.61%
Epoch: 700, Loss: 0.0060, Train: 100.00%, Valid: 80.89%, Test: 80.33%, Best Valid: 81.87%, Best Test: 81.61%
Epoch: 800, Loss: 0.0025, Train: 100.00%, Valid: 80.94%, Test: 80.88%, Best Valid: 81.87%, Best Test: 81.61%
Epoch: 900, Loss: 0.0011, Train: 100.00%, Valid: 80.91%, Test: 80.50%, Best Valid: 81.87%, Best Test: 81.61%
Run 09:
Highest Train: 100.00
Highest Valid: 81.87
Highest Test: 81.87
Chosen epoch: 110
Final Train: 99.66
Final Test: 81.61
Pre-training MLP for 500 epochs to generate co-occurrence matrix...
MLP pre-training complete. Penalty matrix frozen.
Epoch: 00, Loss: 3.0681, Train: 29.31%, Valid: 27.78%, Test: 27.86%, Best Valid: 27.78%, Best Test: 27.86%
Epoch: 100, Loss: 0.1360, Train: 99.31%, Valid: 81.51%, Test: 79.63%, Best Valid: 81.68%, Best Test: 79.85%
Epoch: 200, Loss: 0.0247, Train: 100.00%, Valid: 81.13%, Test: 79.49%, Best Valid: 81.72%, Best Test: 80.11%
Epoch: 300, Loss: 0.0180, Train: 100.00%, Valid: 80.79%, Test: 79.41%, Best Valid: 81.72%, Best Test: 80.11%
Epoch: 400, Loss: 0.0129, Train: 100.00%, Valid: 81.06%, Test: 79.39%, Best Valid: 81.72%, Best Test: 80.11%
Epoch: 500, Loss: 0.0169, Train: 100.00%, Valid: 80.98%, Test: 79.58%, Best Valid: 81.72%, Best Test: 80.11%
Epoch: 600, Loss: 0.0055, Train: 100.00%, Valid: 80.96%, Test: 79.03%, Best Valid: 81.74%, Best Test: 79.19%
Epoch: 700, Loss: 0.0078, Train: 100.00%, Valid: 80.43%, Test: 78.88%, Best Valid: 81.74%, Best Test: 79.19%
Epoch: 800, Loss: 0.0047, Train: 100.00%, Valid: 80.53%, Test: 79.49%, Best Valid: 81.74%, Best Test: 79.19%
Epoch: 900, Loss: 0.0012, Train: 100.00%, Valid: 80.24%, Test: 79.44%, Best Valid: 81.74%, Best Test: 79.19%
Run 10:
Highest Train: 100.00
Highest Valid: 81.74
Highest Test: 80.33
Chosen epoch: 573
Final Train: 100.00
Final Test: 79.19
All runs:
Highest Train: 100.00 ± 0.00
Highest Test: 80.99 ± 0.64
Highest Valid: 81.99 ± 0.70
  Final Train: 98.24 ± 1.63
   Final Test: 80.58 ± 0.77
Saving results to results/unified/wikics/MPNN_gat.csv
--- mlp_reg | transform=none | lambda=0.4 | mlp_epochs=500 ---
Namespace(bn=False, cpu=False, data_dir='./data/', dataset='wikics', device=0, display_step=100, dropout=0.7, epochs=1000, gnn='gat', hidden_channels=512, jk=False, label_num_per_class=20, lambda_val=0.4, ln=True, local_layers=2, lr=0.001, metric='acc', mlp_epochs=500, mlp_reg=True, model='MPNN', model_dir='models', num_heads=1, oracle_reg=False, paired_seeds=True, penalty_transform='none', pre_linear=False, pre_ln=False, rand_split=False, rand_split_class=False, reg_start_epoch=10, reg_update_freq=5, res=True, result_dir='results/unified', runs=10, save_model=False, seed=42, test_num=1000, train_prop=0.5, use_reg=True, valid_num=500, valid_prop=0.25, weight_decay=0.0)
wikics
dataset wikics | num nodes 11701 | num edge 431726 | num node feats 300 | num classes 10
MODEL: MPNNs(
  (h_lins): ModuleList()
  (local_convs): ModuleList(
    (0): GATConv(300, 512, heads=1)
    (1): GATConv(512, 512, heads=1)
  )
  (lins): ModuleList(
    (0): Linear(in_features=300, out_features=512, bias=True)
    (1): Linear(in_features=512, out_features=512, bias=True)
  )
  (lns): ModuleList(
    (0): LayerNorm((512,), eps=1e-05, elementwise_affine=True)
    (1): LayerNorm((512,), eps=1e-05, elementwise_affine=True)
  )
  (bns): ModuleList(
    (0): BatchNorm1d(512, eps=1e-05, momentum=0.1, affine=True, track_running_stats=True)
    (1): BatchNorm1d(512, eps=1e-05, momentum=0.1, affine=True, track_running_stats=True)
  )
  (lin_in): Linear(in_features=300, out_features=512, bias=True)
  (pred_local): Linear(in_features=512, out_features=10, bias=True)
)
Pre-training MLP for 500 epochs to generate co-occurrence matrix...
MLP pre-training complete. Penalty matrix frozen.
Epoch: 00, Loss: 3.7218, Train: 40.00%, Valid: 39.53%, Test: 39.30%, Best Valid: 39.53%, Best Test: 39.30%
Epoch: 100, Loss: 0.1795, Train: 98.79%, Valid: 81.55%, Test: 81.10%, Best Valid: 82.35%, Best Test: 81.02%
Epoch: 200, Loss: 0.0333, Train: 100.00%, Valid: 81.00%, Test: 80.52%, Best Valid: 82.35%, Best Test: 81.02%
Epoch: 300, Loss: 0.0175, Train: 100.00%, Valid: 80.89%, Test: 79.97%, Best Valid: 82.35%, Best Test: 81.02%
Epoch: 400, Loss: 0.0145, Train: 100.00%, Valid: 80.39%, Test: 80.26%, Best Valid: 82.35%, Best Test: 81.02%
Epoch: 500, Loss: 0.0155, Train: 100.00%, Valid: 79.79%, Test: 79.75%, Best Valid: 82.35%, Best Test: 81.02%
Epoch: 600, Loss: 0.0315, Train: 100.00%, Valid: 80.70%, Test: 80.23%, Best Valid: 82.35%, Best Test: 81.02%
Epoch: 700, Loss: 0.0105, Train: 100.00%, Valid: 80.45%, Test: 80.14%, Best Valid: 82.35%, Best Test: 81.02%
Epoch: 800, Loss: 0.0017, Train: 100.00%, Valid: 80.05%, Test: 79.72%, Best Valid: 82.35%, Best Test: 81.02%
Epoch: 900, Loss: 0.0080, Train: 100.00%, Valid: 80.20%, Test: 79.82%, Best Valid: 82.35%, Best Test: 81.02%
Run 01:
Highest Train: 100.00
Highest Valid: 82.35
Highest Test: 81.51
Chosen epoch: 89
Final Train: 98.45
Final Test: 81.02
Pre-training MLP for 500 epochs to generate co-occurrence matrix...
MLP pre-training complete. Penalty matrix frozen.
Epoch: 00, Loss: 3.4243, Train: 27.76%, Valid: 26.87%, Test: 27.19%, Best Valid: 26.87%, Best Test: 27.19%
Epoch: 100, Loss: 0.2249, Train: 98.28%, Valid: 81.42%, Test: 80.14%, Best Valid: 82.01%, Best Test: 80.64%
Epoch: 200, Loss: 0.0379, Train: 100.00%, Valid: 80.68%, Test: 79.61%, Best Valid: 82.01%, Best Test: 80.64%
Epoch: 300, Loss: 0.0267, Train: 100.00%, Valid: 80.55%, Test: 79.65%, Best Valid: 82.01%, Best Test: 80.64%
Epoch: 400, Loss: 0.0230, Train: 100.00%, Valid: 80.57%, Test: 79.65%, Best Valid: 82.01%, Best Test: 80.64%
Epoch: 500, Loss: 0.0053, Train: 100.00%, Valid: 80.51%, Test: 79.89%, Best Valid: 82.01%, Best Test: 80.64%
Epoch: 600, Loss: 0.0089, Train: 100.00%, Valid: 80.81%, Test: 79.65%, Best Valid: 82.01%, Best Test: 80.64%
Epoch: 700, Loss: 0.0072, Train: 100.00%, Valid: 80.03%, Test: 79.19%, Best Valid: 82.01%, Best Test: 80.64%
Epoch: 800, Loss: 0.0021, Train: 100.00%, Valid: 80.51%, Test: 79.51%, Best Valid: 82.01%, Best Test: 80.64%
Epoch: 900, Loss: 0.0088, Train: 100.00%, Valid: 80.70%, Test: 79.51%, Best Valid: 82.01%, Best Test: 80.64%
Run 02:
Highest Train: 100.00
Highest Valid: 82.01
Highest Test: 80.64
Chosen epoch: 81
Final Train: 95.69
Final Test: 80.64
Pre-training MLP for 500 epochs to generate co-occurrence matrix...
MLP pre-training complete. Penalty matrix frozen.
Epoch: 00, Loss: 3.5620, Train: 19.14%, Valid: 19.07%, Test: 18.98%, Best Valid: 19.07%, Best Test: 18.98%
Epoch: 100, Loss: 0.1517, Train: 99.31%, Valid: 82.29%, Test: 81.24%, Best Valid: 82.35%, Best Test: 81.00%
Epoch: 200, Loss: 0.0353, Train: 100.00%, Valid: 82.10%, Test: 80.62%, Best Valid: 82.78%, Best Test: 81.03%
Epoch: 300, Loss: 0.0139, Train: 100.00%, Valid: 82.39%, Test: 80.78%, Best Valid: 82.78%, Best Test: 81.03%
Epoch: 400, Loss: 0.0172, Train: 100.00%, Valid: 81.68%, Test: 80.23%, Best Valid: 82.84%, Best Test: 81.20%
Epoch: 500, Loss: 0.0268, Train: 100.00%, Valid: 82.08%, Test: 80.76%, Best Valid: 82.84%, Best Test: 81.20%
Epoch: 600, Loss: 0.0371, Train: 100.00%, Valid: 81.89%, Test: 80.52%, Best Valid: 82.88%, Best Test: 81.07%
Epoch: 700, Loss: 0.0040, Train: 100.00%, Valid: 82.01%, Test: 80.83%, Best Valid: 83.01%, Best Test: 81.24%
Epoch: 800, Loss: 0.0237, Train: 100.00%, Valid: 81.46%, Test: 80.35%, Best Valid: 83.01%, Best Test: 81.24%
Epoch: 900, Loss: 0.0127, Train: 100.00%, Valid: 81.80%, Test: 80.52%, Best Valid: 83.01%, Best Test: 81.24%
Run 03:
Highest Train: 100.00
Highest Valid: 83.01
Highest Test: 81.38
Chosen epoch: 602
Final Train: 100.00
Final Test: 81.24
Pre-training MLP for 500 epochs to generate co-occurrence matrix...
MLP pre-training complete. Penalty matrix frozen.
Epoch: 00, Loss: 3.5623, Train: 26.38%, Valid: 25.45%, Test: 25.59%, Best Valid: 25.45%, Best Test: 25.59%
Epoch: 100, Loss: 0.1968, Train: 98.97%, Valid: 81.68%, Test: 80.02%, Best Valid: 81.89%, Best Test: 79.99%
Epoch: 200, Loss: 0.0500, Train: 99.83%, Valid: 80.96%, Test: 79.37%, Best Valid: 81.89%, Best Test: 79.99%
Epoch: 300, Loss: 0.0403, Train: 100.00%, Valid: 80.19%, Test: 79.37%, Best Valid: 81.89%, Best Test: 79.99%
Epoch: 400, Loss: 0.0074, Train: 100.00%, Valid: 80.98%, Test: 79.27%, Best Valid: 81.89%, Best Test: 79.99%
Epoch: 500, Loss: 0.0158, Train: 100.00%, Valid: 80.72%, Test: 79.43%, Best Valid: 81.89%, Best Test: 79.99%
Epoch: 600, Loss: 0.0161, Train: 100.00%, Valid: 80.47%, Test: 78.93%, Best Valid: 81.89%, Best Test: 79.99%
Epoch: 700, Loss: 0.0075, Train: 100.00%, Valid: 79.90%, Test: 78.33%, Best Valid: 81.89%, Best Test: 79.99%
Epoch: 800, Loss: 0.0097, Train: 100.00%, Valid: 80.53%, Test: 79.24%, Best Valid: 81.89%, Best Test: 79.99%
Epoch: 900, Loss: 0.0050, Train: 100.00%, Valid: 80.02%, Test: 78.96%, Best Valid: 81.89%, Best Test: 79.99%
Run 04:
Highest Train: 100.00
Highest Valid: 81.89
Highest Test: 80.43
Chosen epoch: 98
Final Train: 98.62
Final Test: 79.99
Pre-training MLP for 500 epochs to generate co-occurrence matrix...
MLP pre-training complete. Penalty matrix frozen.
Epoch: 00, Loss: 3.6081, Train: 26.03%, Valid: 25.84%, Test: 25.72%, Best Valid: 25.84%, Best Test: 25.72%
Epoch: 100, Loss: 0.2263, Train: 98.45%, Valid: 81.89%, Test: 81.26%, Best Valid: 82.56%, Best Test: 81.41%
Epoch: 200, Loss: 0.0353, Train: 100.00%, Valid: 81.55%, Test: 80.47%, Best Valid: 82.56%, Best Test: 81.41%
Epoch: 300, Loss: 0.0163, Train: 100.00%, Valid: 81.55%, Test: 80.64%, Best Valid: 82.56%, Best Test: 81.41%
Epoch: 400, Loss: 0.0111, Train: 100.00%, Valid: 81.74%, Test: 80.78%, Best Valid: 82.56%, Best Test: 81.41%
Epoch: 500, Loss: 0.0083, Train: 100.00%, Valid: 81.15%, Test: 80.30%, Best Valid: 82.56%, Best Test: 81.41%
Epoch: 600, Loss: 0.0098, Train: 100.00%, Valid: 80.89%, Test: 79.89%, Best Valid: 82.56%, Best Test: 81.41%
Epoch: 700, Loss: 0.0059, Train: 100.00%, Valid: 81.17%, Test: 79.65%, Best Valid: 82.56%, Best Test: 81.41%
Epoch: 800, Loss: 0.0164, Train: 100.00%, Valid: 80.81%, Test: 80.30%, Best Valid: 82.56%, Best Test: 81.41%
Epoch: 900, Loss: 0.0152, Train: 100.00%, Valid: 80.47%, Test: 80.09%, Best Valid: 82.56%, Best Test: 81.41%
Run 05:
Highest Train: 100.00
Highest Valid: 82.56
Highest Test: 81.56
Chosen epoch: 95
Final Train: 98.45
Final Test: 81.41
Pre-training MLP for 500 epochs to generate co-occurrence matrix...
MLP pre-training complete. Penalty matrix frozen.
Epoch: 00, Loss: 3.6470, Train: 25.00%, Valid: 24.14%, Test: 24.08%, Best Valid: 24.14%, Best Test: 24.08%
Epoch: 100, Loss: 0.1678, Train: 99.31%, Valid: 81.32%, Test: 80.45%, Best Valid: 82.48%, Best Test: 81.29%
Epoch: 200, Loss: 0.0504, Train: 99.83%, Valid: 80.85%, Test: 80.35%, Best Valid: 82.48%, Best Test: 81.29%
Epoch: 300, Loss: 0.0194, Train: 100.00%, Valid: 81.82%, Test: 81.07%, Best Valid: 82.48%, Best Test: 81.29%
Epoch: 400, Loss: 0.0176, Train: 100.00%, Valid: 81.74%, Test: 80.73%, Best Valid: 82.48%, Best Test: 81.29%
Epoch: 500, Loss: 0.0204, Train: 100.00%, Valid: 81.74%, Test: 81.27%, Best Valid: 82.48%, Best Test: 81.29%
Epoch: 600, Loss: 0.0170, Train: 100.00%, Valid: 81.23%, Test: 80.78%, Best Valid: 82.48%, Best Test: 81.29%
Epoch: 700, Loss: 0.0051, Train: 100.00%, Valid: 81.17%, Test: 80.33%, Best Valid: 82.48%, Best Test: 81.29%
Epoch: 800, Loss: 0.0016, Train: 100.00%, Valid: 81.13%, Test: 80.62%, Best Valid: 82.48%, Best Test: 81.29%
Epoch: 900, Loss: 0.0034, Train: 100.00%, Valid: 80.03%, Test: 79.46%, Best Valid: 82.48%, Best Test: 81.29%
Run 06:
Highest Train: 100.00
Highest Valid: 82.48
Highest Test: 81.73
Chosen epoch: 79
Final Train: 96.72
Final Test: 81.29
Pre-training MLP for 500 epochs to generate co-occurrence matrix...
MLP pre-training complete. Penalty matrix frozen.
Epoch: 00, Loss: 3.7212, Train: 22.93%, Valid: 22.96%, Test: 22.90%, Best Valid: 22.96%, Best Test: 22.90%
Epoch: 100, Loss: 0.1833, Train: 98.28%, Valid: 80.43%, Test: 79.84%, Best Valid: 80.47%, Best Test: 79.55%
Epoch: 200, Loss: 0.0344, Train: 100.00%, Valid: 80.11%, Test: 79.60%, Best Valid: 80.47%, Best Test: 79.55%
Epoch: 300, Loss: 0.0159, Train: 100.00%, Valid: 79.71%, Test: 79.44%, Best Valid: 80.47%, Best Test: 79.55%
Epoch: 400, Loss: 0.0119, Train: 100.00%, Valid: 79.60%, Test: 79.31%, Best Valid: 80.47%, Best Test: 79.55%
Epoch: 500, Loss: 0.0057, Train: 100.00%, Valid: 79.35%, Test: 79.27%, Best Valid: 80.47%, Best Test: 79.55%
Epoch: 600, Loss: 0.0201, Train: 100.00%, Valid: 79.03%, Test: 78.52%, Best Valid: 80.47%, Best Test: 79.55%
Epoch: 700, Loss: 0.0042, Train: 100.00%, Valid: 79.22%, Test: 78.67%, Best Valid: 80.47%, Best Test: 79.55%
Epoch: 800, Loss: 0.0024, Train: 100.00%, Valid: 79.47%, Test: 79.17%, Best Valid: 80.47%, Best Test: 79.55%
Epoch: 900, Loss: 0.0041, Train: 100.00%, Valid: 78.73%, Test: 78.43%, Best Valid: 80.47%, Best Test: 79.55%
Run 07:
Highest Train: 100.00
Highest Valid: 80.47
Highest Test: 79.97
Chosen epoch: 71
Final Train: 95.17
Final Test: 79.55
Pre-training MLP for 500 epochs to generate co-occurrence matrix...
MLP pre-training complete. Penalty matrix frozen.
Epoch: 00, Loss: 3.5626, Train: 28.10%, Valid: 27.80%, Test: 28.42%, Best Valid: 27.80%, Best Test: 28.42%
Epoch: 100, Loss: 0.1994, Train: 98.97%, Valid: 81.13%, Test: 80.30%, Best Valid: 81.51%, Best Test: 80.64%
Epoch: 200, Loss: 0.0297, Train: 100.00%, Valid: 80.58%, Test: 80.08%, Best Valid: 81.51%, Best Test: 80.64%
Epoch: 300, Loss: 0.0165, Train: 100.00%, Valid: 80.75%, Test: 79.75%, Best Valid: 81.51%, Best Test: 80.64%
Epoch: 400, Loss: 0.0105, Train: 100.00%, Valid: 79.94%, Test: 79.60%, Best Valid: 81.51%, Best Test: 80.64%
Epoch: 500, Loss: 0.0187, Train: 100.00%, Valid: 80.39%, Test: 79.34%, Best Valid: 81.51%, Best Test: 80.64%
Epoch: 600, Loss: 0.0411, Train: 100.00%, Valid: 80.05%, Test: 79.44%, Best Valid: 81.51%, Best Test: 80.64%
Epoch: 700, Loss: 0.0195, Train: 100.00%, Valid: 80.07%, Test: 79.24%, Best Valid: 81.51%, Best Test: 80.64%
Epoch: 800, Loss: 0.0083, Train: 100.00%, Valid: 79.73%, Test: 79.77%, Best Valid: 81.51%, Best Test: 80.64%
Epoch: 900, Loss: 0.0084, Train: 100.00%, Valid: 79.79%, Test: 79.41%, Best Valid: 81.51%, Best Test: 80.64%
Run 08:
Highest Train: 100.00
Highest Valid: 81.51
Highest Test: 80.73
Chosen epoch: 96
Final Train: 98.28
Final Test: 80.64
Pre-training MLP for 500 epochs to generate co-occurrence matrix...
MLP pre-training complete. Penalty matrix frozen.
Epoch: 00, Loss: 3.6620, Train: 35.86%, Valid: 35.95%, Test: 35.88%, Best Valid: 35.95%, Best Test: 35.88%
Epoch: 100, Loss: 0.1134, Train: 99.66%, Valid: 81.30%, Test: 80.52%, Best Valid: 82.10%, Best Test: 81.02%
Epoch: 200, Loss: 0.0193, Train: 100.00%, Valid: 81.44%, Test: 80.90%, Best Valid: 82.10%, Best Test: 81.02%
Epoch: 300, Loss: 0.0139, Train: 100.00%, Valid: 81.21%, Test: 80.69%, Best Valid: 82.10%, Best Test: 81.02%
Epoch: 400, Loss: 0.0181, Train: 100.00%, Valid: 80.93%, Test: 80.38%, Best Valid: 82.10%, Best Test: 81.02%
Epoch: 500, Loss: 0.0038, Train: 100.00%, Valid: 81.15%, Test: 80.90%, Best Valid: 82.10%, Best Test: 81.02%
Epoch: 600, Loss: 0.0089, Train: 100.00%, Valid: 80.94%, Test: 80.90%, Best Valid: 82.10%, Best Test: 81.02%
Epoch: 700, Loss: 0.0022, Train: 100.00%, Valid: 81.11%, Test: 80.61%, Best Valid: 82.10%, Best Test: 81.02%
Epoch: 800, Loss: 0.0185, Train: 100.00%, Valid: 80.87%, Test: 80.57%, Best Valid: 82.10%, Best Test: 81.02%
Epoch: 900, Loss: 0.0069, Train: 100.00%, Valid: 80.38%, Test: 80.01%, Best Valid: 82.10%, Best Test: 81.02%
Run 09:
Highest Train: 100.00
Highest Valid: 82.10
Highest Test: 81.60
Chosen epoch: 93
Final Train: 99.31
Final Test: 81.02
Pre-training MLP for 500 epochs to generate co-occurrence matrix...
MLP pre-training complete. Penalty matrix frozen.
Epoch: 00, Loss: 3.5795, Train: 33.28%, Valid: 32.54%, Test: 32.29%, Best Valid: 32.54%, Best Test: 32.29%
Epoch: 100, Loss: 0.1656, Train: 99.14%, Valid: 81.19%, Test: 79.90%, Best Valid: 81.72%, Best Test: 80.26%
Epoch: 200, Loss: 0.0383, Train: 100.00%, Valid: 80.49%, Test: 79.53%, Best Valid: 81.99%, Best Test: 80.01%
Epoch: 300, Loss: 0.0145, Train: 100.00%, Valid: 80.60%, Test: 79.49%, Best Valid: 81.99%, Best Test: 80.01%
Epoch: 400, Loss: 0.0034, Train: 100.00%, Valid: 81.38%, Test: 79.25%, Best Valid: 81.99%, Best Test: 80.01%
Epoch: 500, Loss: 0.0112, Train: 100.00%, Valid: 81.00%, Test: 79.00%, Best Valid: 81.99%, Best Test: 80.01%
Epoch: 600, Loss: 0.0064, Train: 100.00%, Valid: 80.93%, Test: 79.68%, Best Valid: 81.99%, Best Test: 80.01%
Epoch: 700, Loss: 0.0079, Train: 100.00%, Valid: 80.02%, Test: 78.72%, Best Valid: 81.99%, Best Test: 80.01%
Epoch: 800, Loss: 0.0026, Train: 100.00%, Valid: 80.03%, Test: 79.13%, Best Valid: 81.99%, Best Test: 80.01%
Epoch: 900, Loss: 0.0038, Train: 100.00%, Valid: 80.22%, Test: 78.57%, Best Valid: 81.99%, Best Test: 80.01%
Run 10:
Highest Train: 100.00
Highest Valid: 81.99
Highest Test: 80.42
Chosen epoch: 113
Final Train: 99.83
Final Test: 80.01
All runs:
Highest Train: 100.00 ± 0.00
Highest Test: 81.00 ± 0.63
Highest Valid: 82.04 ± 0.69
  Final Train: 98.05 ± 1.66
   Final Test: 80.68 ± 0.64
Saving results to results/unified/wikics/MPNN_gat.csv
Condition sweep completed.
Task 28 done.
