Thu Aug 13 15:58:32 2026       
+-----------------------------------------------------------------------------------------+
| NVIDIA-SMI 580.159.04             Driver Version: 580.159.04     CUDA Version: 13.0     |
+-----------------------------------------+------------------------+----------------------+
| GPU  Name                 Persistence-M | Bus-Id          Disp.A | Volatile Uncorr. ECC |
| Fan  Temp   Perf          Pwr:Usage/Cap |           Memory-Usage | GPU-Util  Compute M. |
|                                         |                        |               MIG M. |
|=========================================+========================+======================|
|   0  NVIDIA A100-SXM4-80GB          On  |   00000000:01:00.0 Off |                   On |
| N/A   63C    P0            311W /  500W |   51753MiB /  81920MiB |     N/A      Default |
|                                         |                        |              Enabled |
+-----------------------------------------+------------------------+----------------------+
|   1  NVIDIA A100-SXM4-80GB          On  |   00000000:41:00.0 Off |                   On |
| N/A   53C    P0            274W /  500W |   47693MiB /  81920MiB |     N/A      Default |
|                                         |                        |              Enabled |
+-----------------------------------------+------------------------+----------------------+
|   2  NVIDIA A100-SXM4-80GB          On  |   00000000:81:00.0 Off |                   On |
| N/A   63C    P0            306W /  500W |   47831MiB /  81920MiB |     N/A      Default |
|                                         |                        |              Enabled |
+-----------------------------------------+------------------------+----------------------+
|   3  NVIDIA A100-SXM4-80GB          On  |   00000000:C1:00.0 Off |                   On |
| N/A   44C    P0            238W /  500W |   49027MiB /  81920MiB |     N/A      Default |
|                                         |                        |              Enabled |
+-----------------------------------------+------------------------+----------------------+

+-----------------------------------------------------------------------------------------+
| MIG devices:                                                                            |
+------------------+----------------------------------+-----------+-----------------------+
| GPU  GI  CI  MIG |              Shared Memory-Usage |        Vol|        Shared         |
|      ID  ID  Dev |                Shared BAR1-Usage | SM     Unc| CE ENC  DEC  OFA  JPG |
|                  |                                  |        ECC|                       |
|==================+==================================+===========+=======================|
|  3    5   0   0  |              71MiB / 19968MiB    | 28      0 |  2   0    1    0    0 |
|                  |               0MiB / 12271MiB    |           |                       |
+------------------+----------------------------------+-----------+-----------------------+

+-----------------------------------------------------------------------------------------+
| Processes:                                                                              |
|  GPU   GI   CI              PID   Type   Process name                        GPU Memory |
|        ID   ID                                                               Usage      |
|=========================================================================================|
|    0    1    0           252244      C   python                                39270MiB |
|    0   13    0           335944      C   ...ware/symmetrix-env/bin/python        794MiB |
|    0   14    0           335946      C   ...ware/symmetrix-env/bin/python        794MiB |
|    0    5    0           370685      C   python                                10582MiB |
|    1    1    0           252240      C   python                                39270MiB |
|    1   14    0           335942      C   ...ware/symmetrix-env/bin/python        794MiB |
|    1   13    0           335945      C   ...ware/symmetrix-env/bin/python        826MiB |
|    1    5    0           367601      C   python                                 6522MiB |
|    2    2    0           252242      C   python                                39270MiB |
|    2    9    0           335936      C   ...ware/symmetrix-env/bin/python        946MiB |
|    2   10    0           335948      C   ...ware/symmetrix-env/bin/python        794MiB |
|    2    3    0           357908      C   python                                 6540MiB |
+-----------------------------------------------------------------------------------------+
Cell: amazon-ratings / polynormer / budget 10 per class / group 4
shuffle group only runs at budgets 2 and 5 — nothing to do.
