Thu Aug 13 21:11:20 2026       
+-----------------------------------------------------------------------------------------+
| NVIDIA-SMI 580.159.04             Driver Version: 580.159.04     CUDA Version: 13.0     |
+-----------------------------------------+------------------------+----------------------+
| GPU  Name                 Persistence-M | Bus-Id          Disp.A | Volatile Uncorr. ECC |
| Fan  Temp   Perf          Pwr:Usage/Cap |           Memory-Usage | GPU-Util  Compute M. |
|                                         |                        |               MIG M. |
|=========================================+========================+======================|
|   0  NVIDIA A100-SXM4-80GB          On  |   00000000:01:00.0 Off |                   On |
| N/A   66C    P0            339W /  500W |   47041MiB /  81920MiB |     N/A      Default |
|                                         |                        |              Enabled |
+-----------------------------------------+------------------------+----------------------+
|   1  NVIDIA A100-SXM4-80GB          On  |   00000000:41:00.0 Off |                   On |
| N/A   54C    P0            285W /  500W |   47015MiB /  81920MiB |     N/A      Default |
|                                         |                        |              Enabled |
+-----------------------------------------+------------------------+----------------------+
|   2  NVIDIA A100-SXM4-80GB          On  |   00000000:81:00.0 Off |                   On |
| N/A   55C    P0            236W /  500W |   41163MiB /  81920MiB |     N/A      Default |
|                                         |                        |              Enabled |
+-----------------------------------------+------------------------+----------------------+
|   3  NVIDIA A100-SXM4-80GB          On  |   00000000:C1:00.0 Off |                   On |
| N/A   52C    P0            266W /  500W |   47085MiB /  81920MiB |     N/A      Default |
|                                         |                        |              Enabled |
+-----------------------------------------+------------------------+----------------------+

+-----------------------------------------------------------------------------------------+
| MIG devices:                                                                            |
+------------------+----------------------------------+-----------+-----------------------+
| GPU  GI  CI  MIG |              Shared Memory-Usage |        Vol|        Shared         |
|      ID  ID  Dev |                Shared BAR1-Usage | SM     Unc| CE ENC  DEC  OFA  JPG |
|                  |                                  |        ECC|                       |
|==================+==================================+===========+=======================|
|  2    3   0   0  |              71MiB / 19968MiB    | 28      0 |  2   0    1    0    0 |
|                  |               0MiB / 12271MiB    |           |                       |
+------------------+----------------------------------+-----------+-----------------------+

+-----------------------------------------------------------------------------------------+
| Processes:                                                                              |
|  GPU   GI   CI              PID   Type   Process name                        GPU Memory |
|        ID   ID                                                               Usage      |
|=========================================================================================|
|    0    1    0           252244      C   python                                39270MiB |
|    0    5    0           393362      C   python                                 6166MiB |
|    0   14    0           604030      C   ...ware/symmetrix-env/bin/python        646MiB |
|    0   13    0           604031      C   ...ware/symmetrix-env/bin/python        646MiB |
|    1    1    0           252240      C   python                                39270MiB |
|    1    5    0           406751      C   python                                 6172MiB |
|    1   13    0           604032      C   ...ware/symmetrix-env/bin/python        646MiB |
|    1   14    0           604034      C   ...ware/symmetrix-env/bin/python        646MiB |
|    3    1    0           252238      C   python                                39270MiB |
|    3    5    0           389171      C   python                                 5946MiB |
|    3   14    0           604029      C   ...ware/symmetrix-env/bin/python        794MiB |
|    3   13    0           604035      C   ...ware/symmetrix-env/bin/python        794MiB |
+-----------------------------------------------------------------------------------------+
Cell: roman-empire / gcn / budget 5 per class / group 4
python main.py --gnn gcn --dataset roman-empire --pre_linear --hidden_channels 512 --epochs 2500 --lr 0.001 --runs 3 --local_layers 9 --weight_decay 0.0 --dropout 0.5 --device 0 --bn --res --runs 10 --train_per_class 5 --budget_tag 5
==========================================================
Low-label sweep: python main.py --gnn gcn --dataset roman-empire --pre_linear --hidden_channels 512 --epochs 2500 --lr 0.001 --runs 3 --local_layers 9 --weight_decay 0.0 --dropout 0.5 --device 0 --bn --res --runs 10 --train_per_class 5 --budget_tag 5
result_dir=results/lowlabel conditions=[shuffle]
==========================================================
--- mlp_reg/shuffle placebo | lambda=0.01 ---
