Wed Aug  5 15:45:00 2026       
+-----------------------------------------------------------------------------------------+
| NVIDIA-SMI 580.159.04             Driver Version: 580.159.04     CUDA Version: 13.0     |
+-----------------------------------------+------------------------+----------------------+
| GPU  Name                 Persistence-M | Bus-Id          Disp.A | Volatile Uncorr. ECC |
| Fan  Temp   Perf          Pwr:Usage/Cap |           Memory-Usage | GPU-Util  Compute M. |
|                                         |                        |               MIG M. |
|=========================================+========================+======================|
|   0  NVIDIA A100-SXM4-80GB          On  |   00000000:01:00.0 Off |                   On |
| N/A   45C    P0            203W /  500W |   21464MiB /  81920MiB |     N/A      Default |
|                                         |                        |              Enabled |
+-----------------------------------------+------------------------+----------------------+
|   1  NVIDIA A100-SXM4-80GB          On  |   00000000:41:00.0 Off |                   On |
| N/A   46C    P0            196W /  500W |   21464MiB /  81920MiB |     N/A      Default |
|                                         |                        |              Enabled |
+-----------------------------------------+------------------------+----------------------+
|   2  NVIDIA A100-SXM4-80GB          On  |   00000000:81:00.0 Off |                   On |
| N/A   56C    P0            210W /  500W |   22356MiB /  81920MiB |     N/A      Default |
|                                         |                        |              Enabled |
+-----------------------------------------+------------------------+----------------------+
|   3  NVIDIA A100-SXM4-80GB          On  |   00000000:C1:00.0 Off |                   On |
| N/A   33C    P0            126W /  500W |    1285MiB /  81920MiB |     N/A      Default |
|                                         |                        |              Enabled |
+-----------------------------------------+------------------------+----------------------+

+-----------------------------------------------------------------------------------------+
| MIG devices:                                                                            |
+------------------+----------------------------------+-----------+-----------------------+
| GPU  GI  CI  MIG |              Shared Memory-Usage |        Vol|        Shared         |
|      ID  ID  Dev |                Shared BAR1-Usage | SM     Unc| CE ENC  DEC  OFA  JPG |
|                  |                                  |        ECC|                       |
|==================+==================================+===========+=======================|
|  1    3   0   0  |              71MiB / 19968MiB    | 28      0 |  2   0    1    0    0 |
|                  |               0MiB / 12271MiB    |           |                       |
+------------------+----------------------------------+-----------+-----------------------+

+-----------------------------------------------------------------------------------------+
| Processes:                                                                              |
|  GPU   GI   CI              PID   Type   Process name                        GPU Memory |
|        ID   ID                                                               Usage      |
|=========================================================================================|
|    0    2    0            31584      C   python                                21206MiB |
|    2    2    0            31583      C   python                                21206MiB |
|    2    3    0            54010      C   python                                  968MiB |
|    3    5    0            53951      C   python                                 1028MiB |
+-----------------------------------------------------------------------------------------+
Cell: cora / gcn / budget 20 per class / group 2
python main.py --gnn gcn --dataset cora --lr 0.001 --local_layers 3  --hidden_channels 512 --weight_decay 5e-4 --dropout 0.7 --rand_split_class --valid_num 500 --test_num 1000 --seed 123 --device 0 --runs 5 --runs 10 --label_num_per_class 20 --resample_split_per_run --budget_tag 20
==========================================================
Low-label sweep: python main.py --gnn gcn --dataset cora --lr 0.001 --local_layers 3  --hidden_channels 512 --weight_decay 5e-4 --dropout 0.7 --rand_split_class --valid_num 500 --test_num 1000 --seed 123 --device 0 --runs 5 --runs 10 --label_num_per_class 20 --resample_split_per_run --budget_tag 20
result_dir=results/lowlabel conditions=[mlp]
==========================================================
--- mlp_reg | lambda=0.01 ---
Namespace(bn=False, budget_tag='20', count_reg=False, count_smoothing=1.0, cpu=False, data_dir='./data/', dataset='cora', device=0, display_step=100, dropout=0.7, epochs=500, gnn='gcn', hidden_channels=512, jk=False, label_num_per_class=20, lambda_val=0.01, ln=False, local_layers=3, lr=0.001, metric='acc', mlp_epochs=500, mlp_reg=True, model='MPNN', model_dir='models', num_heads=1, oracle_reg=False, paired_seeds=True, penalty_transform='none', pre_linear=False, pre_ln=False, rand_split=False, rand_split_class=True, reg_start_epoch=10, reg_update_freq=5, res=False, resample_split_per_run=True, result_dir='results/lowlabel', runs=10, save_model=False, seed=123, test_num=1000, train_per_class=0, train_prop=0.5, use_reg=True, valid_num=500, valid_per_class=0, valid_prop=0.25, weight_decay=0.0005)
cora
Num nodes: 2708
train:torch.Size([140]), valid:torch.Size([500]), test:torch.Size([1000])
dataset cora | num nodes 2708 | num edge 10556 | num node feats 1433 | num classes 7
MODEL: MPNNs(
  (h_lins): ModuleList()
  (local_convs): ModuleList(
    (0): GCNConv(1433, 512)
    (1): GCNConv(512, 512)
    (2): GCNConv(512, 512)
  )
  (lins): ModuleList(
    (0): Linear(in_features=1433, out_features=512, bias=True)
    (1): Linear(in_features=512, out_features=512, bias=True)
    (2): Linear(in_features=512, out_features=512, bias=True)
  )
  (lns): ModuleList(
    (0): LayerNorm((512,), eps=1e-05, elementwise_affine=True)
    (1): LayerNorm((512,), eps=1e-05, elementwise_affine=True)
    (2): LayerNorm((512,), eps=1e-05, elementwise_affine=True)
  )
  (bns): ModuleList(
    (0): BatchNorm1d(512, eps=1e-05, momentum=0.1, affine=True, track_running_stats=True)
    (1): BatchNorm1d(512, eps=1e-05, momentum=0.1, affine=True, track_running_stats=True)
    (2): BatchNorm1d(512, eps=1e-05, momentum=0.1, affine=True, track_running_stats=True)
  )
  (lin_in): Linear(in_features=1433, out_features=512, bias=True)
  (pred_local): Linear(in_features=512, out_features=7, bias=True)
)
train:torch.Size([140]), valid:torch.Size([500]), test:torch.Size([1000])
Pre-training MLP for 500 epochs to generate co-occurrence matrix...
MLP pre-training complete. Penalty matrix frozen.
Epoch: 00, Loss: 1.9612, Train: 24.29%, Valid: 21.00%, Test: 23.20%, Best Valid: 21.00%, Best Test: 23.20%
Epoch: 100, Loss: 0.0145, Train: 100.00%, Valid: 79.00%, Test: 83.40%, Best Valid: 80.80%, Best Test: 84.20%
Epoch: 200, Loss: 0.0071, Train: 100.00%, Valid: 78.40%, Test: 82.80%, Best Valid: 81.00%, Best Test: 83.50%
Epoch: 300, Loss: 0.0107, Train: 100.00%, Valid: 77.60%, Test: 83.00%, Best Valid: 81.00%, Best Test: 83.50%
Epoch: 400, Loss: 0.0079, Train: 100.00%, Valid: 78.80%, Test: 82.20%, Best Valid: 81.00%, Best Test: 83.50%
Run 01:
Highest Train: 100.00
Highest Valid: 81.00
Highest Test: 84.70
Chosen epoch: 122
Final Train: 100.00
Final Test: 83.50
train:torch.Size([140]), valid:torch.Size([500]), test:torch.Size([1000])
Pre-training MLP for 500 epochs to generate co-occurrence matrix...
MLP pre-training complete. Penalty matrix frozen.
Epoch: 00, Loss: 1.9650, Train: 17.86%, Valid: 14.80%, Test: 13.40%, Best Valid: 14.80%, Best Test: 13.40%
Epoch: 100, Loss: 0.0043, Train: 100.00%, Valid: 79.60%, Test: 77.10%, Best Valid: 83.40%, Best Test: 78.20%
Epoch: 200, Loss: 0.0120, Train: 100.00%, Valid: 77.80%, Test: 75.80%, Best Valid: 83.40%, Best Test: 78.20%
Epoch: 300, Loss: 0.0082, Train: 100.00%, Valid: 81.80%, Test: 78.40%, Best Valid: 83.40%, Best Test: 78.20%
Epoch: 400, Loss: 0.0036, Train: 100.00%, Valid: 82.40%, Test: 79.60%, Best Valid: 83.40%, Best Test: 78.20%
Run 02:
Highest Train: 100.00
Highest Valid: 83.40
Highest Test: 79.70
Chosen epoch: 20
Final Train: 96.43
Final Test: 78.20
train:torch.Size([140]), valid:torch.Size([500]), test:torch.Size([1000])
Pre-training MLP for 500 epochs to generate co-occurrence matrix...
MLP pre-training complete. Penalty matrix frozen.
Epoch: 00, Loss: 1.9656, Train: 23.57%, Valid: 14.40%, Test: 14.00%, Best Valid: 14.40%, Best Test: 14.00%
Epoch: 100, Loss: 0.0122, Train: 100.00%, Valid: 81.80%, Test: 80.50%, Best Valid: 85.00%, Best Test: 83.30%
Epoch: 200, Loss: 0.0075, Train: 100.00%, Valid: 81.00%, Test: 79.50%, Best Valid: 85.00%, Best Test: 83.30%
Epoch: 300, Loss: 0.0055, Train: 100.00%, Valid: 82.00%, Test: 79.90%, Best Valid: 85.00%, Best Test: 83.30%
Epoch: 400, Loss: 0.0075, Train: 100.00%, Valid: 78.80%, Test: 77.00%, Best Valid: 85.00%, Best Test: 83.30%
Run 03:
Highest Train: 100.00
Highest Valid: 85.00
Highest Test: 83.30
Chosen epoch: 34
Final Train: 98.57
Final Test: 83.30
train:torch.Size([140]), valid:torch.Size([500]), test:torch.Size([1000])
Pre-training MLP for 500 epochs to generate co-occurrence matrix...
MLP pre-training complete. Penalty matrix frozen.
Epoch: 00, Loss: 1.9638, Train: 15.71%, Valid: 14.80%, Test: 14.60%, Best Valid: 14.80%, Best Test: 14.60%
Epoch: 100, Loss: 0.0132, Train: 100.00%, Valid: 75.40%, Test: 79.50%, Best Valid: 79.80%, Best Test: 81.30%
Epoch: 200, Loss: 0.0077, Train: 100.00%, Valid: 74.80%, Test: 80.20%, Best Valid: 79.80%, Best Test: 81.30%
Epoch: 300, Loss: 0.0048, Train: 100.00%, Valid: 78.20%, Test: 79.90%, Best Valid: 79.80%, Best Test: 81.30%
Epoch: 400, Loss: 0.0060, Train: 100.00%, Valid: 74.40%, Test: 79.80%, Best Valid: 79.80%, Best Test: 81.30%
Run 04:
Highest Train: 100.00
Highest Valid: 79.80
Highest Test: 82.90
Chosen epoch: 30
Final Train: 97.86
Final Test: 81.30
train:torch.Size([140]), valid:torch.Size([500]), test:torch.Size([1000])
Pre-training MLP for 500 epochs to generate co-occurrence matrix...
MLP pre-training complete. Penalty matrix frozen.
Epoch: 00, Loss: 1.9649, Train: 16.43%, Valid: 16.60%, Test: 16.40%, Best Valid: 16.60%, Best Test: 16.40%
Epoch: 100, Loss: 0.0045, Train: 100.00%, Valid: 76.20%, Test: 77.70%, Best Valid: 79.40%, Best Test: 79.50%
Epoch: 200, Loss: 0.0039, Train: 100.00%, Valid: 77.00%, Test: 78.10%, Best Valid: 79.40%, Best Test: 79.50%
Epoch: 300, Loss: 0.0064, Train: 100.00%, Valid: 75.00%, Test: 77.70%, Best Valid: 79.40%, Best Test: 79.50%
Epoch: 400, Loss: 0.0116, Train: 100.00%, Valid: 75.20%, Test: 75.50%, Best Valid: 79.40%, Best Test: 79.50%
Run 05:
Highest Train: 100.00
Highest Valid: 79.40
Highest Test: 81.10
Chosen epoch: 23
Final Train: 97.14
Final Test: 79.50
train:torch.Size([140]), valid:torch.Size([500]), test:torch.Size([1000])
Pre-training MLP for 500 epochs to generate co-occurrence matrix...
MLP pre-training complete. Penalty matrix frozen.
Epoch: 00, Loss: 1.9714, Train: 29.29%, Valid: 20.80%, Test: 23.40%, Best Valid: 20.80%, Best Test: 23.40%
Epoch: 100, Loss: 0.0135, Train: 100.00%, Valid: 81.20%, Test: 77.60%, Best Valid: 83.20%, Best Test: 80.00%
Epoch: 200, Loss: 0.0082, Train: 100.00%, Valid: 79.80%, Test: 77.60%, Best Valid: 83.20%, Best Test: 80.00%
Epoch: 300, Loss: 0.0058, Train: 100.00%, Valid: 81.60%, Test: 79.10%, Best Valid: 83.20%, Best Test: 80.00%
Epoch: 400, Loss: 0.0047, Train: 100.00%, Valid: 81.40%, Test: 78.70%, Best Valid: 83.20%, Best Test: 80.00%
Run 06:
Highest Train: 100.00
Highest Valid: 83.20
Highest Test: 80.10
Chosen epoch: 32
Final Train: 99.29
Final Test: 80.00
train:torch.Size([140]), valid:torch.Size([500]), test:torch.Size([1000])
Pre-training MLP for 500 epochs to generate co-occurrence matrix...
MLP pre-training complete. Penalty matrix frozen.
Epoch: 00, Loss: 1.9673, Train: 23.57%, Valid: 15.40%, Test: 16.20%, Best Valid: 15.40%, Best Test: 16.20%
Epoch: 100, Loss: 0.0065, Train: 100.00%, Valid: 79.20%, Test: 79.30%, Best Valid: 82.60%, Best Test: 82.10%
Epoch: 200, Loss: 0.0063, Train: 100.00%, Valid: 77.80%, Test: 78.50%, Best Valid: 82.60%, Best Test: 82.10%
Epoch: 300, Loss: 0.0060, Train: 100.00%, Valid: 78.00%, Test: 79.80%, Best Valid: 82.60%, Best Test: 82.10%
Epoch: 400, Loss: 0.0138, Train: 100.00%, Valid: 78.00%, Test: 79.20%, Best Valid: 82.60%, Best Test: 82.10%
Run 07:
Highest Train: 100.00
Highest Valid: 82.60
Highest Test: 84.90
Chosen epoch: 49
Final Train: 100.00
Final Test: 82.10
train:torch.Size([140]), valid:torch.Size([500]), test:torch.Size([1000])
Pre-training MLP for 500 epochs to generate co-occurrence matrix...
MLP pre-training complete. Penalty matrix frozen.
Epoch: 00, Loss: 1.9702, Train: 26.43%, Valid: 13.20%, Test: 14.80%, Best Valid: 13.20%, Best Test: 14.80%
Epoch: 100, Loss: 0.0058, Train: 100.00%, Valid: 76.00%, Test: 78.50%, Best Valid: 80.60%, Best Test: 80.00%
Epoch: 200, Loss: 0.0094, Train: 100.00%, Valid: 76.20%, Test: 78.50%, Best Valid: 80.60%, Best Test: 80.00%
Epoch: 300, Loss: 0.0034, Train: 100.00%, Valid: 75.80%, Test: 78.70%, Best Valid: 80.60%, Best Test: 80.00%
Epoch: 400, Loss: 0.0042, Train: 100.00%, Valid: 77.80%, Test: 79.20%, Best Valid: 80.60%, Best Test: 80.00%
Run 08:
Highest Train: 100.00
Highest Valid: 80.60
Highest Test: 81.40
Chosen epoch: 24
Final Train: 95.00
Final Test: 80.00
train:torch.Size([140]), valid:torch.Size([500]), test:torch.Size([1000])
Pre-training MLP for 500 epochs to generate co-occurrence matrix...
MLP pre-training complete. Penalty matrix frozen.
Epoch: 00, Loss: 1.9703, Train: 26.43%, Valid: 36.00%, Test: 37.20%, Best Valid: 36.00%, Best Test: 37.20%
Epoch: 100, Loss: 0.0042, Train: 100.00%, Valid: 79.40%, Test: 81.30%, Best Valid: 81.40%, Best Test: 80.90%
Epoch: 200, Loss: 0.0036, Train: 100.00%, Valid: 79.00%, Test: 81.20%, Best Valid: 81.40%, Best Test: 80.90%
Epoch: 300, Loss: 0.0054, Train: 100.00%, Valid: 77.20%, Test: 79.80%, Best Valid: 81.40%, Best Test: 80.90%
Epoch: 400, Loss: 0.0061, Train: 100.00%, Valid: 79.40%, Test: 81.70%, Best Valid: 81.40%, Best Test: 80.90%
Run 09:
Highest Train: 100.00
Highest Valid: 81.40
Highest Test: 83.60
Chosen epoch: 27
Final Train: 96.43
Final Test: 80.90
train:torch.Size([140]), valid:torch.Size([500]), test:torch.Size([1000])
Pre-training MLP for 500 epochs to generate co-occurrence matrix...
MLP pre-training complete. Penalty matrix frozen.
Epoch: 00, Loss: 1.9668, Train: 32.86%, Valid: 18.80%, Test: 18.00%, Best Valid: 18.80%, Best Test: 18.00%
Epoch: 100, Loss: 0.0075, Train: 100.00%, Valid: 76.60%, Test: 78.00%, Best Valid: 79.80%, Best Test: 81.20%
Epoch: 200, Loss: 0.0182, Train: 100.00%, Valid: 75.40%, Test: 76.90%, Best Valid: 79.80%, Best Test: 81.20%
Epoch: 300, Loss: 0.0033, Train: 100.00%, Valid: 74.20%, Test: 75.70%, Best Valid: 79.80%, Best Test: 81.20%
Epoch: 400, Loss: 0.0133, Train: 100.00%, Valid: 75.20%, Test: 76.00%, Best Valid: 79.80%, Best Test: 81.20%
Run 10:
Highest Train: 100.00
Highest Valid: 79.80
Highest Test: 82.80
Chosen epoch: 43
Final Train: 99.29
Final Test: 81.20
All runs:
Highest Train: 100.00 ± 0.00
Highest Test: 82.45 ± 1.81
Highest Valid: 81.62 ± 1.86
  Final Train: 98.00 ± 1.71
   Final Test: 81.00 ± 1.67
Saving results to results/lowlabel/cora/MPNN_gcn.csv
--- mlp_reg | lambda=0.05 ---
Namespace(bn=False, budget_tag='20', count_reg=False, count_smoothing=1.0, cpu=False, data_dir='./data/', dataset='cora', device=0, display_step=100, dropout=0.7, epochs=500, gnn='gcn', hidden_channels=512, jk=False, label_num_per_class=20, lambda_val=0.05, ln=False, local_layers=3, lr=0.001, metric='acc', mlp_epochs=500, mlp_reg=True, model='MPNN', model_dir='models', num_heads=1, oracle_reg=False, paired_seeds=True, penalty_transform='none', pre_linear=False, pre_ln=False, rand_split=False, rand_split_class=True, reg_start_epoch=10, reg_update_freq=5, res=False, resample_split_per_run=True, result_dir='results/lowlabel', runs=10, save_model=False, seed=123, test_num=1000, train_per_class=0, train_prop=0.5, use_reg=True, valid_num=500, valid_per_class=0, valid_prop=0.25, weight_decay=0.0005)
cora
Num nodes: 2708
train:torch.Size([140]), valid:torch.Size([500]), test:torch.Size([1000])
dataset cora | num nodes 2708 | num edge 10556 | num node feats 1433 | num classes 7
MODEL: MPNNs(
  (h_lins): ModuleList()
  (local_convs): ModuleList(
    (0): GCNConv(1433, 512)
    (1): GCNConv(512, 512)
    (2): GCNConv(512, 512)
  )
  (lins): ModuleList(
    (0): Linear(in_features=1433, out_features=512, bias=True)
    (1): Linear(in_features=512, out_features=512, bias=True)
    (2): Linear(in_features=512, out_features=512, bias=True)
  )
  (lns): ModuleList(
    (0): LayerNorm((512,), eps=1e-05, elementwise_affine=True)
    (1): LayerNorm((512,), eps=1e-05, elementwise_affine=True)
    (2): LayerNorm((512,), eps=1e-05, elementwise_affine=True)
  )
  (bns): ModuleList(
    (0): BatchNorm1d(512, eps=1e-05, momentum=0.1, affine=True, track_running_stats=True)
    (1): BatchNorm1d(512, eps=1e-05, momentum=0.1, affine=True, track_running_stats=True)
    (2): BatchNorm1d(512, eps=1e-05, momentum=0.1, affine=True, track_running_stats=True)
  )
  (lin_in): Linear(in_features=1433, out_features=512, bias=True)
  (pred_local): Linear(in_features=512, out_features=7, bias=True)
)
train:torch.Size([140]), valid:torch.Size([500]), test:torch.Size([1000])
Pre-training MLP for 500 epochs to generate co-occurrence matrix...
MLP pre-training complete. Penalty matrix frozen.
Epoch: 00, Loss: 2.0388, Train: 25.00%, Valid: 21.40%, Test: 23.70%, Best Valid: 21.40%, Best Test: 23.70%
Epoch: 100, Loss: 0.0148, Train: 100.00%, Valid: 79.20%, Test: 83.30%, Best Valid: 80.60%, Best Test: 84.50%
Epoch: 200, Loss: 0.0066, Train: 100.00%, Valid: 78.80%, Test: 83.10%, Best Valid: 81.00%, Best Test: 83.60%
Epoch: 300, Loss: 0.0112, Train: 100.00%, Valid: 77.80%, Test: 82.90%, Best Valid: 81.00%, Best Test: 83.60%
Epoch: 400, Loss: 0.0064, Train: 100.00%, Valid: 79.40%, Test: 83.40%, Best Valid: 81.00%, Best Test: 83.60%
Run 01:
Highest Train: 100.00
Highest Valid: 81.00
Highest Test: 84.70
Chosen epoch: 122
Final Train: 100.00
Final Test: 83.60
train:torch.Size([140]), valid:torch.Size([500]), test:torch.Size([1000])
Pre-training MLP for 500 epochs to generate co-occurrence matrix...
MLP pre-training complete. Penalty matrix frozen.
Epoch: 00, Loss: 2.0428, Train: 17.86%, Valid: 15.00%, Test: 13.60%, Best Valid: 15.00%, Best Test: 13.60%
Epoch: 100, Loss: 0.0046, Train: 100.00%, Valid: 80.20%, Test: 77.30%, Best Valid: 83.60%, Best Test: 78.20%
Epoch: 200, Loss: 0.0123, Train: 100.00%, Valid: 77.80%, Test: 76.10%, Best Valid: 83.60%, Best Test: 78.20%
Epoch: 300, Loss: 0.0093, Train: 100.00%, Valid: 81.80%, Test: 78.60%, Best Valid: 83.60%, Best Test: 78.20%
Epoch: 400, Loss: 0.0036, Train: 100.00%, Valid: 82.00%, Test: 79.40%, Best Valid: 83.60%, Best Test: 78.20%
Run 02:
Highest Train: 100.00
Highest Valid: 83.60
Highest Test: 79.70
Chosen epoch: 20
Final Train: 96.43
Final Test: 78.20
train:torch.Size([140]), valid:torch.Size([500]), test:torch.Size([1000])
Pre-training MLP for 500 epochs to generate co-occurrence matrix...
MLP pre-training complete. Penalty matrix frozen.
Epoch: 00, Loss: 2.0435, Train: 25.00%, Valid: 14.80%, Test: 14.40%, Best Valid: 14.80%, Best Test: 14.40%
Epoch: 100, Loss: 0.0134, Train: 100.00%, Valid: 81.80%, Test: 80.50%, Best Valid: 85.00%, Best Test: 83.20%
Epoch: 200, Loss: 0.0079, Train: 100.00%, Valid: 81.20%, Test: 79.70%, Best Valid: 85.00%, Best Test: 83.20%
Epoch: 300, Loss: 0.0059, Train: 100.00%, Valid: 82.00%, Test: 79.90%, Best Valid: 85.00%, Best Test: 83.20%
Epoch: 400, Loss: 0.0078, Train: 100.00%, Valid: 78.40%, Test: 77.40%, Best Valid: 85.00%, Best Test: 83.20%
Run 03:
Highest Train: 100.00
Highest Valid: 85.00
Highest Test: 83.20
Chosen epoch: 34
Final Train: 98.57
Final Test: 83.20
train:torch.Size([140]), valid:torch.Size([500]), test:torch.Size([1000])
Pre-training MLP for 500 epochs to generate co-occurrence matrix...
MLP pre-training complete. Penalty matrix frozen.
Epoch: 00, Loss: 2.0416, Train: 15.71%, Valid: 14.80%, Test: 14.60%, Best Valid: 14.80%, Best Test: 14.60%
Epoch: 100, Loss: 0.0132, Train: 100.00%, Valid: 75.80%, Test: 79.50%, Best Valid: 79.80%, Best Test: 81.50%
Epoch: 200, Loss: 0.0082, Train: 100.00%, Valid: 75.20%, Test: 80.10%, Best Valid: 79.80%, Best Test: 81.50%
Epoch: 300, Loss: 0.0047, Train: 100.00%, Valid: 78.20%, Test: 79.70%, Best Valid: 79.80%, Best Test: 81.50%
Epoch: 400, Loss: 0.0061, Train: 100.00%, Valid: 74.60%, Test: 80.00%, Best Valid: 79.80%, Best Test: 81.50%
Run 04:
Highest Train: 100.00
Highest Valid: 79.80
Highest Test: 82.90
Chosen epoch: 30
Final Train: 97.86
Final Test: 81.50
train:torch.Size([140]), valid:torch.Size([500]), test:torch.Size([1000])
Pre-training MLP for 500 epochs to generate co-occurrence matrix...
MLP pre-training complete. Penalty matrix frozen.
Epoch: 00, Loss: 2.0427, Train: 16.43%, Valid: 16.60%, Test: 16.40%, Best Valid: 16.60%, Best Test: 16.40%
Epoch: 100, Loss: 0.0047, Train: 100.00%, Valid: 77.20%, Test: 78.00%, Best Valid: 78.80%, Best Test: 79.50%
Epoch: 200, Loss: 0.0041, Train: 100.00%, Valid: 77.00%, Test: 78.40%, Best Valid: 78.80%, Best Test: 79.50%
Epoch: 300, Loss: 0.0060, Train: 100.00%, Valid: 74.00%, Test: 76.60%, Best Valid: 78.80%, Best Test: 79.50%
Epoch: 400, Loss: 0.0044, Train: 100.00%, Valid: 76.20%, Test: 77.80%, Best Valid: 78.80%, Best Test: 79.50%
Run 05:
Highest Train: 100.00
Highest Valid: 78.80
Highest Test: 80.80
Chosen epoch: 23
Final Train: 96.43
Final Test: 79.50
train:torch.Size([140]), valid:torch.Size([500]), test:torch.Size([1000])
Pre-training MLP for 500 epochs to generate co-occurrence matrix...
MLP pre-training complete. Penalty matrix frozen.
Epoch: 00, Loss: 2.0494, Train: 29.29%, Valid: 20.60%, Test: 23.50%, Best Valid: 20.60%, Best Test: 23.50%
Epoch: 100, Loss: 0.0126, Train: 100.00%, Valid: 81.20%, Test: 77.70%, Best Valid: 83.60%, Best Test: 80.10%
Epoch: 200, Loss: 0.0086, Train: 100.00%, Valid: 79.40%, Test: 77.50%, Best Valid: 83.60%, Best Test: 80.10%
Epoch: 300, Loss: 0.0065, Train: 100.00%, Valid: 81.60%, Test: 79.10%, Best Valid: 83.60%, Best Test: 80.10%
Epoch: 400, Loss: 0.0050, Train: 100.00%, Valid: 81.80%, Test: 78.40%, Best Valid: 83.60%, Best Test: 80.10%
Run 06:
Highest Train: 100.00
Highest Valid: 83.60
Highest Test: 80.10
Chosen epoch: 33
Final Train: 99.29
Final Test: 80.10
train:torch.Size([140]), valid:torch.Size([500]), test:torch.Size([1000])
Pre-training MLP for 500 epochs to generate co-occurrence matrix...
MLP pre-training complete. Penalty matrix frozen.
Epoch: 00, Loss: 2.0452, Train: 24.29%, Valid: 15.20%, Test: 16.00%, Best Valid: 15.20%, Best Test: 16.00%
Epoch: 100, Loss: 0.0068, Train: 100.00%, Valid: 79.20%, Test: 79.70%, Best Valid: 82.60%, Best Test: 84.30%
Epoch: 200, Loss: 0.0065, Train: 100.00%, Valid: 77.80%, Test: 78.90%, Best Valid: 82.60%, Best Test: 84.30%
Epoch: 300, Loss: 0.0062, Train: 100.00%, Valid: 78.60%, Test: 79.70%, Best Valid: 82.60%, Best Test: 84.30%
Epoch: 400, Loss: 0.0131, Train: 100.00%, Valid: 77.80%, Test: 79.50%, Best Valid: 82.60%, Best Test: 84.30%
Run 07:
Highest Train: 100.00
Highest Valid: 82.60
Highest Test: 85.10
Chosen epoch: 24
Final Train: 94.29
Final Test: 84.30
train:torch.Size([140]), valid:torch.Size([500]), test:torch.Size([1000])
Pre-training MLP for 500 epochs to generate co-occurrence matrix...
MLP pre-training complete. Penalty matrix frozen.
Epoch: 00, Loss: 2.0482, Train: 26.43%, Valid: 12.60%, Test: 14.60%, Best Valid: 12.60%, Best Test: 14.60%
Epoch: 100, Loss: 0.0063, Train: 100.00%, Valid: 76.00%, Test: 78.70%, Best Valid: 80.60%, Best Test: 79.70%
Epoch: 200, Loss: 0.0096, Train: 100.00%, Valid: 76.20%, Test: 78.90%, Best Valid: 80.60%, Best Test: 79.70%
Epoch: 300, Loss: 0.0036, Train: 100.00%, Valid: 76.20%, Test: 79.10%, Best Valid: 80.60%, Best Test: 79.70%
Epoch: 400, Loss: 0.0042, Train: 100.00%, Valid: 76.60%, Test: 79.20%, Best Valid: 80.60%, Best Test: 79.70%
Run 08:
Highest Train: 100.00
Highest Valid: 80.60
Highest Test: 81.70
Chosen epoch: 24
Final Train: 95.00
Final Test: 79.70
train:torch.Size([140]), valid:torch.Size([500]), test:torch.Size([1000])
Pre-training MLP for 500 epochs to generate co-occurrence matrix...
MLP pre-training complete. Penalty matrix frozen.
Epoch: 00, Loss: 2.0483, Train: 26.43%, Valid: 36.40%, Test: 37.70%, Best Valid: 36.40%, Best Test: 37.70%
Epoch: 100, Loss: 0.0044, Train: 100.00%, Valid: 79.20%, Test: 81.10%, Best Valid: 81.60%, Best Test: 80.70%
Epoch: 200, Loss: 0.0035, Train: 100.00%, Valid: 79.00%, Test: 81.40%, Best Valid: 81.60%, Best Test: 80.70%
Epoch: 300, Loss: 0.0049, Train: 100.00%, Valid: 76.80%, Test: 79.60%, Best Valid: 81.60%, Best Test: 80.70%
Epoch: 400, Loss: 0.0058, Train: 100.00%, Valid: 76.80%, Test: 80.80%, Best Valid: 81.60%, Best Test: 80.70%
Run 09:
Highest Train: 100.00
Highest Valid: 81.60
Highest Test: 83.60
Chosen epoch: 27
Final Train: 96.43
Final Test: 80.70
train:torch.Size([140]), valid:torch.Size([500]), test:torch.Size([1000])
Pre-training MLP for 500 epochs to generate co-occurrence matrix...
MLP pre-training complete. Penalty matrix frozen.
Epoch: 00, Loss: 2.0447, Train: 32.86%, Valid: 18.60%, Test: 18.20%, Best Valid: 18.60%, Best Test: 18.20%
Epoch: 100, Loss: 0.0081, Train: 100.00%, Valid: 76.20%, Test: 78.00%, Best Valid: 79.80%, Best Test: 81.10%
Epoch: 200, Loss: 0.0179, Train: 100.00%, Valid: 75.20%, Test: 77.10%, Best Valid: 79.80%, Best Test: 81.10%
Epoch: 300, Loss: 0.0035, Train: 100.00%, Valid: 74.00%, Test: 75.20%, Best Valid: 79.80%, Best Test: 81.10%
Epoch: 400, Loss: 0.0164, Train: 100.00%, Valid: 75.40%, Test: 75.90%, Best Valid: 79.80%, Best Test: 81.10%
Run 10:
Highest Train: 100.00
Highest Valid: 79.80
Highest Test: 82.60
Chosen epoch: 43
Final Train: 99.29
Final Test: 81.10
All runs:
Highest Train: 100.00 ± 0.00
Highest Test: 82.44 ± 1.84
Highest Valid: 81.64 ± 2.01
  Final Train: 97.36 ± 1.94
   Final Test: 81.19 ± 1.97
Saving results to results/lowlabel/cora/MPNN_gcn.csv
--- mlp_reg | lambda=0.1 ---
Namespace(bn=False, budget_tag='20', count_reg=False, count_smoothing=1.0, cpu=False, data_dir='./data/', dataset='cora', device=0, display_step=100, dropout=0.7, epochs=500, gnn='gcn', hidden_channels=512, jk=False, label_num_per_class=20, lambda_val=0.1, ln=False, local_layers=3, lr=0.001, metric='acc', mlp_epochs=500, mlp_reg=True, model='MPNN', model_dir='models', num_heads=1, oracle_reg=False, paired_seeds=True, penalty_transform='none', pre_linear=False, pre_ln=False, rand_split=False, rand_split_class=True, reg_start_epoch=10, reg_update_freq=5, res=False, resample_split_per_run=True, result_dir='results/lowlabel', runs=10, save_model=False, seed=123, test_num=1000, train_per_class=0, train_prop=0.5, use_reg=True, valid_num=500, valid_per_class=0, valid_prop=0.25, weight_decay=0.0005)
cora
Num nodes: 2708
train:torch.Size([140]), valid:torch.Size([500]), test:torch.Size([1000])
dataset cora | num nodes 2708 | num edge 10556 | num node feats 1433 | num classes 7
MODEL: MPNNs(
  (h_lins): ModuleList()
  (local_convs): ModuleList(
    (0): GCNConv(1433, 512)
    (1): GCNConv(512, 512)
    (2): GCNConv(512, 512)
  )
  (lins): ModuleList(
    (0): Linear(in_features=1433, out_features=512, bias=True)
    (1): Linear(in_features=512, out_features=512, bias=True)
    (2): Linear(in_features=512, out_features=512, bias=True)
  )
  (lns): ModuleList(
    (0): LayerNorm((512,), eps=1e-05, elementwise_affine=True)
    (1): LayerNorm((512,), eps=1e-05, elementwise_affine=True)
    (2): LayerNorm((512,), eps=1e-05, elementwise_affine=True)
  )
  (bns): ModuleList(
    (0): BatchNorm1d(512, eps=1e-05, momentum=0.1, affine=True, track_running_stats=True)
    (1): BatchNorm1d(512, eps=1e-05, momentum=0.1, affine=True, track_running_stats=True)
    (2): BatchNorm1d(512, eps=1e-05, momentum=0.1, affine=True, track_running_stats=True)
  )
  (lin_in): Linear(in_features=1433, out_features=512, bias=True)
  (pred_local): Linear(in_features=512, out_features=7, bias=True)
)
train:torch.Size([140]), valid:torch.Size([500]), test:torch.Size([1000])
Pre-training MLP for 500 epochs to generate co-occurrence matrix...
MLP pre-training complete. Penalty matrix frozen.
Epoch: 00, Loss: 2.1359, Train: 25.00%, Valid: 22.20%, Test: 24.00%, Best Valid: 22.20%, Best Test: 24.00%
Epoch: 100, Loss: 0.0163, Train: 100.00%, Valid: 79.20%, Test: 83.30%, Best Valid: 80.80%, Best Test: 83.30%
Epoch: 200, Loss: 0.0078, Train: 100.00%, Valid: 78.60%, Test: 83.10%, Best Valid: 81.40%, Best Test: 84.50%
Epoch: 300, Loss: 0.0118, Train: 100.00%, Valid: 77.60%, Test: 83.20%, Best Valid: 81.40%, Best Test: 84.50%
Epoch: 400, Loss: 0.0081, Train: 100.00%, Valid: 78.40%, Test: 82.30%, Best Valid: 81.40%, Best Test: 84.50%
Run 01:
Highest Train: 100.00
Highest Valid: 81.40
Highest Test: 84.80
Chosen epoch: 169
Final Train: 100.00
Final Test: 84.50
train:torch.Size([140]), valid:torch.Size([500]), test:torch.Size([1000])
Pre-training MLP for 500 epochs to generate co-occurrence matrix...
MLP pre-training complete. Penalty matrix frozen.
Epoch: 00, Loss: 2.1401, Train: 17.86%, Valid: 15.80%, Test: 14.10%, Best Valid: 15.80%, Best Test: 14.10%
Epoch: 100, Loss: 0.0048, Train: 100.00%, Valid: 80.00%, Test: 77.20%, Best Valid: 83.40%, Best Test: 78.60%
Epoch: 200, Loss: 0.0128, Train: 100.00%, Valid: 78.20%, Test: 76.00%, Best Valid: 83.40%, Best Test: 78.60%
Epoch: 300, Loss: 0.0100, Train: 100.00%, Valid: 81.60%, Test: 78.30%, Best Valid: 83.40%, Best Test: 78.60%
Epoch: 400, Loss: 0.0039, Train: 100.00%, Valid: 82.40%, Test: 79.60%, Best Valid: 83.40%, Best Test: 78.60%
Run 02:
Highest Train: 100.00
Highest Valid: 83.40
Highest Test: 80.00
Chosen epoch: 20
Final Train: 96.43
Final Test: 78.60
train:torch.Size([140]), valid:torch.Size([500]), test:torch.Size([1000])
Pre-training MLP for 500 epochs to generate co-occurrence matrix...
MLP pre-training complete. Penalty matrix frozen.
Epoch: 00, Loss: 2.1408, Train: 24.29%, Valid: 15.20%, Test: 14.50%, Best Valid: 15.20%, Best Test: 14.50%
Epoch: 100, Loss: 0.0146, Train: 100.00%, Valid: 81.80%, Test: 80.60%, Best Valid: 85.00%, Best Test: 83.40%
Epoch: 200, Loss: 0.0080, Train: 100.00%, Valid: 81.20%, Test: 79.60%, Best Valid: 85.00%, Best Test: 83.40%
Epoch: 300, Loss: 0.0064, Train: 100.00%, Valid: 82.00%, Test: 80.00%, Best Valid: 85.00%, Best Test: 83.40%
Epoch: 400, Loss: 0.0080, Train: 100.00%, Valid: 79.00%, Test: 77.30%, Best Valid: 85.00%, Best Test: 83.40%
Run 03:
Highest Train: 100.00
Highest Valid: 85.00
Highest Test: 83.40
Chosen epoch: 34
Final Train: 98.57
Final Test: 83.40
train:torch.Size([140]), valid:torch.Size([500]), test:torch.Size([1000])
Pre-training MLP for 500 epochs to generate co-occurrence matrix...
MLP pre-training complete. Penalty matrix frozen.
Epoch: 00, Loss: 2.1388, Train: 15.71%, Valid: 14.80%, Test: 14.60%, Best Valid: 14.80%, Best Test: 14.60%
Epoch: 100, Loss: 0.0137, Train: 100.00%, Valid: 76.20%, Test: 79.70%, Best Valid: 80.00%, Best Test: 81.60%
Epoch: 200, Loss: 0.0085, Train: 100.00%, Valid: 75.00%, Test: 80.10%, Best Valid: 80.00%, Best Test: 81.60%
Epoch: 300, Loss: 0.0049, Train: 100.00%, Valid: 78.40%, Test: 80.40%, Best Valid: 80.00%, Best Test: 81.60%
Epoch: 400, Loss: 0.0066, Train: 100.00%, Valid: 74.80%, Test: 80.10%, Best Valid: 80.00%, Best Test: 81.60%
Run 04:
Highest Train: 100.00
Highest Valid: 80.00
Highest Test: 83.00
Chosen epoch: 30
Final Train: 97.86
Final Test: 81.60
train:torch.Size([140]), valid:torch.Size([500]), test:torch.Size([1000])
Pre-training MLP for 500 epochs to generate co-occurrence matrix...
MLP pre-training complete. Penalty matrix frozen.
Epoch: 00, Loss: 2.1400, Train: 16.43%, Valid: 16.60%, Test: 16.40%, Best Valid: 16.60%, Best Test: 16.40%
Epoch: 100, Loss: 0.0055, Train: 100.00%, Valid: 76.40%, Test: 77.60%, Best Valid: 79.00%, Best Test: 80.40%
Epoch: 200, Loss: 0.0042, Train: 100.00%, Valid: 77.20%, Test: 78.70%, Best Valid: 79.00%, Best Test: 80.40%
Epoch: 300, Loss: 0.0070, Train: 100.00%, Valid: 74.80%, Test: 77.30%, Best Valid: 79.00%, Best Test: 80.40%
Epoch: 400, Loss: 0.0094, Train: 100.00%, Valid: 75.80%, Test: 76.50%, Best Valid: 79.00%, Best Test: 80.40%
Run 05:
Highest Train: 100.00
Highest Valid: 79.00
Highest Test: 80.90
Chosen epoch: 26
Final Train: 97.14
Final Test: 80.40
train:torch.Size([140]), valid:torch.Size([500]), test:torch.Size([1000])
Pre-training MLP for 500 epochs to generate co-occurrence matrix...
MLP pre-training complete. Penalty matrix frozen.
Epoch: 00, Loss: 2.1470, Train: 29.29%, Valid: 20.80%, Test: 23.70%, Best Valid: 20.80%, Best Test: 23.70%
Epoch: 100, Loss: 0.0147, Train: 100.00%, Valid: 81.20%, Test: 77.80%, Best Valid: 83.40%, Best Test: 79.90%
Epoch: 200, Loss: 0.0087, Train: 100.00%, Valid: 79.60%, Test: 77.50%, Best Valid: 83.40%, Best Test: 79.90%
Epoch: 300, Loss: 0.0068, Train: 100.00%, Valid: 81.40%, Test: 79.10%, Best Valid: 83.40%, Best Test: 79.90%
Epoch: 400, Loss: 0.0057, Train: 100.00%, Valid: 81.60%, Test: 78.20%, Best Valid: 83.40%, Best Test: 79.90%
Run 06:
Highest Train: 100.00
Highest Valid: 83.40
Highest Test: 80.10
Chosen epoch: 32
Final Train: 99.29
Final Test: 79.90
train:torch.Size([140]), valid:torch.Size([500]), test:torch.Size([1000])
Pre-training MLP for 500 epochs to generate co-occurrence matrix...
MLP pre-training complete. Penalty matrix frozen.
Epoch: 00, Loss: 2.1426, Train: 25.00%, Valid: 15.60%, Test: 16.30%, Best Valid: 15.60%, Best Test: 16.30%
Epoch: 100, Loss: 0.0070, Train: 100.00%, Valid: 79.60%, Test: 79.40%, Best Valid: 82.60%, Best Test: 84.40%
Epoch: 200, Loss: 0.0067, Train: 100.00%, Valid: 77.60%, Test: 78.70%, Best Valid: 82.60%, Best Test: 84.40%
Epoch: 300, Loss: 0.0070, Train: 100.00%, Valid: 78.60%, Test: 79.50%, Best Valid: 82.60%, Best Test: 84.40%
Epoch: 400, Loss: 0.0135, Train: 100.00%, Valid: 78.00%, Test: 79.60%, Best Valid: 82.60%, Best Test: 84.40%
Run 07:
Highest Train: 100.00
Highest Valid: 82.60
Highest Test: 84.70
Chosen epoch: 24
Final Train: 95.00
Final Test: 84.40
train:torch.Size([140]), valid:torch.Size([500]), test:torch.Size([1000])
Pre-training MLP for 500 epochs to generate co-occurrence matrix...
MLP pre-training complete. Penalty matrix frozen.
Epoch: 00, Loss: 2.1457, Train: 25.00%, Valid: 12.60%, Test: 15.50%, Best Valid: 12.60%, Best Test: 15.50%
Epoch: 100, Loss: 0.0062, Train: 100.00%, Valid: 76.40%, Test: 79.00%, Best Valid: 80.40%, Best Test: 80.90%
Epoch: 200, Loss: 0.0101, Train: 100.00%, Valid: 76.80%, Test: 78.90%, Best Valid: 80.40%, Best Test: 80.90%
Epoch: 300, Loss: 0.0038, Train: 100.00%, Valid: 76.20%, Test: 79.20%, Best Valid: 80.40%, Best Test: 80.90%
Epoch: 400, Loss: 0.0047, Train: 100.00%, Valid: 77.20%, Test: 79.50%, Best Valid: 80.40%, Best Test: 80.90%
Run 08:
Highest Train: 100.00
Highest Valid: 80.40
Highest Test: 81.70
Chosen epoch: 31
Final Train: 99.29
Final Test: 80.90
train:torch.Size([140]), valid:torch.Size([500]), test:torch.Size([1000])
Pre-training MLP for 500 epochs to generate co-occurrence matrix...
MLP pre-training complete. Penalty matrix frozen.
Epoch: 00, Loss: 2.1459, Train: 25.71%, Valid: 36.60%, Test: 38.10%, Best Valid: 36.60%, Best Test: 38.10%
Epoch: 100, Loss: 0.0044, Train: 100.00%, Valid: 79.40%, Test: 81.40%, Best Valid: 81.20%, Best Test: 81.50%
Epoch: 200, Loss: 0.0037, Train: 100.00%, Valid: 79.20%, Test: 81.30%, Best Valid: 81.20%, Best Test: 81.50%
Epoch: 300, Loss: 0.0055, Train: 100.00%, Valid: 77.00%, Test: 80.10%, Best Valid: 81.20%, Best Test: 81.50%
Epoch: 400, Loss: 0.0069, Train: 100.00%, Valid: 78.00%, Test: 80.60%, Best Valid: 81.20%, Best Test: 81.50%
Run 09:
Highest Train: 100.00
Highest Valid: 81.20
Highest Test: 84.10
Chosen epoch: 26
Final Train: 96.43
Final Test: 81.50
train:torch.Size([140]), valid:torch.Size([500]), test:torch.Size([1000])
Pre-training MLP for 500 epochs to generate co-occurrence matrix...
MLP pre-training complete. Penalty matrix frozen.
Epoch: 00, Loss: 2.1421, Train: 34.29%, Valid: 19.40%, Test: 18.40%, Best Valid: 19.40%, Best Test: 18.40%
Epoch: 100, Loss: 0.0081, Train: 100.00%, Valid: 76.40%, Test: 78.00%, Best Valid: 79.60%, Best Test: 81.40%
Epoch: 200, Loss: 0.0178, Train: 100.00%, Valid: 75.20%, Test: 77.10%, Best Valid: 79.60%, Best Test: 81.40%
Epoch: 300, Loss: 0.0037, Train: 100.00%, Valid: 74.40%, Test: 76.00%, Best Valid: 79.60%, Best Test: 81.40%
Epoch: 400, Loss: 0.0154, Train: 100.00%, Valid: 75.20%, Test: 76.10%, Best Valid: 79.60%, Best Test: 81.40%
Run 10:
Highest Train: 100.00
Highest Valid: 79.60
Highest Test: 82.60
Chosen epoch: 43
Final Train: 99.29
Final Test: 81.40
All runs:
Highest Train: 100.00 ± 0.00
Highest Test: 82.53 ± 1.79
Highest Valid: 81.60 ± 1.94
  Final Train: 97.93 ± 1.63
   Final Test: 81.66 ± 1.92
Saving results to results/lowlabel/cora/MPNN_gcn.csv
--- mlp_reg | lambda=0.2 ---
Namespace(bn=False, budget_tag='20', count_reg=False, count_smoothing=1.0, cpu=False, data_dir='./data/', dataset='cora', device=0, display_step=100, dropout=0.7, epochs=500, gnn='gcn', hidden_channels=512, jk=False, label_num_per_class=20, lambda_val=0.2, ln=False, local_layers=3, lr=0.001, metric='acc', mlp_epochs=500, mlp_reg=True, model='MPNN', model_dir='models', num_heads=1, oracle_reg=False, paired_seeds=True, penalty_transform='none', pre_linear=False, pre_ln=False, rand_split=False, rand_split_class=True, reg_start_epoch=10, reg_update_freq=5, res=False, resample_split_per_run=True, result_dir='results/lowlabel', runs=10, save_model=False, seed=123, test_num=1000, train_per_class=0, train_prop=0.5, use_reg=True, valid_num=500, valid_per_class=0, valid_prop=0.25, weight_decay=0.0005)
cora
Num nodes: 2708
train:torch.Size([140]), valid:torch.Size([500]), test:torch.Size([1000])
dataset cora | num nodes 2708 | num edge 10556 | num node feats 1433 | num classes 7
MODEL: MPNNs(
  (h_lins): ModuleList()
  (local_convs): ModuleList(
    (0): GCNConv(1433, 512)
    (1): GCNConv(512, 512)
    (2): GCNConv(512, 512)
  )
  (lins): ModuleList(
    (0): Linear(in_features=1433, out_features=512, bias=True)
    (1): Linear(in_features=512, out_features=512, bias=True)
    (2): Linear(in_features=512, out_features=512, bias=True)
  )
  (lns): ModuleList(
    (0): LayerNorm((512,), eps=1e-05, elementwise_affine=True)
    (1): LayerNorm((512,), eps=1e-05, elementwise_affine=True)
    (2): LayerNorm((512,), eps=1e-05, elementwise_affine=True)
  )
  (bns): ModuleList(
    (0): BatchNorm1d(512, eps=1e-05, momentum=0.1, affine=True, track_running_stats=True)
    (1): BatchNorm1d(512, eps=1e-05, momentum=0.1, affine=True, track_running_stats=True)
    (2): BatchNorm1d(512, eps=1e-05, momentum=0.1, affine=True, track_running_stats=True)
  )
  (lin_in): Linear(in_features=1433, out_features=512, bias=True)
  (pred_local): Linear(in_features=512, out_features=7, bias=True)
)
train:torch.Size([140]), valid:torch.Size([500]), test:torch.Size([1000])
Pre-training MLP for 500 epochs to generate co-occurrence matrix...
MLP pre-training complete. Penalty matrix frozen.
Epoch: 00, Loss: 2.3301, Train: 25.00%, Valid: 22.40%, Test: 24.00%, Best Valid: 22.40%, Best Test: 24.00%
Epoch: 100, Loss: 0.0164, Train: 100.00%, Valid: 79.40%, Test: 83.40%, Best Valid: 80.60%, Best Test: 83.40%
Epoch: 200, Loss: 0.0091, Train: 100.00%, Valid: 78.40%, Test: 83.00%, Best Valid: 81.20%, Best Test: 83.80%
Epoch: 300, Loss: 0.0118, Train: 100.00%, Valid: 78.20%, Test: 83.00%, Best Valid: 81.20%, Best Test: 83.80%
Epoch: 400, Loss: 0.0069, Train: 100.00%, Valid: 79.80%, Test: 83.50%, Best Valid: 81.20%, Best Test: 83.80%
Run 01:
Highest Train: 100.00
Highest Valid: 81.20
Highest Test: 84.80
Chosen epoch: 123
Final Train: 100.00
Final Test: 83.80
train:torch.Size([140]), valid:torch.Size([500]), test:torch.Size([1000])
Pre-training MLP for 500 epochs to generate co-occurrence matrix...
MLP pre-training complete. Penalty matrix frozen.
Epoch: 00, Loss: 2.3347, Train: 17.86%, Valid: 16.60%, Test: 15.30%, Best Valid: 16.60%, Best Test: 15.30%
Epoch: 100, Loss: 0.0048, Train: 100.00%, Valid: 80.60%, Test: 77.20%, Best Valid: 83.60%, Best Test: 78.40%
Epoch: 200, Loss: 0.0139, Train: 100.00%, Valid: 78.20%, Test: 76.20%, Best Valid: 83.60%, Best Test: 78.40%
Epoch: 300, Loss: 0.0092, Train: 100.00%, Valid: 81.40%, Test: 78.30%, Best Valid: 83.60%, Best Test: 78.40%
Epoch: 400, Loss: 0.0046, Train: 100.00%, Valid: 82.00%, Test: 79.80%, Best Valid: 83.60%, Best Test: 78.40%
Run 02:
Highest Train: 100.00
Highest Valid: 83.60
Highest Test: 79.80
Chosen epoch: 20
Final Train: 96.43
Final Test: 78.40
train:torch.Size([140]), valid:torch.Size([500]), test:torch.Size([1000])
Pre-training MLP for 500 epochs to generate co-occurrence matrix...
MLP pre-training complete. Penalty matrix frozen.
Epoch: 00, Loss: 2.3354, Train: 25.00%, Valid: 15.20%, Test: 14.90%, Best Valid: 15.20%, Best Test: 14.90%
Epoch: 100, Loss: 0.0166, Train: 100.00%, Valid: 82.20%, Test: 80.50%, Best Valid: 85.00%, Best Test: 82.80%
Epoch: 200, Loss: 0.0093, Train: 100.00%, Valid: 81.40%, Test: 79.70%, Best Valid: 85.00%, Best Test: 82.80%
Epoch: 300, Loss: 0.0067, Train: 100.00%, Valid: 82.20%, Test: 80.20%, Best Valid: 85.00%, Best Test: 82.80%
Epoch: 400, Loss: 0.0089, Train: 100.00%, Valid: 79.20%, Test: 77.80%, Best Valid: 85.00%, Best Test: 82.80%
Run 03:
Highest Train: 100.00
Highest Valid: 85.00
Highest Test: 83.60
Chosen epoch: 44
Final Train: 100.00
Final Test: 82.80
train:torch.Size([140]), valid:torch.Size([500]), test:torch.Size([1000])
Pre-training MLP for 500 epochs to generate co-occurrence matrix...
MLP pre-training complete. Penalty matrix frozen.
Epoch: 00, Loss: 2.3332, Train: 15.71%, Valid: 14.40%, Test: 14.60%, Best Valid: 14.40%, Best Test: 14.60%
Epoch: 100, Loss: 0.0161, Train: 99.29%, Valid: 76.60%, Test: 80.20%, Best Valid: 80.20%, Best Test: 81.60%
Epoch: 200, Loss: 0.0088, Train: 100.00%, Valid: 76.40%, Test: 80.50%, Best Valid: 80.20%, Best Test: 81.60%
Epoch: 300, Loss: 0.0056, Train: 100.00%, Valid: 78.20%, Test: 80.20%, Best Valid: 80.20%, Best Test: 81.60%
Epoch: 400, Loss: 0.0072, Train: 100.00%, Valid: 74.40%, Test: 80.20%, Best Valid: 80.20%, Best Test: 81.60%
Run 04:
Highest Train: 100.00
Highest Valid: 80.20
Highest Test: 82.70
Chosen epoch: 30
Final Train: 97.86
Final Test: 81.60
train:torch.Size([140]), valid:torch.Size([500]), test:torch.Size([1000])
Pre-training MLP for 500 epochs to generate co-occurrence matrix...
MLP pre-training complete. Penalty matrix frozen.
Epoch: 00, Loss: 2.3346, Train: 17.86%, Valid: 17.00%, Test: 16.50%, Best Valid: 17.00%, Best Test: 16.50%
Epoch: 100, Loss: 0.0058, Train: 100.00%, Valid: 76.40%, Test: 77.90%, Best Valid: 79.00%, Best Test: 80.40%
Epoch: 200, Loss: 0.0046, Train: 100.00%, Valid: 77.40%, Test: 78.50%, Best Valid: 79.00%, Best Test: 80.40%
Epoch: 300, Loss: 0.0075, Train: 100.00%, Valid: 75.00%, Test: 77.10%, Best Valid: 79.00%, Best Test: 80.40%
Epoch: 400, Loss: 0.0059, Train: 100.00%, Valid: 76.20%, Test: 77.10%, Best Valid: 79.00%, Best Test: 80.40%
Run 05:
Highest Train: 100.00
Highest Valid: 79.00
Highest Test: 81.00
Chosen epoch: 26
Final Train: 97.14
Final Test: 80.40
train:torch.Size([140]), valid:torch.Size([500]), test:torch.Size([1000])
Pre-training MLP for 500 epochs to generate co-occurrence matrix...
MLP pre-training complete. Penalty matrix frozen.
Epoch: 00, Loss: 2.3422, Train: 29.29%, Valid: 20.80%, Test: 23.50%, Best Valid: 20.80%, Best Test: 23.50%
Epoch: 100, Loss: 0.0166, Train: 100.00%, Valid: 81.00%, Test: 77.70%, Best Valid: 83.80%, Best Test: 80.10%
Epoch: 200, Loss: 0.0097, Train: 100.00%, Valid: 80.00%, Test: 77.50%, Best Valid: 83.80%, Best Test: 80.10%
Epoch: 300, Loss: 0.0070, Train: 100.00%, Valid: 81.60%, Test: 78.80%, Best Valid: 83.80%, Best Test: 80.10%
Epoch: 400, Loss: 0.0056, Train: 100.00%, Valid: 81.60%, Test: 78.40%, Best Valid: 83.80%, Best Test: 80.10%
Run 06:
Highest Train: 100.00
Highest Valid: 83.80
Highest Test: 80.20
Chosen epoch: 32
Final Train: 99.29
Final Test: 80.10
train:torch.Size([140]), valid:torch.Size([500]), test:torch.Size([1000])
Pre-training MLP for 500 epochs to generate co-occurrence matrix...
MLP pre-training complete. Penalty matrix frozen.
Epoch: 00, Loss: 2.3373, Train: 24.29%, Valid: 15.00%, Test: 16.40%, Best Valid: 15.00%, Best Test: 16.40%
Epoch: 100, Loss: 0.0081, Train: 100.00%, Valid: 79.40%, Test: 79.80%, Best Valid: 83.20%, Best Test: 84.60%
Epoch: 200, Loss: 0.0076, Train: 100.00%, Valid: 78.20%, Test: 78.80%, Best Valid: 83.20%, Best Test: 84.60%
Epoch: 300, Loss: 0.0078, Train: 100.00%, Valid: 78.20%, Test: 80.00%, Best Valid: 83.20%, Best Test: 84.60%
Epoch: 400, Loss: 0.0148, Train: 100.00%, Valid: 78.00%, Test: 79.50%, Best Valid: 83.20%, Best Test: 84.60%
Run 07:
Highest Train: 100.00
Highest Valid: 83.20
Highest Test: 84.90
Chosen epoch: 24
Final Train: 94.29
Final Test: 84.60
train:torch.Size([140]), valid:torch.Size([500]), test:torch.Size([1000])
Pre-training MLP for 500 epochs to generate co-occurrence matrix...
MLP pre-training complete. Penalty matrix frozen.
Epoch: 00, Loss: 2.3408, Train: 24.29%, Valid: 12.60%, Test: 15.80%, Best Valid: 12.60%, Best Test: 15.80%
Epoch: 100, Loss: 0.0068, Train: 100.00%, Valid: 76.20%, Test: 78.90%, Best Valid: 80.60%, Best Test: 82.10%
Epoch: 200, Loss: 0.0117, Train: 100.00%, Valid: 76.20%, Test: 78.50%, Best Valid: 80.60%, Best Test: 82.10%
Epoch: 300, Loss: 0.0039, Train: 100.00%, Valid: 76.80%, Test: 79.50%, Best Valid: 80.60%, Best Test: 82.10%
Epoch: 400, Loss: 0.0047, Train: 100.00%, Valid: 77.20%, Test: 78.50%, Best Valid: 80.60%, Best Test: 82.10%
Run 08:
Highest Train: 100.00
Highest Valid: 80.60
Highest Test: 82.10
Chosen epoch: 34
Final Train: 99.29
Final Test: 82.10
train:torch.Size([140]), valid:torch.Size([500]), test:torch.Size([1000])
Pre-training MLP for 500 epochs to generate co-occurrence matrix...
MLP pre-training complete. Penalty matrix frozen.
Epoch: 00, Loss: 2.3409, Train: 24.29%, Valid: 37.00%, Test: 38.90%, Best Valid: 37.00%, Best Test: 38.90%
Epoch: 100, Loss: 0.0048, Train: 100.00%, Valid: 79.00%, Test: 81.00%, Best Valid: 81.40%, Best Test: 81.00%
Epoch: 200, Loss: 0.0039, Train: 100.00%, Valid: 78.80%, Test: 81.60%, Best Valid: 81.40%, Best Test: 81.00%
Epoch: 300, Loss: 0.0054, Train: 100.00%, Valid: 77.00%, Test: 79.30%, Best Valid: 81.40%, Best Test: 81.00%
Epoch: 400, Loss: 0.0066, Train: 100.00%, Valid: 78.60%, Test: 81.70%, Best Valid: 81.40%, Best Test: 81.00%
Run 09:
Highest Train: 100.00
Highest Valid: 81.40
Highest Test: 84.40
Chosen epoch: 28
Final Train: 97.14
Final Test: 81.00
train:torch.Size([140]), valid:torch.Size([500]), test:torch.Size([1000])
Pre-training MLP for 500 epochs to generate co-occurrence matrix...
MLP pre-training complete. Penalty matrix frozen.
Epoch: 00, Loss: 2.3368, Train: 34.29%, Valid: 19.00%, Test: 19.10%, Best Valid: 19.00%, Best Test: 19.10%
Epoch: 100, Loss: 0.0093, Train: 100.00%, Valid: 77.20%, Test: 78.10%, Best Valid: 79.60%, Best Test: 81.20%
Epoch: 200, Loss: 0.0217, Train: 100.00%, Valid: 76.00%, Test: 77.30%, Best Valid: 79.60%, Best Test: 81.20%
Epoch: 300, Loss: 0.0045, Train: 100.00%, Valid: 74.00%, Test: 76.00%, Best Valid: 79.60%, Best Test: 81.20%
Epoch: 400, Loss: 0.0173, Train: 100.00%, Valid: 75.60%, Test: 76.80%, Best Valid: 79.60%, Best Test: 81.20%
Run 10:
Highest Train: 100.00
Highest Valid: 79.60
Highest Test: 82.50
Chosen epoch: 43
Final Train: 99.29
Final Test: 81.20
All runs:
Highest Train: 100.00 ± 0.00
Highest Test: 82.60 ± 1.85
Highest Valid: 81.76 ± 2.02
  Final Train: 98.07 ± 1.85
   Final Test: 81.60 ± 1.83
Saving results to results/lowlabel/cora/MPNN_gcn.csv
--- mlp_reg | lambda=0.4 ---
Namespace(bn=False, budget_tag='20', count_reg=False, count_smoothing=1.0, cpu=False, data_dir='./data/', dataset='cora', device=0, display_step=100, dropout=0.7, epochs=500, gnn='gcn', hidden_channels=512, jk=False, label_num_per_class=20, lambda_val=0.4, ln=False, local_layers=3, lr=0.001, metric='acc', mlp_epochs=500, mlp_reg=True, model='MPNN', model_dir='models', num_heads=1, oracle_reg=False, paired_seeds=True, penalty_transform='none', pre_linear=False, pre_ln=False, rand_split=False, rand_split_class=True, reg_start_epoch=10, reg_update_freq=5, res=False, resample_split_per_run=True, result_dir='results/lowlabel', runs=10, save_model=False, seed=123, test_num=1000, train_per_class=0, train_prop=0.5, use_reg=True, valid_num=500, valid_per_class=0, valid_prop=0.25, weight_decay=0.0005)
cora
Num nodes: 2708
train:torch.Size([140]), valid:torch.Size([500]), test:torch.Size([1000])
dataset cora | num nodes 2708 | num edge 10556 | num node feats 1433 | num classes 7
MODEL: MPNNs(
  (h_lins): ModuleList()
  (local_convs): ModuleList(
    (0): GCNConv(1433, 512)
    (1): GCNConv(512, 512)
    (2): GCNConv(512, 512)
  )
  (lins): ModuleList(
    (0): Linear(in_features=1433, out_features=512, bias=True)
    (1): Linear(in_features=512, out_features=512, bias=True)
    (2): Linear(in_features=512, out_features=512, bias=True)
  )
  (lns): ModuleList(
    (0): LayerNorm((512,), eps=1e-05, elementwise_affine=True)
    (1): LayerNorm((512,), eps=1e-05, elementwise_affine=True)
    (2): LayerNorm((512,), eps=1e-05, elementwise_affine=True)
  )
  (bns): ModuleList(
    (0): BatchNorm1d(512, eps=1e-05, momentum=0.1, affine=True, track_running_stats=True)
    (1): BatchNorm1d(512, eps=1e-05, momentum=0.1, affine=True, track_running_stats=True)
    (2): BatchNorm1d(512, eps=1e-05, momentum=0.1, affine=True, track_running_stats=True)
  )
  (lin_in): Linear(in_features=1433, out_features=512, bias=True)
  (pred_local): Linear(in_features=512, out_features=7, bias=True)
)
train:torch.Size([140]), valid:torch.Size([500]), test:torch.Size([1000])
Pre-training MLP for 500 epochs to generate co-occurrence matrix...
MLP pre-training complete. Penalty matrix frozen.
Epoch: 00, Loss: 2.7185, Train: 25.71%, Valid: 22.20%, Test: 24.70%, Best Valid: 22.20%, Best Test: 24.70%
Epoch: 100, Loss: 0.0181, Train: 100.00%, Valid: 79.20%, Test: 83.30%, Best Valid: 81.00%, Best Test: 83.70%
Epoch: 200, Loss: 0.0109, Train: 100.00%, Valid: 79.00%, Test: 83.30%, Best Valid: 81.20%, Best Test: 83.90%
Epoch: 300, Loss: 0.0149, Train: 100.00%, Valid: 78.00%, Test: 83.40%, Best Valid: 81.60%, Best Test: 83.40%
Epoch: 400, Loss: 0.0090, Train: 100.00%, Valid: 79.80%, Test: 83.40%, Best Valid: 81.60%, Best Test: 83.40%
Run 01:
Highest Train: 100.00
Highest Valid: 81.60
Highest Test: 84.90
Chosen epoch: 255
Final Train: 100.00
Final Test: 83.40
train:torch.Size([140]), valid:torch.Size([500]), test:torch.Size([1000])
Pre-training MLP for 500 epochs to generate co-occurrence matrix...
MLP pre-training complete. Penalty matrix frozen.
Epoch: 00, Loss: 2.7238, Train: 18.57%, Valid: 20.20%, Test: 17.60%, Best Valid: 20.20%, Best Test: 17.60%
Epoch: 100, Loss: 0.0060, Train: 100.00%, Valid: 80.80%, Test: 77.50%, Best Valid: 83.60%, Best Test: 79.10%
Epoch: 200, Loss: 0.0167, Train: 100.00%, Valid: 78.20%, Test: 76.40%, Best Valid: 83.60%, Best Test: 79.10%
Epoch: 300, Loss: 0.0132, Train: 100.00%, Valid: 81.40%, Test: 78.60%, Best Valid: 83.60%, Best Test: 79.10%
Epoch: 400, Loss: 0.0051, Train: 100.00%, Valid: 81.80%, Test: 80.00%, Best Valid: 83.60%, Best Test: 79.10%
Run 02:
Highest Train: 100.00
Highest Valid: 83.60
Highest Test: 80.30
Chosen epoch: 25
Final Train: 97.14
Final Test: 79.10
train:torch.Size([140]), valid:torch.Size([500]), test:torch.Size([1000])
Pre-training MLP for 500 epochs to generate co-occurrence matrix...
MLP pre-training complete. Penalty matrix frozen.
Epoch: 00, Loss: 2.7246, Train: 27.14%, Valid: 16.40%, Test: 16.20%, Best Valid: 16.40%, Best Test: 16.20%
Epoch: 100, Loss: 0.0211, Train: 100.00%, Valid: 82.60%, Test: 80.60%, Best Valid: 84.80%, Best Test: 83.50%
Epoch: 200, Loss: 0.0105, Train: 100.00%, Valid: 81.60%, Test: 79.80%, Best Valid: 84.80%, Best Test: 83.50%
Epoch: 300, Loss: 0.0081, Train: 100.00%, Valid: 82.40%, Test: 80.10%, Best Valid: 84.80%, Best Test: 83.50%
Epoch: 400, Loss: 0.0098, Train: 100.00%, Valid: 78.80%, Test: 77.90%, Best Valid: 84.80%, Best Test: 83.50%
Run 03:
Highest Train: 100.00
Highest Valid: 84.80
Highest Test: 83.80
Chosen epoch: 42
Final Train: 100.00
Final Test: 83.50
train:torch.Size([140]), valid:torch.Size([500]), test:torch.Size([1000])
Pre-training MLP for 500 epochs to generate co-occurrence matrix...
MLP pre-training complete. Penalty matrix frozen.
Epoch: 00, Loss: 2.7221, Train: 15.71%, Valid: 14.20%, Test: 14.50%, Best Valid: 14.20%, Best Test: 14.50%
Epoch: 100, Loss: 0.0198, Train: 99.29%, Valid: 77.00%, Test: 80.60%, Best Valid: 80.40%, Best Test: 81.90%
Epoch: 200, Loss: 0.0103, Train: 100.00%, Valid: 76.00%, Test: 80.70%, Best Valid: 80.40%, Best Test: 81.90%
Epoch: 300, Loss: 0.0063, Train: 100.00%, Valid: 78.20%, Test: 80.70%, Best Valid: 80.40%, Best Test: 81.90%
Epoch: 400, Loss: 0.0080, Train: 100.00%, Valid: 74.60%, Test: 80.30%, Best Valid: 80.40%, Best Test: 81.90%
Run 04:
Highest Train: 100.00
Highest Valid: 80.40
Highest Test: 83.10
Chosen epoch: 30
Final Train: 97.86
Final Test: 81.90
train:torch.Size([140]), valid:torch.Size([500]), test:torch.Size([1000])
Pre-training MLP for 500 epochs to generate co-occurrence matrix...
MLP pre-training complete. Penalty matrix frozen.
Epoch: 00, Loss: 2.7236, Train: 17.86%, Valid: 17.00%, Test: 16.50%, Best Valid: 17.00%, Best Test: 16.50%
Epoch: 100, Loss: 0.0061, Train: 100.00%, Valid: 76.80%, Test: 78.80%, Best Valid: 79.20%, Best Test: 81.00%
Epoch: 200, Loss: 0.0053, Train: 100.00%, Valid: 77.60%, Test: 78.60%, Best Valid: 79.20%, Best Test: 81.00%
Epoch: 300, Loss: 0.0075, Train: 100.00%, Valid: 74.00%, Test: 76.50%, Best Valid: 79.20%, Best Test: 81.00%
Epoch: 400, Loss: 0.0059, Train: 100.00%, Valid: 76.80%, Test: 77.60%, Best Valid: 79.20%, Best Test: 81.00%
Run 05:
Highest Train: 100.00
Highest Valid: 79.20
Highest Test: 81.60
Chosen epoch: 34
Final Train: 98.57
Final Test: 81.00
train:torch.Size([140]), valid:torch.Size([500]), test:torch.Size([1000])
Pre-training MLP for 500 epochs to generate co-occurrence matrix...
MLP pre-training complete. Penalty matrix frozen.
Epoch: 00, Loss: 2.7326, Train: 27.14%, Valid: 19.80%, Test: 22.30%, Best Valid: 19.80%, Best Test: 22.30%
Epoch: 100, Loss: 0.0168, Train: 100.00%, Valid: 81.20%, Test: 78.00%, Best Valid: 84.00%, Best Test: 80.30%
Epoch: 200, Loss: 0.0113, Train: 100.00%, Valid: 80.20%, Test: 77.60%, Best Valid: 84.00%, Best Test: 80.30%
Epoch: 300, Loss: 0.0086, Train: 100.00%, Valid: 82.00%, Test: 78.80%, Best Valid: 84.00%, Best Test: 80.30%
Epoch: 400, Loss: 0.0076, Train: 100.00%, Valid: 82.00%, Test: 78.60%, Best Valid: 84.00%, Best Test: 80.30%
Run 06:
Highest Train: 100.00
Highest Valid: 84.00
Highest Test: 80.30
Chosen epoch: 33
Final Train: 99.29
Final Test: 80.30
train:torch.Size([140]), valid:torch.Size([500]), test:torch.Size([1000])
Pre-training MLP for 500 epochs to generate co-occurrence matrix...
MLP pre-training complete. Penalty matrix frozen.
Epoch: 00, Loss: 2.7269, Train: 24.29%, Valid: 15.20%, Test: 17.90%, Best Valid: 15.20%, Best Test: 17.90%
Epoch: 100, Loss: 0.0091, Train: 100.00%, Valid: 79.40%, Test: 80.30%, Best Valid: 83.20%, Best Test: 84.50%
Epoch: 200, Loss: 0.0087, Train: 100.00%, Valid: 78.20%, Test: 79.50%, Best Valid: 83.20%, Best Test: 84.50%
Epoch: 300, Loss: 0.0092, Train: 100.00%, Valid: 79.20%, Test: 79.70%, Best Valid: 83.20%, Best Test: 84.50%
Epoch: 400, Loss: 0.0162, Train: 100.00%, Valid: 79.00%, Test: 79.50%, Best Valid: 83.20%, Best Test: 84.50%
Run 07:
Highest Train: 100.00
Highest Valid: 83.20
Highest Test: 84.90
Chosen epoch: 24
Final Train: 93.57
Final Test: 84.50
train:torch.Size([140]), valid:torch.Size([500]), test:torch.Size([1000])
Pre-training MLP for 500 epochs to generate co-occurrence matrix...
MLP pre-training complete. Penalty matrix frozen.
Epoch: 00, Loss: 2.7309, Train: 22.86%, Valid: 13.60%, Test: 15.30%, Best Valid: 13.60%, Best Test: 15.30%
Epoch: 100, Loss: 0.0069, Train: 100.00%, Valid: 76.00%, Test: 79.20%, Best Valid: 80.00%, Best Test: 80.00%
Epoch: 200, Loss: 0.0133, Train: 100.00%, Valid: 76.60%, Test: 78.90%, Best Valid: 80.00%, Best Test: 80.00%
Epoch: 300, Loss: 0.0047, Train: 100.00%, Valid: 76.80%, Test: 79.70%, Best Valid: 80.00%, Best Test: 80.00%
Epoch: 400, Loss: 0.0055, Train: 100.00%, Valid: 77.60%, Test: 79.40%, Best Valid: 80.00%, Best Test: 80.00%
Run 08:
Highest Train: 100.00
Highest Valid: 80.00
Highest Test: 81.80
Chosen epoch: 22
Final Train: 93.57
Final Test: 80.00
train:torch.Size([140]), valid:torch.Size([500]), test:torch.Size([1000])
Pre-training MLP for 500 epochs to generate co-occurrence matrix...
MLP pre-training complete. Penalty matrix frozen.
Epoch: 00, Loss: 2.7311, Train: 22.86%, Valid: 35.60%, Test: 38.10%, Best Valid: 35.60%, Best Test: 38.10%
Epoch: 100, Loss: 0.0056, Train: 100.00%, Valid: 79.00%, Test: 81.20%, Best Valid: 81.60%, Best Test: 83.10%
Epoch: 200, Loss: 0.0043, Train: 100.00%, Valid: 79.00%, Test: 81.60%, Best Valid: 81.60%, Best Test: 83.10%
Epoch: 300, Loss: 0.0078, Train: 100.00%, Valid: 76.80%, Test: 79.60%, Best Valid: 81.60%, Best Test: 83.10%
Epoch: 400, Loss: 0.0074, Train: 100.00%, Valid: 77.40%, Test: 80.90%, Best Valid: 81.60%, Best Test: 83.10%
Run 09:
Highest Train: 100.00
Highest Valid: 81.60
Highest Test: 85.50
Chosen epoch: 20
Final Train: 96.43
Final Test: 83.10
train:torch.Size([140]), valid:torch.Size([500]), test:torch.Size([1000])
Pre-training MLP for 500 epochs to generate co-occurrence matrix...
MLP pre-training complete. Penalty matrix frozen.
Epoch: 00, Loss: 2.7263, Train: 32.86%, Valid: 19.00%, Test: 19.70%, Best Valid: 19.00%, Best Test: 19.70%
Epoch: 100, Loss: 0.0113, Train: 100.00%, Valid: 77.20%, Test: 78.70%, Best Valid: 79.60%, Best Test: 82.00%
Epoch: 200, Loss: 0.0234, Train: 100.00%, Valid: 75.60%, Test: 77.70%, Best Valid: 79.60%, Best Test: 82.00%
Epoch: 300, Loss: 0.0057, Train: 100.00%, Valid: 75.20%, Test: 76.40%, Best Valid: 79.60%, Best Test: 82.00%
Epoch: 400, Loss: 0.0149, Train: 100.00%, Valid: 75.40%, Test: 76.90%, Best Valid: 79.60%, Best Test: 82.00%
Run 10:
Highest Train: 100.00
Highest Valid: 79.60
Highest Test: 82.90
Chosen epoch: 39
Final Train: 99.29
Final Test: 82.00
All runs:
Highest Train: 100.00 ± 0.00
Highest Test: 82.91 ± 1.89
Highest Valid: 81.80 ± 2.00
  Final Train: 97.57 ± 2.41
   Final Test: 81.88 ± 1.76
Saving results to results/lowlabel/cora/MPNN_gcn.csv
--- mlp_reg | lambda=0.8 ---
Namespace(bn=False, budget_tag='20', count_reg=False, count_smoothing=1.0, cpu=False, data_dir='./data/', dataset='cora', device=0, display_step=100, dropout=0.7, epochs=500, gnn='gcn', hidden_channels=512, jk=False, label_num_per_class=20, lambda_val=0.8, ln=False, local_layers=3, lr=0.001, metric='acc', mlp_epochs=500, mlp_reg=True, model='MPNN', model_dir='models', num_heads=1, oracle_reg=False, paired_seeds=True, penalty_transform='none', pre_linear=False, pre_ln=False, rand_split=False, rand_split_class=True, reg_start_epoch=10, reg_update_freq=5, res=False, resample_split_per_run=True, result_dir='results/lowlabel', runs=10, save_model=False, seed=123, test_num=1000, train_per_class=0, train_prop=0.5, use_reg=True, valid_num=500, valid_per_class=0, valid_prop=0.25, weight_decay=0.0005)
cora
Num nodes: 2708
train:torch.Size([140]), valid:torch.Size([500]), test:torch.Size([1000])
dataset cora | num nodes 2708 | num edge 10556 | num node feats 1433 | num classes 7
MODEL: MPNNs(
  (h_lins): ModuleList()
  (local_convs): ModuleList(
    (0): GCNConv(1433, 512)
    (1): GCNConv(512, 512)
    (2): GCNConv(512, 512)
  )
  (lins): ModuleList(
    (0): Linear(in_features=1433, out_features=512, bias=True)
    (1): Linear(in_features=512, out_features=512, bias=True)
    (2): Linear(in_features=512, out_features=512, bias=True)
  )
  (lns): ModuleList(
    (0): LayerNorm((512,), eps=1e-05, elementwise_affine=True)
    (1): LayerNorm((512,), eps=1e-05, elementwise_affine=True)
    (2): LayerNorm((512,), eps=1e-05, elementwise_affine=True)
  )
  (bns): ModuleList(
    (0): BatchNorm1d(512, eps=1e-05, momentum=0.1, affine=True, track_running_stats=True)
    (1): BatchNorm1d(512, eps=1e-05, momentum=0.1, affine=True, track_running_stats=True)
    (2): BatchNorm1d(512, eps=1e-05, momentum=0.1, affine=True, track_running_stats=True)
  )
  (lin_in): Linear(in_features=1433, out_features=512, bias=True)
  (pred_local): Linear(in_features=512, out_features=7, bias=True)
)
train:torch.Size([140]), valid:torch.Size([500]), test:torch.Size([1000])
Pre-training MLP for 500 epochs to generate co-occurrence matrix...
MLP pre-training complete. Penalty matrix frozen.
Epoch: 00, Loss: 3.4952, Train: 30.71%, Valid: 26.00%, Test: 25.60%, Best Valid: 26.00%, Best Test: 25.60%
Epoch: 100, Loss: 0.0251, Train: 100.00%, Valid: 79.60%, Test: 83.70%, Best Valid: 81.60%, Best Test: 85.10%
Epoch: 200, Loss: 0.0122, Train: 100.00%, Valid: 79.60%, Test: 83.80%, Best Valid: 81.60%, Best Test: 85.10%
Epoch: 300, Loss: 0.0184, Train: 100.00%, Valid: 78.20%, Test: 83.60%, Best Valid: 81.80%, Best Test: 84.00%
Epoch: 400, Loss: 0.0109, Train: 100.00%, Valid: 80.20%, Test: 83.80%, Best Valid: 81.80%, Best Test: 84.00%
Run 01:
Highest Train: 100.00
Highest Valid: 81.80
Highest Test: 85.40
Chosen epoch: 255
Final Train: 100.00
Final Test: 84.00
train:torch.Size([140]), valid:torch.Size([500]), test:torch.Size([1000])
Pre-training MLP for 500 epochs to generate co-occurrence matrix...
MLP pre-training complete. Penalty matrix frozen.
Epoch: 00, Loss: 3.5020, Train: 20.71%, Valid: 25.60%, Test: 25.50%, Best Valid: 25.60%, Best Test: 25.50%
Epoch: 100, Loss: 0.0064, Train: 100.00%, Valid: 81.40%, Test: 77.90%, Best Valid: 84.40%, Best Test: 78.90%
Epoch: 200, Loss: 0.0218, Train: 100.00%, Valid: 79.20%, Test: 77.30%, Best Valid: 84.40%, Best Test: 78.90%
Epoch: 300, Loss: 0.0188, Train: 100.00%, Valid: 81.60%, Test: 77.70%, Best Valid: 84.40%, Best Test: 78.90%
Epoch: 400, Loss: 0.0063, Train: 100.00%, Valid: 82.40%, Test: 80.30%, Best Valid: 84.40%, Best Test: 78.90%
Run 02:
Highest Train: 100.00
Highest Valid: 84.40
Highest Test: 80.50
Chosen epoch: 20
Final Train: 95.71
Final Test: 78.90
train:torch.Size([140]), valid:torch.Size([500]), test:torch.Size([1000])
Pre-training MLP for 500 epochs to generate co-occurrence matrix...
MLP pre-training complete. Penalty matrix frozen.
Epoch: 00, Loss: 3.5031, Train: 30.00%, Valid: 20.40%, Test: 17.50%, Best Valid: 20.40%, Best Test: 17.50%
Epoch: 100, Loss: 0.0314, Train: 100.00%, Valid: 82.80%, Test: 80.60%, Best Valid: 84.80%, Best Test: 83.70%
Epoch: 200, Loss: 0.0131, Train: 100.00%, Valid: 82.00%, Test: 80.00%, Best Valid: 84.80%, Best Test: 83.70%
Epoch: 300, Loss: 0.0102, Train: 100.00%, Valid: 82.60%, Test: 80.80%, Best Valid: 84.80%, Best Test: 83.70%
Epoch: 400, Loss: 0.0143, Train: 100.00%, Valid: 79.80%, Test: 78.30%, Best Valid: 84.80%, Best Test: 83.70%
Run 03:
Highest Train: 100.00
Highest Valid: 84.80
Highest Test: 83.80
Chosen epoch: 33
Final Train: 97.86
Final Test: 83.70
train:torch.Size([140]), valid:torch.Size([500]), test:torch.Size([1000])
Pre-training MLP for 500 epochs to generate co-occurrence matrix...
MLP pre-training complete. Penalty matrix frozen.
Epoch: 00, Loss: 3.4998, Train: 15.00%, Valid: 14.00%, Test: 14.10%, Best Valid: 14.00%, Best Test: 14.10%
Epoch: 100, Loss: 0.0248, Train: 99.29%, Valid: 77.20%, Test: 80.80%, Best Valid: 80.60%, Best Test: 81.90%
Epoch: 200, Loss: 0.0121, Train: 100.00%, Valid: 76.00%, Test: 81.50%, Best Valid: 80.60%, Best Test: 81.90%
Epoch: 300, Loss: 0.0083, Train: 100.00%, Valid: 78.60%, Test: 81.10%, Best Valid: 80.60%, Best Test: 81.90%
Epoch: 400, Loss: 0.0105, Train: 100.00%, Valid: 75.40%, Test: 80.50%, Best Valid: 80.60%, Best Test: 81.90%
Run 04:
Highest Train: 100.00
Highest Valid: 80.60
Highest Test: 83.60
Chosen epoch: 30
Final Train: 97.86
Final Test: 81.90
train:torch.Size([140]), valid:torch.Size([500]), test:torch.Size([1000])
Pre-training MLP for 500 epochs to generate co-occurrence matrix...
MLP pre-training complete. Penalty matrix frozen.
Epoch: 00, Loss: 3.5018, Train: 17.14%, Valid: 17.00%, Test: 16.30%, Best Valid: 17.00%, Best Test: 16.30%
Epoch: 100, Loss: 0.0079, Train: 100.00%, Valid: 76.20%, Test: 78.80%, Best Valid: 79.00%, Best Test: 81.50%
Epoch: 200, Loss: 0.0065, Train: 100.00%, Valid: 77.40%, Test: 79.40%, Best Valid: 79.00%, Best Test: 81.50%
Epoch: 300, Loss: 0.0114, Train: 100.00%, Valid: 75.80%, Test: 78.00%, Best Valid: 79.00%, Best Test: 81.50%
Epoch: 400, Loss: 0.0119, Train: 100.00%, Valid: 76.20%, Test: 77.30%, Best Valid: 79.00%, Best Test: 81.50%
Run 05:
Highest Train: 100.00
Highest Valid: 79.00
Highest Test: 81.80
Chosen epoch: 34
Final Train: 99.29
Final Test: 81.50
train:torch.Size([140]), valid:torch.Size([500]), test:torch.Size([1000])
Pre-training MLP for 500 epochs to generate co-occurrence matrix...
MLP pre-training complete. Penalty matrix frozen.
Epoch: 00, Loss: 3.5133, Train: 25.00%, Valid: 20.20%, Test: 21.10%, Best Valid: 20.20%, Best Test: 21.10%
Epoch: 100, Loss: 0.0244, Train: 100.00%, Valid: 80.80%, Test: 78.10%, Best Valid: 83.20%, Best Test: 79.90%
Epoch: 200, Loss: 0.0137, Train: 100.00%, Valid: 79.40%, Test: 77.60%, Best Valid: 83.20%, Best Test: 79.90%
Epoch: 300, Loss: 0.0099, Train: 100.00%, Valid: 82.20%, Test: 78.60%, Best Valid: 83.20%, Best Test: 79.90%
Epoch: 400, Loss: 0.0095, Train: 100.00%, Valid: 81.80%, Test: 78.70%, Best Valid: 83.20%, Best Test: 79.90%
Run 06:
Highest Train: 100.00
Highest Valid: 83.20
Highest Test: 80.00
Chosen epoch: 32
Final Train: 99.29
Final Test: 79.90
train:torch.Size([140]), valid:torch.Size([500]), test:torch.Size([1000])
Pre-training MLP for 500 epochs to generate co-occurrence matrix...
MLP pre-training complete. Penalty matrix frozen.
Epoch: 00, Loss: 3.5060, Train: 23.57%, Valid: 19.40%, Test: 21.50%, Best Valid: 19.40%, Best Test: 21.50%
Epoch: 100, Loss: 0.0106, Train: 100.00%, Valid: 79.40%, Test: 81.10%, Best Valid: 83.80%, Best Test: 85.00%
Epoch: 200, Loss: 0.0109, Train: 100.00%, Valid: 78.20%, Test: 80.30%, Best Valid: 83.80%, Best Test: 85.00%
Epoch: 300, Loss: 0.0110, Train: 100.00%, Valid: 79.40%, Test: 79.50%, Best Valid: 83.80%, Best Test: 85.00%
Epoch: 400, Loss: 0.0239, Train: 100.00%, Valid: 79.00%, Test: 80.10%, Best Valid: 83.80%, Best Test: 85.00%
Run 07:
Highest Train: 100.00
Highest Valid: 83.80
Highest Test: 85.00
Chosen epoch: 24
Final Train: 93.57
Final Test: 85.00
train:torch.Size([140]), valid:torch.Size([500]), test:torch.Size([1000])
Pre-training MLP for 500 epochs to generate co-occurrence matrix...
MLP pre-training complete. Penalty matrix frozen.
Epoch: 00, Loss: 3.5112, Train: 18.57%, Valid: 12.80%, Test: 13.70%, Best Valid: 12.80%, Best Test: 13.70%
Epoch: 100, Loss: 0.0087, Train: 100.00%, Valid: 77.00%, Test: 79.90%, Best Valid: 80.40%, Best Test: 80.90%
Epoch: 200, Loss: 0.0178, Train: 100.00%, Valid: 77.20%, Test: 78.90%, Best Valid: 80.40%, Best Test: 80.90%
Epoch: 300, Loss: 0.0060, Train: 100.00%, Valid: 77.00%, Test: 80.00%, Best Valid: 80.40%, Best Test: 80.90%
Epoch: 400, Loss: 0.0069, Train: 100.00%, Valid: 77.80%, Test: 79.80%, Best Valid: 80.40%, Best Test: 80.90%
Run 08:
Highest Train: 100.00
Highest Valid: 80.40
Highest Test: 82.20
Chosen epoch: 61
Final Train: 100.00
Final Test: 80.90
train:torch.Size([140]), valid:torch.Size([500]), test:torch.Size([1000])
Pre-training MLP for 500 epochs to generate co-occurrence matrix...
MLP pre-training complete. Penalty matrix frozen.
Epoch: 00, Loss: 3.5114, Train: 17.86%, Valid: 33.40%, Test: 34.50%, Best Valid: 33.40%, Best Test: 34.50%
Epoch: 100, Loss: 0.0073, Train: 100.00%, Valid: 79.40%, Test: 81.60%, Best Valid: 81.80%, Best Test: 83.30%
Epoch: 200, Loss: 0.0055, Train: 100.00%, Valid: 79.20%, Test: 81.90%, Best Valid: 81.80%, Best Test: 83.30%
Epoch: 300, Loss: 0.0098, Train: 100.00%, Valid: 77.20%, Test: 79.90%, Best Valid: 81.80%, Best Test: 83.30%
Epoch: 400, Loss: 0.0098, Train: 100.00%, Valid: 77.60%, Test: 81.30%, Best Valid: 81.80%, Best Test: 83.30%
Run 09:
Highest Train: 100.00
Highest Valid: 81.80
Highest Test: 85.50
Chosen epoch: 30
Final Train: 97.14
Final Test: 83.30
train:torch.Size([140]), valid:torch.Size([500]), test:torch.Size([1000])
Pre-training MLP for 500 epochs to generate co-occurrence matrix...
MLP pre-training complete. Penalty matrix frozen.
Epoch: 00, Loss: 3.5053, Train: 22.14%, Valid: 17.40%, Test: 15.50%, Best Valid: 17.40%, Best Test: 15.50%
Epoch: 100, Loss: 0.0120, Train: 100.00%, Valid: 78.00%, Test: 79.70%, Best Valid: 80.60%, Best Test: 82.50%
Epoch: 200, Loss: 0.0265, Train: 100.00%, Valid: 76.20%, Test: 78.80%, Best Valid: 80.60%, Best Test: 82.50%
Epoch: 300, Loss: 0.0079, Train: 100.00%, Valid: 75.40%, Test: 77.80%, Best Valid: 80.60%, Best Test: 82.50%
Epoch: 400, Loss: 0.0247, Train: 100.00%, Valid: 75.60%, Test: 77.50%, Best Valid: 80.60%, Best Test: 82.50%
Run 10:
Highest Train: 100.00
Highest Valid: 80.60
Highest Test: 82.90
Chosen epoch: 39
Final Train: 99.29
Final Test: 82.50
All runs:
Highest Train: 100.00 ± 0.00
Highest Test: 83.07 ± 1.95
Highest Valid: 82.04 ± 1.94
  Final Train: 98.00 ± 2.07
   Final Test: 82.16 ± 1.92
Saving results to results/lowlabel/cora/MPNN_gcn.csv
--- mlp_reg | lambda=1.6 ---
Namespace(bn=False, budget_tag='20', count_reg=False, count_smoothing=1.0, cpu=False, data_dir='./data/', dataset='cora', device=0, display_step=100, dropout=0.7, epochs=500, gnn='gcn', hidden_channels=512, jk=False, label_num_per_class=20, lambda_val=1.6, ln=False, local_layers=3, lr=0.001, metric='acc', mlp_epochs=500, mlp_reg=True, model='MPNN', model_dir='models', num_heads=1, oracle_reg=False, paired_seeds=True, penalty_transform='none', pre_linear=False, pre_ln=False, rand_split=False, rand_split_class=True, reg_start_epoch=10, reg_update_freq=5, res=False, resample_split_per_run=True, result_dir='results/lowlabel', runs=10, save_model=False, seed=123, test_num=1000, train_per_class=0, train_prop=0.5, use_reg=True, valid_num=500, valid_per_class=0, valid_prop=0.25, weight_decay=0.0005)
cora
Num nodes: 2708
train:torch.Size([140]), valid:torch.Size([500]), test:torch.Size([1000])
dataset cora | num nodes 2708 | num edge 10556 | num node feats 1433 | num classes 7
MODEL: MPNNs(
  (h_lins): ModuleList()
  (local_convs): ModuleList(
    (0): GCNConv(1433, 512)
    (1): GCNConv(512, 512)
    (2): GCNConv(512, 512)
  )
  (lins): ModuleList(
    (0): Linear(in_features=1433, out_features=512, bias=True)
    (1): Linear(in_features=512, out_features=512, bias=True)
    (2): Linear(in_features=512, out_features=512, bias=True)
  )
  (lns): ModuleList(
    (0): LayerNorm((512,), eps=1e-05, elementwise_affine=True)
    (1): LayerNorm((512,), eps=1e-05, elementwise_affine=True)
    (2): LayerNorm((512,), eps=1e-05, elementwise_affine=True)
  )
  (bns): ModuleList(
    (0): BatchNorm1d(512, eps=1e-05, momentum=0.1, affine=True, track_running_stats=True)
    (1): BatchNorm1d(512, eps=1e-05, momentum=0.1, affine=True, track_running_stats=True)
    (2): BatchNorm1d(512, eps=1e-05, momentum=0.1, affine=True, track_running_stats=True)
  )
  (lin_in): Linear(in_features=1433, out_features=512, bias=True)
  (pred_local): Linear(in_features=512, out_features=7, bias=True)
)
train:torch.Size([140]), valid:torch.Size([500]), test:torch.Size([1000])
Pre-training MLP for 500 epochs to generate co-occurrence matrix...
MLP pre-training complete. Penalty matrix frozen.
Epoch: 00, Loss: 5.0486, Train: 32.14%, Valid: 26.40%, Test: 25.40%, Best Valid: 26.40%, Best Test: 25.40%
Epoch: 100, Loss: 0.0463, Train: 100.00%, Valid: 79.20%, Test: 82.80%, Best Valid: 81.60%, Best Test: 83.50%
Epoch: 200, Loss: 0.0179, Train: 100.00%, Valid: 79.00%, Test: 82.80%, Best Valid: 81.60%, Best Test: 83.50%
Epoch: 300, Loss: 0.0237, Train: 100.00%, Valid: 79.40%, Test: 83.90%, Best Valid: 81.60%, Best Test: 83.50%
Epoch: 400, Loss: 0.0143, Train: 100.00%, Valid: 78.80%, Test: 83.10%, Best Valid: 81.60%, Best Test: 83.50%
Run 01:
Highest Train: 100.00
Highest Valid: 81.60
Highest Test: 85.00
Chosen epoch: 29
Final Train: 97.14
Final Test: 83.50
train:torch.Size([140]), valid:torch.Size([500]), test:torch.Size([1000])
Pre-training MLP for 500 epochs to generate co-occurrence matrix...
MLP pre-training complete. Penalty matrix frozen.
Epoch: 00, Loss: 5.0585, Train: 19.29%, Valid: 29.60%, Test: 31.60%, Best Valid: 29.60%, Best Test: 31.60%
Epoch: 100, Loss: 0.0096, Train: 100.00%, Valid: 81.20%, Test: 77.00%, Best Valid: 85.80%, Best Test: 80.90%
Epoch: 200, Loss: 0.0217, Train: 100.00%, Valid: 79.60%, Test: 77.40%, Best Valid: 85.80%, Best Test: 80.90%
Epoch: 300, Loss: 0.0244, Train: 100.00%, Valid: 81.40%, Test: 77.60%, Best Valid: 85.80%, Best Test: 80.90%
Epoch: 400, Loss: 0.0104, Train: 100.00%, Valid: 82.20%, Test: 79.60%, Best Valid: 85.80%, Best Test: 80.90%
Run 02:
Highest Train: 100.00
Highest Valid: 85.80
Highest Test: 81.30
Chosen epoch: 24
Final Train: 95.00
Final Test: 80.90
train:torch.Size([140]), valid:torch.Size([500]), test:torch.Size([1000])
Pre-training MLP for 500 epochs to generate co-occurrence matrix...
MLP pre-training complete. Penalty matrix frozen.
Epoch: 00, Loss: 5.0601, Train: 32.14%, Valid: 25.20%, Test: 20.40%, Best Valid: 25.20%, Best Test: 20.40%
Epoch: 100, Loss: 0.0353, Train: 100.00%, Valid: 83.80%, Test: 81.70%, Best Valid: 85.40%, Best Test: 83.10%
Epoch: 200, Loss: 0.0209, Train: 100.00%, Valid: 83.40%, Test: 81.40%, Best Valid: 85.40%, Best Test: 83.10%
Epoch: 300, Loss: 0.0143, Train: 100.00%, Valid: 83.40%, Test: 80.90%, Best Valid: 85.40%, Best Test: 83.10%
Epoch: 400, Loss: 0.0200, Train: 100.00%, Valid: 81.60%, Test: 79.60%, Best Valid: 85.40%, Best Test: 83.10%
Run 03:
Highest Train: 100.00
Highest Valid: 85.40
Highest Test: 83.80
Chosen epoch: 34
Final Train: 97.86
Final Test: 83.10
train:torch.Size([140]), valid:torch.Size([500]), test:torch.Size([1000])
Pre-training MLP for 500 epochs to generate co-occurrence matrix...
MLP pre-training complete. Penalty matrix frozen.
Epoch: 00, Loss: 5.0553, Train: 15.00%, Valid: 13.80%, Test: 13.70%, Best Valid: 13.80%, Best Test: 13.70%
Epoch: 100, Loss: 0.0372, Train: 99.29%, Valid: 78.60%, Test: 82.10%, Best Valid: 80.80%, Best Test: 81.90%
Epoch: 200, Loss: 0.0197, Train: 100.00%, Valid: 76.80%, Test: 82.30%, Best Valid: 80.80%, Best Test: 81.90%
Epoch: 300, Loss: 0.0118, Train: 100.00%, Valid: 78.80%, Test: 81.60%, Best Valid: 80.80%, Best Test: 81.90%
Epoch: 400, Loss: 0.0157, Train: 100.00%, Valid: 76.20%, Test: 81.60%, Best Valid: 80.80%, Best Test: 81.90%
Run 04:
Highest Train: 100.00
Highest Valid: 80.80
Highest Test: 84.20
Chosen epoch: 31
Final Train: 97.86
Final Test: 81.90
train:torch.Size([140]), valid:torch.Size([500]), test:torch.Size([1000])
Pre-training MLP for 500 epochs to generate co-occurrence matrix...
MLP pre-training complete. Penalty matrix frozen.
Epoch: 00, Loss: 5.0582, Train: 15.00%, Valid: 16.40%, Test: 16.20%, Best Valid: 16.40%, Best Test: 16.20%
Epoch: 100, Loss: 0.0122, Train: 100.00%, Valid: 76.60%, Test: 79.30%, Best Valid: 78.20%, Best Test: 80.80%
Epoch: 200, Loss: 0.0090, Train: 100.00%, Valid: 76.60%, Test: 79.60%, Best Valid: 78.20%, Best Test: 80.80%
Epoch: 300, Loss: 0.0151, Train: 100.00%, Valid: 75.80%, Test: 78.50%, Best Valid: 78.20%, Best Test: 80.80%
Epoch: 400, Loss: 0.0105, Train: 100.00%, Valid: 77.60%, Test: 79.40%, Best Valid: 78.20%, Best Test: 80.80%
Run 05:
Highest Train: 100.00
Highest Valid: 78.20
Highest Test: 81.20
Chosen epoch: 25
Final Train: 97.14
Final Test: 80.80
train:torch.Size([140]), valid:torch.Size([500]), test:torch.Size([1000])
Pre-training MLP for 500 epochs to generate co-occurrence matrix...
MLP pre-training complete. Penalty matrix frozen.
Epoch: 00, Loss: 5.0748, Train: 21.43%, Valid: 17.80%, Test: 17.90%, Best Valid: 17.80%, Best Test: 17.90%
Epoch: 100, Loss: 0.0169, Train: 100.00%, Valid: 81.20%, Test: 78.60%, Best Valid: 83.80%, Best Test: 80.20%
Epoch: 200, Loss: 0.0163, Train: 100.00%, Valid: 80.20%, Test: 78.20%, Best Valid: 83.80%, Best Test: 80.20%
Epoch: 300, Loss: 0.0139, Train: 100.00%, Valid: 82.00%, Test: 79.30%, Best Valid: 83.80%, Best Test: 80.20%
Epoch: 400, Loss: 0.0148, Train: 100.00%, Valid: 82.00%, Test: 78.90%, Best Valid: 83.80%, Best Test: 80.20%
Run 06:
Highest Train: 100.00
Highest Valid: 83.80
Highest Test: 80.70
Chosen epoch: 48
Final Train: 100.00
Final Test: 80.20
train:torch.Size([140]), valid:torch.Size([500]), test:torch.Size([1000])
Pre-training MLP for 500 epochs to generate co-occurrence matrix...
MLP pre-training complete. Penalty matrix frozen.
Epoch: 00, Loss: 5.0642, Train: 23.57%, Valid: 30.60%, Test: 32.60%, Best Valid: 30.60%, Best Test: 32.60%
Epoch: 100, Loss: 0.0177, Train: 100.00%, Valid: 81.80%, Test: 83.60%, Best Valid: 85.40%, Best Test: 84.90%
Epoch: 200, Loss: 0.0169, Train: 100.00%, Valid: 80.60%, Test: 82.20%, Best Valid: 85.40%, Best Test: 84.90%
Epoch: 300, Loss: 0.0168, Train: 100.00%, Valid: 80.60%, Test: 80.80%, Best Valid: 85.40%, Best Test: 84.90%
Epoch: 400, Loss: 0.0277, Train: 100.00%, Valid: 79.20%, Test: 80.80%, Best Valid: 85.40%, Best Test: 84.90%
Run 07:
Highest Train: 100.00
Highest Valid: 85.40
Highest Test: 85.40
Chosen epoch: 38
Final Train: 98.57
Final Test: 84.90
train:torch.Size([140]), valid:torch.Size([500]), test:torch.Size([1000])
Pre-training MLP for 500 epochs to generate co-occurrence matrix...
MLP pre-training complete. Penalty matrix frozen.
Epoch: 00, Loss: 5.0717, Train: 16.43%, Valid: 13.40%, Test: 14.00%, Best Valid: 13.40%, Best Test: 14.00%
Epoch: 100, Loss: 0.0223, Train: 100.00%, Valid: 77.60%, Test: 80.40%, Best Valid: 78.80%, Best Test: 79.80%
Epoch: 200, Loss: 0.0340, Train: 100.00%, Valid: 78.40%, Test: 80.50%, Best Valid: 79.00%, Best Test: 81.00%
Epoch: 300, Loss: 0.0095, Train: 100.00%, Valid: 79.20%, Test: 80.60%, Best Valid: 80.60%, Best Test: 82.60%
Epoch: 400, Loss: 0.0123, Train: 100.00%, Valid: 78.80%, Test: 80.40%, Best Valid: 80.60%, Best Test: 82.60%
Run 08:
Highest Train: 100.00
Highest Valid: 80.60
Highest Test: 82.60
Chosen epoch: 206
Final Train: 100.00
Final Test: 82.60
train:torch.Size([140]), valid:torch.Size([500]), test:torch.Size([1000])
Pre-training MLP for 500 epochs to generate co-occurrence matrix...
MLP pre-training complete. Penalty matrix frozen.
Epoch: 00, Loss: 5.0720, Train: 14.29%, Valid: 30.80%, Test: 33.30%, Best Valid: 30.80%, Best Test: 33.30%
Epoch: 100, Loss: 0.0115, Train: 100.00%, Valid: 79.80%, Test: 82.90%, Best Valid: 81.60%, Best Test: 83.40%
Epoch: 200, Loss: 0.0071, Train: 100.00%, Valid: 80.40%, Test: 82.50%, Best Valid: 81.60%, Best Test: 83.40%
Epoch: 300, Loss: 0.0152, Train: 100.00%, Valid: 78.20%, Test: 81.90%, Best Valid: 81.60%, Best Test: 83.40%
Epoch: 400, Loss: 0.0134, Train: 100.00%, Valid: 77.20%, Test: 80.70%, Best Valid: 81.60%, Best Test: 83.40%
Run 09:
Highest Train: 100.00
Highest Valid: 81.60
Highest Test: 85.20
Chosen epoch: 22
Final Train: 92.14
Final Test: 83.40
train:torch.Size([140]), valid:torch.Size([500]), test:torch.Size([1000])
Pre-training MLP for 500 epochs to generate co-occurrence matrix...
MLP pre-training complete. Penalty matrix frozen.
Epoch: 00, Loss: 5.0632, Train: 14.29%, Valid: 15.20%, Test: 13.80%, Best Valid: 15.20%, Best Test: 13.80%
Epoch: 100, Loss: 0.0249, Train: 100.00%, Valid: 79.00%, Test: 81.60%, Best Valid: 81.80%, Best Test: 84.10%
Epoch: 200, Loss: 0.0270, Train: 100.00%, Valid: 77.00%, Test: 80.40%, Best Valid: 81.80%, Best Test: 84.10%
Epoch: 300, Loss: 0.0101, Train: 100.00%, Valid: 76.60%, Test: 78.70%, Best Valid: 81.80%, Best Test: 84.10%
Epoch: 400, Loss: 0.0273, Train: 100.00%, Valid: 76.00%, Test: 79.40%, Best Valid: 81.80%, Best Test: 84.10%
Run 10:
Highest Train: 100.00
Highest Valid: 81.80
Highest Test: 84.10
Chosen epoch: 23
Final Train: 95.00
Final Test: 84.10
All runs:
Highest Train: 100.00 ± 0.00
Highest Test: 83.35 ± 1.77
Highest Valid: 82.50 ± 2.51
  Final Train: 97.07 ± 2.44
   Final Test: 82.54 ± 1.55
Saving results to results/lowlabel/cora/MPNN_gcn.csv
Low-label sweep completed.
Task 17 done.
