Sat Sep  5 22:14:29 2026       
+-----------------------------------------------------------------------------------------+
| NVIDIA-SMI 580.159.04             Driver Version: 580.159.04     CUDA Version: 13.0     |
+-----------------------------------------+------------------------+----------------------+
| GPU  Name                 Persistence-M | Bus-Id          Disp.A | Volatile Uncorr. ECC |
| Fan  Temp   Perf          Pwr:Usage/Cap |           Memory-Usage | GPU-Util  Compute M. |
|                                         |                        |               MIG M. |
|=========================================+========================+======================|
|   0  NVIDIA A100-SXM4-80GB          On  |   00000000:01:00.0 Off |                   On |
| N/A   43C    P0            151W /  500W |   12576MiB /  81920MiB |     N/A      Default |
|                                         |                        |              Enabled |
+-----------------------------------------+------------------------+----------------------+
|   1  NVIDIA A100-SXM4-80GB          On  |   00000000:41:00.0 Off |                   On |
| N/A   33C    P0             81W /  500W |    1072MiB /  81920MiB |     N/A      Default |
|                                         |                        |              Enabled |
+-----------------------------------------+------------------------+----------------------+
|   2  NVIDIA A100-SXM4-80GB          On  |   00000000:81:00.0 Off |                   On |
| N/A   40C    P0            133W /  500W |    8496MiB /  81920MiB |     N/A      Default |
|                                         |                        |              Enabled |
+-----------------------------------------+------------------------+----------------------+
|   3  NVIDIA A100-SXM4-80GB          On  |   00000000:C1:00.0 Off |                   On |
| N/A   44C    P0            228W /  500W |   48997MiB /  81920MiB |     N/A      Default |
|                                         |                        |              Enabled |
+-----------------------------------------+------------------------+----------------------+

+-----------------------------------------------------------------------------------------+
| MIG devices:                                                                            |
+------------------+----------------------------------+-----------+-----------------------+
| GPU  GI  CI  MIG |              Shared Memory-Usage |        Vol|        Shared         |
|      ID  ID  Dev |                Shared BAR1-Usage | SM     Unc| CE ENC  DEC  OFA  JPG |
|                  |                                  |        ECC|                       |
|==================+==================================+===========+=======================|
|  1    3   0   0  |              71MiB / 19968MiB    | 28      0 |  2   0    1    0    0 |
|                  |               0MiB / 12271MiB    |           |                       |
+------------------+----------------------------------+-----------+-----------------------+

+-----------------------------------------------------------------------------------------+
| Processes:                                                                              |
|  GPU   GI   CI              PID   Type   Process name                        GPU Memory |
|        ID   ID                                                               Usage      |
|=========================================================================================|
|    0    9    0          3303934      C   ...ware/symmetrix-env/bin/python       1564MiB |
|    0   10    0          3303935      C   ...ware/symmetrix-env/bin/python       3816MiB |
|    0    3    0          3458027      C   .venv/bin/python                       6924MiB |
|    2   10    0          3305022      C   ...ware/symmetrix-env/bin/python        706MiB |
|    2    9    0          3305023      C   ...ware/symmetrix-env/bin/python        594MiB |
|    2    3    0          3458147      C   .venv/bin/python                       6924MiB |
|    3    1    0          3030380      C   ...nda3/envs/spot_nsf/bin/python      39840MiB |
|    3   13    0          3305423      C   ...ware/symmetrix-env/bin/python        706MiB |
|    3   14    0          3305424      C   ...ware/symmetrix-env/bin/python       1246MiB |
|    3    5    0          3458148      C   .venv/bin/python                       6924MiB |
+-----------------------------------------------------------------------------------------+
Control cell: amazon-ratings / polynormer / budget 20 per class / mlp -> results/lowlabel_mv
python main.py --model polynormer --dataset amazon-ratings --hidden_channels 256 --local_epochs 200 --global_epochs 2500 --lr 0.001 --runs 10 --local_layers 10 --global_layers 1 --weight_decay 0.0 --dropout 0.3 --in_dropout 0.2 --num_heads 2 --save_model --device 0 --model_dir models/lowlabel_ctrl_1214892_111 --train_per_class 20 --valid_per_class 20 --budget_tag 20
==========================================================
Low-label sweep: python main.py --model polynormer --dataset amazon-ratings --hidden_channels 256 --local_epochs 200 --global_epochs 2500 --lr 0.001 --runs 10 --local_layers 10 --global_layers 1 --weight_decay 0.0 --dropout 0.3 --in_dropout 0.2 --num_heads 2 --save_model --device 0 --model_dir models/lowlabel_ctrl_1214892_111 --train_per_class 20 --valid_per_class 20 --budget_tag 20
result_dir=../results/lowlabel_mv conditions=[mlp]
==========================================================
--- mlp_reg | lambda=0.01 ---
    (already completed — requeue resume, skipping)
--- mlp_reg | lambda=0.05 ---
    (already completed — requeue resume, skipping)
--- mlp_reg | lambda=0.1 ---
    (already completed — requeue resume, skipping)
--- mlp_reg | lambda=0.2 ---
    (already completed — requeue resume, skipping)
--- mlp_reg | lambda=0.4 ---
    (already completed — requeue resume, skipping)
--- mlp_reg | lambda=0.8 ---
    (already completed — requeue resume, skipping)
--- mlp_reg | lambda=1.6 ---
    (already completed — requeue resume, skipping)
Low-label sweep completed.
Task 111 done.
