Sat Aug 22 17:11:23 2026       
+-----------------------------------------------------------------------------------------+
| NVIDIA-SMI 580.159.04             Driver Version: 580.159.04     CUDA Version: 13.0     |
+-----------------------------------------+------------------------+----------------------+
| GPU  Name                 Persistence-M | Bus-Id          Disp.A | Volatile Uncorr. ECC |
| Fan  Temp   Perf          Pwr:Usage/Cap |           Memory-Usage | GPU-Util  Compute M. |
|                                         |                        |               MIG M. |
|=========================================+========================+======================|
|   0  NVIDIA A100-SXM4-80GB          On  |   00000000:01:00.0 Off |                   On |
| N/A   38C    P0            113W /  500W |    2155MiB /  81920MiB |     N/A      Default |
|                                         |                        |              Enabled |
+-----------------------------------------+------------------------+----------------------+
|   1  NVIDIA A100-SXM4-80GB          On  |   00000000:41:00.0 Off |                   On |
| N/A   34C    P0            112W /  500W |    1384MiB /  81920MiB |     N/A      Default |
|                                         |                        |              Enabled |
+-----------------------------------------+------------------------+----------------------+
|   2  NVIDIA A100-SXM4-80GB          On  |   00000000:81:00.0 Off |                   On |
| N/A   38C    P0            125W /  500W |    2256MiB /  81920MiB |     N/A      Default |
|                                         |                        |              Enabled |
+-----------------------------------------+------------------------+----------------------+
|   3  NVIDIA A100-SXM4-80GB          On  |   00000000:C1:00.0 Off |                   On |
| N/A   35C    P0            138W /  500W |    3936MiB /  81920MiB |     N/A      Default |
|                                         |                        |              Enabled |
+-----------------------------------------+------------------------+----------------------+

+-----------------------------------------------------------------------------------------+
| MIG devices:                                                                            |
+------------------+----------------------------------+-----------+-----------------------+
| GPU  GI  CI  MIG |              Shared Memory-Usage |        Vol|        Shared         |
|      ID  ID  Dev |                Shared BAR1-Usage | SM     Unc| CE ENC  DEC  OFA  JPG |
|                  |                                  |        ECC|                       |
|==================+==================================+===========+=======================|
|  0    5   0   0  |              71MiB / 19968MiB    | 28      0 |  2   0    1    0    0 |
|                  |               0MiB / 12271MiB    |           |                       |
+------------------+----------------------------------+-----------+-----------------------+

+-----------------------------------------------------------------------------------------+
| Processes:                                                                              |
|  GPU   GI   CI              PID   Type   Process name                        GPU Memory |
|        ID   ID                                                               Usage      |
|=========================================================================================|
|    1    9    0          2266125      C   ...ware/symmetrix-env/bin/python        548MiB |
|    1   10    0          2266127      C   ...ware/symmetrix-env/bin/python        572MiB |
|    2   10    0          2266121      C   ...ware/symmetrix-env/bin/python       1296MiB |
|    2    9    0          2266129      C   ...ware/symmetrix-env/bin/python        696MiB |
|    3   14    0          2266128      C   ...ware/symmetrix-env/bin/python       1936MiB |
|    3   13    0          2266130      C   ...ware/symmetrix-env/bin/python       1736MiB |
+-----------------------------------------------------------------------------------------+
Cell: coauthor-cs / polynormer / budget 2 per class / group 3
python main.py --model polynormer --dataset coauthor-cs --hidden_channels 64 --local_epochs 100 --global_epochs 1500 --lr 0.001 --runs 10 --local_layers 5 --global_layers 2 --weight_decay 5e-4 --dropout 0.3 --in_dropout 0.1 --num_heads 8 --save_model --device 0 --model_dir models/lowlabel_1178246_228 --train_per_class 2 --budget_tag 2
==========================================================
Low-label sweep: python main.py --model polynormer --dataset coauthor-cs --hidden_channels 64 --local_epochs 100 --global_epochs 1500 --lr 0.001 --runs 10 --local_layers 5 --global_layers 2 --weight_decay 5e-4 --dropout 0.3 --in_dropout 0.1 --num_heads 8 --save_model --device 0 --model_dir models/lowlabel_1178246_228 --train_per_class 2 --budget_tag 2
result_dir=../results/lowlabel conditions=[oracle]
==========================================================
--- oracle_reg | lambda=0.01 ---
    (already completed — requeue resume, skipping)
--- oracle_reg | lambda=0.05 ---
    (already completed — requeue resume, skipping)
--- oracle_reg | lambda=0.1 ---
    (already completed — requeue resume, skipping)
--- oracle_reg | lambda=0.2 ---
    (already completed — requeue resume, skipping)
--- oracle_reg | lambda=0.4 ---
    (already completed — requeue resume, skipping)
--- oracle_reg | lambda=0.8 ---
    (already completed — requeue resume, skipping)
--- oracle_reg | lambda=1.6 ---
Namespace(aggregate='add', alpha=0.5, attention='gcn', beta=-1.0, bn=False, budget_tag='2', count_reg=False, count_smoothing=1.0, cpu=False, data_dir='../data/', dataset='coauthor-cs', device=0, dim_inner=64, display_step=100, dropout=0.3, epochs=500, global_dropout=None, global_epochs=1500, global_layers=2, gnn='gcn', graph_weight=0.8, hidden_channels=64, hops=10, in_dropout=0.1, jk=False, label_num_per_class=20, lambda_val=1.6, layers=1, ln=False, local_epochs=100, local_gnn_type='GCN', local_layers=5, lr=0.001, metric='acc', mlp_epochs=500, mlp_reg=False, model='polynormer', model_dir='models/lowlabel_1178246_228', n_heads=8, num_centroids=4096, num_heads=8, oracle_reg=True, paired_seeds=True, pe_types='RWSE', penalty_transform='none', pre_linear=False, pre_ln=False, rand_split=False, rand_split_class=False, reg_start_epoch=10, reg_update_freq=5, res=False, resample_split_per_run=False, result_dir='../results/lowlabel', runs=10, save_model=True, save_result=False, seed=42, test_num=1000, tr_dropout=None, tr_layers=1, tr_weight_decay=None, train_per_class=2, train_prop=0.5, use_act=False, use_bn=False, use_graph=False, use_reg=True, use_residual=False, use_weight=False, valid_num=500, valid_per_class=0, valid_prop=0.25, weight_decay=0.0005)
coauthor-cs
dataset coauthor-cs | num nodes 18333 | num edge 163788 | num node feats 6805 | num classes 15
MODEL: Polynormer(
  (h_lins): ModuleList(
    (0): Linear(in_features=512, out_features=512, bias=True)
    (1): Linear(in_features=512, out_features=512, bias=True)
    (2): Linear(in_features=512, out_features=512, bias=True)
    (3): Linear(in_features=512, out_features=512, bias=True)
    (4): Linear(in_features=512, out_features=512, bias=True)
  )
  (local_convs): ModuleList(
    (0): GATConv(512, 64, heads=8)
    (1): GATConv(512, 64, heads=8)
    (2): GATConv(512, 64, heads=8)
    (3): GATConv(512, 64, heads=8)
    (4): GATConv(512, 64, heads=8)
  )
  (lins): ModuleList(
    (0): Linear(in_features=512, out_features=512, bias=True)
    (1): Linear(in_features=512, out_features=512, bias=True)
    (2): Linear(in_features=512, out_features=512, bias=True)
    (3): Linear(in_features=512, out_features=512, bias=True)
    (4): Linear(in_features=512, out_features=512, bias=True)
  )
  (lns): ModuleList(
    (0): LayerNorm((512,), eps=1e-05, elementwise_affine=True)
    (1): LayerNorm((512,), eps=1e-05, elementwise_affine=True)
    (2): LayerNorm((512,), eps=1e-05, elementwise_affine=True)
    (3): LayerNorm((512,), eps=1e-05, elementwise_affine=True)
    (4): LayerNorm((512,), eps=1e-05, elementwise_affine=True)
  )
  (lin_in): Linear(in_features=6805, out_features=512, bias=True)
  (ln): LayerNorm((512,), eps=1e-05, elementwise_affine=True)
  (global_attn): GlobalAttn(
    (h_lins): ModuleList(
      (0): Linear(in_features=512, out_features=512, bias=True)
      (1): Linear(in_features=512, out_features=512, bias=True)
    )
    (k_lins): ModuleList(
      (0): Linear(in_features=512, out_features=512, bias=True)
      (1): Linear(in_features=512, out_features=512, bias=True)
    )
    (v_lins): ModuleList(
      (0): Linear(in_features=512, out_features=512, bias=True)
      (1): Linear(in_features=512, out_features=512, bias=True)
    )
    (lns): ModuleList(
      (0): LayerNorm((512,), eps=1e-05, elementwise_affine=True)
      (1): LayerNorm((512,), eps=1e-05, elementwise_affine=True)
    )
    (lin_out): Linear(in_features=512, out_features=512, bias=True)
  )
  (pred_local): Linear(in_features=512, out_features=15, bias=True)
  (pred_global): Linear(in_features=512, out_features=15, bias=True)
)
Label budget: 2/class -> 30 train nodes
Computing oracle penalty matrix from true labels...
Oracle penalty matrix frozen.
Epoch: 00, Loss: 7.3984, Train: 2.55%, Valid: 2.18%, Test: 2.84%, Best Valid: 2.18%, Best Test: 2.84%
Switching Polynormer to global attention phase.
Epoch: 100, Loss: 7.0561, Train: 4.15%, Valid: 4.50%, Test: 4.20%, Best Valid: 12.06%, Best Test: 12.27%
Epoch: 200, Loss: 0.0930, Train: 4.71%, Valid: 4.72%, Test: 4.55%, Best Valid: 12.06%, Best Test: 12.27%
Epoch: 300, Loss: 0.0013, Train: 4.83%, Valid: 4.94%, Test: 4.91%, Best Valid: 12.06%, Best Test: 12.27%
Epoch: 400, Loss: 0.0423, Train: 6.95%, Valid: 6.25%, Test: 6.95%, Best Valid: 12.06%, Best Test: 12.27%
Epoch: 500, Loss: 2.7733, Train: 5.09%, Valid: 5.07%, Test: 4.88%, Best Valid: 12.06%, Best Test: 12.27%
Epoch: 600, Loss: 1.9199, Train: 17.94%, Valid: 17.65%, Test: 17.12%, Best Valid: 18.14%, Best Test: 18.40%
Epoch: 700, Loss: 0.0006, Train: 9.46%, Valid: 8.67%, Test: 9.21%, Best Valid: 18.14%, Best Test: 18.40%
Epoch: 800, Loss: 0.0001, Train: 9.27%, Valid: 8.57%, Test: 8.94%, Best Valid: 18.14%, Best Test: 18.40%
Epoch: 900, Loss: 0.0007, Train: 8.87%, Valid: 8.13%, Test: 8.72%, Best Valid: 18.14%, Best Test: 18.40%
Epoch: 1000, Loss: 0.0008, Train: 8.90%, Valid: 8.24%, Test: 8.83%, Best Valid: 18.14%, Best Test: 18.40%
Epoch: 1100, Loss: 0.0001, Train: 10.99%, Valid: 10.01%, Test: 10.66%, Best Valid: 18.14%, Best Test: 18.40%
Epoch: 1200, Loss: 0.0001, Train: 10.26%, Valid: 9.25%, Test: 10.01%, Best Valid: 18.14%, Best Test: 18.40%
Epoch: 1300, Loss: 0.0001, Train: 9.58%, Valid: 8.65%, Test: 9.35%, Best Valid: 18.14%, Best Test: 18.40%
Epoch: 1400, Loss: 0.0001, Train: 9.73%, Valid: 8.84%, Test: 9.35%, Best Valid: 18.14%, Best Test: 18.40%
Epoch: 1500, Loss: 0.0001, Train: 10.28%, Valid: 9.33%, Test: 10.11%, Best Valid: 18.14%, Best Test: 18.40%
Run 01:
Highest Train: 18.77
Highest Valid: 18.14
Highest Test: 18.40
Chosen epoch: 599
Final Train: 18.77
Final Test: 18.40
Label budget: 2/class -> 30 train nodes
Computing oracle penalty matrix from true labels...
Oracle penalty matrix frozen.
Epoch: 00, Loss: 7.3426, Train: 12.29%, Valid: 11.97%, Test: 10.96%, Best Valid: 11.97%, Best Test: 10.96%
Switching Polynormer to global attention phase.
Epoch: 100, Loss: 7.0409, Train: 11.01%, Valid: 11.29%, Test: 11.59%, Best Valid: 12.38%, Best Test: 11.53%
Epoch: 200, Loss: 3.5220, Train: 11.17%, Valid: 11.35%, Test: 11.64%, Best Valid: 12.38%, Best Test: 11.53%
Epoch: 300, Loss: 2.4412, Train: 11.36%, Valid: 11.35%, Test: 11.83%, Best Valid: 12.38%, Best Test: 11.53%
Epoch: 400, Loss: 1.2033, Train: 11.50%, Valid: 11.40%, Test: 11.94%, Best Valid: 12.38%, Best Test: 11.53%
Epoch: 500, Loss: 0.6838, Train: 11.55%, Valid: 11.46%, Test: 11.94%, Best Valid: 12.38%, Best Test: 11.53%
Epoch: 600, Loss: 0.8013, Train: 11.62%, Valid: 11.43%, Test: 12.02%, Best Valid: 12.38%, Best Test: 11.53%
Epoch: 700, Loss: 0.3985, Train: 11.69%, Valid: 11.59%, Test: 11.97%, Best Valid: 12.38%, Best Test: 11.53%
Epoch: 800, Loss: 0.1487, Train: 11.84%, Valid: 11.62%, Test: 12.10%, Best Valid: 12.38%, Best Test: 11.53%
Epoch: 900, Loss: 0.0047, Train: 11.72%, Valid: 11.57%, Test: 12.19%, Best Valid: 12.38%, Best Test: 11.53%
Epoch: 1000, Loss: 0.2348, Train: 15.04%, Valid: 14.81%, Test: 14.99%, Best Valid: 14.81%, Best Test: 14.99%
Epoch: 1100, Loss: 0.0295, Train: 29.08%, Valid: 30.28%, Test: 29.96%, Best Valid: 33.39%, Best Test: 33.02%
Epoch: 1200, Loss: 0.0021, Train: 25.51%, Valid: 26.13%, Test: 25.90%, Best Valid: 33.39%, Best Test: 33.02%
Epoch: 1300, Loss: 0.0735, Train: 13.30%, Valid: 12.96%, Test: 13.77%, Best Valid: 35.43%, Best Test: 35.63%
Epoch: 1400, Loss: 0.0054, Train: 12.57%, Valid: 12.19%, Test: 13.00%, Best Valid: 35.43%, Best Test: 35.63%
Epoch: 1500, Loss: 0.0033, Train: 12.46%, Valid: 12.17%, Test: 12.95%, Best Valid: 35.43%, Best Test: 35.63%
Run 02:
Highest Train: 35.14
Highest Valid: 35.43
Highest Test: 35.63
Chosen epoch: 1264
Final Train: 35.14
Final Test: 35.63
Label budget: 2/class -> 30 train nodes
Computing oracle penalty matrix from true labels...
Oracle penalty matrix frozen.
Epoch: 00, Loss: 7.5122, Train: 11.01%, Valid: 11.29%, Test: 11.59%, Best Valid: 11.29%, Best Test: 11.59%
Switching Polynormer to global attention phase.
Epoch: 100, Loss: 7.0409, Train: 3.88%, Valid: 3.57%, Test: 4.09%, Best Valid: 11.57%, Best Test: 11.80%
Epoch: 200, Loss: 2.9744, Train: 4.37%, Valid: 4.61%, Test: 4.31%, Best Valid: 11.57%, Best Test: 11.80%
Epoch: 300, Loss: 1.2925, Train: 4.56%, Valid: 4.66%, Test: 4.36%, Best Valid: 11.57%, Best Test: 11.80%
Epoch: 400, Loss: 0.1513, Train: 4.77%, Valid: 4.69%, Test: 4.53%, Best Valid: 11.57%, Best Test: 11.80%
Epoch: 500, Loss: 0.2343, Train: 4.89%, Valid: 4.80%, Test: 4.50%, Best Valid: 11.57%, Best Test: 11.80%
Epoch: 600, Loss: 0.0224, Train: 5.02%, Valid: 5.10%, Test: 4.93%, Best Valid: 11.57%, Best Test: 11.80%
Epoch: 700, Loss: 0.0426, Train: 8.93%, Valid: 8.92%, Test: 8.78%, Best Valid: 15.58%, Best Test: 15.24%
Epoch: 800, Loss: 0.0037, Train: 5.13%, Valid: 5.24%, Test: 4.99%, Best Valid: 15.58%, Best Test: 15.24%
Epoch: 900, Loss: 0.0062, Train: 5.16%, Valid: 5.24%, Test: 5.04%, Best Valid: 15.58%, Best Test: 15.24%
Epoch: 1000, Loss: 0.0062, Train: 6.43%, Valid: 6.22%, Test: 6.19%, Best Valid: 15.58%, Best Test: 15.24%
Epoch: 1100, Loss: 0.0006, Train: 6.48%, Valid: 6.27%, Test: 6.32%, Best Valid: 15.58%, Best Test: 15.24%
Epoch: 1200, Loss: 0.0419, Train: 8.52%, Valid: 8.27%, Test: 8.15%, Best Valid: 16.15%, Best Test: 16.30%
Epoch: 1300, Loss: 0.0315, Train: 5.64%, Valid: 5.54%, Test: 5.64%, Best Valid: 16.15%, Best Test: 16.30%
Epoch: 1400, Loss: 0.2302, Train: 8.62%, Valid: 8.65%, Test: 8.15%, Best Valid: 16.15%, Best Test: 16.30%
Epoch: 1500, Loss: 0.0961, Train: 6.16%, Valid: 6.14%, Test: 6.30%, Best Valid: 16.15%, Best Test: 16.30%
Run 03:
Highest Train: 16.38
Highest Valid: 16.15
Highest Test: 16.30
Chosen epoch: 1167
Final Train: 16.38
Final Test: 16.30
Label budget: 2/class -> 30 train nodes
Computing oracle penalty matrix from true labels...
Oracle penalty matrix frozen.
Epoch: 00, Loss: 7.8167, Train: 3.88%, Valid: 3.57%, Test: 4.09%, Best Valid: 3.57%, Best Test: 4.09%
Switching Polynormer to global attention phase.
Epoch: 100, Loss: 7.0409, Train: 8.03%, Valid: 7.69%, Test: 7.61%, Best Valid: 7.69%, Best Test: 7.61%
Epoch: 200, Loss: 22.4209, Train: 5.16%, Valid: 4.88%, Test: 4.83%, Best Valid: 11.29%, Best Test: 11.59%
Epoch: 300, Loss: 5.7212, Train: 5.21%, Valid: 4.96%, Test: 4.83%, Best Valid: 11.29%, Best Test: 11.59%
Epoch: 400, Loss: 3.4428, Train: 5.35%, Valid: 4.96%, Test: 4.91%, Best Valid: 11.29%, Best Test: 11.59%
Epoch: 500, Loss: 3.7826, Train: 5.31%, Valid: 4.96%, Test: 4.88%, Best Valid: 11.29%, Best Test: 11.59%
Epoch: 600, Loss: 2.1731, Train: 5.36%, Valid: 4.96%, Test: 4.93%, Best Valid: 11.29%, Best Test: 11.59%
Epoch: 700, Loss: 2.0091, Train: 5.46%, Valid: 4.96%, Test: 4.93%, Best Valid: 11.29%, Best Test: 11.59%
Epoch: 800, Loss: 1.4846, Train: 5.42%, Valid: 4.94%, Test: 4.93%, Best Valid: 11.29%, Best Test: 11.59%
Epoch: 900, Loss: 2.0294, Train: 5.47%, Valid: 5.02%, Test: 4.96%, Best Valid: 11.29%, Best Test: 11.59%
Epoch: 1000, Loss: 0.7004, Train: 5.53%, Valid: 4.99%, Test: 4.99%, Best Valid: 11.29%, Best Test: 11.59%
Epoch: 1100, Loss: 2.0158, Train: 5.67%, Valid: 5.13%, Test: 5.10%, Best Valid: 11.29%, Best Test: 11.59%
Epoch: 1200, Loss: 2.2311, Train: 5.60%, Valid: 5.10%, Test: 5.04%, Best Valid: 11.29%, Best Test: 11.59%
Epoch: 1300, Loss: 0.9131, Train: 5.64%, Valid: 5.13%, Test: 5.04%, Best Valid: 11.29%, Best Test: 11.59%
Epoch: 1400, Loss: 0.0178, Train: 5.78%, Valid: 5.18%, Test: 5.18%, Best Valid: 11.29%, Best Test: 11.59%
Epoch: 1500, Loss: 0.0053, Train: 5.73%, Valid: 5.26%, Test: 5.32%, Best Valid: 11.29%, Best Test: 11.59%
Run 04:
Highest Train: 11.01
Highest Valid: 11.29
Highest Test: 11.59
Chosen epoch: 105
Final Train: 11.01
Final Test: 11.59
Label budget: 2/class -> 30 train nodes
Computing oracle penalty matrix from true labels...
Oracle penalty matrix frozen.
Epoch: 00, Loss: 7.7097, Train: 12.29%, Valid: 11.97%, Test: 10.96%, Best Valid: 11.97%, Best Test: 10.96%
Switching Polynormer to global attention phase.
Epoch: 100, Loss: 7.0409, Train: 11.01%, Valid: 11.29%, Test: 11.59%, Best Valid: 12.36%, Best Test: 11.42%
Epoch: 200, Loss: 3.3540, Train: 11.20%, Valid: 11.32%, Test: 11.67%, Best Valid: 12.36%, Best Test: 11.42%
Epoch: 300, Loss: 2.1403, Train: 11.34%, Valid: 11.43%, Test: 11.75%, Best Valid: 12.36%, Best Test: 11.42%
Epoch: 400, Loss: 0.3836, Train: 12.33%, Valid: 12.30%, Test: 12.60%, Best Valid: 17.32%, Best Test: 18.29%
Epoch: 500, Loss: 0.0035, Train: 11.89%, Valid: 11.95%, Test: 12.32%, Best Valid: 17.32%, Best Test: 18.29%
Epoch: 600, Loss: 0.0014, Train: 11.77%, Valid: 11.89%, Test: 12.19%, Best Valid: 17.32%, Best Test: 18.29%
Epoch: 700, Loss: 0.0709, Train: 11.97%, Valid: 12.03%, Test: 12.30%, Best Valid: 17.32%, Best Test: 18.29%
Epoch: 800, Loss: 0.0099, Train: 11.76%, Valid: 11.84%, Test: 12.35%, Best Valid: 17.32%, Best Test: 18.29%
Epoch: 900, Loss: 0.3516, Train: 11.76%, Valid: 11.87%, Test: 12.16%, Best Valid: 17.32%, Best Test: 18.29%
Epoch: 1000, Loss: 0.0243, Train: 12.16%, Valid: 12.38%, Test: 12.81%, Best Valid: 17.32%, Best Test: 18.29%
Epoch: 1100, Loss: 0.0104, Train: 12.18%, Valid: 12.33%, Test: 12.70%, Best Valid: 18.36%, Best Test: 17.83%
Epoch: 1200, Loss: 0.0009, Train: 13.54%, Valid: 13.58%, Test: 14.04%, Best Valid: 19.37%, Best Test: 19.93%
Epoch: 1300, Loss: 0.1265, Train: 13.06%, Valid: 13.12%, Test: 13.41%, Best Valid: 19.37%, Best Test: 19.93%
Epoch: 1400, Loss: 0.0145, Train: 12.58%, Valid: 12.90%, Test: 13.14%, Best Valid: 19.37%, Best Test: 19.93%
Epoch: 1500, Loss: 0.0018, Train: 15.70%, Valid: 15.17%, Test: 15.89%, Best Valid: 19.37%, Best Test: 19.93%
Run 05:
Highest Train: 19.81
Highest Valid: 19.37
Highest Test: 20.01
Chosen epoch: 1132
Final Train: 19.56
Final Test: 19.93
Label budget: 2/class -> 30 train nodes
Computing oracle penalty matrix from true labels...
Oracle penalty matrix frozen.
Epoch: 00, Loss: 7.4830, Train: 4.19%, Valid: 4.50%, Test: 4.39%, Best Valid: 4.50%, Best Test: 4.39%
Switching Polynormer to global attention phase.
Epoch: 100, Loss: 7.0409, Train: 2.55%, Valid: 2.15%, Test: 2.81%, Best Valid: 5.59%, Best Test: 5.18%
Epoch: 200, Loss: 3.8430, Train: 11.22%, Valid: 11.35%, Test: 11.64%, Best Valid: 11.43%, Best Test: 11.64%
Epoch: 300, Loss: 3.8354, Train: 11.11%, Valid: 11.54%, Test: 11.67%, Best Valid: 11.59%, Best Test: 12.10%
Epoch: 400, Loss: 2.2290, Train: 11.24%, Valid: 11.37%, Test: 11.67%, Best Valid: 11.59%, Best Test: 12.10%
Epoch: 500, Loss: 1.5716, Train: 11.28%, Valid: 11.43%, Test: 11.64%, Best Valid: 11.59%, Best Test: 12.10%
Epoch: 600, Loss: 0.8268, Train: 11.34%, Valid: 11.48%, Test: 11.64%, Best Valid: 11.59%, Best Test: 12.10%
Epoch: 700, Loss: 0.1726, Train: 11.34%, Valid: 11.46%, Test: 11.67%, Best Valid: 11.59%, Best Test: 12.10%
Epoch: 800, Loss: 0.2531, Train: 11.63%, Valid: 11.59%, Test: 11.89%, Best Valid: 13.78%, Best Test: 14.37%
Epoch: 900, Loss: 0.1007, Train: 11.56%, Valid: 11.59%, Test: 11.80%, Best Valid: 13.78%, Best Test: 14.37%
Epoch: 1000, Loss: 0.1857, Train: 11.50%, Valid: 11.51%, Test: 11.86%, Best Valid: 15.71%, Best Test: 16.19%
Epoch: 1100, Loss: 0.0486, Train: 11.52%, Valid: 11.57%, Test: 11.80%, Best Valid: 15.71%, Best Test: 16.19%
Epoch: 1200, Loss: 0.2328, Train: 4.44%, Valid: 3.87%, Test: 4.28%, Best Valid: 15.71%, Best Test: 16.19%
Epoch: 1300, Loss: 0.0248, Train: 11.65%, Valid: 11.67%, Test: 11.83%, Best Valid: 15.71%, Best Test: 16.19%
Epoch: 1400, Loss: 0.0031, Train: 11.96%, Valid: 12.08%, Test: 12.13%, Best Valid: 15.71%, Best Test: 16.19%
Epoch: 1500, Loss: 0.0014, Train: 11.72%, Valid: 11.70%, Test: 12.05%, Best Valid: 15.71%, Best Test: 16.19%
Run 06:
Highest Train: 15.98
Highest Valid: 15.71
Highest Test: 16.19
Chosen epoch: 932
Final Train: 15.98
Final Test: 16.19
Label budget: 2/class -> 30 train nodes
Computing oracle penalty matrix from true labels...
Oracle penalty matrix frozen.
Epoch: 00, Loss: 7.6606, Train: 3.88%, Valid: 3.57%, Test: 4.09%, Best Valid: 3.57%, Best Test: 4.09%
Switching Polynormer to global attention phase.
Epoch: 100, Loss: 7.0409, Train: 2.55%, Valid: 2.15%, Test: 2.81%, Best Valid: 5.78%, Best Test: 5.48%
Epoch: 200, Loss: 3.1475, Train: 11.28%, Valid: 11.46%, Test: 11.70%, Best Valid: 11.51%, Best Test: 11.72%
Epoch: 300, Loss: 3.0932, Train: 11.39%, Valid: 11.51%, Test: 11.83%, Best Valid: 12.03%, Best Test: 12.30%
Epoch: 400, Loss: 22.7515, Train: 11.11%, Valid: 10.91%, Test: 11.21%, Best Valid: 14.54%, Best Test: 14.83%
Epoch: 500, Loss: 7.5849, Train: 11.14%, Valid: 10.91%, Test: 11.21%, Best Valid: 14.54%, Best Test: 14.83%
Epoch: 600, Loss: 4.0177, Train: 11.34%, Valid: 10.91%, Test: 11.21%, Best Valid: 14.54%, Best Test: 14.83%
Epoch: 700, Loss: 2.5096, Train: 11.27%, Valid: 10.91%, Test: 11.21%, Best Valid: 14.54%, Best Test: 14.83%
Epoch: 800, Loss: 1.0826, Train: 11.41%, Valid: 10.91%, Test: 11.23%, Best Valid: 14.54%, Best Test: 14.83%
Epoch: 900, Loss: 0.4231, Train: 11.43%, Valid: 10.94%, Test: 11.29%, Best Valid: 14.54%, Best Test: 14.83%
Epoch: 1000, Loss: 0.5000, Train: 11.47%, Valid: 10.94%, Test: 11.42%, Best Valid: 14.54%, Best Test: 14.83%
Epoch: 1100, Loss: 0.6216, Train: 11.56%, Valid: 11.02%, Test: 11.56%, Best Valid: 14.54%, Best Test: 14.83%
Epoch: 1200, Loss: 0.0962, Train: 11.51%, Valid: 10.97%, Test: 11.53%, Best Valid: 14.54%, Best Test: 14.83%
Epoch: 1300, Loss: 0.1061, Train: 11.60%, Valid: 11.05%, Test: 11.50%, Best Valid: 14.54%, Best Test: 14.83%
Epoch: 1400, Loss: 0.2948, Train: 11.66%, Valid: 11.13%, Test: 11.53%, Best Valid: 14.54%, Best Test: 14.83%
Epoch: 1500, Loss: 0.5759, Train: 11.75%, Valid: 11.21%, Test: 11.67%, Best Valid: 14.54%, Best Test: 14.83%
Run 07:
Highest Train: 15.17
Highest Valid: 14.54
Highest Test: 14.83
Chosen epoch: 356
Final Train: 15.17
Final Test: 14.83
Label budget: 2/class -> 30 train nodes
Computing oracle penalty matrix from true labels...
Oracle penalty matrix frozen.
Epoch: 00, Loss: 7.8851, Train: 11.01%, Valid: 11.29%, Test: 11.59%, Best Valid: 11.29%, Best Test: 11.59%
Switching Polynormer to global attention phase.
Epoch: 100, Loss: 7.0409, Train: 8.03%, Valid: 7.69%, Test: 7.61%, Best Valid: 12.88%, Best Test: 12.84%
Epoch: 200, Loss: 3.1041, Train: 2.81%, Valid: 2.26%, Test: 2.84%, Best Valid: 12.88%, Best Test: 12.84%
Epoch: 300, Loss: 1.3832, Train: 3.16%, Valid: 2.40%, Test: 2.97%, Best Valid: 12.88%, Best Test: 12.84%
Epoch: 400, Loss: 0.2777, Train: 3.23%, Valid: 2.43%, Test: 3.08%, Best Valid: 12.88%, Best Test: 12.84%
Epoch: 500, Loss: 0.9593, Train: 11.71%, Valid: 11.62%, Test: 11.91%, Best Valid: 12.88%, Best Test: 12.84%
Epoch: 600, Loss: 0.1551, Train: 12.14%, Valid: 12.00%, Test: 12.24%, Best Valid: 12.88%, Best Test: 12.84%
Epoch: 700, Loss: 0.4980, Train: 11.92%, Valid: 11.84%, Test: 12.02%, Best Valid: 12.88%, Best Test: 12.84%
Epoch: 800, Loss: 0.0348, Train: 6.76%, Valid: 5.54%, Test: 6.46%, Best Valid: 12.88%, Best Test: 12.84%
Epoch: 900, Loss: 0.0057, Train: 4.06%, Valid: 3.19%, Test: 3.84%, Best Valid: 12.88%, Best Test: 12.84%
Epoch: 1000, Loss: 0.0028, Train: 4.99%, Valid: 4.06%, Test: 4.74%, Best Valid: 12.88%, Best Test: 12.84%
Epoch: 1100, Loss: 0.0022, Train: 4.65%, Valid: 3.93%, Test: 4.55%, Best Valid: 12.88%, Best Test: 12.84%
Epoch: 1200, Loss: 0.0006, Train: 6.29%, Valid: 5.54%, Test: 6.00%, Best Valid: 12.88%, Best Test: 12.84%
Epoch: 1300, Loss: 0.0043, Train: 7.10%, Valid: 6.38%, Test: 7.09%, Best Valid: 12.88%, Best Test: 12.84%
Epoch: 1400, Loss: 0.0009, Train: 5.74%, Valid: 5.07%, Test: 5.40%, Best Valid: 12.88%, Best Test: 12.84%
Epoch: 1500, Loss: 0.0464, Train: 9.82%, Valid: 9.57%, Test: 9.73%, Best Valid: 12.88%, Best Test: 12.84%
Run 08:
Highest Train: 31.15
Highest Valid: 32.57
Highest Test: 31.24
Chosen epoch: 1572
Final Train: 31.15
Final Test: 31.16
Label budget: 2/class -> 30 train nodes
Computing oracle penalty matrix from true labels...
Oracle penalty matrix frozen.
Epoch: 00, Loss: 7.6562, Train: 4.15%, Valid: 4.50%, Test: 4.20%, Best Valid: 4.50%, Best Test: 4.20%
Switching Polynormer to global attention phase.
Epoch: 100, Loss: 7.0409, Train: 22.05%, Valid: 23.92%, Test: 22.74%, Best Valid: 23.92%, Best Test: 22.74%
Epoch: 200, Loss: 3.6021, Train: 11.25%, Valid: 11.37%, Test: 11.70%, Best Valid: 23.92%, Best Test: 22.74%
Epoch: 300, Loss: 2.9043, Train: 11.43%, Valid: 11.48%, Test: 11.70%, Best Valid: 23.92%, Best Test: 22.74%
Epoch: 400, Loss: 1.1128, Train: 11.54%, Valid: 11.51%, Test: 11.78%, Best Valid: 23.92%, Best Test: 22.74%
Epoch: 500, Loss: 0.2898, Train: 11.67%, Valid: 11.51%, Test: 11.86%, Best Valid: 23.92%, Best Test: 22.74%
Epoch: 600, Loss: 0.2577, Train: 11.89%, Valid: 11.78%, Test: 12.00%, Best Valid: 23.92%, Best Test: 22.74%
Epoch: 700, Loss: 0.0660, Train: 11.91%, Valid: 11.84%, Test: 12.05%, Best Valid: 23.92%, Best Test: 22.74%
Epoch: 800, Loss: 0.0025, Train: 11.93%, Valid: 11.89%, Test: 12.10%, Best Valid: 23.92%, Best Test: 22.74%
Epoch: 900, Loss: 0.0064, Train: 12.01%, Valid: 11.84%, Test: 12.16%, Best Valid: 23.92%, Best Test: 22.74%
Epoch: 1000, Loss: 0.0266, Train: 12.12%, Valid: 12.14%, Test: 12.38%, Best Valid: 23.92%, Best Test: 22.74%
Epoch: 1100, Loss: 0.0401, Train: 7.00%, Valid: 6.79%, Test: 7.28%, Best Valid: 23.92%, Best Test: 22.74%
Epoch: 1200, Loss: 0.0959, Train: 11.71%, Valid: 11.70%, Test: 11.86%, Best Valid: 23.92%, Best Test: 22.74%
Epoch: 1300, Loss: 0.0175, Train: 12.21%, Valid: 12.11%, Test: 12.62%, Best Valid: 23.92%, Best Test: 22.74%
Epoch: 1400, Loss: 0.0010, Train: 12.31%, Valid: 12.30%, Test: 12.79%, Best Valid: 23.92%, Best Test: 22.74%
Epoch: 1500, Loss: 0.0358, Train: 12.42%, Valid: 12.49%, Test: 12.92%, Best Valid: 23.92%, Best Test: 22.74%
Run 09:
Highest Train: 22.05
Highest Valid: 23.92
Highest Test: 22.74
Chosen epoch: 100
Final Train: 22.05
Final Test: 22.74
Label budget: 2/class -> 30 train nodes
Computing oracle penalty matrix from true labels...
Oracle penalty matrix frozen.
Epoch: 00, Loss: 7.2986, Train: 11.01%, Valid: 11.29%, Test: 11.59%, Best Valid: 11.29%, Best Test: 11.59%
Switching Polynormer to global attention phase.
Epoch: 100, Loss: 7.0381, Train: 4.15%, Valid: 4.50%, Test: 4.20%, Best Valid: 11.65%, Best Test: 11.83%
Epoch: 200, Loss: 3.6411, Train: 4.32%, Valid: 4.61%, Test: 4.25%, Best Valid: 11.65%, Best Test: 11.83%
Epoch: 300, Loss: 1.7982, Train: 4.47%, Valid: 4.58%, Test: 4.25%, Best Valid: 11.65%, Best Test: 11.83%
Epoch: 400, Loss: 1.8957, Train: 4.58%, Valid: 4.66%, Test: 4.31%, Best Valid: 11.65%, Best Test: 11.83%
Epoch: 500, Loss: 2.2560, Train: 4.90%, Valid: 5.02%, Test: 4.77%, Best Valid: 11.65%, Best Test: 11.83%
Epoch: 600, Loss: 0.8094, Train: 5.06%, Valid: 5.18%, Test: 5.02%, Best Valid: 11.65%, Best Test: 11.83%
Epoch: 700, Loss: 0.2806, Train: 5.18%, Valid: 5.18%, Test: 5.04%, Best Valid: 11.65%, Best Test: 11.83%
Epoch: 800, Loss: 0.2587, Train: 5.12%, Valid: 5.07%, Test: 4.88%, Best Valid: 11.65%, Best Test: 11.83%
Epoch: 900, Loss: 0.1372, Train: 6.14%, Valid: 5.89%, Test: 5.78%, Best Valid: 11.65%, Best Test: 11.83%
Epoch: 1000, Loss: 0.0611, Train: 5.26%, Valid: 5.24%, Test: 4.85%, Best Valid: 11.65%, Best Test: 11.83%
Epoch: 1100, Loss: 0.5401, Train: 5.03%, Valid: 5.16%, Test: 4.85%, Best Valid: 11.65%, Best Test: 11.83%
Epoch: 1200, Loss: 0.0666, Train: 5.15%, Valid: 5.26%, Test: 4.88%, Best Valid: 12.82%, Best Test: 12.84%
Epoch: 1300, Loss: 0.1517, Train: 5.05%, Valid: 5.18%, Test: 4.85%, Best Valid: 12.82%, Best Test: 12.84%
Epoch: 1400, Loss: 0.0180, Train: 5.09%, Valid: 5.21%, Test: 4.91%, Best Valid: 12.82%, Best Test: 12.84%
Epoch: 1500, Loss: 0.0015, Train: 5.92%, Valid: 6.08%, Test: 5.51%, Best Valid: 26.57%, Best Test: 27.07%
Run 10:
Highest Train: 25.70
Highest Valid: 26.57
Highest Test: 27.07
Chosen epoch: 1437
Final Train: 25.70
Final Test: 27.07
All runs:
Highest Train: 21.12 ± 7.55
Highest Test: 21.40 ± 7.72
Highest Valid: 21.37 ± 8.02
  Final Train: 21.09 ± 7.55
   Final Test: 21.38 ± 7.71
Saving results to ../results/lowlabel/coauthor-cs/polynormer.csv
Low-label sweep completed.
Task 228 done.
