Thu Aug 13 15:40:52 2026       
+-----------------------------------------------------------------------------------------+
| NVIDIA-SMI 580.159.04             Driver Version: 580.159.04     CUDA Version: 13.0     |
+-----------------------------------------+------------------------+----------------------+
| GPU  Name                 Persistence-M | Bus-Id          Disp.A | Volatile Uncorr. ECC |
| Fan  Temp   Perf          Pwr:Usage/Cap |           Memory-Usage | GPU-Util  Compute M. |
|                                         |                        |               MIG M. |
|=========================================+========================+======================|
|   0  NVIDIA A100-SXM4-80GB          On  |   00000000:01:00.0 Off |                   On |
| N/A   56C    P0            223W /  500W |   41163MiB /  81920MiB |     N/A      Default |
|                                         |                        |              Enabled |
+-----------------------------------------+------------------------+----------------------+
|   1  NVIDIA A100-SXM4-80GB          On  |   00000000:41:00.0 Off |                   On |
| N/A   53C    P0            274W /  500W |   47643MiB /  81920MiB |     N/A      Default |
|                                         |                        |              Enabled |
+-----------------------------------------+------------------------+----------------------+
|   2  NVIDIA A100-SXM4-80GB          On  |   00000000:81:00.0 Off |                   On |
| N/A   63C    P0            261W /  500W |   47895MiB /  81920MiB |     N/A      Default |
|                                         |                        |              Enabled |
+-----------------------------------------+------------------------+----------------------+
|   3  NVIDIA A100-SXM4-80GB          On  |   00000000:C1:00.0 Off |                   On |
| N/A   51C    P0            290W /  500W |   55271MiB /  81920MiB |     N/A      Default |
|                                         |                        |              Enabled |
+-----------------------------------------+------------------------+----------------------+

+-----------------------------------------------------------------------------------------+
| MIG devices:                                                                            |
+------------------+----------------------------------+-----------+-----------------------+
| GPU  GI  CI  MIG |              Shared Memory-Usage |        Vol|        Shared         |
|      ID  ID  Dev |                Shared BAR1-Usage | SM     Unc| CE ENC  DEC  OFA  JPG |
|                  |                                  |        ECC|                       |
|==================+==================================+===========+=======================|
|  0    5   0   0  |              71MiB / 19968MiB    | 28      0 |  2   0    1    0    0 |
|                  |               0MiB / 12271MiB    |           |                       |
+------------------+----------------------------------+-----------+-----------------------+

+-----------------------------------------------------------------------------------------+
| Processes:                                                                              |
|  GPU   GI   CI              PID   Type   Process name                        GPU Memory |
|        ID   ID                                                               Usage      |
|=========================================================================================|
|    1    1    0           252240      C   python                                39270MiB |
|    1   14    0           335942      C   ...ware/symmetrix-env/bin/python        794MiB |
|    1   13    0           335945      C   ...ware/symmetrix-env/bin/python        794MiB |
|    1    5    0           367601      C   python                                 6472MiB |
|    2    2    0           252242      C   python                                39270MiB |
|    2    9    0           335936      C   ...ware/symmetrix-env/bin/python        946MiB |
|    2   10    0           335948      C   ...ware/symmetrix-env/bin/python        794MiB |
|    2    3    0           357908      C   python                                 6540MiB |
|    3    1    0           252238      C   python                                39270MiB |
|    3    5    0           332886      C   python                                 6528MiB |
|    3   14    0           335939      C   ...ware/symmetrix-env/bin/python       8214MiB |
|    3   13    0           335947      C   ...ware/symmetrix-env/bin/python        978MiB |
+-----------------------------------------------------------------------------------------+
Cell: amazon-ratings / polynormer / budget 10 per class / group 0
python main.py --model polynormer --dataset amazon-ratings --hidden_channels 256 --local_epochs 200 --global_epochs 2500 --lr 0.001 --runs 10 --local_layers 10 --global_layers 1 --weight_decay 0.0 --dropout 0.3 --in_dropout 0.2 --num_heads 2 --save_model --device 0 --model_dir models/lowlabel_1171808_335 --train_per_class 10 --budget_tag 10
==========================================================
Low-label sweep: python main.py --model polynormer --dataset amazon-ratings --hidden_channels 256 --local_epochs 200 --global_epochs 2500 --lr 0.001 --runs 10 --local_layers 10 --global_layers 1 --weight_decay 0.0 --dropout 0.3 --in_dropout 0.2 --num_heads 2 --save_model --device 0 --model_dir models/lowlabel_1171808_335 --train_per_class 10 --budget_tag 10
result_dir=../results/lowlabel conditions=[baseline]
==========================================================
--- baseline ---
    (already completed — requeue resume, skipping)
Low-label sweep completed.
Task 335 done.
