Wed Sep  2 21:46:54 2026       
+-----------------------------------------------------------------------------------------+
| NVIDIA-SMI 580.159.04             Driver Version: 580.159.04     CUDA Version: 13.0     |
+-----------------------------------------+------------------------+----------------------+
| GPU  Name                 Persistence-M | Bus-Id          Disp.A | Volatile Uncorr. ECC |
| Fan  Temp   Perf          Pwr:Usage/Cap |           Memory-Usage | GPU-Util  Compute M. |
|                                         |                        |               MIG M. |
|=========================================+========================+======================|
|   0  NVIDIA A100-SXM4-80GB          On  |   00000000:01:00.0 Off |                   On |
| N/A   51C    P0            191W /  500W |   40098MiB /  81920MiB |     N/A      Default |
|                                         |                        |              Enabled |
+-----------------------------------------+------------------------+----------------------+
|   1  NVIDIA A100-SXM4-80GB          On  |   00000000:41:00.0 Off |                   On |
| N/A   35C    P0            124W /  500W |   44269MiB /  81920MiB |     N/A      Default |
|                                         |                        |              Enabled |
+-----------------------------------------+------------------------+----------------------+
|   2  NVIDIA A100-SXM4-80GB          On  |   00000000:81:00.0 Off |                   On |
| N/A   51C    P0            250W /  500W |   46648MiB /  81920MiB |     N/A      Default |
|                                         |                        |              Enabled |
+-----------------------------------------+------------------------+----------------------+
|   3  NVIDIA A100-SXM4-80GB          On  |   00000000:C1:00.0 Off |                   On |
| N/A   47C    P0            239W /  500W |   51816MiB /  81920MiB |     N/A      Default |
|                                         |                        |              Enabled |
+-----------------------------------------+------------------------+----------------------+

+-----------------------------------------------------------------------------------------+
| MIG devices:                                                                            |
+------------------+----------------------------------+-----------+-----------------------+
| GPU  GI  CI  MIG |              Shared Memory-Usage |        Vol|        Shared         |
|      ID  ID  Dev |                Shared BAR1-Usage | SM     Unc| CE ENC  DEC  OFA  JPG |
|                  |                                  |        ECC|                       |
|==================+==================================+===========+=======================|
|  0    5   0   0  |              71MiB / 19968MiB    | 28      0 |  2   0    1    0    0 |
|                  |               0MiB / 12271MiB    |           |                       |
+------------------+----------------------------------+-----------+-----------------------+

+-----------------------------------------------------------------------------------------+
| Processes:                                                                              |
|  GPU   GI   CI              PID   Type   Process name                        GPU Memory |
|        ID   ID                                                               Usage      |
|=========================================================================================|
|    1    5    0           405035      C   python                                11704MiB |
|    1    1    0           419606      C   .../geller/tb439/env7/bin/python      16492MiB |
|    1    1    0           425874      C   .../geller/tb439/env7/bin/python      15802MiB |
|    2    2    0           348135      C   ...nda3/envs/spot_nsf/bin/python      39840MiB |
|    2    3    0           417677      C   python                                 6542MiB |
|    3    1    0           348134      C   ...nda3/envs/spot_nsf/bin/python      39840MiB |
|    3    5    0           405857      C   python                                11710MiB |
+-----------------------------------------------------------------------------------------+
Control cell: amazon-ratings / gcn / budget 10 per class / baseline -> results/lowlabel_mv
python main.py --gnn gcn --dataset amazon-ratings --hidden_channels 512 --epochs 2500 --lr 0.001 --runs 3 --local_layers 4 --weight_decay 0.0 --dropout 0.5 --device 0 --bn --res --runs 10 --train_per_class 10 --valid_per_class 10 --budget_tag 10
==========================================================
Low-label sweep: python main.py --gnn gcn --dataset amazon-ratings --hidden_channels 512 --epochs 2500 --lr 0.001 --runs 3 --local_layers 4 --weight_decay 0.0 --dropout 0.5 --device 0 --bn --res --runs 10 --train_per_class 10 --valid_per_class 10 --budget_tag 10
result_dir=results/lowlabel_mv conditions=[baseline]
==========================================================
--- baseline ---
Namespace(bn=True, budget_tag='10', cooc_file='', count_reg=False, count_smoothing=1.0, cpu=False, data_dir='./data/', dataset='amazon-ratings', device=0, display_step=100, dropout=0.5, epochs=2500, gnn='gcn', hidden_channels=512, jk=False, label_num_per_class=20, lambda_val=0.5, ln=False, local_layers=4, lr=0.001, metric='acc', mlp_epochs=500, mlp_reg=False, model='MPNN', model_dir='models', num_heads=1, oracle_reg=False, paired_seeds=True, penalty_transform='none', pre_linear=False, pre_ln=False, rand_split=False, rand_split_class=False, reg_start_epoch=10, reg_update_freq=5, res=True, resample_split_per_run=False, result_dir='results/lowlabel_mv', runs=10, save_model=False, seed=42, source_mode='keep', test_num=1000, train_per_class=10, train_prop=0.5, use_reg=False, valid_num=500, valid_per_class=10, valid_prop=0.25, weight_decay=0.0, year_split=0)
amazon-ratings
dataset amazon-ratings | num nodes 24492 | num edge 93050 | num node feats 300 | num classes 5
MODEL: MPNNs(
  (h_lins): ModuleList()
  (local_convs): ModuleList(
    (0): GCNConv(300, 512)
    (1): GCNConv(512, 512)
    (2): GCNConv(512, 512)
    (3): GCNConv(512, 512)
  )
  (lins): ModuleList(
    (0): Linear(in_features=300, out_features=512, bias=True)
    (1): Linear(in_features=512, out_features=512, bias=True)
    (2): Linear(in_features=512, out_features=512, bias=True)
    (3): Linear(in_features=512, out_features=512, bias=True)
  )
  (lns): ModuleList(
    (0): LayerNorm((512,), eps=1e-05, elementwise_affine=True)
    (1): LayerNorm((512,), eps=1e-05, elementwise_affine=True)
    (2): LayerNorm((512,), eps=1e-05, elementwise_affine=True)
    (3): LayerNorm((512,), eps=1e-05, elementwise_affine=True)
  )
  (bns): ModuleList(
    (0): BatchNorm1d(512, eps=1e-05, momentum=0.1, affine=True, track_running_stats=True)
    (1): BatchNorm1d(512, eps=1e-05, momentum=0.1, affine=True, track_running_stats=True)
    (2): BatchNorm1d(512, eps=1e-05, momentum=0.1, affine=True, track_running_stats=True)
    (3): BatchNorm1d(512, eps=1e-05, momentum=0.1, affine=True, track_running_stats=True)
  )
  (lin_in): Linear(in_features=300, out_features=512, bias=True)
  (pred_local): Linear(in_features=512, out_features=5, bias=True)
)
Label budget: 10/class -> 50 train nodes
Matched-budget validation: 50 valid nodes
Epoch: 00, Loss: 1.6296, Train: 36.79%, Valid: 20.00%, Test: 36.80%, Best Valid: 20.00%, Best Test: 36.80%
Epoch: 100, Loss: 0.0004, Train: 15.77%, Valid: 32.00%, Test: 15.78%, Best Valid: 32.00%, Best Test: 15.40%
Epoch: 200, Loss: 0.0003, Train: 15.65%, Valid: 30.00%, Test: 15.83%, Best Valid: 32.00%, Best Test: 15.40%
Epoch: 300, Loss: 0.0002, Train: 15.69%, Valid: 28.00%, Test: 15.68%, Best Valid: 32.00%, Best Test: 15.40%
Epoch: 400, Loss: 0.0001, Train: 15.59%, Valid: 32.00%, Test: 15.78%, Best Valid: 32.00%, Best Test: 15.40%
Epoch: 500, Loss: 0.0001, Train: 15.69%, Valid: 32.00%, Test: 15.76%, Best Valid: 32.00%, Best Test: 15.40%
Epoch: 600, Loss: 0.0001, Train: 15.61%, Valid: 32.00%, Test: 15.61%, Best Valid: 32.00%, Best Test: 15.40%
Epoch: 700, Loss: 0.0000, Train: 15.63%, Valid: 32.00%, Test: 15.50%, Best Valid: 32.00%, Best Test: 15.40%
Epoch: 800, Loss: 0.0000, Train: 15.65%, Valid: 32.00%, Test: 15.43%, Best Valid: 32.00%, Best Test: 15.40%
Epoch: 900, Loss: 0.0000, Train: 15.78%, Valid: 32.00%, Test: 15.63%, Best Valid: 32.00%, Best Test: 15.40%
Epoch: 1000, Loss: 0.0000, Train: 15.81%, Valid: 32.00%, Test: 15.66%, Best Valid: 32.00%, Best Test: 15.40%
Epoch: 1100, Loss: 0.0000, Train: 15.79%, Valid: 32.00%, Test: 15.60%, Best Valid: 32.00%, Best Test: 15.40%
Epoch: 1200, Loss: 0.0000, Train: 15.79%, Valid: 32.00%, Test: 15.78%, Best Valid: 32.00%, Best Test: 15.40%
Epoch: 1300, Loss: 0.0000, Train: 15.99%, Valid: 32.00%, Test: 15.91%, Best Valid: 32.00%, Best Test: 15.40%
Epoch: 1400, Loss: 0.0000, Train: 15.98%, Valid: 32.00%, Test: 15.87%, Best Valid: 32.00%, Best Test: 15.40%
Epoch: 1500, Loss: 0.0000, Train: 15.91%, Valid: 30.00%, Test: 15.92%, Best Valid: 32.00%, Best Test: 15.40%
Epoch: 1600, Loss: 0.0000, Train: 15.95%, Valid: 30.00%, Test: 15.94%, Best Valid: 32.00%, Best Test: 15.40%
Epoch: 1700, Loss: 0.0000, Train: 15.87%, Valid: 30.00%, Test: 15.94%, Best Valid: 32.00%, Best Test: 15.40%
Epoch: 1800, Loss: 0.0000, Train: 15.88%, Valid: 30.00%, Test: 15.81%, Best Valid: 32.00%, Best Test: 15.40%
Epoch: 1900, Loss: 0.0000, Train: 15.84%, Valid: 32.00%, Test: 15.76%, Best Valid: 32.00%, Best Test: 15.40%
Epoch: 2000, Loss: 0.0000, Train: 15.87%, Valid: 32.00%, Test: 15.76%, Best Valid: 32.00%, Best Test: 15.40%
Epoch: 2100, Loss: 0.0000, Train: 15.92%, Valid: 32.00%, Test: 15.71%, Best Valid: 32.00%, Best Test: 15.40%
Epoch: 2200, Loss: 0.0000, Train: 15.93%, Valid: 32.00%, Test: 15.83%, Best Valid: 32.00%, Best Test: 15.40%
Epoch: 2300, Loss: 0.0000, Train: 15.98%, Valid: 32.00%, Test: 15.99%, Best Valid: 32.00%, Best Test: 15.40%
Epoch: 2400, Loss: 0.0000, Train: 16.00%, Valid: 32.00%, Test: 15.87%, Best Valid: 32.00%, Best Test: 15.40%
Run 01:
Highest Train: 36.79
Highest Valid: 32.00
Highest Test: 36.80
Chosen epoch: 91
Final Train: 15.50
Final Test: 15.40
Label budget: 10/class -> 50 train nodes
Matched-budget validation: 50 valid nodes
Epoch: 00, Loss: 1.7715, Train: 9.33%, Valid: 20.00%, Test: 9.49%, Best Valid: 20.00%, Best Test: 9.49%
Epoch: 100, Loss: 0.0002, Train: 23.80%, Valid: 16.00%, Test: 24.01%, Best Valid: 30.00%, Best Test: 20.14%
Epoch: 200, Loss: 0.0001, Train: 24.06%, Valid: 16.00%, Test: 24.11%, Best Valid: 30.00%, Best Test: 20.14%
Epoch: 300, Loss: 0.0001, Train: 24.17%, Valid: 16.00%, Test: 23.91%, Best Valid: 30.00%, Best Test: 20.14%
Epoch: 400, Loss: 0.0001, Train: 24.13%, Valid: 16.00%, Test: 24.01%, Best Valid: 30.00%, Best Test: 20.14%
Epoch: 500, Loss: 0.0000, Train: 24.24%, Valid: 16.00%, Test: 24.09%, Best Valid: 30.00%, Best Test: 20.14%
Epoch: 600, Loss: 0.0000, Train: 24.23%, Valid: 16.00%, Test: 24.14%, Best Valid: 30.00%, Best Test: 20.14%
Epoch: 700, Loss: 0.0000, Train: 24.30%, Valid: 16.00%, Test: 24.09%, Best Valid: 30.00%, Best Test: 20.14%
Epoch: 800, Loss: 0.0000, Train: 24.27%, Valid: 16.00%, Test: 24.12%, Best Valid: 30.00%, Best Test: 20.14%
Epoch: 900, Loss: 0.0000, Train: 24.31%, Valid: 16.00%, Test: 24.09%, Best Valid: 30.00%, Best Test: 20.14%
Epoch: 1000, Loss: 0.0000, Train: 24.39%, Valid: 16.00%, Test: 24.06%, Best Valid: 30.00%, Best Test: 20.14%
Epoch: 1100, Loss: 0.0000, Train: 24.38%, Valid: 16.00%, Test: 24.11%, Best Valid: 30.00%, Best Test: 20.14%
Epoch: 1200, Loss: 0.0000, Train: 24.43%, Valid: 16.00%, Test: 24.17%, Best Valid: 30.00%, Best Test: 20.14%
Epoch: 1300, Loss: 0.0001, Train: 24.42%, Valid: 16.00%, Test: 24.14%, Best Valid: 30.00%, Best Test: 20.14%
Epoch: 1400, Loss: 0.0000, Train: 24.45%, Valid: 16.00%, Test: 24.35%, Best Valid: 30.00%, Best Test: 20.14%
Epoch: 1500, Loss: 0.0000, Train: 24.50%, Valid: 16.00%, Test: 24.40%, Best Valid: 30.00%, Best Test: 20.14%
Epoch: 1600, Loss: 0.0000, Train: 24.52%, Valid: 16.00%, Test: 24.43%, Best Valid: 30.00%, Best Test: 20.14%
Epoch: 1700, Loss: 0.0000, Train: 24.46%, Valid: 16.00%, Test: 24.43%, Best Valid: 30.00%, Best Test: 20.14%
Epoch: 1800, Loss: 0.0000, Train: 24.47%, Valid: 16.00%, Test: 24.37%, Best Valid: 30.00%, Best Test: 20.14%
Epoch: 1900, Loss: 0.0000, Train: 24.52%, Valid: 16.00%, Test: 24.48%, Best Valid: 30.00%, Best Test: 20.14%
Epoch: 2000, Loss: 0.0000, Train: 24.53%, Valid: 16.00%, Test: 24.40%, Best Valid: 30.00%, Best Test: 20.14%
Epoch: 2100, Loss: 0.0000, Train: 24.54%, Valid: 16.00%, Test: 24.35%, Best Valid: 30.00%, Best Test: 20.14%
Epoch: 2200, Loss: 0.0000, Train: 24.56%, Valid: 16.00%, Test: 24.32%, Best Valid: 30.00%, Best Test: 20.14%
Epoch: 2300, Loss: 0.0000, Train: 24.61%, Valid: 16.00%, Test: 24.30%, Best Valid: 30.00%, Best Test: 20.14%
Epoch: 2400, Loss: 0.0000, Train: 24.66%, Valid: 18.00%, Test: 24.32%, Best Valid: 30.00%, Best Test: 20.14%
Run 02:
Highest Train: 24.73
Highest Valid: 30.00
Highest Test: 24.56
Chosen epoch: 11
Final Train: 19.92
Final Test: 20.14
Label budget: 10/class -> 50 train nodes
Matched-budget validation: 50 valid nodes
Epoch: 00, Loss: 1.7077, Train: 24.57%, Valid: 14.00%, Test: 24.09%, Best Valid: 14.00%, Best Test: 24.09%
Epoch: 100, Loss: 0.0002, Train: 23.29%, Valid: 16.00%, Test: 22.65%, Best Valid: 20.00%, Best Test: 27.93%
Epoch: 200, Loss: 0.0001, Train: 23.18%, Valid: 14.00%, Test: 22.33%, Best Valid: 20.00%, Best Test: 27.93%
Epoch: 300, Loss: 0.0001, Train: 23.06%, Valid: 14.00%, Test: 21.87%, Best Valid: 20.00%, Best Test: 27.93%
Epoch: 400, Loss: 0.0001, Train: 23.10%, Valid: 14.00%, Test: 22.10%, Best Valid: 20.00%, Best Test: 27.93%
Epoch: 500, Loss: 0.0000, Train: 23.09%, Valid: 14.00%, Test: 22.26%, Best Valid: 20.00%, Best Test: 27.93%
Epoch: 600, Loss: 0.0000, Train: 23.20%, Valid: 14.00%, Test: 22.20%, Best Valid: 20.00%, Best Test: 27.93%
Epoch: 700, Loss: 0.0001, Train: 23.07%, Valid: 14.00%, Test: 22.26%, Best Valid: 20.00%, Best Test: 27.93%
Epoch: 800, Loss: 0.0000, Train: 23.03%, Valid: 14.00%, Test: 22.33%, Best Valid: 20.00%, Best Test: 27.93%
Epoch: 900, Loss: 0.0000, Train: 23.01%, Valid: 14.00%, Test: 22.34%, Best Valid: 20.00%, Best Test: 27.93%
Epoch: 1000, Loss: 0.0000, Train: 22.87%, Valid: 14.00%, Test: 22.20%, Best Valid: 20.00%, Best Test: 27.93%
Epoch: 1100, Loss: 0.0000, Train: 22.95%, Valid: 14.00%, Test: 22.15%, Best Valid: 20.00%, Best Test: 27.93%
Epoch: 1200, Loss: 0.0000, Train: 23.04%, Valid: 14.00%, Test: 22.24%, Best Valid: 20.00%, Best Test: 27.93%
Epoch: 1300, Loss: 0.0000, Train: 23.02%, Valid: 14.00%, Test: 22.23%, Best Valid: 20.00%, Best Test: 27.93%
Epoch: 1400, Loss: 0.0000, Train: 23.03%, Valid: 14.00%, Test: 22.15%, Best Valid: 20.00%, Best Test: 27.93%
Epoch: 1500, Loss: 0.0000, Train: 22.98%, Valid: 14.00%, Test: 22.26%, Best Valid: 20.00%, Best Test: 27.93%
Epoch: 1600, Loss: 0.0000, Train: 23.00%, Valid: 14.00%, Test: 22.34%, Best Valid: 20.00%, Best Test: 27.93%
Epoch: 1700, Loss: 0.0000, Train: 23.02%, Valid: 14.00%, Test: 22.20%, Best Valid: 20.00%, Best Test: 27.93%
Epoch: 1800, Loss: 0.0000, Train: 23.00%, Valid: 14.00%, Test: 22.31%, Best Valid: 20.00%, Best Test: 27.93%
Epoch: 1900, Loss: 0.0000, Train: 23.02%, Valid: 14.00%, Test: 22.37%, Best Valid: 20.00%, Best Test: 27.93%
Epoch: 2000, Loss: 0.0000, Train: 23.06%, Valid: 14.00%, Test: 22.24%, Best Valid: 20.00%, Best Test: 27.93%
Epoch: 2100, Loss: 0.0000, Train: 23.05%, Valid: 14.00%, Test: 22.26%, Best Valid: 20.00%, Best Test: 27.93%
Epoch: 2200, Loss: 0.0000, Train: 23.18%, Valid: 14.00%, Test: 22.39%, Best Valid: 20.00%, Best Test: 27.93%
Epoch: 2300, Loss: 0.0000, Train: 23.04%, Valid: 14.00%, Test: 22.23%, Best Valid: 20.00%, Best Test: 27.93%
Epoch: 2400, Loss: 0.0000, Train: 23.07%, Valid: 14.00%, Test: 22.24%, Best Valid: 20.00%, Best Test: 27.93%
Run 03:
Highest Train: 33.33
Highest Valid: 20.00
Highest Test: 32.99
Chosen epoch: 3
Final Train: 28.31
Final Test: 27.93
Label budget: 10/class -> 50 train nodes
Matched-budget validation: 50 valid nodes
Epoch: 00, Loss: 1.8011, Train: 11.51%, Valid: 18.00%, Test: 11.48%, Best Valid: 18.00%, Best Test: 11.48%
Epoch: 100, Loss: 0.0013, Train: 22.20%, Valid: 14.00%, Test: 21.64%, Best Valid: 22.00%, Best Test: 26.82%
Epoch: 200, Loss: 0.0001, Train: 23.50%, Valid: 12.00%, Test: 23.29%, Best Valid: 22.00%, Best Test: 26.82%
Epoch: 300, Loss: 0.0001, Train: 23.16%, Valid: 12.00%, Test: 22.60%, Best Valid: 22.00%, Best Test: 26.82%
Epoch: 400, Loss: 0.0001, Train: 23.34%, Valid: 14.00%, Test: 22.57%, Best Valid: 22.00%, Best Test: 26.82%
Epoch: 500, Loss: 0.0001, Train: 23.18%, Valid: 14.00%, Test: 22.29%, Best Valid: 22.00%, Best Test: 26.82%
Epoch: 600, Loss: 0.0000, Train: 23.31%, Valid: 14.00%, Test: 22.36%, Best Valid: 22.00%, Best Test: 26.82%
Epoch: 700, Loss: 0.0000, Train: 23.31%, Valid: 14.00%, Test: 22.26%, Best Valid: 22.00%, Best Test: 26.82%
Epoch: 800, Loss: 0.0000, Train: 23.47%, Valid: 14.00%, Test: 22.34%, Best Valid: 22.00%, Best Test: 26.82%
Epoch: 900, Loss: 0.0000, Train: 23.17%, Valid: 14.00%, Test: 22.21%, Best Valid: 22.00%, Best Test: 26.82%
Epoch: 1000, Loss: 0.0000, Train: 23.10%, Valid: 16.00%, Test: 22.23%, Best Valid: 22.00%, Best Test: 26.82%
Epoch: 1100, Loss: 0.0000, Train: 23.32%, Valid: 16.00%, Test: 22.26%, Best Valid: 22.00%, Best Test: 26.82%
Epoch: 1200, Loss: 0.0000, Train: 23.33%, Valid: 16.00%, Test: 22.15%, Best Valid: 22.00%, Best Test: 26.82%
Epoch: 1300, Loss: 0.0000, Train: 23.31%, Valid: 16.00%, Test: 21.84%, Best Valid: 22.00%, Best Test: 26.82%
Epoch: 1400, Loss: 0.0000, Train: 23.31%, Valid: 16.00%, Test: 22.13%, Best Valid: 22.00%, Best Test: 26.82%
Epoch: 1500, Loss: 0.0000, Train: 23.41%, Valid: 16.00%, Test: 22.21%, Best Valid: 22.00%, Best Test: 26.82%
Epoch: 1600, Loss: 0.0000, Train: 23.29%, Valid: 16.00%, Test: 22.11%, Best Valid: 22.00%, Best Test: 26.82%
Epoch: 1700, Loss: 0.0000, Train: 23.20%, Valid: 16.00%, Test: 22.06%, Best Valid: 22.00%, Best Test: 26.82%
Epoch: 1800, Loss: 0.0000, Train: 23.31%, Valid: 16.00%, Test: 22.21%, Best Valid: 22.00%, Best Test: 26.82%
Epoch: 1900, Loss: 0.0000, Train: 23.31%, Valid: 18.00%, Test: 22.23%, Best Valid: 22.00%, Best Test: 26.82%
Epoch: 2000, Loss: 0.0000, Train: 23.41%, Valid: 16.00%, Test: 22.08%, Best Valid: 22.00%, Best Test: 26.82%
Epoch: 2100, Loss: 0.0000, Train: 23.22%, Valid: 16.00%, Test: 22.03%, Best Valid: 22.00%, Best Test: 26.82%
Epoch: 2200, Loss: 0.0000, Train: 23.17%, Valid: 16.00%, Test: 22.11%, Best Valid: 22.00%, Best Test: 26.82%
Epoch: 2300, Loss: 0.0000, Train: 23.20%, Valid: 14.00%, Test: 22.31%, Best Valid: 22.00%, Best Test: 26.82%
Epoch: 2400, Loss: 0.0000, Train: 23.14%, Valid: 14.00%, Test: 22.11%, Best Valid: 22.00%, Best Test: 26.82%
Run 04:
Highest Train: 33.99
Highest Valid: 22.00
Highest Test: 33.27
Chosen epoch: 22
Final Train: 27.02
Final Test: 26.82
Label budget: 10/class -> 50 train nodes
Matched-budget validation: 50 valid nodes
Epoch: 00, Loss: 1.7850, Train: 4.34%, Valid: 20.00%, Test: 4.34%, Best Valid: 20.00%, Best Test: 4.34%
Epoch: 100, Loss: 0.0004, Train: 19.66%, Valid: 18.00%, Test: 20.25%, Best Valid: 30.00%, Best Test: 17.62%
Epoch: 200, Loss: 0.0002, Train: 19.25%, Valid: 20.00%, Test: 19.94%, Best Valid: 30.00%, Best Test: 17.62%
Epoch: 300, Loss: 0.0001, Train: 19.30%, Valid: 20.00%, Test: 20.25%, Best Valid: 30.00%, Best Test: 17.62%
Epoch: 400, Loss: 0.0000, Train: 19.30%, Valid: 20.00%, Test: 20.25%, Best Valid: 30.00%, Best Test: 17.62%
Epoch: 500, Loss: 0.0001, Train: 19.28%, Valid: 20.00%, Test: 20.10%, Best Valid: 30.00%, Best Test: 17.62%
Epoch: 600, Loss: 0.0000, Train: 19.23%, Valid: 20.00%, Test: 20.20%, Best Valid: 30.00%, Best Test: 17.62%
Epoch: 700, Loss: 0.0000, Train: 19.29%, Valid: 20.00%, Test: 20.24%, Best Valid: 30.00%, Best Test: 17.62%
Epoch: 800, Loss: 0.0000, Train: 19.36%, Valid: 20.00%, Test: 20.33%, Best Valid: 30.00%, Best Test: 17.62%
Epoch: 900, Loss: 0.0000, Train: 19.35%, Valid: 18.00%, Test: 20.24%, Best Valid: 30.00%, Best Test: 17.62%
Epoch: 1000, Loss: 0.0000, Train: 19.26%, Valid: 18.00%, Test: 20.09%, Best Valid: 30.00%, Best Test: 17.62%
Epoch: 1100, Loss: 0.0000, Train: 19.23%, Valid: 18.00%, Test: 20.07%, Best Valid: 30.00%, Best Test: 17.62%
Epoch: 1200, Loss: 0.0000, Train: 19.21%, Valid: 16.00%, Test: 20.12%, Best Valid: 30.00%, Best Test: 17.62%
Epoch: 1300, Loss: 0.0000, Train: 19.31%, Valid: 16.00%, Test: 20.04%, Best Valid: 30.00%, Best Test: 17.62%
Epoch: 1400, Loss: 0.0000, Train: 19.21%, Valid: 16.00%, Test: 19.79%, Best Valid: 30.00%, Best Test: 17.62%
Epoch: 1500, Loss: 0.0000, Train: 19.29%, Valid: 14.00%, Test: 19.99%, Best Valid: 30.00%, Best Test: 17.62%
Epoch: 1600, Loss: 0.0000, Train: 19.22%, Valid: 14.00%, Test: 19.94%, Best Valid: 30.00%, Best Test: 17.62%
Epoch: 1700, Loss: 0.0000, Train: 19.35%, Valid: 18.00%, Test: 19.61%, Best Valid: 30.00%, Best Test: 17.62%
Epoch: 1800, Loss: 0.0000, Train: 19.27%, Valid: 18.00%, Test: 19.53%, Best Valid: 30.00%, Best Test: 17.62%
Epoch: 1900, Loss: 0.0000, Train: 19.25%, Valid: 18.00%, Test: 19.57%, Best Valid: 30.00%, Best Test: 17.62%
Epoch: 2000, Loss: 0.0000, Train: 19.20%, Valid: 14.00%, Test: 19.52%, Best Valid: 30.00%, Best Test: 17.62%
Epoch: 2100, Loss: 0.0000, Train: 19.23%, Valid: 14.00%, Test: 19.48%, Best Valid: 30.00%, Best Test: 17.62%
Epoch: 2200, Loss: 0.0000, Train: 19.31%, Valid: 14.00%, Test: 19.48%, Best Valid: 30.00%, Best Test: 17.62%
Epoch: 2300, Loss: 0.0000, Train: 19.30%, Valid: 14.00%, Test: 19.55%, Best Valid: 30.00%, Best Test: 17.62%
Epoch: 2400, Loss: 0.0000, Train: 19.29%, Valid: 14.00%, Test: 19.57%, Best Valid: 30.00%, Best Test: 17.62%
Run 05:
Highest Train: 20.30
Highest Valid: 30.00
Highest Test: 20.86
Chosen epoch: 26
Final Train: 17.88
Final Test: 17.62
Label budget: 10/class -> 50 train nodes
Matched-budget validation: 50 valid nodes
Epoch: 00, Loss: 1.6898, Train: 9.00%, Valid: 20.00%, Test: 8.95%, Best Valid: 20.00%, Best Test: 8.95%
Epoch: 100, Loss: 0.0001, Train: 19.59%, Valid: 28.00%, Test: 20.32%, Best Valid: 32.00%, Best Test: 18.77%
Epoch: 200, Loss: 0.0001, Train: 19.84%, Valid: 28.00%, Test: 20.51%, Best Valid: 32.00%, Best Test: 18.77%
Epoch: 300, Loss: 0.0000, Train: 19.71%, Valid: 26.00%, Test: 20.46%, Best Valid: 32.00%, Best Test: 18.77%
Epoch: 400, Loss: 0.0001, Train: 19.70%, Valid: 28.00%, Test: 20.33%, Best Valid: 32.00%, Best Test: 18.77%
Epoch: 500, Loss: 0.0000, Train: 19.70%, Valid: 28.00%, Test: 20.40%, Best Valid: 32.00%, Best Test: 18.77%
Epoch: 600, Loss: 0.0000, Train: 19.90%, Valid: 24.00%, Test: 20.55%, Best Valid: 32.00%, Best Test: 18.77%
Epoch: 700, Loss: 0.0000, Train: 19.70%, Valid: 24.00%, Test: 20.50%, Best Valid: 32.00%, Best Test: 18.77%
Epoch: 800, Loss: 0.0000, Train: 19.75%, Valid: 24.00%, Test: 20.56%, Best Valid: 32.00%, Best Test: 18.77%
Epoch: 900, Loss: 0.0000, Train: 19.74%, Valid: 24.00%, Test: 20.64%, Best Valid: 32.00%, Best Test: 18.77%
Epoch: 1000, Loss: 0.0000, Train: 19.97%, Valid: 22.00%, Test: 20.63%, Best Valid: 32.00%, Best Test: 18.77%
Epoch: 1100, Loss: 0.0000, Train: 19.92%, Valid: 22.00%, Test: 20.66%, Best Valid: 32.00%, Best Test: 18.77%
Epoch: 1200, Loss: 0.0000, Train: 19.76%, Valid: 24.00%, Test: 20.53%, Best Valid: 32.00%, Best Test: 18.77%
Epoch: 1300, Loss: 0.0000, Train: 19.62%, Valid: 24.00%, Test: 20.53%, Best Valid: 32.00%, Best Test: 18.77%
Epoch: 1400, Loss: 0.0000, Train: 20.28%, Valid: 28.00%, Test: 20.20%, Best Valid: 32.00%, Best Test: 18.77%
Epoch: 1500, Loss: 0.0000, Train: 20.31%, Valid: 26.00%, Test: 20.40%, Best Valid: 32.00%, Best Test: 18.77%
Epoch: 1600, Loss: 0.0000, Train: 20.19%, Valid: 26.00%, Test: 20.46%, Best Valid: 32.00%, Best Test: 18.77%
Epoch: 1700, Loss: 0.0000, Train: 20.19%, Valid: 26.00%, Test: 20.61%, Best Valid: 32.00%, Best Test: 18.77%
Epoch: 1800, Loss: 0.0000, Train: 20.22%, Valid: 26.00%, Test: 20.56%, Best Valid: 32.00%, Best Test: 18.77%
Epoch: 1900, Loss: 0.0000, Train: 20.24%, Valid: 26.00%, Test: 20.56%, Best Valid: 32.00%, Best Test: 18.77%
Epoch: 2000, Loss: 0.0000, Train: 20.23%, Valid: 26.00%, Test: 20.41%, Best Valid: 32.00%, Best Test: 18.77%
Epoch: 2100, Loss: 0.0000, Train: 20.24%, Valid: 26.00%, Test: 20.56%, Best Valid: 32.00%, Best Test: 18.77%
Epoch: 2200, Loss: 0.0000, Train: 20.23%, Valid: 28.00%, Test: 20.50%, Best Valid: 32.00%, Best Test: 18.77%
Epoch: 2300, Loss: 0.0000, Train: 20.24%, Valid: 28.00%, Test: 20.69%, Best Valid: 32.00%, Best Test: 18.77%
Epoch: 2400, Loss: 0.0000, Train: 20.12%, Valid: 26.00%, Test: 20.55%, Best Valid: 32.00%, Best Test: 18.77%
Run 06:
Highest Train: 21.93
Highest Valid: 32.00
Highest Test: 21.88
Chosen epoch: 55
Final Train: 18.64
Final Test: 18.77
Label budget: 10/class -> 50 train nodes
Matched-budget validation: 50 valid nodes
Epoch: 00, Loss: 1.6229, Train: 36.78%, Valid: 20.00%, Test: 36.80%, Best Valid: 20.00%, Best Test: 36.80%
Epoch: 100, Loss: 0.0003, Train: 25.24%, Valid: 12.00%, Test: 24.74%, Best Valid: 26.00%, Best Test: 18.59%
Epoch: 200, Loss: 0.0001, Train: 25.52%, Valid: 12.00%, Test: 24.68%, Best Valid: 26.00%, Best Test: 18.59%
Epoch: 300, Loss: 0.0001, Train: 25.49%, Valid: 12.00%, Test: 24.71%, Best Valid: 26.00%, Best Test: 18.59%
Epoch: 400, Loss: 0.0001, Train: 25.45%, Valid: 12.00%, Test: 24.84%, Best Valid: 26.00%, Best Test: 18.59%
Epoch: 500, Loss: 0.0000, Train: 25.42%, Valid: 12.00%, Test: 24.84%, Best Valid: 26.00%, Best Test: 18.59%
Epoch: 600, Loss: 0.0000, Train: 25.44%, Valid: 12.00%, Test: 24.96%, Best Valid: 26.00%, Best Test: 18.59%
Epoch: 700, Loss: 0.0000, Train: 25.45%, Valid: 12.00%, Test: 24.84%, Best Valid: 26.00%, Best Test: 18.59%
Epoch: 800, Loss: 0.0000, Train: 25.46%, Valid: 10.00%, Test: 24.84%, Best Valid: 26.00%, Best Test: 18.59%
Epoch: 900, Loss: 0.0000, Train: 25.40%, Valid: 10.00%, Test: 24.94%, Best Valid: 26.00%, Best Test: 18.59%
Epoch: 1000, Loss: 0.0000, Train: 25.49%, Valid: 10.00%, Test: 25.05%, Best Valid: 26.00%, Best Test: 18.59%
Epoch: 1100, Loss: 0.0000, Train: 25.47%, Valid: 10.00%, Test: 24.84%, Best Valid: 26.00%, Best Test: 18.59%
Epoch: 1200, Loss: 0.0000, Train: 25.51%, Valid: 10.00%, Test: 24.79%, Best Valid: 26.00%, Best Test: 18.59%
Epoch: 1300, Loss: 0.0000, Train: 25.62%, Valid: 10.00%, Test: 24.81%, Best Valid: 26.00%, Best Test: 18.59%
Epoch: 1400, Loss: 0.0000, Train: 25.65%, Valid: 10.00%, Test: 24.84%, Best Valid: 26.00%, Best Test: 18.59%
Epoch: 1500, Loss: 0.0000, Train: 25.52%, Valid: 10.00%, Test: 24.69%, Best Valid: 26.00%, Best Test: 18.59%
Epoch: 1600, Loss: 0.0000, Train: 25.53%, Valid: 10.00%, Test: 24.79%, Best Valid: 26.00%, Best Test: 18.59%
Epoch: 1700, Loss: 0.0000, Train: 25.49%, Valid: 10.00%, Test: 24.86%, Best Valid: 26.00%, Best Test: 18.59%
Epoch: 1800, Loss: 0.0000, Train: 25.62%, Valid: 12.00%, Test: 24.76%, Best Valid: 26.00%, Best Test: 18.59%
Epoch: 1900, Loss: 0.0000, Train: 25.53%, Valid: 10.00%, Test: 24.73%, Best Valid: 26.00%, Best Test: 18.59%
Epoch: 2000, Loss: 0.0000, Train: 25.61%, Valid: 10.00%, Test: 24.76%, Best Valid: 26.00%, Best Test: 18.59%
Epoch: 2100, Loss: 0.0000, Train: 25.66%, Valid: 10.00%, Test: 24.73%, Best Valid: 26.00%, Best Test: 18.59%
Epoch: 2200, Loss: 0.0000, Train: 25.61%, Valid: 10.00%, Test: 24.79%, Best Valid: 26.00%, Best Test: 18.59%
Epoch: 2300, Loss: 0.0000, Train: 25.57%, Valid: 10.00%, Test: 24.79%, Best Valid: 26.00%, Best Test: 18.59%
Epoch: 2400, Loss: 0.0000, Train: 25.63%, Valid: 12.00%, Test: 24.94%, Best Valid: 26.00%, Best Test: 18.59%
Run 07:
Highest Train: 36.78
Highest Valid: 26.00
Highest Test: 36.80
Chosen epoch: 18
Final Train: 18.98
Final Test: 18.59
Label budget: 10/class -> 50 train nodes
Matched-budget validation: 50 valid nodes
Epoch: 00, Loss: 1.8118, Train: 8.78%, Valid: 20.00%, Test: 8.85%, Best Valid: 20.00%, Best Test: 8.85%
Epoch: 100, Loss: 0.0004, Train: 27.49%, Valid: 20.00%, Test: 26.93%, Best Valid: 22.00%, Best Test: 4.98%
Epoch: 200, Loss: 0.0002, Train: 27.42%, Valid: 18.00%, Test: 27.08%, Best Valid: 22.00%, Best Test: 4.98%
Epoch: 300, Loss: 0.0000, Train: 27.31%, Valid: 22.00%, Test: 26.93%, Best Valid: 22.00%, Best Test: 4.98%
Epoch: 400, Loss: 0.0001, Train: 27.21%, Valid: 20.00%, Test: 26.95%, Best Valid: 22.00%, Best Test: 4.98%
Epoch: 500, Loss: 0.0001, Train: 27.07%, Valid: 20.00%, Test: 26.75%, Best Valid: 22.00%, Best Test: 4.98%
Epoch: 600, Loss: 0.0000, Train: 27.09%, Valid: 20.00%, Test: 26.75%, Best Valid: 22.00%, Best Test: 4.98%
Epoch: 700, Loss: 0.0000, Train: 27.21%, Valid: 20.00%, Test: 26.83%, Best Valid: 22.00%, Best Test: 4.98%
Epoch: 800, Loss: 0.0000, Train: 27.17%, Valid: 20.00%, Test: 26.69%, Best Valid: 22.00%, Best Test: 4.98%
Epoch: 900, Loss: 0.0000, Train: 27.07%, Valid: 20.00%, Test: 26.69%, Best Valid: 22.00%, Best Test: 4.98%
Epoch: 1000, Loss: 0.0000, Train: 27.09%, Valid: 16.00%, Test: 26.70%, Best Valid: 22.00%, Best Test: 4.98%
Epoch: 1100, Loss: 0.0000, Train: 27.15%, Valid: 16.00%, Test: 26.75%, Best Valid: 22.00%, Best Test: 4.98%
Epoch: 1200, Loss: 0.0000, Train: 27.04%, Valid: 16.00%, Test: 26.64%, Best Valid: 22.00%, Best Test: 4.98%
Epoch: 1300, Loss: 0.0000, Train: 27.03%, Valid: 16.00%, Test: 26.64%, Best Valid: 22.00%, Best Test: 4.98%
Epoch: 1400, Loss: 0.0000, Train: 27.00%, Valid: 16.00%, Test: 26.69%, Best Valid: 22.00%, Best Test: 4.98%
Epoch: 1500, Loss: 0.0000, Train: 27.01%, Valid: 16.00%, Test: 26.65%, Best Valid: 22.00%, Best Test: 4.98%
Epoch: 1600, Loss: 0.0000, Train: 27.08%, Valid: 16.00%, Test: 26.67%, Best Valid: 22.00%, Best Test: 4.98%
Epoch: 1700, Loss: 0.0000, Train: 26.97%, Valid: 16.00%, Test: 26.64%, Best Valid: 22.00%, Best Test: 4.98%
Epoch: 1800, Loss: 0.0000, Train: 27.00%, Valid: 16.00%, Test: 26.67%, Best Valid: 22.00%, Best Test: 4.98%
Epoch: 1900, Loss: 0.0000, Train: 27.04%, Valid: 16.00%, Test: 26.62%, Best Valid: 22.00%, Best Test: 4.98%
Epoch: 2000, Loss: 0.0000, Train: 26.91%, Valid: 16.00%, Test: 26.47%, Best Valid: 22.00%, Best Test: 4.98%
Epoch: 2100, Loss: 0.0000, Train: 26.96%, Valid: 16.00%, Test: 26.51%, Best Valid: 22.00%, Best Test: 4.98%
Epoch: 2200, Loss: 0.0000, Train: 26.99%, Valid: 16.00%, Test: 26.51%, Best Valid: 22.00%, Best Test: 4.98%
Epoch: 2300, Loss: 0.0000, Train: 26.89%, Valid: 16.00%, Test: 26.59%, Best Valid: 22.00%, Best Test: 4.98%
Epoch: 2400, Loss: 0.0000, Train: 26.90%, Valid: 16.00%, Test: 26.57%, Best Valid: 22.00%, Best Test: 4.98%
Run 08:
Highest Train: 27.62
Highest Valid: 22.00
Highest Test: 27.24
Chosen epoch: 20
Final Train: 5.07
Final Test: 4.98
Label budget: 10/class -> 50 train nodes
Matched-budget validation: 50 valid nodes
Epoch: 00, Loss: 1.7695, Train: 4.58%, Valid: 22.00%, Test: 4.61%, Best Valid: 22.00%, Best Test: 4.61%
Epoch: 100, Loss: 0.0002, Train: 26.07%, Valid: 24.00%, Test: 25.74%, Best Valid: 24.00%, Best Test: 28.29%
Epoch: 200, Loss: 0.0002, Train: 25.82%, Valid: 22.00%, Test: 25.74%, Best Valid: 24.00%, Best Test: 28.29%
Epoch: 300, Loss: 0.0001, Train: 25.80%, Valid: 20.00%, Test: 25.80%, Best Valid: 24.00%, Best Test: 28.29%
Epoch: 400, Loss: 0.0002, Train: 25.76%, Valid: 22.00%, Test: 25.97%, Best Valid: 24.00%, Best Test: 28.29%
Epoch: 500, Loss: 0.0000, Train: 25.67%, Valid: 20.00%, Test: 25.97%, Best Valid: 24.00%, Best Test: 28.29%
Epoch: 600, Loss: 0.0000, Train: 25.53%, Valid: 20.00%, Test: 25.80%, Best Valid: 24.00%, Best Test: 28.29%
Epoch: 700, Loss: 0.0000, Train: 25.67%, Valid: 20.00%, Test: 25.98%, Best Valid: 24.00%, Best Test: 28.29%
Epoch: 800, Loss: 0.0000, Train: 25.75%, Valid: 20.00%, Test: 25.98%, Best Valid: 24.00%, Best Test: 28.29%
Epoch: 900, Loss: 0.0000, Train: 25.70%, Valid: 20.00%, Test: 25.85%, Best Valid: 24.00%, Best Test: 28.29%
Epoch: 1000, Loss: 0.0000, Train: 25.74%, Valid: 20.00%, Test: 25.89%, Best Valid: 24.00%, Best Test: 28.29%
Epoch: 1100, Loss: 0.0000, Train: 25.73%, Valid: 20.00%, Test: 25.97%, Best Valid: 24.00%, Best Test: 28.29%
Epoch: 1200, Loss: 0.0000, Train: 25.59%, Valid: 20.00%, Test: 25.97%, Best Valid: 24.00%, Best Test: 28.29%
Epoch: 1300, Loss: 0.0000, Train: 25.66%, Valid: 20.00%, Test: 26.07%, Best Valid: 24.00%, Best Test: 28.29%
Epoch: 1400, Loss: 0.0000, Train: 25.65%, Valid: 20.00%, Test: 25.95%, Best Valid: 24.00%, Best Test: 28.29%
Epoch: 1500, Loss: 0.0000, Train: 25.70%, Valid: 20.00%, Test: 25.89%, Best Valid: 24.00%, Best Test: 28.29%
Epoch: 1600, Loss: 0.0000, Train: 25.76%, Valid: 22.00%, Test: 25.80%, Best Valid: 24.00%, Best Test: 28.29%
Epoch: 1700, Loss: 0.0000, Train: 25.80%, Valid: 22.00%, Test: 25.80%, Best Valid: 24.00%, Best Test: 28.29%
Epoch: 1800, Loss: 0.0000, Train: 25.76%, Valid: 24.00%, Test: 25.90%, Best Valid: 24.00%, Best Test: 28.29%
Epoch: 1900, Loss: 0.0000, Train: 25.76%, Valid: 24.00%, Test: 25.95%, Best Valid: 24.00%, Best Test: 28.29%
Epoch: 2000, Loss: 0.0000, Train: 25.63%, Valid: 24.00%, Test: 25.95%, Best Valid: 24.00%, Best Test: 28.29%
Epoch: 2100, Loss: 0.0000, Train: 25.62%, Valid: 24.00%, Test: 25.89%, Best Valid: 24.00%, Best Test: 28.29%
Epoch: 2200, Loss: 0.0000, Train: 25.64%, Valid: 24.00%, Test: 26.03%, Best Valid: 24.00%, Best Test: 28.29%
Epoch: 2300, Loss: 0.0000, Train: 25.70%, Valid: 24.00%, Test: 26.13%, Best Valid: 24.00%, Best Test: 28.29%
Epoch: 2400, Loss: 0.0000, Train: 25.60%, Valid: 24.00%, Test: 26.10%, Best Valid: 24.00%, Best Test: 28.29%
Run 09:
Highest Train: 36.87
Highest Valid: 24.00
Highest Test: 36.81
Chosen epoch: 76
Final Train: 28.41
Final Test: 28.29
Label budget: 10/class -> 50 train nodes
Matched-budget validation: 50 valid nodes
Epoch: 00, Loss: 1.7646, Train: 26.87%, Valid: 22.00%, Test: 27.03%, Best Valid: 22.00%, Best Test: 27.03%
Epoch: 100, Loss: 0.0001, Train: 23.34%, Valid: 34.00%, Test: 23.53%, Best Valid: 34.00%, Best Test: 23.32%
Epoch: 200, Loss: 0.0001, Train: 23.26%, Valid: 32.00%, Test: 23.60%, Best Valid: 34.00%, Best Test: 23.32%
Epoch: 300, Loss: 0.0000, Train: 23.23%, Valid: 32.00%, Test: 23.40%, Best Valid: 34.00%, Best Test: 23.32%
Epoch: 400, Loss: 0.0000, Train: 23.24%, Valid: 28.00%, Test: 23.31%, Best Valid: 34.00%, Best Test: 23.32%
Epoch: 500, Loss: 0.0000, Train: 23.35%, Valid: 28.00%, Test: 23.39%, Best Valid: 34.00%, Best Test: 23.32%
Epoch: 600, Loss: 0.0000, Train: 23.33%, Valid: 28.00%, Test: 23.45%, Best Valid: 34.00%, Best Test: 23.32%
Epoch: 700, Loss: 0.0000, Train: 23.23%, Valid: 28.00%, Test: 23.39%, Best Valid: 34.00%, Best Test: 23.32%
Epoch: 800, Loss: 0.0000, Train: 23.29%, Valid: 28.00%, Test: 23.39%, Best Valid: 34.00%, Best Test: 23.32%
Epoch: 900, Loss: 0.0000, Train: 23.23%, Valid: 28.00%, Test: 23.40%, Best Valid: 34.00%, Best Test: 23.32%
Epoch: 1000, Loss: 0.0000, Train: 23.34%, Valid: 28.00%, Test: 23.32%, Best Valid: 34.00%, Best Test: 23.32%
Epoch: 1100, Loss: 0.0001, Train: 23.34%, Valid: 28.00%, Test: 23.21%, Best Valid: 34.00%, Best Test: 23.32%
Epoch: 1200, Loss: 0.0000, Train: 23.35%, Valid: 28.00%, Test: 23.13%, Best Valid: 34.00%, Best Test: 23.32%
Epoch: 1300, Loss: 0.0000, Train: 23.32%, Valid: 28.00%, Test: 23.11%, Best Valid: 34.00%, Best Test: 23.32%
Epoch: 1400, Loss: 0.0000, Train: 23.27%, Valid: 28.00%, Test: 23.22%, Best Valid: 34.00%, Best Test: 23.32%
Epoch: 1500, Loss: 0.0000, Train: 23.28%, Valid: 28.00%, Test: 23.26%, Best Valid: 34.00%, Best Test: 23.32%
Epoch: 1600, Loss: 0.0000, Train: 23.35%, Valid: 28.00%, Test: 23.24%, Best Valid: 34.00%, Best Test: 23.32%
Epoch: 1700, Loss: 0.0000, Train: 23.22%, Valid: 26.00%, Test: 23.32%, Best Valid: 34.00%, Best Test: 23.32%
Epoch: 1800, Loss: 0.0000, Train: 23.27%, Valid: 26.00%, Test: 23.35%, Best Valid: 34.00%, Best Test: 23.32%
Epoch: 1900, Loss: 0.0000, Train: 23.21%, Valid: 26.00%, Test: 23.31%, Best Valid: 34.00%, Best Test: 23.32%
Epoch: 2000, Loss: 0.0000, Train: 23.25%, Valid: 26.00%, Test: 23.26%, Best Valid: 34.00%, Best Test: 23.32%
Epoch: 2100, Loss: 0.0000, Train: 23.16%, Valid: 26.00%, Test: 23.29%, Best Valid: 34.00%, Best Test: 23.32%
Epoch: 2200, Loss: 0.0000, Train: 23.13%, Valid: 28.00%, Test: 23.39%, Best Valid: 34.00%, Best Test: 23.32%
Epoch: 2300, Loss: 0.0000, Train: 23.21%, Valid: 28.00%, Test: 23.29%, Best Valid: 34.00%, Best Test: 23.32%
Epoch: 2400, Loss: 0.0000, Train: 23.14%, Valid: 28.00%, Test: 23.22%, Best Valid: 34.00%, Best Test: 23.32%
Run 10:
Highest Train: 26.87
Highest Valid: 34.00
Highest Test: 27.03
Chosen epoch: 77
Final Train: 22.97
Final Test: 23.32
All runs:
Highest Train: 29.92 ± 6.40
Highest Test: 29.82 ± 6.27
Highest Valid: 27.20 ± 5.01
  Final Train: 20.27 ± 7.05
   Final Test: 20.18 ± 7.03
Saving results to results/lowlabel_mv/amazon-ratings/MPNN_gcn.csv
Low-label sweep completed.
Task 98 done.
