Sat Aug  8 19:17:42 2026       
+-----------------------------------------------------------------------------------------+
| NVIDIA-SMI 580.159.04             Driver Version: 580.159.04     CUDA Version: 13.0     |
+-----------------------------------------+------------------------+----------------------+
| GPU  Name                 Persistence-M | Bus-Id          Disp.A | Volatile Uncorr. ECC |
| Fan  Temp   Perf          Pwr:Usage/Cap |           Memory-Usage | GPU-Util  Compute M. |
|                                         |                        |               MIG M. |
|=========================================+========================+======================|
|   0  NVIDIA A100-SXM4-80GB          On  |   00000000:01:00.0 Off |                   On |
| N/A   58C    P0            296W /  500W |   53059MiB /  81920MiB |     N/A      Default |
|                                         |                        |              Enabled |
+-----------------------------------------+------------------------+----------------------+
|   1  NVIDIA A100-SXM4-80GB          On  |   00000000:41:00.0 Off |                   On |
| N/A   50C    P0            271W /  500W |   44437MiB /  81920MiB |     N/A      Default |
|                                         |                        |              Enabled |
+-----------------------------------------+------------------------+----------------------+
|   2  NVIDIA A100-SXM4-80GB          On  |   00000000:81:00.0 Off |                   On |
| N/A   43C    P0             95W /  500W |    3810MiB /  81920MiB |     N/A      Default |
|                                         |                        |              Enabled |
+-----------------------------------------+------------------------+----------------------+
|   3  NVIDIA A100-SXM4-80GB          On  |   00000000:C1:00.0 Off |                   On |
| N/A   45C    P0            249W /  500W |   41904MiB /  81920MiB |     N/A      Default |
|                                         |                        |              Enabled |
+-----------------------------------------+------------------------+----------------------+

+-----------------------------------------------------------------------------------------+
| MIG devices:                                                                            |
+------------------+----------------------------------+-----------+-----------------------+
| GPU  GI  CI  MIG |              Shared Memory-Usage |        Vol|        Shared         |
|      ID  ID  Dev |                Shared BAR1-Usage | SM     Unc| CE ENC  DEC  OFA  JPG |
|                  |                                  |        ECC|                       |
|==================+==================================+===========+=======================|
|  2    3   0   0  |              71MiB / 19968MiB    | 28      0 |  2   0    1    0    0 |
|                  |               0MiB / 12271MiB    |           |                       |
+------------------+----------------------------------+-----------+-----------------------+

+-----------------------------------------------------------------------------------------+
| Processes:                                                                              |
|  GPU   GI   CI              PID   Type   Process name                        GPU Memory |
|        ID   ID                                                               Usage      |
|=========================================================================================|
|    0    3    0           395971      C   python                                 2700MiB |
|    0   10    0           740369      C   ...ware/symmetrix-env/bin/python       8560MiB |
|    0    9    0           740370      C   ...ware/symmetrix-env/bin/python       2216MiB |
|    0    2    0          4062632      C   python                                39270MiB |
|    1    3    0           398789      C   python                                 2700MiB |
|    1   10    0           742139      C   ...ware/symmetrix-env/bin/python       2194MiB |
|    1    2    0          4058001      C   python                                39270MiB |
|    3    5    0           396922      C   python                                 2368MiB |
|    3    1    0          4058657      C   python                                39270MiB |
+-----------------------------------------------------------------------------------------+
Cell: amazon-ratings / polynormer / budget 2 per class / group 0
python main.py --model polynormer --dataset amazon-ratings --hidden_channels 256 --local_epochs 200 --global_epochs 2500 --lr 0.001 --runs 10 --local_layers 10 --global_layers 1 --weight_decay 0.0 --dropout 0.3 --in_dropout 0.2 --num_heads 2 --save_model --device 0 --model_dir models/lowlabel_1161133_325 --train_per_class 2 --budget_tag 2
==========================================================
Low-label sweep: python main.py --model polynormer --dataset amazon-ratings --hidden_channels 256 --local_epochs 200 --global_epochs 2500 --lr 0.001 --runs 10 --local_layers 10 --global_layers 1 --weight_decay 0.0 --dropout 0.3 --in_dropout 0.2 --num_heads 2 --save_model --device 0 --model_dir models/lowlabel_1161133_325 --train_per_class 2 --budget_tag 2
result_dir=../results/lowlabel conditions=[baseline]
==========================================================
--- baseline ---
Namespace(aggregate='add', alpha=0.5, attention='gcn', beta=-1.0, bn=False, budget_tag='2', count_reg=False, count_smoothing=1.0, cpu=False, data_dir='../data/', dataset='amazon-ratings', device=0, dim_inner=256, display_step=100, dropout=0.3, epochs=500, global_dropout=None, global_epochs=2500, global_layers=1, gnn='gcn', graph_weight=0.8, hidden_channels=256, hops=10, in_dropout=0.2, jk=False, label_num_per_class=20, lambda_val=0.5, layers=1, ln=False, local_epochs=200, local_gnn_type='GCN', local_layers=10, lr=0.001, metric='acc', mlp_epochs=500, mlp_reg=False, model='polynormer', model_dir='models/lowlabel_1161133_325', n_heads=2, num_centroids=4096, num_heads=2, oracle_reg=False, paired_seeds=True, pe_types='RWSE', penalty_transform='none', pre_linear=False, pre_ln=False, rand_split=False, rand_split_class=False, reg_start_epoch=10, reg_update_freq=5, res=False, resample_split_per_run=False, result_dir='../results/lowlabel', runs=10, save_model=True, save_result=False, seed=42, test_num=1000, tr_dropout=None, tr_layers=1, tr_weight_decay=None, train_per_class=2, train_prop=0.5, use_act=False, use_bn=False, use_graph=False, use_reg=False, use_residual=False, use_weight=False, valid_num=500, valid_per_class=0, valid_prop=0.25, weight_decay=0.0)
amazon-ratings
dataset amazon-ratings | num nodes 24492 | num edge 93050 | num node feats 300 | num classes 5
MODEL: Polynormer(
  (h_lins): ModuleList(
    (0): Linear(in_features=512, out_features=512, bias=True)
    (1): Linear(in_features=512, out_features=512, bias=True)
    (2): Linear(in_features=512, out_features=512, bias=True)
    (3): Linear(in_features=512, out_features=512, bias=True)
    (4): Linear(in_features=512, out_features=512, bias=True)
    (5): Linear(in_features=512, out_features=512, bias=True)
    (6): Linear(in_features=512, out_features=512, bias=True)
    (7): Linear(in_features=512, out_features=512, bias=True)
    (8): Linear(in_features=512, out_features=512, bias=True)
    (9): Linear(in_features=512, out_features=512, bias=True)
  )
  (local_convs): ModuleList(
    (0): GATConv(512, 256, heads=2)
    (1): GATConv(512, 256, heads=2)
    (2): GATConv(512, 256, heads=2)
    (3): GATConv(512, 256, heads=2)
    (4): GATConv(512, 256, heads=2)
    (5): GATConv(512, 256, heads=2)
    (6): GATConv(512, 256, heads=2)
    (7): GATConv(512, 256, heads=2)
    (8): GATConv(512, 256, heads=2)
    (9): GATConv(512, 256, heads=2)
  )
  (lins): ModuleList(
    (0): Linear(in_features=512, out_features=512, bias=True)
    (1): Linear(in_features=512, out_features=512, bias=True)
    (2): Linear(in_features=512, out_features=512, bias=True)
    (3): Linear(in_features=512, out_features=512, bias=True)
    (4): Linear(in_features=512, out_features=512, bias=True)
    (5): Linear(in_features=512, out_features=512, bias=True)
    (6): Linear(in_features=512, out_features=512, bias=True)
    (7): Linear(in_features=512, out_features=512, bias=True)
    (8): Linear(in_features=512, out_features=512, bias=True)
    (9): Linear(in_features=512, out_features=512, bias=True)
  )
  (lns): ModuleList(
    (0): LayerNorm((512,), eps=1e-05, elementwise_affine=True)
    (1): LayerNorm((512,), eps=1e-05, elementwise_affine=True)
    (2): LayerNorm((512,), eps=1e-05, elementwise_affine=True)
    (3): LayerNorm((512,), eps=1e-05, elementwise_affine=True)
    (4): LayerNorm((512,), eps=1e-05, elementwise_affine=True)
    (5): LayerNorm((512,), eps=1e-05, elementwise_affine=True)
    (6): LayerNorm((512,), eps=1e-05, elementwise_affine=True)
    (7): LayerNorm((512,), eps=1e-05, elementwise_affine=True)
    (8): LayerNorm((512,), eps=1e-05, elementwise_affine=True)
    (9): LayerNorm((512,), eps=1e-05, elementwise_affine=True)
  )
  (lin_in): Linear(in_features=300, out_features=512, bias=True)
  (ln): LayerNorm((512,), eps=1e-05, elementwise_affine=True)
  (global_attn): GlobalAttn(
    (h_lins): ModuleList(
      (0): Linear(in_features=512, out_features=512, bias=True)
    )
    (k_lins): ModuleList(
      (0): Linear(in_features=512, out_features=512, bias=True)
    )
    (v_lins): ModuleList(
      (0): Linear(in_features=512, out_features=512, bias=True)
    )
    (lns): ModuleList(
      (0): LayerNorm((512,), eps=1e-05, elementwise_affine=True)
    )
    (lin_out): Linear(in_features=512, out_features=512, bias=True)
  )
  (pred_local): Linear(in_features=512, out_features=5, bias=True)
  (pred_global): Linear(in_features=512, out_features=5, bias=True)
)
Label budget: 2/class -> 10 train nodes
Epoch: 00, Loss: 2.3147, Train: 12.82%, Valid: 12.95%, Test: 13.11%, Best Valid: 12.95%, Best Test: 13.11%
Epoch: 100, Loss: 0.0003, Train: 19.64%, Valid: 19.39%, Test: 19.58%, Best Valid: 36.88%, Best Test: 36.27%
Switching Polynormer to global attention phase.
Epoch: 200, Loss: 1.6236, Train: 4.34%, Valid: 4.33%, Test: 4.33%, Best Valid: 36.88%, Best Test: 36.27%
Epoch: 300, Loss: 0.0021, Train: 30.89%, Valid: 30.93%, Test: 30.70%, Best Valid: 36.88%, Best Test: 36.27%
Epoch: 400, Loss: 0.0000, Train: 26.90%, Valid: 26.70%, Test: 27.29%, Best Valid: 36.88%, Best Test: 36.27%
Epoch: 500, Loss: 0.0002, Train: 27.64%, Valid: 27.47%, Test: 28.11%, Best Valid: 36.88%, Best Test: 36.27%
Epoch: 600, Loss: 0.0000, Train: 26.93%, Valid: 26.83%, Test: 27.45%, Best Valid: 36.88%, Best Test: 36.27%
Epoch: 700, Loss: 0.0000, Train: 27.14%, Valid: 26.98%, Test: 27.55%, Best Valid: 36.88%, Best Test: 36.27%
Epoch: 800, Loss: 0.0000, Train: 27.01%, Valid: 26.93%, Test: 27.37%, Best Valid: 36.88%, Best Test: 36.27%
Epoch: 900, Loss: 0.0000, Train: 26.55%, Valid: 26.49%, Test: 27.13%, Best Valid: 36.88%, Best Test: 36.27%
Epoch: 1000, Loss: 0.0000, Train: 26.10%, Valid: 26.02%, Test: 26.51%, Best Valid: 36.88%, Best Test: 36.27%
Epoch: 1100, Loss: 0.0000, Train: 26.63%, Valid: 26.47%, Test: 27.21%, Best Valid: 36.88%, Best Test: 36.27%
Epoch: 1200, Loss: 0.0000, Train: 26.62%, Valid: 26.56%, Test: 27.03%, Best Valid: 36.88%, Best Test: 36.27%
Epoch: 1300, Loss: 0.0000, Train: 26.47%, Valid: 26.38%, Test: 26.75%, Best Valid: 36.88%, Best Test: 36.27%
Epoch: 1400, Loss: 0.0000, Train: 25.96%, Valid: 25.72%, Test: 26.38%, Best Valid: 36.88%, Best Test: 36.27%
Epoch: 1500, Loss: 0.0000, Train: 25.62%, Valid: 25.36%, Test: 25.74%, Best Valid: 36.88%, Best Test: 36.27%
Epoch: 1600, Loss: 0.0000, Train: 25.45%, Valid: 25.23%, Test: 25.53%, Best Valid: 36.88%, Best Test: 36.27%
Epoch: 1700, Loss: 0.0000, Train: 25.32%, Valid: 25.07%, Test: 25.48%, Best Valid: 36.88%, Best Test: 36.27%
Epoch: 1800, Loss: 0.0000, Train: 25.45%, Valid: 25.17%, Test: 25.53%, Best Valid: 36.88%, Best Test: 36.27%
Epoch: 1900, Loss: 0.0000, Train: 25.38%, Valid: 25.13%, Test: 25.45%, Best Valid: 36.88%, Best Test: 36.27%
Epoch: 2000, Loss: 0.0000, Train: 25.13%, Valid: 25.02%, Test: 25.30%, Best Valid: 36.88%, Best Test: 36.27%
Epoch: 2100, Loss: 0.0000, Train: 25.02%, Valid: 24.96%, Test: 25.27%, Best Valid: 36.88%, Best Test: 36.27%
Epoch: 2200, Loss: 0.0000, Train: 24.96%, Valid: 24.82%, Test: 25.25%, Best Valid: 36.88%, Best Test: 36.27%
Epoch: 2300, Loss: 0.0000, Train: 24.76%, Valid: 24.69%, Test: 25.17%, Best Valid: 36.88%, Best Test: 36.27%
Epoch: 2400, Loss: 0.0000, Train: 24.74%, Valid: 24.68%, Test: 25.18%, Best Valid: 36.88%, Best Test: 36.27%
Epoch: 2500, Loss: 0.0000, Train: 24.56%, Valid: 24.40%, Test: 25.05%, Best Valid: 36.88%, Best Test: 36.27%
Epoch: 2600, Loss: 0.0000, Train: 24.57%, Valid: 24.45%, Test: 25.09%, Best Valid: 36.88%, Best Test: 36.27%
Run 01:
Highest Train: 36.79
Highest Valid: 36.88
Highest Test: 36.81
Chosen epoch: 6
Final Train: 35.38
Final Test: 36.27
Label budget: 2/class -> 10 train nodes
Epoch: 00, Loss: 1.8868, Train: 36.47%, Valid: 36.47%, Test: 36.70%, Best Valid: 36.47%, Best Test: 36.70%
Epoch: 100, Loss: 0.0032, Train: 21.12%, Valid: 22.15%, Test: 21.22%, Best Valid: 36.47%, Best Test: 36.70%
Switching Polynormer to global attention phase.
Epoch: 200, Loss: 1.6465, Train: 23.17%, Valid: 23.17%, Test: 23.17%, Best Valid: 36.47%, Best Test: 36.70%
Epoch: 300, Loss: 0.0002, Train: 17.23%, Valid: 17.64%, Test: 17.46%, Best Valid: 36.78%, Best Test: 36.80%
Epoch: 400, Loss: 0.0001, Train: 18.88%, Valid: 19.03%, Test: 18.80%, Best Valid: 36.78%, Best Test: 36.80%
Epoch: 500, Loss: 0.0000, Train: 18.19%, Valid: 18.47%, Test: 18.10%, Best Valid: 36.78%, Best Test: 36.80%
Epoch: 600, Loss: 0.0000, Train: 18.71%, Valid: 18.96%, Test: 18.75%, Best Valid: 36.78%, Best Test: 36.80%
Epoch: 700, Loss: 0.0000, Train: 18.25%, Valid: 18.29%, Test: 18.06%, Best Valid: 36.78%, Best Test: 36.80%
Epoch: 800, Loss: 0.0000, Train: 18.43%, Valid: 18.42%, Test: 18.19%, Best Valid: 36.78%, Best Test: 36.80%
Epoch: 900, Loss: 0.0000, Train: 13.21%, Valid: 13.65%, Test: 13.39%, Best Valid: 36.78%, Best Test: 36.80%
Epoch: 1000, Loss: 0.0000, Train: 13.72%, Valid: 14.11%, Test: 13.83%, Best Valid: 36.78%, Best Test: 36.80%
Epoch: 1100, Loss: 0.0000, Train: 13.98%, Valid: 14.16%, Test: 13.83%, Best Valid: 36.78%, Best Test: 36.80%
Epoch: 1200, Loss: 0.0000, Train: 14.46%, Valid: 14.85%, Test: 14.36%, Best Valid: 36.78%, Best Test: 36.80%
Epoch: 1300, Loss: 0.0000, Train: 14.55%, Valid: 14.86%, Test: 14.50%, Best Valid: 36.78%, Best Test: 36.80%
Epoch: 1400, Loss: 0.0000, Train: 14.66%, Valid: 14.98%, Test: 14.68%, Best Valid: 36.78%, Best Test: 36.80%
Epoch: 1500, Loss: 0.0000, Train: 15.21%, Valid: 15.55%, Test: 15.03%, Best Valid: 36.78%, Best Test: 36.80%
Epoch: 1600, Loss: 0.0000, Train: 15.33%, Valid: 15.58%, Test: 15.19%, Best Valid: 36.78%, Best Test: 36.80%
Epoch: 1700, Loss: 0.0000, Train: 15.28%, Valid: 15.73%, Test: 15.19%, Best Valid: 36.78%, Best Test: 36.80%
Epoch: 1800, Loss: 0.0000, Train: 15.29%, Valid: 15.76%, Test: 15.20%, Best Valid: 36.78%, Best Test: 36.80%
Epoch: 1900, Loss: 0.0000, Train: 15.25%, Valid: 15.61%, Test: 15.20%, Best Valid: 36.78%, Best Test: 36.80%
Epoch: 2000, Loss: 0.0000, Train: 15.29%, Valid: 15.56%, Test: 15.16%, Best Valid: 36.78%, Best Test: 36.80%
Epoch: 2100, Loss: 0.0000, Train: 15.45%, Valid: 15.94%, Test: 15.55%, Best Valid: 36.78%, Best Test: 36.80%
Epoch: 2200, Loss: 0.0000, Train: 15.24%, Valid: 15.63%, Test: 15.42%, Best Valid: 36.78%, Best Test: 36.80%
Epoch: 2300, Loss: 0.0000, Train: 14.95%, Valid: 15.19%, Test: 14.99%, Best Valid: 36.78%, Best Test: 36.80%
Epoch: 2400, Loss: 0.0000, Train: 14.94%, Valid: 15.22%, Test: 14.98%, Best Valid: 36.78%, Best Test: 36.80%
Epoch: 2500, Loss: 0.0000, Train: 15.02%, Valid: 15.20%, Test: 15.12%, Best Valid: 36.78%, Best Test: 36.80%
Epoch: 2600, Loss: 0.0000, Train: 15.07%, Valid: 15.34%, Test: 15.19%, Best Valid: 36.78%, Best Test: 36.80%
Run 02:
Highest Train: 36.79
Highest Valid: 36.78
Highest Test: 36.80
Chosen epoch: 209
Final Train: 36.79
Final Test: 36.80
Label budget: 2/class -> 10 train nodes
Epoch: 00, Loss: 2.2634, Train: 12.20%, Valid: 12.48%, Test: 12.35%, Best Valid: 12.48%, Best Test: 12.35%
Epoch: 100, Loss: 0.0023, Train: 30.26%, Valid: 29.30%, Test: 29.74%, Best Valid: 36.80%, Best Test: 36.80%
Switching Polynormer to global attention phase.
Epoch: 200, Loss: 1.6475, Train: 6.36%, Valid: 5.86%, Test: 6.03%, Best Valid: 36.80%, Best Test: 36.80%
Epoch: 300, Loss: 0.1023, Train: 24.25%, Valid: 23.55%, Test: 23.81%, Best Valid: 36.80%, Best Test: 36.80%
Epoch: 400, Loss: 0.0000, Train: 26.88%, Valid: 27.16%, Test: 26.85%, Best Valid: 36.80%, Best Test: 36.80%
Epoch: 500, Loss: 0.0001, Train: 26.75%, Valid: 27.05%, Test: 26.90%, Best Valid: 36.80%, Best Test: 36.80%
Epoch: 600, Loss: 0.0000, Train: 26.40%, Valid: 26.62%, Test: 26.57%, Best Valid: 36.80%, Best Test: 36.80%
Epoch: 700, Loss: 0.0000, Train: 26.35%, Valid: 26.65%, Test: 26.47%, Best Valid: 36.80%, Best Test: 36.80%
Epoch: 800, Loss: 0.0000, Train: 26.38%, Valid: 26.59%, Test: 26.44%, Best Valid: 36.80%, Best Test: 36.80%
Epoch: 900, Loss: 0.0000, Train: 26.18%, Valid: 26.44%, Test: 26.18%, Best Valid: 36.80%, Best Test: 36.80%
Epoch: 1000, Loss: 0.0000, Train: 26.08%, Valid: 26.36%, Test: 26.08%, Best Valid: 36.80%, Best Test: 36.80%
Epoch: 1100, Loss: 0.0000, Train: 26.04%, Valid: 26.25%, Test: 26.10%, Best Valid: 36.80%, Best Test: 36.80%
Epoch: 1200, Loss: 0.0000, Train: 26.02%, Valid: 26.21%, Test: 26.03%, Best Valid: 36.80%, Best Test: 36.80%
Epoch: 1300, Loss: 0.0000, Train: 26.02%, Valid: 26.16%, Test: 26.03%, Best Valid: 36.80%, Best Test: 36.80%
Epoch: 1400, Loss: 0.0000, Train: 26.02%, Valid: 26.26%, Test: 25.98%, Best Valid: 36.80%, Best Test: 36.80%
Epoch: 1500, Loss: 0.0000, Train: 26.02%, Valid: 26.20%, Test: 25.93%, Best Valid: 36.80%, Best Test: 36.80%
Epoch: 1600, Loss: 0.0000, Train: 26.02%, Valid: 26.15%, Test: 25.95%, Best Valid: 36.80%, Best Test: 36.80%
Epoch: 1700, Loss: 0.0000, Train: 26.20%, Valid: 26.49%, Test: 26.25%, Best Valid: 36.80%, Best Test: 36.80%
Epoch: 1800, Loss: 0.0000, Train: 26.19%, Valid: 26.47%, Test: 26.29%, Best Valid: 36.80%, Best Test: 36.80%
Epoch: 1900, Loss: 0.0000, Train: 26.18%, Valid: 26.44%, Test: 26.25%, Best Valid: 36.80%, Best Test: 36.80%
Epoch: 2000, Loss: 0.0000, Train: 26.10%, Valid: 26.36%, Test: 26.16%, Best Valid: 36.80%, Best Test: 36.80%
Epoch: 2100, Loss: 0.0000, Train: 26.08%, Valid: 26.36%, Test: 26.10%, Best Valid: 36.80%, Best Test: 36.80%
Epoch: 2200, Loss: 0.0000, Train: 26.09%, Valid: 26.33%, Test: 26.11%, Best Valid: 36.80%, Best Test: 36.80%
Epoch: 2300, Loss: 0.0000, Train: 26.09%, Valid: 26.28%, Test: 26.10%, Best Valid: 36.80%, Best Test: 36.80%
Epoch: 2400, Loss: 0.0000, Train: 26.10%, Valid: 26.28%, Test: 26.03%, Best Valid: 36.80%, Best Test: 36.80%
Epoch: 2500, Loss: 0.0000, Train: 26.09%, Valid: 26.23%, Test: 26.00%, Best Valid: 36.80%, Best Test: 36.80%
Epoch: 2600, Loss: 0.0000, Train: 25.96%, Valid: 26.11%, Test: 26.00%, Best Valid: 36.80%, Best Test: 36.80%
Run 03:
Highest Train: 36.79
Highest Valid: 36.80
Highest Test: 36.80
Chosen epoch: 3
Final Train: 36.78
Final Test: 36.80
Label budget: 2/class -> 10 train nodes
Epoch: 00, Loss: 1.6584, Train: 12.71%, Valid: 12.51%, Test: 12.51%, Best Valid: 12.51%, Best Test: 12.51%
Epoch: 100, Loss: 0.0020, Train: 24.63%, Valid: 23.52%, Test: 24.92%, Best Valid: 36.86%, Best Test: 36.83%
Switching Polynormer to global attention phase.
Epoch: 200, Loss: 1.6114, Train: 23.18%, Valid: 23.19%, Test: 23.17%, Best Valid: 36.86%, Best Test: 36.83%
Epoch: 300, Loss: 0.0018, Train: 15.73%, Valid: 15.99%, Test: 15.52%, Best Valid: 36.86%, Best Test: 36.83%
Epoch: 400, Loss: 0.0027, Train: 23.41%, Valid: 23.63%, Test: 23.42%, Best Valid: 36.86%, Best Test: 36.83%
Epoch: 500, Loss: 0.0000, Train: 24.64%, Valid: 25.64%, Test: 24.84%, Best Valid: 36.86%, Best Test: 36.83%
Epoch: 600, Loss: 0.0000, Train: 24.91%, Valid: 25.92%, Test: 25.04%, Best Valid: 36.86%, Best Test: 36.83%
Epoch: 700, Loss: 0.0000, Train: 24.82%, Valid: 25.82%, Test: 25.02%, Best Valid: 36.86%, Best Test: 36.83%
Epoch: 800, Loss: 0.0000, Train: 24.78%, Valid: 25.79%, Test: 25.05%, Best Valid: 36.86%, Best Test: 36.83%
Epoch: 900, Loss: 0.0001, Train: 24.76%, Valid: 25.64%, Test: 25.07%, Best Valid: 36.86%, Best Test: 36.83%
Epoch: 1000, Loss: 0.0000, Train: 24.84%, Valid: 25.38%, Test: 25.02%, Best Valid: 36.86%, Best Test: 36.83%
Epoch: 1100, Loss: 0.0000, Train: 24.71%, Valid: 25.36%, Test: 24.87%, Best Valid: 36.86%, Best Test: 36.83%
Epoch: 1200, Loss: 0.0000, Train: 24.64%, Valid: 25.38%, Test: 24.81%, Best Valid: 36.86%, Best Test: 36.83%
Epoch: 1300, Loss: 0.0000, Train: 24.54%, Valid: 25.41%, Test: 24.73%, Best Valid: 36.86%, Best Test: 36.83%
Epoch: 1400, Loss: 0.0000, Train: 24.51%, Valid: 25.41%, Test: 24.73%, Best Valid: 36.86%, Best Test: 36.83%
Epoch: 1500, Loss: 0.0000, Train: 24.47%, Valid: 25.40%, Test: 24.68%, Best Valid: 36.86%, Best Test: 36.83%
Epoch: 1600, Loss: 0.0000, Train: 24.41%, Valid: 25.36%, Test: 24.64%, Best Valid: 36.86%, Best Test: 36.83%
Epoch: 1700, Loss: 0.0000, Train: 24.42%, Valid: 25.40%, Test: 24.64%, Best Valid: 36.86%, Best Test: 36.83%
Epoch: 1800, Loss: 0.0000, Train: 24.45%, Valid: 25.31%, Test: 24.58%, Best Valid: 36.86%, Best Test: 36.83%
Epoch: 1900, Loss: 0.0000, Train: 24.44%, Valid: 25.27%, Test: 24.56%, Best Valid: 36.86%, Best Test: 36.83%
Epoch: 2000, Loss: 0.0056, Train: 15.07%, Valid: 14.76%, Test: 15.16%, Best Valid: 36.86%, Best Test: 36.83%
Epoch: 2100, Loss: 0.0328, Train: 23.46%, Valid: 23.49%, Test: 23.26%, Best Valid: 36.86%, Best Test: 36.83%
Epoch: 2200, Loss: 0.0000, Train: 7.80%, Valid: 7.28%, Test: 7.69%, Best Valid: 36.86%, Best Test: 36.83%
Epoch: 2300, Loss: 0.0000, Train: 14.94%, Valid: 14.36%, Test: 14.32%, Best Valid: 36.86%, Best Test: 36.83%
Epoch: 2400, Loss: 0.0000, Train: 11.55%, Valid: 10.80%, Test: 10.70%, Best Valid: 36.86%, Best Test: 36.83%
Epoch: 2500, Loss: 0.0000, Train: 11.21%, Valid: 10.52%, Test: 10.62%, Best Valid: 36.86%, Best Test: 36.83%
Epoch: 2600, Loss: 0.0000, Train: 13.69%, Valid: 13.11%, Test: 13.16%, Best Valid: 36.86%, Best Test: 36.83%
Run 04:
Highest Train: 36.79
Highest Valid: 36.86
Highest Test: 36.83
Chosen epoch: 3
Final Train: 36.73
Final Test: 36.83
Label budget: 2/class -> 10 train nodes
Epoch: 00, Loss: 2.0580, Train: 15.55%, Valid: 15.22%, Test: 15.63%, Best Valid: 15.22%, Best Test: 15.63%
Epoch: 100, Loss: 0.0005, Train: 20.61%, Valid: 19.42%, Test: 19.88%, Best Valid: 36.71%, Best Test: 36.83%
Switching Polynormer to global attention phase.
Epoch: 200, Loss: 1.6238, Train: 8.88%, Valid: 8.88%, Test: 8.90%, Best Valid: 36.71%, Best Test: 36.83%
Epoch: 300, Loss: 0.0036, Train: 20.27%, Valid: 20.38%, Test: 20.50%, Best Valid: 36.99%, Best Test: 36.93%
Epoch: 400, Loss: 0.0001, Train: 29.89%, Valid: 30.51%, Test: 29.53%, Best Valid: 36.99%, Best Test: 36.93%
Epoch: 500, Loss: 0.0000, Train: 26.36%, Valid: 26.83%, Test: 26.20%, Best Valid: 36.99%, Best Test: 36.93%
Epoch: 600, Loss: 0.0000, Train: 25.91%, Valid: 26.11%, Test: 25.95%, Best Valid: 36.99%, Best Test: 36.93%
Epoch: 700, Loss: 0.0000, Train: 25.96%, Valid: 26.39%, Test: 26.02%, Best Valid: 36.99%, Best Test: 36.93%
Epoch: 800, Loss: 0.0000, Train: 27.04%, Valid: 27.52%, Test: 26.85%, Best Valid: 36.99%, Best Test: 36.93%
Epoch: 900, Loss: 0.0000, Train: 26.91%, Valid: 27.42%, Test: 26.74%, Best Valid: 36.99%, Best Test: 36.93%
Epoch: 1000, Loss: 0.0000, Train: 26.53%, Valid: 26.93%, Test: 26.44%, Best Valid: 36.99%, Best Test: 36.93%
Epoch: 1100, Loss: 0.0000, Train: 26.19%, Valid: 26.59%, Test: 26.29%, Best Valid: 36.99%, Best Test: 36.93%
Epoch: 1200, Loss: 0.0000, Train: 26.15%, Valid: 26.60%, Test: 26.25%, Best Valid: 36.99%, Best Test: 36.93%
Epoch: 1300, Loss: 0.0000, Train: 26.12%, Valid: 26.52%, Test: 26.28%, Best Valid: 36.99%, Best Test: 36.93%
Epoch: 1400, Loss: 0.0000, Train: 25.77%, Valid: 25.98%, Test: 25.92%, Best Valid: 36.99%, Best Test: 36.93%
Epoch: 1500, Loss: 0.0000, Train: 25.84%, Valid: 25.87%, Test: 25.80%, Best Valid: 36.99%, Best Test: 36.93%
Epoch: 1600, Loss: 0.0000, Train: 27.25%, Valid: 27.55%, Test: 27.19%, Best Valid: 36.99%, Best Test: 36.93%
Epoch: 1700, Loss: 0.0000, Train: 27.18%, Valid: 27.55%, Test: 27.13%, Best Valid: 36.99%, Best Test: 36.93%
Epoch: 1800, Loss: 0.0000, Train: 26.96%, Valid: 27.01%, Test: 26.78%, Best Valid: 36.99%, Best Test: 36.93%
Epoch: 1900, Loss: 0.0000, Train: 26.68%, Valid: 26.74%, Test: 26.72%, Best Valid: 36.99%, Best Test: 36.93%
Epoch: 2000, Loss: 0.0000, Train: 26.55%, Valid: 26.62%, Test: 26.60%, Best Valid: 36.99%, Best Test: 36.93%
Epoch: 2100, Loss: 0.0000, Train: 26.49%, Valid: 26.62%, Test: 26.52%, Best Valid: 36.99%, Best Test: 36.93%
Epoch: 2200, Loss: 0.0000, Train: 26.34%, Valid: 26.38%, Test: 26.36%, Best Valid: 36.99%, Best Test: 36.93%
Epoch: 2300, Loss: 0.0000, Train: 30.89%, Valid: 31.34%, Test: 30.51%, Best Valid: 36.99%, Best Test: 36.93%
Epoch: 2400, Loss: 0.9695, Train: 18.23%, Valid: 17.56%, Test: 18.72%, Best Valid: 36.99%, Best Test: 36.93%
Epoch: 2500, Loss: 0.0001, Train: 20.15%, Valid: 18.85%, Test: 19.97%, Best Valid: 36.99%, Best Test: 36.93%
Epoch: 2600, Loss: 0.0000, Train: 20.13%, Valid: 19.30%, Test: 19.79%, Best Valid: 36.99%, Best Test: 36.93%
Run 05:
Highest Train: 36.98
Highest Valid: 36.99
Highest Test: 36.93
Chosen epoch: 217
Final Train: 36.98
Final Test: 36.93
Label budget: 2/class -> 10 train nodes
Epoch: 00, Loss: 2.2369, Train: 4.84%, Valid: 5.14%, Test: 4.92%, Best Valid: 5.14%, Best Test: 4.92%
Epoch: 100, Loss: 0.0030, Train: 19.76%, Valid: 20.14%, Test: 20.25%, Best Valid: 36.76%, Best Test: 36.73%
Switching Polynormer to global attention phase.
Epoch: 200, Loss: 1.6772, Train: 23.18%, Valid: 23.17%, Test: 23.17%, Best Valid: 36.76%, Best Test: 36.73%
Epoch: 300, Loss: 0.0054, Train: 9.76%, Valid: 9.83%, Test: 10.11%, Best Valid: 36.80%, Best Test: 36.78%
Epoch: 400, Loss: 0.0003, Train: 17.77%, Valid: 18.68%, Test: 18.62%, Best Valid: 36.80%, Best Test: 36.78%
Epoch: 500, Loss: 0.0000, Train: 16.99%, Valid: 17.38%, Test: 17.48%, Best Valid: 36.80%, Best Test: 36.78%
Epoch: 600, Loss: 0.0000, Train: 16.82%, Valid: 17.23%, Test: 17.38%, Best Valid: 36.80%, Best Test: 36.78%
Epoch: 700, Loss: 0.0000, Train: 16.72%, Valid: 17.23%, Test: 17.36%, Best Valid: 36.80%, Best Test: 36.78%
Epoch: 800, Loss: 0.0000, Train: 16.67%, Valid: 17.03%, Test: 17.20%, Best Valid: 36.80%, Best Test: 36.78%
Epoch: 900, Loss: 0.0000, Train: 16.55%, Valid: 16.89%, Test: 17.07%, Best Valid: 36.80%, Best Test: 36.78%
Epoch: 1000, Loss: 0.0113, Train: 9.77%, Valid: 9.34%, Test: 10.14%, Best Valid: 36.80%, Best Test: 36.78%
Epoch: 1100, Loss: 0.0002, Train: 14.15%, Valid: 14.70%, Test: 14.50%, Best Valid: 36.80%, Best Test: 36.78%
Epoch: 1200, Loss: 0.0000, Train: 17.92%, Valid: 18.18%, Test: 17.93%, Best Valid: 36.80%, Best Test: 36.78%
Epoch: 1300, Loss: 0.0000, Train: 19.81%, Valid: 20.27%, Test: 19.81%, Best Valid: 36.80%, Best Test: 36.78%
Epoch: 1400, Loss: 0.0000, Train: 19.55%, Valid: 19.94%, Test: 19.17%, Best Valid: 36.80%, Best Test: 36.78%
Epoch: 1500, Loss: 0.0007, Train: 16.52%, Valid: 17.05%, Test: 16.89%, Best Valid: 36.80%, Best Test: 36.78%
Epoch: 1600, Loss: 0.0000, Train: 16.52%, Valid: 16.81%, Test: 16.69%, Best Valid: 36.80%, Best Test: 36.78%
Epoch: 1700, Loss: 0.0000, Train: 17.03%, Valid: 17.59%, Test: 17.20%, Best Valid: 36.80%, Best Test: 36.78%
Epoch: 1800, Loss: 0.0000, Train: 17.00%, Valid: 17.51%, Test: 17.21%, Best Valid: 36.80%, Best Test: 36.78%
Epoch: 1900, Loss: 0.0000, Train: 17.00%, Valid: 17.46%, Test: 17.18%, Best Valid: 36.80%, Best Test: 36.78%
Epoch: 2000, Loss: 0.0000, Train: 17.01%, Valid: 17.46%, Test: 17.18%, Best Valid: 36.80%, Best Test: 36.78%
Epoch: 2100, Loss: 0.0000, Train: 17.00%, Valid: 17.46%, Test: 17.21%, Best Valid: 36.80%, Best Test: 36.78%
Epoch: 2200, Loss: 0.0000, Train: 17.00%, Valid: 17.46%, Test: 17.21%, Best Valid: 36.80%, Best Test: 36.78%
Epoch: 2300, Loss: 0.0000, Train: 17.00%, Valid: 17.46%, Test: 17.21%, Best Valid: 36.80%, Best Test: 36.78%
Epoch: 2400, Loss: 0.0000, Train: 16.99%, Valid: 17.48%, Test: 17.21%, Best Valid: 36.80%, Best Test: 36.78%
Epoch: 2500, Loss: 0.0000, Train: 17.01%, Valid: 17.51%, Test: 17.21%, Best Valid: 36.80%, Best Test: 36.78%
Epoch: 2600, Loss: 0.0000, Train: 17.02%, Valid: 17.51%, Test: 17.21%, Best Valid: 36.80%, Best Test: 36.78%
Run 06:
Highest Train: 36.79
Highest Valid: 36.80
Highest Test: 36.78
Chosen epoch: 203
Final Train: 36.79
Final Test: 36.78
Label budget: 2/class -> 10 train nodes
Epoch: 00, Loss: 1.6554, Train: 23.25%, Valid: 23.24%, Test: 23.50%, Best Valid: 23.24%, Best Test: 23.50%
Epoch: 100, Loss: 0.0011, Train: 17.68%, Valid: 17.44%, Test: 18.21%, Best Valid: 36.78%, Best Test: 36.88%
Switching Polynormer to global attention phase.
Epoch: 200, Loss: 1.5848, Train: 4.34%, Valid: 4.33%, Test: 4.33%, Best Valid: 36.78%, Best Test: 36.88%
Epoch: 300, Loss: 0.0084, Train: 21.83%, Valid: 21.79%, Test: 22.15%, Best Valid: 36.78%, Best Test: 36.88%
Epoch: 400, Loss: 0.0331, Train: 24.80%, Valid: 24.37%, Test: 25.49%, Best Valid: 36.78%, Best Test: 36.88%
Epoch: 500, Loss: 0.0000, Train: 17.70%, Valid: 17.93%, Test: 18.29%, Best Valid: 36.78%, Best Test: 36.88%
Epoch: 600, Loss: 0.0000, Train: 17.52%, Valid: 17.90%, Test: 18.26%, Best Valid: 36.78%, Best Test: 36.88%
Epoch: 700, Loss: 0.0245, Train: 22.55%, Valid: 22.73%, Test: 23.24%, Best Valid: 36.78%, Best Test: 36.88%
Epoch: 800, Loss: 0.0000, Train: 16.83%, Valid: 17.64%, Test: 17.72%, Best Valid: 36.78%, Best Test: 36.88%
Epoch: 900, Loss: 0.0000, Train: 17.90%, Valid: 18.37%, Test: 18.57%, Best Valid: 36.78%, Best Test: 36.88%
Epoch: 1000, Loss: 0.0000, Train: 18.66%, Valid: 19.08%, Test: 19.21%, Best Valid: 36.78%, Best Test: 36.88%
Epoch: 1100, Loss: 0.0000, Train: 19.17%, Valid: 19.63%, Test: 19.37%, Best Valid: 36.78%, Best Test: 36.88%
Epoch: 1200, Loss: 0.0000, Train: 18.91%, Valid: 19.24%, Test: 19.29%, Best Valid: 36.78%, Best Test: 36.88%
Epoch: 1300, Loss: 0.0000, Train: 18.60%, Valid: 19.01%, Test: 19.14%, Best Valid: 36.78%, Best Test: 36.88%
Epoch: 1400, Loss: 0.0000, Train: 18.58%, Valid: 19.01%, Test: 19.19%, Best Valid: 36.78%, Best Test: 36.88%
Epoch: 1500, Loss: 0.0000, Train: 18.55%, Valid: 18.93%, Test: 19.17%, Best Valid: 36.78%, Best Test: 36.88%
Epoch: 1600, Loss: 0.0000, Train: 18.77%, Valid: 19.12%, Test: 19.43%, Best Valid: 36.78%, Best Test: 36.88%
Epoch: 1700, Loss: 0.0000, Train: 18.59%, Valid: 18.94%, Test: 19.08%, Best Valid: 36.78%, Best Test: 36.88%
Epoch: 1800, Loss: 0.0000, Train: 18.40%, Valid: 18.75%, Test: 18.86%, Best Valid: 36.78%, Best Test: 36.88%
Epoch: 1900, Loss: 0.0000, Train: 18.46%, Valid: 18.91%, Test: 19.04%, Best Valid: 36.78%, Best Test: 36.88%
Epoch: 2000, Loss: 0.0000, Train: 18.45%, Valid: 18.88%, Test: 19.06%, Best Valid: 36.78%, Best Test: 36.88%
Epoch: 2100, Loss: 0.0000, Train: 18.45%, Valid: 18.86%, Test: 19.01%, Best Valid: 36.78%, Best Test: 36.88%
Epoch: 2200, Loss: 0.0000, Train: 18.45%, Valid: 18.86%, Test: 19.03%, Best Valid: 36.78%, Best Test: 36.88%
Epoch: 2300, Loss: 0.0000, Train: 18.47%, Valid: 18.85%, Test: 19.03%, Best Valid: 36.78%, Best Test: 36.88%
Epoch: 2400, Loss: 0.0000, Train: 18.39%, Valid: 18.63%, Test: 18.86%, Best Valid: 36.78%, Best Test: 36.88%
Epoch: 2500, Loss: 0.0000, Train: 18.37%, Valid: 18.63%, Test: 18.88%, Best Valid: 36.78%, Best Test: 36.88%
Epoch: 2600, Loss: 0.0000, Train: 18.54%, Valid: 19.26%, Test: 18.81%, Best Valid: 36.78%, Best Test: 36.88%
Run 07:
Highest Train: 36.82
Highest Valid: 36.78
Highest Test: 36.88
Chosen epoch: 15
Final Train: 36.80
Final Test: 36.88
Label budget: 2/class -> 10 train nodes
Epoch: 00, Loss: 1.9088, Train: 31.88%, Valid: 32.37%, Test: 31.14%, Best Valid: 32.37%, Best Test: 31.14%
Epoch: 100, Loss: 0.0029, Train: 24.87%, Valid: 24.64%, Test: 24.43%, Best Valid: 36.78%, Best Test: 36.80%
Switching Polynormer to global attention phase.
Epoch: 200, Loss: 1.6432, Train: 26.81%, Valid: 26.78%, Test: 26.78%, Best Valid: 36.78%, Best Test: 36.80%
Epoch: 300, Loss: 0.1028, Train: 27.24%, Valid: 26.23%, Test: 26.57%, Best Valid: 36.78%, Best Test: 36.80%
Epoch: 400, Loss: 0.0000, Train: 16.02%, Valid: 15.50%, Test: 15.96%, Best Valid: 36.78%, Best Test: 36.80%
Epoch: 500, Loss: 0.0000, Train: 16.34%, Valid: 15.91%, Test: 16.40%, Best Valid: 36.78%, Best Test: 36.80%
Epoch: 600, Loss: 0.0000, Train: 16.28%, Valid: 15.89%, Test: 16.25%, Best Valid: 36.78%, Best Test: 36.80%
Epoch: 700, Loss: 0.0003, Train: 16.53%, Valid: 16.23%, Test: 16.71%, Best Valid: 36.78%, Best Test: 36.80%
Epoch: 800, Loss: 0.0000, Train: 16.95%, Valid: 16.33%, Test: 17.12%, Best Valid: 36.78%, Best Test: 36.80%
Epoch: 900, Loss: 0.0002, Train: 13.93%, Valid: 13.25%, Test: 13.83%, Best Valid: 36.78%, Best Test: 36.80%
Epoch: 1000, Loss: 0.0000, Train: 15.16%, Valid: 14.62%, Test: 15.20%, Best Valid: 36.78%, Best Test: 36.80%
Epoch: 1100, Loss: 0.0000, Train: 15.64%, Valid: 15.06%, Test: 15.74%, Best Valid: 36.78%, Best Test: 36.80%
Epoch: 1200, Loss: 0.0000, Train: 15.88%, Valid: 15.25%, Test: 15.81%, Best Valid: 36.78%, Best Test: 36.80%
Epoch: 1300, Loss: 0.0000, Train: 16.56%, Valid: 16.05%, Test: 16.48%, Best Valid: 36.78%, Best Test: 36.80%
Epoch: 1400, Loss: 0.0000, Train: 16.65%, Valid: 16.07%, Test: 16.51%, Best Valid: 36.78%, Best Test: 36.80%
Epoch: 1500, Loss: 0.0000, Train: 15.53%, Valid: 14.75%, Test: 15.16%, Best Valid: 36.78%, Best Test: 36.80%
Epoch: 1600, Loss: 0.0000, Train: 15.87%, Valid: 15.35%, Test: 15.63%, Best Valid: 36.78%, Best Test: 36.80%
Epoch: 1700, Loss: 0.0000, Train: 16.02%, Valid: 15.45%, Test: 15.68%, Best Valid: 36.78%, Best Test: 36.80%
Epoch: 1800, Loss: 0.0000, Train: 16.02%, Valid: 15.43%, Test: 15.71%, Best Valid: 36.78%, Best Test: 36.80%
Epoch: 1900, Loss: 0.0000, Train: 16.45%, Valid: 15.73%, Test: 16.09%, Best Valid: 36.78%, Best Test: 36.80%
Epoch: 2000, Loss: 0.0000, Train: 16.52%, Valid: 15.76%, Test: 16.15%, Best Valid: 36.78%, Best Test: 36.80%
Epoch: 2100, Loss: 0.0000, Train: 16.54%, Valid: 15.91%, Test: 16.30%, Best Valid: 36.78%, Best Test: 36.80%
Epoch: 2200, Loss: 0.0000, Train: 16.68%, Valid: 16.25%, Test: 16.53%, Best Valid: 36.78%, Best Test: 36.80%
Epoch: 2300, Loss: 0.0000, Train: 16.77%, Valid: 16.18%, Test: 16.58%, Best Valid: 36.78%, Best Test: 36.80%
Epoch: 2400, Loss: 0.0000, Train: 16.68%, Valid: 16.10%, Test: 16.45%, Best Valid: 36.78%, Best Test: 36.80%
Epoch: 2500, Loss: 0.0000, Train: 15.96%, Valid: 15.35%, Test: 15.81%, Best Valid: 36.78%, Best Test: 36.80%
Epoch: 2600, Loss: 0.0000, Train: 16.10%, Valid: 15.48%, Test: 15.94%, Best Valid: 36.78%, Best Test: 36.80%
Run 08:
Highest Train: 36.80
Highest Valid: 36.78
Highest Test: 36.80
Chosen epoch: 12
Final Train: 36.79
Final Test: 36.80
Label budget: 2/class -> 10 train nodes
Epoch: 00, Loss: 2.1083, Train: 20.67%, Valid: 20.35%, Test: 20.30%, Best Valid: 20.35%, Best Test: 20.30%
Epoch: 100, Loss: 0.0011, Train: 29.10%, Valid: 28.99%, Test: 28.89%, Best Valid: 36.78%, Best Test: 36.80%
Switching Polynormer to global attention phase.
Epoch: 200, Loss: 1.6384, Train: 23.31%, Valid: 23.21%, Test: 23.55%, Best Valid: 36.78%, Best Test: 36.80%
Epoch: 300, Loss: 0.0496, Train: 30.71%, Valid: 31.00%, Test: 30.49%, Best Valid: 36.78%, Best Test: 36.80%
Epoch: 400, Loss: 0.0009, Train: 26.93%, Valid: 27.13%, Test: 27.65%, Best Valid: 36.78%, Best Test: 36.80%
Epoch: 500, Loss: 0.0020, Train: 23.31%, Valid: 23.86%, Test: 24.04%, Best Valid: 36.78%, Best Test: 36.80%
Epoch: 600, Loss: 0.0000, Train: 26.32%, Valid: 26.67%, Test: 27.14%, Best Valid: 36.78%, Best Test: 36.80%
Epoch: 700, Loss: 0.0001, Train: 26.11%, Valid: 26.56%, Test: 26.85%, Best Valid: 36.78%, Best Test: 36.80%
Epoch: 800, Loss: 0.0000, Train: 26.11%, Valid: 26.47%, Test: 26.80%, Best Valid: 36.78%, Best Test: 36.80%
Epoch: 900, Loss: 0.0000, Train: 26.26%, Valid: 26.62%, Test: 26.91%, Best Valid: 36.78%, Best Test: 36.80%
Epoch: 1000, Loss: 0.0000, Train: 26.26%, Valid: 26.70%, Test: 26.98%, Best Valid: 36.78%, Best Test: 36.80%
Epoch: 1100, Loss: 0.0000, Train: 26.16%, Valid: 26.52%, Test: 26.82%, Best Valid: 36.78%, Best Test: 36.80%
Epoch: 1200, Loss: 0.0000, Train: 26.16%, Valid: 26.51%, Test: 26.78%, Best Valid: 36.78%, Best Test: 36.80%
Epoch: 1300, Loss: 0.0000, Train: 26.17%, Valid: 26.49%, Test: 26.78%, Best Valid: 36.78%, Best Test: 36.80%
Epoch: 1400, Loss: 0.0000, Train: 26.16%, Valid: 26.51%, Test: 26.78%, Best Valid: 36.78%, Best Test: 36.80%
Epoch: 1500, Loss: 0.0000, Train: 26.16%, Valid: 26.51%, Test: 26.78%, Best Valid: 36.78%, Best Test: 36.80%
Epoch: 1600, Loss: 0.0000, Train: 26.15%, Valid: 26.51%, Test: 26.78%, Best Valid: 36.78%, Best Test: 36.80%
Epoch: 1700, Loss: 0.0000, Train: 26.19%, Valid: 26.52%, Test: 26.78%, Best Valid: 36.78%, Best Test: 36.80%
Epoch: 1800, Loss: 0.0000, Train: 26.17%, Valid: 26.52%, Test: 26.78%, Best Valid: 36.78%, Best Test: 36.80%
Epoch: 1900, Loss: 0.0000, Train: 26.19%, Valid: 26.46%, Test: 26.87%, Best Valid: 36.78%, Best Test: 36.80%
Epoch: 2000, Loss: 0.0000, Train: 26.22%, Valid: 26.49%, Test: 26.85%, Best Valid: 36.78%, Best Test: 36.80%
Epoch: 2100, Loss: 0.0000, Train: 26.21%, Valid: 26.49%, Test: 26.85%, Best Valid: 36.78%, Best Test: 36.80%
Epoch: 2200, Loss: 0.0000, Train: 26.20%, Valid: 26.49%, Test: 26.87%, Best Valid: 36.78%, Best Test: 36.80%
Epoch: 2300, Loss: 0.0000, Train: 26.20%, Valid: 26.46%, Test: 26.85%, Best Valid: 36.78%, Best Test: 36.80%
Epoch: 2400, Loss: 0.0000, Train: 26.25%, Valid: 26.46%, Test: 26.98%, Best Valid: 36.78%, Best Test: 36.80%
Epoch: 2500, Loss: 0.0000, Train: 26.27%, Valid: 26.46%, Test: 27.03%, Best Valid: 36.78%, Best Test: 36.80%
Epoch: 2600, Loss: 0.0000, Train: 26.25%, Valid: 26.54%, Test: 27.03%, Best Valid: 36.78%, Best Test: 36.80%
Run 09:
Highest Train: 36.80
Highest Valid: 36.78
Highest Test: 36.80
Chosen epoch: 1
Final Train: 36.79
Final Test: 36.80
Label budget: 2/class -> 10 train nodes
Epoch: 00, Loss: 2.1451, Train: 33.40%, Valid: 33.38%, Test: 33.28%, Best Valid: 33.38%, Best Test: 33.28%
Epoch: 100, Loss: 0.0574, Train: 20.54%, Valid: 19.94%, Test: 21.12%, Best Valid: 36.81%, Best Test: 36.83%
Switching Polynormer to global attention phase.
Epoch: 200, Loss: 1.6386, Train: 35.63%, Valid: 35.39%, Test: 35.33%, Best Valid: 36.81%, Best Test: 36.83%
Epoch: 300, Loss: 0.0078, Train: 23.98%, Valid: 24.43%, Test: 24.30%, Best Valid: 36.81%, Best Test: 36.83%
Epoch: 400, Loss: 0.0129, Train: 19.63%, Valid: 19.99%, Test: 19.71%, Best Valid: 36.81%, Best Test: 36.83%
Epoch: 500, Loss: 0.0000, Train: 21.26%, Valid: 21.02%, Test: 21.26%, Best Valid: 36.81%, Best Test: 36.83%
Epoch: 600, Loss: 0.0000, Train: 23.13%, Valid: 22.68%, Test: 23.01%, Best Valid: 36.81%, Best Test: 36.83%
Epoch: 700, Loss: 0.0001, Train: 22.63%, Valid: 22.21%, Test: 22.44%, Best Valid: 36.81%, Best Test: 36.83%
Epoch: 800, Loss: 0.0000, Train: 22.78%, Valid: 22.39%, Test: 22.86%, Best Valid: 36.81%, Best Test: 36.83%
Epoch: 900, Loss: 0.0000, Train: 22.69%, Valid: 22.31%, Test: 22.85%, Best Valid: 36.81%, Best Test: 36.83%
Epoch: 1000, Loss: 0.0000, Train: 22.43%, Valid: 22.02%, Test: 22.51%, Best Valid: 36.81%, Best Test: 36.83%
Epoch: 1100, Loss: 0.0000, Train: 22.21%, Valid: 21.77%, Test: 22.18%, Best Valid: 36.81%, Best Test: 36.83%
Epoch: 1200, Loss: 0.0000, Train: 22.02%, Valid: 21.72%, Test: 22.05%, Best Valid: 36.81%, Best Test: 36.83%
Epoch: 1300, Loss: 0.0000, Train: 22.03%, Valid: 21.67%, Test: 22.10%, Best Valid: 36.81%, Best Test: 36.83%
Epoch: 1400, Loss: 0.0000, Train: 21.97%, Valid: 21.71%, Test: 22.15%, Best Valid: 36.81%, Best Test: 36.83%
Epoch: 1500, Loss: 0.0000, Train: 22.14%, Valid: 21.66%, Test: 22.23%, Best Valid: 36.81%, Best Test: 36.83%
Epoch: 1600, Loss: 0.0000, Train: 21.90%, Valid: 21.62%, Test: 22.02%, Best Valid: 36.81%, Best Test: 36.83%
Epoch: 1700, Loss: 0.0000, Train: 21.84%, Valid: 21.59%, Test: 21.97%, Best Valid: 36.81%, Best Test: 36.83%
Epoch: 1800, Loss: 0.0000, Train: 21.81%, Valid: 21.59%, Test: 21.90%, Best Valid: 36.81%, Best Test: 36.83%
Epoch: 1900, Loss: 0.0000, Train: 22.06%, Valid: 21.62%, Test: 22.08%, Best Valid: 36.81%, Best Test: 36.83%
Epoch: 2000, Loss: 0.0000, Train: 22.00%, Valid: 21.57%, Test: 21.98%, Best Valid: 36.81%, Best Test: 36.83%
Epoch: 2100, Loss: 0.0000, Train: 21.84%, Valid: 21.43%, Test: 21.75%, Best Valid: 36.81%, Best Test: 36.83%
Epoch: 2200, Loss: 0.0000, Train: 22.24%, Valid: 21.95%, Test: 22.31%, Best Valid: 36.81%, Best Test: 36.83%
Epoch: 2300, Loss: 0.0000, Train: 22.25%, Valid: 21.98%, Test: 22.37%, Best Valid: 36.81%, Best Test: 36.83%
Epoch: 2400, Loss: 0.0000, Train: 22.15%, Valid: 21.74%, Test: 22.28%, Best Valid: 36.81%, Best Test: 36.83%
Epoch: 2500, Loss: 0.0000, Train: 21.75%, Valid: 21.20%, Test: 21.74%, Best Valid: 36.81%, Best Test: 36.83%
Epoch: 2600, Loss: 0.0000, Train: 21.74%, Valid: 21.23%, Test: 21.72%, Best Valid: 36.81%, Best Test: 36.83%
Run 10:
Highest Train: 36.79
Highest Valid: 36.81
Highest Test: 36.93
Chosen epoch: 6
Final Train: 36.78
Final Test: 36.83
All runs:
Highest Train: 36.81 ± 0.06
Highest Test: 36.83 ± 0.06
Highest Valid: 36.83 ± 0.07
  Final Train: 36.66 ± 0.45
   Final Test: 36.77 ± 0.18
Saving results to ../results/lowlabel/amazon-ratings/polynormer.csv
Low-label sweep completed.
Task 325 done.
