Wed Aug 19 18:16:18 2026       
+-----------------------------------------------------------------------------------------+
| NVIDIA-SMI 580.159.04             Driver Version: 580.159.04     CUDA Version: 13.0     |
+-----------------------------------------+------------------------+----------------------+
| GPU  Name                 Persistence-M | Bus-Id          Disp.A | Volatile Uncorr. ECC |
| Fan  Temp   Perf          Pwr:Usage/Cap |           Memory-Usage | GPU-Util  Compute M. |
|                                         |                        |               MIG M. |
|=========================================+========================+======================|
|   0  NVIDIA A100-SXM4-80GB          On  |   00000000:01:00.0 Off |                   On |
| N/A   37C    P0            104W /  500W |     956MiB /  81920MiB |     N/A      Default |
|                                         |                        |              Enabled |
+-----------------------------------------+------------------------+----------------------+
|   1  NVIDIA A100-SXM4-80GB          On  |   00000000:41:00.0 Off |                   On |
| N/A   39C    P0            158W /  500W |   12678MiB /  81920MiB |     N/A      Default |
|                                         |                        |              Enabled |
+-----------------------------------------+------------------------+----------------------+
|   2  NVIDIA A100-SXM4-80GB          On  |   00000000:81:00.0 Off |                   On |
| N/A   46C    P0            160W /  500W |    8916MiB /  81920MiB |     N/A      Default |
|                                         |                        |              Enabled |
+-----------------------------------------+------------------------+----------------------+
|   3  NVIDIA A100-SXM4-80GB          On  |   00000000:C1:00.0 Off |                   On |
| N/A   38C    P0            155W /  500W |    3928MiB /  81920MiB |     N/A      Default |
|                                         |                        |              Enabled |
+-----------------------------------------+------------------------+----------------------+

+-----------------------------------------------------------------------------------------+
| MIG devices:                                                                            |
+------------------+----------------------------------+-----------+-----------------------+
| GPU  GI  CI  MIG |              Shared Memory-Usage |        Vol|        Shared         |
|      ID  ID  Dev |                Shared BAR1-Usage | SM     Unc| CE ENC  DEC  OFA  JPG |
|                  |                                  |        ECC|                       |
|==================+==================================+===========+=======================|
|  0    3   0   0  |              71MiB / 19968MiB    | 28      0 |  2   0    1    0    0 |
|                  |               0MiB / 12271MiB    |           |                       |
+------------------+----------------------------------+-----------+-----------------------+

+-----------------------------------------------------------------------------------------+
| Processes:                                                                              |
|  GPU   GI   CI              PID   Type   Process name                        GPU Memory |
|        ID   ID                                                               Usage      |
|=========================================================================================|
|    1    9    0           623641      C   ...ware/symmetrix-env/bin/python        366MiB |
|    1   10    0           623649      C   ...ware/symmetrix-env/bin/python        386MiB |
|    1    3    0           669990      C   python                                11654MiB |
|    2   10    0           623648      C   ...ware/symmetrix-env/bin/python        386MiB |
|    2    9    0           623651      C   ...ware/symmetrix-env/bin/python        386MiB |
|    2    3    0           669803      C   python                                 7872MiB |
|    3   14    0           623639      C   ...ware/symmetrix-env/bin/python        446MiB |
|    3   13    0           623642      C   ...ware/symmetrix-env/bin/python        406MiB |
|    3    5    0           660780      C   python                                 2772MiB |
+-----------------------------------------------------------------------------------------+
Cell: coauthor-cs / polynormer / budget 10 per class / group 2
python main.py --model polynormer --dataset coauthor-cs --hidden_channels 64 --local_epochs 100 --global_epochs 1500 --lr 0.001 --runs 10 --local_layers 5 --global_layers 2 --weight_decay 5e-4 --dropout 0.3 --in_dropout 0.1 --num_heads 8 --save_model --device 0 --model_dir models/lowlabel_1178246_237 --train_per_class 10 --budget_tag 10
==========================================================
Low-label sweep: python main.py --model polynormer --dataset coauthor-cs --hidden_channels 64 --local_epochs 100 --global_epochs 1500 --lr 0.001 --runs 10 --local_layers 5 --global_layers 2 --weight_decay 5e-4 --dropout 0.3 --in_dropout 0.1 --num_heads 8 --save_model --device 0 --model_dir models/lowlabel_1178246_237 --train_per_class 10 --budget_tag 10
result_dir=../results/lowlabel conditions=[mlp]
==========================================================
--- mlp_reg | lambda=0.01 ---
    (already completed — requeue resume, skipping)
--- mlp_reg | lambda=0.05 ---
    (already completed — requeue resume, skipping)
--- mlp_reg | lambda=0.1 ---
    (already completed — requeue resume, skipping)
--- mlp_reg | lambda=0.2 ---
    (already completed — requeue resume, skipping)
--- mlp_reg | lambda=0.4 ---
    (already completed — requeue resume, skipping)
--- mlp_reg | lambda=0.8 ---
Namespace(aggregate='add', alpha=0.5, attention='gcn', beta=-1.0, bn=False, budget_tag='10', count_reg=False, count_smoothing=1.0, cpu=False, data_dir='../data/', dataset='coauthor-cs', device=0, dim_inner=64, display_step=100, dropout=0.3, epochs=500, global_dropout=None, global_epochs=1500, global_layers=2, gnn='gcn', graph_weight=0.8, hidden_channels=64, hops=10, in_dropout=0.1, jk=False, label_num_per_class=20, lambda_val=0.8, layers=1, ln=False, local_epochs=100, local_gnn_type='GCN', local_layers=5, lr=0.001, metric='acc', mlp_epochs=500, mlp_reg=True, model='polynormer', model_dir='models/lowlabel_1178246_237', n_heads=8, num_centroids=4096, num_heads=8, oracle_reg=False, paired_seeds=True, pe_types='RWSE', penalty_transform='none', pre_linear=False, pre_ln=False, rand_split=False, rand_split_class=False, reg_start_epoch=10, reg_update_freq=5, res=False, resample_split_per_run=False, result_dir='../results/lowlabel', runs=10, save_model=True, save_result=False, seed=42, test_num=1000, tr_dropout=None, tr_layers=1, tr_weight_decay=None, train_per_class=10, train_prop=0.5, use_act=False, use_bn=False, use_graph=False, use_reg=True, use_residual=False, use_weight=False, valid_num=500, valid_per_class=0, valid_prop=0.25, weight_decay=0.0005)
coauthor-cs
dataset coauthor-cs | num nodes 18333 | num edge 163788 | num node feats 6805 | num classes 15
MODEL: Polynormer(
  (h_lins): ModuleList(
    (0): Linear(in_features=512, out_features=512, bias=True)
    (1): Linear(in_features=512, out_features=512, bias=True)
    (2): Linear(in_features=512, out_features=512, bias=True)
    (3): Linear(in_features=512, out_features=512, bias=True)
    (4): Linear(in_features=512, out_features=512, bias=True)
  )
  (local_convs): ModuleList(
    (0): GATConv(512, 64, heads=8)
    (1): GATConv(512, 64, heads=8)
    (2): GATConv(512, 64, heads=8)
    (3): GATConv(512, 64, heads=8)
    (4): GATConv(512, 64, heads=8)
  )
  (lins): ModuleList(
    (0): Linear(in_features=512, out_features=512, bias=True)
    (1): Linear(in_features=512, out_features=512, bias=True)
    (2): Linear(in_features=512, out_features=512, bias=True)
    (3): Linear(in_features=512, out_features=512, bias=True)
    (4): Linear(in_features=512, out_features=512, bias=True)
  )
  (lns): ModuleList(
    (0): LayerNorm((512,), eps=1e-05, elementwise_affine=True)
    (1): LayerNorm((512,), eps=1e-05, elementwise_affine=True)
    (2): LayerNorm((512,), eps=1e-05, elementwise_affine=True)
    (3): LayerNorm((512,), eps=1e-05, elementwise_affine=True)
    (4): LayerNorm((512,), eps=1e-05, elementwise_affine=True)
  )
  (lin_in): Linear(in_features=6805, out_features=512, bias=True)
  (ln): LayerNorm((512,), eps=1e-05, elementwise_affine=True)
  (global_attn): GlobalAttn(
    (h_lins): ModuleList(
      (0): Linear(in_features=512, out_features=512, bias=True)
      (1): Linear(in_features=512, out_features=512, bias=True)
    )
    (k_lins): ModuleList(
      (0): Linear(in_features=512, out_features=512, bias=True)
      (1): Linear(in_features=512, out_features=512, bias=True)
    )
    (v_lins): ModuleList(
      (0): Linear(in_features=512, out_features=512, bias=True)
      (1): Linear(in_features=512, out_features=512, bias=True)
    )
    (lns): ModuleList(
      (0): LayerNorm((512,), eps=1e-05, elementwise_affine=True)
      (1): LayerNorm((512,), eps=1e-05, elementwise_affine=True)
    )
    (lin_out): Linear(in_features=512, out_features=512, bias=True)
  )
  (pred_local): Linear(in_features=512, out_features=15, bias=True)
  (pred_global): Linear(in_features=512, out_features=15, bias=True)
)
Label budget: 10/class -> 150 train nodes
Pre-training MLP for 500 epochs to generate co-occurrence matrix...
MLP pre-training complete. Penalty matrix frozen.
Epoch: 00, Loss: 5.1459, Train: 1.99%, Valid: 2.07%, Test: 2.07%, Best Valid: 2.07%, Best Test: 2.07%
Switching Polynormer to global attention phase.
Epoch: 100, Loss: 4.8585, Train: 12.41%, Valid: 12.68%, Test: 12.79%, Best Valid: 91.08%, Best Test: 91.41%
Epoch: 200, Loss: 0.0073, Train: 82.81%, Valid: 80.93%, Test: 82.72%, Best Valid: 91.08%, Best Test: 91.41%
Epoch: 300, Loss: 0.0002, Train: 86.35%, Valid: 85.08%, Test: 85.03%, Best Valid: 91.08%, Best Test: 91.41%
Epoch: 400, Loss: 0.0020, Train: 89.15%, Valid: 88.54%, Test: 88.79%, Best Valid: 91.08%, Best Test: 91.41%
Epoch: 500, Loss: 0.0297, Train: 89.36%, Valid: 88.49%, Test: 89.67%, Best Valid: 91.08%, Best Test: 91.41%
Epoch: 600, Loss: 0.0046, Train: 83.52%, Valid: 82.84%, Test: 84.08%, Best Valid: 91.08%, Best Test: 91.41%
Epoch: 700, Loss: 0.0007, Train: 89.61%, Valid: 88.73%, Test: 89.56%, Best Valid: 91.08%, Best Test: 91.41%
Epoch: 800, Loss: 0.0100, Train: 87.83%, Valid: 87.21%, Test: 87.92%, Best Valid: 91.08%, Best Test: 91.41%
Epoch: 900, Loss: 0.1148, Train: 83.56%, Valid: 82.02%, Test: 83.94%, Best Valid: 91.08%, Best Test: 91.41%
Epoch: 1000, Loss: 0.0059, Train: 89.71%, Valid: 88.52%, Test: 89.23%, Best Valid: 91.08%, Best Test: 91.41%
Epoch: 1100, Loss: 0.0003, Train: 89.44%, Valid: 88.19%, Test: 89.72%, Best Valid: 91.08%, Best Test: 91.41%
Epoch: 1200, Loss: 0.0427, Train: 83.63%, Valid: 81.89%, Test: 82.77%, Best Valid: 91.08%, Best Test: 91.41%
Epoch: 1300, Loss: 0.0055, Train: 87.94%, Valid: 87.32%, Test: 87.27%, Best Valid: 91.08%, Best Test: 91.41%
Epoch: 1400, Loss: 0.0006, Train: 86.11%, Valid: 85.57%, Test: 85.61%, Best Valid: 91.08%, Best Test: 91.41%
Epoch: 1500, Loss: 0.0007, Train: 89.02%, Valid: 88.54%, Test: 89.09%, Best Valid: 91.08%, Best Test: 91.41%
Run 01:
Highest Train: 91.06
Highest Valid: 91.08
Highest Test: 91.63
Chosen epoch: 49
Final Train: 90.92
Final Test: 91.41
Label budget: 10/class -> 150 train nodes
Pre-training MLP for 500 epochs to generate co-occurrence matrix...
MLP pre-training complete. Penalty matrix frozen.
Epoch: 00, Loss: 5.1260, Train: 12.29%, Valid: 11.97%, Test: 10.96%, Best Valid: 11.97%, Best Test: 10.96%
Switching Polynormer to global attention phase.
Epoch: 100, Loss: 4.8744, Train: 11.11%, Valid: 10.91%, Test: 11.21%, Best Valid: 88.87%, Best Test: 89.45%
Epoch: 200, Loss: 0.0094, Train: 82.15%, Valid: 81.34%, Test: 81.65%, Best Valid: 88.87%, Best Test: 89.45%
Epoch: 300, Loss: 0.0059, Train: 82.08%, Valid: 80.88%, Test: 81.98%, Best Valid: 88.87%, Best Test: 89.45%
Epoch: 400, Loss: 0.0508, Train: 84.38%, Valid: 83.66%, Test: 84.62%, Best Valid: 88.87%, Best Test: 89.45%
Epoch: 500, Loss: 0.0008, Train: 83.60%, Valid: 82.57%, Test: 83.62%, Best Valid: 88.87%, Best Test: 89.45%
Epoch: 600, Loss: 0.0005, Train: 85.02%, Valid: 83.50%, Test: 85.22%, Best Valid: 88.87%, Best Test: 89.45%
Epoch: 700, Loss: 0.0251, Train: 82.82%, Valid: 82.24%, Test: 82.31%, Best Valid: 88.87%, Best Test: 89.45%
Epoch: 800, Loss: 0.0007, Train: 86.54%, Valid: 85.79%, Test: 86.48%, Best Valid: 88.87%, Best Test: 89.45%
Epoch: 900, Loss: 0.0043, Train: 85.81%, Valid: 85.05%, Test: 85.71%, Best Valid: 88.87%, Best Test: 89.45%
Epoch: 1000, Loss: 0.0026, Train: 84.99%, Valid: 83.88%, Test: 84.62%, Best Valid: 88.87%, Best Test: 89.45%
Epoch: 1100, Loss: 0.0008, Train: 85.03%, Valid: 83.93%, Test: 84.41%, Best Valid: 88.87%, Best Test: 89.45%
Epoch: 1200, Loss: 0.0110, Train: 81.68%, Valid: 80.69%, Test: 81.05%, Best Valid: 88.87%, Best Test: 89.45%
Epoch: 1300, Loss: 0.0246, Train: 84.08%, Valid: 83.80%, Test: 83.59%, Best Valid: 88.87%, Best Test: 89.45%
Epoch: 1400, Loss: 0.0044, Train: 81.33%, Valid: 80.25%, Test: 81.00%, Best Valid: 88.87%, Best Test: 89.45%
Epoch: 1500, Loss: 0.0009, Train: 84.74%, Valid: 84.64%, Test: 84.08%, Best Valid: 88.87%, Best Test: 89.45%
Run 02:
Highest Train: 89.74
Highest Valid: 88.87
Highest Test: 89.61
Chosen epoch: 40
Final Train: 89.74
Final Test: 89.45
Label budget: 10/class -> 150 train nodes
Pre-training MLP for 500 epochs to generate co-occurrence matrix...
MLP pre-training complete. Penalty matrix frozen.
Epoch: 00, Loss: 5.1885, Train: 11.01%, Valid: 11.29%, Test: 11.59%, Best Valid: 11.29%, Best Test: 11.59%
Switching Polynormer to global attention phase.
Epoch: 100, Loss: 4.8757, Train: 11.01%, Valid: 11.29%, Test: 11.59%, Best Valid: 90.43%, Best Test: 90.87%
Epoch: 200, Loss: 0.0122, Train: 68.63%, Valid: 66.18%, Test: 69.85%, Best Valid: 90.43%, Best Test: 90.87%
Epoch: 300, Loss: 0.0095, Train: 64.72%, Valid: 61.95%, Test: 63.88%, Best Valid: 90.43%, Best Test: 90.87%
Epoch: 400, Loss: 0.0002, Train: 68.75%, Valid: 65.60%, Test: 68.38%, Best Valid: 90.43%, Best Test: 90.87%
Epoch: 500, Loss: 0.0048, Train: 77.53%, Valid: 74.09%, Test: 77.10%, Best Valid: 90.43%, Best Test: 90.87%
Epoch: 600, Loss: 0.0200, Train: 77.71%, Valid: 75.53%, Test: 77.86%, Best Valid: 90.43%, Best Test: 90.87%
Epoch: 700, Loss: 0.0005, Train: 80.65%, Valid: 78.89%, Test: 81.68%, Best Valid: 90.43%, Best Test: 90.87%
Epoch: 800, Loss: 0.0021, Train: 82.91%, Valid: 81.61%, Test: 83.53%, Best Valid: 90.43%, Best Test: 90.87%
Epoch: 900, Loss: 0.0040, Train: 82.00%, Valid: 80.47%, Test: 82.77%, Best Valid: 90.43%, Best Test: 90.87%
Epoch: 1000, Loss: 0.0107, Train: 82.23%, Valid: 81.29%, Test: 82.91%, Best Valid: 90.43%, Best Test: 90.87%
Epoch: 1100, Loss: 0.0097, Train: 81.88%, Valid: 79.98%, Test: 82.20%, Best Valid: 90.43%, Best Test: 90.87%
Epoch: 1200, Loss: 0.0003, Train: 83.72%, Valid: 81.86%, Test: 84.95%, Best Valid: 90.43%, Best Test: 90.87%
Epoch: 1300, Loss: 0.0012, Train: 84.95%, Valid: 83.39%, Test: 85.80%, Best Valid: 90.43%, Best Test: 90.87%
Epoch: 1400, Loss: 0.0060, Train: 83.55%, Valid: 81.83%, Test: 84.65%, Best Valid: 90.43%, Best Test: 90.87%
Epoch: 1500, Loss: 0.0163, Train: 84.56%, Valid: 83.63%, Test: 85.47%, Best Valid: 90.43%, Best Test: 90.87%
Run 03:
Highest Train: 90.44
Highest Valid: 90.43
Highest Test: 90.87
Chosen epoch: 21
Final Train: 90.44
Final Test: 90.87
Label budget: 10/class -> 150 train nodes
Pre-training MLP for 500 epochs to generate co-occurrence matrix...
MLP pre-training complete. Penalty matrix frozen.
Epoch: 00, Loss: 5.1909, Train: 12.29%, Valid: 11.97%, Test: 10.96%, Best Valid: 11.97%, Best Test: 10.96%
Switching Polynormer to global attention phase.
Epoch: 100, Loss: 4.8743, Train: 11.01%, Valid: 11.29%, Test: 11.59%, Best Valid: 87.92%, Best Test: 88.99%
Epoch: 200, Loss: 0.0427, Train: 79.45%, Valid: 78.83%, Test: 79.25%, Best Valid: 87.92%, Best Test: 88.99%
Epoch: 300, Loss: 0.0099, Train: 82.93%, Valid: 82.24%, Test: 83.62%, Best Valid: 87.92%, Best Test: 88.99%
Epoch: 400, Loss: 0.0017, Train: 86.90%, Valid: 85.82%, Test: 87.62%, Best Valid: 87.92%, Best Test: 88.99%
Epoch: 500, Loss: 0.0074, Train: 83.05%, Valid: 82.02%, Test: 83.94%, Best Valid: 87.92%, Best Test: 88.99%
Epoch: 600, Loss: 0.0006, Train: 84.27%, Valid: 83.91%, Test: 85.50%, Best Valid: 87.92%, Best Test: 88.99%
Epoch: 700, Loss: 0.0013, Train: 83.20%, Valid: 82.68%, Test: 84.60%, Best Valid: 87.92%, Best Test: 88.99%
Epoch: 800, Loss: 0.0291, Train: 79.78%, Valid: 78.51%, Test: 80.56%, Best Valid: 87.92%, Best Test: 88.99%
Epoch: 900, Loss: 0.0004, Train: 87.72%, Valid: 86.99%, Test: 87.95%, Best Valid: 87.92%, Best Test: 88.99%
Epoch: 1000, Loss: 0.0012, Train: 86.80%, Valid: 86.17%, Test: 87.19%, Best Valid: 87.92%, Best Test: 88.99%
Epoch: 1100, Loss: 0.0017, Train: 75.25%, Valid: 74.17%, Test: 76.12%, Best Valid: 87.92%, Best Test: 88.99%
Epoch: 1200, Loss: 0.0540, Train: 84.13%, Valid: 83.61%, Test: 85.99%, Best Valid: 87.92%, Best Test: 88.99%
Epoch: 1300, Loss: 0.0014, Train: 82.19%, Valid: 80.74%, Test: 82.77%, Best Valid: 87.92%, Best Test: 88.99%
Epoch: 1400, Loss: 0.0151, Train: 84.42%, Valid: 83.31%, Test: 85.44%, Best Valid: 87.92%, Best Test: 88.99%
Epoch: 1500, Loss: 0.1277, Train: 85.06%, Valid: 84.40%, Test: 85.11%, Best Valid: 87.92%, Best Test: 88.99%
Run 04:
Highest Train: 88.56
Highest Valid: 87.92
Highest Test: 89.01
Chosen epoch: 36
Final Train: 88.56
Final Test: 88.99
Label budget: 10/class -> 150 train nodes
Pre-training MLP for 500 epochs to generate co-occurrence matrix...
MLP pre-training complete. Penalty matrix frozen.
Epoch: 00, Loss: 5.3262, Train: 12.29%, Valid: 11.97%, Test: 10.96%, Best Valid: 11.97%, Best Test: 10.96%
Switching Polynormer to global attention phase.
Epoch: 100, Loss: 4.8745, Train: 7.68%, Valid: 7.26%, Test: 7.72%, Best Valid: 89.80%, Best Test: 91.25%
Epoch: 200, Loss: 0.4604, Train: 75.35%, Valid: 73.92%, Test: 74.86%, Best Valid: 89.80%, Best Test: 91.25%
Epoch: 300, Loss: 0.1089, Train: 87.56%, Valid: 86.52%, Test: 87.73%, Best Valid: 89.80%, Best Test: 91.25%
Epoch: 400, Loss: 0.1493, Train: 85.02%, Valid: 83.09%, Test: 85.14%, Best Valid: 89.80%, Best Test: 91.25%
Epoch: 500, Loss: 0.0864, Train: 87.56%, Valid: 86.72%, Test: 87.60%, Best Valid: 89.80%, Best Test: 91.25%
Epoch: 600, Loss: 0.0008, Train: 88.37%, Valid: 87.64%, Test: 88.82%, Best Valid: 89.80%, Best Test: 91.25%
Epoch: 700, Loss: 0.0066, Train: 75.59%, Valid: 73.90%, Test: 76.39%, Best Valid: 89.80%, Best Test: 91.25%
Epoch: 800, Loss: 0.0045, Train: 87.25%, Valid: 86.06%, Test: 88.20%, Best Valid: 89.80%, Best Test: 91.25%
Epoch: 900, Loss: 0.0012, Train: 88.76%, Valid: 88.35%, Test: 89.64%, Best Valid: 89.80%, Best Test: 91.25%
Epoch: 1000, Loss: 0.0042, Train: 86.80%, Valid: 85.54%, Test: 86.89%, Best Valid: 89.80%, Best Test: 91.25%
Epoch: 1100, Loss: 0.3331, Train: 84.09%, Valid: 83.36%, Test: 84.81%, Best Valid: 89.80%, Best Test: 91.25%
Epoch: 1200, Loss: 0.0289, Train: 83.55%, Valid: 83.17%, Test: 83.53%, Best Valid: 89.80%, Best Test: 91.25%
Epoch: 1300, Loss: 0.0662, Train: 86.47%, Valid: 85.79%, Test: 86.01%, Best Valid: 89.80%, Best Test: 91.25%
Epoch: 1400, Loss: 0.0018, Train: 84.33%, Valid: 82.76%, Test: 84.90%, Best Valid: 89.80%, Best Test: 91.25%
Epoch: 1500, Loss: 0.0024, Train: 84.88%, Valid: 84.42%, Test: 85.58%, Best Valid: 89.80%, Best Test: 91.25%
Run 05:
Highest Train: 90.75
Highest Valid: 89.80
Highest Test: 91.25
Chosen epoch: 96
Final Train: 90.72
Final Test: 91.25
Label budget: 10/class -> 150 train nodes
Pre-training MLP for 500 epochs to generate co-occurrence matrix...
MLP pre-training complete. Penalty matrix frozen.
Epoch: 00, Loss: 5.3347, Train: 8.03%, Valid: 7.69%, Test: 7.61%, Best Valid: 7.69%, Best Test: 7.61%
Switching Polynormer to global attention phase.
Epoch: 100, Loss: 4.8744, Train: 11.11%, Valid: 10.91%, Test: 11.21%, Best Valid: 89.85%, Best Test: 91.14%
Epoch: 200, Loss: 0.7276, Train: 65.11%, Valid: 63.86%, Test: 65.10%, Best Valid: 89.85%, Best Test: 91.14%
Epoch: 300, Loss: 0.0022, Train: 71.76%, Valid: 69.48%, Test: 71.92%, Best Valid: 89.85%, Best Test: 91.14%
Epoch: 400, Loss: 0.0007, Train: 80.08%, Valid: 77.85%, Test: 80.13%, Best Valid: 89.85%, Best Test: 91.14%
Epoch: 500, Loss: 0.0824, Train: 89.39%, Valid: 88.35%, Test: 89.59%, Best Valid: 89.85%, Best Test: 91.14%
Epoch: 600, Loss: 0.0017, Train: 89.18%, Valid: 88.08%, Test: 89.75%, Best Valid: 89.85%, Best Test: 91.14%
Epoch: 700, Loss: 0.0029, Train: 84.79%, Valid: 84.21%, Test: 85.22%, Best Valid: 89.85%, Best Test: 91.14%
Epoch: 800, Loss: 0.1968, Train: 82.58%, Valid: 81.53%, Test: 83.26%, Best Valid: 89.85%, Best Test: 91.14%
Epoch: 900, Loss: 0.0331, Train: 88.14%, Valid: 87.97%, Test: 88.60%, Best Valid: 89.85%, Best Test: 91.14%
Epoch: 1000, Loss: 0.0027, Train: 87.64%, Valid: 87.04%, Test: 88.47%, Best Valid: 89.85%, Best Test: 91.14%
Epoch: 1100, Loss: 0.0698, Train: 88.72%, Valid: 88.16%, Test: 88.77%, Best Valid: 89.85%, Best Test: 91.14%
Epoch: 1200, Loss: 0.0039, Train: 87.70%, Valid: 86.25%, Test: 88.03%, Best Valid: 89.85%, Best Test: 91.14%
Epoch: 1300, Loss: 0.0017, Train: 88.67%, Valid: 86.96%, Test: 88.63%, Best Valid: 89.85%, Best Test: 91.14%
Epoch: 1400, Loss: 0.0239, Train: 86.06%, Valid: 85.22%, Test: 86.42%, Best Valid: 89.85%, Best Test: 91.14%
Epoch: 1500, Loss: 0.0575, Train: 80.07%, Valid: 78.81%, Test: 81.11%, Best Valid: 89.85%, Best Test: 91.14%
Run 06:
Highest Train: 90.60
Highest Valid: 89.85
Highest Test: 91.14
Chosen epoch: 39
Final Train: 90.46
Final Test: 91.14
Label budget: 10/class -> 150 train nodes
Pre-training MLP for 500 epochs to generate co-occurrence matrix...
MLP pre-training complete. Penalty matrix frozen.
Epoch: 00, Loss: 5.2475, Train: 9.65%, Valid: 9.96%, Test: 9.98%, Best Valid: 9.96%, Best Test: 9.98%
Switching Polynormer to global attention phase.
Epoch: 100, Loss: 4.8745, Train: 11.11%, Valid: 10.91%, Test: 11.21%, Best Valid: 91.03%, Best Test: 91.74%
Epoch: 200, Loss: 0.7454, Train: 71.18%, Valid: 69.09%, Test: 70.75%, Best Valid: 91.03%, Best Test: 91.74%
Epoch: 300, Loss: 0.0712, Train: 81.85%, Valid: 79.46%, Test: 81.38%, Best Valid: 91.03%, Best Test: 91.74%
Epoch: 400, Loss: 0.9862, Train: 79.73%, Valid: 77.88%, Test: 79.53%, Best Valid: 91.03%, Best Test: 91.74%
Epoch: 500, Loss: 0.0244, Train: 84.03%, Valid: 81.86%, Test: 84.08%, Best Valid: 91.03%, Best Test: 91.74%
Epoch: 600, Loss: 0.0005, Train: 87.35%, Valid: 86.55%, Test: 87.62%, Best Valid: 91.03%, Best Test: 91.74%
Epoch: 700, Loss: 0.0035, Train: 86.29%, Valid: 84.32%, Test: 86.12%, Best Valid: 91.03%, Best Test: 91.74%
Epoch: 800, Loss: 0.0009, Train: 87.03%, Valid: 85.49%, Test: 87.30%, Best Valid: 91.03%, Best Test: 91.74%
Epoch: 900, Loss: 0.0335, Train: 80.66%, Valid: 79.08%, Test: 80.13%, Best Valid: 91.03%, Best Test: 91.74%
Epoch: 1000, Loss: 0.0008, Train: 86.45%, Valid: 84.62%, Test: 86.15%, Best Valid: 91.03%, Best Test: 91.74%
Epoch: 1100, Loss: 0.0018, Train: 83.53%, Valid: 83.03%, Test: 83.67%, Best Valid: 91.03%, Best Test: 91.74%
Epoch: 1200, Loss: 0.0713, Train: 85.26%, Valid: 84.92%, Test: 85.88%, Best Valid: 91.03%, Best Test: 91.74%
Epoch: 1300, Loss: 0.0987, Train: 82.29%, Valid: 81.67%, Test: 82.52%, Best Valid: 91.03%, Best Test: 91.74%
Epoch: 1400, Loss: 0.0014, Train: 85.73%, Valid: 84.12%, Test: 86.97%, Best Valid: 91.03%, Best Test: 91.74%
Epoch: 1500, Loss: 0.0010, Train: 86.19%, Valid: 84.56%, Test: 86.83%, Best Valid: 91.03%, Best Test: 91.74%
Run 07:
Highest Train: 91.47
Highest Valid: 91.03
Highest Test: 91.74
Chosen epoch: 97
Final Train: 91.47
Final Test: 91.74
Label budget: 10/class -> 150 train nodes
Pre-training MLP for 500 epochs to generate co-occurrence matrix...
MLP pre-training complete. Penalty matrix frozen.
Epoch: 00, Loss: 5.2673, Train: 4.26%, Valid: 4.47%, Test: 4.17%, Best Valid: 4.47%, Best Test: 4.17%
Switching Polynormer to global attention phase.
Epoch: 100, Loss: 4.8745, Train: 11.01%, Valid: 11.29%, Test: 11.59%, Best Valid: 90.18%, Best Test: 91.03%
Epoch: 200, Loss: 0.5692, Train: 71.77%, Valid: 69.56%, Test: 70.26%, Best Valid: 90.18%, Best Test: 91.03%
Epoch: 300, Loss: 0.2163, Train: 83.02%, Valid: 81.94%, Test: 82.39%, Best Valid: 90.18%, Best Test: 91.03%
Epoch: 400, Loss: 0.0042, Train: 85.44%, Valid: 84.23%, Test: 85.44%, Best Valid: 90.18%, Best Test: 91.03%
Epoch: 500, Loss: 0.0660, Train: 85.97%, Valid: 84.86%, Test: 85.88%, Best Valid: 90.18%, Best Test: 91.03%
Epoch: 600, Loss: 0.0045, Train: 85.34%, Valid: 84.70%, Test: 84.92%, Best Valid: 90.18%, Best Test: 91.03%
Epoch: 700, Loss: 0.0009, Train: 85.26%, Valid: 84.86%, Test: 84.54%, Best Valid: 90.18%, Best Test: 91.03%
Epoch: 800, Loss: 0.0203, Train: 86.90%, Valid: 85.76%, Test: 87.02%, Best Valid: 90.18%, Best Test: 91.03%
Epoch: 900, Loss: 0.0013, Train: 87.14%, Valid: 85.27%, Test: 86.78%, Best Valid: 90.18%, Best Test: 91.03%
Epoch: 1000, Loss: 0.0015, Train: 82.57%, Valid: 81.40%, Test: 82.91%, Best Valid: 90.18%, Best Test: 91.03%
Epoch: 1100, Loss: 0.0012, Train: 87.96%, Valid: 86.47%, Test: 87.68%, Best Valid: 90.18%, Best Test: 91.03%
Epoch: 1200, Loss: 0.0011, Train: 88.92%, Valid: 87.42%, Test: 88.28%, Best Valid: 90.18%, Best Test: 91.03%
Epoch: 1300, Loss: 0.0031, Train: 88.05%, Valid: 86.96%, Test: 88.30%, Best Valid: 90.18%, Best Test: 91.03%
Epoch: 1400, Loss: 0.0108, Train: 86.17%, Valid: 85.16%, Test: 86.34%, Best Valid: 90.18%, Best Test: 91.03%
Epoch: 1500, Loss: 0.0008, Train: 86.68%, Valid: 84.70%, Test: 86.31%, Best Valid: 90.18%, Best Test: 91.03%
Run 08:
Highest Train: 91.10
Highest Valid: 90.18
Highest Test: 91.22
Chosen epoch: 48
Final Train: 90.99
Final Test: 91.03
Label budget: 10/class -> 150 train nodes
Pre-training MLP for 500 epochs to generate co-occurrence matrix...
MLP pre-training complete. Penalty matrix frozen.
Epoch: 00, Loss: 5.2771, Train: 22.06%, Valid: 23.95%, Test: 22.79%, Best Valid: 23.95%, Best Test: 22.79%
Switching Polynormer to global attention phase.
Epoch: 100, Loss: 4.8745, Train: 22.05%, Valid: 23.92%, Test: 22.74%, Best Valid: 90.56%, Best Test: 92.15%
Epoch: 200, Loss: 0.1080, Train: 77.59%, Valid: 76.32%, Test: 77.92%, Best Valid: 90.56%, Best Test: 92.15%
Epoch: 300, Loss: 0.0739, Train: 84.69%, Valid: 83.80%, Test: 86.12%, Best Valid: 90.56%, Best Test: 92.15%
Epoch: 400, Loss: 0.0016, Train: 83.49%, Valid: 81.64%, Test: 83.83%, Best Valid: 90.56%, Best Test: 92.15%
Epoch: 500, Loss: 0.0672, Train: 85.34%, Valid: 84.21%, Test: 85.85%, Best Valid: 90.56%, Best Test: 92.15%
Epoch: 600, Loss: 0.0019, Train: 82.26%, Valid: 80.14%, Test: 82.55%, Best Valid: 90.56%, Best Test: 92.15%
Epoch: 700, Loss: 0.0007, Train: 88.04%, Valid: 86.96%, Test: 88.77%, Best Valid: 90.56%, Best Test: 92.15%
Epoch: 800, Loss: 0.3737, Train: 85.94%, Valid: 84.72%, Test: 86.04%, Best Valid: 90.56%, Best Test: 92.15%
Epoch: 900, Loss: 0.0011, Train: 88.36%, Valid: 87.97%, Test: 89.29%, Best Valid: 90.56%, Best Test: 92.15%
Epoch: 1000, Loss: 0.0110, Train: 89.74%, Valid: 89.63%, Test: 90.59%, Best Valid: 90.56%, Best Test: 92.15%
Epoch: 1100, Loss: 0.0008, Train: 89.10%, Valid: 88.38%, Test: 89.18%, Best Valid: 90.56%, Best Test: 92.15%
Epoch: 1200, Loss: 0.0010, Train: 90.01%, Valid: 88.84%, Test: 90.02%, Best Valid: 90.56%, Best Test: 92.15%
Epoch: 1300, Loss: 0.0069, Train: 84.74%, Valid: 83.93%, Test: 86.10%, Best Valid: 90.56%, Best Test: 92.15%
Epoch: 1400, Loss: 0.0019, Train: 83.42%, Valid: 82.54%, Test: 83.67%, Best Valid: 90.56%, Best Test: 92.15%
Epoch: 1500, Loss: 0.1941, Train: 85.10%, Valid: 84.37%, Test: 84.84%, Best Valid: 90.56%, Best Test: 92.15%
Run 09:
Highest Train: 91.16
Highest Valid: 90.56
Highest Test: 92.15
Chosen epoch: 77
Final Train: 91.08
Final Test: 92.15
Label budget: 10/class -> 150 train nodes
Pre-training MLP for 500 epochs to generate co-occurrence matrix...
MLP pre-training complete. Penalty matrix frozen.
Epoch: 00, Loss: 5.1404, Train: 0.67%, Valid: 0.55%, Test: 0.65%, Best Valid: 0.55%, Best Test: 0.65%
Switching Polynormer to global attention phase.
Epoch: 100, Loss: 4.8745, Train: 4.15%, Valid: 4.50%, Test: 4.20%, Best Valid: 89.80%, Best Test: 91.49%
Epoch: 200, Loss: 0.1732, Train: 83.79%, Valid: 83.47%, Test: 84.27%, Best Valid: 89.80%, Best Test: 91.49%
Epoch: 300, Loss: 0.0303, Train: 64.91%, Valid: 62.68%, Test: 64.04%, Best Valid: 89.80%, Best Test: 91.49%
Epoch: 400, Loss: 0.0027, Train: 84.27%, Valid: 82.62%, Test: 84.08%, Best Valid: 89.80%, Best Test: 91.49%
Epoch: 500, Loss: 0.0054, Train: 82.36%, Valid: 80.01%, Test: 81.90%, Best Valid: 89.80%, Best Test: 91.49%
Epoch: 600, Loss: 0.0117, Train: 88.28%, Valid: 87.15%, Test: 88.85%, Best Valid: 89.80%, Best Test: 91.49%
Epoch: 700, Loss: 0.0009, Train: 81.05%, Valid: 78.83%, Test: 81.19%, Best Valid: 89.80%, Best Test: 91.49%
Epoch: 800, Loss: 0.0036, Train: 87.45%, Valid: 86.47%, Test: 87.68%, Best Valid: 89.80%, Best Test: 91.49%
Epoch: 900, Loss: 0.0030, Train: 88.46%, Valid: 87.23%, Test: 88.25%, Best Valid: 89.80%, Best Test: 91.49%
Epoch: 1000, Loss: 0.0243, Train: 79.39%, Valid: 78.15%, Test: 79.25%, Best Valid: 89.80%, Best Test: 91.49%
Epoch: 1100, Loss: 0.0380, Train: 84.49%, Valid: 84.70%, Test: 84.13%, Best Valid: 89.80%, Best Test: 91.49%
Epoch: 1200, Loss: 0.0007, Train: 88.28%, Valid: 87.86%, Test: 87.60%, Best Valid: 89.80%, Best Test: 91.49%
Epoch: 1300, Loss: 0.0023, Train: 86.45%, Valid: 85.98%, Test: 85.91%, Best Valid: 89.80%, Best Test: 91.49%
Epoch: 1400, Loss: 0.0065, Train: 88.23%, Valid: 87.73%, Test: 88.20%, Best Valid: 89.80%, Best Test: 91.49%
Epoch: 1500, Loss: 0.0008, Train: 87.56%, Valid: 87.48%, Test: 88.71%, Best Valid: 89.80%, Best Test: 91.49%
Run 10:
Highest Train: 91.02
Highest Valid: 89.80
Highest Test: 91.71
Chosen epoch: 88
Final Train: 90.88
Final Test: 91.49
All runs:
Highest Train: 90.59 ± 0.86
Highest Test: 91.03 ± 0.99
Highest Valid: 89.95 ± 0.97
  Final Train: 90.53 ± 0.83
   Final Test: 90.95 ± 0.99
Saving results to ../results/lowlabel/coauthor-cs/polynormer.csv
--- mlp_reg | lambda=1.6 ---
Namespace(aggregate='add', alpha=0.5, attention='gcn', beta=-1.0, bn=False, budget_tag='10', count_reg=False, count_smoothing=1.0, cpu=False, data_dir='../data/', dataset='coauthor-cs', device=0, dim_inner=64, display_step=100, dropout=0.3, epochs=500, global_dropout=None, global_epochs=1500, global_layers=2, gnn='gcn', graph_weight=0.8, hidden_channels=64, hops=10, in_dropout=0.1, jk=False, label_num_per_class=20, lambda_val=1.6, layers=1, ln=False, local_epochs=100, local_gnn_type='GCN', local_layers=5, lr=0.001, metric='acc', mlp_epochs=500, mlp_reg=True, model='polynormer', model_dir='models/lowlabel_1178246_237', n_heads=8, num_centroids=4096, num_heads=8, oracle_reg=False, paired_seeds=True, pe_types='RWSE', penalty_transform='none', pre_linear=False, pre_ln=False, rand_split=False, rand_split_class=False, reg_start_epoch=10, reg_update_freq=5, res=False, resample_split_per_run=False, result_dir='../results/lowlabel', runs=10, save_model=True, save_result=False, seed=42, test_num=1000, tr_dropout=None, tr_layers=1, tr_weight_decay=None, train_per_class=10, train_prop=0.5, use_act=False, use_bn=False, use_graph=False, use_reg=True, use_residual=False, use_weight=False, valid_num=500, valid_per_class=0, valid_prop=0.25, weight_decay=0.0005)
coauthor-cs
dataset coauthor-cs | num nodes 18333 | num edge 163788 | num node feats 6805 | num classes 15
MODEL: Polynormer(
  (h_lins): ModuleList(
    (0): Linear(in_features=512, out_features=512, bias=True)
    (1): Linear(in_features=512, out_features=512, bias=True)
    (2): Linear(in_features=512, out_features=512, bias=True)
    (3): Linear(in_features=512, out_features=512, bias=True)
    (4): Linear(in_features=512, out_features=512, bias=True)
  )
  (local_convs): ModuleList(
    (0): GATConv(512, 64, heads=8)
    (1): GATConv(512, 64, heads=8)
    (2): GATConv(512, 64, heads=8)
    (3): GATConv(512, 64, heads=8)
    (4): GATConv(512, 64, heads=8)
  )
  (lins): ModuleList(
    (0): Linear(in_features=512, out_features=512, bias=True)
    (1): Linear(in_features=512, out_features=512, bias=True)
    (2): Linear(in_features=512, out_features=512, bias=True)
    (3): Linear(in_features=512, out_features=512, bias=True)
    (4): Linear(in_features=512, out_features=512, bias=True)
  )
  (lns): ModuleList(
    (0): LayerNorm((512,), eps=1e-05, elementwise_affine=True)
    (1): LayerNorm((512,), eps=1e-05, elementwise_affine=True)
    (2): LayerNorm((512,), eps=1e-05, elementwise_affine=True)
    (3): LayerNorm((512,), eps=1e-05, elementwise_affine=True)
    (4): LayerNorm((512,), eps=1e-05, elementwise_affine=True)
  )
  (lin_in): Linear(in_features=6805, out_features=512, bias=True)
  (ln): LayerNorm((512,), eps=1e-05, elementwise_affine=True)
  (global_attn): GlobalAttn(
    (h_lins): ModuleList(
      (0): Linear(in_features=512, out_features=512, bias=True)
      (1): Linear(in_features=512, out_features=512, bias=True)
    )
    (k_lins): ModuleList(
      (0): Linear(in_features=512, out_features=512, bias=True)
      (1): Linear(in_features=512, out_features=512, bias=True)
    )
    (v_lins): ModuleList(
      (0): Linear(in_features=512, out_features=512, bias=True)
      (1): Linear(in_features=512, out_features=512, bias=True)
    )
    (lns): ModuleList(
      (0): LayerNorm((512,), eps=1e-05, elementwise_affine=True)
      (1): LayerNorm((512,), eps=1e-05, elementwise_affine=True)
    )
    (lin_out): Linear(in_features=512, out_features=512, bias=True)
  )
  (pred_local): Linear(in_features=512, out_features=15, bias=True)
  (pred_global): Linear(in_features=512, out_features=15, bias=True)
)
Label budget: 10/class -> 150 train nodes
Pre-training MLP for 500 epochs to generate co-occurrence matrix...
MLP pre-training complete. Penalty matrix frozen.
Epoch: 00, Loss: 7.4330, Train: 1.99%, Valid: 2.07%, Test: 2.07%, Best Valid: 2.07%, Best Test: 2.07%
Switching Polynormer to global attention phase.
Epoch: 100, Loss: 7.0305, Train: 22.53%, Valid: 22.59%, Test: 22.00%, Best Valid: 90.04%, Best Test: 91.19%
Epoch: 200, Loss: 0.0042, Train: 87.55%, Valid: 87.21%, Test: 87.62%, Best Valid: 90.04%, Best Test: 91.19%
Epoch: 300, Loss: 0.0134, Train: 89.87%, Valid: 89.77%, Test: 89.78%, Best Valid: 90.04%, Best Test: 91.19%
Epoch: 400, Loss: 0.0102, Train: 88.64%, Valid: 88.19%, Test: 89.18%, Best Valid: 90.04%, Best Test: 91.19%
Epoch: 500, Loss: 0.0305, Train: 88.29%, Valid: 87.02%, Test: 87.90%, Best Valid: 90.04%, Best Test: 91.19%
Epoch: 600, Loss: 0.0164, Train: 89.50%, Valid: 88.52%, Test: 89.89%, Best Valid: 90.04%, Best Test: 91.19%
Epoch: 700, Loss: 0.0114, Train: 86.05%, Valid: 84.18%, Test: 85.58%, Best Valid: 90.04%, Best Test: 91.19%
Epoch: 800, Loss: 0.0018, Train: 88.97%, Valid: 87.45%, Test: 89.37%, Best Valid: 90.04%, Best Test: 91.19%
Epoch: 900, Loss: 0.0012, Train: 90.06%, Valid: 88.90%, Test: 89.75%, Best Valid: 90.04%, Best Test: 91.19%
Epoch: 1000, Loss: 0.0079, Train: 85.13%, Valid: 84.48%, Test: 85.25%, Best Valid: 90.04%, Best Test: 91.19%
Epoch: 1100, Loss: 0.0103, Train: 84.67%, Valid: 83.80%, Test: 84.13%, Best Valid: 90.04%, Best Test: 91.19%
Epoch: 1200, Loss: 0.0339, Train: 89.50%, Valid: 88.79%, Test: 89.18%, Best Valid: 90.04%, Best Test: 91.19%
Epoch: 1300, Loss: 0.0233, Train: 85.08%, Valid: 83.69%, Test: 85.11%, Best Valid: 90.04%, Best Test: 91.19%
Epoch: 1400, Loss: 0.0011, Train: 87.91%, Valid: 87.23%, Test: 87.46%, Best Valid: 90.04%, Best Test: 91.19%
Epoch: 1500, Loss: 0.0017, Train: 86.40%, Valid: 86.50%, Test: 87.51%, Best Valid: 90.04%, Best Test: 91.19%
Run 01:
Highest Train: 90.95
Highest Valid: 90.04
Highest Test: 91.55
Chosen epoch: 96
Final Train: 90.94
Final Test: 91.19
Label budget: 10/class -> 150 train nodes
Pre-training MLP for 500 epochs to generate co-occurrence matrix...
MLP pre-training complete. Penalty matrix frozen.
Epoch: 00, Loss: 7.4042, Train: 17.56%, Valid: 17.24%, Test: 16.41%, Best Valid: 17.24%, Best Test: 16.41%
Switching Polynormer to global attention phase.
Epoch: 100, Loss: 7.0409, Train: 11.01%, Valid: 11.29%, Test: 11.59%, Best Valid: 89.55%, Best Test: 90.79%
Epoch: 200, Loss: 0.3309, Train: 42.80%, Valid: 41.82%, Test: 41.47%, Best Valid: 89.55%, Best Test: 90.79%
Epoch: 300, Loss: 0.0123, Train: 59.90%, Valid: 60.58%, Test: 59.84%, Best Valid: 89.55%, Best Test: 90.79%
Epoch: 400, Loss: 0.0245, Train: 64.80%, Valid: 65.52%, Test: 64.69%, Best Valid: 89.55%, Best Test: 90.79%
Epoch: 500, Loss: 0.0393, Train: 74.66%, Valid: 74.71%, Test: 74.54%, Best Valid: 89.55%, Best Test: 90.79%
Epoch: 600, Loss: 0.0008, Train: 72.79%, Valid: 72.23%, Test: 72.87%, Best Valid: 89.55%, Best Test: 90.79%
Epoch: 700, Loss: 0.0033, Train: 83.90%, Valid: 83.74%, Test: 83.29%, Best Valid: 89.55%, Best Test: 90.79%
Epoch: 800, Loss: 0.0011, Train: 84.19%, Valid: 83.85%, Test: 83.94%, Best Valid: 89.55%, Best Test: 90.79%
Epoch: 900, Loss: 0.0159, Train: 76.33%, Valid: 76.02%, Test: 76.69%, Best Valid: 89.55%, Best Test: 90.79%
Epoch: 1000, Loss: 0.0008, Train: 82.76%, Valid: 81.97%, Test: 82.33%, Best Valid: 89.55%, Best Test: 90.79%
Epoch: 1100, Loss: 0.0012, Train: 81.75%, Valid: 81.72%, Test: 81.82%, Best Valid: 89.55%, Best Test: 90.79%
Epoch: 1200, Loss: 0.0075, Train: 83.49%, Valid: 82.76%, Test: 82.82%, Best Valid: 89.55%, Best Test: 90.79%
Epoch: 1300, Loss: 0.0027, Train: 86.46%, Valid: 85.41%, Test: 86.40%, Best Valid: 89.55%, Best Test: 90.79%
Epoch: 1400, Loss: 0.0015, Train: 78.38%, Valid: 78.48%, Test: 78.68%, Best Valid: 89.55%, Best Test: 90.79%
Epoch: 1500, Loss: 0.0014, Train: 81.73%, Valid: 81.61%, Test: 81.24%, Best Valid: 89.55%, Best Test: 90.79%
Run 02:
Highest Train: 90.51
Highest Valid: 89.55
Highest Test: 90.79
Chosen epoch: 62
Final Train: 90.30
Final Test: 90.79
Label budget: 10/class -> 150 train nodes
Pre-training MLP for 500 epochs to generate co-occurrence matrix...
MLP pre-training complete. Penalty matrix frozen.
Epoch: 00, Loss: 7.4945, Train: 11.01%, Valid: 11.29%, Test: 11.59%, Best Valid: 11.29%, Best Test: 11.59%
Switching Polynormer to global attention phase.
Epoch: 100, Loss: 7.0416, Train: 11.01%, Valid: 11.29%, Test: 11.59%, Best Valid: 86.25%, Best Test: 88.47%
Epoch: 200, Loss: 0.7464, Train: 21.77%, Valid: 20.51%, Test: 21.07%, Best Valid: 86.25%, Best Test: 88.47%
Epoch: 300, Loss: 0.0188, Train: 27.98%, Valid: 25.94%, Test: 27.81%, Best Valid: 86.25%, Best Test: 88.47%
Epoch: 400, Loss: 0.0050, Train: 51.56%, Valid: 49.43%, Test: 52.04%, Best Valid: 86.25%, Best Test: 88.47%
Epoch: 500, Loss: 0.0022, Train: 54.84%, Valid: 50.98%, Test: 54.85%, Best Valid: 86.25%, Best Test: 88.47%
Epoch: 600, Loss: 0.1382, Train: 75.09%, Valid: 73.35%, Test: 74.78%, Best Valid: 86.25%, Best Test: 88.47%
Epoch: 700, Loss: 0.0022, Train: 64.58%, Valid: 60.58%, Test: 64.29%, Best Valid: 86.25%, Best Test: 88.47%
Epoch: 800, Loss: 0.0113, Train: 68.59%, Valid: 64.68%, Test: 68.48%, Best Valid: 86.25%, Best Test: 88.47%
Epoch: 900, Loss: 0.0121, Train: 65.31%, Valid: 62.79%, Test: 66.03%, Best Valid: 86.25%, Best Test: 88.47%
Epoch: 1000, Loss: 0.0014, Train: 76.84%, Valid: 74.99%, Test: 77.59%, Best Valid: 86.25%, Best Test: 88.47%
Epoch: 1100, Loss: 0.0010, Train: 77.77%, Valid: 75.42%, Test: 78.79%, Best Valid: 86.25%, Best Test: 88.47%
Epoch: 1200, Loss: 0.0073, Train: 73.88%, Valid: 71.14%, Test: 74.89%, Best Valid: 86.25%, Best Test: 88.47%
Epoch: 1300, Loss: 0.0010, Train: 66.82%, Valid: 63.88%, Test: 67.39%, Best Valid: 86.25%, Best Test: 88.47%
Epoch: 1400, Loss: 0.0021, Train: 81.77%, Valid: 79.79%, Test: 82.25%, Best Valid: 86.25%, Best Test: 88.47%
Epoch: 1500, Loss: 0.0014, Train: 79.98%, Valid: 78.45%, Test: 80.73%, Best Valid: 86.25%, Best Test: 88.47%
Run 03:
Highest Train: 87.34
Highest Valid: 86.25
Highest Test: 88.74
Chosen epoch: 24
Final Train: 87.26
Final Test: 88.47
Label budget: 10/class -> 150 train nodes
Pre-training MLP for 500 epochs to generate co-occurrence matrix...
MLP pre-training complete. Penalty matrix frozen.
Epoch: 00, Loss: 7.4979, Train: 12.29%, Valid: 11.97%, Test: 10.96%, Best Valid: 11.97%, Best Test: 10.96%
Switching Polynormer to global attention phase.
Epoch: 100, Loss: 7.0409, Train: 11.01%, Valid: 11.29%, Test: 11.59%, Best Valid: 87.59%, Best Test: 88.74%
Epoch: 200, Loss: 0.6015, Train: 33.86%, Valid: 32.92%, Test: 35.33%, Best Valid: 87.59%, Best Test: 88.74%
Epoch: 300, Loss: 0.2703, Train: 63.09%, Valid: 62.98%, Test: 63.66%, Best Valid: 87.59%, Best Test: 88.74%
Epoch: 400, Loss: 0.0076, Train: 63.86%, Valid: 62.90%, Test: 65.59%, Best Valid: 87.59%, Best Test: 88.74%
Epoch: 500, Loss: 0.7694, Train: 62.61%, Valid: 62.25%, Test: 63.22%, Best Valid: 87.59%, Best Test: 88.74%
Epoch: 600, Loss: 0.0292, Train: 79.73%, Valid: 78.83%, Test: 81.13%, Best Valid: 87.59%, Best Test: 88.74%
Epoch: 700, Loss: 0.0822, Train: 79.07%, Valid: 78.12%, Test: 79.33%, Best Valid: 87.59%, Best Test: 88.74%
Epoch: 800, Loss: 0.0063, Train: 79.36%, Valid: 77.44%, Test: 78.65%, Best Valid: 87.59%, Best Test: 88.74%
Epoch: 900, Loss: 0.0030, Train: 79.01%, Valid: 77.66%, Test: 79.55%, Best Valid: 87.59%, Best Test: 88.74%
Epoch: 1000, Loss: 0.0483, Train: 80.88%, Valid: 79.60%, Test: 80.51%, Best Valid: 87.59%, Best Test: 88.74%
Epoch: 1100, Loss: 0.0011, Train: 87.04%, Valid: 86.12%, Test: 87.73%, Best Valid: 87.59%, Best Test: 88.74%
Epoch: 1200, Loss: 0.0028, Train: 85.57%, Valid: 84.67%, Test: 86.67%, Best Valid: 87.59%, Best Test: 88.74%
Epoch: 1300, Loss: 0.0016, Train: 85.98%, Valid: 84.81%, Test: 86.67%, Best Valid: 87.59%, Best Test: 88.74%
Epoch: 1400, Loss: 0.0068, Train: 80.52%, Valid: 79.81%, Test: 83.15%, Best Valid: 87.59%, Best Test: 88.74%
Epoch: 1500, Loss: 0.0036, Train: 82.51%, Valid: 81.48%, Test: 83.23%, Best Valid: 87.59%, Best Test: 88.74%
Run 04:
Highest Train: 88.24
Highest Valid: 87.59
Highest Test: 89.07
Chosen epoch: 50
Final Train: 88.18
Final Test: 88.74
Label budget: 10/class -> 150 train nodes
Pre-training MLP for 500 epochs to generate co-occurrence matrix...
MLP pre-training complete. Penalty matrix frozen.
Epoch: 00, Loss: 7.6933, Train: 12.29%, Valid: 11.97%, Test: 10.96%, Best Valid: 11.97%, Best Test: 10.96%
Switching Polynormer to global attention phase.
Epoch: 100, Loss: 7.0409, Train: 7.68%, Valid: 7.26%, Test: 7.72%, Best Valid: 90.21%, Best Test: 91.14%
Epoch: 200, Loss: 0.1930, Train: 76.36%, Valid: 75.12%, Test: 76.83%, Best Valid: 90.21%, Best Test: 91.14%
Epoch: 300, Loss: 0.0013, Train: 87.79%, Valid: 86.82%, Test: 88.47%, Best Valid: 90.21%, Best Test: 91.14%
Epoch: 400, Loss: 0.0015, Train: 87.69%, Valid: 86.72%, Test: 88.11%, Best Valid: 90.21%, Best Test: 91.14%
Epoch: 500, Loss: 0.0005, Train: 87.92%, Valid: 86.36%, Test: 87.90%, Best Valid: 90.21%, Best Test: 91.14%
Epoch: 600, Loss: 0.2678, Train: 81.51%, Valid: 80.47%, Test: 81.98%, Best Valid: 90.21%, Best Test: 91.14%
Epoch: 700, Loss: 0.0255, Train: 81.65%, Valid: 81.04%, Test: 82.96%, Best Valid: 90.21%, Best Test: 91.14%
Epoch: 800, Loss: 0.0027, Train: 86.05%, Valid: 85.41%, Test: 86.42%, Best Valid: 90.21%, Best Test: 91.14%
Epoch: 900, Loss: 0.0007, Train: 85.54%, Valid: 84.26%, Test: 86.01%, Best Valid: 90.21%, Best Test: 91.14%
Epoch: 1000, Loss: 0.0022, Train: 89.09%, Valid: 88.22%, Test: 89.80%, Best Valid: 90.21%, Best Test: 91.14%
Epoch: 1100, Loss: 0.0007, Train: 87.78%, Valid: 86.93%, Test: 88.28%, Best Valid: 90.21%, Best Test: 91.14%
Epoch: 1200, Loss: 0.0013, Train: 88.10%, Valid: 87.45%, Test: 89.04%, Best Valid: 90.21%, Best Test: 91.14%
Epoch: 1300, Loss: 0.0009, Train: 83.64%, Valid: 81.83%, Test: 84.49%, Best Valid: 90.21%, Best Test: 91.14%
Epoch: 1400, Loss: 0.0011, Train: 86.85%, Valid: 85.82%, Test: 87.73%, Best Valid: 90.21%, Best Test: 91.14%
Epoch: 1500, Loss: 0.0014, Train: 85.24%, Valid: 83.96%, Test: 86.31%, Best Valid: 90.21%, Best Test: 91.14%
Run 05:
Highest Train: 90.68
Highest Valid: 90.21
Highest Test: 91.17
Chosen epoch: 42
Final Train: 90.64
Final Test: 91.14
Label budget: 10/class -> 150 train nodes
Pre-training MLP for 500 epochs to generate co-occurrence matrix...
MLP pre-training complete. Penalty matrix frozen.
Epoch: 00, Loss: 7.7057, Train: 8.03%, Valid: 7.69%, Test: 7.61%, Best Valid: 7.69%, Best Test: 7.61%
Switching Polynormer to global attention phase.
Epoch: 100, Loss: 7.0409, Train: 22.05%, Valid: 23.92%, Test: 22.74%, Best Valid: 88.27%, Best Test: 89.72%
Epoch: 200, Loss: 0.6621, Train: 18.17%, Valid: 17.05%, Test: 17.67%, Best Valid: 88.27%, Best Test: 89.72%
Epoch: 300, Loss: 0.0346, Train: 41.54%, Valid: 39.06%, Test: 41.79%, Best Valid: 88.27%, Best Test: 89.72%
Epoch: 400, Loss: 0.0005, Train: 43.72%, Valid: 41.22%, Test: 43.87%, Best Valid: 88.27%, Best Test: 89.72%
Epoch: 500, Loss: 0.0024, Train: 67.72%, Valid: 66.23%, Test: 68.13%, Best Valid: 88.27%, Best Test: 89.72%
Epoch: 600, Loss: 0.1762, Train: 64.33%, Valid: 62.71%, Test: 65.16%, Best Valid: 88.27%, Best Test: 89.72%
Epoch: 700, Loss: 0.0010, Train: 74.63%, Valid: 72.80%, Test: 75.16%, Best Valid: 88.27%, Best Test: 89.72%
Epoch: 800, Loss: 0.0031, Train: 76.87%, Valid: 74.52%, Test: 77.04%, Best Valid: 88.27%, Best Test: 89.72%
Epoch: 900, Loss: 0.0297, Train: 73.52%, Valid: 71.55%, Test: 73.99%, Best Valid: 88.27%, Best Test: 89.72%
Epoch: 1000, Loss: 0.0011, Train: 64.02%, Valid: 62.60%, Test: 65.10%, Best Valid: 88.27%, Best Test: 89.72%
Epoch: 1100, Loss: 0.0003, Train: 66.97%, Valid: 65.96%, Test: 68.18%, Best Valid: 88.27%, Best Test: 89.72%
Epoch: 1200, Loss: 0.0005, Train: 64.53%, Valid: 62.68%, Test: 65.49%, Best Valid: 88.27%, Best Test: 89.72%
Epoch: 1300, Loss: 0.0079, Train: 80.31%, Valid: 78.70%, Test: 80.92%, Best Valid: 88.27%, Best Test: 89.72%
Epoch: 1400, Loss: 0.0009, Train: 81.73%, Valid: 80.41%, Test: 81.41%, Best Valid: 88.27%, Best Test: 89.72%
Epoch: 1500, Loss: 0.0007, Train: 79.66%, Valid: 77.58%, Test: 79.33%, Best Valid: 88.27%, Best Test: 89.72%
Run 06:
Highest Train: 89.54
Highest Valid: 88.27
Highest Test: 89.72
Chosen epoch: 99
Final Train: 89.54
Final Test: 89.72
Label budget: 10/class -> 150 train nodes
Pre-training MLP for 500 epochs to generate co-occurrence matrix...
MLP pre-training complete. Penalty matrix frozen.
Epoch: 00, Loss: 7.5797, Train: 10.76%, Valid: 11.21%, Test: 11.56%, Best Valid: 11.21%, Best Test: 11.56%
Switching Polynormer to global attention phase.
Epoch: 100, Loss: 7.0409, Train: 11.11%, Valid: 10.91%, Test: 11.21%, Best Valid: 90.81%, Best Test: 91.82%
Epoch: 200, Loss: 0.0785, Train: 36.70%, Valid: 34.12%, Test: 34.92%, Best Valid: 90.81%, Best Test: 91.82%
Epoch: 300, Loss: 0.0028, Train: 58.64%, Valid: 56.46%, Test: 57.52%, Best Valid: 90.81%, Best Test: 91.82%
Epoch: 400, Loss: 0.1704, Train: 65.23%, Valid: 63.61%, Test: 65.32%, Best Valid: 90.81%, Best Test: 91.82%
Epoch: 500, Loss: 0.0015, Train: 81.66%, Valid: 80.82%, Test: 82.31%, Best Valid: 90.81%, Best Test: 91.82%
Epoch: 600, Loss: 0.0007, Train: 83.16%, Valid: 81.89%, Test: 83.37%, Best Valid: 90.81%, Best Test: 91.82%
Epoch: 700, Loss: 0.0538, Train: 83.75%, Valid: 83.01%, Test: 84.60%, Best Valid: 90.81%, Best Test: 91.82%
Epoch: 800, Loss: 0.0119, Train: 87.08%, Valid: 86.50%, Test: 87.68%, Best Valid: 90.81%, Best Test: 91.82%
Epoch: 900, Loss: 0.0096, Train: 79.71%, Valid: 78.40%, Test: 79.96%, Best Valid: 90.81%, Best Test: 91.82%
Epoch: 1000, Loss: 0.0008, Train: 85.52%, Valid: 84.97%, Test: 85.80%, Best Valid: 90.81%, Best Test: 91.82%
Epoch: 1100, Loss: 0.0067, Train: 81.83%, Valid: 81.07%, Test: 82.47%, Best Valid: 90.81%, Best Test: 91.82%
Epoch: 1200, Loss: 0.0021, Train: 87.29%, Valid: 86.63%, Test: 87.51%, Best Valid: 90.81%, Best Test: 91.82%
Epoch: 1300, Loss: 0.0032, Train: 87.51%, Valid: 86.61%, Test: 87.92%, Best Valid: 90.81%, Best Test: 91.82%
Epoch: 1400, Loss: 0.0202, Train: 87.21%, Valid: 86.91%, Test: 87.98%, Best Valid: 90.81%, Best Test: 91.82%
Epoch: 1500, Loss: 0.1885, Train: 79.85%, Valid: 80.52%, Test: 81.11%, Best Valid: 90.81%, Best Test: 91.82%
Run 07:
Highest Train: 91.37
Highest Valid: 90.81
Highest Test: 91.93
Chosen epoch: 56
Final Train: 91.30
Final Test: 91.82
Label budget: 10/class -> 150 train nodes
Pre-training MLP for 500 epochs to generate co-occurrence matrix...
MLP pre-training complete. Penalty matrix frozen.
Epoch: 00, Loss: 7.6084, Train: 22.05%, Valid: 23.92%, Test: 22.74%, Best Valid: 23.92%, Best Test: 22.74%
Switching Polynormer to global attention phase.
Epoch: 100, Loss: 7.0417, Train: 11.11%, Valid: 10.91%, Test: 11.21%, Best Valid: 90.26%, Best Test: 90.70%
Epoch: 200, Loss: 0.4276, Train: 51.51%, Valid: 49.51%, Test: 50.49%, Best Valid: 90.26%, Best Test: 90.70%
Epoch: 300, Loss: 0.0075, Train: 54.38%, Valid: 52.51%, Test: 54.47%, Best Valid: 90.26%, Best Test: 90.70%
Epoch: 400, Loss: 0.0678, Train: 73.78%, Valid: 73.68%, Test: 74.07%, Best Valid: 90.26%, Best Test: 90.70%
Epoch: 500, Loss: 0.0497, Train: 80.19%, Valid: 78.59%, Test: 78.98%, Best Valid: 90.26%, Best Test: 90.70%
Epoch: 600, Loss: 0.0600, Train: 81.65%, Valid: 80.85%, Test: 81.68%, Best Valid: 90.26%, Best Test: 90.70%
Epoch: 700, Loss: 0.0028, Train: 82.36%, Valid: 81.29%, Test: 82.55%, Best Valid: 90.26%, Best Test: 90.70%
Epoch: 800, Loss: 0.0011, Train: 87.70%, Valid: 86.33%, Test: 87.08%, Best Valid: 90.26%, Best Test: 90.70%
Epoch: 900, Loss: 0.0016, Train: 87.35%, Valid: 86.03%, Test: 86.97%, Best Valid: 90.26%, Best Test: 90.70%
Epoch: 1000, Loss: 0.0289, Train: 85.79%, Valid: 84.92%, Test: 85.33%, Best Valid: 90.26%, Best Test: 90.70%
Epoch: 1100, Loss: 0.0339, Train: 83.27%, Valid: 82.19%, Test: 83.26%, Best Valid: 90.26%, Best Test: 90.70%
Epoch: 1200, Loss: 0.0026, Train: 88.25%, Valid: 87.37%, Test: 87.92%, Best Valid: 90.26%, Best Test: 90.70%
Epoch: 1300, Loss: 0.0025, Train: 86.72%, Valid: 85.79%, Test: 86.34%, Best Valid: 90.26%, Best Test: 90.70%
Epoch: 1400, Loss: 0.0009, Train: 87.07%, Valid: 86.20%, Test: 86.78%, Best Valid: 90.26%, Best Test: 90.70%
Epoch: 1500, Loss: 0.0011, Train: 88.46%, Valid: 86.88%, Test: 88.63%, Best Valid: 90.26%, Best Test: 90.70%
Run 08:
Highest Train: 91.17
Highest Valid: 90.26
Highest Test: 91.19
Chosen epoch: 27
Final Train: 90.52
Final Test: 90.70
Label budget: 10/class -> 150 train nodes
Pre-training MLP for 500 epochs to generate co-occurrence matrix...
MLP pre-training complete. Penalty matrix frozen.
Epoch: 00, Loss: 7.6225, Train: 23.56%, Valid: 25.56%, Test: 24.07%, Best Valid: 25.56%, Best Test: 24.07%
Switching Polynormer to global attention phase.
Epoch: 100, Loss: 7.0405, Train: 5.16%, Valid: 4.88%, Test: 4.83%, Best Valid: 90.83%, Best Test: 91.55%
Epoch: 200, Loss: 0.4170, Train: 48.46%, Valid: 46.92%, Test: 47.85%, Best Valid: 90.83%, Best Test: 91.55%
Epoch: 300, Loss: 0.0247, Train: 80.62%, Valid: 78.97%, Test: 80.48%, Best Valid: 90.83%, Best Test: 91.55%
Epoch: 400, Loss: 0.2387, Train: 74.85%, Valid: 73.81%, Test: 75.19%, Best Valid: 90.83%, Best Test: 91.55%
Epoch: 500, Loss: 0.0097, Train: 82.06%, Valid: 80.63%, Test: 82.66%, Best Valid: 90.83%, Best Test: 91.55%
Epoch: 600, Loss: 0.0050, Train: 84.53%, Valid: 82.57%, Test: 85.11%, Best Valid: 90.83%, Best Test: 91.55%
Epoch: 700, Loss: 0.0175, Train: 87.02%, Valid: 84.83%, Test: 86.94%, Best Valid: 90.83%, Best Test: 91.55%
Epoch: 800, Loss: 0.0026, Train: 85.14%, Valid: 83.88%, Test: 85.25%, Best Valid: 90.83%, Best Test: 91.55%
Epoch: 900, Loss: 0.0009, Train: 86.85%, Valid: 85.60%, Test: 86.94%, Best Valid: 90.83%, Best Test: 91.55%
Epoch: 1000, Loss: 0.0088, Train: 86.20%, Valid: 85.02%, Test: 86.15%, Best Valid: 90.83%, Best Test: 91.55%
Epoch: 1100, Loss: 0.0013, Train: 86.46%, Valid: 85.41%, Test: 87.24%, Best Valid: 90.83%, Best Test: 91.55%
Epoch: 1200, Loss: 0.0007, Train: 85.18%, Valid: 83.93%, Test: 85.77%, Best Valid: 90.83%, Best Test: 91.55%
Epoch: 1300, Loss: 0.1322, Train: 87.43%, Valid: 87.04%, Test: 86.80%, Best Valid: 90.83%, Best Test: 91.55%
Epoch: 1400, Loss: 0.0029, Train: 74.92%, Valid: 74.66%, Test: 75.68%, Best Valid: 90.83%, Best Test: 91.55%
Epoch: 1500, Loss: 0.0007, Train: 85.99%, Valid: 84.89%, Test: 86.01%, Best Valid: 90.83%, Best Test: 91.55%
Run 09:
Highest Train: 91.21
Highest Valid: 90.83
Highest Test: 91.55
Chosen epoch: 39
Final Train: 91.21
Final Test: 91.55
Label budget: 10/class -> 150 train nodes
Pre-training MLP for 500 epochs to generate co-occurrence matrix...
MLP pre-training complete. Penalty matrix frozen.
Epoch: 00, Loss: 7.4250, Train: 11.46%, Valid: 11.73%, Test: 12.05%, Best Valid: 11.73%, Best Test: 12.05%
Switching Polynormer to global attention phase.
Epoch: 100, Loss: 7.0409, Train: 11.01%, Valid: 11.29%, Test: 11.59%, Best Valid: 90.37%, Best Test: 91.11%
Epoch: 200, Loss: 0.4706, Train: 42.76%, Valid: 42.03%, Test: 42.86%, Best Valid: 90.37%, Best Test: 91.11%
Epoch: 300, Loss: 0.0659, Train: 59.23%, Valid: 58.54%, Test: 59.30%, Best Valid: 90.37%, Best Test: 91.11%
Epoch: 400, Loss: 0.0289, Train: 66.81%, Valid: 65.30%, Test: 66.41%, Best Valid: 90.37%, Best Test: 91.11%
Epoch: 500, Loss: 0.0907, Train: 62.21%, Valid: 60.75%, Test: 61.07%, Best Valid: 90.37%, Best Test: 91.11%
Epoch: 600, Loss: 0.0696, Train: 76.49%, Valid: 75.97%, Test: 76.12%, Best Valid: 90.37%, Best Test: 91.11%
Epoch: 700, Loss: 0.0025, Train: 78.07%, Valid: 77.63%, Test: 78.46%, Best Valid: 90.37%, Best Test: 91.11%
Epoch: 800, Loss: 0.0007, Train: 85.32%, Valid: 83.82%, Test: 84.71%, Best Valid: 90.37%, Best Test: 91.11%
Epoch: 900, Loss: 0.0044, Train: 82.16%, Valid: 81.51%, Test: 82.31%, Best Valid: 90.37%, Best Test: 91.11%
Epoch: 1000, Loss: 0.0011, Train: 83.30%, Valid: 82.21%, Test: 83.42%, Best Valid: 90.37%, Best Test: 91.11%
Epoch: 1100, Loss: 0.0029, Train: 79.34%, Valid: 78.64%, Test: 79.72%, Best Valid: 90.37%, Best Test: 91.11%
Epoch: 1200, Loss: 0.1716, Train: 82.40%, Valid: 81.10%, Test: 80.59%, Best Valid: 90.37%, Best Test: 91.11%
Epoch: 1300, Loss: 0.0053, Train: 80.08%, Valid: 78.12%, Test: 79.88%, Best Valid: 90.37%, Best Test: 91.11%
Epoch: 1400, Loss: 0.0010, Train: 86.99%, Valid: 87.12%, Test: 86.34%, Best Valid: 90.37%, Best Test: 91.11%
Epoch: 1500, Loss: 0.0009, Train: 86.84%, Valid: 86.82%, Test: 86.37%, Best Valid: 90.37%, Best Test: 91.11%
Run 10:
Highest Train: 91.05
Highest Valid: 90.37
Highest Test: 91.41
Chosen epoch: 58
Final Train: 90.74
Final Test: 91.11
All runs:
Highest Train: 90.21 ± 1.39
Highest Test: 90.71 ± 1.12
Highest Valid: 89.42 ± 1.54
  Final Train: 90.06 ± 1.35
   Final Test: 90.52 ± 1.16
Saving results to ../results/lowlabel/coauthor-cs/polynormer.csv
Low-label sweep completed.
Task 237 done.
