Sun Aug 16 02:45:10 2026       
+-----------------------------------------------------------------------------------------+
| NVIDIA-SMI 580.159.04             Driver Version: 580.159.04     CUDA Version: 13.0     |
+-----------------------------------------+------------------------+----------------------+
| GPU  Name                 Persistence-M | Bus-Id          Disp.A | Volatile Uncorr. ECC |
| Fan  Temp   Perf          Pwr:Usage/Cap |           Memory-Usage | GPU-Util  Compute M. |
|                                         |                        |               MIG M. |
|=========================================+========================+======================|
|   0  NVIDIA A100-SXM4-80GB          On  |   00000000:01:00.0 Off |                   On |
| N/A   59C    P0            260W /  500W |   38453MiB /  81920MiB |     N/A      Default |
|                                         |                        |              Enabled |
+-----------------------------------------+------------------------+----------------------+
|   1  NVIDIA A100-SXM4-80GB          On  |   00000000:41:00.0 Off |                   On |
| N/A   49C    P0            242W /  500W |   40699MiB /  81920MiB |     N/A      Default |
|                                         |                        |              Enabled |
+-----------------------------------------+------------------------+----------------------+
|   2  NVIDIA A100-SXM4-80GB          On  |   00000000:81:00.0 Off |                   On |
| N/A   57C    P0            276W /  500W |   41107MiB /  81920MiB |     N/A      Default |
|                                         |                        |              Enabled |
+-----------------------------------------+------------------------+----------------------+
|   3  NVIDIA A100-SXM4-80GB          On  |   00000000:C1:00.0 Off |                   On |
| N/A   49C    P0            278W /  500W |   41167MiB /  81920MiB |     N/A      Default |
|                                         |                        |              Enabled |
+-----------------------------------------+------------------------+----------------------+

+-----------------------------------------------------------------------------------------+
| MIG devices:                                                                            |
+------------------+----------------------------------+-----------+-----------------------+
| GPU  GI  CI  MIG |              Shared Memory-Usage |        Vol|        Shared         |
|      ID  ID  Dev |                Shared BAR1-Usage | SM     Unc| CE ENC  DEC  OFA  JPG |
|                  |                                  |        ECC|                       |
|==================+==================================+===========+=======================|
|  0    5   0   0  |              71MiB / 19968MiB    | 28      0 |  2   0    1    0    0 |
|                  |               0MiB / 12271MiB    |           |                       |
+------------------+----------------------------------+-----------+-----------------------+

+-----------------------------------------------------------------------------------------+
| Processes:                                                                              |
|  GPU   GI   CI              PID   Type   Process name                        GPU Memory |
|        ID   ID                                                               Usage      |
|=========================================================================================|
|    1   10    0          1052602      C   ...ware/symmetrix-env/bin/python       1776MiB |
|    1    9    0          1052610      C   ...ware/symmetrix-env/bin/python       1456MiB |
|    1    2    0          2108210      C   python                                37100MiB |
|    2   10    0          1052605      C   ...ware/symmetrix-env/bin/python       1876MiB |
|    2    9    0          1052612      C   ...ware/symmetrix-env/bin/python       1796MiB |
|    2    2    0          2108209      C   python                                37100MiB |
|    3   13    0          1052601      C   ...ware/symmetrix-env/bin/python       1856MiB |
|    3   14    0          1052609      C   ...ware/symmetrix-env/bin/python       1876MiB |
|    3    1    0          2117348      C   python                                37100MiB |
+-----------------------------------------------------------------------------------------+
Matched-val cell: cora / polynormer / budget 5 per class / group 0
python main.py --model polynormer --dataset cora --lr 0.001 --hidden_channels 64 --dropout 0.5 --weight_decay 0.0005 --num_heads 8 --runs 10 --device 0 --result_dir ../results/lowlabel_mv --model_dir models/lowlabel_mv_1178247_6 --paired_seeds --rand_split_class --valid_num 500 --test_num 1000 --seed 123 --local_layers 5 --global_layers 1 --local_epochs 100 --global_epochs 1000 --beta -1.0 --in_dropout 0.2 --save_model --label_num_per_class 5 --resample_split_per_run --valid_per_class 5 --budget_tag 5
==========================================================
Low-label sweep: python main.py --model polynormer --dataset cora --lr 0.001 --hidden_channels 64 --dropout 0.5 --weight_decay 0.0005 --num_heads 8 --runs 10 --device 0 --result_dir ../results/lowlabel_mv --model_dir models/lowlabel_mv_1178247_6 --paired_seeds --rand_split_class --valid_num 500 --test_num 1000 --seed 123 --local_layers 5 --global_layers 1 --local_epochs 100 --global_epochs 1000 --beta -1.0 --in_dropout 0.2 --save_model --label_num_per_class 5 --resample_split_per_run --valid_per_class 5 --budget_tag 5
result_dir=../results/lowlabel_mv conditions=[baseline]
==========================================================
--- baseline ---
Namespace(aggregate='add', alpha=0.5, attention='gcn', beta=-1.0, bn=False, budget_tag='5', count_reg=False, count_smoothing=1.0, cpu=False, data_dir='../data/', dataset='cora', device=0, dim_inner=64, display_step=100, dropout=0.5, epochs=500, global_dropout=None, global_epochs=1000, global_layers=1, gnn='gcn', graph_weight=0.8, hidden_channels=64, hops=10, in_dropout=0.2, jk=False, label_num_per_class=5, lambda_val=0.5, layers=1, ln=False, local_epochs=100, local_gnn_type='GCN', local_layers=5, lr=0.001, metric='acc', mlp_epochs=500, mlp_reg=False, model='polynormer', model_dir='models/lowlabel_mv_1178247_6', n_heads=8, num_centroids=4096, num_heads=8, oracle_reg=False, paired_seeds=True, pe_types='RWSE', penalty_transform='none', pre_linear=False, pre_ln=False, rand_split=False, rand_split_class=True, reg_start_epoch=10, reg_update_freq=5, res=False, resample_split_per_run=True, result_dir='../results/lowlabel_mv', runs=10, save_model=True, save_result=False, seed=123, test_num=1000, tr_dropout=None, tr_layers=1, tr_weight_decay=None, train_per_class=0, train_prop=0.5, use_act=False, use_bn=False, use_graph=False, use_reg=False, use_residual=False, use_weight=False, valid_num=500, valid_per_class=5, valid_prop=0.25, weight_decay=0.0005)
cora
Num nodes: 2708
train:torch.Size([35]), valid:torch.Size([500]), test:torch.Size([1000])
dataset cora | num nodes 2708 | num edge 10556 | num node feats 1433 | num classes 7
MODEL: Polynormer(
  (h_lins): ModuleList(
    (0): Linear(in_features=512, out_features=512, bias=True)
    (1): Linear(in_features=512, out_features=512, bias=True)
    (2): Linear(in_features=512, out_features=512, bias=True)
    (3): Linear(in_features=512, out_features=512, bias=True)
    (4): Linear(in_features=512, out_features=512, bias=True)
  )
  (local_convs): ModuleList(
    (0): GATConv(512, 64, heads=8)
    (1): GATConv(512, 64, heads=8)
    (2): GATConv(512, 64, heads=8)
    (3): GATConv(512, 64, heads=8)
    (4): GATConv(512, 64, heads=8)
  )
  (lins): ModuleList(
    (0): Linear(in_features=512, out_features=512, bias=True)
    (1): Linear(in_features=512, out_features=512, bias=True)
    (2): Linear(in_features=512, out_features=512, bias=True)
    (3): Linear(in_features=512, out_features=512, bias=True)
    (4): Linear(in_features=512, out_features=512, bias=True)
  )
  (lns): ModuleList(
    (0): LayerNorm((512,), eps=1e-05, elementwise_affine=True)
    (1): LayerNorm((512,), eps=1e-05, elementwise_affine=True)
    (2): LayerNorm((512,), eps=1e-05, elementwise_affine=True)
    (3): LayerNorm((512,), eps=1e-05, elementwise_affine=True)
    (4): LayerNorm((512,), eps=1e-05, elementwise_affine=True)
  )
  (lin_in): Linear(in_features=1433, out_features=512, bias=True)
  (ln): LayerNorm((512,), eps=1e-05, elementwise_affine=True)
  (global_attn): GlobalAttn(
    (h_lins): ModuleList(
      (0): Linear(in_features=512, out_features=512, bias=True)
    )
    (k_lins): ModuleList(
      (0): Linear(in_features=512, out_features=512, bias=True)
    )
    (v_lins): ModuleList(
      (0): Linear(in_features=512, out_features=512, bias=True)
    )
    (lns): ModuleList(
      (0): LayerNorm((512,), eps=1e-05, elementwise_affine=True)
    )
    (lin_out): Linear(in_features=512, out_features=512, bias=True)
  )
  (pred_local): Linear(in_features=512, out_features=7, bias=True)
  (pred_global): Linear(in_features=512, out_features=7, bias=True)
)
train:torch.Size([35]), valid:torch.Size([500]), test:torch.Size([1000])
Matched-budget validation: 35 valid nodes
Epoch: 00, Loss: 2.4528, Train: 20.00%, Valid: 14.29%, Test: 20.90%, Best Valid: 14.29%, Best Test: 20.90%
Switching Polynormer to global attention phase.
Epoch: 100, Loss: 2.0163, Train: 94.29%, Valid: 51.43%, Test: 56.30%, Best Valid: 62.86%, Best Test: 61.40%
Epoch: 200, Loss: 0.0000, Train: 100.00%, Valid: 57.14%, Test: 66.20%, Best Valid: 62.86%, Best Test: 61.40%
Epoch: 300, Loss: 0.0002, Train: 100.00%, Valid: 51.43%, Test: 64.30%, Best Valid: 65.71%, Best Test: 60.30%
Epoch: 400, Loss: 0.0000, Train: 100.00%, Valid: 57.14%, Test: 68.10%, Best Valid: 65.71%, Best Test: 60.30%
Epoch: 500, Loss: 0.0001, Train: 100.00%, Valid: 57.14%, Test: 68.20%, Best Valid: 65.71%, Best Test: 60.30%
Epoch: 600, Loss: 0.0003, Train: 100.00%, Valid: 54.29%, Test: 68.90%, Best Valid: 65.71%, Best Test: 60.30%
Epoch: 700, Loss: 0.0005, Train: 100.00%, Valid: 54.29%, Test: 61.80%, Best Valid: 65.71%, Best Test: 60.30%
Epoch: 800, Loss: 0.0002, Train: 100.00%, Valid: 54.29%, Test: 65.70%, Best Valid: 65.71%, Best Test: 60.30%
Epoch: 900, Loss: 0.0010, Train: 100.00%, Valid: 51.43%, Test: 62.80%, Best Valid: 65.71%, Best Test: 60.30%
Epoch: 1000, Loss: 0.0002, Train: 100.00%, Valid: 54.29%, Test: 64.90%, Best Valid: 65.71%, Best Test: 60.30%
Run 01:
Highest Train: 100.00
Highest Valid: 65.71
Highest Test: 69.80
Chosen epoch: 249
Final Train: 100.00
Final Test: 60.30
train:torch.Size([35]), valid:torch.Size([500]), test:torch.Size([1000])
Matched-budget validation: 35 valid nodes
Epoch: 00, Loss: 2.0012, Train: 14.29%, Valid: 25.71%, Test: 16.30%, Best Valid: 25.71%, Best Test: 16.30%
Switching Polynormer to global attention phase.
Epoch: 100, Loss: 1.9459, Train: 14.29%, Valid: 14.29%, Test: 17.30%, Best Valid: 71.43%, Best Test: 62.80%
Epoch: 200, Loss: 0.0001, Train: 100.00%, Valid: 60.00%, Test: 60.10%, Best Valid: 71.43%, Best Test: 62.80%
Epoch: 300, Loss: 0.0000, Train: 100.00%, Valid: 48.57%, Test: 48.80%, Best Valid: 71.43%, Best Test: 62.80%
Epoch: 400, Loss: 0.0177, Train: 100.00%, Valid: 57.14%, Test: 54.10%, Best Valid: 71.43%, Best Test: 62.80%
Epoch: 500, Loss: 0.0004, Train: 100.00%, Valid: 57.14%, Test: 57.10%, Best Valid: 71.43%, Best Test: 62.80%
Epoch: 600, Loss: 0.0001, Train: 100.00%, Valid: 62.86%, Test: 56.70%, Best Valid: 71.43%, Best Test: 62.80%
Epoch: 700, Loss: 0.0018, Train: 100.00%, Valid: 57.14%, Test: 56.10%, Best Valid: 71.43%, Best Test: 62.80%
Epoch: 800, Loss: 0.0002, Train: 100.00%, Valid: 60.00%, Test: 59.40%, Best Valid: 71.43%, Best Test: 62.80%
Epoch: 900, Loss: 0.0001, Train: 100.00%, Valid: 57.14%, Test: 59.00%, Best Valid: 71.43%, Best Test: 62.80%
Epoch: 1000, Loss: 0.0002, Train: 100.00%, Valid: 57.14%, Test: 58.00%, Best Valid: 71.43%, Best Test: 62.80%
Run 02:
Highest Train: 100.00
Highest Valid: 71.43
Highest Test: 66.00
Chosen epoch: 82
Final Train: 100.00
Final Test: 62.80
train:torch.Size([35]), valid:torch.Size([500]), test:torch.Size([1000])
Matched-budget validation: 35 valid nodes
Epoch: 00, Loss: 2.1726, Train: 20.00%, Valid: 8.57%, Test: 14.20%, Best Valid: 8.57%, Best Test: 14.20%
Switching Polynormer to global attention phase.
Epoch: 100, Loss: 1.9462, Train: 14.29%, Valid: 14.29%, Test: 6.20%, Best Valid: 71.43%, Best Test: 63.60%
Epoch: 200, Loss: 0.0014, Train: 100.00%, Valid: 62.86%, Test: 64.10%, Best Valid: 74.29%, Best Test: 64.20%
Epoch: 300, Loss: 0.0000, Train: 100.00%, Valid: 65.71%, Test: 65.60%, Best Valid: 74.29%, Best Test: 64.20%
Epoch: 400, Loss: 0.0004, Train: 100.00%, Valid: 62.86%, Test: 56.20%, Best Valid: 80.00%, Best Test: 66.20%
Epoch: 500, Loss: 0.0001, Train: 100.00%, Valid: 60.00%, Test: 60.80%, Best Valid: 80.00%, Best Test: 66.20%
Epoch: 600, Loss: 0.0000, Train: 100.00%, Valid: 62.86%, Test: 60.80%, Best Valid: 80.00%, Best Test: 66.20%
Epoch: 700, Loss: 0.0002, Train: 100.00%, Valid: 60.00%, Test: 60.00%, Best Valid: 80.00%, Best Test: 66.20%
Epoch: 800, Loss: 0.0002, Train: 100.00%, Valid: 54.29%, Test: 55.30%, Best Valid: 80.00%, Best Test: 66.20%
Epoch: 900, Loss: 0.0002, Train: 100.00%, Valid: 54.29%, Test: 61.60%, Best Valid: 80.00%, Best Test: 66.20%
Epoch: 1000, Loss: 0.0003, Train: 100.00%, Valid: 57.14%, Test: 62.20%, Best Valid: 80.00%, Best Test: 66.20%
Run 03:
Highest Train: 100.00
Highest Valid: 80.00
Highest Test: 67.80
Chosen epoch: 309
Final Train: 100.00
Final Test: 66.20
train:torch.Size([35]), valid:torch.Size([500]), test:torch.Size([1000])
Matched-budget validation: 35 valid nodes
Epoch: 00, Loss: 2.5957, Train: 11.43%, Valid: 11.43%, Test: 13.40%, Best Valid: 11.43%, Best Test: 13.40%
Switching Polynormer to global attention phase.
Epoch: 100, Loss: 1.9455, Train: 14.29%, Valid: 14.29%, Test: 9.00%, Best Valid: 80.00%, Best Test: 70.40%
Epoch: 200, Loss: 0.0002, Train: 100.00%, Valid: 60.00%, Test: 56.70%, Best Valid: 80.00%, Best Test: 70.40%
Epoch: 300, Loss: 0.0000, Train: 100.00%, Valid: 62.86%, Test: 67.20%, Best Valid: 80.00%, Best Test: 70.40%
Epoch: 400, Loss: 0.4010, Train: 100.00%, Valid: 62.86%, Test: 60.10%, Best Valid: 80.00%, Best Test: 70.40%
Epoch: 500, Loss: 0.4268, Train: 100.00%, Valid: 60.00%, Test: 48.10%, Best Valid: 80.00%, Best Test: 70.40%
Epoch: 600, Loss: 0.0000, Train: 100.00%, Valid: 60.00%, Test: 54.70%, Best Valid: 80.00%, Best Test: 70.40%
Epoch: 700, Loss: 0.0000, Train: 100.00%, Valid: 60.00%, Test: 55.30%, Best Valid: 80.00%, Best Test: 70.40%
Epoch: 800, Loss: 0.0001, Train: 100.00%, Valid: 60.00%, Test: 56.00%, Best Valid: 80.00%, Best Test: 70.40%
Epoch: 900, Loss: 0.0004, Train: 100.00%, Valid: 60.00%, Test: 56.00%, Best Valid: 80.00%, Best Test: 70.40%
Epoch: 1000, Loss: 0.0005, Train: 100.00%, Valid: 62.86%, Test: 56.90%, Best Valid: 80.00%, Best Test: 70.40%
Run 04:
Highest Train: 100.00
Highest Valid: 80.00
Highest Test: 70.70
Chosen epoch: 37
Final Train: 100.00
Final Test: 70.40
train:torch.Size([35]), valid:torch.Size([500]), test:torch.Size([1000])
Matched-budget validation: 35 valid nodes
Epoch: 00, Loss: 2.3608, Train: 28.57%, Valid: 8.57%, Test: 15.10%, Best Valid: 8.57%, Best Test: 15.10%
Switching Polynormer to global attention phase.
Epoch: 100, Loss: 1.9459, Train: 14.29%, Valid: 14.29%, Test: 8.30%, Best Valid: 68.57%, Best Test: 67.90%
Epoch: 200, Loss: 0.0000, Train: 100.00%, Valid: 57.14%, Test: 64.00%, Best Valid: 68.57%, Best Test: 67.90%
Epoch: 300, Loss: 0.0014, Train: 100.00%, Valid: 54.29%, Test: 63.60%, Best Valid: 71.43%, Best Test: 64.70%
Epoch: 400, Loss: 0.0000, Train: 100.00%, Valid: 65.71%, Test: 65.90%, Best Valid: 71.43%, Best Test: 64.70%
Epoch: 500, Loss: 0.0001, Train: 100.00%, Valid: 60.00%, Test: 66.60%, Best Valid: 71.43%, Best Test: 64.70%
Epoch: 600, Loss: 0.0004, Train: 100.00%, Valid: 62.86%, Test: 68.20%, Best Valid: 71.43%, Best Test: 64.70%
Epoch: 700, Loss: 0.0002, Train: 100.00%, Valid: 62.86%, Test: 67.70%, Best Valid: 71.43%, Best Test: 64.70%
Epoch: 800, Loss: 0.0010, Train: 100.00%, Valid: 62.86%, Test: 68.00%, Best Valid: 71.43%, Best Test: 64.70%
Epoch: 900, Loss: 0.0006, Train: 100.00%, Valid: 60.00%, Test: 67.30%, Best Valid: 71.43%, Best Test: 64.70%
Epoch: 1000, Loss: 0.0003, Train: 100.00%, Valid: 62.86%, Test: 67.60%, Best Valid: 71.43%, Best Test: 64.70%
Run 05:
Highest Train: 100.00
Highest Valid: 71.43
Highest Test: 69.60
Chosen epoch: 242
Final Train: 100.00
Final Test: 64.70
train:torch.Size([35]), valid:torch.Size([500]), test:torch.Size([1000])
Matched-budget validation: 35 valid nodes
Epoch: 00, Loss: 2.1825, Train: 22.86%, Valid: 25.71%, Test: 14.20%, Best Valid: 25.71%, Best Test: 14.20%
Switching Polynormer to global attention phase.
Epoch: 100, Loss: 1.9459, Train: 14.29%, Valid: 14.29%, Test: 13.00%, Best Valid: 65.71%, Best Test: 66.30%
Epoch: 200, Loss: 0.0000, Train: 100.00%, Valid: 60.00%, Test: 63.70%, Best Valid: 74.29%, Best Test: 72.60%
Epoch: 300, Loss: 0.0000, Train: 100.00%, Valid: 65.71%, Test: 57.50%, Best Valid: 74.29%, Best Test: 72.60%
Epoch: 400, Loss: 0.0000, Train: 100.00%, Valid: 68.57%, Test: 60.10%, Best Valid: 74.29%, Best Test: 72.60%
Epoch: 500, Loss: 0.0001, Train: 100.00%, Valid: 71.43%, Test: 59.30%, Best Valid: 74.29%, Best Test: 72.60%
Epoch: 600, Loss: 0.0001, Train: 100.00%, Valid: 68.57%, Test: 58.00%, Best Valid: 74.29%, Best Test: 72.60%
Epoch: 700, Loss: 0.0010, Train: 100.00%, Valid: 68.57%, Test: 59.00%, Best Valid: 74.29%, Best Test: 72.60%
Epoch: 800, Loss: 0.0003, Train: 100.00%, Valid: 68.57%, Test: 59.60%, Best Valid: 74.29%, Best Test: 72.60%
Epoch: 900, Loss: 0.0002, Train: 100.00%, Valid: 68.57%, Test: 58.70%, Best Valid: 74.29%, Best Test: 72.60%
Epoch: 1000, Loss: 0.0002, Train: 100.00%, Valid: 68.57%, Test: 59.00%, Best Valid: 74.29%, Best Test: 72.60%
Run 06:
Highest Train: 100.00
Highest Valid: 74.29
Highest Test: 73.20
Chosen epoch: 120
Final Train: 100.00
Final Test: 72.60
train:torch.Size([35]), valid:torch.Size([500]), test:torch.Size([1000])
Matched-budget validation: 35 valid nodes
Epoch: 00, Loss: 2.1387, Train: 25.71%, Valid: 22.86%, Test: 15.10%, Best Valid: 22.86%, Best Test: 15.10%
Switching Polynormer to global attention phase.
Epoch: 100, Loss: 1.9459, Train: 14.29%, Valid: 14.29%, Test: 14.80%, Best Valid: 71.43%, Best Test: 63.90%
Epoch: 200, Loss: 0.0000, Train: 100.00%, Valid: 57.14%, Test: 63.00%, Best Valid: 71.43%, Best Test: 63.90%
Epoch: 300, Loss: 0.0000, Train: 100.00%, Valid: 48.57%, Test: 54.30%, Best Valid: 71.43%, Best Test: 63.90%
Epoch: 400, Loss: 0.0000, Train: 100.00%, Valid: 60.00%, Test: 62.40%, Best Valid: 71.43%, Best Test: 63.90%
Epoch: 500, Loss: 0.0000, Train: 100.00%, Valid: 54.29%, Test: 63.20%, Best Valid: 71.43%, Best Test: 63.90%
Epoch: 600, Loss: 0.0001, Train: 100.00%, Valid: 54.29%, Test: 60.80%, Best Valid: 71.43%, Best Test: 63.90%
Epoch: 700, Loss: 0.0001, Train: 100.00%, Valid: 60.00%, Test: 63.70%, Best Valid: 71.43%, Best Test: 63.90%
Epoch: 800, Loss: 0.0006, Train: 100.00%, Valid: 60.00%, Test: 65.00%, Best Valid: 71.43%, Best Test: 63.90%
Epoch: 900, Loss: 0.0000, Train: 100.00%, Valid: 57.14%, Test: 64.10%, Best Valid: 71.43%, Best Test: 63.90%
Epoch: 1000, Loss: 0.0003, Train: 100.00%, Valid: 57.14%, Test: 64.10%, Best Valid: 71.43%, Best Test: 63.90%
Run 07:
Highest Train: 100.00
Highest Valid: 71.43
Highest Test: 69.90
Chosen epoch: 73
Final Train: 100.00
Final Test: 63.90
train:torch.Size([35]), valid:torch.Size([500]), test:torch.Size([1000])
Matched-budget validation: 35 valid nodes
Epoch: 00, Loss: 2.0890, Train: 22.86%, Valid: 20.00%, Test: 15.40%, Best Valid: 20.00%, Best Test: 15.40%
Switching Polynormer to global attention phase.
Epoch: 100, Loss: 1.9461, Train: 14.29%, Valid: 14.29%, Test: 32.50%, Best Valid: 68.57%, Best Test: 73.60%
Epoch: 200, Loss: 0.0016, Train: 100.00%, Valid: 68.57%, Test: 71.40%, Best Valid: 71.43%, Best Test: 57.20%
Epoch: 300, Loss: 0.0000, Train: 100.00%, Valid: 68.57%, Test: 71.00%, Best Valid: 71.43%, Best Test: 57.20%
Epoch: 400, Loss: 0.0000, Train: 100.00%, Valid: 65.71%, Test: 72.20%, Best Valid: 71.43%, Best Test: 57.20%
Epoch: 500, Loss: 0.0001, Train: 100.00%, Valid: 68.57%, Test: 72.80%, Best Valid: 71.43%, Best Test: 57.20%
Epoch: 600, Loss: 0.0002, Train: 100.00%, Valid: 65.71%, Test: 73.40%, Best Valid: 71.43%, Best Test: 57.20%
Epoch: 700, Loss: 0.0004, Train: 100.00%, Valid: 65.71%, Test: 73.00%, Best Valid: 71.43%, Best Test: 57.20%
Epoch: 800, Loss: 0.0004, Train: 100.00%, Valid: 62.86%, Test: 73.20%, Best Valid: 71.43%, Best Test: 57.20%
Epoch: 900, Loss: 0.0009, Train: 100.00%, Valid: 65.71%, Test: 73.20%, Best Valid: 71.43%, Best Test: 57.20%
Epoch: 1000, Loss: 0.0005, Train: 100.00%, Valid: 65.71%, Test: 72.60%, Best Valid: 71.43%, Best Test: 57.20%
Run 08:
Highest Train: 100.00
Highest Valid: 71.43
Highest Test: 76.60
Chosen epoch: 179
Final Train: 100.00
Final Test: 57.20
train:torch.Size([35]), valid:torch.Size([500]), test:torch.Size([1000])
Matched-budget validation: 35 valid nodes
Epoch: 00, Loss: 2.2848, Train: 17.14%, Valid: 17.14%, Test: 21.10%, Best Valid: 17.14%, Best Test: 21.10%
Switching Polynormer to global attention phase.
Epoch: 100, Loss: 1.9459, Train: 14.29%, Valid: 14.29%, Test: 14.50%, Best Valid: 74.29%, Best Test: 65.10%
Epoch: 200, Loss: 0.0000, Train: 100.00%, Valid: 68.57%, Test: 63.50%, Best Valid: 77.14%, Best Test: 68.20%
Epoch: 300, Loss: 0.0000, Train: 100.00%, Valid: 68.57%, Test: 58.40%, Best Valid: 82.86%, Best Test: 60.30%
Epoch: 400, Loss: 0.0000, Train: 100.00%, Valid: 68.57%, Test: 60.70%, Best Valid: 82.86%, Best Test: 60.30%
Epoch: 500, Loss: 0.0001, Train: 100.00%, Valid: 68.57%, Test: 60.20%, Best Valid: 82.86%, Best Test: 60.30%
Epoch: 600, Loss: 0.0002, Train: 100.00%, Valid: 68.57%, Test: 61.10%, Best Valid: 82.86%, Best Test: 60.30%
Epoch: 700, Loss: 0.0001, Train: 100.00%, Valid: 71.43%, Test: 61.20%, Best Valid: 82.86%, Best Test: 60.30%
Epoch: 800, Loss: 0.0004, Train: 100.00%, Valid: 77.14%, Test: 64.10%, Best Valid: 82.86%, Best Test: 60.30%
Epoch: 900, Loss: 0.0003, Train: 100.00%, Valid: 77.14%, Test: 62.90%, Best Valid: 82.86%, Best Test: 60.30%
Epoch: 1000, Loss: 0.0005, Train: 100.00%, Valid: 77.14%, Test: 62.00%, Best Valid: 82.86%, Best Test: 60.30%
Run 09:
Highest Train: 100.00
Highest Valid: 82.86
Highest Test: 68.50
Chosen epoch: 263
Final Train: 100.00
Final Test: 60.30
train:torch.Size([35]), valid:torch.Size([500]), test:torch.Size([1000])
Matched-budget validation: 35 valid nodes
Epoch: 00, Loss: 2.4060, Train: 34.29%, Valid: 20.00%, Test: 15.10%, Best Valid: 20.00%, Best Test: 15.10%
Switching Polynormer to global attention phase.
Epoch: 100, Loss: 1.9456, Train: 14.29%, Valid: 14.29%, Test: 9.90%, Best Valid: 74.29%, Best Test: 63.80%
Epoch: 200, Loss: 0.0106, Train: 100.00%, Valid: 65.71%, Test: 61.60%, Best Valid: 74.29%, Best Test: 63.80%
Epoch: 300, Loss: 0.0294, Train: 100.00%, Valid: 71.43%, Test: 64.90%, Best Valid: 74.29%, Best Test: 63.80%
Epoch: 400, Loss: 0.0007, Train: 100.00%, Valid: 71.43%, Test: 67.40%, Best Valid: 77.14%, Best Test: 65.10%
Epoch: 500, Loss: 0.0002, Train: 100.00%, Valid: 71.43%, Test: 68.10%, Best Valid: 77.14%, Best Test: 65.10%
Epoch: 600, Loss: 0.0009, Train: 100.00%, Valid: 71.43%, Test: 66.90%, Best Valid: 77.14%, Best Test: 65.10%
Epoch: 700, Loss: 0.0006, Train: 100.00%, Valid: 71.43%, Test: 67.90%, Best Valid: 77.14%, Best Test: 65.10%
Epoch: 800, Loss: 0.0003, Train: 100.00%, Valid: 71.43%, Test: 68.40%, Best Valid: 77.14%, Best Test: 65.10%
Epoch: 900, Loss: 0.0003, Train: 100.00%, Valid: 71.43%, Test: 67.20%, Best Valid: 77.14%, Best Test: 65.10%
Epoch: 1000, Loss: 0.0003, Train: 100.00%, Valid: 71.43%, Test: 67.90%, Best Valid: 77.14%, Best Test: 65.10%
Run 10:
Highest Train: 100.00
Highest Valid: 77.14
Highest Test: 71.20
Chosen epoch: 305
Final Train: 100.00
Final Test: 65.10
All runs:
Highest Train: 100.00 ± 0.00
Highest Test: 70.33 ± 2.94
Highest Valid: 74.57 ± 5.29
  Final Train: 100.00 ± 0.00
   Final Test: 64.35 ± 4.66
Saving results to ../results/lowlabel_mv/cora/polynormer.csv
Low-label sweep completed.
Task 6 done.
