Fri Aug 14 22:27:42 2026       
+-----------------------------------------------------------------------------------------+
| NVIDIA-SMI 580.159.04             Driver Version: 580.159.04     CUDA Version: 13.0     |
+-----------------------------------------+------------------------+----------------------+
| GPU  Name                 Persistence-M | Bus-Id          Disp.A | Volatile Uncorr. ECC |
| Fan  Temp   Perf          Pwr:Usage/Cap |           Memory-Usage | GPU-Util  Compute M. |
|                                         |                        |               MIG M. |
|=========================================+========================+======================|
|   0  NVIDIA A100-SXM4-80GB          On  |   00000000:01:00.0 Off |                   On |
| N/A   60C    P0            307W /  500W |   45497MiB /  81920MiB |     N/A      Default |
|                                         |                        |              Enabled |
+-----------------------------------------+------------------------+----------------------+
|   1  NVIDIA A100-SXM4-80GB          On  |   00000000:41:00.0 Off |                   On |
| N/A   55C    P0            286W /  500W |   50363MiB /  81920MiB |     N/A      Default |
|                                         |                        |              Enabled |
+-----------------------------------------+------------------------+----------------------+
|   2  NVIDIA A100-SXM4-80GB          On  |   00000000:81:00.0 Off |                   On |
| N/A   61C    P0            276W /  500W |   41147MiB /  81920MiB |     N/A      Default |
|                                         |                        |              Enabled |
+-----------------------------------------+------------------------+----------------------+
|   3  NVIDIA A100-SXM4-80GB          On  |   00000000:C1:00.0 Off |                   On |
| N/A   35C    P0            144W /  500W |    6188MiB /  81920MiB |     N/A      Default |
|                                         |                        |              Enabled |
+-----------------------------------------+------------------------+----------------------+

+-----------------------------------------------------------------------------------------+
| MIG devices:                                                                            |
+------------------+----------------------------------+-----------+-----------------------+
| GPU  GI  CI  MIG |              Shared Memory-Usage |        Vol|        Shared         |
|      ID  ID  Dev |                Shared BAR1-Usage | SM     Unc| CE ENC  DEC  OFA  JPG |
|                  |                                  |        ECC|                       |
|==================+==================================+===========+=======================|
|  2    3   0   0  |              71MiB / 19968MiB    | 28      0 |  2   0    1    0    0 |
|                  |               0MiB / 12271MiB    |           |                       |
+------------------+----------------------------------+-----------+-----------------------+

+-----------------------------------------------------------------------------------------+
| Processes:                                                                              |
|  GPU   GI   CI              PID   Type   Process name                        GPU Memory |
|        ID   ID                                                               Usage      |
|=========================================================================================|
|    0   13    0          1181102      C   ...ware/symmetrix-env/bin/python        694MiB |
|    0   14    0          1181105      C   ...ware/symmetrix-env/bin/python        856MiB |
|    0    1    0          1194550      C   python                                37100MiB |
|    0    5    0          1406177      C   python                                 6472MiB |
|    1   13    0          1181099      C   ...ware/symmetrix-env/bin/python       1076MiB |
|    1   14    0          1181106      C   ...ware/symmetrix-env/bin/python       1416MiB |
|    1    1    0          1194552      C   python                                37100MiB |
|    1    5    0          1413007      C   python                                10428MiB |
|    3   13    0          1181107      C   ...ware/symmetrix-env/bin/python       2456MiB |
|    3   14    0          1181108      C   ...ware/symmetrix-env/bin/python       3468MiB |
+-----------------------------------------------------------------------------------------+
Cell: amazon-ratings / polynormer / budget 10 per class / group 4
shuffle group only runs at budgets 2 and 5 — nothing to do.
