Sat Sep 12 18:42:19 2026       
+-----------------------------------------------------------------------------------------+
| NVIDIA-SMI 580.159.04             Driver Version: 580.159.04     CUDA Version: 13.0     |
+-----------------------------------------+------------------------+----------------------+
| GPU  Name                 Persistence-M | Bus-Id          Disp.A | Volatile Uncorr. ECC |
| Fan  Temp   Perf          Pwr:Usage/Cap |           Memory-Usage | GPU-Util  Compute M. |
|                                         |                        |               MIG M. |
|=========================================+========================+======================|
|   0  NVIDIA A100-SXM4-80GB          On  |   00000000:01:00.0 Off |                   On |
| N/A   44C    P0            185W /  500W |   21981MiB /  81920MiB |     N/A      Default |
|                                         |                        |              Enabled |
+-----------------------------------------+------------------------+----------------------+
|   1  NVIDIA A100-SXM4-80GB          On  |   00000000:41:00.0 Off |                   On |
| N/A   37C    P0            129W /  500W |    9840MiB /  81920MiB |     N/A      Default |
|                                         |                        |              Enabled |
+-----------------------------------------+------------------------+----------------------+
|   2  NVIDIA A100-SXM4-80GB          On  |   00000000:81:00.0 Off |                   On |
| N/A   42C    P0            152W /  500W |    9050MiB /  81920MiB |     N/A      Default |
|                                         |                        |              Enabled |
+-----------------------------------------+------------------------+----------------------+
|   3  NVIDIA A100-SXM4-80GB          On  |   00000000:C1:00.0 Off |                   On |
| N/A   37C    P0            153W /  500W |    8858MiB /  81920MiB |     N/A      Default |
|                                         |                        |              Enabled |
+-----------------------------------------+------------------------+----------------------+

+-----------------------------------------------------------------------------------------+
| MIG devices:                                                                            |
+------------------+----------------------------------+-----------+-----------------------+
| GPU  GI  CI  MIG |              Shared Memory-Usage |        Vol|        Shared         |
|      ID  ID  Dev |                Shared BAR1-Usage | SM     Unc| CE ENC  DEC  OFA  JPG |
|                  |                                  |        ECC|                       |
|==================+==================================+===========+=======================|
|  1    3   0   0  |              71MiB / 19968MiB    | 28      0 |  2   0    1    0    0 |
|                  |               0MiB / 12271MiB    |           |                       |
+------------------+----------------------------------+-----------+-----------------------+

+-----------------------------------------------------------------------------------------+
| Processes:                                                                              |
|  GPU   GI   CI              PID   Type   Process name                        GPU Memory |
|        ID   ID                                                               Usage      |
|=========================================================================================|
|    0   14    0          2187709      C   .../conda_env/Pytorch/bin/python       4788MiB |
|    0   14    0          2187735      C   .../conda_env/Pytorch/bin/python       4788MiB |
|    0   13    0          3131861      C   ...ware/symmetrix-env/bin/python        426MiB |
|    0    5    0          3193139      C   python                                11702MiB |
|    2   10    0          3131862      C   ...ware/symmetrix-env/bin/python        426MiB |
|    2    9    0          3131863      C   ...ware/symmetrix-env/bin/python        426MiB |
|    2    3    0          3143462      C   python                                 7926MiB |
|    3   13    0          3132186      C   ...ware/symmetrix-env/bin/python       1652MiB |
|    3   14    0          3132187      C   ...ware/symmetrix-env/bin/python       1524MiB |
|    3    5    0          3187492      C   python                                 5410MiB |
+-----------------------------------------------------------------------------------------+
Control cell: roman-empire / polynormer / budget 20 per class / mlp -> results/lowlabel_mv
python main.py --model polynormer --dataset roman-empire --hidden_channels 64 --local_epochs 100 --global_epochs 2500 --lr 0.001 --runs 10 --local_layers 10 --global_layers 2 --weight_decay 0.0 --dropout 0.3 --global_dropout 0.5 --in_dropout 0.15 --num_heads 8 --beta 0.5 --save_model --device 0 --model_dir models/lowlabel_ctrl_1214890_127 --train_per_class 20 --valid_per_class 20 --budget_tag 20
==========================================================
Low-label sweep: python main.py --model polynormer --dataset roman-empire --hidden_channels 64 --local_epochs 100 --global_epochs 2500 --lr 0.001 --runs 10 --local_layers 10 --global_layers 2 --weight_decay 0.0 --dropout 0.3 --global_dropout 0.5 --in_dropout 0.15 --num_heads 8 --beta 0.5 --save_model --device 0 --model_dir models/lowlabel_ctrl_1214890_127 --train_per_class 20 --valid_per_class 20 --budget_tag 20
result_dir=../results/lowlabel_mv conditions=[mlp]
==========================================================
--- mlp_reg | lambda=0.01 ---
    (already completed — requeue resume, skipping)
--- mlp_reg | lambda=0.05 ---
    (already completed — requeue resume, skipping)
--- mlp_reg | lambda=0.1 ---
    (already completed — requeue resume, skipping)
--- mlp_reg | lambda=0.2 ---
Namespace(aggregate='add', alpha=0.5, attention='gcn', beta=0.5, bn=False, budget_tag='20', count_reg=False, count_smoothing=1.0, cpu=False, data_dir='../data/', dataset='roman-empire', device=0, dim_inner=64, display_step=100, dropout=0.3, epochs=500, global_dropout=0.5, global_epochs=2500, global_layers=2, gnn='gcn', graph_weight=0.8, hidden_channels=64, hops=10, in_dropout=0.15, jk=False, label_num_per_class=20, lambda_val=0.2, layers=1, ln=False, local_epochs=100, local_gnn_type='GCN', local_layers=10, lr=0.001, metric='acc', mlp_epochs=500, mlp_reg=True, model='polynormer', model_dir='models/lowlabel_ctrl_1214890_127', n_heads=8, num_centroids=4096, num_heads=8, oracle_reg=False, paired_seeds=True, pe_types='RWSE', penalty_transform='none', pre_linear=False, pre_ln=False, rand_split=False, rand_split_class=False, reg_start_epoch=10, reg_update_freq=5, res=False, resample_split_per_run=False, result_dir='../results/lowlabel_mv', runs=10, save_model=True, save_result=False, seed=42, test_num=1000, tr_dropout=None, tr_layers=1, tr_weight_decay=None, train_per_class=20, train_prop=0.5, use_act=False, use_bn=False, use_graph=False, use_reg=True, use_residual=False, use_weight=False, valid_num=500, valid_per_class=20, valid_prop=0.25, weight_decay=0.0)
roman-empire
dataset roman-empire | num nodes 22662 | num edge 32927 | num node feats 300 | num classes 18
MODEL: Polynormer(
  (h_lins): ModuleList(
    (0): Linear(in_features=512, out_features=512, bias=True)
    (1): Linear(in_features=512, out_features=512, bias=True)
    (2): Linear(in_features=512, out_features=512, bias=True)
    (3): Linear(in_features=512, out_features=512, bias=True)
    (4): Linear(in_features=512, out_features=512, bias=True)
    (5): Linear(in_features=512, out_features=512, bias=True)
    (6): Linear(in_features=512, out_features=512, bias=True)
    (7): Linear(in_features=512, out_features=512, bias=True)
    (8): Linear(in_features=512, out_features=512, bias=True)
    (9): Linear(in_features=512, out_features=512, bias=True)
  )
  (local_convs): ModuleList(
    (0): GATConv(512, 64, heads=8)
    (1): GATConv(512, 64, heads=8)
    (2): GATConv(512, 64, heads=8)
    (3): GATConv(512, 64, heads=8)
    (4): GATConv(512, 64, heads=8)
    (5): GATConv(512, 64, heads=8)
    (6): GATConv(512, 64, heads=8)
    (7): GATConv(512, 64, heads=8)
    (8): GATConv(512, 64, heads=8)
    (9): GATConv(512, 64, heads=8)
  )
  (lins): ModuleList(
    (0): Linear(in_features=512, out_features=512, bias=True)
    (1): Linear(in_features=512, out_features=512, bias=True)
    (2): Linear(in_features=512, out_features=512, bias=True)
    (3): Linear(in_features=512, out_features=512, bias=True)
    (4): Linear(in_features=512, out_features=512, bias=True)
    (5): Linear(in_features=512, out_features=512, bias=True)
    (6): Linear(in_features=512, out_features=512, bias=True)
    (7): Linear(in_features=512, out_features=512, bias=True)
    (8): Linear(in_features=512, out_features=512, bias=True)
    (9): Linear(in_features=512, out_features=512, bias=True)
  )
  (lns): ModuleList(
    (0): LayerNorm((512,), eps=1e-05, elementwise_affine=True)
    (1): LayerNorm((512,), eps=1e-05, elementwise_affine=True)
    (2): LayerNorm((512,), eps=1e-05, elementwise_affine=True)
    (3): LayerNorm((512,), eps=1e-05, elementwise_affine=True)
    (4): LayerNorm((512,), eps=1e-05, elementwise_affine=True)
    (5): LayerNorm((512,), eps=1e-05, elementwise_affine=True)
    (6): LayerNorm((512,), eps=1e-05, elementwise_affine=True)
    (7): LayerNorm((512,), eps=1e-05, elementwise_affine=True)
    (8): LayerNorm((512,), eps=1e-05, elementwise_affine=True)
    (9): LayerNorm((512,), eps=1e-05, elementwise_affine=True)
  )
  (lin_in): Linear(in_features=300, out_features=512, bias=True)
  (ln): LayerNorm((512,), eps=1e-05, elementwise_affine=True)
  (global_attn): GlobalAttn(
    (h_lins): ModuleList(
      (0): Linear(in_features=512, out_features=512, bias=True)
      (1): Linear(in_features=512, out_features=512, bias=True)
    )
    (k_lins): ModuleList(
      (0): Linear(in_features=512, out_features=512, bias=True)
      (1): Linear(in_features=512, out_features=512, bias=True)
    )
    (v_lins): ModuleList(
      (0): Linear(in_features=512, out_features=512, bias=True)
      (1): Linear(in_features=512, out_features=512, bias=True)
    )
    (lns): ModuleList(
      (0): LayerNorm((512,), eps=1e-05, elementwise_affine=True)
      (1): LayerNorm((512,), eps=1e-05, elementwise_affine=True)
    )
    (lin_out): Linear(in_features=512, out_features=512, bias=True)
  )
  (pred_local): Linear(in_features=512, out_features=18, bias=True)
  (pred_global): Linear(in_features=512, out_features=18, bias=True)
)
Label budget: 20/class -> 360 train nodes
Matched-budget validation: 360 valid nodes
Pre-training MLP for 500 epochs to generate co-occurrence matrix...
MLP pre-training complete. Penalty matrix frozen.
Epoch: 00, Loss: 4.3320, Train: 8.79%, Valid: 10.56%, Test: 7.89%, Best Valid: 10.56%, Best Test: 7.89%
Switching Polynormer to global attention phase.
Epoch: 100, Loss: 3.4913, Train: 13.08%, Valid: 15.83%, Test: 12.53%, Best Valid: 56.67%, Best Test: 51.87%
Epoch: 200, Loss: 0.0572, Train: 54.31%, Valid: 55.00%, Test: 51.11%, Best Valid: 56.94%, Best Test: 52.59%
Epoch: 300, Loss: 0.1046, Train: 55.55%, Valid: 54.17%, Test: 52.26%, Best Valid: 56.94%, Best Test: 52.59%
Epoch: 400, Loss: 0.0183, Train: 57.77%, Valid: 54.17%, Test: 54.75%, Best Valid: 56.94%, Best Test: 52.59%
Epoch: 500, Loss: 0.0076, Train: 55.67%, Valid: 54.17%, Test: 52.70%, Best Valid: 58.06%, Best Test: 51.99%
Epoch: 600, Loss: 0.0040, Train: 54.67%, Valid: 54.17%, Test: 52.21%, Best Valid: 58.61%, Best Test: 52.82%
Epoch: 700, Loss: 0.0085, Train: 58.20%, Valid: 55.00%, Test: 55.72%, Best Valid: 58.61%, Best Test: 52.82%
Epoch: 800, Loss: 0.0147, Train: 56.06%, Valid: 56.94%, Test: 53.55%, Best Valid: 58.61%, Best Test: 52.82%
Epoch: 900, Loss: 0.0013, Train: 55.26%, Valid: 55.83%, Test: 52.42%, Best Valid: 59.17%, Best Test: 55.61%
Epoch: 1000, Loss: 0.0640, Train: 56.78%, Valid: 56.39%, Test: 54.68%, Best Valid: 59.44%, Best Test: 52.74%
Epoch: 1100, Loss: 0.0351, Train: 54.98%, Valid: 57.78%, Test: 52.10%, Best Valid: 60.56%, Best Test: 53.67%
Epoch: 1200, Loss: 0.0032, Train: 53.98%, Valid: 54.44%, Test: 51.11%, Best Valid: 60.56%, Best Test: 53.67%
Epoch: 1300, Loss: 0.0010, Train: 54.73%, Valid: 58.33%, Test: 52.36%, Best Valid: 60.56%, Best Test: 53.67%
Epoch: 1400, Loss: 0.0162, Train: 55.38%, Valid: 58.61%, Test: 52.52%, Best Valid: 60.56%, Best Test: 53.67%
Epoch: 1500, Loss: 0.0096, Train: 55.07%, Valid: 56.67%, Test: 52.59%, Best Valid: 60.56%, Best Test: 53.67%
Epoch: 1600, Loss: 0.0063, Train: 57.51%, Valid: 55.28%, Test: 54.47%, Best Valid: 60.56%, Best Test: 53.67%
Epoch: 1700, Loss: 0.0031, Train: 55.91%, Valid: 55.56%, Test: 53.30%, Best Valid: 60.56%, Best Test: 53.67%
Epoch: 1800, Loss: 0.0224, Train: 55.00%, Valid: 55.56%, Test: 53.49%, Best Valid: 60.56%, Best Test: 53.67%
Epoch: 1900, Loss: 0.0604, Train: 55.52%, Valid: 57.78%, Test: 53.57%, Best Valid: 60.56%, Best Test: 53.67%
Epoch: 2000, Loss: 0.0027, Train: 56.03%, Valid: 56.94%, Test: 52.97%, Best Valid: 60.56%, Best Test: 53.67%
Epoch: 2100, Loss: 0.0800, Train: 56.42%, Valid: 56.94%, Test: 53.85%, Best Valid: 60.56%, Best Test: 53.67%
Epoch: 2200, Loss: 0.0019, Train: 55.59%, Valid: 57.22%, Test: 53.14%, Best Valid: 60.56%, Best Test: 53.67%
Epoch: 2300, Loss: 0.0004, Train: 55.94%, Valid: 57.78%, Test: 54.02%, Best Valid: 60.56%, Best Test: 53.67%
Epoch: 2400, Loss: 0.0002, Train: 57.66%, Valid: 58.06%, Test: 55.58%, Best Valid: 60.56%, Best Test: 53.67%
Epoch: 2500, Loss: 0.0004, Train: 56.52%, Valid: 58.61%, Test: 54.39%, Best Valid: 60.56%, Best Test: 53.67%
Run 01:
Highest Train: 59.32
Highest Valid: 60.56
Highest Test: 56.81
Chosen epoch: 1017
Final Train: 56.08
Final Test: 53.67
Label budget: 20/class -> 360 train nodes
Matched-budget validation: 360 valid nodes
Pre-training MLP for 500 epochs to generate co-occurrence matrix...
MLP pre-training complete. Penalty matrix frozen.
Epoch: 00, Loss: 4.2533, Train: 8.15%, Valid: 5.28%, Test: 8.68%, Best Valid: 5.28%, Best Test: 8.68%
Switching Polynormer to global attention phase.
Epoch: 100, Loss: 3.4919, Train: 13.82%, Valid: 5.56%, Test: 13.84%, Best Valid: 58.33%, Best Test: 56.34%
Epoch: 200, Loss: 0.0397, Train: 56.79%, Valid: 58.33%, Test: 54.87%, Best Valid: 58.33%, Best Test: 56.34%
Epoch: 300, Loss: 0.0209, Train: 58.99%, Valid: 56.67%, Test: 57.39%, Best Valid: 58.33%, Best Test: 56.34%
Epoch: 400, Loss: 0.0116, Train: 56.69%, Valid: 54.72%, Test: 55.14%, Best Valid: 58.33%, Best Test: 56.34%
Epoch: 500, Loss: 0.0342, Train: 57.89%, Valid: 56.11%, Test: 56.48%, Best Valid: 58.89%, Best Test: 56.35%
Epoch: 600, Loss: 0.0119, Train: 58.50%, Valid: 55.28%, Test: 56.92%, Best Valid: 58.89%, Best Test: 56.35%
Epoch: 700, Loss: 0.0010, Train: 57.38%, Valid: 56.11%, Test: 54.98%, Best Valid: 58.89%, Best Test: 56.35%
Epoch: 800, Loss: 0.0151, Train: 57.93%, Valid: 55.00%, Test: 55.91%, Best Valid: 58.89%, Best Test: 56.35%
Epoch: 900, Loss: 0.0084, Train: 56.44%, Valid: 55.28%, Test: 54.75%, Best Valid: 58.89%, Best Test: 56.35%
Epoch: 1000, Loss: 0.0251, Train: 56.03%, Valid: 53.33%, Test: 55.12%, Best Valid: 58.89%, Best Test: 56.35%
Epoch: 1100, Loss: 0.0086, Train: 56.89%, Valid: 54.17%, Test: 55.51%, Best Valid: 59.17%, Best Test: 58.72%
Epoch: 1200, Loss: 0.0356, Train: 56.06%, Valid: 53.89%, Test: 54.78%, Best Valid: 59.17%, Best Test: 58.72%
Epoch: 1300, Loss: 0.0016, Train: 56.63%, Valid: 54.44%, Test: 55.44%, Best Valid: 59.17%, Best Test: 58.72%
Epoch: 1400, Loss: 0.0008, Train: 58.46%, Valid: 55.83%, Test: 57.25%, Best Valid: 59.17%, Best Test: 58.72%
Epoch: 1500, Loss: 0.0029, Train: 58.27%, Valid: 53.61%, Test: 56.85%, Best Valid: 59.17%, Best Test: 58.72%
Epoch: 1600, Loss: 0.0150, Train: 57.15%, Valid: 53.61%, Test: 56.21%, Best Valid: 59.17%, Best Test: 58.72%
Epoch: 1700, Loss: 0.0012, Train: 56.23%, Valid: 56.11%, Test: 55.40%, Best Valid: 59.17%, Best Test: 58.72%
Epoch: 1800, Loss: 0.0028, Train: 57.17%, Valid: 55.00%, Test: 55.74%, Best Valid: 59.17%, Best Test: 58.72%
Epoch: 1900, Loss: 0.0921, Train: 57.70%, Valid: 54.17%, Test: 55.97%, Best Valid: 59.17%, Best Test: 58.72%
Epoch: 2000, Loss: 0.0549, Train: 54.87%, Valid: 53.89%, Test: 53.92%, Best Valid: 59.17%, Best Test: 58.72%
Epoch: 2100, Loss: 0.0066, Train: 56.64%, Valid: 54.17%, Test: 55.68%, Best Valid: 59.17%, Best Test: 58.72%
Epoch: 2200, Loss: 0.0007, Train: 59.64%, Valid: 58.61%, Test: 58.72%, Best Valid: 59.17%, Best Test: 58.72%
Epoch: 2300, Loss: 0.0208, Train: 58.83%, Valid: 56.67%, Test: 58.35%, Best Valid: 59.17%, Best Test: 58.72%
Epoch: 2400, Loss: 0.0067, Train: 54.97%, Valid: 52.50%, Test: 54.02%, Best Valid: 59.17%, Best Test: 58.72%
Epoch: 2500, Loss: 0.0471, Train: 58.21%, Valid: 54.17%, Test: 57.31%, Best Valid: 59.17%, Best Test: 58.72%
Run 02:
Highest Train: 60.30
Highest Valid: 59.17
Highest Test: 58.97
Chosen epoch: 1015
Final Train: 59.92
Final Test: 58.72
Label budget: 20/class -> 360 train nodes
Matched-budget validation: 360 valid nodes
Pre-training MLP for 500 epochs to generate co-occurrence matrix...
MLP pre-training complete. Penalty matrix frozen.
Epoch: 00, Loss: 4.3324, Train: 7.31%, Valid: 6.11%, Test: 6.72%, Best Valid: 6.11%, Best Test: 6.72%
Switching Polynormer to global attention phase.
Epoch: 100, Loss: 3.4556, Train: 14.33%, Valid: 5.83%, Test: 14.42%, Best Valid: 56.67%, Best Test: 55.03%
Epoch: 200, Loss: 0.0381, Train: 57.45%, Valid: 51.94%, Test: 56.42%, Best Valid: 56.94%, Best Test: 54.64%
Epoch: 300, Loss: 0.0171, Train: 55.51%, Valid: 57.78%, Test: 54.80%, Best Valid: 58.06%, Best Test: 53.90%
Epoch: 400, Loss: 0.0331, Train: 55.58%, Valid: 55.28%, Test: 54.89%, Best Valid: 58.06%, Best Test: 53.90%
Epoch: 500, Loss: 0.0263, Train: 56.37%, Valid: 56.39%, Test: 55.15%, Best Valid: 58.06%, Best Test: 53.90%
Epoch: 600, Loss: 0.0072, Train: 56.57%, Valid: 55.56%, Test: 54.47%, Best Valid: 59.44%, Best Test: 55.52%
Epoch: 700, Loss: 0.0004, Train: 57.60%, Valid: 58.61%, Test: 56.35%, Best Valid: 59.44%, Best Test: 55.52%
Epoch: 800, Loss: 0.0261, Train: 56.90%, Valid: 56.94%, Test: 55.01%, Best Valid: 60.28%, Best Test: 54.66%
Epoch: 900, Loss: 0.0072, Train: 57.45%, Valid: 56.39%, Test: 57.18%, Best Valid: 60.28%, Best Test: 54.66%
Epoch: 1000, Loss: 0.0259, Train: 55.70%, Valid: 53.61%, Test: 53.97%, Best Valid: 60.28%, Best Test: 54.66%
Epoch: 1100, Loss: 0.0013, Train: 57.02%, Valid: 56.94%, Test: 55.70%, Best Valid: 60.28%, Best Test: 54.66%
Epoch: 1200, Loss: 0.0366, Train: 55.38%, Valid: 55.83%, Test: 54.18%, Best Valid: 60.28%, Best Test: 54.66%
Epoch: 1300, Loss: 0.0047, Train: 54.66%, Valid: 54.44%, Test: 53.81%, Best Valid: 60.28%, Best Test: 54.66%
Epoch: 1400, Loss: 0.0019, Train: 55.85%, Valid: 54.72%, Test: 54.48%, Best Valid: 60.28%, Best Test: 54.66%
Epoch: 1500, Loss: 0.0123, Train: 57.61%, Valid: 57.78%, Test: 56.41%, Best Valid: 60.28%, Best Test: 54.66%
Epoch: 1600, Loss: 0.0180, Train: 56.28%, Valid: 58.61%, Test: 54.73%, Best Valid: 61.11%, Best Test: 56.28%
Epoch: 1700, Loss: 0.0023, Train: 54.73%, Valid: 56.94%, Test: 53.74%, Best Valid: 61.11%, Best Test: 56.28%
Epoch: 1800, Loss: 0.0030, Train: 55.44%, Valid: 56.39%, Test: 54.77%, Best Valid: 61.11%, Best Test: 56.28%
Epoch: 1900, Loss: 0.0350, Train: 56.80%, Valid: 56.11%, Test: 55.24%, Best Valid: 61.11%, Best Test: 56.28%
Epoch: 2000, Loss: 0.0430, Train: 57.06%, Valid: 60.00%, Test: 56.35%, Best Valid: 61.11%, Best Test: 56.28%
Epoch: 2100, Loss: 0.0034, Train: 56.81%, Valid: 58.33%, Test: 55.67%, Best Valid: 61.11%, Best Test: 56.28%
Epoch: 2200, Loss: 0.0006, Train: 55.50%, Valid: 59.17%, Test: 54.52%, Best Valid: 62.22%, Best Test: 53.79%
Epoch: 2300, Loss: 0.0001, Train: 55.00%, Valid: 57.22%, Test: 54.08%, Best Valid: 62.22%, Best Test: 53.79%
Epoch: 2400, Loss: 0.0135, Train: 55.82%, Valid: 55.83%, Test: 55.26%, Best Valid: 62.22%, Best Test: 53.79%
Epoch: 2500, Loss: 0.0130, Train: 54.51%, Valid: 57.22%, Test: 53.88%, Best Valid: 62.22%, Best Test: 53.79%
Run 03:
Highest Train: 59.39
Highest Valid: 62.22
Highest Test: 58.12
Chosen epoch: 2172
Final Train: 54.74
Final Test: 53.79
Label budget: 20/class -> 360 train nodes
Matched-budget validation: 360 valid nodes
Pre-training MLP for 500 epochs to generate co-occurrence matrix...
MLP pre-training complete. Penalty matrix frozen.
Epoch: 00, Loss: 4.4058, Train: 4.54%, Valid: 8.61%, Test: 4.61%, Best Valid: 8.61%, Best Test: 4.61%
Switching Polynormer to global attention phase.
Epoch: 100, Loss: 3.4864, Train: 9.68%, Valid: 5.56%, Test: 9.67%, Best Valid: 61.39%, Best Test: 56.85%
Epoch: 200, Loss: 0.0745, Train: 53.83%, Valid: 55.00%, Test: 52.95%, Best Valid: 61.39%, Best Test: 56.85%
Epoch: 300, Loss: 0.0131, Train: 53.15%, Valid: 55.00%, Test: 52.01%, Best Valid: 61.39%, Best Test: 56.85%
Epoch: 400, Loss: 0.0518, Train: 55.46%, Valid: 53.89%, Test: 54.43%, Best Valid: 61.39%, Best Test: 56.85%
Epoch: 500, Loss: 0.0139, Train: 55.86%, Valid: 56.67%, Test: 55.10%, Best Valid: 61.39%, Best Test: 56.85%
Epoch: 600, Loss: 0.0161, Train: 55.48%, Valid: 55.83%, Test: 54.91%, Best Valid: 61.39%, Best Test: 56.85%
Epoch: 700, Loss: 0.0207, Train: 53.30%, Valid: 56.11%, Test: 53.60%, Best Valid: 61.39%, Best Test: 56.85%
Epoch: 800, Loss: 0.0822, Train: 55.00%, Valid: 56.94%, Test: 54.04%, Best Valid: 61.39%, Best Test: 56.85%
Epoch: 900, Loss: 0.0083, Train: 55.26%, Valid: 56.39%, Test: 54.41%, Best Valid: 61.39%, Best Test: 56.85%
Epoch: 1000, Loss: 0.0308, Train: 55.57%, Valid: 54.44%, Test: 55.15%, Best Valid: 61.39%, Best Test: 56.85%
Epoch: 1100, Loss: 0.0224, Train: 54.54%, Valid: 54.17%, Test: 54.02%, Best Valid: 61.39%, Best Test: 56.85%
Epoch: 1200, Loss: 0.0179, Train: 55.17%, Valid: 55.83%, Test: 54.75%, Best Valid: 61.39%, Best Test: 56.85%
Epoch: 1300, Loss: 0.0006, Train: 56.29%, Valid: 55.56%, Test: 55.74%, Best Valid: 61.39%, Best Test: 56.85%
Epoch: 1400, Loss: 0.0313, Train: 53.97%, Valid: 54.44%, Test: 53.42%, Best Valid: 61.39%, Best Test: 56.85%
Epoch: 1500, Loss: 0.0135, Train: 52.83%, Valid: 51.11%, Test: 51.71%, Best Valid: 61.39%, Best Test: 56.85%
Epoch: 1600, Loss: 0.0453, Train: 53.98%, Valid: 52.22%, Test: 52.68%, Best Valid: 61.39%, Best Test: 56.85%
Epoch: 1700, Loss: 0.0226, Train: 53.70%, Valid: 55.28%, Test: 52.24%, Best Valid: 61.39%, Best Test: 56.85%
Epoch: 1800, Loss: 0.0225, Train: 55.01%, Valid: 56.39%, Test: 53.88%, Best Valid: 61.39%, Best Test: 56.85%
Epoch: 1900, Loss: 0.0010, Train: 55.62%, Valid: 55.00%, Test: 54.38%, Best Valid: 61.39%, Best Test: 56.85%
Epoch: 2000, Loss: 0.0184, Train: 55.03%, Valid: 55.56%, Test: 53.81%, Best Valid: 61.39%, Best Test: 56.85%
Epoch: 2100, Loss: 0.0009, Train: 55.03%, Valid: 53.61%, Test: 53.85%, Best Valid: 61.39%, Best Test: 56.85%
Epoch: 2200, Loss: 0.0028, Train: 55.80%, Valid: 56.94%, Test: 54.32%, Best Valid: 61.39%, Best Test: 56.85%
Epoch: 2300, Loss: 0.0003, Train: 55.75%, Valid: 56.94%, Test: 54.71%, Best Valid: 61.39%, Best Test: 56.85%
Epoch: 2400, Loss: 0.2616, Train: 55.64%, Valid: 55.83%, Test: 55.31%, Best Valid: 61.39%, Best Test: 56.85%
Epoch: 2500, Loss: 0.0008, Train: 56.71%, Valid: 55.00%, Test: 55.91%, Best Valid: 61.39%, Best Test: 56.85%
Run 04:
Highest Train: 58.55
Highest Valid: 61.39
Highest Test: 58.45
Chosen epoch: 85
Final Train: 57.36
Final Test: 56.85
Label budget: 20/class -> 360 train nodes
Matched-budget validation: 360 valid nodes
Pre-training MLP for 500 epochs to generate co-occurrence matrix...
MLP pre-training complete. Penalty matrix frozen.
Epoch: 00, Loss: 4.3229, Train: 6.61%, Valid: 6.94%, Test: 6.76%, Best Valid: 6.94%, Best Test: 6.76%
Switching Polynormer to global attention phase.
Epoch: 100, Loss: 3.4912, Train: 10.05%, Valid: 10.00%, Test: 10.13%, Best Valid: 57.50%, Best Test: 54.69%
Epoch: 200, Loss: 0.0364, Train: 55.31%, Valid: 57.22%, Test: 52.97%, Best Valid: 59.44%, Best Test: 54.59%
Epoch: 300, Loss: 0.0293, Train: 53.89%, Valid: 58.06%, Test: 51.69%, Best Valid: 59.44%, Best Test: 54.59%
Epoch: 400, Loss: 0.0982, Train: 54.36%, Valid: 56.11%, Test: 51.68%, Best Valid: 59.44%, Best Test: 54.59%
Epoch: 500, Loss: 0.0058, Train: 56.02%, Valid: 56.39%, Test: 53.87%, Best Valid: 59.44%, Best Test: 54.59%
Epoch: 600, Loss: 0.0129, Train: 56.72%, Valid: 54.17%, Test: 54.09%, Best Valid: 59.44%, Best Test: 54.59%
Epoch: 700, Loss: 0.0194, Train: 53.68%, Valid: 55.56%, Test: 51.62%, Best Valid: 59.44%, Best Test: 54.59%
Epoch: 800, Loss: 0.0012, Train: 55.49%, Valid: 56.11%, Test: 53.32%, Best Valid: 59.44%, Best Test: 54.59%
Epoch: 900, Loss: 0.0331, Train: 57.91%, Valid: 55.83%, Test: 55.68%, Best Valid: 59.44%, Best Test: 54.59%
Epoch: 1000, Loss: 0.0031, Train: 56.31%, Valid: 55.56%, Test: 54.61%, Best Valid: 59.44%, Best Test: 54.59%
Epoch: 1100, Loss: 0.0004, Train: 56.31%, Valid: 57.22%, Test: 53.90%, Best Valid: 59.44%, Best Test: 54.59%
Epoch: 1200, Loss: 0.0293, Train: 54.54%, Valid: 54.44%, Test: 52.63%, Best Valid: 59.44%, Best Test: 54.59%
Epoch: 1300, Loss: 0.0024, Train: 55.18%, Valid: 53.89%, Test: 53.07%, Best Valid: 59.44%, Best Test: 54.59%
Epoch: 1400, Loss: 0.0132, Train: 54.91%, Valid: 51.94%, Test: 52.24%, Best Valid: 59.44%, Best Test: 54.59%
Epoch: 1500, Loss: 0.0086, Train: 54.37%, Valid: 56.94%, Test: 52.77%, Best Valid: 59.44%, Best Test: 54.59%
Epoch: 1600, Loss: 0.0031, Train: 56.03%, Valid: 56.39%, Test: 53.37%, Best Valid: 60.28%, Best Test: 54.02%
Epoch: 1700, Loss: 0.0001, Train: 55.63%, Valid: 56.94%, Test: 53.57%, Best Valid: 60.28%, Best Test: 54.02%
Epoch: 1800, Loss: 0.0001, Train: 57.39%, Valid: 56.39%, Test: 54.31%, Best Valid: 60.28%, Best Test: 54.02%
Epoch: 1900, Loss: 0.0009, Train: 56.93%, Valid: 56.94%, Test: 54.54%, Best Valid: 60.28%, Best Test: 54.02%
Epoch: 2000, Loss: 0.0104, Train: 56.27%, Valid: 57.22%, Test: 53.85%, Best Valid: 60.28%, Best Test: 54.02%
Epoch: 2100, Loss: 0.0098, Train: 57.27%, Valid: 57.22%, Test: 54.77%, Best Valid: 60.28%, Best Test: 54.02%
Epoch: 2200, Loss: 0.0440, Train: 54.07%, Valid: 53.89%, Test: 52.10%, Best Valid: 60.28%, Best Test: 54.02%
Epoch: 2300, Loss: 0.0091, Train: 54.57%, Valid: 56.11%, Test: 52.81%, Best Valid: 60.28%, Best Test: 54.02%
Epoch: 2400, Loss: 0.0002, Train: 58.11%, Valid: 55.56%, Test: 55.38%, Best Valid: 60.28%, Best Test: 54.02%
Epoch: 2500, Loss: 0.0026, Train: 56.98%, Valid: 55.00%, Test: 53.74%, Best Valid: 60.28%, Best Test: 54.02%
Run 05:
Highest Train: 58.77
Highest Valid: 60.28
Highest Test: 57.24
Chosen epoch: 1560
Final Train: 56.42
Final Test: 54.02
Label budget: 20/class -> 360 train nodes
Matched-budget validation: 360 valid nodes
Pre-training MLP for 500 epochs to generate co-occurrence matrix...
MLP pre-training complete. Penalty matrix frozen.
Epoch: 00, Loss: 4.3674, Train: 9.31%, Valid: 10.28%, Test: 9.50%, Best Valid: 10.28%, Best Test: 9.50%
Switching Polynormer to global attention phase.
Epoch: 100, Loss: 3.4866, Train: 12.00%, Valid: 10.28%, Test: 11.91%, Best Valid: 55.00%, Best Test: 53.57%
Epoch: 200, Loss: 0.0380, Train: 49.93%, Valid: 52.50%, Test: 48.99%, Best Valid: 56.11%, Best Test: 49.05%
Epoch: 300, Loss: 0.0047, Train: 51.71%, Valid: 50.56%, Test: 51.09%, Best Valid: 56.11%, Best Test: 49.05%
Epoch: 400, Loss: 0.0051, Train: 50.61%, Valid: 54.17%, Test: 50.07%, Best Valid: 56.11%, Best Test: 49.05%
Epoch: 500, Loss: 0.0200, Train: 50.31%, Valid: 50.83%, Test: 50.02%, Best Valid: 56.11%, Best Test: 49.05%
Epoch: 600, Loss: 0.0223, Train: 52.70%, Valid: 51.94%, Test: 52.56%, Best Valid: 56.11%, Best Test: 49.05%
Epoch: 700, Loss: 0.0109, Train: 53.18%, Valid: 53.89%, Test: 52.59%, Best Valid: 56.11%, Best Test: 49.05%
Epoch: 800, Loss: 0.0170, Train: 51.64%, Valid: 55.00%, Test: 51.06%, Best Valid: 56.11%, Best Test: 49.05%
Epoch: 900, Loss: 0.0002, Train: 53.13%, Valid: 52.78%, Test: 53.02%, Best Valid: 56.39%, Best Test: 52.10%
Epoch: 1000, Loss: 0.0022, Train: 51.73%, Valid: 53.61%, Test: 51.45%, Best Valid: 56.39%, Best Test: 52.10%
Epoch: 1100, Loss: 0.0577, Train: 51.93%, Valid: 56.11%, Test: 51.38%, Best Valid: 56.39%, Best Test: 52.10%
Epoch: 1200, Loss: 0.0004, Train: 50.16%, Valid: 55.56%, Test: 50.07%, Best Valid: 57.50%, Best Test: 51.11%
Epoch: 1300, Loss: 0.0077, Train: 50.91%, Valid: 54.17%, Test: 51.02%, Best Valid: 57.50%, Best Test: 51.11%
Epoch: 1400, Loss: 0.0099, Train: 51.82%, Valid: 51.67%, Test: 51.73%, Best Valid: 57.50%, Best Test: 51.11%
Epoch: 1500, Loss: 0.0132, Train: 52.03%, Valid: 53.89%, Test: 52.21%, Best Valid: 57.50%, Best Test: 51.11%
Epoch: 1600, Loss: 0.0101, Train: 51.75%, Valid: 52.50%, Test: 51.57%, Best Valid: 57.50%, Best Test: 51.11%
Epoch: 1700, Loss: 0.0016, Train: 53.07%, Valid: 55.83%, Test: 52.79%, Best Valid: 57.50%, Best Test: 51.11%
Epoch: 1800, Loss: 0.0224, Train: 53.30%, Valid: 50.83%, Test: 53.32%, Best Valid: 57.50%, Best Test: 51.11%
Epoch: 1900, Loss: 0.0101, Train: 52.45%, Valid: 51.67%, Test: 52.52%, Best Valid: 57.50%, Best Test: 51.11%
Epoch: 2000, Loss: 0.0245, Train: 53.59%, Valid: 50.83%, Test: 53.71%, Best Valid: 57.50%, Best Test: 51.11%
Epoch: 2100, Loss: 0.0002, Train: 51.68%, Valid: 52.78%, Test: 51.91%, Best Valid: 57.50%, Best Test: 51.11%
Epoch: 2200, Loss: 0.0221, Train: 53.01%, Valid: 55.00%, Test: 52.54%, Best Valid: 57.50%, Best Test: 51.11%
Epoch: 2300, Loss: 0.0014, Train: 52.21%, Valid: 52.50%, Test: 51.11%, Best Valid: 57.50%, Best Test: 51.11%
Epoch: 2400, Loss: 0.0001, Train: 53.55%, Valid: 53.61%, Test: 53.44%, Best Valid: 57.50%, Best Test: 51.11%
Epoch: 2500, Loss: 0.0011, Train: 50.86%, Valid: 53.61%, Test: 51.11%, Best Valid: 57.50%, Best Test: 51.11%
Run 06:
Highest Train: 55.47
Highest Valid: 57.78
Highest Test: 55.15
Chosen epoch: 2562
Final Train: 53.71
Final Test: 53.78
Label budget: 20/class -> 360 train nodes
Matched-budget validation: 360 valid nodes
Pre-training MLP for 500 epochs to generate co-occurrence matrix...
MLP pre-training complete. Penalty matrix frozen.
Epoch: 00, Loss: 4.3223, Train: 4.69%, Valid: 5.83%, Test: 4.82%, Best Valid: 5.83%, Best Test: 4.82%
Switching Polynormer to global attention phase.
Epoch: 100, Loss: 3.4757, Train: 16.79%, Valid: 10.00%, Test: 16.64%, Best Valid: 63.06%, Best Test: 57.62%
Epoch: 200, Loss: 0.0177, Train: 55.88%, Valid: 59.44%, Test: 54.85%, Best Valid: 63.06%, Best Test: 57.62%
Epoch: 300, Loss: 0.0486, Train: 57.49%, Valid: 58.89%, Test: 55.88%, Best Valid: 63.06%, Best Test: 57.62%
Epoch: 400, Loss: 0.0126, Train: 57.23%, Valid: 59.72%, Test: 55.88%, Best Valid: 63.06%, Best Test: 57.62%
Epoch: 500, Loss: 0.0099, Train: 55.98%, Valid: 57.22%, Test: 54.38%, Best Valid: 63.06%, Best Test: 57.62%
Epoch: 600, Loss: 0.0698, Train: 58.03%, Valid: 60.28%, Test: 56.81%, Best Valid: 63.06%, Best Test: 57.62%
Epoch: 700, Loss: 0.0017, Train: 58.67%, Valid: 59.17%, Test: 57.20%, Best Valid: 63.06%, Best Test: 57.62%
Epoch: 800, Loss: 0.0038, Train: 57.49%, Valid: 59.44%, Test: 56.34%, Best Valid: 63.06%, Best Test: 57.62%
Epoch: 900, Loss: 0.0021, Train: 55.93%, Valid: 56.94%, Test: 54.77%, Best Valid: 63.06%, Best Test: 57.62%
Epoch: 1000, Loss: 0.0300, Train: 60.39%, Valid: 60.83%, Test: 59.00%, Best Valid: 63.06%, Best Test: 57.62%
Epoch: 1100, Loss: 0.0026, Train: 55.89%, Valid: 57.50%, Test: 54.69%, Best Valid: 63.33%, Best Test: 55.77%
Epoch: 1200, Loss: 0.0015, Train: 57.44%, Valid: 60.56%, Test: 55.88%, Best Valid: 63.33%, Best Test: 55.77%
Epoch: 1300, Loss: 0.0289, Train: 57.05%, Valid: 61.67%, Test: 55.88%, Best Valid: 63.33%, Best Test: 55.77%
Epoch: 1400, Loss: 0.0048, Train: 57.99%, Valid: 58.06%, Test: 56.48%, Best Valid: 63.33%, Best Test: 55.77%
Epoch: 1500, Loss: 0.0001, Train: 57.50%, Valid: 58.06%, Test: 55.98%, Best Valid: 63.33%, Best Test: 55.77%
Epoch: 1600, Loss: 0.0002, Train: 59.02%, Valid: 58.89%, Test: 57.45%, Best Valid: 63.33%, Best Test: 55.77%
Epoch: 1700, Loss: 0.0079, Train: 58.14%, Valid: 60.28%, Test: 57.41%, Best Valid: 63.33%, Best Test: 55.77%
Epoch: 1800, Loss: 0.0006, Train: 57.84%, Valid: 60.00%, Test: 56.51%, Best Valid: 63.33%, Best Test: 55.77%
Epoch: 1900, Loss: 0.0008, Train: 57.64%, Valid: 60.83%, Test: 56.81%, Best Valid: 63.33%, Best Test: 55.77%
Epoch: 2000, Loss: 0.0021, Train: 58.17%, Valid: 59.44%, Test: 57.59%, Best Valid: 63.33%, Best Test: 55.77%
Epoch: 2100, Loss: 0.1048, Train: 58.46%, Valid: 61.39%, Test: 57.24%, Best Valid: 63.33%, Best Test: 55.77%
Epoch: 2200, Loss: 0.0073, Train: 57.45%, Valid: 61.39%, Test: 56.49%, Best Valid: 63.33%, Best Test: 55.77%
Epoch: 2300, Loss: 0.0163, Train: 56.76%, Valid: 57.22%, Test: 55.65%, Best Valid: 63.33%, Best Test: 55.77%
Epoch: 2400, Loss: 0.0087, Train: 57.75%, Valid: 57.78%, Test: 57.38%, Best Valid: 63.33%, Best Test: 55.77%
Epoch: 2500, Loss: 0.0034, Train: 55.77%, Valid: 57.78%, Test: 55.37%, Best Valid: 63.33%, Best Test: 55.77%
Run 07:
Highest Train: 61.17
Highest Valid: 63.33
Highest Test: 60.22
Chosen epoch: 1046
Final Train: 57.14
Final Test: 55.77
Label budget: 20/class -> 360 train nodes
Matched-budget validation: 360 valid nodes
Pre-training MLP for 500 epochs to generate co-occurrence matrix...
MLP pre-training complete. Penalty matrix frozen.
Epoch: 00, Loss: 4.4121, Train: 5.37%, Valid: 5.00%, Test: 5.49%, Best Valid: 5.00%, Best Test: 5.49%
Switching Polynormer to global attention phase.
Epoch: 100, Loss: 3.4870, Train: 1.68%, Valid: 6.11%, Test: 1.59%, Best Valid: 58.33%, Best Test: 54.73%
Epoch: 200, Loss: 0.0526, Train: 54.09%, Valid: 56.67%, Test: 53.32%, Best Valid: 60.28%, Best Test: 54.78%
Epoch: 300, Loss: 0.0371, Train: 55.82%, Valid: 59.17%, Test: 54.84%, Best Valid: 60.28%, Best Test: 54.78%
Epoch: 400, Loss: 0.0370, Train: 54.43%, Valid: 56.39%, Test: 53.55%, Best Valid: 60.28%, Best Test: 54.78%
Epoch: 500, Loss: 0.0104, Train: 53.72%, Valid: 55.00%, Test: 52.26%, Best Valid: 60.28%, Best Test: 54.78%
Epoch: 600, Loss: 0.0008, Train: 56.26%, Valid: 60.56%, Test: 55.42%, Best Valid: 60.56%, Best Test: 55.42%
Epoch: 700, Loss: 0.0004, Train: 56.72%, Valid: 58.89%, Test: 55.89%, Best Valid: 62.22%, Best Test: 55.77%
Epoch: 800, Loss: 0.0129, Train: 54.85%, Valid: 61.39%, Test: 54.82%, Best Valid: 62.22%, Best Test: 55.77%
Epoch: 900, Loss: 0.0073, Train: 53.47%, Valid: 58.89%, Test: 52.68%, Best Valid: 62.22%, Best Test: 55.77%
Epoch: 1000, Loss: 0.0066, Train: 54.44%, Valid: 56.94%, Test: 53.90%, Best Valid: 62.22%, Best Test: 55.77%
Epoch: 1100, Loss: 0.0004, Train: 54.75%, Valid: 60.56%, Test: 54.17%, Best Valid: 62.22%, Best Test: 55.77%
Epoch: 1200, Loss: 0.0163, Train: 54.29%, Valid: 57.50%, Test: 53.72%, Best Valid: 62.22%, Best Test: 55.77%
Epoch: 1300, Loss: 0.0080, Train: 55.09%, Valid: 58.33%, Test: 53.18%, Best Valid: 62.22%, Best Test: 55.77%
Epoch: 1400, Loss: 0.0615, Train: 56.99%, Valid: 57.22%, Test: 55.54%, Best Valid: 62.22%, Best Test: 55.77%
Epoch: 1500, Loss: 0.0017, Train: 52.05%, Valid: 57.78%, Test: 50.55%, Best Valid: 62.22%, Best Test: 55.77%
Epoch: 1600, Loss: 0.0161, Train: 55.44%, Valid: 58.06%, Test: 54.04%, Best Valid: 62.22%, Best Test: 55.77%
Epoch: 1700, Loss: 0.0531, Train: 54.20%, Valid: 60.56%, Test: 53.09%, Best Valid: 62.22%, Best Test: 55.77%
Epoch: 1800, Loss: 0.0005, Train: 55.17%, Valid: 59.72%, Test: 53.71%, Best Valid: 62.22%, Best Test: 55.77%
Epoch: 1900, Loss: 0.0003, Train: 54.31%, Valid: 59.17%, Test: 52.88%, Best Valid: 62.22%, Best Test: 55.77%
Epoch: 2000, Loss: 0.0004, Train: 55.49%, Valid: 56.39%, Test: 54.38%, Best Valid: 62.22%, Best Test: 55.77%
Epoch: 2100, Loss: 0.0019, Train: 55.91%, Valid: 57.78%, Test: 54.15%, Best Valid: 63.06%, Best Test: 53.14%
Epoch: 2200, Loss: 0.0090, Train: 54.99%, Valid: 58.06%, Test: 53.94%, Best Valid: 63.06%, Best Test: 53.14%
Epoch: 2300, Loss: 0.0860, Train: 53.34%, Valid: 57.78%, Test: 52.65%, Best Valid: 63.06%, Best Test: 53.14%
Epoch: 2400, Loss: 0.0000, Train: 55.31%, Valid: 56.94%, Test: 53.79%, Best Valid: 63.06%, Best Test: 53.14%
Epoch: 2500, Loss: 0.0027, Train: 55.24%, Valid: 55.56%, Test: 54.43%, Best Valid: 63.06%, Best Test: 53.14%
Run 08:
Highest Train: 58.49
Highest Valid: 63.06
Highest Test: 57.20
Chosen epoch: 2069
Final Train: 54.24
Final Test: 53.14
Label budget: 20/class -> 360 train nodes
Matched-budget validation: 360 valid nodes
Pre-training MLP for 500 epochs to generate co-occurrence matrix...
MLP pre-training complete. Penalty matrix frozen.
Epoch: 00, Loss: 4.1381, Train: 6.05%, Valid: 4.72%, Test: 6.23%, Best Valid: 4.72%, Best Test: 6.23%
Switching Polynormer to global attention phase.
Epoch: 100, Loss: 3.4917, Train: 6.00%, Valid: 5.56%, Test: 6.00%, Best Valid: 60.56%, Best Test: 53.79%
Epoch: 200, Loss: 0.1108, Train: 55.31%, Valid: 56.11%, Test: 54.38%, Best Valid: 60.56%, Best Test: 53.79%
Epoch: 300, Loss: 0.0496, Train: 57.28%, Valid: 59.44%, Test: 55.84%, Best Valid: 60.56%, Best Test: 53.79%
Epoch: 400, Loss: 0.0113, Train: 53.51%, Valid: 56.39%, Test: 51.80%, Best Valid: 60.56%, Best Test: 53.79%
Epoch: 500, Loss: 0.0081, Train: 54.72%, Valid: 57.22%, Test: 52.58%, Best Valid: 60.56%, Best Test: 53.79%
Epoch: 600, Loss: 0.0056, Train: 55.27%, Valid: 55.56%, Test: 53.87%, Best Valid: 60.56%, Best Test: 53.79%
Epoch: 700, Loss: 0.0121, Train: 54.41%, Valid: 55.56%, Test: 53.53%, Best Valid: 60.56%, Best Test: 53.79%
Epoch: 800, Loss: 0.0118, Train: 55.11%, Valid: 55.28%, Test: 54.04%, Best Valid: 60.56%, Best Test: 53.79%
Epoch: 900, Loss: 0.0317, Train: 55.01%, Valid: 55.28%, Test: 53.78%, Best Valid: 60.56%, Best Test: 53.79%
Epoch: 1000, Loss: 0.0193, Train: 54.29%, Valid: 57.22%, Test: 53.18%, Best Valid: 60.56%, Best Test: 53.79%
Epoch: 1100, Loss: 0.0200, Train: 53.51%, Valid: 54.17%, Test: 52.49%, Best Valid: 60.56%, Best Test: 53.79%
Epoch: 1200, Loss: 0.0207, Train: 56.25%, Valid: 58.33%, Test: 54.50%, Best Valid: 60.56%, Best Test: 53.79%
Epoch: 1300, Loss: 0.0365, Train: 56.41%, Valid: 56.67%, Test: 55.08%, Best Valid: 60.56%, Best Test: 53.79%
Epoch: 1400, Loss: 0.0024, Train: 54.28%, Valid: 59.72%, Test: 53.25%, Best Valid: 60.56%, Best Test: 53.79%
Epoch: 1500, Loss: 0.0103, Train: 55.30%, Valid: 56.94%, Test: 53.92%, Best Valid: 60.56%, Best Test: 53.79%
Epoch: 1600, Loss: 0.0005, Train: 55.00%, Valid: 57.78%, Test: 53.97%, Best Valid: 60.56%, Best Test: 53.79%
Epoch: 1700, Loss: 0.0012, Train: 54.45%, Valid: 58.06%, Test: 52.97%, Best Valid: 60.56%, Best Test: 53.79%
Epoch: 1800, Loss: 0.0009, Train: 56.35%, Valid: 57.78%, Test: 55.65%, Best Valid: 60.56%, Best Test: 53.79%
Epoch: 1900, Loss: 0.0004, Train: 54.92%, Valid: 58.06%, Test: 53.83%, Best Valid: 60.56%, Best Test: 53.79%
Epoch: 2000, Loss: 0.0008, Train: 53.01%, Valid: 58.06%, Test: 51.68%, Best Valid: 60.56%, Best Test: 53.79%
Epoch: 2100, Loss: 0.1052, Train: 54.58%, Valid: 58.61%, Test: 53.51%, Best Valid: 60.56%, Best Test: 53.79%
Epoch: 2200, Loss: 0.0167, Train: 53.96%, Valid: 55.28%, Test: 53.05%, Best Valid: 60.56%, Best Test: 53.79%
Epoch: 2300, Loss: 0.0335, Train: 54.28%, Valid: 53.89%, Test: 52.22%, Best Valid: 60.56%, Best Test: 53.79%
Epoch: 2400, Loss: 0.0008, Train: 55.16%, Valid: 58.61%, Test: 53.74%, Best Valid: 60.56%, Best Test: 53.79%
Epoch: 2500, Loss: 0.0008, Train: 57.36%, Valid: 58.06%, Test: 56.32%, Best Valid: 60.56%, Best Test: 53.79%
Run 09:
Highest Train: 58.22
Highest Valid: 60.56
Highest Test: 57.09
Chosen epoch: 76
Final Train: 55.56
Final Test: 53.79
Label budget: 20/class -> 360 train nodes
Matched-budget validation: 360 valid nodes
Pre-training MLP for 500 epochs to generate co-occurrence matrix...
MLP pre-training complete. Penalty matrix frozen.
Epoch: 00, Loss: 4.3471, Train: 8.80%, Valid: 7.22%, Test: 8.65%, Best Valid: 7.22%, Best Test: 8.65%
Switching Polynormer to global attention phase.
Epoch: 100, Loss: 3.4893, Train: 14.54%, Valid: 8.06%, Test: 14.60%, Best Valid: 58.33%, Best Test: 54.64%
Epoch: 200, Loss: 0.0516, Train: 54.07%, Valid: 54.17%, Test: 52.33%, Best Valid: 58.33%, Best Test: 54.64%
Epoch: 300, Loss: 0.0226, Train: 54.46%, Valid: 51.11%, Test: 52.79%, Best Valid: 58.33%, Best Test: 54.64%
Epoch: 400, Loss: 0.0604, Train: 53.53%, Valid: 53.06%, Test: 52.21%, Best Valid: 58.33%, Best Test: 54.64%
Epoch: 500, Loss: 0.0130, Train: 53.61%, Valid: 53.89%, Test: 51.50%, Best Valid: 58.33%, Best Test: 54.64%
Epoch: 600, Loss: 0.0163, Train: 51.20%, Valid: 49.72%, Test: 49.35%, Best Valid: 58.33%, Best Test: 54.64%
Epoch: 700, Loss: 0.0081, Train: 52.09%, Valid: 50.00%, Test: 49.88%, Best Valid: 58.33%, Best Test: 54.64%
Epoch: 800, Loss: 0.0025, Train: 51.43%, Valid: 51.67%, Test: 49.98%, Best Valid: 58.33%, Best Test: 54.64%
Epoch: 900, Loss: 0.0376, Train: 52.89%, Valid: 51.11%, Test: 51.16%, Best Valid: 58.33%, Best Test: 54.64%
Epoch: 1000, Loss: 0.0028, Train: 53.58%, Valid: 53.61%, Test: 51.78%, Best Valid: 58.33%, Best Test: 54.64%
Epoch: 1100, Loss: 0.0716, Train: 53.08%, Valid: 52.22%, Test: 51.55%, Best Valid: 58.33%, Best Test: 54.64%
Epoch: 1200, Loss: 0.0089, Train: 53.27%, Valid: 51.94%, Test: 51.25%, Best Valid: 58.33%, Best Test: 54.64%
Epoch: 1300, Loss: 0.0384, Train: 52.11%, Valid: 55.00%, Test: 50.58%, Best Valid: 58.33%, Best Test: 54.64%
Epoch: 1400, Loss: 0.0079, Train: 54.24%, Valid: 52.78%, Test: 53.19%, Best Valid: 58.33%, Best Test: 54.64%
Epoch: 1500, Loss: 0.0010, Train: 53.35%, Valid: 54.44%, Test: 51.11%, Best Valid: 58.33%, Best Test: 54.64%
Epoch: 1600, Loss: 0.0104, Train: 53.88%, Valid: 53.33%, Test: 52.03%, Best Valid: 58.33%, Best Test: 54.64%
Epoch: 1700, Loss: 0.0064, Train: 57.72%, Valid: 53.06%, Test: 56.16%, Best Valid: 58.33%, Best Test: 54.64%
Epoch: 1800, Loss: 0.0597, Train: 56.65%, Valid: 53.61%, Test: 54.68%, Best Valid: 58.33%, Best Test: 54.64%
Epoch: 1900, Loss: 0.0009, Train: 55.87%, Valid: 55.83%, Test: 53.90%, Best Valid: 58.33%, Best Test: 54.64%
Epoch: 2000, Loss: 0.0194, Train: 53.90%, Valid: 53.33%, Test: 52.03%, Best Valid: 58.33%, Best Test: 54.64%
Epoch: 2100, Loss: 0.0122, Train: 55.32%, Valid: 53.89%, Test: 54.13%, Best Valid: 58.33%, Best Test: 54.64%
Epoch: 2200, Loss: 0.0003, Train: 55.04%, Valid: 55.56%, Test: 53.53%, Best Valid: 58.33%, Best Test: 54.64%
Epoch: 2300, Loss: 0.0017, Train: 53.56%, Valid: 56.11%, Test: 51.71%, Best Valid: 58.33%, Best Test: 54.64%
Epoch: 2400, Loss: 0.0016, Train: 51.28%, Valid: 53.06%, Test: 49.96%, Best Valid: 58.33%, Best Test: 54.64%
Epoch: 2500, Loss: 0.0046, Train: 55.59%, Valid: 54.72%, Test: 54.68%, Best Valid: 58.33%, Best Test: 54.64%
Run 10:
Highest Train: 58.57
Highest Valid: 58.33
Highest Test: 57.11
Chosen epoch: 98
Final Train: 56.06
Final Test: 54.64
All runs:
Highest Train: 58.82 ± 1.50
Highest Test: 57.64 ± 1.38
Highest Valid: 60.67 ± 1.88
  Final Train: 56.12 ± 1.78
   Final Test: 54.82 ± 1.77
Saving results to ../results/lowlabel_mv/roman-empire/polynormer.csv
--- mlp_reg | lambda=0.4 ---
