Sun Aug 16 06:20:30 2026       
+-----------------------------------------------------------------------------------------+
| NVIDIA-SMI 580.159.04             Driver Version: 580.159.04     CUDA Version: 13.0     |
+-----------------------------------------+------------------------+----------------------+
| GPU  Name                 Persistence-M | Bus-Id          Disp.A | Volatile Uncorr. ECC |
| Fan  Temp   Perf          Pwr:Usage/Cap |           Memory-Usage | GPU-Util  Compute M. |
|                                         |                        |               MIG M. |
|=========================================+========================+======================|
|   0  NVIDIA A100-SXM4-80GB          On  |   00000000:01:00.0 Off |                   On |
| N/A   51C    P0            215W /  500W |   48558MiB /  81920MiB |     N/A      Default |
|                                         |                        |              Enabled |
+-----------------------------------------+------------------------+----------------------+
|   1  NVIDIA A100-SXM4-80GB          On  |   00000000:41:00.0 Off |                   On |
| N/A   54C    P0            276W /  500W |   42571MiB /  81920MiB |     N/A      Default |
|                                         |                        |              Enabled |
+-----------------------------------------+------------------------+----------------------+
|   2  NVIDIA A100-SXM4-80GB          On  |   00000000:81:00.0 Off |                   On |
| N/A   63C    P0            291W /  500W |   49687MiB /  81920MiB |     N/A      Default |
|                                         |                        |              Enabled |
+-----------------------------------------+------------------------+----------------------+
|   3  NVIDIA A100-SXM4-80GB          On  |   00000000:C1:00.0 Off |                   On |
| N/A   38C    P0            165W /  500W |   12558MiB /  81920MiB |     N/A      Default |
|                                         |                        |              Enabled |
+-----------------------------------------+------------------------+----------------------+

+-----------------------------------------------------------------------------------------+
| MIG devices:                                                                            |
+------------------+----------------------------------+-----------+-----------------------+
| GPU  GI  CI  MIG |              Shared Memory-Usage |        Vol|        Shared         |
|      ID  ID  Dev |                Shared BAR1-Usage | SM     Unc| CE ENC  DEC  OFA  JPG |
|                  |                                  |        ECC|                       |
|==================+==================================+===========+=======================|
|  0    5   0   0  |              71MiB / 19968MiB    | 28      0 |  2   0    1    0    0 |
|                  |               0MiB / 12271MiB    |           |                       |
+------------------+----------------------------------+-----------+-----------------------+

+-----------------------------------------------------------------------------------------+
| Processes:                                                                              |
|  GPU   GI   CI              PID   Type   Process name                        GPU Memory |
|        ID   ID                                                               Usage      |
|=========================================================================================|
|    1   14    0          1429845      C   ...ware/symmetrix-env/bin/python        508MiB |
|    1   13    0          1429846      C   ...ware/symmetrix-env/bin/python        488MiB |
|    1    1    0          2588500      C   python                                37098MiB |
|    1    5    0          2740141      C   python                                 4134MiB |
|    2    9    0          1429844      C   ...ware/symmetrix-env/bin/python        508MiB |
|    2   10    0          1429847      C   ...ware/symmetrix-env/bin/python        508MiB |
|    2    2    0          2588498      C   python                                37100MiB |
|    2    3    0          2735051      C   python                                11228MiB |
|    3   13    0          1429848      C   ...ware/symmetrix-env/bin/python        508MiB |
|    3   14    0          1429849      C   ...ware/symmetrix-env/bin/python        508MiB |
|    3    5    0          2735058      C   python                                11270MiB |
+-----------------------------------------------------------------------------------------+
Matched-val cell: coauthor-cs / gcn / budget 2 per class / group 0
python main.py --gnn gcn --dataset coauthor-cs --hidden_channels 512 --epochs 1500 --lr 0.001 --runs 3 --local_layers 2 --weight_decay 5e-4 --dropout 0.3 --device 0 --ln --res --runs 10 --train_per_class 2 --valid_per_class 2 --budget_tag 2
==========================================================
Low-label sweep: python main.py --gnn gcn --dataset coauthor-cs --hidden_channels 512 --epochs 1500 --lr 0.001 --runs 3 --local_layers 2 --weight_decay 5e-4 --dropout 0.3 --device 0 --ln --res --runs 10 --train_per_class 2 --valid_per_class 2 --budget_tag 2
result_dir=results/lowlabel_mv conditions=[baseline]
==========================================================
--- baseline ---
Namespace(bn=False, budget_tag='2', count_reg=False, count_smoothing=1.0, cpu=False, data_dir='./data/', dataset='coauthor-cs', device=0, display_step=100, dropout=0.3, epochs=1500, gnn='gcn', hidden_channels=512, jk=False, label_num_per_class=20, lambda_val=0.5, ln=True, local_layers=2, lr=0.001, metric='acc', mlp_epochs=500, mlp_reg=False, model='MPNN', model_dir='models', num_heads=1, oracle_reg=False, paired_seeds=True, penalty_transform='none', pre_linear=False, pre_ln=False, rand_split=False, rand_split_class=False, reg_start_epoch=10, reg_update_freq=5, res=True, resample_split_per_run=False, result_dir='results/lowlabel_mv', runs=10, save_model=False, seed=42, test_num=1000, train_per_class=2, train_prop=0.5, use_reg=False, valid_num=500, valid_per_class=2, valid_prop=0.25, weight_decay=0.0005)
coauthor-cs
dataset coauthor-cs | num nodes 18333 | num edge 163788 | num node feats 6805 | num classes 15
MODEL: MPNNs(
  (h_lins): ModuleList()
  (local_convs): ModuleList(
    (0): GCNConv(6805, 512)
    (1): GCNConv(512, 512)
  )
  (lins): ModuleList(
    (0): Linear(in_features=6805, out_features=512, bias=True)
    (1): Linear(in_features=512, out_features=512, bias=True)
  )
  (lns): ModuleList(
    (0): LayerNorm((512,), eps=1e-05, elementwise_affine=True)
    (1): LayerNorm((512,), eps=1e-05, elementwise_affine=True)
  )
  (bns): ModuleList(
    (0): BatchNorm1d(512, eps=1e-05, momentum=0.1, affine=True, track_running_stats=True)
    (1): BatchNorm1d(512, eps=1e-05, momentum=0.1, affine=True, track_running_stats=True)
  )
  (lin_in): Linear(in_features=6805, out_features=512, bias=True)
  (pred_local): Linear(in_features=512, out_features=15, bias=True)
)
Label budget: 2/class -> 30 train nodes
Matched-budget validation: 30 valid nodes
Epoch: 00, Loss: 2.7292, Train: 25.86%, Valid: 30.00%, Test: 25.44%, Best Valid: 30.00%, Best Test: 25.44%
Epoch: 100, Loss: 0.0017, Train: 84.43%, Valid: 83.33%, Test: 84.73%, Best Valid: 83.33%, Best Test: 76.28%
Epoch: 200, Loss: 0.0018, Train: 84.11%, Valid: 83.33%, Test: 83.21%, Best Valid: 83.33%, Best Test: 76.28%
Epoch: 300, Loss: 0.0014, Train: 83.43%, Valid: 83.33%, Test: 82.31%, Best Valid: 83.33%, Best Test: 76.28%
Epoch: 400, Loss: 0.0012, Train: 83.53%, Valid: 80.00%, Test: 82.17%, Best Valid: 83.33%, Best Test: 76.28%
Epoch: 500, Loss: 0.0013, Train: 83.33%, Valid: 83.33%, Test: 82.47%, Best Valid: 86.67%, Best Test: 83.26%
Epoch: 600, Loss: 0.0017, Train: 83.16%, Valid: 80.00%, Test: 82.50%, Best Valid: 86.67%, Best Test: 83.26%
Epoch: 700, Loss: 0.0016, Train: 84.78%, Valid: 83.33%, Test: 83.64%, Best Valid: 86.67%, Best Test: 83.26%
Epoch: 800, Loss: 0.0016, Train: 83.73%, Valid: 83.33%, Test: 82.63%, Best Valid: 86.67%, Best Test: 83.26%
Epoch: 900, Loss: 0.0023, Train: 81.76%, Valid: 83.33%, Test: 80.53%, Best Valid: 86.67%, Best Test: 83.26%
Epoch: 1000, Loss: 0.0013, Train: 82.20%, Valid: 83.33%, Test: 81.11%, Best Valid: 86.67%, Best Test: 83.26%
Epoch: 1100, Loss: 0.0019, Train: 84.47%, Valid: 80.00%, Test: 84.27%, Best Valid: 86.67%, Best Test: 83.26%
Epoch: 1200, Loss: 0.0016, Train: 82.23%, Valid: 80.00%, Test: 81.13%, Best Valid: 86.67%, Best Test: 83.26%
Epoch: 1300, Loss: 0.0039, Train: 83.53%, Valid: 83.33%, Test: 82.17%, Best Valid: 86.67%, Best Test: 83.26%
Epoch: 1400, Loss: 0.0017, Train: 80.49%, Valid: 70.00%, Test: 79.72%, Best Valid: 86.67%, Best Test: 83.26%
Run 01:
Highest Train: 85.84
Highest Valid: 86.67
Highest Test: 86.26
Chosen epoch: 451
Final Train: 83.79
Final Test: 83.26
Label budget: 2/class -> 30 train nodes
Matched-budget validation: 30 valid nodes
Epoch: 00, Loss: 2.8444, Train: 29.53%, Valid: 23.33%, Test: 29.83%, Best Valid: 23.33%, Best Test: 29.83%
Epoch: 100, Loss: 0.0026, Train: 85.92%, Valid: 96.67%, Test: 85.69%, Best Valid: 96.67%, Best Test: 84.95%
Epoch: 200, Loss: 0.0013, Train: 85.17%, Valid: 96.67%, Test: 85.09%, Best Valid: 96.67%, Best Test: 84.95%
Epoch: 300, Loss: 0.0014, Train: 84.69%, Valid: 86.67%, Test: 84.57%, Best Valid: 96.67%, Best Test: 84.95%
Epoch: 400, Loss: 0.0011, Train: 83.00%, Valid: 83.33%, Test: 83.42%, Best Valid: 96.67%, Best Test: 84.95%
Epoch: 500, Loss: 0.0012, Train: 82.93%, Valid: 83.33%, Test: 83.04%, Best Valid: 96.67%, Best Test: 84.95%
Epoch: 600, Loss: 0.0014, Train: 82.05%, Valid: 86.67%, Test: 81.82%, Best Valid: 96.67%, Best Test: 84.95%
Epoch: 700, Loss: 0.0018, Train: 78.82%, Valid: 76.67%, Test: 78.44%, Best Valid: 96.67%, Best Test: 84.95%
Epoch: 800, Loss: 0.0011, Train: 80.31%, Valid: 83.33%, Test: 80.43%, Best Valid: 96.67%, Best Test: 84.95%
Epoch: 900, Loss: 0.0017, Train: 79.53%, Valid: 76.67%, Test: 79.77%, Best Valid: 96.67%, Best Test: 84.95%
Epoch: 1000, Loss: 0.0015, Train: 78.10%, Valid: 73.33%, Test: 78.16%, Best Valid: 96.67%, Best Test: 84.95%
Epoch: 1100, Loss: 0.0009, Train: 75.54%, Valid: 70.00%, Test: 75.85%, Best Valid: 96.67%, Best Test: 84.95%
Epoch: 1200, Loss: 0.0019, Train: 75.23%, Valid: 76.67%, Test: 75.19%, Best Valid: 96.67%, Best Test: 84.95%
Epoch: 1300, Loss: 0.0017, Train: 73.86%, Valid: 66.67%, Test: 74.37%, Best Valid: 96.67%, Best Test: 84.95%
Epoch: 1400, Loss: 0.0022, Train: 75.97%, Valid: 73.33%, Test: 76.36%, Best Valid: 96.67%, Best Test: 84.95%
Run 02:
Highest Train: 85.97
Highest Valid: 96.67
Highest Test: 85.74
Chosen epoch: 54
Final Train: 84.60
Final Test: 84.95
Label budget: 2/class -> 30 train nodes
Matched-budget validation: 30 valid nodes
Epoch: 00, Loss: 2.8289, Train: 12.78%, Valid: 16.67%, Test: 13.50%, Best Valid: 16.67%, Best Test: 13.50%
Epoch: 100, Loss: 0.0027, Train: 80.73%, Valid: 80.00%, Test: 81.05%, Best Valid: 90.00%, Best Test: 80.92%
Epoch: 200, Loss: 0.0015, Train: 79.66%, Valid: 76.67%, Test: 79.31%, Best Valid: 90.00%, Best Test: 80.92%
Epoch: 300, Loss: 0.0014, Train: 78.58%, Valid: 80.00%, Test: 78.33%, Best Valid: 90.00%, Best Test: 80.92%
Epoch: 400, Loss: 0.0013, Train: 76.83%, Valid: 80.00%, Test: 76.85%, Best Valid: 90.00%, Best Test: 80.92%
Epoch: 500, Loss: 0.0012, Train: 75.72%, Valid: 80.00%, Test: 75.33%, Best Valid: 90.00%, Best Test: 80.92%
Epoch: 600, Loss: 0.0017, Train: 72.72%, Valid: 80.00%, Test: 72.41%, Best Valid: 90.00%, Best Test: 80.92%
Epoch: 700, Loss: 0.0016, Train: 73.81%, Valid: 83.33%, Test: 73.58%, Best Valid: 90.00%, Best Test: 80.92%
Epoch: 800, Loss: 0.0028, Train: 71.38%, Valid: 76.67%, Test: 71.26%, Best Valid: 90.00%, Best Test: 80.92%
Epoch: 900, Loss: 0.0031, Train: 73.14%, Valid: 73.33%, Test: 72.60%, Best Valid: 90.00%, Best Test: 80.92%
Epoch: 1000, Loss: 0.0019, Train: 73.07%, Valid: 80.00%, Test: 74.48%, Best Valid: 90.00%, Best Test: 80.92%
Epoch: 1100, Loss: 0.0032, Train: 73.43%, Valid: 70.00%, Test: 72.90%, Best Valid: 90.00%, Best Test: 80.92%
Epoch: 1200, Loss: 0.0021, Train: 72.97%, Valid: 76.67%, Test: 73.06%, Best Valid: 90.00%, Best Test: 80.92%
Epoch: 1300, Loss: 0.0015, Train: 70.32%, Valid: 63.33%, Test: 70.04%, Best Valid: 90.00%, Best Test: 80.92%
Epoch: 1400, Loss: 0.0034, Train: 69.70%, Valid: 70.00%, Test: 69.25%, Best Valid: 90.00%, Best Test: 80.92%
Run 03:
Highest Train: 84.78
Highest Valid: 90.00
Highest Test: 85.20
Chosen epoch: 81
Final Train: 80.34
Final Test: 80.92
Label budget: 2/class -> 30 train nodes
Matched-budget validation: 30 valid nodes
Epoch: 00, Loss: 2.8334, Train: 12.63%, Valid: 16.67%, Test: 13.69%, Best Valid: 16.67%, Best Test: 13.69%
Epoch: 100, Loss: 0.0021, Train: 82.37%, Valid: 86.67%, Test: 83.86%, Best Valid: 86.67%, Best Test: 83.56%
Epoch: 200, Loss: 0.0016, Train: 82.32%, Valid: 86.67%, Test: 83.40%, Best Valid: 86.67%, Best Test: 83.56%
Epoch: 300, Loss: 0.0016, Train: 81.83%, Valid: 86.67%, Test: 82.61%, Best Valid: 86.67%, Best Test: 83.56%
Epoch: 400, Loss: 0.0015, Train: 81.92%, Valid: 86.67%, Test: 82.91%, Best Valid: 93.33%, Best Test: 84.13%
Epoch: 500, Loss: 0.0013, Train: 81.04%, Valid: 86.67%, Test: 82.22%, Best Valid: 93.33%, Best Test: 84.13%
Epoch: 600, Loss: 0.0012, Train: 80.75%, Valid: 83.33%, Test: 82.06%, Best Valid: 93.33%, Best Test: 84.13%
Epoch: 700, Loss: 0.0021, Train: 78.75%, Valid: 83.33%, Test: 80.67%, Best Valid: 93.33%, Best Test: 84.13%
Epoch: 800, Loss: 0.0020, Train: 80.05%, Valid: 90.00%, Test: 81.62%, Best Valid: 93.33%, Best Test: 84.13%
Epoch: 900, Loss: 0.0015, Train: 77.25%, Valid: 86.67%, Test: 78.71%, Best Valid: 93.33%, Best Test: 84.13%
Epoch: 1000, Loss: 0.0017, Train: 75.67%, Valid: 86.67%, Test: 76.83%, Best Valid: 93.33%, Best Test: 84.13%
Epoch: 1100, Loss: 0.0015, Train: 78.26%, Valid: 86.67%, Test: 79.06%, Best Valid: 93.33%, Best Test: 84.13%
Epoch: 1200, Loss: 0.0014, Train: 76.99%, Valid: 80.00%, Test: 77.84%, Best Valid: 93.33%, Best Test: 84.13%
Epoch: 1300, Loss: 0.0016, Train: 74.77%, Valid: 86.67%, Test: 75.82%, Best Valid: 93.33%, Best Test: 84.13%
Epoch: 1400, Loss: 0.0011, Train: 75.80%, Valid: 80.00%, Test: 76.77%, Best Valid: 93.33%, Best Test: 84.13%
Run 04:
Highest Train: 83.14
Highest Valid: 93.33
Highest Test: 84.30
Chosen epoch: 363
Final Train: 82.83
Final Test: 84.13
Label budget: 2/class -> 30 train nodes
Matched-budget validation: 30 valid nodes
Epoch: 00, Loss: 2.8025, Train: 10.18%, Valid: 6.67%, Test: 8.89%, Best Valid: 6.67%, Best Test: 8.89%
Epoch: 100, Loss: 0.0020, Train: 79.53%, Valid: 93.33%, Test: 80.64%, Best Valid: 93.33%, Best Test: 80.73%
Epoch: 200, Loss: 0.0017, Train: 79.12%, Valid: 96.67%, Test: 80.07%, Best Valid: 96.67%, Best Test: 80.56%
Epoch: 300, Loss: 0.0017, Train: 78.23%, Valid: 93.33%, Test: 78.71%, Best Valid: 96.67%, Best Test: 80.56%
Epoch: 400, Loss: 0.0012, Train: 75.39%, Valid: 93.33%, Test: 75.63%, Best Valid: 96.67%, Best Test: 80.56%
Epoch: 500, Loss: 0.0017, Train: 76.07%, Valid: 90.00%, Test: 76.96%, Best Valid: 96.67%, Best Test: 80.56%
Epoch: 600, Loss: 0.0021, Train: 75.35%, Valid: 86.67%, Test: 76.34%, Best Valid: 96.67%, Best Test: 80.56%
Epoch: 700, Loss: 0.0022, Train: 75.45%, Valid: 86.67%, Test: 75.90%, Best Valid: 96.67%, Best Test: 80.56%
Epoch: 800, Loss: 0.0013, Train: 75.15%, Valid: 86.67%, Test: 75.25%, Best Valid: 96.67%, Best Test: 80.56%
Epoch: 900, Loss: 0.0017, Train: 67.20%, Valid: 83.33%, Test: 67.78%, Best Valid: 96.67%, Best Test: 80.56%
Epoch: 1000, Loss: 0.0030, Train: 68.13%, Valid: 80.00%, Test: 68.13%, Best Valid: 96.67%, Best Test: 80.56%
Epoch: 1100, Loss: 0.0016, Train: 74.22%, Valid: 86.67%, Test: 74.86%, Best Valid: 96.67%, Best Test: 80.56%
Epoch: 1200, Loss: 0.0011, Train: 67.14%, Valid: 86.67%, Test: 67.58%, Best Valid: 96.67%, Best Test: 80.56%
Epoch: 1300, Loss: 0.0013, Train: 68.29%, Valid: 86.67%, Test: 67.86%, Best Valid: 96.67%, Best Test: 80.56%
Epoch: 1400, Loss: 0.0022, Train: 64.46%, Valid: 80.00%, Test: 63.41%, Best Valid: 96.67%, Best Test: 80.56%
Run 05:
Highest Train: 80.43
Highest Valid: 96.67
Highest Test: 81.24
Chosen epoch: 113
Final Train: 79.71
Final Test: 80.56
Label budget: 2/class -> 30 train nodes
Matched-budget validation: 30 valid nodes
Epoch: 00, Loss: 2.7975, Train: 28.57%, Valid: 30.00%, Test: 27.21%, Best Valid: 30.00%, Best Test: 27.21%
Epoch: 100, Loss: 0.0023, Train: 84.88%, Valid: 83.33%, Test: 84.81%, Best Valid: 83.33%, Best Test: 78.44%
Epoch: 200, Loss: 0.0014, Train: 85.36%, Valid: 86.67%, Test: 85.11%, Best Valid: 86.67%, Best Test: 85.11%
Epoch: 300, Loss: 0.0020, Train: 84.29%, Valid: 83.33%, Test: 84.19%, Best Valid: 86.67%, Best Test: 85.11%
Epoch: 400, Loss: 0.0014, Train: 83.26%, Valid: 83.33%, Test: 83.26%, Best Valid: 86.67%, Best Test: 85.11%
Epoch: 500, Loss: 0.0020, Train: 82.63%, Valid: 83.33%, Test: 82.50%, Best Valid: 86.67%, Best Test: 85.11%
Epoch: 600, Loss: 0.0018, Train: 82.22%, Valid: 83.33%, Test: 81.76%, Best Valid: 86.67%, Best Test: 85.11%
Epoch: 700, Loss: 0.0020, Train: 81.23%, Valid: 86.67%, Test: 80.89%, Best Valid: 86.67%, Best Test: 85.11%
Epoch: 800, Loss: 0.0018, Train: 78.29%, Valid: 83.33%, Test: 78.57%, Best Valid: 86.67%, Best Test: 85.11%
Epoch: 900, Loss: 0.0024, Train: 78.93%, Valid: 83.33%, Test: 77.94%, Best Valid: 86.67%, Best Test: 85.11%
Epoch: 1000, Loss: 0.0020, Train: 74.52%, Valid: 80.00%, Test: 73.96%, Best Valid: 86.67%, Best Test: 85.11%
Epoch: 1100, Loss: 0.0019, Train: 78.46%, Valid: 76.67%, Test: 78.08%, Best Valid: 86.67%, Best Test: 85.11%
Epoch: 1200, Loss: 0.0018, Train: 79.43%, Valid: 80.00%, Test: 78.79%, Best Valid: 86.67%, Best Test: 85.11%
Epoch: 1300, Loss: 0.0013, Train: 81.41%, Valid: 83.33%, Test: 81.11%, Best Valid: 86.67%, Best Test: 85.11%
Epoch: 1400, Loss: 0.0015, Train: 64.85%, Valid: 66.67%, Test: 63.82%, Best Valid: 86.67%, Best Test: 85.11%
Run 06:
Highest Train: 85.42
Highest Valid: 86.67
Highest Test: 85.47
Chosen epoch: 200
Final Train: 85.36
Final Test: 85.11
Label budget: 2/class -> 30 train nodes
Matched-budget validation: 30 valid nodes
Epoch: 00, Loss: 2.7926, Train: 21.35%, Valid: 26.67%, Test: 22.03%, Best Valid: 26.67%, Best Test: 22.03%
Epoch: 100, Loss: 0.0024, Train: 87.47%, Valid: 86.67%, Test: 87.79%, Best Valid: 86.67%, Best Test: 84.68%
Epoch: 200, Loss: 0.0019, Train: 85.90%, Valid: 86.67%, Test: 86.53%, Best Valid: 86.67%, Best Test: 84.68%
Epoch: 300, Loss: 0.0017, Train: 84.49%, Valid: 86.67%, Test: 85.74%, Best Valid: 86.67%, Best Test: 84.68%
Epoch: 400, Loss: 0.0013, Train: 84.05%, Valid: 86.67%, Test: 84.92%, Best Valid: 86.67%, Best Test: 84.68%
Epoch: 500, Loss: 0.0015, Train: 83.63%, Valid: 86.67%, Test: 84.71%, Best Valid: 86.67%, Best Test: 84.68%
Epoch: 600, Loss: 0.0015, Train: 83.59%, Valid: 86.67%, Test: 84.87%, Best Valid: 86.67%, Best Test: 84.68%
Epoch: 700, Loss: 0.0018, Train: 85.04%, Valid: 86.67%, Test: 86.18%, Best Valid: 86.67%, Best Test: 84.68%
Epoch: 800, Loss: 0.0014, Train: 85.01%, Valid: 83.33%, Test: 85.47%, Best Valid: 86.67%, Best Test: 84.68%
Epoch: 900, Loss: 0.0025, Train: 85.31%, Valid: 83.33%, Test: 85.61%, Best Valid: 90.00%, Best Test: 86.15%
Epoch: 1000, Loss: 0.0038, Train: 84.92%, Valid: 83.33%, Test: 85.39%, Best Valid: 90.00%, Best Test: 86.15%
Epoch: 1100, Loss: 0.0019, Train: 85.04%, Valid: 83.33%, Test: 85.96%, Best Valid: 90.00%, Best Test: 86.15%
Epoch: 1200, Loss: 0.0012, Train: 84.35%, Valid: 83.33%, Test: 85.20%, Best Valid: 90.00%, Best Test: 86.15%
Epoch: 1300, Loss: 0.0018, Train: 82.73%, Valid: 80.00%, Test: 83.53%, Best Valid: 90.00%, Best Test: 86.15%
Epoch: 1400, Loss: 0.0016, Train: 83.31%, Valid: 83.33%, Test: 83.45%, Best Valid: 90.00%, Best Test: 86.15%
Run 07:
Highest Train: 87.62
Highest Valid: 90.00
Highest Test: 88.00
Chosen epoch: 850
Final Train: 85.22
Final Test: 86.15
Label budget: 2/class -> 30 train nodes
Matched-budget validation: 30 valid nodes
Epoch: 00, Loss: 2.8897, Train: 29.65%, Valid: 20.00%, Test: 29.50%, Best Valid: 20.00%, Best Test: 29.50%
Epoch: 100, Loss: 0.0032, Train: 81.02%, Valid: 83.33%, Test: 80.37%, Best Valid: 86.67%, Best Test: 81.24%
Epoch: 200, Loss: 0.0015, Train: 82.13%, Valid: 80.00%, Test: 81.76%, Best Valid: 86.67%, Best Test: 81.24%
Epoch: 300, Loss: 0.0014, Train: 82.71%, Valid: 80.00%, Test: 82.20%, Best Valid: 86.67%, Best Test: 81.24%
Epoch: 400, Loss: 0.0015, Train: 82.73%, Valid: 80.00%, Test: 82.17%, Best Valid: 86.67%, Best Test: 81.24%
Epoch: 500, Loss: 0.0012, Train: 81.68%, Valid: 80.00%, Test: 81.11%, Best Valid: 86.67%, Best Test: 81.24%
Epoch: 600, Loss: 0.0014, Train: 80.62%, Valid: 80.00%, Test: 80.15%, Best Valid: 86.67%, Best Test: 81.24%
Epoch: 700, Loss: 0.0020, Train: 80.97%, Valid: 76.67%, Test: 80.29%, Best Valid: 86.67%, Best Test: 81.24%
Epoch: 800, Loss: 0.0021, Train: 79.29%, Valid: 80.00%, Test: 78.84%, Best Valid: 86.67%, Best Test: 81.24%
Epoch: 900, Loss: 0.0032, Train: 74.62%, Valid: 70.00%, Test: 74.05%, Best Valid: 86.67%, Best Test: 81.24%
Epoch: 1000, Loss: 0.0030, Train: 80.33%, Valid: 80.00%, Test: 79.39%, Best Valid: 86.67%, Best Test: 81.24%
Epoch: 1100, Loss: 0.0020, Train: 77.84%, Valid: 76.67%, Test: 77.43%, Best Valid: 86.67%, Best Test: 81.24%
Epoch: 1200, Loss: 0.0013, Train: 79.53%, Valid: 73.33%, Test: 78.46%, Best Valid: 86.67%, Best Test: 81.24%
Epoch: 1300, Loss: 0.0020, Train: 79.43%, Valid: 73.33%, Test: 78.65%, Best Valid: 86.67%, Best Test: 81.24%
Epoch: 1400, Loss: 0.0017, Train: 82.13%, Valid: 80.00%, Test: 81.24%, Best Valid: 86.67%, Best Test: 81.24%
Run 08:
Highest Train: 83.71
Highest Valid: 86.67
Highest Test: 82.85
Chosen epoch: 11
Final Train: 82.27
Final Test: 81.24
Label budget: 2/class -> 30 train nodes
Matched-budget validation: 30 valid nodes
Epoch: 00, Loss: 2.7528, Train: 10.76%, Valid: 16.67%, Test: 10.91%, Best Valid: 16.67%, Best Test: 10.91%
Epoch: 100, Loss: 0.0021, Train: 89.05%, Valid: 90.00%, Test: 89.31%, Best Valid: 96.67%, Best Test: 87.62%
Epoch: 200, Loss: 0.0019, Train: 87.94%, Valid: 86.67%, Test: 88.39%, Best Valid: 96.67%, Best Test: 87.62%
Epoch: 300, Loss: 0.0011, Train: 86.68%, Valid: 86.67%, Test: 87.00%, Best Valid: 96.67%, Best Test: 87.62%
Epoch: 400, Loss: 0.0012, Train: 86.24%, Valid: 86.67%, Test: 86.91%, Best Valid: 96.67%, Best Test: 87.62%
Epoch: 500, Loss: 0.0015, Train: 85.46%, Valid: 83.33%, Test: 86.34%, Best Valid: 96.67%, Best Test: 87.62%
Epoch: 600, Loss: 0.0018, Train: 85.78%, Valid: 90.00%, Test: 86.97%, Best Valid: 96.67%, Best Test: 87.62%
Epoch: 700, Loss: 0.0022, Train: 85.55%, Valid: 86.67%, Test: 86.29%, Best Valid: 96.67%, Best Test: 87.62%
Epoch: 800, Loss: 0.0013, Train: 85.63%, Valid: 86.67%, Test: 86.15%, Best Valid: 96.67%, Best Test: 87.62%
Epoch: 900, Loss: 0.0026, Train: 84.85%, Valid: 83.33%, Test: 85.50%, Best Valid: 96.67%, Best Test: 87.62%
Epoch: 1000, Loss: 0.0011, Train: 84.91%, Valid: 86.67%, Test: 85.52%, Best Valid: 96.67%, Best Test: 87.62%
Epoch: 1100, Loss: 0.0023, Train: 83.99%, Valid: 83.33%, Test: 85.09%, Best Valid: 96.67%, Best Test: 87.62%
Epoch: 1200, Loss: 0.0020, Train: 84.47%, Valid: 83.33%, Test: 84.90%, Best Valid: 96.67%, Best Test: 87.62%
Epoch: 1300, Loss: 0.0015, Train: 84.08%, Valid: 86.67%, Test: 84.95%, Best Valid: 96.67%, Best Test: 87.62%
Epoch: 1400, Loss: 0.0019, Train: 77.16%, Valid: 76.67%, Test: 77.78%, Best Valid: 96.67%, Best Test: 87.62%
Run 09:
Highest Train: 89.18
Highest Valid: 96.67
Highest Test: 89.50
Chosen epoch: 11
Final Train: 86.51
Final Test: 87.62
Label budget: 2/class -> 30 train nodes
Matched-budget validation: 30 valid nodes
Epoch: 00, Loss: 2.9015, Train: 12.61%, Valid: 13.33%, Test: 11.64%, Best Valid: 13.33%, Best Test: 11.64%
Epoch: 100, Loss: 0.0024, Train: 81.67%, Valid: 86.67%, Test: 80.83%, Best Valid: 90.00%, Best Test: 81.13%
Epoch: 200, Loss: 0.0017, Train: 81.90%, Valid: 90.00%, Test: 81.35%, Best Valid: 90.00%, Best Test: 81.13%
Epoch: 300, Loss: 0.0022, Train: 81.91%, Valid: 90.00%, Test: 81.54%, Best Valid: 93.33%, Best Test: 81.49%
Epoch: 400, Loss: 0.0016, Train: 80.83%, Valid: 86.67%, Test: 80.56%, Best Valid: 93.33%, Best Test: 81.49%
Epoch: 500, Loss: 0.0015, Train: 79.99%, Valid: 86.67%, Test: 79.36%, Best Valid: 93.33%, Best Test: 81.49%
Epoch: 600, Loss: 0.0019, Train: 79.93%, Valid: 90.00%, Test: 79.69%, Best Valid: 93.33%, Best Test: 81.49%
Epoch: 700, Loss: 0.0022, Train: 79.91%, Valid: 86.67%, Test: 79.36%, Best Valid: 93.33%, Best Test: 81.49%
Epoch: 800, Loss: 0.0017, Train: 79.08%, Valid: 83.33%, Test: 78.30%, Best Valid: 93.33%, Best Test: 81.49%
Epoch: 900, Loss: 0.0013, Train: 78.53%, Valid: 83.33%, Test: 77.94%, Best Valid: 93.33%, Best Test: 81.49%
Epoch: 1000, Loss: 0.0019, Train: 77.84%, Valid: 86.67%, Test: 77.78%, Best Valid: 93.33%, Best Test: 81.49%
Epoch: 1100, Loss: 0.0010, Train: 75.13%, Valid: 83.33%, Test: 74.51%, Best Valid: 93.33%, Best Test: 81.49%
Epoch: 1200, Loss: 0.0027, Train: 76.35%, Valid: 80.00%, Test: 75.41%, Best Valid: 93.33%, Best Test: 81.49%
Epoch: 1300, Loss: 0.0019, Train: 75.94%, Valid: 83.33%, Test: 75.71%, Best Valid: 93.33%, Best Test: 81.49%
Epoch: 1400, Loss: 0.0045, Train: 75.14%, Valid: 80.00%, Test: 74.07%, Best Valid: 93.33%, Best Test: 81.49%
Run 10:
Highest Train: 82.79
Highest Valid: 93.33
Highest Test: 82.61
Chosen epoch: 262
Final Train: 81.63
Final Test: 81.49
All runs:
Highest Train: 84.89 ± 2.52
Highest Test: 85.12 ± 2.51
Highest Valid: 91.67 ± 4.23
  Final Train: 83.23 ± 2.26
   Final Test: 83.54 ± 2.44
Saving results to results/lowlabel_mv/coauthor-cs/MPNN_gcn.csv
Low-label sweep completed.
Task 32 done.
