Tue Sep  1 22:59:02 2026       
+-----------------------------------------------------------------------------------------+
| NVIDIA-SMI 580.159.04             Driver Version: 580.159.04     CUDA Version: 13.0     |
+-----------------------------------------+------------------------+----------------------+
| GPU  Name                 Persistence-M | Bus-Id          Disp.A | Volatile Uncorr. ECC |
| Fan  Temp   Perf          Pwr:Usage/Cap |           Memory-Usage | GPU-Util  Compute M. |
|                                         |                        |               MIG M. |
|=========================================+========================+======================|
|   0  NVIDIA A100-SXM4-80GB          On  |   00000000:01:00.0 Off |                   On |
| N/A   41C    P0            196W /  500W |   19796MiB /  81920MiB |     N/A      Default |
|                                         |                        |              Enabled |
+-----------------------------------------+------------------------+----------------------+
|   1  NVIDIA A100-SXM4-80GB          On  |   00000000:41:00.0 Off |                   On |
| N/A   29C    P0             64W /  500W |     835MiB /  81920MiB |     N/A      Default |
|                                         |                        |              Enabled |
+-----------------------------------------+------------------------+----------------------+
|   2  NVIDIA A100-SXM4-80GB          On  |   00000000:81:00.0 Off |                   On |
| N/A   36C    P0            108W /  500W |    4543MiB /  81920MiB |     N/A      Default |
|                                         |                        |              Enabled |
+-----------------------------------------+------------------------+----------------------+
|   3  NVIDIA A100-SXM4-80GB          On  |   00000000:C1:00.0 Off |                   On |
| N/A   29C    P0             52W /  500W |     249MiB /  81920MiB |     N/A      Default |
|                                         |                        |              Enabled |
+-----------------------------------------+------------------------+----------------------+

+-----------------------------------------------------------------------------------------+
| MIG devices:                                                                            |
+------------------+----------------------------------+-----------+-----------------------+
| GPU  GI  CI  MIG |              Shared Memory-Usage |        Vol|        Shared         |
|      ID  ID  Dev |                Shared BAR1-Usage | SM     Unc| CE ENC  DEC  OFA  JPG |
|                  |                                  |        ECC|                       |
|==================+==================================+===========+=======================|
|  3    5   0   0  |              71MiB / 19968MiB    | 28      0 |  2   0    1    0    0 |
|                  |               0MiB / 12271MiB    |           |                       |
+------------------+----------------------------------+-----------+-----------------------+

+-----------------------------------------------------------------------------------------+
| Processes:                                                                              |
|  GPU   GI   CI              PID   Type   Process name                        GPU Memory |
|        ID   ID                                                               Usage      |
|=========================================================================================|
|    0    5    0            43149      C   ...yground/CAST/.venv/bin/python       4286MiB |
|    0    1    0            44401      C   python3                               15244MiB |
|    1    5    0            46784      C   ...yground/CAST/.venv/bin/python        796MiB |
|    2    3    0            43967      C   ...yground/CAST/.venv/bin/python       4286MiB |
+-----------------------------------------------------------------------------------------+
Control cell: cora / gcn / budget 10 per class / homophily -> results/lowlabel
python main.py --gnn gcn --dataset cora --lr 0.001 --local_layers 3  --hidden_channels 512 --weight_decay 5e-4 --dropout 0.7 --rand_split_class --valid_num 500 --test_num 1000 --seed 123 --device 0 --runs 5 --runs 10 --label_num_per_class 10 --resample_split_per_run  --budget_tag 10
==========================================================
Low-label sweep: python main.py --gnn gcn --dataset cora --lr 0.001 --local_layers 3  --hidden_channels 512 --weight_decay 5e-4 --dropout 0.7 --rand_split_class --valid_num 500 --test_num 1000 --seed 123 --device 0 --runs 5 --runs 10 --label_num_per_class 10 --resample_split_per_run  --budget_tag 10
result_dir=results/lowlabel conditions=[homophily]
==========================================================
--- mlp_reg/homophily control | lambda=0.01 ---
Namespace(bn=False, budget_tag='10', cooc_file='', count_reg=False, count_smoothing=1.0, cpu=False, data_dir='./data/', dataset='cora', device=0, display_step=100, dropout=0.7, epochs=500, gnn='gcn', hidden_channels=512, jk=False, label_num_per_class=10, lambda_val=0.01, ln=False, local_layers=3, lr=0.001, metric='acc', mlp_epochs=500, mlp_reg=True, model='MPNN', model_dir='models', num_heads=1, oracle_reg=False, paired_seeds=True, penalty_transform='homophily', pre_linear=False, pre_ln=False, rand_split=False, rand_split_class=True, reg_start_epoch=10, reg_update_freq=5, res=False, resample_split_per_run=True, result_dir='results/lowlabel', runs=10, save_model=False, seed=123, source_mode='keep', test_num=1000, train_per_class=0, train_prop=0.5, use_reg=True, valid_num=500, valid_per_class=0, valid_prop=0.25, weight_decay=0.0005, year_split=0)
cora
Num nodes: 2708
train:torch.Size([70]), valid:torch.Size([500]), test:torch.Size([1000])
dataset cora | num nodes 2708 | num edge 10556 | num node feats 1433 | num classes 7
MODEL: MPNNs(
  (h_lins): ModuleList()
  (local_convs): ModuleList(
    (0): GCNConv(1433, 512)
    (1): GCNConv(512, 512)
    (2): GCNConv(512, 512)
  )
  (lins): ModuleList(
    (0): Linear(in_features=1433, out_features=512, bias=True)
    (1): Linear(in_features=512, out_features=512, bias=True)
    (2): Linear(in_features=512, out_features=512, bias=True)
  )
  (lns): ModuleList(
    (0): LayerNorm((512,), eps=1e-05, elementwise_affine=True)
    (1): LayerNorm((512,), eps=1e-05, elementwise_affine=True)
    (2): LayerNorm((512,), eps=1e-05, elementwise_affine=True)
  )
  (bns): ModuleList(
    (0): BatchNorm1d(512, eps=1e-05, momentum=0.1, affine=True, track_running_stats=True)
    (1): BatchNorm1d(512, eps=1e-05, momentum=0.1, affine=True, track_running_stats=True)
    (2): BatchNorm1d(512, eps=1e-05, momentum=0.1, affine=True, track_running_stats=True)
  )
  (lin_in): Linear(in_features=1433, out_features=512, bias=True)
  (pred_local): Linear(in_features=512, out_features=7, bias=True)
)
train:torch.Size([70]), valid:torch.Size([500]), test:torch.Size([1000])
Pre-training MLP for 500 epochs to generate co-occurrence matrix...
Penalty transform 'homophily': rel Frobenius dist to original = 0.0694, off-diag CV of original penalty = 0.0758
MLP pre-training complete. Penalty matrix frozen.
Epoch: 00, Loss: 1.9590, Train: 22.86%, Valid: 20.00%, Test: 17.10%, Best Valid: 20.00%, Best Test: 17.10%
Epoch: 100, Loss: 0.0063, Train: 100.00%, Valid: 79.00%, Test: 78.00%, Best Valid: 80.20%, Best Test: 76.70%
Epoch: 200, Loss: 0.0034, Train: 100.00%, Valid: 78.40%, Test: 79.20%, Best Valid: 80.20%, Best Test: 76.70%
Epoch: 300, Loss: 0.0070, Train: 100.00%, Valid: 79.20%, Test: 79.20%, Best Valid: 80.40%, Best Test: 79.00%
Epoch: 400, Loss: 0.0067, Train: 100.00%, Valid: 79.80%, Test: 78.00%, Best Valid: 80.60%, Best Test: 79.10%
Run 01:
Highest Train: 100.00
Highest Valid: 80.60
Highest Test: 79.70
Chosen epoch: 365
Final Train: 100.00
Final Test: 79.10
train:torch.Size([70]), valid:torch.Size([500]), test:torch.Size([1000])
Pre-training MLP for 500 epochs to generate co-occurrence matrix...
Penalty transform 'homophily': rel Frobenius dist to original = 0.0526, off-diag CV of original penalty = 0.0592
MLP pre-training complete. Penalty matrix frozen.
Epoch: 00, Loss: 1.9635, Train: 20.00%, Valid: 17.40%, Test: 15.30%, Best Valid: 17.40%, Best Test: 15.30%
Epoch: 100, Loss: 0.0027, Train: 100.00%, Valid: 66.20%, Test: 66.60%, Best Valid: 73.80%, Best Test: 74.80%
Epoch: 200, Loss: 0.0064, Train: 100.00%, Valid: 67.40%, Test: 70.40%, Best Valid: 73.80%, Best Test: 74.80%
Epoch: 300, Loss: 0.0136, Train: 100.00%, Valid: 68.40%, Test: 70.50%, Best Valid: 73.80%, Best Test: 74.80%
Epoch: 400, Loss: 0.0020, Train: 100.00%, Valid: 67.80%, Test: 68.50%, Best Valid: 73.80%, Best Test: 74.80%
Run 02:
Highest Train: 100.00
Highest Valid: 73.80
Highest Test: 75.10
Chosen epoch: 37
Final Train: 100.00
Final Test: 74.80
train:torch.Size([70]), valid:torch.Size([500]), test:torch.Size([1000])
Pre-training MLP for 500 epochs to generate co-occurrence matrix...
Penalty transform 'homophily': rel Frobenius dist to original = 0.0702, off-diag CV of original penalty = 0.0780
MLP pre-training complete. Penalty matrix frozen.
Epoch: 00, Loss: 1.9632, Train: 17.14%, Valid: 9.40%, Test: 12.20%, Best Valid: 9.40%, Best Test: 12.20%
Epoch: 100, Loss: 0.0097, Train: 100.00%, Valid: 69.20%, Test: 67.90%, Best Valid: 79.40%, Best Test: 77.60%
Epoch: 200, Loss: 0.0069, Train: 100.00%, Valid: 72.60%, Test: 73.40%, Best Valid: 79.40%, Best Test: 77.60%
Epoch: 300, Loss: 0.0048, Train: 100.00%, Valid: 72.80%, Test: 72.40%, Best Valid: 79.40%, Best Test: 77.60%
Epoch: 400, Loss: 0.0074, Train: 100.00%, Valid: 72.40%, Test: 72.00%, Best Valid: 79.40%, Best Test: 77.60%
Run 03:
Highest Train: 100.00
Highest Valid: 79.40
Highest Test: 77.60
Chosen epoch: 40
Final Train: 98.57
Final Test: 77.60
train:torch.Size([70]), valid:torch.Size([500]), test:torch.Size([1000])
Pre-training MLP for 500 epochs to generate co-occurrence matrix...
Penalty transform 'homophily': rel Frobenius dist to original = 0.0276, off-diag CV of original penalty = 0.0342
MLP pre-training complete. Penalty matrix frozen.
Epoch: 00, Loss: 1.9638, Train: 20.00%, Valid: 16.20%, Test: 15.80%, Best Valid: 16.20%, Best Test: 15.80%
Epoch: 100, Loss: 0.0099, Train: 100.00%, Valid: 75.00%, Test: 77.50%, Best Valid: 77.00%, Best Test: 78.80%
Epoch: 200, Loss: 0.0041, Train: 100.00%, Valid: 74.20%, Test: 77.90%, Best Valid: 77.00%, Best Test: 78.80%
Epoch: 300, Loss: 0.0050, Train: 100.00%, Valid: 72.20%, Test: 76.30%, Best Valid: 77.00%, Best Test: 78.80%
Epoch: 400, Loss: 0.0031, Train: 100.00%, Valid: 75.00%, Test: 77.90%, Best Valid: 77.00%, Best Test: 78.80%
Run 04:
Highest Train: 100.00
Highest Valid: 77.00
Highest Test: 79.00
Chosen epoch: 31
Final Train: 98.57
Final Test: 78.80
train:torch.Size([70]), valid:torch.Size([500]), test:torch.Size([1000])
Pre-training MLP for 500 epochs to generate co-occurrence matrix...
Penalty transform 'homophily': rel Frobenius dist to original = 0.0432, off-diag CV of original penalty = 0.0482
MLP pre-training complete. Penalty matrix frozen.
Epoch: 00, Loss: 1.9680, Train: 38.57%, Valid: 20.40%, Test: 21.50%, Best Valid: 20.40%, Best Test: 21.50%
Epoch: 100, Loss: 0.0027, Train: 100.00%, Valid: 79.20%, Test: 76.90%, Best Valid: 82.00%, Best Test: 78.00%
Epoch: 200, Loss: 0.0050, Train: 100.00%, Valid: 80.40%, Test: 77.40%, Best Valid: 82.00%, Best Test: 78.00%
Epoch: 300, Loss: 0.0040, Train: 100.00%, Valid: 81.00%, Test: 77.30%, Best Valid: 82.00%, Best Test: 78.00%
Epoch: 400, Loss: 0.0036, Train: 100.00%, Valid: 78.20%, Test: 75.70%, Best Valid: 82.00%, Best Test: 78.00%
Run 05:
Highest Train: 100.00
Highest Valid: 82.00
Highest Test: 78.50
Chosen epoch: 26
Final Train: 98.57
Final Test: 78.00
train:torch.Size([70]), valid:torch.Size([500]), test:torch.Size([1000])
Pre-training MLP for 500 epochs to generate co-occurrence matrix...
Penalty transform 'homophily': rel Frobenius dist to original = 0.0291, off-diag CV of original penalty = 0.0399
MLP pre-training complete. Penalty matrix frozen.
Epoch: 00, Loss: 1.9799, Train: 18.57%, Valid: 12.60%, Test: 12.60%, Best Valid: 12.60%, Best Test: 12.60%
Epoch: 100, Loss: 0.0015, Train: 100.00%, Valid: 74.60%, Test: 76.80%, Best Valid: 76.20%, Best Test: 77.60%
Epoch: 200, Loss: 0.0046, Train: 100.00%, Valid: 75.20%, Test: 75.00%, Best Valid: 76.40%, Best Test: 77.00%
Epoch: 300, Loss: 0.0020, Train: 100.00%, Valid: 75.20%, Test: 75.80%, Best Valid: 77.80%, Best Test: 78.50%
Epoch: 400, Loss: 0.0031, Train: 100.00%, Valid: 76.00%, Test: 76.80%, Best Valid: 77.80%, Best Test: 78.50%
Run 06:
Highest Train: 100.00
Highest Valid: 77.80
Highest Test: 78.90
Chosen epoch: 258
Final Train: 100.00
Final Test: 78.50
train:torch.Size([70]), valid:torch.Size([500]), test:torch.Size([1000])
Pre-training MLP for 500 epochs to generate co-occurrence matrix...
Penalty transform 'homophily': rel Frobenius dist to original = 0.0545, off-diag CV of original penalty = 0.0582
MLP pre-training complete. Penalty matrix frozen.
Epoch: 00, Loss: 1.9681, Train: 20.00%, Valid: 12.60%, Test: 13.30%, Best Valid: 12.60%, Best Test: 13.30%
Epoch: 100, Loss: 0.0109, Train: 100.00%, Valid: 70.40%, Test: 69.60%, Best Valid: 76.00%, Best Test: 75.80%
Epoch: 200, Loss: 0.0034, Train: 100.00%, Valid: 68.00%, Test: 65.30%, Best Valid: 76.00%, Best Test: 75.80%
Epoch: 300, Loss: 0.0022, Train: 100.00%, Valid: 70.20%, Test: 68.10%, Best Valid: 76.00%, Best Test: 75.80%
Epoch: 400, Loss: 0.0045, Train: 100.00%, Valid: 72.40%, Test: 71.90%, Best Valid: 76.00%, Best Test: 75.80%
Run 07:
Highest Train: 100.00
Highest Valid: 76.00
Highest Test: 75.80
Chosen epoch: 38
Final Train: 100.00
Final Test: 75.80
train:torch.Size([70]), valid:torch.Size([500]), test:torch.Size([1000])
Pre-training MLP for 500 epochs to generate co-occurrence matrix...
Penalty transform 'homophily': rel Frobenius dist to original = 0.0632, off-diag CV of original penalty = 0.0682
MLP pre-training complete. Penalty matrix frozen.
Epoch: 00, Loss: 1.9688, Train: 20.00%, Valid: 12.00%, Test: 10.30%, Best Valid: 12.00%, Best Test: 10.30%
Epoch: 100, Loss: 0.0037, Train: 100.00%, Valid: 82.20%, Test: 81.10%, Best Valid: 82.40%, Best Test: 81.10%
Epoch: 200, Loss: 0.0039, Train: 100.00%, Valid: 78.40%, Test: 78.30%, Best Valid: 82.40%, Best Test: 81.10%
Epoch: 300, Loss: 0.0026, Train: 100.00%, Valid: 80.20%, Test: 79.30%, Best Valid: 82.40%, Best Test: 81.10%
Epoch: 400, Loss: 0.0033, Train: 100.00%, Valid: 80.00%, Test: 78.60%, Best Valid: 82.40%, Best Test: 81.10%
Run 08:
Highest Train: 100.00
Highest Valid: 82.40
Highest Test: 81.80
Chosen epoch: 94
Final Train: 100.00
Final Test: 81.10
train:torch.Size([70]), valid:torch.Size([500]), test:torch.Size([1000])
Pre-training MLP for 500 epochs to generate co-occurrence matrix...
Penalty transform 'homophily': rel Frobenius dist to original = 0.0520, off-diag CV of original penalty = 0.0646
MLP pre-training complete. Penalty matrix frozen.
Epoch: 00, Loss: 1.9680, Train: 20.00%, Valid: 23.80%, Test: 24.80%, Best Valid: 23.80%, Best Test: 24.80%
Epoch: 100, Loss: 0.0033, Train: 100.00%, Valid: 80.20%, Test: 75.30%, Best Valid: 82.40%, Best Test: 77.50%
Epoch: 200, Loss: 0.0045, Train: 100.00%, Valid: 80.80%, Test: 76.30%, Best Valid: 82.40%, Best Test: 77.50%
Epoch: 300, Loss: 0.0043, Train: 100.00%, Valid: 80.80%, Test: 75.10%, Best Valid: 82.40%, Best Test: 77.50%
Epoch: 400, Loss: 0.0068, Train: 100.00%, Valid: 80.20%, Test: 75.00%, Best Valid: 82.40%, Best Test: 77.50%
Run 09:
Highest Train: 100.00
Highest Valid: 82.40
Highest Test: 77.60
Chosen epoch: 36
Final Train: 100.00
Final Test: 77.50
train:torch.Size([70]), valid:torch.Size([500]), test:torch.Size([1000])
Pre-training MLP for 500 epochs to generate co-occurrence matrix...
Penalty transform 'homophily': rel Frobenius dist to original = 0.0374, off-diag CV of original penalty = 0.0480
MLP pre-training complete. Penalty matrix frozen.
Epoch: 00, Loss: 1.9696, Train: 37.14%, Valid: 16.00%, Test: 17.50%, Best Valid: 16.00%, Best Test: 17.50%
Epoch: 100, Loss: 0.0079, Train: 100.00%, Valid: 77.20%, Test: 75.70%, Best Valid: 79.80%, Best Test: 77.00%
Epoch: 200, Loss: 0.0025, Train: 100.00%, Valid: 77.80%, Test: 76.10%, Best Valid: 79.80%, Best Test: 77.00%
Epoch: 300, Loss: 0.0058, Train: 100.00%, Valid: 73.80%, Test: 71.70%, Best Valid: 79.80%, Best Test: 77.00%
Epoch: 400, Loss: 0.0037, Train: 100.00%, Valid: 73.80%, Test: 72.50%, Best Valid: 79.80%, Best Test: 77.00%
Run 10:
Highest Train: 100.00
Highest Valid: 79.80
Highest Test: 77.90
Chosen epoch: 35
Final Train: 98.57
Final Test: 77.00
All runs:
Highest Train: 100.00 ± 0.00
Highest Test: 78.19 ± 1.90
Highest Valid: 79.12 ± 2.92
  Final Train: 99.43 ± 0.74
   Final Test: 77.82 ± 1.76
Saving results to results/lowlabel/cora/MPNN_gcn.csv
--- mlp_reg/homophily control | lambda=0.05 ---
Namespace(bn=False, budget_tag='10', cooc_file='', count_reg=False, count_smoothing=1.0, cpu=False, data_dir='./data/', dataset='cora', device=0, display_step=100, dropout=0.7, epochs=500, gnn='gcn', hidden_channels=512, jk=False, label_num_per_class=10, lambda_val=0.05, ln=False, local_layers=3, lr=0.001, metric='acc', mlp_epochs=500, mlp_reg=True, model='MPNN', model_dir='models', num_heads=1, oracle_reg=False, paired_seeds=True, penalty_transform='homophily', pre_linear=False, pre_ln=False, rand_split=False, rand_split_class=True, reg_start_epoch=10, reg_update_freq=5, res=False, resample_split_per_run=True, result_dir='results/lowlabel', runs=10, save_model=False, seed=123, source_mode='keep', test_num=1000, train_per_class=0, train_prop=0.5, use_reg=True, valid_num=500, valid_per_class=0, valid_prop=0.25, weight_decay=0.0005, year_split=0)
cora
Num nodes: 2708
train:torch.Size([70]), valid:torch.Size([500]), test:torch.Size([1000])
dataset cora | num nodes 2708 | num edge 10556 | num node feats 1433 | num classes 7
MODEL: MPNNs(
  (h_lins): ModuleList()
  (local_convs): ModuleList(
    (0): GCNConv(1433, 512)
    (1): GCNConv(512, 512)
    (2): GCNConv(512, 512)
  )
  (lins): ModuleList(
    (0): Linear(in_features=1433, out_features=512, bias=True)
    (1): Linear(in_features=512, out_features=512, bias=True)
    (2): Linear(in_features=512, out_features=512, bias=True)
  )
  (lns): ModuleList(
    (0): LayerNorm((512,), eps=1e-05, elementwise_affine=True)
    (1): LayerNorm((512,), eps=1e-05, elementwise_affine=True)
    (2): LayerNorm((512,), eps=1e-05, elementwise_affine=True)
  )
  (bns): ModuleList(
    (0): BatchNorm1d(512, eps=1e-05, momentum=0.1, affine=True, track_running_stats=True)
    (1): BatchNorm1d(512, eps=1e-05, momentum=0.1, affine=True, track_running_stats=True)
    (2): BatchNorm1d(512, eps=1e-05, momentum=0.1, affine=True, track_running_stats=True)
  )
  (lin_in): Linear(in_features=1433, out_features=512, bias=True)
  (pred_local): Linear(in_features=512, out_features=7, bias=True)
)
train:torch.Size([70]), valid:torch.Size([500]), test:torch.Size([1000])
Pre-training MLP for 500 epochs to generate co-occurrence matrix...
Penalty transform 'homophily': rel Frobenius dist to original = 0.0694, off-diag CV of original penalty = 0.0758
MLP pre-training complete. Penalty matrix frozen.
Epoch: 00, Loss: 2.0366, Train: 22.86%, Valid: 20.00%, Test: 17.10%, Best Valid: 20.00%, Best Test: 17.10%
Epoch: 100, Loss: 0.0069, Train: 100.00%, Valid: 79.20%, Test: 78.10%, Best Valid: 80.00%, Best Test: 76.70%
Epoch: 200, Loss: 0.0037, Train: 100.00%, Valid: 78.40%, Test: 79.00%, Best Valid: 80.20%, Best Test: 79.20%
Epoch: 300, Loss: 0.0077, Train: 100.00%, Valid: 79.60%, Test: 79.10%, Best Valid: 80.40%, Best Test: 79.10%
Epoch: 400, Loss: 0.0070, Train: 100.00%, Valid: 80.00%, Test: 78.00%, Best Valid: 80.60%, Best Test: 79.10%
Run 01:
Highest Train: 100.00
Highest Valid: 80.60
Highest Test: 79.80
Chosen epoch: 366
Final Train: 100.00
Final Test: 79.10
train:torch.Size([70]), valid:torch.Size([500]), test:torch.Size([1000])
Pre-training MLP for 500 epochs to generate co-occurrence matrix...
Penalty transform 'homophily': rel Frobenius dist to original = 0.0526, off-diag CV of original penalty = 0.0592
MLP pre-training complete. Penalty matrix frozen.
Epoch: 00, Loss: 2.0412, Train: 20.00%, Valid: 17.40%, Test: 15.30%, Best Valid: 17.40%, Best Test: 15.30%
Epoch: 100, Loss: 0.0032, Train: 100.00%, Valid: 65.80%, Test: 66.70%, Best Valid: 73.60%, Best Test: 75.20%
Epoch: 200, Loss: 0.0073, Train: 100.00%, Valid: 67.20%, Test: 70.20%, Best Valid: 73.60%, Best Test: 75.20%
Epoch: 300, Loss: 0.0136, Train: 100.00%, Valid: 68.80%, Test: 70.30%, Best Valid: 73.60%, Best Test: 75.20%
Epoch: 400, Loss: 0.0023, Train: 100.00%, Valid: 68.40%, Test: 69.90%, Best Valid: 73.60%, Best Test: 75.20%
Run 02:
Highest Train: 100.00
Highest Valid: 73.60
Highest Test: 75.20
Chosen epoch: 36
Final Train: 100.00
Final Test: 75.20
train:torch.Size([70]), valid:torch.Size([500]), test:torch.Size([1000])
Pre-training MLP for 500 epochs to generate co-occurrence matrix...
Penalty transform 'homophily': rel Frobenius dist to original = 0.0702, off-diag CV of original penalty = 0.0780
MLP pre-training complete. Penalty matrix frozen.
Epoch: 00, Loss: 2.0409, Train: 17.14%, Valid: 9.40%, Test: 12.20%, Best Valid: 9.40%, Best Test: 12.20%
Epoch: 100, Loss: 0.0088, Train: 100.00%, Valid: 69.20%, Test: 67.90%, Best Valid: 79.40%, Best Test: 77.80%
Epoch: 200, Loss: 0.0071, Train: 100.00%, Valid: 72.60%, Test: 73.50%, Best Valid: 79.40%, Best Test: 77.80%
Epoch: 300, Loss: 0.0054, Train: 100.00%, Valid: 72.60%, Test: 72.30%, Best Valid: 79.40%, Best Test: 77.80%
Epoch: 400, Loss: 0.0079, Train: 100.00%, Valid: 72.20%, Test: 72.00%, Best Valid: 79.40%, Best Test: 77.80%
Run 03:
Highest Train: 100.00
Highest Valid: 79.40
Highest Test: 77.80
Chosen epoch: 40
Final Train: 98.57
Final Test: 77.80
train:torch.Size([70]), valid:torch.Size([500]), test:torch.Size([1000])
Pre-training MLP for 500 epochs to generate co-occurrence matrix...
Penalty transform 'homophily': rel Frobenius dist to original = 0.0276, off-diag CV of original penalty = 0.0342
MLP pre-training complete. Penalty matrix frozen.
Epoch: 00, Loss: 2.0416, Train: 20.00%, Valid: 16.20%, Test: 15.80%, Best Valid: 16.20%, Best Test: 15.80%
Epoch: 100, Loss: 0.0106, Train: 100.00%, Valid: 75.00%, Test: 77.20%, Best Valid: 77.00%, Best Test: 78.80%
Epoch: 200, Loss: 0.0044, Train: 100.00%, Valid: 75.20%, Test: 78.10%, Best Valid: 77.00%, Best Test: 78.80%
Epoch: 300, Loss: 0.0052, Train: 100.00%, Valid: 72.80%, Test: 76.50%, Best Valid: 77.00%, Best Test: 78.80%
Epoch: 400, Loss: 0.0030, Train: 100.00%, Valid: 75.00%, Test: 78.00%, Best Valid: 77.00%, Best Test: 78.80%
Run 04:
Highest Train: 100.00
Highest Valid: 77.00
Highest Test: 79.10
Chosen epoch: 31
Final Train: 98.57
Final Test: 78.80
train:torch.Size([70]), valid:torch.Size([500]), test:torch.Size([1000])
Pre-training MLP for 500 epochs to generate co-occurrence matrix...
Penalty transform 'homophily': rel Frobenius dist to original = 0.0432, off-diag CV of original penalty = 0.0482
MLP pre-training complete. Penalty matrix frozen.
Epoch: 00, Loss: 2.0459, Train: 38.57%, Valid: 20.40%, Test: 21.60%, Best Valid: 20.40%, Best Test: 21.60%
Epoch: 100, Loss: 0.0032, Train: 100.00%, Valid: 79.40%, Test: 77.00%, Best Valid: 82.20%, Best Test: 78.50%
Epoch: 200, Loss: 0.0051, Train: 100.00%, Valid: 80.40%, Test: 77.60%, Best Valid: 82.20%, Best Test: 78.50%
Epoch: 300, Loss: 0.0042, Train: 100.00%, Valid: 81.00%, Test: 77.40%, Best Valid: 82.20%, Best Test: 78.50%
Epoch: 400, Loss: 0.0037, Train: 100.00%, Valid: 78.40%, Test: 75.90%, Best Valid: 82.20%, Best Test: 78.50%
Run 05:
Highest Train: 100.00
Highest Valid: 82.20
Highest Test: 78.50
Chosen epoch: 30
Final Train: 100.00
Final Test: 78.50
train:torch.Size([70]), valid:torch.Size([500]), test:torch.Size([1000])
Pre-training MLP for 500 epochs to generate co-occurrence matrix...
Penalty transform 'homophily': rel Frobenius dist to original = 0.0291, off-diag CV of original penalty = 0.0399
MLP pre-training complete. Penalty matrix frozen.
Epoch: 00, Loss: 2.0583, Train: 18.57%, Valid: 12.60%, Test: 12.60%, Best Valid: 12.60%, Best Test: 12.60%
Epoch: 100, Loss: 0.0014, Train: 100.00%, Valid: 74.00%, Test: 76.70%, Best Valid: 76.40%, Best Test: 77.90%
Epoch: 200, Loss: 0.0049, Train: 100.00%, Valid: 75.40%, Test: 75.20%, Best Valid: 76.60%, Best Test: 76.60%
Epoch: 300, Loss: 0.0021, Train: 100.00%, Valid: 75.00%, Test: 75.80%, Best Valid: 77.60%, Best Test: 78.50%
Epoch: 400, Loss: 0.0035, Train: 100.00%, Valid: 76.00%, Test: 77.00%, Best Valid: 77.60%, Best Test: 78.50%
Run 06:
Highest Train: 100.00
Highest Valid: 77.60
Highest Test: 78.90
Chosen epoch: 256
Final Train: 100.00
Final Test: 78.50
train:torch.Size([70]), valid:torch.Size([500]), test:torch.Size([1000])
Pre-training MLP for 500 epochs to generate co-occurrence matrix...
Penalty transform 'homophily': rel Frobenius dist to original = 0.0545, off-diag CV of original penalty = 0.0582
MLP pre-training complete. Penalty matrix frozen.
Epoch: 00, Loss: 2.0461, Train: 20.00%, Valid: 12.60%, Test: 13.30%, Best Valid: 12.60%, Best Test: 13.30%
Epoch: 100, Loss: 0.0095, Train: 100.00%, Valid: 70.40%, Test: 69.80%, Best Valid: 76.20%, Best Test: 74.90%
Epoch: 200, Loss: 0.0035, Train: 100.00%, Valid: 68.40%, Test: 65.10%, Best Valid: 76.20%, Best Test: 74.90%
Epoch: 300, Loss: 0.0024, Train: 100.00%, Valid: 70.40%, Test: 68.30%, Best Valid: 76.20%, Best Test: 74.90%
Epoch: 400, Loss: 0.0046, Train: 100.00%, Valid: 71.80%, Test: 71.30%, Best Valid: 76.20%, Best Test: 74.90%
Run 07:
Highest Train: 100.00
Highest Valid: 76.20
Highest Test: 75.60
Chosen epoch: 39
Final Train: 100.00
Final Test: 74.90
train:torch.Size([70]), valid:torch.Size([500]), test:torch.Size([1000])
Pre-training MLP for 500 epochs to generate co-occurrence matrix...
Penalty transform 'homophily': rel Frobenius dist to original = 0.0632, off-diag CV of original penalty = 0.0682
MLP pre-training complete. Penalty matrix frozen.
Epoch: 00, Loss: 2.0467, Train: 20.00%, Valid: 11.80%, Test: 10.30%, Best Valid: 11.80%, Best Test: 10.30%
Epoch: 100, Loss: 0.0039, Train: 100.00%, Valid: 81.80%, Test: 81.00%, Best Valid: 82.60%, Best Test: 81.20%
Epoch: 200, Loss: 0.0043, Train: 100.00%, Valid: 79.20%, Test: 78.60%, Best Valid: 82.60%, Best Test: 81.20%
Epoch: 300, Loss: 0.0024, Train: 100.00%, Valid: 80.00%, Test: 79.10%, Best Valid: 82.60%, Best Test: 81.20%
Epoch: 400, Loss: 0.0030, Train: 100.00%, Valid: 79.80%, Test: 78.40%, Best Valid: 82.60%, Best Test: 81.20%
Run 08:
Highest Train: 100.00
Highest Valid: 82.60
Highest Test: 81.90
Chosen epoch: 94
Final Train: 100.00
Final Test: 81.20
train:torch.Size([70]), valid:torch.Size([500]), test:torch.Size([1000])
Pre-training MLP for 500 epochs to generate co-occurrence matrix...
Penalty transform 'homophily': rel Frobenius dist to original = 0.0520, off-diag CV of original penalty = 0.0646
MLP pre-training complete. Penalty matrix frozen.
Epoch: 00, Loss: 2.0459, Train: 20.00%, Valid: 23.60%, Test: 24.90%, Best Valid: 23.60%, Best Test: 24.90%
Epoch: 100, Loss: 0.0035, Train: 100.00%, Valid: 80.20%, Test: 75.60%, Best Valid: 82.60%, Best Test: 77.30%
Epoch: 200, Loss: 0.0047, Train: 100.00%, Valid: 80.20%, Test: 75.60%, Best Valid: 82.60%, Best Test: 77.30%
Epoch: 300, Loss: 0.0042, Train: 100.00%, Valid: 81.20%, Test: 76.10%, Best Valid: 82.60%, Best Test: 77.30%
Epoch: 400, Loss: 0.0068, Train: 100.00%, Valid: 80.20%, Test: 75.30%, Best Valid: 82.60%, Best Test: 77.30%
Run 09:
Highest Train: 100.00
Highest Valid: 82.60
Highest Test: 77.90
Chosen epoch: 35
Final Train: 98.57
Final Test: 77.30
train:torch.Size([70]), valid:torch.Size([500]), test:torch.Size([1000])
Pre-training MLP for 500 epochs to generate co-occurrence matrix...
Penalty transform 'homophily': rel Frobenius dist to original = 0.0374, off-diag CV of original penalty = 0.0480
MLP pre-training complete. Penalty matrix frozen.
Epoch: 00, Loss: 2.0476, Train: 37.14%, Valid: 16.00%, Test: 17.50%, Best Valid: 16.00%, Best Test: 17.50%
Epoch: 100, Loss: 0.0081, Train: 100.00%, Valid: 77.60%, Test: 75.60%, Best Valid: 79.80%, Best Test: 77.80%
Epoch: 200, Loss: 0.0025, Train: 100.00%, Valid: 78.20%, Test: 75.80%, Best Valid: 79.80%, Best Test: 77.80%
Epoch: 300, Loss: 0.0057, Train: 100.00%, Valid: 73.40%, Test: 71.70%, Best Valid: 79.80%, Best Test: 77.80%
Epoch: 400, Loss: 0.0039, Train: 100.00%, Valid: 74.00%, Test: 73.00%, Best Valid: 79.80%, Best Test: 77.80%
Run 10:
Highest Train: 100.00
Highest Valid: 79.80
Highest Test: 78.10
Chosen epoch: 34
Final Train: 97.14
Final Test: 77.80
All runs:
Highest Train: 100.00 ± 0.00
Highest Test: 78.28 ± 1.93
Highest Valid: 79.16 ± 3.02
  Final Train: 99.29 ± 1.01
   Final Test: 77.91 ± 1.84
Saving results to results/lowlabel/cora/MPNN_gcn.csv
--- mlp_reg/homophily control | lambda=0.1 ---
Namespace(bn=False, budget_tag='10', cooc_file='', count_reg=False, count_smoothing=1.0, cpu=False, data_dir='./data/', dataset='cora', device=0, display_step=100, dropout=0.7, epochs=500, gnn='gcn', hidden_channels=512, jk=False, label_num_per_class=10, lambda_val=0.1, ln=False, local_layers=3, lr=0.001, metric='acc', mlp_epochs=500, mlp_reg=True, model='MPNN', model_dir='models', num_heads=1, oracle_reg=False, paired_seeds=True, penalty_transform='homophily', pre_linear=False, pre_ln=False, rand_split=False, rand_split_class=True, reg_start_epoch=10, reg_update_freq=5, res=False, resample_split_per_run=True, result_dir='results/lowlabel', runs=10, save_model=False, seed=123, source_mode='keep', test_num=1000, train_per_class=0, train_prop=0.5, use_reg=True, valid_num=500, valid_per_class=0, valid_prop=0.25, weight_decay=0.0005, year_split=0)
cora
Num nodes: 2708
train:torch.Size([70]), valid:torch.Size([500]), test:torch.Size([1000])
dataset cora | num nodes 2708 | num edge 10556 | num node feats 1433 | num classes 7
MODEL: MPNNs(
  (h_lins): ModuleList()
  (local_convs): ModuleList(
    (0): GCNConv(1433, 512)
    (1): GCNConv(512, 512)
    (2): GCNConv(512, 512)
  )
  (lins): ModuleList(
    (0): Linear(in_features=1433, out_features=512, bias=True)
    (1): Linear(in_features=512, out_features=512, bias=True)
    (2): Linear(in_features=512, out_features=512, bias=True)
  )
  (lns): ModuleList(
    (0): LayerNorm((512,), eps=1e-05, elementwise_affine=True)
    (1): LayerNorm((512,), eps=1e-05, elementwise_affine=True)
    (2): LayerNorm((512,), eps=1e-05, elementwise_affine=True)
  )
  (bns): ModuleList(
    (0): BatchNorm1d(512, eps=1e-05, momentum=0.1, affine=True, track_running_stats=True)
    (1): BatchNorm1d(512, eps=1e-05, momentum=0.1, affine=True, track_running_stats=True)
    (2): BatchNorm1d(512, eps=1e-05, momentum=0.1, affine=True, track_running_stats=True)
  )
  (lin_in): Linear(in_features=1433, out_features=512, bias=True)
  (pred_local): Linear(in_features=512, out_features=7, bias=True)
)
train:torch.Size([70]), valid:torch.Size([500]), test:torch.Size([1000])
Pre-training MLP for 500 epochs to generate co-occurrence matrix...
Penalty transform 'homophily': rel Frobenius dist to original = 0.0694, off-diag CV of original penalty = 0.0758
MLP pre-training complete. Penalty matrix frozen.
Epoch: 00, Loss: 2.1336, Train: 21.43%, Valid: 20.00%, Test: 17.10%, Best Valid: 20.00%, Best Test: 17.10%
Epoch: 100, Loss: 0.0068, Train: 100.00%, Valid: 79.20%, Test: 78.00%, Best Valid: 80.00%, Best Test: 76.90%
Epoch: 200, Loss: 0.0037, Train: 100.00%, Valid: 78.40%, Test: 78.90%, Best Valid: 80.00%, Best Test: 76.90%
Epoch: 300, Loss: 0.0074, Train: 100.00%, Valid: 79.20%, Test: 79.00%, Best Valid: 80.40%, Best Test: 78.70%
Epoch: 400, Loss: 0.0072, Train: 100.00%, Valid: 80.00%, Test: 77.90%, Best Valid: 80.60%, Best Test: 78.70%
Run 01:
Highest Train: 100.00
Highest Valid: 80.60
Highest Test: 79.90
Chosen epoch: 352
Final Train: 100.00
Final Test: 78.70
train:torch.Size([70]), valid:torch.Size([500]), test:torch.Size([1000])
Pre-training MLP for 500 epochs to generate co-occurrence matrix...
Penalty transform 'homophily': rel Frobenius dist to original = 0.0526, off-diag CV of original penalty = 0.0592
MLP pre-training complete. Penalty matrix frozen.
Epoch: 00, Loss: 2.1384, Train: 20.00%, Valid: 17.40%, Test: 15.20%, Best Valid: 17.40%, Best Test: 15.20%
Epoch: 100, Loss: 0.0033, Train: 100.00%, Valid: 65.40%, Test: 66.70%, Best Valid: 73.60%, Best Test: 75.20%
Epoch: 200, Loss: 0.0078, Train: 100.00%, Valid: 67.20%, Test: 70.30%, Best Valid: 73.60%, Best Test: 75.20%
Epoch: 300, Loss: 0.0131, Train: 100.00%, Valid: 68.60%, Test: 70.20%, Best Valid: 73.60%, Best Test: 75.20%
Epoch: 400, Loss: 0.0023, Train: 100.00%, Valid: 68.80%, Test: 70.10%, Best Valid: 73.60%, Best Test: 75.20%
Run 02:
Highest Train: 100.00
Highest Valid: 73.60
Highest Test: 75.20
Chosen epoch: 36
Final Train: 100.00
Final Test: 75.20
train:torch.Size([70]), valid:torch.Size([500]), test:torch.Size([1000])
Pre-training MLP for 500 epochs to generate co-occurrence matrix...
Penalty transform 'homophily': rel Frobenius dist to original = 0.0702, off-diag CV of original penalty = 0.0780
MLP pre-training complete. Penalty matrix frozen.
Epoch: 00, Loss: 2.1381, Train: 17.14%, Valid: 9.40%, Test: 12.20%, Best Valid: 9.40%, Best Test: 12.20%
Epoch: 100, Loss: 0.0099, Train: 100.00%, Valid: 68.60%, Test: 67.90%, Best Valid: 79.40%, Best Test: 77.90%
Epoch: 200, Loss: 0.0075, Train: 100.00%, Valid: 73.00%, Test: 73.60%, Best Valid: 79.40%, Best Test: 77.90%
Epoch: 300, Loss: 0.0056, Train: 100.00%, Valid: 72.80%, Test: 72.20%, Best Valid: 79.40%, Best Test: 77.90%
Epoch: 400, Loss: 0.0092, Train: 100.00%, Valid: 72.60%, Test: 71.70%, Best Valid: 79.40%, Best Test: 77.90%
Run 03:
Highest Train: 100.00
Highest Valid: 79.40
Highest Test: 77.90
Chosen epoch: 40
Final Train: 98.57
Final Test: 77.90
train:torch.Size([70]), valid:torch.Size([500]), test:torch.Size([1000])
Pre-training MLP for 500 epochs to generate co-occurrence matrix...
Penalty transform 'homophily': rel Frobenius dist to original = 0.0276, off-diag CV of original penalty = 0.0342
MLP pre-training complete. Penalty matrix frozen.
Epoch: 00, Loss: 2.1388, Train: 20.00%, Valid: 16.20%, Test: 15.80%, Best Valid: 16.20%, Best Test: 15.80%
Epoch: 100, Loss: 0.0113, Train: 100.00%, Valid: 75.20%, Test: 77.30%, Best Valid: 77.00%, Best Test: 79.00%
Epoch: 200, Loss: 0.0044, Train: 100.00%, Valid: 75.00%, Test: 78.20%, Best Valid: 77.00%, Best Test: 79.00%
Epoch: 300, Loss: 0.0059, Train: 100.00%, Valid: 71.80%, Test: 76.30%, Best Valid: 77.00%, Best Test: 79.00%
Epoch: 400, Loss: 0.0033, Train: 100.00%, Valid: 75.20%, Test: 77.80%, Best Valid: 77.00%, Best Test: 79.00%
Run 04:
Highest Train: 100.00
Highest Valid: 77.00
Highest Test: 79.20
Chosen epoch: 31
Final Train: 98.57
Final Test: 79.00
train:torch.Size([70]), valid:torch.Size([500]), test:torch.Size([1000])
Pre-training MLP for 500 epochs to generate co-occurrence matrix...
Penalty transform 'homophily': rel Frobenius dist to original = 0.0432, off-diag CV of original penalty = 0.0482
MLP pre-training complete. Penalty matrix frozen.
Epoch: 00, Loss: 2.1433, Train: 38.57%, Valid: 20.40%, Test: 21.60%, Best Valid: 20.40%, Best Test: 21.60%
Epoch: 100, Loss: 0.0031, Train: 100.00%, Valid: 78.80%, Test: 76.90%, Best Valid: 82.40%, Best Test: 78.50%
Epoch: 200, Loss: 0.0054, Train: 100.00%, Valid: 80.80%, Test: 77.50%, Best Valid: 82.40%, Best Test: 78.50%
Epoch: 300, Loss: 0.0041, Train: 100.00%, Valid: 81.00%, Test: 77.40%, Best Valid: 82.40%, Best Test: 78.50%
Epoch: 400, Loss: 0.0037, Train: 100.00%, Valid: 78.40%, Test: 76.20%, Best Valid: 82.40%, Best Test: 78.50%
Run 05:
Highest Train: 100.00
Highest Valid: 82.40
Highest Test: 78.50
Chosen epoch: 30
Final Train: 100.00
Final Test: 78.50
train:torch.Size([70]), valid:torch.Size([500]), test:torch.Size([1000])
Pre-training MLP for 500 epochs to generate co-occurrence matrix...
Penalty transform 'homophily': rel Frobenius dist to original = 0.0291, off-diag CV of original penalty = 0.0399
MLP pre-training complete. Penalty matrix frozen.
Epoch: 00, Loss: 2.1563, Train: 18.57%, Valid: 12.60%, Test: 12.60%, Best Valid: 12.60%, Best Test: 12.60%
Epoch: 100, Loss: 0.0015, Train: 100.00%, Valid: 74.60%, Test: 76.80%, Best Valid: 76.40%, Best Test: 78.80%
Epoch: 200, Loss: 0.0050, Train: 100.00%, Valid: 75.20%, Test: 75.10%, Best Valid: 76.40%, Best Test: 78.80%
Epoch: 300, Loss: 0.0022, Train: 100.00%, Valid: 75.20%, Test: 75.80%, Best Valid: 77.80%, Best Test: 78.50%
Epoch: 400, Loss: 0.0036, Train: 100.00%, Valid: 75.80%, Test: 77.10%, Best Valid: 77.80%, Best Test: 78.50%
Run 06:
Highest Train: 100.00
Highest Valid: 77.80
Highest Test: 78.80
Chosen epoch: 258
Final Train: 100.00
Final Test: 78.50
train:torch.Size([70]), valid:torch.Size([500]), test:torch.Size([1000])
Pre-training MLP for 500 epochs to generate co-occurrence matrix...
Penalty transform 'homophily': rel Frobenius dist to original = 0.0545, off-diag CV of original penalty = 0.0582
MLP pre-training complete. Penalty matrix frozen.
Epoch: 00, Loss: 2.1435, Train: 20.00%, Valid: 12.60%, Test: 13.30%, Best Valid: 12.60%, Best Test: 13.30%
Epoch: 100, Loss: 0.0118, Train: 100.00%, Valid: 70.60%, Test: 70.00%, Best Valid: 76.20%, Best Test: 74.90%
Epoch: 200, Loss: 0.0041, Train: 100.00%, Valid: 67.40%, Test: 64.20%, Best Valid: 76.20%, Best Test: 74.90%
Epoch: 300, Loss: 0.0023, Train: 100.00%, Valid: 71.00%, Test: 68.00%, Best Valid: 76.20%, Best Test: 74.90%
Epoch: 400, Loss: 0.0051, Train: 100.00%, Valid: 72.40%, Test: 71.70%, Best Valid: 76.20%, Best Test: 74.90%
Run 07:
Highest Train: 100.00
Highest Valid: 76.20
Highest Test: 75.80
Chosen epoch: 39
Final Train: 100.00
Final Test: 74.90
train:torch.Size([70]), valid:torch.Size([500]), test:torch.Size([1000])
Pre-training MLP for 500 epochs to generate co-occurrence matrix...
Penalty transform 'homophily': rel Frobenius dist to original = 0.0632, off-diag CV of original penalty = 0.0682
MLP pre-training complete. Penalty matrix frozen.
Epoch: 00, Loss: 2.1442, Train: 20.00%, Valid: 11.80%, Test: 10.30%, Best Valid: 11.80%, Best Test: 10.30%
Epoch: 100, Loss: 0.0047, Train: 100.00%, Valid: 81.80%, Test: 81.10%, Best Valid: 82.60%, Best Test: 81.20%
Epoch: 200, Loss: 0.0044, Train: 100.00%, Valid: 79.00%, Test: 78.50%, Best Valid: 82.60%, Best Test: 81.20%
Epoch: 300, Loss: 0.0028, Train: 100.00%, Valid: 80.40%, Test: 79.00%, Best Valid: 82.60%, Best Test: 81.20%
Epoch: 400, Loss: 0.0035, Train: 100.00%, Valid: 80.00%, Test: 78.90%, Best Valid: 82.60%, Best Test: 81.20%
Run 08:
Highest Train: 100.00
Highest Valid: 82.60
Highest Test: 82.10
Chosen epoch: 94
Final Train: 100.00
Final Test: 81.20
train:torch.Size([70]), valid:torch.Size([500]), test:torch.Size([1000])
Pre-training MLP for 500 epochs to generate co-occurrence matrix...
Penalty transform 'homophily': rel Frobenius dist to original = 0.0520, off-diag CV of original penalty = 0.0646
MLP pre-training complete. Penalty matrix frozen.
Epoch: 00, Loss: 2.1433, Train: 20.00%, Valid: 23.60%, Test: 24.90%, Best Valid: 23.60%, Best Test: 24.90%
Epoch: 100, Loss: 0.0038, Train: 100.00%, Valid: 80.20%, Test: 75.70%, Best Valid: 82.40%, Best Test: 77.50%
Epoch: 200, Loss: 0.0049, Train: 100.00%, Valid: 80.20%, Test: 75.90%, Best Valid: 82.40%, Best Test: 77.50%
Epoch: 300, Loss: 0.0042, Train: 100.00%, Valid: 80.40%, Test: 75.70%, Best Valid: 82.40%, Best Test: 77.50%
Epoch: 400, Loss: 0.0070, Train: 100.00%, Valid: 80.00%, Test: 74.70%, Best Valid: 82.60%, Best Test: 76.40%
Run 09:
Highest Train: 100.00
Highest Valid: 82.60
Highest Test: 78.00
Chosen epoch: 359
Final Train: 100.00
Final Test: 76.40
train:torch.Size([70]), valid:torch.Size([500]), test:torch.Size([1000])
Pre-training MLP for 500 epochs to generate co-occurrence matrix...
Penalty transform 'homophily': rel Frobenius dist to original = 0.0374, off-diag CV of original penalty = 0.0480
MLP pre-training complete. Penalty matrix frozen.
Epoch: 00, Loss: 2.1451, Train: 37.14%, Valid: 16.00%, Test: 17.50%, Best Valid: 16.00%, Best Test: 17.50%
Epoch: 100, Loss: 0.0077, Train: 100.00%, Valid: 77.60%, Test: 75.60%, Best Valid: 80.00%, Best Test: 76.40%
Epoch: 200, Loss: 0.0027, Train: 100.00%, Valid: 77.60%, Test: 76.00%, Best Valid: 80.00%, Best Test: 76.40%
Epoch: 300, Loss: 0.0066, Train: 100.00%, Valid: 73.20%, Test: 72.20%, Best Valid: 80.00%, Best Test: 76.40%
Epoch: 400, Loss: 0.0048, Train: 100.00%, Valid: 74.00%, Test: 72.60%, Best Valid: 80.00%, Best Test: 76.40%
Run 10:
Highest Train: 100.00
Highest Valid: 80.00
Highest Test: 77.70
Chosen epoch: 36
Final Train: 100.00
Final Test: 76.40
All runs:
Highest Train: 100.00 ± 0.00
Highest Test: 78.31 ± 1.96
Highest Valid: 79.22 ± 3.04
  Final Train: 99.71 ± 0.60
   Final Test: 77.67 ± 1.94
Saving results to results/lowlabel/cora/MPNN_gcn.csv
--- mlp_reg/homophily control | lambda=0.2 ---
Namespace(bn=False, budget_tag='10', cooc_file='', count_reg=False, count_smoothing=1.0, cpu=False, data_dir='./data/', dataset='cora', device=0, display_step=100, dropout=0.7, epochs=500, gnn='gcn', hidden_channels=512, jk=False, label_num_per_class=10, lambda_val=0.2, ln=False, local_layers=3, lr=0.001, metric='acc', mlp_epochs=500, mlp_reg=True, model='MPNN', model_dir='models', num_heads=1, oracle_reg=False, paired_seeds=True, penalty_transform='homophily', pre_linear=False, pre_ln=False, rand_split=False, rand_split_class=True, reg_start_epoch=10, reg_update_freq=5, res=False, resample_split_per_run=True, result_dir='results/lowlabel', runs=10, save_model=False, seed=123, source_mode='keep', test_num=1000, train_per_class=0, train_prop=0.5, use_reg=True, valid_num=500, valid_per_class=0, valid_prop=0.25, weight_decay=0.0005, year_split=0)
cora
Num nodes: 2708
train:torch.Size([70]), valid:torch.Size([500]), test:torch.Size([1000])
dataset cora | num nodes 2708 | num edge 10556 | num node feats 1433 | num classes 7
MODEL: MPNNs(
  (h_lins): ModuleList()
  (local_convs): ModuleList(
    (0): GCNConv(1433, 512)
    (1): GCNConv(512, 512)
    (2): GCNConv(512, 512)
  )
  (lins): ModuleList(
    (0): Linear(in_features=1433, out_features=512, bias=True)
    (1): Linear(in_features=512, out_features=512, bias=True)
    (2): Linear(in_features=512, out_features=512, bias=True)
  )
  (lns): ModuleList(
    (0): LayerNorm((512,), eps=1e-05, elementwise_affine=True)
    (1): LayerNorm((512,), eps=1e-05, elementwise_affine=True)
    (2): LayerNorm((512,), eps=1e-05, elementwise_affine=True)
  )
  (bns): ModuleList(
    (0): BatchNorm1d(512, eps=1e-05, momentum=0.1, affine=True, track_running_stats=True)
    (1): BatchNorm1d(512, eps=1e-05, momentum=0.1, affine=True, track_running_stats=True)
    (2): BatchNorm1d(512, eps=1e-05, momentum=0.1, affine=True, track_running_stats=True)
  )
  (lin_in): Linear(in_features=1433, out_features=512, bias=True)
  (pred_local): Linear(in_features=512, out_features=7, bias=True)
)
train:torch.Size([70]), valid:torch.Size([500]), test:torch.Size([1000])
Pre-training MLP for 500 epochs to generate co-occurrence matrix...
Penalty transform 'homophily': rel Frobenius dist to original = 0.0694, off-diag CV of original penalty = 0.0758
MLP pre-training complete. Penalty matrix frozen.
Epoch: 00, Loss: 2.3276, Train: 21.43%, Valid: 20.00%, Test: 17.10%, Best Valid: 20.00%, Best Test: 17.10%
Epoch: 100, Loss: 0.0075, Train: 100.00%, Valid: 79.20%, Test: 77.90%, Best Valid: 80.20%, Best Test: 76.90%
Epoch: 200, Loss: 0.0042, Train: 100.00%, Valid: 79.00%, Test: 79.10%, Best Valid: 80.40%, Best Test: 78.70%
Epoch: 300, Loss: 0.0082, Train: 100.00%, Valid: 79.80%, Test: 79.10%, Best Valid: 80.40%, Best Test: 78.70%
Epoch: 400, Loss: 0.0077, Train: 100.00%, Valid: 80.20%, Test: 78.00%, Best Valid: 80.60%, Best Test: 79.10%
Run 01:
Highest Train: 100.00
Highest Valid: 80.60
Highest Test: 79.80
Chosen epoch: 366
Final Train: 100.00
Final Test: 79.10
train:torch.Size([70]), valid:torch.Size([500]), test:torch.Size([1000])
Pre-training MLP for 500 epochs to generate co-occurrence matrix...
Penalty transform 'homophily': rel Frobenius dist to original = 0.0526, off-diag CV of original penalty = 0.0592
MLP pre-training complete. Penalty matrix frozen.
Epoch: 00, Loss: 2.3328, Train: 20.00%, Valid: 17.40%, Test: 15.20%, Best Valid: 17.40%, Best Test: 15.20%
Epoch: 100, Loss: 0.0037, Train: 100.00%, Valid: 66.00%, Test: 67.10%, Best Valid: 73.40%, Best Test: 75.20%
Epoch: 200, Loss: 0.0088, Train: 100.00%, Valid: 67.40%, Test: 70.40%, Best Valid: 73.40%, Best Test: 75.20%
Epoch: 300, Loss: 0.0150, Train: 100.00%, Valid: 68.60%, Test: 71.00%, Best Valid: 73.40%, Best Test: 75.20%
Epoch: 400, Loss: 0.0025, Train: 100.00%, Valid: 68.00%, Test: 69.40%, Best Valid: 73.40%, Best Test: 75.20%
Run 02:
Highest Train: 100.00
Highest Valid: 73.40
Highest Test: 75.20
Chosen epoch: 36
Final Train: 100.00
Final Test: 75.20
train:torch.Size([70]), valid:torch.Size([500]), test:torch.Size([1000])
Pre-training MLP for 500 epochs to generate co-occurrence matrix...
Penalty transform 'homophily': rel Frobenius dist to original = 0.0702, off-diag CV of original penalty = 0.0780
MLP pre-training complete. Penalty matrix frozen.
Epoch: 00, Loss: 2.3325, Train: 17.14%, Valid: 9.40%, Test: 12.20%, Best Valid: 9.40%, Best Test: 12.20%
Epoch: 100, Loss: 0.0117, Train: 100.00%, Valid: 69.00%, Test: 68.10%, Best Valid: 79.60%, Best Test: 77.90%
Epoch: 200, Loss: 0.0079, Train: 100.00%, Valid: 72.60%, Test: 73.80%, Best Valid: 79.60%, Best Test: 77.90%
Epoch: 300, Loss: 0.0065, Train: 100.00%, Valid: 72.80%, Test: 73.10%, Best Valid: 79.60%, Best Test: 77.90%
Epoch: 400, Loss: 0.0089, Train: 100.00%, Valid: 72.60%, Test: 72.30%, Best Valid: 79.60%, Best Test: 77.90%
Run 03:
Highest Train: 100.00
Highest Valid: 79.60
Highest Test: 78.00
Chosen epoch: 41
Final Train: 98.57
Final Test: 77.90
train:torch.Size([70]), valid:torch.Size([500]), test:torch.Size([1000])
Pre-training MLP for 500 epochs to generate co-occurrence matrix...
Penalty transform 'homophily': rel Frobenius dist to original = 0.0276, off-diag CV of original penalty = 0.0342
MLP pre-training complete. Penalty matrix frozen.
Epoch: 00, Loss: 2.3333, Train: 20.00%, Valid: 16.20%, Test: 15.80%, Best Valid: 16.20%, Best Test: 15.80%
Epoch: 100, Loss: 0.0121, Train: 100.00%, Valid: 75.60%, Test: 77.30%, Best Valid: 77.00%, Best Test: 79.00%
Epoch: 200, Loss: 0.0049, Train: 100.00%, Valid: 74.60%, Test: 77.90%, Best Valid: 77.00%, Best Test: 79.00%
Epoch: 300, Loss: 0.0060, Train: 100.00%, Valid: 72.80%, Test: 76.50%, Best Valid: 77.00%, Best Test: 79.00%
Epoch: 400, Loss: 0.0036, Train: 100.00%, Valid: 75.40%, Test: 78.00%, Best Valid: 77.00%, Best Test: 79.00%
Run 04:
Highest Train: 100.00
Highest Valid: 77.00
Highest Test: 79.20
Chosen epoch: 31
Final Train: 98.57
Final Test: 79.00
train:torch.Size([70]), valid:torch.Size([500]), test:torch.Size([1000])
Pre-training MLP for 500 epochs to generate co-occurrence matrix...
Penalty transform 'homophily': rel Frobenius dist to original = 0.0432, off-diag CV of original penalty = 0.0482
MLP pre-training complete. Penalty matrix frozen.
Epoch: 00, Loss: 2.3382, Train: 38.57%, Valid: 20.60%, Test: 21.50%, Best Valid: 20.60%, Best Test: 21.50%
Epoch: 100, Loss: 0.0036, Train: 100.00%, Valid: 79.20%, Test: 77.20%, Best Valid: 82.00%, Best Test: 78.30%
Epoch: 200, Loss: 0.0058, Train: 100.00%, Valid: 80.60%, Test: 77.30%, Best Valid: 82.00%, Best Test: 78.30%
Epoch: 300, Loss: 0.0047, Train: 100.00%, Valid: 80.80%, Test: 77.30%, Best Valid: 82.00%, Best Test: 78.30%
Epoch: 400, Loss: 0.0040, Train: 100.00%, Valid: 78.40%, Test: 75.90%, Best Valid: 82.00%, Best Test: 78.30%
Run 05:
Highest Train: 100.00
Highest Valid: 82.00
Highest Test: 78.70
Chosen epoch: 28
Final Train: 100.00
Final Test: 78.30
train:torch.Size([70]), valid:torch.Size([500]), test:torch.Size([1000])
Pre-training MLP for 500 epochs to generate co-occurrence matrix...
Penalty transform 'homophily': rel Frobenius dist to original = 0.0291, off-diag CV of original penalty = 0.0399
MLP pre-training complete. Penalty matrix frozen.
Epoch: 00, Loss: 2.3523, Train: 18.57%, Valid: 12.60%, Test: 12.60%, Best Valid: 12.60%, Best Test: 12.60%
Epoch: 100, Loss: 0.0016, Train: 100.00%, Valid: 74.80%, Test: 76.60%, Best Valid: 76.60%, Best Test: 78.30%
Epoch: 200, Loss: 0.0054, Train: 100.00%, Valid: 75.20%, Test: 75.30%, Best Valid: 76.60%, Best Test: 78.30%
Epoch: 300, Loss: 0.0024, Train: 100.00%, Valid: 75.00%, Test: 76.10%, Best Valid: 77.80%, Best Test: 78.50%
Epoch: 400, Loss: 0.0039, Train: 100.00%, Valid: 75.80%, Test: 77.40%, Best Valid: 77.80%, Best Test: 78.50%
Run 06:
Highest Train: 100.00
Highest Valid: 77.80
Highest Test: 78.90
Chosen epoch: 257
Final Train: 100.00
Final Test: 78.50
train:torch.Size([70]), valid:torch.Size([500]), test:torch.Size([1000])
Pre-training MLP for 500 epochs to generate co-occurrence matrix...
Penalty transform 'homophily': rel Frobenius dist to original = 0.0545, off-diag CV of original penalty = 0.0582
MLP pre-training complete. Penalty matrix frozen.
Epoch: 00, Loss: 2.3384, Train: 20.00%, Valid: 12.60%, Test: 13.30%, Best Valid: 12.60%, Best Test: 13.30%
Epoch: 100, Loss: 0.0122, Train: 100.00%, Valid: 70.80%, Test: 69.80%, Best Valid: 76.40%, Best Test: 74.90%
Epoch: 200, Loss: 0.0042, Train: 100.00%, Valid: 68.80%, Test: 65.90%, Best Valid: 76.40%, Best Test: 74.90%
Epoch: 300, Loss: 0.0026, Train: 100.00%, Valid: 71.00%, Test: 69.20%, Best Valid: 76.40%, Best Test: 74.90%
Epoch: 400, Loss: 0.0051, Train: 100.00%, Valid: 72.00%, Test: 71.30%, Best Valid: 76.40%, Best Test: 74.90%
Run 07:
Highest Train: 100.00
Highest Valid: 76.40
Highest Test: 75.80
Chosen epoch: 39
Final Train: 100.00
Final Test: 74.90
train:torch.Size([70]), valid:torch.Size([500]), test:torch.Size([1000])
Pre-training MLP for 500 epochs to generate co-occurrence matrix...
Penalty transform 'homophily': rel Frobenius dist to original = 0.0632, off-diag CV of original penalty = 0.0682
MLP pre-training complete. Penalty matrix frozen.
Epoch: 00, Loss: 2.3391, Train: 20.00%, Valid: 11.80%, Test: 10.40%, Best Valid: 11.80%, Best Test: 10.40%
Epoch: 100, Loss: 0.0051, Train: 100.00%, Valid: 82.00%, Test: 81.30%, Best Valid: 82.60%, Best Test: 81.40%
Epoch: 200, Loss: 0.0050, Train: 100.00%, Valid: 78.80%, Test: 78.50%, Best Valid: 82.60%, Best Test: 81.40%
Epoch: 300, Loss: 0.0029, Train: 100.00%, Valid: 80.00%, Test: 79.30%, Best Valid: 82.60%, Best Test: 81.40%
Epoch: 400, Loss: 0.0036, Train: 100.00%, Valid: 80.20%, Test: 78.90%, Best Valid: 82.60%, Best Test: 81.40%
Run 08:
Highest Train: 100.00
Highest Valid: 82.60
Highest Test: 82.10
Chosen epoch: 95
Final Train: 100.00
Final Test: 81.40
train:torch.Size([70]), valid:torch.Size([500]), test:torch.Size([1000])
Pre-training MLP for 500 epochs to generate co-occurrence matrix...
Penalty transform 'homophily': rel Frobenius dist to original = 0.0520, off-diag CV of original penalty = 0.0646
MLP pre-training complete. Penalty matrix frozen.
Epoch: 00, Loss: 2.3382, Train: 20.00%, Valid: 23.60%, Test: 24.90%, Best Valid: 23.60%, Best Test: 24.90%
Epoch: 100, Loss: 0.0040, Train: 100.00%, Valid: 80.20%, Test: 76.00%, Best Valid: 82.60%, Best Test: 77.40%
Epoch: 200, Loss: 0.0052, Train: 100.00%, Valid: 80.20%, Test: 75.60%, Best Valid: 82.60%, Best Test: 77.40%
Epoch: 300, Loss: 0.0047, Train: 100.00%, Valid: 81.00%, Test: 75.70%, Best Valid: 82.60%, Best Test: 77.40%
Epoch: 400, Loss: 0.0074, Train: 100.00%, Valid: 80.40%, Test: 75.30%, Best Valid: 82.60%, Best Test: 77.40%
Run 09:
Highest Train: 100.00
Highest Valid: 82.60
Highest Test: 78.00
Chosen epoch: 35
Final Train: 98.57
Final Test: 77.40
train:torch.Size([70]), valid:torch.Size([500]), test:torch.Size([1000])
Pre-training MLP for 500 epochs to generate co-occurrence matrix...
Penalty transform 'homophily': rel Frobenius dist to original = 0.0374, off-diag CV of original penalty = 0.0480
MLP pre-training complete. Penalty matrix frozen.
Epoch: 00, Loss: 2.3402, Train: 37.14%, Valid: 16.00%, Test: 17.40%, Best Valid: 16.00%, Best Test: 17.40%
Epoch: 100, Loss: 0.0090, Train: 100.00%, Valid: 77.60%, Test: 75.90%, Best Valid: 79.80%, Best Test: 77.00%
Epoch: 200, Loss: 0.0027, Train: 100.00%, Valid: 77.20%, Test: 76.10%, Best Valid: 79.80%, Best Test: 77.00%
Epoch: 300, Loss: 0.0066, Train: 100.00%, Valid: 72.80%, Test: 72.40%, Best Valid: 79.80%, Best Test: 77.00%
Epoch: 400, Loss: 0.0039, Train: 100.00%, Valid: 74.40%, Test: 72.80%, Best Valid: 79.80%, Best Test: 77.00%
Run 10:
Highest Train: 100.00
Highest Valid: 79.80
Highest Test: 77.90
Chosen epoch: 35
Final Train: 98.57
Final Test: 77.00
All runs:
Highest Train: 100.00 ± 0.00
Highest Test: 78.36 ± 1.95
Highest Valid: 79.18 ± 3.01
  Final Train: 99.43 ± 0.74
   Final Test: 77.87 ± 1.91
Saving results to results/lowlabel/cora/MPNN_gcn.csv
--- mlp_reg/homophily control | lambda=0.4 ---
Namespace(bn=False, budget_tag='10', cooc_file='', count_reg=False, count_smoothing=1.0, cpu=False, data_dir='./data/', dataset='cora', device=0, display_step=100, dropout=0.7, epochs=500, gnn='gcn', hidden_channels=512, jk=False, label_num_per_class=10, lambda_val=0.4, ln=False, local_layers=3, lr=0.001, metric='acc', mlp_epochs=500, mlp_reg=True, model='MPNN', model_dir='models', num_heads=1, oracle_reg=False, paired_seeds=True, penalty_transform='homophily', pre_linear=False, pre_ln=False, rand_split=False, rand_split_class=True, reg_start_epoch=10, reg_update_freq=5, res=False, resample_split_per_run=True, result_dir='results/lowlabel', runs=10, save_model=False, seed=123, source_mode='keep', test_num=1000, train_per_class=0, train_prop=0.5, use_reg=True, valid_num=500, valid_per_class=0, valid_prop=0.25, weight_decay=0.0005, year_split=0)
cora
Num nodes: 2708
train:torch.Size([70]), valid:torch.Size([500]), test:torch.Size([1000])
dataset cora | num nodes 2708 | num edge 10556 | num node feats 1433 | num classes 7
MODEL: MPNNs(
  (h_lins): ModuleList()
  (local_convs): ModuleList(
    (0): GCNConv(1433, 512)
    (1): GCNConv(512, 512)
    (2): GCNConv(512, 512)
  )
  (lins): ModuleList(
    (0): Linear(in_features=1433, out_features=512, bias=True)
    (1): Linear(in_features=512, out_features=512, bias=True)
    (2): Linear(in_features=512, out_features=512, bias=True)
  )
  (lns): ModuleList(
    (0): LayerNorm((512,), eps=1e-05, elementwise_affine=True)
    (1): LayerNorm((512,), eps=1e-05, elementwise_affine=True)
    (2): LayerNorm((512,), eps=1e-05, elementwise_affine=True)
  )
  (bns): ModuleList(
    (0): BatchNorm1d(512, eps=1e-05, momentum=0.1, affine=True, track_running_stats=True)
    (1): BatchNorm1d(512, eps=1e-05, momentum=0.1, affine=True, track_running_stats=True)
    (2): BatchNorm1d(512, eps=1e-05, momentum=0.1, affine=True, track_running_stats=True)
  )
  (lin_in): Linear(in_features=1433, out_features=512, bias=True)
  (pred_local): Linear(in_features=512, out_features=7, bias=True)
)
train:torch.Size([70]), valid:torch.Size([500]), test:torch.Size([1000])
Pre-training MLP for 500 epochs to generate co-occurrence matrix...
Penalty transform 'homophily': rel Frobenius dist to original = 0.0694, off-diag CV of original penalty = 0.0758
MLP pre-training complete. Penalty matrix frozen.
Epoch: 00, Loss: 2.7155, Train: 21.43%, Valid: 20.00%, Test: 16.80%, Best Valid: 20.00%, Best Test: 16.80%
Epoch: 100, Loss: 0.0097, Train: 100.00%, Valid: 80.00%, Test: 78.10%, Best Valid: 80.40%, Best Test: 78.20%
Epoch: 200, Loss: 0.0049, Train: 100.00%, Valid: 78.80%, Test: 78.60%, Best Valid: 80.40%, Best Test: 78.20%
Epoch: 300, Loss: 0.0097, Train: 100.00%, Valid: 79.40%, Test: 79.10%, Best Valid: 80.60%, Best Test: 78.80%
Epoch: 400, Loss: 0.0094, Train: 100.00%, Valid: 80.20%, Test: 78.00%, Best Valid: 80.60%, Best Test: 78.80%
Run 01:
Highest Train: 100.00
Highest Valid: 80.60
Highest Test: 79.60
Chosen epoch: 239
Final Train: 100.00
Final Test: 78.80
train:torch.Size([70]), valid:torch.Size([500]), test:torch.Size([1000])
Pre-training MLP for 500 epochs to generate co-occurrence matrix...
Penalty transform 'homophily': rel Frobenius dist to original = 0.0526, off-diag CV of original penalty = 0.0592
MLP pre-training complete. Penalty matrix frozen.
Epoch: 00, Loss: 2.7216, Train: 20.00%, Valid: 17.20%, Test: 15.20%, Best Valid: 17.20%, Best Test: 15.20%
Epoch: 100, Loss: 0.0042, Train: 100.00%, Valid: 65.80%, Test: 66.90%, Best Valid: 73.40%, Best Test: 75.20%
Epoch: 200, Loss: 0.0088, Train: 100.00%, Valid: 67.40%, Test: 70.20%, Best Valid: 73.40%, Best Test: 75.20%
Epoch: 300, Loss: 0.0188, Train: 100.00%, Valid: 68.80%, Test: 71.20%, Best Valid: 73.40%, Best Test: 75.20%
Epoch: 400, Loss: 0.0028, Train: 100.00%, Valid: 68.60%, Test: 69.90%, Best Valid: 73.40%, Best Test: 75.20%
Run 02:
Highest Train: 100.00
Highest Valid: 73.40
Highest Test: 75.20
Chosen epoch: 37
Final Train: 100.00
Final Test: 75.20
train:torch.Size([70]), valid:torch.Size([500]), test:torch.Size([1000])
Pre-training MLP for 500 epochs to generate co-occurrence matrix...
Penalty transform 'homophily': rel Frobenius dist to original = 0.0702, off-diag CV of original penalty = 0.0780
MLP pre-training complete. Penalty matrix frozen.
Epoch: 00, Loss: 2.7212, Train: 17.14%, Valid: 9.40%, Test: 12.20%, Best Valid: 9.40%, Best Test: 12.20%
Epoch: 100, Loss: 0.0147, Train: 100.00%, Valid: 70.40%, Test: 69.30%, Best Valid: 79.00%, Best Test: 77.90%
Epoch: 200, Loss: 0.0101, Train: 100.00%, Valid: 73.00%, Test: 74.50%, Best Valid: 79.00%, Best Test: 77.90%
Epoch: 300, Loss: 0.0074, Train: 100.00%, Valid: 73.40%, Test: 73.50%, Best Valid: 79.00%, Best Test: 77.90%
Epoch: 400, Loss: 0.0112, Train: 100.00%, Valid: 73.00%, Test: 72.50%, Best Valid: 79.00%, Best Test: 77.90%
Run 03:
Highest Train: 100.00
Highest Valid: 79.00
Highest Test: 78.00
Chosen epoch: 40
Final Train: 98.57
Final Test: 77.90
train:torch.Size([70]), valid:torch.Size([500]), test:torch.Size([1000])
Pre-training MLP for 500 epochs to generate co-occurrence matrix...
Penalty transform 'homophily': rel Frobenius dist to original = 0.0276, off-diag CV of original penalty = 0.0342
MLP pre-training complete. Penalty matrix frozen.
Epoch: 00, Loss: 2.7222, Train: 20.00%, Valid: 16.20%, Test: 15.80%, Best Valid: 16.20%, Best Test: 15.80%
Epoch: 100, Loss: 0.0145, Train: 100.00%, Valid: 75.80%, Test: 78.00%, Best Valid: 77.40%, Best Test: 78.60%
Epoch: 200, Loss: 0.0057, Train: 100.00%, Valid: 75.40%, Test: 78.00%, Best Valid: 77.40%, Best Test: 78.60%
Epoch: 300, Loss: 0.0069, Train: 100.00%, Valid: 73.60%, Test: 76.60%, Best Valid: 77.40%, Best Test: 78.60%
Epoch: 400, Loss: 0.0042, Train: 100.00%, Valid: 75.20%, Test: 78.10%, Best Valid: 77.40%, Best Test: 78.60%
Run 04:
Highest Train: 100.00
Highest Valid: 77.40
Highest Test: 79.20
Chosen epoch: 32
Final Train: 98.57
Final Test: 78.60
train:torch.Size([70]), valid:torch.Size([500]), test:torch.Size([1000])
Pre-training MLP for 500 epochs to generate co-occurrence matrix...
Penalty transform 'homophily': rel Frobenius dist to original = 0.0432, off-diag CV of original penalty = 0.0482
MLP pre-training complete. Penalty matrix frozen.
Epoch: 00, Loss: 2.7279, Train: 38.57%, Valid: 20.20%, Test: 21.50%, Best Valid: 20.20%, Best Test: 21.50%
Epoch: 100, Loss: 0.0038, Train: 100.00%, Valid: 80.00%, Test: 77.40%, Best Valid: 82.40%, Best Test: 78.30%
Epoch: 200, Loss: 0.0068, Train: 100.00%, Valid: 81.20%, Test: 77.70%, Best Valid: 82.40%, Best Test: 78.30%
Epoch: 300, Loss: 0.0060, Train: 100.00%, Valid: 80.60%, Test: 77.30%, Best Valid: 82.40%, Best Test: 78.30%
Epoch: 400, Loss: 0.0048, Train: 100.00%, Valid: 78.80%, Test: 76.30%, Best Valid: 82.40%, Best Test: 78.30%
Run 05:
Highest Train: 100.00
Highest Valid: 82.40
Highest Test: 79.00
Chosen epoch: 28
Final Train: 100.00
Final Test: 78.30
train:torch.Size([70]), valid:torch.Size([500]), test:torch.Size([1000])
Pre-training MLP for 500 epochs to generate co-occurrence matrix...
Penalty transform 'homophily': rel Frobenius dist to original = 0.0291, off-diag CV of original penalty = 0.0399
MLP pre-training complete. Penalty matrix frozen.
Epoch: 00, Loss: 2.7443, Train: 18.57%, Valid: 12.60%, Test: 12.60%, Best Valid: 12.60%, Best Test: 12.60%
Epoch: 100, Loss: 0.0018, Train: 100.00%, Valid: 74.80%, Test: 76.70%, Best Valid: 77.00%, Best Test: 78.50%
Epoch: 200, Loss: 0.0064, Train: 100.00%, Valid: 75.40%, Test: 75.00%, Best Valid: 77.00%, Best Test: 78.50%
Epoch: 300, Loss: 0.0028, Train: 100.00%, Valid: 75.00%, Test: 76.00%, Best Valid: 77.80%, Best Test: 78.90%
Epoch: 400, Loss: 0.0046, Train: 100.00%, Valid: 76.00%, Test: 77.90%, Best Valid: 77.80%, Best Test: 78.90%
Run 06:
Highest Train: 100.00
Highest Valid: 77.80
Highest Test: 79.00
Chosen epoch: 255
Final Train: 100.00
Final Test: 78.90
train:torch.Size([70]), valid:torch.Size([500]), test:torch.Size([1000])
Pre-training MLP for 500 epochs to generate co-occurrence matrix...
Penalty transform 'homophily': rel Frobenius dist to original = 0.0545, off-diag CV of original penalty = 0.0582
MLP pre-training complete. Penalty matrix frozen.
Epoch: 00, Loss: 2.7281, Train: 20.00%, Valid: 12.60%, Test: 13.10%, Best Valid: 12.60%, Best Test: 13.10%
Epoch: 100, Loss: 0.0156, Train: 100.00%, Valid: 71.40%, Test: 70.10%, Best Valid: 76.20%, Best Test: 75.20%
Epoch: 200, Loss: 0.0047, Train: 100.00%, Valid: 69.80%, Test: 66.30%, Best Valid: 76.20%, Best Test: 75.20%
Epoch: 300, Loss: 0.0033, Train: 100.00%, Valid: 70.80%, Test: 69.60%, Best Valid: 76.20%, Best Test: 75.20%
Epoch: 400, Loss: 0.0059, Train: 100.00%, Valid: 72.00%, Test: 71.20%, Best Valid: 76.20%, Best Test: 75.20%
Run 07:
Highest Train: 100.00
Highest Valid: 76.20
Highest Test: 75.80
Chosen epoch: 39
Final Train: 100.00
Final Test: 75.20
train:torch.Size([70]), valid:torch.Size([500]), test:torch.Size([1000])
Pre-training MLP for 500 epochs to generate co-occurrence matrix...
Penalty transform 'homophily': rel Frobenius dist to original = 0.0632, off-diag CV of original penalty = 0.0682
MLP pre-training complete. Penalty matrix frozen.
Epoch: 00, Loss: 2.7290, Train: 20.00%, Valid: 11.80%, Test: 10.20%, Best Valid: 11.80%, Best Test: 10.20%
Epoch: 100, Loss: 0.0054, Train: 100.00%, Valid: 81.80%, Test: 81.50%, Best Valid: 82.40%, Best Test: 81.90%
Epoch: 200, Loss: 0.0054, Train: 100.00%, Valid: 79.00%, Test: 78.60%, Best Valid: 82.40%, Best Test: 81.90%
Epoch: 300, Loss: 0.0034, Train: 100.00%, Valid: 80.40%, Test: 79.50%, Best Valid: 82.40%, Best Test: 81.90%
Epoch: 400, Loss: 0.0042, Train: 100.00%, Valid: 80.20%, Test: 79.20%, Best Valid: 82.40%, Best Test: 81.90%
Run 08:
Highest Train: 100.00
Highest Valid: 82.40
Highest Test: 82.30
Chosen epoch: 32
Final Train: 100.00
Final Test: 81.90
train:torch.Size([70]), valid:torch.Size([500]), test:torch.Size([1000])
Pre-training MLP for 500 epochs to generate co-occurrence matrix...
Penalty transform 'homophily': rel Frobenius dist to original = 0.0520, off-diag CV of original penalty = 0.0646
MLP pre-training complete. Penalty matrix frozen.
Epoch: 00, Loss: 2.7279, Train: 20.00%, Valid: 23.60%, Test: 25.00%, Best Valid: 23.60%, Best Test: 25.00%
Epoch: 100, Loss: 0.0045, Train: 100.00%, Valid: 80.60%, Test: 76.50%, Best Valid: 82.80%, Best Test: 77.40%
Epoch: 200, Loss: 0.0061, Train: 100.00%, Valid: 80.40%, Test: 76.20%, Best Valid: 82.80%, Best Test: 77.40%
Epoch: 300, Loss: 0.0052, Train: 100.00%, Valid: 81.00%, Test: 76.20%, Best Valid: 82.80%, Best Test: 77.40%
Epoch: 400, Loss: 0.0090, Train: 100.00%, Valid: 80.40%, Test: 75.70%, Best Valid: 82.80%, Best Test: 77.40%
Run 09:
Highest Train: 100.00
Highest Valid: 82.80
Highest Test: 78.20
Chosen epoch: 35
Final Train: 98.57
Final Test: 77.40
train:torch.Size([70]), valid:torch.Size([500]), test:torch.Size([1000])
Pre-training MLP for 500 epochs to generate co-occurrence matrix...
Penalty transform 'homophily': rel Frobenius dist to original = 0.0374, off-diag CV of original penalty = 0.0480
MLP pre-training complete. Penalty matrix frozen.
Epoch: 00, Loss: 2.7302, Train: 37.14%, Valid: 16.20%, Test: 17.40%, Best Valid: 16.20%, Best Test: 17.40%
Epoch: 100, Loss: 0.0112, Train: 100.00%, Valid: 78.20%, Test: 76.00%, Best Valid: 80.20%, Best Test: 76.50%
Epoch: 200, Loss: 0.0035, Train: 100.00%, Valid: 78.00%, Test: 76.10%, Best Valid: 80.20%, Best Test: 76.50%
Epoch: 300, Loss: 0.0082, Train: 100.00%, Valid: 74.00%, Test: 72.50%, Best Valid: 80.20%, Best Test: 76.50%
Epoch: 400, Loss: 0.0043, Train: 100.00%, Valid: 74.40%, Test: 73.00%, Best Valid: 80.20%, Best Test: 76.50%
Run 10:
Highest Train: 100.00
Highest Valid: 80.20
Highest Test: 78.20
Chosen epoch: 45
Final Train: 100.00
Final Test: 76.50
All runs:
Highest Train: 100.00 ± 0.00
Highest Test: 78.45 ± 1.98
Highest Valid: 79.22 ± 3.06
  Final Train: 99.57 ± 0.69
   Final Test: 77.87 ± 1.98
Saving results to results/lowlabel/cora/MPNN_gcn.csv
--- mlp_reg/homophily control | lambda=0.8 ---
Namespace(bn=False, budget_tag='10', cooc_file='', count_reg=False, count_smoothing=1.0, cpu=False, data_dir='./data/', dataset='cora', device=0, display_step=100, dropout=0.7, epochs=500, gnn='gcn', hidden_channels=512, jk=False, label_num_per_class=10, lambda_val=0.8, ln=False, local_layers=3, lr=0.001, metric='acc', mlp_epochs=500, mlp_reg=True, model='MPNN', model_dir='models', num_heads=1, oracle_reg=False, paired_seeds=True, penalty_transform='homophily', pre_linear=False, pre_ln=False, rand_split=False, rand_split_class=True, reg_start_epoch=10, reg_update_freq=5, res=False, resample_split_per_run=True, result_dir='results/lowlabel', runs=10, save_model=False, seed=123, source_mode='keep', test_num=1000, train_per_class=0, train_prop=0.5, use_reg=True, valid_num=500, valid_per_class=0, valid_prop=0.25, weight_decay=0.0005, year_split=0)
cora
Num nodes: 2708
train:torch.Size([70]), valid:torch.Size([500]), test:torch.Size([1000])
dataset cora | num nodes 2708 | num edge 10556 | num node feats 1433 | num classes 7
MODEL: MPNNs(
  (h_lins): ModuleList()
  (local_convs): ModuleList(
    (0): GCNConv(1433, 512)
    (1): GCNConv(512, 512)
    (2): GCNConv(512, 512)
  )
  (lins): ModuleList(
    (0): Linear(in_features=1433, out_features=512, bias=True)
    (1): Linear(in_features=512, out_features=512, bias=True)
    (2): Linear(in_features=512, out_features=512, bias=True)
  )
  (lns): ModuleList(
    (0): LayerNorm((512,), eps=1e-05, elementwise_affine=True)
    (1): LayerNorm((512,), eps=1e-05, elementwise_affine=True)
    (2): LayerNorm((512,), eps=1e-05, elementwise_affine=True)
  )
  (bns): ModuleList(
    (0): BatchNorm1d(512, eps=1e-05, momentum=0.1, affine=True, track_running_stats=True)
    (1): BatchNorm1d(512, eps=1e-05, momentum=0.1, affine=True, track_running_stats=True)
    (2): BatchNorm1d(512, eps=1e-05, momentum=0.1, affine=True, track_running_stats=True)
  )
  (lin_in): Linear(in_features=1433, out_features=512, bias=True)
  (pred_local): Linear(in_features=512, out_features=7, bias=True)
)
train:torch.Size([70]), valid:torch.Size([500]), test:torch.Size([1000])
Pre-training MLP for 500 epochs to generate co-occurrence matrix...
Penalty transform 'homophily': rel Frobenius dist to original = 0.0694, off-diag CV of original penalty = 0.0758
MLP pre-training complete. Penalty matrix frozen.
Epoch: 00, Loss: 3.4913, Train: 21.43%, Valid: 20.20%, Test: 16.90%, Best Valid: 20.20%, Best Test: 16.90%
Epoch: 100, Loss: 0.0122, Train: 100.00%, Valid: 79.20%, Test: 77.80%, Best Valid: 80.60%, Best Test: 76.70%
Epoch: 200, Loss: 0.0054, Train: 100.00%, Valid: 79.20%, Test: 78.70%, Best Valid: 80.60%, Best Test: 76.70%
Epoch: 300, Loss: 0.0117, Train: 100.00%, Valid: 79.60%, Test: 79.30%, Best Valid: 80.60%, Best Test: 76.70%
Epoch: 400, Loss: 0.0119, Train: 100.00%, Valid: 80.20%, Test: 78.00%, Best Valid: 80.80%, Best Test: 79.10%
Run 01:
Highest Train: 100.00
Highest Valid: 81.00
Highest Test: 79.70
Chosen epoch: 406
Final Train: 100.00
Final Test: 78.80
train:torch.Size([70]), valid:torch.Size([500]), test:torch.Size([1000])
Pre-training MLP for 500 epochs to generate co-occurrence matrix...
Penalty transform 'homophily': rel Frobenius dist to original = 0.0526, off-diag CV of original penalty = 0.0592
MLP pre-training complete. Penalty matrix frozen.
Epoch: 00, Loss: 3.4992, Train: 20.00%, Valid: 17.20%, Test: 14.80%, Best Valid: 17.20%, Best Test: 14.80%
Epoch: 100, Loss: 0.0056, Train: 100.00%, Valid: 65.80%, Test: 67.00%, Best Valid: 73.80%, Best Test: 75.00%
Epoch: 200, Loss: 0.0104, Train: 100.00%, Valid: 67.00%, Test: 69.90%, Best Valid: 73.80%, Best Test: 75.00%
Epoch: 300, Loss: 0.0228, Train: 100.00%, Valid: 69.00%, Test: 71.50%, Best Valid: 73.80%, Best Test: 75.00%
Epoch: 400, Loss: 0.0038, Train: 100.00%, Valid: 69.00%, Test: 70.40%, Best Valid: 73.80%, Best Test: 75.00%
Run 02:
Highest Train: 100.00
Highest Valid: 73.80
Highest Test: 75.30
Chosen epoch: 38
Final Train: 100.00
Final Test: 75.00
train:torch.Size([70]), valid:torch.Size([500]), test:torch.Size([1000])
Pre-training MLP for 500 epochs to generate co-occurrence matrix...
Penalty transform 'homophily': rel Frobenius dist to original = 0.0702, off-diag CV of original penalty = 0.0780
MLP pre-training complete. Penalty matrix frozen.
Epoch: 00, Loss: 3.4987, Train: 17.14%, Valid: 9.40%, Test: 12.30%, Best Valid: 9.40%, Best Test: 12.30%
Epoch: 100, Loss: 0.0173, Train: 100.00%, Valid: 70.60%, Test: 70.80%, Best Valid: 79.40%, Best Test: 78.50%
Epoch: 200, Loss: 0.0112, Train: 100.00%, Valid: 74.40%, Test: 74.80%, Best Valid: 79.40%, Best Test: 78.50%
Epoch: 300, Loss: 0.0091, Train: 100.00%, Valid: 73.60%, Test: 73.90%, Best Valid: 79.40%, Best Test: 78.50%
Epoch: 400, Loss: 0.0143, Train: 100.00%, Valid: 73.80%, Test: 73.20%, Best Valid: 79.40%, Best Test: 78.50%
Run 03:
Highest Train: 100.00
Highest Valid: 79.40
Highest Test: 78.50
Chosen epoch: 41
Final Train: 98.57
Final Test: 78.50
train:torch.Size([70]), valid:torch.Size([500]), test:torch.Size([1000])
Pre-training MLP for 500 epochs to generate co-occurrence matrix...
Penalty transform 'homophily': rel Frobenius dist to original = 0.0276, off-diag CV of original penalty = 0.0342
MLP pre-training complete. Penalty matrix frozen.
Epoch: 00, Loss: 3.4999, Train: 18.57%, Valid: 16.20%, Test: 15.80%, Best Valid: 16.20%, Best Test: 15.80%
Epoch: 100, Loss: 0.0176, Train: 100.00%, Valid: 75.80%, Test: 78.00%, Best Valid: 77.60%, Best Test: 78.40%
Epoch: 200, Loss: 0.0070, Train: 100.00%, Valid: 75.80%, Test: 78.60%, Best Valid: 77.60%, Best Test: 78.40%
Epoch: 300, Loss: 0.0087, Train: 100.00%, Valid: 74.20%, Test: 77.20%, Best Valid: 77.60%, Best Test: 78.40%
Epoch: 400, Loss: 0.0056, Train: 100.00%, Valid: 76.20%, Test: 78.40%, Best Valid: 77.60%, Best Test: 78.40%
Run 04:
Highest Train: 100.00
Highest Valid: 77.60
Highest Test: 79.50
Chosen epoch: 31
Final Train: 98.57
Final Test: 78.40
train:torch.Size([70]), valid:torch.Size([500]), test:torch.Size([1000])
Pre-training MLP for 500 epochs to generate co-occurrence matrix...
Penalty transform 'homophily': rel Frobenius dist to original = 0.0432, off-diag CV of original penalty = 0.0482
MLP pre-training complete. Penalty matrix frozen.
Epoch: 00, Loss: 3.5073, Train: 38.57%, Valid: 19.40%, Test: 21.30%, Best Valid: 19.40%, Best Test: 21.30%
Epoch: 100, Loss: 0.0050, Train: 100.00%, Valid: 80.40%, Test: 78.00%, Best Valid: 82.60%, Best Test: 79.20%
Epoch: 200, Loss: 0.0090, Train: 100.00%, Valid: 81.00%, Test: 78.00%, Best Valid: 82.60%, Best Test: 79.20%
Epoch: 300, Loss: 0.0075, Train: 100.00%, Valid: 80.20%, Test: 77.50%, Best Valid: 82.60%, Best Test: 79.20%
Epoch: 400, Loss: 0.0061, Train: 100.00%, Valid: 79.20%, Test: 77.00%, Best Valid: 82.60%, Best Test: 79.20%
Run 05:
Highest Train: 100.00
Highest Valid: 82.60
Highest Test: 79.30
Chosen epoch: 30
Final Train: 100.00
Final Test: 79.20
train:torch.Size([70]), valid:torch.Size([500]), test:torch.Size([1000])
Pre-training MLP for 500 epochs to generate co-occurrence matrix...
Penalty transform 'homophily': rel Frobenius dist to original = 0.0291, off-diag CV of original penalty = 0.0399
MLP pre-training complete. Penalty matrix frozen.
Epoch: 00, Loss: 3.5285, Train: 18.57%, Valid: 12.60%, Test: 12.60%, Best Valid: 12.60%, Best Test: 12.60%
Epoch: 100, Loss: 0.0024, Train: 100.00%, Valid: 75.20%, Test: 77.40%, Best Valid: 77.40%, Best Test: 79.00%
Epoch: 200, Loss: 0.0081, Train: 100.00%, Valid: 75.00%, Test: 75.70%, Best Valid: 77.40%, Best Test: 79.00%
Epoch: 300, Loss: 0.0035, Train: 100.00%, Valid: 75.60%, Test: 76.10%, Best Valid: 77.80%, Best Test: 79.30%
Epoch: 400, Loss: 0.0056, Train: 100.00%, Valid: 76.40%, Test: 77.10%, Best Valid: 77.80%, Best Test: 79.30%
Run 06:
Highest Train: 100.00
Highest Valid: 77.80
Highest Test: 79.30
Chosen epoch: 257
Final Train: 100.00
Final Test: 79.30
train:torch.Size([70]), valid:torch.Size([500]), test:torch.Size([1000])
Pre-training MLP for 500 epochs to generate co-occurrence matrix...
Penalty transform 'homophily': rel Frobenius dist to original = 0.0545, off-diag CV of original penalty = 0.0582
MLP pre-training complete. Penalty matrix frozen.
Epoch: 00, Loss: 3.5076, Train: 20.00%, Valid: 12.80%, Test: 13.00%, Best Valid: 12.80%, Best Test: 13.00%
Epoch: 100, Loss: 0.0240, Train: 100.00%, Valid: 71.60%, Test: 71.10%, Best Valid: 76.00%, Best Test: 75.10%
Epoch: 200, Loss: 0.0060, Train: 100.00%, Valid: 69.60%, Test: 66.50%, Best Valid: 76.00%, Best Test: 75.10%
Epoch: 300, Loss: 0.0038, Train: 100.00%, Valid: 69.60%, Test: 69.60%, Best Valid: 76.00%, Best Test: 75.10%
Epoch: 400, Loss: 0.0076, Train: 100.00%, Valid: 72.00%, Test: 71.50%, Best Valid: 76.00%, Best Test: 75.10%
Run 07:
Highest Train: 100.00
Highest Valid: 76.00
Highest Test: 75.60
Chosen epoch: 39
Final Train: 100.00
Final Test: 75.10
train:torch.Size([70]), valid:torch.Size([500]), test:torch.Size([1000])
Pre-training MLP for 500 epochs to generate co-occurrence matrix...
Penalty transform 'homophily': rel Frobenius dist to original = 0.0632, off-diag CV of original penalty = 0.0682
MLP pre-training complete. Penalty matrix frozen.
Epoch: 00, Loss: 3.5087, Train: 21.43%, Valid: 11.40%, Test: 10.40%, Best Valid: 11.40%, Best Test: 10.40%
Epoch: 100, Loss: 0.0077, Train: 100.00%, Valid: 81.80%, Test: 81.80%, Best Valid: 82.60%, Best Test: 82.00%
Epoch: 200, Loss: 0.0071, Train: 100.00%, Valid: 79.40%, Test: 78.90%, Best Valid: 82.60%, Best Test: 82.00%
Epoch: 300, Loss: 0.0045, Train: 100.00%, Valid: 80.80%, Test: 79.60%, Best Valid: 82.60%, Best Test: 82.00%
Epoch: 400, Loss: 0.0058, Train: 100.00%, Valid: 79.80%, Test: 79.30%, Best Valid: 82.60%, Best Test: 82.00%
Run 08:
Highest Train: 100.00
Highest Valid: 82.60
Highest Test: 82.70
Chosen epoch: 32
Final Train: 100.00
Final Test: 82.00
train:torch.Size([70]), valid:torch.Size([500]), test:torch.Size([1000])
Pre-training MLP for 500 epochs to generate co-occurrence matrix...
Penalty transform 'homophily': rel Frobenius dist to original = 0.0520, off-diag CV of original penalty = 0.0646
MLP pre-training complete. Penalty matrix frozen.
Epoch: 00, Loss: 3.5073, Train: 20.00%, Valid: 23.60%, Test: 24.90%, Best Valid: 23.60%, Best Test: 24.90%
Epoch: 100, Loss: 0.0061, Train: 100.00%, Valid: 81.00%, Test: 76.80%, Best Valid: 82.80%, Best Test: 77.90%
Epoch: 200, Loss: 0.0075, Train: 100.00%, Valid: 80.60%, Test: 76.60%, Best Valid: 82.80%, Best Test: 77.90%
Epoch: 300, Loss: 0.0065, Train: 100.00%, Valid: 82.00%, Test: 76.60%, Best Valid: 83.00%, Best Test: 77.40%
Epoch: 400, Loss: 0.0117, Train: 100.00%, Valid: 81.00%, Test: 76.20%, Best Valid: 83.00%, Best Test: 77.40%
Run 09:
Highest Train: 100.00
Highest Valid: 83.00
Highest Test: 78.30
Chosen epoch: 214
Final Train: 100.00
Final Test: 77.40
train:torch.Size([70]), valid:torch.Size([500]), test:torch.Size([1000])
Pre-training MLP for 500 epochs to generate co-occurrence matrix...
Penalty transform 'homophily': rel Frobenius dist to original = 0.0374, off-diag CV of original penalty = 0.0480
MLP pre-training complete. Penalty matrix frozen.
Epoch: 00, Loss: 3.5102, Train: 37.14%, Valid: 16.40%, Test: 17.70%, Best Valid: 16.40%, Best Test: 17.70%
Epoch: 100, Loss: 0.0133, Train: 100.00%, Valid: 78.60%, Test: 76.00%, Best Valid: 80.20%, Best Test: 77.00%
Epoch: 200, Loss: 0.0041, Train: 100.00%, Valid: 78.40%, Test: 76.50%, Best Valid: 80.20%, Best Test: 77.00%
Epoch: 300, Loss: 0.0103, Train: 100.00%, Valid: 74.20%, Test: 73.20%, Best Valid: 80.20%, Best Test: 77.00%
Epoch: 400, Loss: 0.0063, Train: 100.00%, Valid: 74.80%, Test: 73.20%, Best Valid: 80.20%, Best Test: 77.00%
Run 10:
Highest Train: 100.00
Highest Valid: 80.20
Highest Test: 78.00
Chosen epoch: 35
Final Train: 97.14
Final Test: 77.00
All runs:
Highest Train: 100.00 ± 0.00
Highest Test: 78.62 ± 2.11
Highest Valid: 79.40 ± 3.08
  Final Train: 99.43 ± 1.00
   Final Test: 78.07 ± 2.08
Saving results to results/lowlabel/cora/MPNN_gcn.csv
--- mlp_reg/homophily control | lambda=1.6 ---
Namespace(bn=False, budget_tag='10', cooc_file='', count_reg=False, count_smoothing=1.0, cpu=False, data_dir='./data/', dataset='cora', device=0, display_step=100, dropout=0.7, epochs=500, gnn='gcn', hidden_channels=512, jk=False, label_num_per_class=10, lambda_val=1.6, ln=False, local_layers=3, lr=0.001, metric='acc', mlp_epochs=500, mlp_reg=True, model='MPNN', model_dir='models', num_heads=1, oracle_reg=False, paired_seeds=True, penalty_transform='homophily', pre_linear=False, pre_ln=False, rand_split=False, rand_split_class=True, reg_start_epoch=10, reg_update_freq=5, res=False, resample_split_per_run=True, result_dir='results/lowlabel', runs=10, save_model=False, seed=123, source_mode='keep', test_num=1000, train_per_class=0, train_prop=0.5, use_reg=True, valid_num=500, valid_per_class=0, valid_prop=0.25, weight_decay=0.0005, year_split=0)
cora
Num nodes: 2708
train:torch.Size([70]), valid:torch.Size([500]), test:torch.Size([1000])
dataset cora | num nodes 2708 | num edge 10556 | num node feats 1433 | num classes 7
MODEL: MPNNs(
  (h_lins): ModuleList()
  (local_convs): ModuleList(
    (0): GCNConv(1433, 512)
    (1): GCNConv(512, 512)
    (2): GCNConv(512, 512)
  )
  (lins): ModuleList(
    (0): Linear(in_features=1433, out_features=512, bias=True)
    (1): Linear(in_features=512, out_features=512, bias=True)
    (2): Linear(in_features=512, out_features=512, bias=True)
  )
  (lns): ModuleList(
    (0): LayerNorm((512,), eps=1e-05, elementwise_affine=True)
    (1): LayerNorm((512,), eps=1e-05, elementwise_affine=True)
    (2): LayerNorm((512,), eps=1e-05, elementwise_affine=True)
  )
  (bns): ModuleList(
    (0): BatchNorm1d(512, eps=1e-05, momentum=0.1, affine=True, track_running_stats=True)
    (1): BatchNorm1d(512, eps=1e-05, momentum=0.1, affine=True, track_running_stats=True)
    (2): BatchNorm1d(512, eps=1e-05, momentum=0.1, affine=True, track_running_stats=True)
  )
  (lin_in): Linear(in_features=1433, out_features=512, bias=True)
  (pred_local): Linear(in_features=512, out_features=7, bias=True)
)
train:torch.Size([70]), valid:torch.Size([500]), test:torch.Size([1000])
Pre-training MLP for 500 epochs to generate co-occurrence matrix...
Penalty transform 'homophily': rel Frobenius dist to original = 0.0694, off-diag CV of original penalty = 0.0758
MLP pre-training complete. Penalty matrix frozen.
Epoch: 00, Loss: 5.0431, Train: 21.43%, Valid: 20.00%, Test: 16.90%, Best Valid: 20.00%, Best Test: 16.90%
Epoch: 100, Loss: 0.0171, Train: 100.00%, Valid: 78.80%, Test: 78.10%, Best Valid: 81.20%, Best Test: 76.50%
Epoch: 200, Loss: 0.0068, Train: 100.00%, Valid: 79.60%, Test: 78.70%, Best Valid: 81.20%, Best Test: 76.50%
Epoch: 300, Loss: 0.0165, Train: 100.00%, Valid: 80.00%, Test: 78.80%, Best Valid: 81.20%, Best Test: 76.50%
Epoch: 400, Loss: 0.0161, Train: 100.00%, Valid: 80.60%, Test: 78.60%, Best Valid: 81.20%, Best Test: 76.50%
Run 01:
Highest Train: 100.00
Highest Valid: 81.20
Highest Test: 79.30
Chosen epoch: 38
Final Train: 100.00
Final Test: 76.50
train:torch.Size([70]), valid:torch.Size([500]), test:torch.Size([1000])
Pre-training MLP for 500 epochs to generate co-occurrence matrix...
Penalty transform 'homophily': rel Frobenius dist to original = 0.0526, off-diag CV of original penalty = 0.0592
MLP pre-training complete. Penalty matrix frozen.
Epoch: 00, Loss: 5.0545, Train: 20.00%, Valid: 17.00%, Test: 14.20%, Best Valid: 17.00%, Best Test: 14.20%
Epoch: 100, Loss: 0.0091, Train: 100.00%, Valid: 65.80%, Test: 66.40%, Best Valid: 74.20%, Best Test: 75.00%
Epoch: 200, Loss: 0.0121, Train: 100.00%, Valid: 67.40%, Test: 69.90%, Best Valid: 74.20%, Best Test: 75.00%
Epoch: 300, Loss: 0.0276, Train: 100.00%, Valid: 69.20%, Test: 71.20%, Best Valid: 74.20%, Best Test: 75.00%
Epoch: 400, Loss: 0.0051, Train: 100.00%, Valid: 68.40%, Test: 69.90%, Best Valid: 74.20%, Best Test: 75.00%
Run 02:
Highest Train: 100.00
Highest Valid: 74.20
Highest Test: 75.00
Chosen epoch: 37
Final Train: 100.00
Final Test: 75.00
train:torch.Size([70]), valid:torch.Size([500]), test:torch.Size([1000])
Pre-training MLP for 500 epochs to generate co-occurrence matrix...
Penalty transform 'homophily': rel Frobenius dist to original = 0.0702, off-diag CV of original penalty = 0.0780
MLP pre-training complete. Penalty matrix frozen.
Epoch: 00, Loss: 5.0537, Train: 17.14%, Valid: 9.40%, Test: 12.30%, Best Valid: 9.40%, Best Test: 12.30%
Epoch: 100, Loss: 0.0202, Train: 100.00%, Valid: 72.80%, Test: 72.30%, Best Valid: 80.60%, Best Test: 79.10%
Epoch: 200, Loss: 0.0181, Train: 100.00%, Valid: 75.00%, Test: 76.10%, Best Valid: 80.60%, Best Test: 79.10%
Epoch: 300, Loss: 0.0157, Train: 100.00%, Valid: 75.40%, Test: 75.50%, Best Valid: 80.60%, Best Test: 79.10%
Epoch: 400, Loss: 0.0229, Train: 100.00%, Valid: 75.60%, Test: 74.40%, Best Valid: 80.60%, Best Test: 79.10%
Run 03:
Highest Train: 100.00
Highest Valid: 80.60
Highest Test: 79.20
Chosen epoch: 41
Final Train: 98.57
Final Test: 79.10
train:torch.Size([70]), valid:torch.Size([500]), test:torch.Size([1000])
Pre-training MLP for 500 epochs to generate co-occurrence matrix...
Penalty transform 'homophily': rel Frobenius dist to original = 0.0276, off-diag CV of original penalty = 0.0342
MLP pre-training complete. Penalty matrix frozen.
Epoch: 00, Loss: 5.0554, Train: 18.57%, Valid: 16.20%, Test: 15.80%, Best Valid: 16.20%, Best Test: 15.80%
Epoch: 100, Loss: 0.0240, Train: 100.00%, Valid: 69.00%, Test: 70.00%, Best Valid: 72.60%, Best Test: 74.10%
Epoch: 200, Loss: 0.0103, Train: 100.00%, Valid: 69.80%, Test: 72.00%, Best Valid: 72.60%, Best Test: 74.10%
Epoch: 300, Loss: 0.0115, Train: 100.00%, Valid: 73.40%, Test: 75.10%, Best Valid: 74.60%, Best Test: 75.40%
Epoch: 400, Loss: 0.0086, Train: 100.00%, Valid: 74.80%, Test: 78.00%, Best Valid: 75.00%, Best Test: 78.00%
Run 04:
Highest Train: 100.00
Highest Valid: 77.00
Highest Test: 79.30
Chosen epoch: 481
Final Train: 100.00
Final Test: 78.30
train:torch.Size([70]), valid:torch.Size([500]), test:torch.Size([1000])
Pre-training MLP for 500 epochs to generate co-occurrence matrix...
Penalty transform 'homophily': rel Frobenius dist to original = 0.0432, off-diag CV of original penalty = 0.0482
MLP pre-training complete. Penalty matrix frozen.
Epoch: 00, Loss: 5.0661, Train: 38.57%, Valid: 18.60%, Test: 20.90%, Best Valid: 18.60%, Best Test: 20.90%
Epoch: 100, Loss: 0.0075, Train: 100.00%, Valid: 79.80%, Test: 78.50%, Best Valid: 82.40%, Best Test: 79.50%
Epoch: 200, Loss: 0.0124, Train: 100.00%, Valid: 81.20%, Test: 78.90%, Best Valid: 82.40%, Best Test: 79.50%
Epoch: 300, Loss: 0.0108, Train: 100.00%, Valid: 80.60%, Test: 77.70%, Best Valid: 82.40%, Best Test: 79.50%
Epoch: 400, Loss: 0.0079, Train: 100.00%, Valid: 79.20%, Test: 77.00%, Best Valid: 82.40%, Best Test: 79.50%
Run 05:
Highest Train: 100.00
Highest Valid: 82.40
Highest Test: 79.60
Chosen epoch: 30
Final Train: 100.00
Final Test: 79.50
train:torch.Size([70]), valid:torch.Size([500]), test:torch.Size([1000])
Pre-training MLP for 500 epochs to generate co-occurrence matrix...
Penalty transform 'homophily': rel Frobenius dist to original = 0.0291, off-diag CV of original penalty = 0.0399
MLP pre-training complete. Penalty matrix frozen.
Epoch: 00, Loss: 5.0967, Train: 18.57%, Valid: 12.60%, Test: 12.50%, Best Valid: 12.60%, Best Test: 12.50%
Epoch: 100, Loss: 0.0032, Train: 100.00%, Valid: 74.80%, Test: 77.50%, Best Valid: 78.00%, Best Test: 79.80%
Epoch: 200, Loss: 0.0113, Train: 100.00%, Valid: 75.20%, Test: 76.20%, Best Valid: 78.00%, Best Test: 79.80%
Epoch: 300, Loss: 0.0051, Train: 100.00%, Valid: 75.40%, Test: 76.80%, Best Valid: 78.00%, Best Test: 79.80%
Epoch: 400, Loss: 0.0082, Train: 100.00%, Valid: 75.80%, Test: 77.20%, Best Valid: 78.00%, Best Test: 79.80%
Run 06:
Highest Train: 100.00
Highest Valid: 78.00
Highest Test: 79.90
Chosen epoch: 64
Final Train: 100.00
Final Test: 79.80
train:torch.Size([70]), valid:torch.Size([500]), test:torch.Size([1000])
Pre-training MLP for 500 epochs to generate co-occurrence matrix...
Penalty transform 'homophily': rel Frobenius dist to original = 0.0545, off-diag CV of original penalty = 0.0582
MLP pre-training complete. Penalty matrix frozen.
Epoch: 00, Loss: 5.0665, Train: 20.00%, Valid: 12.80%, Test: 12.90%, Best Valid: 12.80%, Best Test: 12.90%
Epoch: 100, Loss: 0.0253, Train: 100.00%, Valid: 70.80%, Test: 70.40%, Best Valid: 74.80%, Best Test: 75.60%
Epoch: 200, Loss: 0.0084, Train: 100.00%, Valid: 69.40%, Test: 68.00%, Best Valid: 74.80%, Best Test: 75.60%
Epoch: 300, Loss: 0.0054, Train: 100.00%, Valid: 69.40%, Test: 70.40%, Best Valid: 74.80%, Best Test: 75.60%
Epoch: 400, Loss: 0.0110, Train: 100.00%, Valid: 71.00%, Test: 71.30%, Best Valid: 74.80%, Best Test: 75.60%
Run 07:
Highest Train: 100.00
Highest Valid: 74.80
Highest Test: 75.60
Chosen epoch: 38
Final Train: 100.00
Final Test: 75.60
train:torch.Size([70]), valid:torch.Size([500]), test:torch.Size([1000])
Pre-training MLP for 500 epochs to generate co-occurrence matrix...
Penalty transform 'homophily': rel Frobenius dist to original = 0.0632, off-diag CV of original penalty = 0.0682
MLP pre-training complete. Penalty matrix frozen.
Epoch: 00, Loss: 5.0681, Train: 21.43%, Valid: 12.00%, Test: 11.00%, Best Valid: 12.00%, Best Test: 11.00%
Epoch: 100, Loss: 0.0096, Train: 100.00%, Valid: 82.60%, Test: 82.30%, Best Valid: 83.80%, Best Test: 83.00%
Epoch: 200, Loss: 0.0101, Train: 100.00%, Valid: 79.60%, Test: 79.60%, Best Valid: 83.80%, Best Test: 83.00%
Epoch: 300, Loss: 0.0064, Train: 100.00%, Valid: 80.00%, Test: 80.00%, Best Valid: 83.80%, Best Test: 83.00%
Epoch: 400, Loss: 0.0075, Train: 100.00%, Valid: 80.80%, Test: 79.20%, Best Valid: 83.80%, Best Test: 83.00%
Run 08:
Highest Train: 100.00
Highest Valid: 83.80
Highest Test: 83.20
Chosen epoch: 47
Final Train: 100.00
Final Test: 83.00
train:torch.Size([70]), valid:torch.Size([500]), test:torch.Size([1000])
Pre-training MLP for 500 epochs to generate co-occurrence matrix...
Penalty transform 'homophily': rel Frobenius dist to original = 0.0520, off-diag CV of original penalty = 0.0646
MLP pre-training complete. Penalty matrix frozen.
Epoch: 00, Loss: 5.0661, Train: 20.00%, Valid: 24.40%, Test: 25.50%, Best Valid: 24.40%, Best Test: 25.50%
Epoch: 100, Loss: 0.0082, Train: 100.00%, Valid: 81.20%, Test: 77.30%, Best Valid: 82.80%, Best Test: 78.70%
Epoch: 200, Loss: 0.0102, Train: 100.00%, Valid: 80.80%, Test: 76.80%, Best Valid: 82.80%, Best Test: 78.70%
Epoch: 300, Loss: 0.0085, Train: 100.00%, Valid: 82.60%, Test: 77.50%, Best Valid: 83.40%, Best Test: 77.20%
Epoch: 400, Loss: 0.0165, Train: 100.00%, Valid: 82.00%, Test: 76.90%, Best Valid: 83.40%, Best Test: 77.20%
Run 09:
Highest Train: 100.00
Highest Valid: 83.40
Highest Test: 79.30
Chosen epoch: 214
Final Train: 100.00
Final Test: 77.20
train:torch.Size([70]), valid:torch.Size([500]), test:torch.Size([1000])
Pre-training MLP for 500 epochs to generate co-occurrence matrix...
Penalty transform 'homophily': rel Frobenius dist to original = 0.0374, off-diag CV of original penalty = 0.0480
MLP pre-training complete. Penalty matrix frozen.
Epoch: 00, Loss: 5.0703, Train: 37.14%, Valid: 17.20%, Test: 17.80%, Best Valid: 17.20%, Best Test: 17.80%
Epoch: 100, Loss: 0.0196, Train: 100.00%, Valid: 79.40%, Test: 76.60%, Best Valid: 80.60%, Best Test: 77.90%
Epoch: 200, Loss: 0.0057, Train: 100.00%, Valid: 78.20%, Test: 76.50%, Best Valid: 80.60%, Best Test: 77.90%
Epoch: 300, Loss: 0.0136, Train: 100.00%, Valid: 75.00%, Test: 74.40%, Best Valid: 80.60%, Best Test: 77.90%
Epoch: 400, Loss: 0.0092, Train: 100.00%, Valid: 75.40%, Test: 73.50%, Best Valid: 80.60%, Best Test: 77.90%
Run 10:
Highest Train: 100.00
Highest Valid: 80.60
Highest Test: 78.20
Chosen epoch: 34
Final Train: 97.14
Final Test: 77.90
All runs:
Highest Train: 100.00 ± 0.00
Highest Test: 78.86 ± 2.29
Highest Valid: 79.60 ± 3.43
  Final Train: 99.57 ± 0.96
   Final Test: 78.19 ± 2.34
Saving results to results/lowlabel/cora/MPNN_gcn.csv
Low-label sweep completed.
Task 1 done.
