Wed Aug 12 21:46:32 2026       
+-----------------------------------------------------------------------------------------+
| NVIDIA-SMI 580.159.04             Driver Version: 580.159.04     CUDA Version: 13.0     |
+-----------------------------------------+------------------------+----------------------+
| GPU  Name                 Persistence-M | Bus-Id          Disp.A | Volatile Uncorr. ECC |
| Fan  Temp   Perf          Pwr:Usage/Cap |           Memory-Usage | GPU-Util  Compute M. |
|                                         |                        |               MIG M. |
|=========================================+========================+======================|
|   0  NVIDIA A100-SXM4-80GB          On  |   00000000:01:00.0 Off |                   On |
| N/A   52C    P0            227W /  500W |   42998MiB /  81920MiB |     N/A      Default |
|                                         |                        |              Enabled |
+-----------------------------------------+------------------------+----------------------+
|   1  NVIDIA A100-SXM4-80GB          On  |   00000000:41:00.0 Off |                   On |
| N/A   47C    P0            249W /  500W |   43024MiB /  81920MiB |     N/A      Default |
|                                         |                        |              Enabled |
+-----------------------------------------+------------------------+----------------------+
|   2  NVIDIA A100-SXM4-80GB          On  |   00000000:81:00.0 Off |                   On |
| N/A   52C    P0            202W /  500W |   39528MiB /  81920MiB |     N/A      Default |
|                                         |                        |              Enabled |
+-----------------------------------------+------------------------+----------------------+
|   3  NVIDIA A100-SXM4-80GB          On  |   00000000:C1:00.0 Off |                   On |
| N/A   35C    P0            143W /  500W |    3725MiB /  81920MiB |     N/A      Default |
|                                         |                        |              Enabled |
+-----------------------------------------+------------------------+----------------------+

+-----------------------------------------------------------------------------------------+
| MIG devices:                                                                            |
+------------------+----------------------------------+-----------+-----------------------+
| GPU  GI  CI  MIG |              Shared Memory-Usage |        Vol|        Shared         |
|      ID  ID  Dev |                Shared BAR1-Usage | SM     Unc| CE ENC  DEC  OFA  JPG |
|                  |                                  |        ECC|                       |
|==================+==================================+===========+=======================|
|  2    3   0   0  |              71MiB / 19968MiB    | 28      0 |  2   0    1    0    0 |
|                  |               0MiB / 12271MiB    |           |                       |
+------------------+----------------------------------+-----------+-----------------------+

+-----------------------------------------------------------------------------------------+
| Processes:                                                                              |
|  GPU   GI   CI              PID   Type   Process name                        GPU Memory |
|        ID   ID                                                               Usage      |
|=========================================================================================|
|    0    1    0           499472      C   python                                39270MiB |
|    0    5    0           598602      C   python                                 3462MiB |
|    1    1    0           499443      C   python                                39270MiB |
|    1    5    0           590652      C   python                                 3488MiB |
|    3    5    0           590319      C   python                                 3468MiB |
+-----------------------------------------------------------------------------------------+
Cell: amazon-computer / gcn / budget 2 per class / group 0
python main.py --gnn gcn --dataset amazon-computer --hidden_channels 512 --epochs 1000 --lr 0.001 --runs 3 --local_layers 3 --weight_decay 5e-5 --dropout 0.5 --device 0 --ln --runs 10 --train_per_class 2 --budget_tag 2
==========================================================
Low-label sweep: python main.py --gnn gcn --dataset amazon-computer --hidden_channels 512 --epochs 1000 --lr 0.001 --runs 3 --local_layers 3 --weight_decay 5e-5 --dropout 0.5 --device 0 --ln --runs 10 --train_per_class 2 --budget_tag 2
result_dir=results/lowlabel conditions=[baseline]
==========================================================
--- baseline ---
Namespace(bn=False, budget_tag='2', count_reg=False, count_smoothing=1.0, cpu=False, data_dir='./data/', dataset='amazon-computer', device=0, display_step=100, dropout=0.5, epochs=1000, gnn='gcn', hidden_channels=512, jk=False, label_num_per_class=20, lambda_val=0.5, ln=True, local_layers=3, lr=0.001, metric='acc', mlp_epochs=500, mlp_reg=False, model='MPNN', model_dir='models', num_heads=1, oracle_reg=False, paired_seeds=True, penalty_transform='none', pre_linear=False, pre_ln=False, rand_split=False, rand_split_class=False, reg_start_epoch=10, reg_update_freq=5, res=False, resample_split_per_run=False, result_dir='results/lowlabel', runs=10, save_model=False, seed=42, test_num=1000, train_per_class=2, train_prop=0.5, use_reg=False, valid_num=500, valid_per_class=0, valid_prop=0.25, weight_decay=5e-05)
amazon-computer
dataset amazon-computer | num nodes 13752 | num edge 491722 | num node feats 767 | num classes 10
MODEL: MPNNs(
  (h_lins): ModuleList()
  (local_convs): ModuleList(
    (0): GCNConv(767, 512)
    (1): GCNConv(512, 512)
    (2): GCNConv(512, 512)
  )
  (lins): ModuleList(
    (0): Linear(in_features=767, out_features=512, bias=True)
    (1): Linear(in_features=512, out_features=512, bias=True)
    (2): Linear(in_features=512, out_features=512, bias=True)
  )
  (lns): ModuleList(
    (0): LayerNorm((512,), eps=1e-05, elementwise_affine=True)
    (1): LayerNorm((512,), eps=1e-05, elementwise_affine=True)
    (2): LayerNorm((512,), eps=1e-05, elementwise_affine=True)
  )
  (bns): ModuleList(
    (0): BatchNorm1d(512, eps=1e-05, momentum=0.1, affine=True, track_running_stats=True)
    (1): BatchNorm1d(512, eps=1e-05, momentum=0.1, affine=True, track_running_stats=True)
    (2): BatchNorm1d(512, eps=1e-05, momentum=0.1, affine=True, track_running_stats=True)
  )
  (lin_in): Linear(in_features=767, out_features=512, bias=True)
  (pred_local): Linear(in_features=512, out_features=10, bias=True)
)
Label budget: 2/class -> 20 train nodes
Epoch: 00, Loss: 2.4291, Train: 2.92%, Valid: 3.05%, Test: 3.20%, Best Valid: 3.05%, Best Test: 3.20%
Epoch: 100, Loss: 0.0095, Train: 52.85%, Valid: 54.25%, Test: 53.69%, Best Valid: 73.05%, Best Test: 73.43%
Epoch: 200, Loss: 0.0031, Train: 56.04%, Valid: 56.40%, Test: 55.69%, Best Valid: 73.05%, Best Test: 73.43%
Epoch: 300, Loss: 0.0008, Train: 57.19%, Valid: 57.67%, Test: 57.00%, Best Valid: 73.05%, Best Test: 73.43%
Epoch: 400, Loss: 0.0012, Train: 59.50%, Valid: 60.55%, Test: 59.83%, Best Valid: 73.05%, Best Test: 73.43%
Epoch: 500, Loss: 0.0007, Train: 58.50%, Valid: 59.56%, Test: 58.96%, Best Valid: 73.05%, Best Test: 73.43%
Epoch: 600, Loss: 0.0009, Train: 60.65%, Valid: 61.67%, Test: 61.40%, Best Valid: 73.05%, Best Test: 73.43%
Epoch: 700, Loss: 0.0004, Train: 60.73%, Valid: 61.64%, Test: 61.58%, Best Valid: 73.05%, Best Test: 73.43%
Epoch: 800, Loss: 0.0004, Train: 60.82%, Valid: 61.71%, Test: 61.58%, Best Valid: 73.05%, Best Test: 73.43%
Epoch: 900, Loss: 0.0003, Train: 59.58%, Valid: 60.69%, Test: 60.09%, Best Valid: 73.05%, Best Test: 73.43%
Run 01:
Highest Train: 73.75
Highest Valid: 73.05
Highest Test: 73.94
Chosen epoch: 28
Final Train: 73.75
Final Test: 73.43
Label budget: 2/class -> 20 train nodes
Epoch: 00, Loss: 2.2812, Train: 6.52%, Valid: 6.65%, Test: 5.78%, Best Valid: 6.65%, Best Test: 5.78%
Epoch: 100, Loss: 0.0058, Train: 65.35%, Valid: 65.31%, Test: 65.36%, Best Valid: 67.82%, Best Test: 68.81%
Epoch: 200, Loss: 0.0024, Train: 66.25%, Valid: 65.78%, Test: 66.74%, Best Valid: 67.82%, Best Test: 68.81%
Epoch: 300, Loss: 0.0016, Train: 66.36%, Valid: 66.07%, Test: 66.99%, Best Valid: 67.82%, Best Test: 68.81%
Epoch: 400, Loss: 0.0007, Train: 66.03%, Valid: 65.82%, Test: 66.56%, Best Valid: 67.82%, Best Test: 68.81%
Epoch: 500, Loss: 0.0005, Train: 66.74%, Valid: 66.36%, Test: 67.10%, Best Valid: 67.82%, Best Test: 68.81%
Epoch: 600, Loss: 0.0006, Train: 66.32%, Valid: 66.00%, Test: 67.18%, Best Valid: 67.82%, Best Test: 68.81%
Epoch: 700, Loss: 0.0005, Train: 66.61%, Valid: 66.11%, Test: 67.03%, Best Valid: 67.82%, Best Test: 68.81%
Epoch: 800, Loss: 0.0004, Train: 66.73%, Valid: 66.11%, Test: 66.99%, Best Valid: 67.82%, Best Test: 68.81%
Epoch: 900, Loss: 0.0004, Train: 66.93%, Valid: 66.44%, Test: 67.32%, Best Valid: 67.82%, Best Test: 68.81%
Run 02:
Highest Train: 68.50
Highest Valid: 67.82
Highest Test: 68.81
Chosen epoch: 27
Final Train: 68.50
Final Test: 68.81
Label budget: 2/class -> 20 train nodes
Epoch: 00, Loss: 2.3351, Train: 17.03%, Valid: 16.55%, Test: 16.72%, Best Valid: 16.55%, Best Test: 16.72%
Epoch: 100, Loss: 0.0056, Train: 50.48%, Valid: 51.27%, Test: 49.95%, Best Valid: 52.87%, Best Test: 51.04%
Epoch: 200, Loss: 0.0018, Train: 50.14%, Valid: 51.27%, Test: 49.80%, Best Valid: 52.87%, Best Test: 51.04%
Epoch: 300, Loss: 0.0007, Train: 50.39%, Valid: 51.71%, Test: 50.27%, Best Valid: 52.87%, Best Test: 51.04%
Epoch: 400, Loss: 0.0006, Train: 50.45%, Valid: 51.75%, Test: 50.53%, Best Valid: 52.87%, Best Test: 51.04%
Epoch: 500, Loss: 0.0006, Train: 50.15%, Valid: 51.45%, Test: 50.35%, Best Valid: 52.87%, Best Test: 51.04%
Epoch: 600, Loss: 0.0005, Train: 50.36%, Valid: 51.49%, Test: 50.56%, Best Valid: 52.87%, Best Test: 51.04%
Epoch: 700, Loss: 0.0006, Train: 50.09%, Valid: 51.20%, Test: 49.91%, Best Valid: 52.87%, Best Test: 51.04%
Epoch: 800, Loss: 0.0006, Train: 50.52%, Valid: 51.56%, Test: 50.60%, Best Valid: 52.87%, Best Test: 51.04%
Epoch: 900, Loss: 0.0003, Train: 50.52%, Valid: 51.53%, Test: 50.78%, Best Valid: 52.87%, Best Test: 51.04%
Run 03:
Highest Train: 54.78
Highest Valid: 52.87
Highest Test: 55.36
Chosen epoch: 16
Final Train: 51.51
Final Test: 51.04
Label budget: 2/class -> 20 train nodes
Epoch: 00, Loss: 2.4806, Train: 2.39%, Valid: 2.73%, Test: 2.54%, Best Valid: 2.73%, Best Test: 2.54%
Epoch: 100, Loss: 0.0144, Train: 76.67%, Valid: 77.09%, Test: 78.26%, Best Valid: 77.38%, Best Test: 78.19%
Epoch: 200, Loss: 0.0029, Train: 74.17%, Valid: 74.40%, Test: 75.14%, Best Valid: 77.71%, Best Test: 78.81%
Epoch: 300, Loss: 0.0016, Train: 74.15%, Valid: 74.36%, Test: 75.14%, Best Valid: 77.71%, Best Test: 78.81%
Epoch: 400, Loss: 0.0007, Train: 73.92%, Valid: 74.18%, Test: 75.03%, Best Valid: 77.71%, Best Test: 78.81%
Epoch: 500, Loss: 0.0007, Train: 73.94%, Valid: 74.07%, Test: 75.10%, Best Valid: 77.71%, Best Test: 78.81%
Epoch: 600, Loss: 0.0006, Train: 74.12%, Valid: 74.15%, Test: 75.25%, Best Valid: 77.71%, Best Test: 78.81%
Epoch: 700, Loss: 0.0004, Train: 73.76%, Valid: 74.04%, Test: 74.92%, Best Valid: 77.71%, Best Test: 78.81%
Epoch: 800, Loss: 0.0004, Train: 73.97%, Valid: 74.22%, Test: 75.06%, Best Valid: 77.71%, Best Test: 78.81%
Epoch: 900, Loss: 0.0004, Train: 74.15%, Valid: 74.40%, Test: 75.25%, Best Valid: 77.71%, Best Test: 78.81%
Run 04:
Highest Train: 78.20
Highest Valid: 77.71
Highest Test: 79.50
Chosen epoch: 101
Final Train: 77.20
Final Test: 78.81
Label budget: 2/class -> 20 train nodes
Epoch: 00, Loss: 2.5958, Train: 6.22%, Valid: 6.40%, Test: 5.82%, Best Valid: 6.40%, Best Test: 5.82%
Epoch: 100, Loss: 0.0383, Train: 66.61%, Valid: 67.49%, Test: 67.50%, Best Valid: 74.25%, Best Test: 73.36%
Epoch: 200, Loss: 0.0028, Train: 69.41%, Valid: 70.51%, Test: 71.79%, Best Valid: 74.25%, Best Test: 73.36%
Epoch: 300, Loss: 0.0014, Train: 68.94%, Valid: 70.62%, Test: 71.10%, Best Valid: 74.25%, Best Test: 73.36%
Epoch: 400, Loss: 0.0009, Train: 69.57%, Valid: 70.84%, Test: 71.97%, Best Valid: 74.25%, Best Test: 73.36%
Epoch: 500, Loss: 0.0006, Train: 69.25%, Valid: 70.58%, Test: 71.65%, Best Valid: 74.25%, Best Test: 73.36%
Epoch: 600, Loss: 0.0006, Train: 69.37%, Valid: 70.87%, Test: 71.61%, Best Valid: 74.25%, Best Test: 73.36%
Epoch: 700, Loss: 0.0003, Train: 69.75%, Valid: 71.09%, Test: 72.12%, Best Valid: 74.25%, Best Test: 73.36%
Epoch: 800, Loss: 0.0008, Train: 69.37%, Valid: 70.80%, Test: 71.68%, Best Valid: 74.25%, Best Test: 73.36%
Epoch: 900, Loss: 0.0003, Train: 69.57%, Valid: 71.20%, Test: 71.76%, Best Valid: 74.25%, Best Test: 73.36%
Run 05:
Highest Train: 72.77
Highest Valid: 74.25
Highest Test: 73.90
Chosen epoch: 46
Final Train: 72.77
Final Test: 73.36
Label budget: 2/class -> 20 train nodes
Epoch: 00, Loss: 2.4072, Train: 7.07%, Valid: 7.16%, Test: 6.36%, Best Valid: 7.16%, Best Test: 6.36%
Epoch: 100, Loss: 0.0305, Train: 54.48%, Valid: 55.71%, Test: 56.42%, Best Valid: 69.24%, Best Test: 69.68%
Epoch: 200, Loss: 0.0016, Train: 62.26%, Valid: 62.62%, Test: 64.30%, Best Valid: 69.24%, Best Test: 69.68%
Epoch: 300, Loss: 0.0013, Train: 63.20%, Valid: 64.11%, Test: 65.76%, Best Valid: 69.24%, Best Test: 69.68%
Epoch: 400, Loss: 0.0008, Train: 62.55%, Valid: 63.24%, Test: 64.99%, Best Valid: 69.24%, Best Test: 69.68%
Epoch: 500, Loss: 0.0003, Train: 62.93%, Valid: 63.78%, Test: 65.47%, Best Valid: 69.24%, Best Test: 69.68%
Epoch: 600, Loss: 0.0007, Train: 62.54%, Valid: 63.27%, Test: 65.21%, Best Valid: 69.24%, Best Test: 69.68%
Epoch: 700, Loss: 0.0004, Train: 62.40%, Valid: 63.31%, Test: 65.10%, Best Valid: 69.24%, Best Test: 69.68%
Epoch: 800, Loss: 0.0003, Train: 62.57%, Valid: 63.71%, Test: 65.36%, Best Valid: 69.24%, Best Test: 69.68%
Epoch: 900, Loss: 0.0003, Train: 62.16%, Valid: 63.09%, Test: 65.18%, Best Valid: 69.24%, Best Test: 69.68%
Run 06:
Highest Train: 68.57
Highest Valid: 69.24
Highest Test: 70.70
Chosen epoch: 34
Final Train: 68.17
Final Test: 69.68
Label budget: 2/class -> 20 train nodes
Epoch: 00, Loss: 2.2847, Train: 39.05%, Valid: 38.11%, Test: 40.71%, Best Valid: 38.11%, Best Test: 40.71%
Epoch: 100, Loss: 0.0074, Train: 63.69%, Valid: 63.67%, Test: 65.29%, Best Valid: 66.95%, Best Test: 69.14%
Epoch: 200, Loss: 0.0027, Train: 61.94%, Valid: 61.93%, Test: 63.61%, Best Valid: 66.95%, Best Test: 69.14%
Epoch: 300, Loss: 0.0012, Train: 62.45%, Valid: 62.36%, Test: 63.87%, Best Valid: 66.95%, Best Test: 69.14%
Epoch: 400, Loss: 0.0009, Train: 60.61%, Valid: 60.84%, Test: 62.45%, Best Valid: 66.95%, Best Test: 69.14%
Epoch: 500, Loss: 0.0006, Train: 62.60%, Valid: 62.62%, Test: 63.98%, Best Valid: 66.95%, Best Test: 69.14%
Epoch: 600, Loss: 0.0007, Train: 60.66%, Valid: 60.80%, Test: 62.34%, Best Valid: 66.95%, Best Test: 69.14%
Epoch: 700, Loss: 0.0005, Train: 61.11%, Valid: 61.31%, Test: 62.78%, Best Valid: 66.95%, Best Test: 69.14%
Epoch: 800, Loss: 0.0005, Train: 61.31%, Valid: 61.56%, Test: 63.25%, Best Valid: 66.95%, Best Test: 69.14%
Epoch: 900, Loss: 0.0004, Train: 61.76%, Valid: 61.93%, Test: 63.43%, Best Valid: 66.95%, Best Test: 69.14%
Run 07:
Highest Train: 67.18
Highest Valid: 66.95
Highest Test: 69.14
Chosen epoch: 85
Final Train: 67.18
Final Test: 69.14
Label budget: 2/class -> 20 train nodes
Epoch: 00, Loss: 2.5568, Train: 13.49%, Valid: 12.22%, Test: 12.80%, Best Valid: 12.22%, Best Test: 12.80%
Epoch: 100, Loss: 0.0940, Train: 68.94%, Valid: 69.60%, Test: 70.08%, Best Valid: 75.82%, Best Test: 76.34%
Epoch: 200, Loss: 0.0181, Train: 49.22%, Valid: 51.31%, Test: 49.84%, Best Valid: 75.82%, Best Test: 76.34%
Epoch: 300, Loss: 0.0203, Train: 67.51%, Valid: 68.44%, Test: 68.34%, Best Valid: 75.82%, Best Test: 76.34%
Epoch: 400, Loss: 0.0016, Train: 71.51%, Valid: 72.65%, Test: 72.77%, Best Valid: 75.82%, Best Test: 76.34%
Epoch: 500, Loss: 0.0006, Train: 71.60%, Valid: 72.84%, Test: 73.14%, Best Valid: 75.82%, Best Test: 76.34%
Epoch: 600, Loss: 0.0006, Train: 71.86%, Valid: 72.84%, Test: 73.39%, Best Valid: 75.82%, Best Test: 76.34%
Epoch: 700, Loss: 0.0002, Train: 73.17%, Valid: 74.18%, Test: 74.85%, Best Valid: 75.82%, Best Test: 76.34%
Epoch: 800, Loss: 0.0005, Train: 72.61%, Valid: 73.67%, Test: 74.34%, Best Valid: 75.82%, Best Test: 76.34%
Epoch: 900, Loss: 0.0001, Train: 72.97%, Valid: 73.96%, Test: 74.55%, Best Valid: 75.82%, Best Test: 76.34%
Run 08:
Highest Train: 75.54
Highest Valid: 75.82
Highest Test: 76.52
Chosen epoch: 80
Final Train: 74.85
Final Test: 76.34
Label budget: 2/class -> 20 train nodes
Epoch: 00, Loss: 2.4828, Train: 2.88%, Valid: 3.09%, Test: 2.91%, Best Valid: 3.09%, Best Test: 2.91%
Epoch: 100, Loss: 0.0385, Train: 65.37%, Valid: 67.24%, Test: 66.81%, Best Valid: 73.96%, Best Test: 74.85%
Epoch: 200, Loss: 0.0016, Train: 69.40%, Valid: 70.36%, Test: 70.01%, Best Valid: 73.96%, Best Test: 74.85%
Epoch: 300, Loss: 0.0011, Train: 69.54%, Valid: 70.62%, Test: 70.34%, Best Valid: 73.96%, Best Test: 74.85%
Epoch: 400, Loss: 0.0008, Train: 69.40%, Valid: 70.62%, Test: 70.05%, Best Valid: 73.96%, Best Test: 74.85%
Epoch: 500, Loss: 0.0004, Train: 69.54%, Valid: 70.84%, Test: 70.45%, Best Valid: 73.96%, Best Test: 74.85%
Epoch: 600, Loss: 0.0011, Train: 69.12%, Valid: 70.51%, Test: 69.72%, Best Valid: 73.96%, Best Test: 74.85%
Epoch: 700, Loss: 0.0004, Train: 68.66%, Valid: 70.00%, Test: 69.36%, Best Valid: 73.96%, Best Test: 74.85%
Epoch: 800, Loss: 0.0004, Train: 68.61%, Valid: 69.96%, Test: 69.39%, Best Valid: 73.96%, Best Test: 74.85%
Epoch: 900, Loss: 0.0002, Train: 68.69%, Valid: 70.07%, Test: 69.43%, Best Valid: 73.96%, Best Test: 74.85%
Run 09:
Highest Train: 73.55
Highest Valid: 73.96
Highest Test: 74.85
Chosen epoch: 94
Final Train: 73.02
Final Test: 74.85
Label budget: 2/class -> 20 train nodes
Epoch: 00, Loss: 2.4707, Train: 2.18%, Valid: 2.73%, Test: 2.22%, Best Valid: 2.73%, Best Test: 2.22%
Epoch: 100, Loss: 0.0629, Train: 69.65%, Valid: 70.00%, Test: 70.85%, Best Valid: 74.40%, Best Test: 76.34%
Epoch: 200, Loss: 0.0024, Train: 64.26%, Valid: 65.13%, Test: 65.61%, Best Valid: 74.40%, Best Test: 76.34%
Epoch: 300, Loss: 0.0015, Train: 67.28%, Valid: 68.47%, Test: 69.39%, Best Valid: 74.40%, Best Test: 76.34%
Epoch: 400, Loss: 0.0006, Train: 67.20%, Valid: 68.40%, Test: 69.36%, Best Valid: 74.40%, Best Test: 76.34%
Epoch: 500, Loss: 0.0007, Train: 67.41%, Valid: 68.69%, Test: 69.54%, Best Valid: 74.40%, Best Test: 76.34%
Epoch: 600, Loss: 0.0004, Train: 67.48%, Valid: 68.98%, Test: 69.68%, Best Valid: 74.40%, Best Test: 76.34%
Epoch: 700, Loss: 0.0006, Train: 67.60%, Valid: 68.91%, Test: 69.79%, Best Valid: 74.40%, Best Test: 76.34%
Epoch: 800, Loss: 0.0002, Train: 67.45%, Valid: 68.65%, Test: 69.65%, Best Valid: 74.40%, Best Test: 76.34%
Epoch: 900, Loss: 0.0003, Train: 68.02%, Valid: 69.27%, Test: 70.27%, Best Valid: 74.40%, Best Test: 76.34%
Run 10:
Highest Train: 74.57
Highest Valid: 74.40
Highest Test: 76.34
Chosen epoch: 39
Final Train: 74.57
Final Test: 76.34
All runs:
Highest Train: 70.74 ± 6.60
Highest Test: 71.90 ± 6.73
Highest Valid: 70.61 ± 7.15
  Final Train: 70.15 ± 7.32
   Final Test: 71.18 ± 7.83
Saving results to results/lowlabel/amazon-computer/MPNN_gcn.csv
Low-label sweep completed.
Task 150 done.
