Thu Aug  6 07:56:42 2026       
+-----------------------------------------------------------------------------------------+
| NVIDIA-SMI 580.159.04             Driver Version: 580.159.04     CUDA Version: 13.0     |
+-----------------------------------------+------------------------+----------------------+
| GPU  Name                 Persistence-M | Bus-Id          Disp.A | Volatile Uncorr. ECC |
| Fan  Temp   Perf          Pwr:Usage/Cap |           Memory-Usage | GPU-Util  Compute M. |
|                                         |                        |               MIG M. |
|=========================================+========================+======================|
|   0  NVIDIA A100-SXM4-80GB          On  |   00000000:01:00.0 Off |                   On |
| N/A   50C    P0            245W /  500W |   43674MiB /  81920MiB |     N/A      Default |
|                                         |                        |              Enabled |
+-----------------------------------------+------------------------+----------------------+
|   1  NVIDIA A100-SXM4-80GB          On  |   00000000:41:00.0 Off |                   On |
| N/A   35C    P0            128W /  500W |    4261MiB /  81920MiB |     N/A      Default |
|                                         |                        |              Enabled |
+-----------------------------------------+------------------------+----------------------+
|   2  NVIDIA A100-SXM4-80GB          On  |   00000000:81:00.0 Off |                   On |
| N/A   34C    P0             72W /  500W |     249MiB /  81920MiB |     N/A      Default |
|                                         |                        |              Enabled |
+-----------------------------------------+------------------------+----------------------+
|   3  NVIDIA A100-SXM4-80GB          On  |   00000000:C1:00.0 Off |                   On |
| N/A   34C    P0            137W /  500W |    4261MiB /  81920MiB |     N/A      Default |
|                                         |                        |              Enabled |
+-----------------------------------------+------------------------+----------------------+

+-----------------------------------------------------------------------------------------+
| MIG devices:                                                                            |
+------------------+----------------------------------+-----------+-----------------------+
| GPU  GI  CI  MIG |              Shared Memory-Usage |        Vol|        Shared         |
|      ID  ID  Dev |                Shared BAR1-Usage | SM     Unc| CE ENC  DEC  OFA  JPG |
|                  |                                  |        ECC|                       |
|==================+==================================+===========+=======================|
|  2    3   0   0  |              71MiB / 19968MiB    | 28      0 |  2   0    1    0    0 |
|                  |               0MiB / 12271MiB    |           |                       |
+------------------+----------------------------------+-----------+-----------------------+

+-----------------------------------------------------------------------------------------+
| Processes:                                                                              |
|  GPU   GI   CI              PID   Type   Process name                        GPU Memory |
|        ID   ID                                                               Usage      |
|=========================================================================================|
|    0    1    0           165376      C   python                                39270MiB |
|    0    5    0           632671      C   python                                 4138MiB |
|    1    3    0           631045      C   python                                 4004MiB |
|    3    5    0           630753      C   python                                 4004MiB |
+-----------------------------------------------------------------------------------------+
Cell: amazon-computer / polynormer / budget 2 per class / group 0
python main.py --model polynormer --dataset amazon-computer --hidden_channels 64 --local_epochs 200 --global_epochs 1000 --lr 0.001 --runs 10 --local_layers 5 --global_layers 1 --weight_decay 5e-5 --dropout 0.7 --in_dropout 0.2 --num_heads 8 --save_model --device 0 --model_dir models/lowlabel_1161133_175 --train_per_class 2 --budget_tag 2
==========================================================
Low-label sweep: python main.py --model polynormer --dataset amazon-computer --hidden_channels 64 --local_epochs 200 --global_epochs 1000 --lr 0.001 --runs 10 --local_layers 5 --global_layers 1 --weight_decay 5e-5 --dropout 0.7 --in_dropout 0.2 --num_heads 8 --save_model --device 0 --model_dir models/lowlabel_1161133_175 --train_per_class 2 --budget_tag 2
result_dir=../results/lowlabel conditions=[baseline]
==========================================================
--- baseline ---
Namespace(aggregate='add', alpha=0.5, attention='gcn', beta=-1.0, bn=False, budget_tag='2', count_reg=False, count_smoothing=1.0, cpu=False, data_dir='../data/', dataset='amazon-computer', device=0, dim_inner=64, display_step=100, dropout=0.7, epochs=500, global_dropout=None, global_epochs=1000, global_layers=1, gnn='gcn', graph_weight=0.8, hidden_channels=64, hops=10, in_dropout=0.2, jk=False, label_num_per_class=20, lambda_val=0.5, layers=1, ln=False, local_epochs=200, local_gnn_type='GCN', local_layers=5, lr=0.001, metric='acc', mlp_epochs=500, mlp_reg=False, model='polynormer', model_dir='models/lowlabel_1161133_175', n_heads=8, num_centroids=4096, num_heads=8, oracle_reg=False, paired_seeds=True, pe_types='RWSE', penalty_transform='none', pre_linear=False, pre_ln=False, rand_split=False, rand_split_class=False, reg_start_epoch=10, reg_update_freq=5, res=False, resample_split_per_run=False, result_dir='../results/lowlabel', runs=10, save_model=True, save_result=False, seed=42, test_num=1000, tr_dropout=None, tr_layers=1, tr_weight_decay=None, train_per_class=2, train_prop=0.5, use_act=False, use_bn=False, use_graph=False, use_reg=False, use_residual=False, use_weight=False, valid_num=500, valid_per_class=0, valid_prop=0.25, weight_decay=5e-05)
amazon-computer
dataset amazon-computer | num nodes 13752 | num edge 491722 | num node feats 767 | num classes 10
MODEL: Polynormer(
  (h_lins): ModuleList(
    (0): Linear(in_features=512, out_features=512, bias=True)
    (1): Linear(in_features=512, out_features=512, bias=True)
    (2): Linear(in_features=512, out_features=512, bias=True)
    (3): Linear(in_features=512, out_features=512, bias=True)
    (4): Linear(in_features=512, out_features=512, bias=True)
  )
  (local_convs): ModuleList(
    (0): GATConv(512, 64, heads=8)
    (1): GATConv(512, 64, heads=8)
    (2): GATConv(512, 64, heads=8)
    (3): GATConv(512, 64, heads=8)
    (4): GATConv(512, 64, heads=8)
  )
  (lins): ModuleList(
    (0): Linear(in_features=512, out_features=512, bias=True)
    (1): Linear(in_features=512, out_features=512, bias=True)
    (2): Linear(in_features=512, out_features=512, bias=True)
    (3): Linear(in_features=512, out_features=512, bias=True)
    (4): Linear(in_features=512, out_features=512, bias=True)
  )
  (lns): ModuleList(
    (0): LayerNorm((512,), eps=1e-05, elementwise_affine=True)
    (1): LayerNorm((512,), eps=1e-05, elementwise_affine=True)
    (2): LayerNorm((512,), eps=1e-05, elementwise_affine=True)
    (3): LayerNorm((512,), eps=1e-05, elementwise_affine=True)
    (4): LayerNorm((512,), eps=1e-05, elementwise_affine=True)
  )
  (lin_in): Linear(in_features=767, out_features=512, bias=True)
  (ln): LayerNorm((512,), eps=1e-05, elementwise_affine=True)
  (global_attn): GlobalAttn(
    (h_lins): ModuleList(
      (0): Linear(in_features=512, out_features=512, bias=True)
    )
    (k_lins): ModuleList(
      (0): Linear(in_features=512, out_features=512, bias=True)
    )
    (v_lins): ModuleList(
      (0): Linear(in_features=512, out_features=512, bias=True)
    )
    (lns): ModuleList(
      (0): LayerNorm((512,), eps=1e-05, elementwise_affine=True)
    )
    (lin_out): Linear(in_features=512, out_features=512, bias=True)
  )
  (pred_local): Linear(in_features=512, out_features=10, bias=True)
  (pred_global): Linear(in_features=512, out_features=10, bias=True)
)
Label budget: 2/class -> 20 train nodes
Epoch: 00, Loss: 2.7035, Train: 14.75%, Valid: 14.51%, Test: 14.58%, Best Valid: 14.51%, Best Test: 14.58%
Epoch: 100, Loss: 2.5299, Train: 10.62%, Valid: 9.53%, Test: 10.03%, Best Valid: 29.75%, Best Test: 32.68%
Switching Polynormer to global attention phase.
Epoch: 200, Loss: 2.3496, Train: 37.61%, Valid: 36.18%, Test: 38.53%, Best Valid: 36.18%, Best Test: 38.53%
Epoch: 300, Loss: 2.4067, Train: 2.18%, Valid: 2.29%, Test: 2.36%, Best Valid: 36.18%, Best Test: 38.53%
Epoch: 400, Loss: 2.3323, Train: 15.50%, Valid: 16.00%, Test: 15.38%, Best Valid: 36.18%, Best Test: 38.53%
Epoch: 500, Loss: 2.4893, Train: 3.36%, Valid: 4.00%, Test: 3.64%, Best Valid: 36.18%, Best Test: 38.53%
Epoch: 600, Loss: 2.1748, Train: 3.84%, Valid: 3.75%, Test: 4.43%, Best Valid: 36.18%, Best Test: 38.53%
Epoch: 700, Loss: 1.7377, Train: 2.18%, Valid: 2.29%, Test: 2.36%, Best Valid: 36.18%, Best Test: 38.53%
Epoch: 800, Loss: 1.3920, Train: 2.18%, Valid: 2.29%, Test: 2.36%, Best Valid: 36.18%, Best Test: 38.53%
Epoch: 900, Loss: 1.1738, Train: 2.46%, Valid: 2.62%, Test: 2.58%, Best Valid: 36.18%, Best Test: 38.53%
Epoch: 1000, Loss: 1.1762, Train: 3.19%, Valid: 3.56%, Test: 3.42%, Best Valid: 36.18%, Best Test: 38.53%
Epoch: 1100, Loss: 1.0201, Train: 13.47%, Valid: 12.69%, Test: 13.23%, Best Valid: 36.18%, Best Test: 38.53%
Run 01:
Highest Train: 37.61
Highest Valid: 36.18
Highest Test: 38.53
Chosen epoch: 200
Final Train: 37.61
Final Test: 38.53
Label budget: 2/class -> 20 train nodes
Epoch: 00, Loss: 2.5422, Train: 1.98%, Valid: 2.51%, Test: 2.14%, Best Valid: 2.51%, Best Test: 2.14%
Epoch: 100, Loss: 2.7282, Train: 3.36%, Valid: 4.00%, Test: 3.64%, Best Valid: 16.00%, Best Test: 15.38%
Switching Polynormer to global attention phase.
Epoch: 200, Loss: 2.3026, Train: 2.18%, Valid: 2.29%, Test: 2.36%, Best Valid: 17.45%, Best Test: 15.99%
Epoch: 300, Loss: 2.2191, Train: 3.38%, Valid: 4.04%, Test: 3.64%, Best Valid: 36.18%, Best Test: 38.53%
Epoch: 400, Loss: 1.8846, Train: 5.45%, Valid: 5.64%, Test: 5.56%, Best Valid: 37.02%, Best Test: 36.17%
Epoch: 500, Loss: 1.3886, Train: 9.87%, Valid: 10.80%, Test: 10.11%, Best Valid: 37.02%, Best Test: 36.17%
Epoch: 600, Loss: 1.0219, Train: 25.61%, Valid: 26.15%, Test: 25.55%, Best Valid: 38.15%, Best Test: 38.35%
Epoch: 700, Loss: 1.1753, Train: 29.44%, Valid: 29.78%, Test: 28.97%, Best Valid: 38.15%, Best Test: 38.35%
Epoch: 800, Loss: 0.1258, Train: 27.63%, Valid: 28.69%, Test: 27.19%, Best Valid: 38.55%, Best Test: 38.82%
Epoch: 900, Loss: 0.3339, Train: 23.20%, Valid: 24.07%, Test: 22.57%, Best Valid: 38.55%, Best Test: 38.82%
Epoch: 1000, Loss: 0.3759, Train: 19.55%, Valid: 20.76%, Test: 18.28%, Best Valid: 38.55%, Best Test: 38.82%
Epoch: 1100, Loss: 0.0168, Train: 22.94%, Valid: 24.40%, Test: 22.50%, Best Valid: 43.38%, Best Test: 43.51%
Run 02:
Highest Train: 42.92
Highest Valid: 43.38
Highest Test: 43.55
Chosen epoch: 1066
Final Train: 42.92
Final Test: 43.51
Label budget: 2/class -> 20 train nodes
Epoch: 00, Loss: 2.6555, Train: 6.05%, Valid: 6.22%, Test: 5.34%, Best Valid: 6.22%, Best Test: 5.34%
Epoch: 100, Loss: 2.3610, Train: 4.18%, Valid: 4.22%, Test: 4.54%, Best Valid: 36.18%, Best Test: 38.53%
Switching Polynormer to global attention phase.
Epoch: 200, Loss: 2.3231, Train: 3.84%, Valid: 3.75%, Test: 4.43%, Best Valid: 36.18%, Best Test: 38.53%
Epoch: 300, Loss: 2.3438, Train: 10.62%, Valid: 9.53%, Test: 10.03%, Best Valid: 36.18%, Best Test: 38.53%
Epoch: 400, Loss: 2.2127, Train: 15.50%, Valid: 16.00%, Test: 15.38%, Best Valid: 36.18%, Best Test: 38.53%
Epoch: 500, Loss: 2.4036, Train: 1.96%, Valid: 2.55%, Test: 2.14%, Best Valid: 36.18%, Best Test: 38.53%
Epoch: 600, Loss: 2.0553, Train: 15.79%, Valid: 16.33%, Test: 14.69%, Best Valid: 36.18%, Best Test: 38.53%
Epoch: 700, Loss: 1.8140, Train: 37.61%, Valid: 36.18%, Test: 38.53%, Best Valid: 36.18%, Best Test: 38.53%
Epoch: 800, Loss: 2.0133, Train: 37.61%, Valid: 36.18%, Test: 38.53%, Best Valid: 36.18%, Best Test: 38.53%
Epoch: 900, Loss: 1.6864, Train: 15.79%, Valid: 16.33%, Test: 14.69%, Best Valid: 36.18%, Best Test: 38.53%
Epoch: 1000, Loss: 1.6880, Train: 15.79%, Valid: 16.33%, Test: 14.69%, Best Valid: 36.18%, Best Test: 38.53%
Epoch: 1100, Loss: 1.4406, Train: 21.77%, Valid: 22.04%, Test: 20.54%, Best Valid: 36.18%, Best Test: 38.53%
Run 03:
Highest Train: 37.61
Highest Valid: 36.18
Highest Test: 38.57
Chosen epoch: 14
Final Train: 37.61
Final Test: 38.53
Label budget: 2/class -> 20 train nodes
Epoch: 00, Loss: 2.3865, Train: 3.76%, Valid: 3.64%, Test: 4.33%, Best Valid: 3.64%, Best Test: 4.33%
Epoch: 100, Loss: 2.3013, Train: 15.50%, Valid: 16.00%, Test: 15.38%, Best Valid: 30.91%, Best Test: 31.19%
Switching Polynormer to global attention phase.
Epoch: 200, Loss: 2.3026, Train: 3.36%, Valid: 4.00%, Test: 3.64%, Best Valid: 30.91%, Best Test: 31.19%
Epoch: 300, Loss: 2.0022, Train: 15.79%, Valid: 16.33%, Test: 14.69%, Best Valid: 36.18%, Best Test: 38.53%
Epoch: 400, Loss: 2.0522, Train: 1.96%, Valid: 2.55%, Test: 2.14%, Best Valid: 36.18%, Best Test: 38.53%
Epoch: 500, Loss: 2.0924, Train: 6.04%, Valid: 6.25%, Test: 5.38%, Best Valid: 36.18%, Best Test: 38.53%
Epoch: 600, Loss: 1.9765, Train: 1.89%, Valid: 2.44%, Test: 2.14%, Best Valid: 36.18%, Best Test: 38.53%
Epoch: 700, Loss: 1.6046, Train: 13.72%, Valid: 13.71%, Test: 12.87%, Best Valid: 36.18%, Best Test: 38.53%
Epoch: 800, Loss: 1.2797, Train: 6.48%, Valid: 6.73%, Test: 6.29%, Best Valid: 36.18%, Best Test: 38.53%
Epoch: 900, Loss: 0.7965, Train: 4.64%, Valid: 4.80%, Test: 5.02%, Best Valid: 36.18%, Best Test: 38.53%
Epoch: 1000, Loss: 0.6660, Train: 3.49%, Valid: 4.00%, Test: 3.74%, Best Valid: 36.18%, Best Test: 38.53%
Epoch: 1100, Loss: 0.8502, Train: 6.47%, Valid: 7.24%, Test: 6.11%, Best Valid: 36.18%, Best Test: 38.53%
Run 04:
Highest Train: 37.61
Highest Valid: 36.18
Highest Test: 38.53
Chosen epoch: 209
Final Train: 37.61
Final Test: 38.53
Label budget: 2/class -> 20 train nodes
Epoch: 00, Loss: 2.6522, Train: 37.40%, Valid: 35.89%, Test: 38.17%, Best Valid: 35.89%, Best Test: 38.17%
Epoch: 100, Loss: 2.4997, Train: 3.84%, Valid: 3.75%, Test: 4.43%, Best Valid: 36.18%, Best Test: 38.53%
Switching Polynormer to global attention phase.
Epoch: 200, Loss: 2.3694, Train: 2.38%, Valid: 2.33%, Test: 2.76%, Best Valid: 36.18%, Best Test: 38.53%
Epoch: 300, Loss: 2.2731, Train: 37.61%, Valid: 36.18%, Test: 38.53%, Best Valid: 36.18%, Best Test: 38.53%
Epoch: 400, Loss: 2.0410, Train: 3.84%, Valid: 3.75%, Test: 4.43%, Best Valid: 36.18%, Best Test: 38.53%
Epoch: 500, Loss: 1.9684, Train: 15.79%, Valid: 16.33%, Test: 14.69%, Best Valid: 36.18%, Best Test: 38.53%
Epoch: 600, Loss: 1.9365, Train: 15.79%, Valid: 16.33%, Test: 14.69%, Best Valid: 37.13%, Best Test: 38.82%
Epoch: 700, Loss: 1.5945, Train: 36.30%, Valid: 35.67%, Test: 37.08%, Best Valid: 37.49%, Best Test: 39.62%
Epoch: 800, Loss: 1.1610, Train: 5.05%, Valid: 5.35%, Test: 5.85%, Best Valid: 37.49%, Best Test: 39.62%
Epoch: 900, Loss: 1.0519, Train: 12.17%, Valid: 12.40%, Test: 12.87%, Best Valid: 37.49%, Best Test: 39.62%
Epoch: 1000, Loss: 0.9559, Train: 24.22%, Valid: 23.96%, Test: 25.48%, Best Valid: 37.49%, Best Test: 39.62%
Epoch: 1100, Loss: 1.5698, Train: 16.11%, Valid: 16.07%, Test: 14.50%, Best Valid: 38.18%, Best Test: 39.48%
Run 05:
Highest Train: 38.93
Highest Valid: 38.18
Highest Test: 39.62
Chosen epoch: 1094
Final Train: 38.55
Final Test: 39.48
Label budget: 2/class -> 20 train nodes
Epoch: 00, Loss: 2.7610, Train: 3.36%, Valid: 4.00%, Test: 3.64%, Best Valid: 4.00%, Best Test: 3.64%
Epoch: 100, Loss: 2.3186, Train: 1.96%, Valid: 2.55%, Test: 2.14%, Best Valid: 36.18%, Best Test: 38.53%
Switching Polynormer to global attention phase.
Epoch: 200, Loss: 2.3026, Train: 2.18%, Valid: 2.29%, Test: 2.36%, Best Valid: 36.95%, Best Test: 39.69%
Epoch: 300, Loss: 2.1823, Train: 15.91%, Valid: 16.40%, Test: 14.69%, Best Valid: 36.95%, Best Test: 39.69%
Epoch: 400, Loss: 1.8727, Train: 6.04%, Valid: 6.73%, Test: 6.03%, Best Valid: 36.95%, Best Test: 39.69%
Epoch: 500, Loss: 1.5690, Train: 5.76%, Valid: 6.91%, Test: 5.27%, Best Valid: 36.95%, Best Test: 39.69%
Epoch: 600, Loss: 1.0818, Train: 12.14%, Valid: 13.09%, Test: 11.16%, Best Valid: 36.95%, Best Test: 39.69%
Epoch: 700, Loss: 0.8598, Train: 14.26%, Valid: 12.98%, Test: 13.81%, Best Valid: 36.95%, Best Test: 39.69%
Epoch: 800, Loss: 0.3731, Train: 20.09%, Valid: 19.53%, Test: 19.92%, Best Valid: 36.95%, Best Test: 39.69%
Epoch: 900, Loss: 0.1222, Train: 24.03%, Valid: 23.56%, Test: 24.97%, Best Valid: 36.95%, Best Test: 39.69%
Epoch: 1000, Loss: 0.0379, Train: 28.34%, Valid: 29.31%, Test: 29.59%, Best Valid: 36.95%, Best Test: 39.69%
Epoch: 1100, Loss: 0.0243, Train: 32.20%, Valid: 32.55%, Test: 32.28%, Best Valid: 36.95%, Best Test: 39.69%
Run 06:
Highest Train: 39.03
Highest Valid: 36.95
Highest Test: 39.69
Chosen epoch: 139
Final Train: 39.03
Final Test: 39.69
Label budget: 2/class -> 20 train nodes
Epoch: 00, Loss: 2.6351, Train: 2.34%, Valid: 2.36%, Test: 2.36%, Best Valid: 2.36%, Best Test: 2.36%
Epoch: 100, Loss: 2.6157, Train: 15.50%, Valid: 16.00%, Test: 15.38%, Best Valid: 36.22%, Best Test: 38.31%
Switching Polynormer to global attention phase.
Epoch: 200, Loss: 2.3026, Train: 3.10%, Valid: 3.13%, Test: 3.42%, Best Valid: 36.22%, Best Test: 38.31%
Epoch: 300, Loss: 2.3955, Train: 6.04%, Valid: 6.25%, Test: 5.38%, Best Valid: 36.22%, Best Test: 38.31%
Epoch: 400, Loss: 2.3468, Train: 6.04%, Valid: 6.25%, Test: 5.38%, Best Valid: 36.22%, Best Test: 38.31%
Epoch: 500, Loss: 2.3090, Train: 15.50%, Valid: 16.00%, Test: 15.38%, Best Valid: 36.22%, Best Test: 38.31%
Epoch: 600, Loss: 2.3259, Train: 15.50%, Valid: 16.00%, Test: 15.38%, Best Valid: 36.22%, Best Test: 38.31%
Epoch: 700, Loss: 2.2559, Train: 15.50%, Valid: 16.00%, Test: 15.38%, Best Valid: 36.22%, Best Test: 38.31%
Epoch: 800, Loss: 1.9664, Train: 15.50%, Valid: 16.00%, Test: 15.38%, Best Valid: 36.22%, Best Test: 38.31%
Epoch: 900, Loss: 1.5988, Train: 15.50%, Valid: 16.00%, Test: 15.38%, Best Valid: 36.22%, Best Test: 38.31%
Epoch: 1000, Loss: 1.3619, Train: 15.50%, Valid: 16.00%, Test: 15.38%, Best Valid: 36.22%, Best Test: 38.31%
Epoch: 1100, Loss: 1.3153, Train: 15.66%, Valid: 16.04%, Test: 15.41%, Best Valid: 36.22%, Best Test: 38.31%
Run 07:
Highest Train: 37.69
Highest Valid: 36.22
Highest Test: 38.57
Chosen epoch: 80
Final Train: 37.56
Final Test: 38.31
Label budget: 2/class -> 20 train nodes
Epoch: 00, Loss: 2.4928, Train: 37.50%, Valid: 36.07%, Test: 38.46%, Best Valid: 36.07%, Best Test: 38.46%
Epoch: 100, Loss: 2.5251, Train: 15.79%, Valid: 16.33%, Test: 14.69%, Best Valid: 36.18%, Best Test: 38.53%
Switching Polynormer to global attention phase.
Epoch: 200, Loss: 2.3413, Train: 15.79%, Valid: 16.33%, Test: 14.69%, Best Valid: 36.18%, Best Test: 38.53%
Epoch: 300, Loss: 2.2831, Train: 3.36%, Valid: 4.00%, Test: 3.64%, Best Valid: 36.18%, Best Test: 38.53%
Epoch: 400, Loss: 2.3300, Train: 15.79%, Valid: 16.33%, Test: 14.69%, Best Valid: 36.18%, Best Test: 38.53%
Epoch: 500, Loss: 1.8733, Train: 3.84%, Valid: 3.75%, Test: 4.43%, Best Valid: 36.18%, Best Test: 38.53%
Epoch: 600, Loss: 1.6385, Train: 16.81%, Valid: 17.60%, Test: 16.50%, Best Valid: 36.25%, Best Test: 38.60%
Epoch: 700, Loss: 1.6457, Train: 18.03%, Valid: 18.73%, Test: 17.99%, Best Valid: 36.25%, Best Test: 38.60%
Epoch: 800, Loss: 1.4268, Train: 17.10%, Valid: 17.53%, Test: 17.05%, Best Valid: 36.25%, Best Test: 38.60%
Epoch: 900, Loss: 1.1692, Train: 17.25%, Valid: 17.38%, Test: 17.27%, Best Valid: 36.25%, Best Test: 38.60%
Epoch: 1000, Loss: 1.0393, Train: 17.06%, Valid: 17.38%, Test: 17.08%, Best Valid: 36.25%, Best Test: 38.60%
Epoch: 1100, Loss: 0.7163, Train: 16.29%, Valid: 16.58%, Test: 16.28%, Best Valid: 36.25%, Best Test: 38.60%
Run 08:
Highest Train: 37.62
Highest Valid: 36.25
Highest Test: 38.60
Chosen epoch: 533
Final Train: 37.53
Final Test: 38.60
Label budget: 2/class -> 20 train nodes
Epoch: 00, Loss: 2.3740, Train: 3.36%, Valid: 4.00%, Test: 3.67%, Best Valid: 4.00%, Best Test: 3.67%
Epoch: 100, Loss: 2.7179, Train: 15.79%, Valid: 16.33%, Test: 14.69%, Best Valid: 36.18%, Best Test: 38.53%
Switching Polynormer to global attention phase.
Epoch: 200, Loss: 2.3039, Train: 1.96%, Valid: 2.55%, Test: 2.14%, Best Valid: 36.18%, Best Test: 38.53%
Epoch: 300, Loss: 2.3099, Train: 3.36%, Valid: 4.00%, Test: 3.64%, Best Valid: 36.18%, Best Test: 38.53%
Epoch: 400, Loss: 2.2775, Train: 3.10%, Valid: 3.13%, Test: 3.42%, Best Valid: 36.18%, Best Test: 38.53%
Epoch: 500, Loss: 2.0362, Train: 15.49%, Valid: 16.00%, Test: 15.34%, Best Valid: 36.18%, Best Test: 38.53%
Epoch: 600, Loss: 1.8369, Train: 1.99%, Valid: 2.58%, Test: 2.14%, Best Valid: 36.18%, Best Test: 38.53%
Epoch: 700, Loss: 1.8993, Train: 10.73%, Valid: 9.67%, Test: 10.00%, Best Valid: 36.18%, Best Test: 38.53%
Epoch: 800, Loss: 1.2398, Train: 10.97%, Valid: 10.76%, Test: 10.36%, Best Valid: 36.18%, Best Test: 38.53%
Epoch: 900, Loss: 0.7276, Train: 14.62%, Valid: 13.93%, Test: 14.50%, Best Valid: 36.18%, Best Test: 38.53%
Epoch: 1000, Loss: 0.6098, Train: 41.03%, Valid: 40.22%, Test: 41.62%, Best Valid: 41.42%, Best Test: 43.55%
Epoch: 1100, Loss: 0.7195, Train: 26.23%, Valid: 25.20%, Test: 25.99%, Best Valid: 41.42%, Best Test: 43.55%
Run 09:
Highest Train: 42.49
Highest Valid: 41.42
Highest Test: 43.55
Chosen epoch: 992
Final Train: 42.49
Final Test: 43.55
Label budget: 2/class -> 20 train nodes
Epoch: 00, Loss: 2.7740, Train: 3.37%, Valid: 4.04%, Test: 3.64%, Best Valid: 4.04%, Best Test: 3.64%
Epoch: 100, Loss: 2.6582, Train: 3.84%, Valid: 3.75%, Test: 4.43%, Best Valid: 36.18%, Best Test: 38.53%
Switching Polynormer to global attention phase.
Epoch: 200, Loss: 2.3026, Train: 37.61%, Valid: 36.18%, Test: 38.53%, Best Valid: 37.13%, Best Test: 39.26%
Epoch: 300, Loss: 1.3279, Train: 17.68%, Valid: 18.40%, Test: 19.12%, Best Valid: 38.55%, Best Test: 40.20%
Epoch: 400, Loss: 0.7838, Train: 28.19%, Valid: 29.82%, Test: 29.37%, Best Valid: 50.51%, Best Test: 50.93%
Epoch: 500, Loss: 0.6342, Train: 49.69%, Valid: 48.58%, Test: 49.36%, Best Valid: 50.51%, Best Test: 50.93%
Epoch: 600, Loss: 0.4725, Train: 50.37%, Valid: 48.87%, Test: 49.33%, Best Valid: 51.93%, Best Test: 52.16%
Epoch: 700, Loss: 0.3176, Train: 46.88%, Valid: 46.22%, Test: 45.95%, Best Valid: 51.93%, Best Test: 52.16%
Epoch: 800, Loss: 0.1294, Train: 46.37%, Valid: 45.27%, Test: 46.27%, Best Valid: 51.93%, Best Test: 52.16%
Epoch: 900, Loss: 0.1766, Train: 46.93%, Valid: 45.96%, Test: 46.75%, Best Valid: 51.93%, Best Test: 52.16%
Epoch: 1000, Loss: 0.0846, Train: 43.12%, Valid: 41.60%, Test: 42.89%, Best Valid: 51.93%, Best Test: 52.16%
Epoch: 1100, Loss: 0.0044, Train: 48.52%, Valid: 47.02%, Test: 48.02%, Best Valid: 51.93%, Best Test: 52.16%
Run 10:
Highest Train: 53.30
Highest Valid: 51.93
Highest Test: 53.36
Chosen epoch: 516
Final Train: 52.70
Final Test: 52.16
All runs:
Highest Train: 40.48 ± 4.94
Highest Test: 41.26 ± 4.70
Highest Valid: 39.29 ± 5.11
  Final Train: 40.36 ± 4.79
   Final Test: 41.09 ± 4.38
Saving results to ../results/lowlabel/amazon-computer/polynormer.csv
Low-label sweep completed.
Task 175 done.
