Sun Aug 16 03:36:48 2026       
+-----------------------------------------------------------------------------------------+
| NVIDIA-SMI 580.159.04             Driver Version: 580.159.04     CUDA Version: 13.0     |
+-----------------------------------------+------------------------+----------------------+
| GPU  Name                 Persistence-M | Bus-Id          Disp.A | Volatile Uncorr. ECC |
| Fan  Temp   Perf          Pwr:Usage/Cap |           Memory-Usage | GPU-Util  Compute M. |
|                                         |                        |               MIG M. |
|=========================================+========================+======================|
|   0  NVIDIA A100-SXM4-80GB          On  |   00000000:01:00.0 Off |                   On |
| N/A   58C    P0            250W /  500W |   38485MiB /  81920MiB |     N/A      Default |
|                                         |                        |              Enabled |
+-----------------------------------------+------------------------+----------------------+
|   1  NVIDIA A100-SXM4-80GB          On  |   00000000:41:00.0 Off |                   On |
| N/A   49C    P0            251W /  500W |   40687MiB /  81920MiB |     N/A      Default |
|                                         |                        |              Enabled |
+-----------------------------------------+------------------------+----------------------+
|   2  NVIDIA A100-SXM4-80GB          On  |   00000000:81:00.0 Off |                   On |
| N/A   57C    P0            251W /  500W |   41139MiB /  81920MiB |     N/A      Default |
|                                         |                        |              Enabled |
+-----------------------------------------+------------------------+----------------------+
|   3  NVIDIA A100-SXM4-80GB          On  |   00000000:C1:00.0 Off |                   On |
| N/A   49C    P0            254W /  500W |   41167MiB /  81920MiB |     N/A      Default |
|                                         |                        |              Enabled |
+-----------------------------------------+------------------------+----------------------+

+-----------------------------------------------------------------------------------------+
| MIG devices:                                                                            |
+------------------+----------------------------------+-----------+-----------------------+
| GPU  GI  CI  MIG |              Shared Memory-Usage |        Vol|        Shared         |
|      ID  ID  Dev |                Shared BAR1-Usage | SM     Unc| CE ENC  DEC  OFA  JPG |
|                  |                                  |        ECC|                       |
|==================+==================================+===========+=======================|
|  0    5   0   0  |              71MiB / 19968MiB    | 28      0 |  2   0    1    0    0 |
|                  |               0MiB / 12271MiB    |           |                       |
+------------------+----------------------------------+-----------+-----------------------+

+-----------------------------------------------------------------------------------------+
| Processes:                                                                              |
|  GPU   GI   CI              PID   Type   Process name                        GPU Memory |
|        ID   ID                                                               Usage      |
|=========================================================================================|
|    1   10    0          1052602      C   ...ware/symmetrix-env/bin/python       1796MiB |
|    1    9    0          1052610      C   ...ware/symmetrix-env/bin/python       1456MiB |
|    1    2    0          2108210      C   python                                37100MiB |
|    2   10    0          1052605      C   ...ware/symmetrix-env/bin/python       1908MiB |
|    2    9    0          1052612      C   ...ware/symmetrix-env/bin/python       1796MiB |
|    2    2    0          2108209      C   python                                37100MiB |
|    3   13    0          1052601      C   ...ware/symmetrix-env/bin/python       1856MiB |
|    3   14    0          1052609      C   ...ware/symmetrix-env/bin/python       1876MiB |
|    3    1    0          2117348      C   python                                37100MiB |
+-----------------------------------------------------------------------------------------+
Matched-val cell: pubmed / gcn / budget 2 per class / group 0
python main.py --gnn gcn --dataset pubmed --lr 0.005 --local_layers 2 --hidden_channels 256 --weight_decay 5e-4 --dropout 0.7 --rand_split_class --valid_num 500 --test_num 1000 --seed 123 --device 0 --runs 5 --runs 10 --label_num_per_class 2 --resample_split_per_run --valid_per_class 2 --budget_tag 2
==========================================================
Low-label sweep: python main.py --gnn gcn --dataset pubmed --lr 0.005 --local_layers 2 --hidden_channels 256 --weight_decay 5e-4 --dropout 0.7 --rand_split_class --valid_num 500 --test_num 1000 --seed 123 --device 0 --runs 5 --runs 10 --label_num_per_class 2 --resample_split_per_run --valid_per_class 2 --budget_tag 2
result_dir=results/lowlabel_mv conditions=[baseline]
==========================================================
--- baseline ---
Namespace(bn=False, budget_tag='2', count_reg=False, count_smoothing=1.0, cpu=False, data_dir='./data/', dataset='pubmed', device=0, display_step=100, dropout=0.7, epochs=500, gnn='gcn', hidden_channels=256, jk=False, label_num_per_class=2, lambda_val=0.5, ln=False, local_layers=2, lr=0.005, metric='acc', mlp_epochs=500, mlp_reg=False, model='MPNN', model_dir='models', num_heads=1, oracle_reg=False, paired_seeds=True, penalty_transform='none', pre_linear=False, pre_ln=False, rand_split=False, rand_split_class=True, reg_start_epoch=10, reg_update_freq=5, res=False, resample_split_per_run=True, result_dir='results/lowlabel_mv', runs=10, save_model=False, seed=123, test_num=1000, train_per_class=0, train_prop=0.5, use_reg=False, valid_num=500, valid_per_class=2, valid_prop=0.25, weight_decay=0.0005)
pubmed
Num nodes: 19717
train:torch.Size([6]), valid:torch.Size([500]), test:torch.Size([1000])
dataset pubmed | num nodes 19717 | num edge 88648 | num node feats 500 | num classes 3
MODEL: MPNNs(
  (h_lins): ModuleList()
  (local_convs): ModuleList(
    (0): GCNConv(500, 256)
    (1): GCNConv(256, 256)
  )
  (lins): ModuleList(
    (0): Linear(in_features=500, out_features=256, bias=True)
    (1): Linear(in_features=256, out_features=256, bias=True)
  )
  (lns): ModuleList(
    (0): LayerNorm((256,), eps=1e-05, elementwise_affine=True)
    (1): LayerNorm((256,), eps=1e-05, elementwise_affine=True)
  )
  (bns): ModuleList(
    (0): BatchNorm1d(256, eps=1e-05, momentum=0.1, affine=True, track_running_stats=True)
    (1): BatchNorm1d(256, eps=1e-05, momentum=0.1, affine=True, track_running_stats=True)
  )
  (lin_in): Linear(in_features=500, out_features=256, bias=True)
  (pred_local): Linear(in_features=256, out_features=3, bias=True)
)
train:torch.Size([6]), valid:torch.Size([500]), test:torch.Size([1000])
Matched-budget validation: 6 valid nodes
Epoch: 00, Loss: 1.0982, Train: 33.33%, Valid: 33.33%, Test: 40.10%, Best Valid: 33.33%, Best Test: 40.10%
Epoch: 100, Loss: 0.0049, Train: 100.00%, Valid: 50.00%, Test: 62.80%, Best Valid: 50.00%, Best Test: 50.50%
Epoch: 200, Loss: 0.0053, Train: 100.00%, Valid: 50.00%, Test: 71.50%, Best Valid: 66.67%, Best Test: 69.90%
Epoch: 300, Loss: 0.0437, Train: 100.00%, Valid: 50.00%, Test: 61.10%, Best Valid: 66.67%, Best Test: 69.90%
Epoch: 400, Loss: 0.0034, Train: 100.00%, Valid: 50.00%, Test: 64.10%, Best Valid: 66.67%, Best Test: 69.90%
Run 01:
Highest Train: 100.00
Highest Valid: 66.67
Highest Test: 71.50
Chosen epoch: 193
Final Train: 100.00
Final Test: 69.90
train:torch.Size([6]), valid:torch.Size([500]), test:torch.Size([1000])
Matched-budget validation: 6 valid nodes
Epoch: 00, Loss: 1.0970, Train: 33.33%, Valid: 33.33%, Test: 39.90%, Best Valid: 33.33%, Best Test: 39.90%
Epoch: 100, Loss: 0.0482, Train: 100.00%, Valid: 33.33%, Test: 41.30%, Best Valid: 50.00%, Best Test: 45.50%
Epoch: 200, Loss: 0.0011, Train: 100.00%, Valid: 33.33%, Test: 40.50%, Best Valid: 50.00%, Best Test: 45.50%
Epoch: 300, Loss: 0.0020, Train: 100.00%, Valid: 33.33%, Test: 39.80%, Best Valid: 66.67%, Best Test: 47.60%
Epoch: 400, Loss: 0.0051, Train: 100.00%, Valid: 33.33%, Test: 38.30%, Best Valid: 66.67%, Best Test: 47.60%
Run 02:
Highest Train: 100.00
Highest Valid: 66.67
Highest Test: 50.40
Chosen epoch: 220
Final Train: 100.00
Final Test: 47.60
train:torch.Size([6]), valid:torch.Size([500]), test:torch.Size([1000])
Matched-budget validation: 6 valid nodes
Epoch: 00, Loss: 1.0998, Train: 33.33%, Valid: 33.33%, Test: 41.90%, Best Valid: 33.33%, Best Test: 41.90%
Epoch: 100, Loss: 0.0062, Train: 100.00%, Valid: 16.67%, Test: 55.20%, Best Valid: 50.00%, Best Test: 36.80%
Epoch: 200, Loss: 0.0111, Train: 100.00%, Valid: 16.67%, Test: 60.90%, Best Valid: 66.67%, Best Test: 56.60%
Epoch: 300, Loss: 0.0031, Train: 100.00%, Valid: 16.67%, Test: 56.10%, Best Valid: 66.67%, Best Test: 56.60%
Epoch: 400, Loss: 0.0051, Train: 100.00%, Valid: 33.33%, Test: 60.70%, Best Valid: 66.67%, Best Test: 56.60%
Run 03:
Highest Train: 100.00
Highest Valid: 66.67
Highest Test: 63.60
Chosen epoch: 194
Final Train: 100.00
Final Test: 56.60
train:torch.Size([6]), valid:torch.Size([500]), test:torch.Size([1000])
Matched-budget validation: 6 valid nodes
Epoch: 00, Loss: 1.0990, Train: 33.33%, Valid: 33.33%, Test: 21.80%, Best Valid: 33.33%, Best Test: 21.80%
Epoch: 100, Loss: 0.0086, Train: 100.00%, Valid: 66.67%, Test: 53.20%, Best Valid: 100.00%, Best Test: 58.00%
Epoch: 200, Loss: 0.0055, Train: 100.00%, Valid: 66.67%, Test: 56.50%, Best Valid: 100.00%, Best Test: 58.00%
Epoch: 300, Loss: 0.0014, Train: 100.00%, Valid: 50.00%, Test: 53.50%, Best Valid: 100.00%, Best Test: 58.00%
Epoch: 400, Loss: 0.0024, Train: 100.00%, Valid: 83.33%, Test: 58.00%, Best Valid: 100.00%, Best Test: 58.00%
Run 04:
Highest Train: 100.00
Highest Valid: 100.00
Highest Test: 60.10
Chosen epoch: 31
Final Train: 100.00
Final Test: 58.00
train:torch.Size([6]), valid:torch.Size([500]), test:torch.Size([1000])
Matched-budget validation: 6 valid nodes
Epoch: 00, Loss: 1.0991, Train: 33.33%, Valid: 33.33%, Test: 40.80%, Best Valid: 33.33%, Best Test: 40.80%
Epoch: 100, Loss: 0.0025, Train: 100.00%, Valid: 33.33%, Test: 58.50%, Best Valid: 66.67%, Best Test: 57.70%
Epoch: 200, Loss: 0.0075, Train: 100.00%, Valid: 16.67%, Test: 56.90%, Best Valid: 83.33%, Best Test: 58.80%
Epoch: 300, Loss: 0.0064, Train: 100.00%, Valid: 33.33%, Test: 52.00%, Best Valid: 83.33%, Best Test: 58.80%
Epoch: 400, Loss: 0.0749, Train: 100.00%, Valid: 66.67%, Test: 56.60%, Best Valid: 83.33%, Best Test: 58.80%
Run 05:
Highest Train: 100.00
Highest Valid: 83.33
Highest Test: 63.60
Chosen epoch: 174
Final Train: 100.00
Final Test: 58.80
train:torch.Size([6]), valid:torch.Size([500]), test:torch.Size([1000])
Matched-budget validation: 6 valid nodes
Epoch: 00, Loss: 1.0972, Train: 33.33%, Valid: 33.33%, Test: 20.00%, Best Valid: 33.33%, Best Test: 20.00%
Epoch: 100, Loss: 0.0068, Train: 100.00%, Valid: 50.00%, Test: 64.70%, Best Valid: 83.33%, Best Test: 67.60%
Epoch: 200, Loss: 0.0022, Train: 100.00%, Valid: 50.00%, Test: 61.40%, Best Valid: 83.33%, Best Test: 67.60%
Epoch: 300, Loss: 0.0040, Train: 100.00%, Valid: 50.00%, Test: 60.60%, Best Valid: 83.33%, Best Test: 67.60%
Epoch: 400, Loss: 0.0041, Train: 100.00%, Valid: 50.00%, Test: 59.60%, Best Valid: 83.33%, Best Test: 67.60%
Run 06:
Highest Train: 100.00
Highest Valid: 83.33
Highest Test: 72.80
Chosen epoch: 43
Final Train: 100.00
Final Test: 67.60
train:torch.Size([6]), valid:torch.Size([500]), test:torch.Size([1000])
Matched-budget validation: 6 valid nodes
Epoch: 00, Loss: 1.1002, Train: 66.67%, Valid: 16.67%, Test: 37.10%, Best Valid: 16.67%, Best Test: 37.10%
Epoch: 100, Loss: 0.0076, Train: 100.00%, Valid: 0.00%, Test: 54.20%, Best Valid: 33.33%, Best Test: 42.00%
Epoch: 200, Loss: 0.0095, Train: 100.00%, Valid: 0.00%, Test: 55.90%, Best Valid: 33.33%, Best Test: 42.00%
Epoch: 300, Loss: 0.0061, Train: 100.00%, Valid: 0.00%, Test: 55.50%, Best Valid: 33.33%, Best Test: 42.00%
Epoch: 400, Loss: 0.0337, Train: 100.00%, Valid: 33.33%, Test: 52.70%, Best Valid: 33.33%, Best Test: 42.00%
Run 07:
Highest Train: 100.00
Highest Valid: 66.67
Highest Test: 61.30
Chosen epoch: 455
Final Train: 100.00
Final Test: 57.40
train:torch.Size([6]), valid:torch.Size([500]), test:torch.Size([1000])
Matched-budget validation: 6 valid nodes
Epoch: 00, Loss: 1.0999, Train: 33.33%, Valid: 33.33%, Test: 40.30%, Best Valid: 33.33%, Best Test: 40.30%
Epoch: 100, Loss: 0.0080, Train: 100.00%, Valid: 66.67%, Test: 66.80%, Best Valid: 83.33%, Best Test: 46.80%
Epoch: 200, Loss: 0.0004, Train: 100.00%, Valid: 66.67%, Test: 63.40%, Best Valid: 83.33%, Best Test: 46.80%
Epoch: 300, Loss: 0.0011, Train: 100.00%, Valid: 50.00%, Test: 58.40%, Best Valid: 83.33%, Best Test: 46.80%
Epoch: 400, Loss: 0.0020, Train: 100.00%, Valid: 66.67%, Test: 62.40%, Best Valid: 83.33%, Best Test: 46.80%
Run 08:
Highest Train: 100.00
Highest Valid: 83.33
Highest Test: 67.80
Chosen epoch: 14
Final Train: 100.00
Final Test: 46.80
train:torch.Size([6]), valid:torch.Size([500]), test:torch.Size([1000])
Matched-budget validation: 6 valid nodes
Epoch: 00, Loss: 1.0969, Train: 33.33%, Valid: 33.33%, Test: 38.80%, Best Valid: 33.33%, Best Test: 38.80%
Epoch: 100, Loss: 0.0202, Train: 100.00%, Valid: 66.67%, Test: 66.70%, Best Valid: 83.33%, Best Test: 66.70%
Epoch: 200, Loss: 0.0008, Train: 100.00%, Valid: 66.67%, Test: 60.60%, Best Valid: 83.33%, Best Test: 66.70%
Epoch: 300, Loss: 0.0061, Train: 100.00%, Valid: 66.67%, Test: 52.80%, Best Valid: 83.33%, Best Test: 66.70%
Epoch: 400, Loss: 0.0043, Train: 100.00%, Valid: 66.67%, Test: 67.00%, Best Valid: 83.33%, Best Test: 66.70%
Run 09:
Highest Train: 100.00
Highest Valid: 83.33
Highest Test: 69.70
Chosen epoch: 3
Final Train: 100.00
Final Test: 66.70
train:torch.Size([6]), valid:torch.Size([500]), test:torch.Size([1000])
Matched-budget validation: 6 valid nodes
Epoch: 00, Loss: 1.0987, Train: 33.33%, Valid: 33.33%, Test: 41.50%, Best Valid: 33.33%, Best Test: 41.50%
Epoch: 100, Loss: 0.0022, Train: 100.00%, Valid: 50.00%, Test: 59.00%, Best Valid: 83.33%, Best Test: 66.90%
Epoch: 200, Loss: 0.0034, Train: 100.00%, Valid: 50.00%, Test: 61.70%, Best Valid: 83.33%, Best Test: 66.90%
Epoch: 300, Loss: 0.0050, Train: 100.00%, Valid: 66.67%, Test: 59.10%, Best Valid: 83.33%, Best Test: 66.90%
Epoch: 400, Loss: 0.0117, Train: 100.00%, Valid: 66.67%, Test: 58.10%, Best Valid: 83.33%, Best Test: 66.90%
Run 10:
Highest Train: 100.00
Highest Valid: 83.33
Highest Test: 67.70
Chosen epoch: 28
Final Train: 100.00
Final Test: 66.90
All runs:
Highest Train: 100.00 ± 0.00
Highest Test: 64.85 ± 6.62
Highest Valid: 78.33 ± 11.25
  Final Train: 100.00 ± 0.00
   Final Test: 59.63 ± 8.16
Saving results to results/lowlabel_mv/pubmed/MPNN_gcn.csv
Low-label sweep completed.
Task 16 done.
