Sat Aug 15 01:03:19 2026       
+-----------------------------------------------------------------------------------------+
| NVIDIA-SMI 580.159.04             Driver Version: 580.159.04     CUDA Version: 13.0     |
+-----------------------------------------+------------------------+----------------------+
| GPU  Name                 Persistence-M | Bus-Id          Disp.A | Volatile Uncorr. ECC |
| Fan  Temp   Perf          Pwr:Usage/Cap |           Memory-Usage | GPU-Util  Compute M. |
|                                         |                        |               MIG M. |
|=========================================+========================+======================|
|   0  NVIDIA A100-SXM4-80GB          On  |   00000000:01:00.0 Off |                   On |
| N/A   60C    P0            354W /  500W |   45577MiB /  81920MiB |     N/A      Default |
|                                         |                        |              Enabled |
+-----------------------------------------+------------------------+----------------------+
|   1  NVIDIA A100-SXM4-80GB          On  |   00000000:41:00.0 Off |                   On |
| N/A   56C    P0            343W /  500W |   50649MiB /  81920MiB |     N/A      Default |
|                                         |                        |              Enabled |
+-----------------------------------------+------------------------+----------------------+
|   2  NVIDIA A100-SXM4-80GB          On  |   00000000:81:00.0 Off |                   On |
| N/A   61C    P0            260W /  500W |   41327MiB /  81920MiB |     N/A      Default |
|                                         |                        |              Enabled |
+-----------------------------------------+------------------------+----------------------+
|   3  NVIDIA A100-SXM4-80GB          On  |   00000000:C1:00.0 Off |                   On |
| N/A   34C    P0            140W /  500W |    6720MiB /  81920MiB |     N/A      Default |
|                                         |                        |              Enabled |
+-----------------------------------------+------------------------+----------------------+

+-----------------------------------------------------------------------------------------+
| MIG devices:                                                                            |
+------------------+----------------------------------+-----------+-----------------------+
| GPU  GI  CI  MIG |              Shared Memory-Usage |        Vol|        Shared         |
|      ID  ID  Dev |                Shared BAR1-Usage | SM     Unc| CE ENC  DEC  OFA  JPG |
|                  |                                  |        ECC|                       |
|==================+==================================+===========+=======================|
|  2    3   0   0  |              71MiB / 19968MiB    | 28      0 |  2   0    1    0    0 |
|                  |               0MiB / 12271MiB    |           |                       |
+------------------+----------------------------------+-----------+-----------------------+

+-----------------------------------------------------------------------------------------+
| Processes:                                                                              |
|  GPU   GI   CI              PID   Type   Process name                        GPU Memory |
|        ID   ID                                                               Usage      |
|=========================================================================================|
|    0   13    0          1181102      C   ...ware/symmetrix-env/bin/python        714MiB |
|    0   14    0          1181105      C   ...ware/symmetrix-env/bin/python        896MiB |
|    0    1    0          1194550      C   python                                37100MiB |
|    0    5    0          1449257      C   python                                 6524MiB |
|    1   13    0          1181099      C   ...ware/symmetrix-env/bin/python       1096MiB |
|    1   14    0          1181106      C   ...ware/symmetrix-env/bin/python       1496MiB |
|    1    1    0          1194552      C   python                                37100MiB |
|    1    5    0          1413007      C   python                                10614MiB |
|    3   13    0          1181107      C   ...ware/symmetrix-env/bin/python       2666MiB |
|    3   14    0          1181108      C   ...ware/symmetrix-env/bin/python       3790MiB |
+-----------------------------------------------------------------------------------------+
Cell: amazon-ratings / polynormer / budget 20 per class / group 4
shuffle group only runs at budgets 2 and 5 — nothing to do.
