Fri Aug 21 15:53:34 2026       
+-----------------------------------------------------------------------------------------+
| NVIDIA-SMI 580.159.04             Driver Version: 580.159.04     CUDA Version: 13.0     |
+-----------------------------------------+------------------------+----------------------+
| GPU  Name                 Persistence-M | Bus-Id          Disp.A | Volatile Uncorr. ECC |
| Fan  Temp   Perf          Pwr:Usage/Cap |           Memory-Usage | GPU-Util  Compute M. |
|                                         |                        |               MIG M. |
|=========================================+========================+======================|
|   0  NVIDIA A100-SXM4-80GB          On  |   00000000:01:00.0 Off |                   On |
| N/A   44C    P0            147W /  500W |    5512MiB /  81920MiB |     N/A      Default |
|                                         |                        |              Enabled |
+-----------------------------------------+------------------------+----------------------+
|   1  NVIDIA A100-SXM4-80GB          On  |   00000000:41:00.0 Off |                   On |
| N/A   47C    P0            234W /  500W |   22737MiB /  81920MiB |     N/A      Default |
|                                         |                        |              Enabled |
+-----------------------------------------+------------------------+----------------------+
|   2  NVIDIA A100-SXM4-80GB          On  |   00000000:81:00.0 Off |                   On |
| N/A   49C    P0            171W /  500W |   13264MiB /  81920MiB |     N/A      Default |
|                                         |                        |              Enabled |
+-----------------------------------------+------------------------+----------------------+
|   3  NVIDIA A100-SXM4-80GB          On  |   00000000:C1:00.0 Off |                   On |
| N/A   41C    P0            194W /  500W |   10374MiB /  81920MiB |     N/A      Default |
|                                         |                        |              Enabled |
+-----------------------------------------+------------------------+----------------------+

+-----------------------------------------------------------------------------------------+
| MIG devices:                                                                            |
+------------------+----------------------------------+-----------+-----------------------+
| GPU  GI  CI  MIG |              Shared Memory-Usage |        Vol|        Shared         |
|      ID  ID  Dev |                Shared BAR1-Usage | SM     Unc| CE ENC  DEC  OFA  JPG |
|                  |                                  |        ECC|                       |
|==================+==================================+===========+=======================|
|  1    3   0   0  |              71MiB / 19968MiB    | 28      0 |  2   0    1    0    0 |
|                  |               0MiB / 12271MiB    |           |                       |
+------------------+----------------------------------+-----------+-----------------------+

+-----------------------------------------------------------------------------------------+
| Processes:                                                                              |
|  GPU   GI   CI              PID   Type   Process name                        GPU Memory |
|        ID   ID                                                               Usage      |
|=========================================================================================|
|    0   14    0          1613193      C   ...ware/symmetrix-env/bin/python        508MiB |
|    0    5    0          2350936      C   ...yground/CAST/.venv/bin/python       4044MiB |
|    0   13    0          2353241      C   ...ware/symmetrix-env/bin/python        656MiB |
|    2   10    0          2266121      C   ...ware/symmetrix-env/bin/python        696MiB |
|    2    9    0          2266129      C   ...ware/symmetrix-env/bin/python        592MiB |
|    2    3    0          2354127      C   python                                11704MiB |
|    3   14    0          2266128      C   ...ware/symmetrix-env/bin/python       1336MiB |
|    3   13    0          2266130      C   ...ware/symmetrix-env/bin/python        896MiB |
|    3    5    0          2353899      C   python                                 7870MiB |
+-----------------------------------------------------------------------------------------+
Matched-val cell: roman-empire / gcn / budget 5 per class / group 0
python main.py --gnn gcn --dataset roman-empire --pre_linear --hidden_channels 512 --epochs 2500 --lr 0.001 --runs 3 --local_layers 9 --weight_decay 0.0 --dropout 0.5 --device 0 --bn --res --runs 10 --train_per_class 5 --valid_per_class 5 --budget_tag 5
==========================================================
Low-label sweep: python main.py --gnn gcn --dataset roman-empire --pre_linear --hidden_channels 512 --epochs 2500 --lr 0.001 --runs 3 --local_layers 9 --weight_decay 0.0 --dropout 0.5 --device 0 --bn --res --runs 10 --train_per_class 5 --valid_per_class 5 --budget_tag 5
result_dir=results/lowlabel_mv conditions=[baseline]
==========================================================
--- baseline ---
Namespace(bn=True, budget_tag='5', count_reg=False, count_smoothing=1.0, cpu=False, data_dir='./data/', dataset='roman-empire', device=0, display_step=100, dropout=0.5, epochs=2500, gnn='gcn', hidden_channels=512, jk=False, label_num_per_class=20, lambda_val=0.5, ln=False, local_layers=9, lr=0.001, metric='acc', mlp_epochs=500, mlp_reg=False, model='MPNN', model_dir='models', num_heads=1, oracle_reg=False, paired_seeds=True, penalty_transform='none', pre_linear=True, pre_ln=False, rand_split=False, rand_split_class=False, reg_start_epoch=10, reg_update_freq=5, res=True, resample_split_per_run=False, result_dir='results/lowlabel_mv', runs=10, save_model=False, seed=42, test_num=1000, train_per_class=5, train_prop=0.5, use_reg=False, valid_num=500, valid_per_class=5, valid_prop=0.25, weight_decay=0.0)
roman-empire
dataset roman-empire | num nodes 22662 | num edge 32927 | num node feats 300 | num classes 18
MODEL: MPNNs(
  (h_lins): ModuleList()
  (local_convs): ModuleList(
    (0): GCNConv(512, 512)
    (1): GCNConv(512, 512)
    (2): GCNConv(512, 512)
    (3): GCNConv(512, 512)
    (4): GCNConv(512, 512)
    (5): GCNConv(512, 512)
    (6): GCNConv(512, 512)
    (7): GCNConv(512, 512)
    (8): GCNConv(512, 512)
  )
  (lins): ModuleList(
    (0): Linear(in_features=512, out_features=512, bias=True)
    (1): Linear(in_features=512, out_features=512, bias=True)
    (2): Linear(in_features=512, out_features=512, bias=True)
    (3): Linear(in_features=512, out_features=512, bias=True)
    (4): Linear(in_features=512, out_features=512, bias=True)
    (5): Linear(in_features=512, out_features=512, bias=True)
    (6): Linear(in_features=512, out_features=512, bias=True)
    (7): Linear(in_features=512, out_features=512, bias=True)
    (8): Linear(in_features=512, out_features=512, bias=True)
  )
  (lns): ModuleList(
    (0): LayerNorm((512,), eps=1e-05, elementwise_affine=True)
    (1): LayerNorm((512,), eps=1e-05, elementwise_affine=True)
    (2): LayerNorm((512,), eps=1e-05, elementwise_affine=True)
    (3): LayerNorm((512,), eps=1e-05, elementwise_affine=True)
    (4): LayerNorm((512,), eps=1e-05, elementwise_affine=True)
    (5): LayerNorm((512,), eps=1e-05, elementwise_affine=True)
    (6): LayerNorm((512,), eps=1e-05, elementwise_affine=True)
    (7): LayerNorm((512,), eps=1e-05, elementwise_affine=True)
    (8): LayerNorm((512,), eps=1e-05, elementwise_affine=True)
  )
  (bns): ModuleList(
    (0): BatchNorm1d(512, eps=1e-05, momentum=0.1, affine=True, track_running_stats=True)
    (1): BatchNorm1d(512, eps=1e-05, momentum=0.1, affine=True, track_running_stats=True)
    (2): BatchNorm1d(512, eps=1e-05, momentum=0.1, affine=True, track_running_stats=True)
    (3): BatchNorm1d(512, eps=1e-05, momentum=0.1, affine=True, track_running_stats=True)
    (4): BatchNorm1d(512, eps=1e-05, momentum=0.1, affine=True, track_running_stats=True)
    (5): BatchNorm1d(512, eps=1e-05, momentum=0.1, affine=True, track_running_stats=True)
    (6): BatchNorm1d(512, eps=1e-05, momentum=0.1, affine=True, track_running_stats=True)
    (7): BatchNorm1d(512, eps=1e-05, momentum=0.1, affine=True, track_running_stats=True)
    (8): BatchNorm1d(512, eps=1e-05, momentum=0.1, affine=True, track_running_stats=True)
  )
  (lin_in): Linear(in_features=300, out_features=512, bias=True)
  (pred_local): Linear(in_features=512, out_features=18, bias=True)
)
Label budget: 5/class -> 90 train nodes
Matched-budget validation: 90 valid nodes
Epoch: 00, Loss: 3.1058, Train: 4.17%, Valid: 5.56%, Test: 4.17%, Best Valid: 5.56%, Best Test: 4.17%
Epoch: 100, Loss: 0.3816, Train: 8.88%, Valid: 16.67%, Test: 8.14%, Best Valid: 16.67%, Best Test: 7.34%
Epoch: 200, Loss: 0.0564, Train: 13.45%, Valid: 16.67%, Test: 12.80%, Best Valid: 21.11%, Best Test: 11.21%
Epoch: 300, Loss: 0.0699, Train: 12.86%, Valid: 21.11%, Test: 12.12%, Best Valid: 24.44%, Best Test: 12.37%
Epoch: 400, Loss: 0.0037, Train: 14.03%, Valid: 18.89%, Test: 12.81%, Best Valid: 24.44%, Best Test: 12.37%
Epoch: 500, Loss: 0.0093, Train: 12.35%, Valid: 16.67%, Test: 11.97%, Best Valid: 26.67%, Best Test: 12.99%
Epoch: 600, Loss: 0.0203, Train: 12.15%, Valid: 17.78%, Test: 11.45%, Best Valid: 26.67%, Best Test: 12.99%
Epoch: 700, Loss: 0.0113, Train: 12.98%, Valid: 17.78%, Test: 12.80%, Best Valid: 26.67%, Best Test: 12.99%
Epoch: 800, Loss: 0.0034, Train: 11.96%, Valid: 17.78%, Test: 11.24%, Best Valid: 26.67%, Best Test: 12.99%
Epoch: 900, Loss: 0.0008, Train: 11.87%, Valid: 16.67%, Test: 11.45%, Best Valid: 26.67%, Best Test: 12.99%
Epoch: 1000, Loss: 0.0003, Train: 12.38%, Valid: 21.11%, Test: 12.71%, Best Valid: 26.67%, Best Test: 12.99%
Epoch: 1100, Loss: 0.1288, Train: 13.56%, Valid: 21.11%, Test: 13.31%, Best Valid: 26.67%, Best Test: 12.99%
Epoch: 1200, Loss: 0.0040, Train: 12.25%, Valid: 21.11%, Test: 12.57%, Best Valid: 26.67%, Best Test: 12.99%
Epoch: 1300, Loss: 0.0331, Train: 12.58%, Valid: 21.11%, Test: 12.74%, Best Valid: 26.67%, Best Test: 12.99%
Epoch: 1400, Loss: 0.0035, Train: 13.59%, Valid: 17.78%, Test: 13.48%, Best Valid: 26.67%, Best Test: 12.99%
Epoch: 1500, Loss: 0.0042, Train: 12.86%, Valid: 15.56%, Test: 13.38%, Best Valid: 26.67%, Best Test: 12.99%
Epoch: 1600, Loss: 0.0010, Train: 12.87%, Valid: 16.67%, Test: 12.39%, Best Valid: 26.67%, Best Test: 12.99%
Epoch: 1700, Loss: 0.0004, Train: 13.38%, Valid: 17.78%, Test: 12.57%, Best Valid: 26.67%, Best Test: 12.99%
Epoch: 1800, Loss: 0.0002, Train: 13.75%, Valid: 17.78%, Test: 13.36%, Best Valid: 26.67%, Best Test: 12.99%
Epoch: 1900, Loss: 0.0003, Train: 13.18%, Valid: 14.44%, Test: 13.25%, Best Valid: 26.67%, Best Test: 12.99%
Epoch: 2000, Loss: 0.0001, Train: 13.88%, Valid: 16.67%, Test: 13.57%, Best Valid: 26.67%, Best Test: 12.99%
Epoch: 2100, Loss: 0.0113, Train: 12.26%, Valid: 14.44%, Test: 12.53%, Best Valid: 26.67%, Best Test: 12.99%
Epoch: 2200, Loss: 0.0011, Train: 13.66%, Valid: 18.89%, Test: 13.06%, Best Valid: 26.67%, Best Test: 12.99%
Epoch: 2300, Loss: 0.0016, Train: 13.84%, Valid: 20.00%, Test: 13.04%, Best Valid: 26.67%, Best Test: 12.99%
Epoch: 2400, Loss: 0.0016, Train: 13.17%, Valid: 14.44%, Test: 12.58%, Best Valid: 26.67%, Best Test: 12.99%
Run 01:
Highest Train: 15.07
Highest Valid: 26.67
Highest Test: 14.45
Chosen epoch: 446
Final Train: 13.59
Final Test: 12.99
Label budget: 5/class -> 90 train nodes
Matched-budget validation: 90 valid nodes
Epoch: 00, Loss: 3.0408, Train: 1.41%, Valid: 4.44%, Test: 1.43%, Best Valid: 4.44%, Best Test: 1.43%
Epoch: 100, Loss: 0.2717, Train: 10.90%, Valid: 12.22%, Test: 10.20%, Best Valid: 16.67%, Best Test: 11.17%
Epoch: 200, Loss: 0.0471, Train: 12.75%, Valid: 15.56%, Test: 11.54%, Best Valid: 18.89%, Best Test: 11.65%
Epoch: 300, Loss: 0.0376, Train: 12.96%, Valid: 18.89%, Test: 11.81%, Best Valid: 18.89%, Best Test: 11.65%
Epoch: 400, Loss: 0.0039, Train: 13.12%, Valid: 18.89%, Test: 11.79%, Best Valid: 20.00%, Best Test: 11.75%
Epoch: 500, Loss: 0.0034, Train: 13.92%, Valid: 14.44%, Test: 13.40%, Best Valid: 20.00%, Best Test: 11.75%
Epoch: 600, Loss: 0.0010, Train: 12.21%, Valid: 16.67%, Test: 11.03%, Best Valid: 20.00%, Best Test: 11.75%
Epoch: 700, Loss: 0.0108, Train: 12.22%, Valid: 15.56%, Test: 11.28%, Best Valid: 20.00%, Best Test: 11.75%
Epoch: 800, Loss: 0.0011, Train: 12.05%, Valid: 16.67%, Test: 10.68%, Best Valid: 20.00%, Best Test: 11.75%
Epoch: 900, Loss: 0.0002, Train: 12.71%, Valid: 17.78%, Test: 11.75%, Best Valid: 21.11%, Best Test: 11.33%
Epoch: 1000, Loss: 0.0094, Train: 11.59%, Valid: 20.00%, Test: 10.77%, Best Valid: 21.11%, Best Test: 11.33%
Epoch: 1100, Loss: 0.0273, Train: 11.97%, Valid: 16.67%, Test: 9.99%, Best Valid: 21.11%, Best Test: 11.33%
Epoch: 1200, Loss: 0.0013, Train: 11.42%, Valid: 17.78%, Test: 10.08%, Best Valid: 22.22%, Best Test: 10.10%
Epoch: 1300, Loss: 0.0006, Train: 12.43%, Valid: 16.67%, Test: 10.94%, Best Valid: 22.22%, Best Test: 10.10%
Epoch: 1400, Loss: 0.0130, Train: 12.15%, Valid: 13.33%, Test: 10.94%, Best Valid: 22.22%, Best Test: 10.10%
Epoch: 1500, Loss: 0.0005, Train: 12.95%, Valid: 14.44%, Test: 12.11%, Best Valid: 22.22%, Best Test: 10.10%
Epoch: 1600, Loss: 0.0047, Train: 12.22%, Valid: 15.56%, Test: 10.82%, Best Valid: 22.22%, Best Test: 10.10%
Epoch: 1700, Loss: 0.0004, Train: 13.24%, Valid: 20.00%, Test: 12.37%, Best Valid: 22.22%, Best Test: 10.10%
Epoch: 1800, Loss: 0.0745, Train: 13.19%, Valid: 21.11%, Test: 11.52%, Best Valid: 23.33%, Best Test: 12.39%
Epoch: 1900, Loss: 0.0002, Train: 11.83%, Valid: 15.56%, Test: 10.54%, Best Valid: 23.33%, Best Test: 12.39%
Epoch: 2000, Loss: 0.0003, Train: 12.71%, Valid: 15.56%, Test: 11.82%, Best Valid: 23.33%, Best Test: 12.39%
Epoch: 2100, Loss: 0.0001, Train: 11.88%, Valid: 15.56%, Test: 11.35%, Best Valid: 23.33%, Best Test: 12.39%
Epoch: 2200, Loss: 0.0015, Train: 12.25%, Valid: 16.67%, Test: 11.21%, Best Valid: 23.33%, Best Test: 12.39%
Epoch: 2300, Loss: 0.0017, Train: 12.44%, Valid: 16.67%, Test: 10.98%, Best Valid: 23.33%, Best Test: 12.39%
Epoch: 2400, Loss: 0.0017, Train: 11.72%, Valid: 13.33%, Test: 10.96%, Best Valid: 23.33%, Best Test: 12.39%
Run 02:
Highest Train: 16.43
Highest Valid: 23.33
Highest Test: 15.37
Chosen epoch: 1785
Final Train: 13.53
Final Test: 12.39
Label budget: 5/class -> 90 train nodes
Matched-budget validation: 90 valid nodes
Epoch: 00, Loss: 3.1045, Train: 13.83%, Valid: 5.56%, Test: 13.89%, Best Valid: 5.56%, Best Test: 13.89%
Epoch: 100, Loss: 0.2179, Train: 11.60%, Valid: 12.22%, Test: 10.94%, Best Valid: 12.22%, Best Test: 10.38%
Epoch: 200, Loss: 0.0247, Train: 10.41%, Valid: 13.33%, Test: 9.92%, Best Valid: 16.67%, Best Test: 10.54%
Epoch: 300, Loss: 0.0096, Train: 10.40%, Valid: 11.11%, Test: 10.01%, Best Valid: 16.67%, Best Test: 10.54%
Epoch: 400, Loss: 0.0093, Train: 10.18%, Valid: 11.11%, Test: 9.85%, Best Valid: 17.78%, Best Test: 10.29%
Epoch: 500, Loss: 0.0191, Train: 11.58%, Valid: 15.56%, Test: 10.85%, Best Valid: 17.78%, Best Test: 10.29%
Epoch: 600, Loss: 0.0261, Train: 11.20%, Valid: 11.11%, Test: 10.78%, Best Valid: 17.78%, Best Test: 10.29%
Epoch: 700, Loss: 0.0298, Train: 11.18%, Valid: 12.22%, Test: 11.28%, Best Valid: 17.78%, Best Test: 10.29%
Epoch: 800, Loss: 0.0015, Train: 12.07%, Valid: 14.44%, Test: 12.14%, Best Valid: 17.78%, Best Test: 10.29%
Epoch: 900, Loss: 0.0016, Train: 11.98%, Valid: 15.56%, Test: 11.49%, Best Valid: 18.89%, Best Test: 12.11%
Epoch: 1000, Loss: 0.0023, Train: 12.89%, Valid: 17.78%, Test: 12.41%, Best Valid: 20.00%, Best Test: 11.14%
Epoch: 1100, Loss: 0.0051, Train: 13.06%, Valid: 13.33%, Test: 12.69%, Best Valid: 20.00%, Best Test: 11.14%
Epoch: 1200, Loss: 0.0100, Train: 12.19%, Valid: 7.78%, Test: 11.74%, Best Valid: 20.00%, Best Test: 11.14%
Epoch: 1300, Loss: 0.0014, Train: 11.33%, Valid: 15.56%, Test: 11.05%, Best Valid: 20.00%, Best Test: 11.14%
Epoch: 1400, Loss: 0.0663, Train: 11.32%, Valid: 11.11%, Test: 10.94%, Best Valid: 20.00%, Best Test: 11.14%
Epoch: 1500, Loss: 0.0010, Train: 11.56%, Valid: 12.22%, Test: 11.05%, Best Valid: 20.00%, Best Test: 11.14%
Epoch: 1600, Loss: 0.0032, Train: 11.41%, Valid: 15.56%, Test: 10.85%, Best Valid: 20.00%, Best Test: 11.14%
Epoch: 1700, Loss: 0.0005, Train: 12.29%, Valid: 14.44%, Test: 12.25%, Best Valid: 20.00%, Best Test: 11.14%
Epoch: 1800, Loss: 0.0007, Train: 11.49%, Valid: 17.78%, Test: 11.90%, Best Valid: 20.00%, Best Test: 11.14%
Epoch: 1900, Loss: 0.0133, Train: 11.06%, Valid: 11.11%, Test: 10.32%, Best Valid: 20.00%, Best Test: 11.14%
Epoch: 2000, Loss: 0.0005, Train: 11.25%, Valid: 17.78%, Test: 10.82%, Best Valid: 20.00%, Best Test: 11.14%
Epoch: 2100, Loss: 0.0001, Train: 11.89%, Valid: 17.78%, Test: 10.82%, Best Valid: 21.11%, Best Test: 11.95%
Epoch: 2200, Loss: 0.0004, Train: 12.00%, Valid: 17.78%, Test: 11.08%, Best Valid: 21.11%, Best Test: 11.95%
Epoch: 2300, Loss: 0.0005, Train: 11.86%, Valid: 17.78%, Test: 11.49%, Best Valid: 21.11%, Best Test: 11.95%
Epoch: 2400, Loss: 0.0001, Train: 11.53%, Valid: 17.78%, Test: 11.15%, Best Valid: 21.11%, Best Test: 11.95%
Run 03:
Highest Train: 14.55
Highest Valid: 21.11
Highest Test: 14.26
Chosen epoch: 2085
Final Train: 12.51
Final Test: 11.95
Label budget: 5/class -> 90 train nodes
Matched-budget validation: 90 valid nodes
Epoch: 00, Loss: 3.0105, Train: 4.77%, Valid: 5.56%, Test: 4.80%, Best Valid: 5.56%, Best Test: 4.80%
Epoch: 100, Loss: 0.2141, Train: 11.76%, Valid: 11.11%, Test: 11.01%, Best Valid: 11.11%, Best Test: 8.24%
Epoch: 200, Loss: 0.0114, Train: 10.18%, Valid: 11.11%, Test: 9.30%, Best Valid: 14.44%, Best Test: 10.50%
Epoch: 300, Loss: 0.0352, Train: 11.36%, Valid: 12.22%, Test: 11.45%, Best Valid: 15.56%, Best Test: 9.71%
Epoch: 400, Loss: 0.0690, Train: 11.22%, Valid: 16.67%, Test: 10.98%, Best Valid: 16.67%, Best Test: 11.24%
Epoch: 500, Loss: 0.0099, Train: 12.64%, Valid: 14.44%, Test: 12.65%, Best Valid: 16.67%, Best Test: 11.24%
Epoch: 600, Loss: 0.0039, Train: 11.30%, Valid: 13.33%, Test: 10.82%, Best Valid: 16.67%, Best Test: 11.24%
Epoch: 700, Loss: 0.0018, Train: 10.56%, Valid: 12.22%, Test: 9.90%, Best Valid: 16.67%, Best Test: 11.24%
Epoch: 800, Loss: 0.0272, Train: 10.79%, Valid: 12.22%, Test: 9.97%, Best Valid: 18.89%, Best Test: 10.45%
Epoch: 900, Loss: 0.0015, Train: 11.65%, Valid: 13.33%, Test: 11.58%, Best Valid: 18.89%, Best Test: 10.45%
Epoch: 1000, Loss: 0.0017, Train: 11.84%, Valid: 15.56%, Test: 11.33%, Best Valid: 18.89%, Best Test: 10.45%
Epoch: 1100, Loss: 0.0876, Train: 11.16%, Valid: 11.11%, Test: 10.85%, Best Valid: 18.89%, Best Test: 10.45%
Epoch: 1200, Loss: 0.0005, Train: 11.18%, Valid: 13.33%, Test: 11.10%, Best Valid: 18.89%, Best Test: 10.45%
Epoch: 1300, Loss: 0.0005, Train: 11.88%, Valid: 12.22%, Test: 11.24%, Best Valid: 18.89%, Best Test: 10.45%
Epoch: 1400, Loss: 0.0009, Train: 11.89%, Valid: 14.44%, Test: 11.14%, Best Valid: 18.89%, Best Test: 10.45%
Epoch: 1500, Loss: 0.0003, Train: 12.21%, Valid: 17.78%, Test: 11.79%, Best Valid: 18.89%, Best Test: 10.45%
Epoch: 1600, Loss: 0.0005, Train: 12.59%, Valid: 11.11%, Test: 11.90%, Best Valid: 18.89%, Best Test: 10.45%
Epoch: 1700, Loss: 0.0001, Train: 13.05%, Valid: 14.44%, Test: 12.12%, Best Valid: 18.89%, Best Test: 10.45%
Epoch: 1800, Loss: 0.0007, Train: 12.95%, Valid: 10.00%, Test: 12.50%, Best Valid: 18.89%, Best Test: 10.45%
Epoch: 1900, Loss: 0.0301, Train: 11.76%, Valid: 12.22%, Test: 10.87%, Best Valid: 18.89%, Best Test: 10.45%
Epoch: 2000, Loss: 0.0012, Train: 11.91%, Valid: 13.33%, Test: 11.30%, Best Valid: 18.89%, Best Test: 10.45%
Epoch: 2100, Loss: 0.0009, Train: 12.66%, Valid: 12.22%, Test: 12.02%, Best Valid: 18.89%, Best Test: 10.45%
Epoch: 2200, Loss: 0.0019, Train: 12.23%, Valid: 13.33%, Test: 11.68%, Best Valid: 18.89%, Best Test: 10.45%
Epoch: 2300, Loss: 0.0001, Train: 11.95%, Valid: 13.33%, Test: 11.28%, Best Valid: 18.89%, Best Test: 10.45%
Epoch: 2400, Loss: 0.0001, Train: 11.76%, Valid: 11.11%, Test: 11.14%, Best Valid: 18.89%, Best Test: 10.45%
Run 04:
Highest Train: 13.89
Highest Valid: 18.89
Highest Test: 13.94
Chosen epoch: 772
Final Train: 11.33
Final Test: 10.45
Label budget: 5/class -> 90 train nodes
Matched-budget validation: 90 valid nodes
Epoch: 00, Loss: 3.0028, Train: 3.75%, Valid: 5.56%, Test: 3.78%, Best Valid: 5.56%, Best Test: 3.78%
Epoch: 100, Loss: 0.4837, Train: 9.81%, Valid: 7.78%, Test: 9.37%, Best Valid: 11.11%, Best Test: 9.42%
Epoch: 200, Loss: 0.0583, Train: 13.41%, Valid: 16.67%, Test: 13.10%, Best Valid: 16.67%, Best Test: 13.10%
Epoch: 300, Loss: 0.0098, Train: 12.88%, Valid: 14.44%, Test: 12.65%, Best Valid: 17.78%, Best Test: 12.88%
Epoch: 400, Loss: 0.0257, Train: 11.84%, Valid: 13.33%, Test: 11.56%, Best Valid: 17.78%, Best Test: 12.88%
Epoch: 500, Loss: 0.0254, Train: 13.58%, Valid: 16.67%, Test: 12.18%, Best Valid: 20.00%, Best Test: 11.93%
Epoch: 600, Loss: 0.0267, Train: 12.51%, Valid: 16.67%, Test: 12.20%, Best Valid: 23.33%, Best Test: 11.95%
Epoch: 700, Loss: 0.0228, Train: 12.46%, Valid: 15.56%, Test: 12.46%, Best Valid: 23.33%, Best Test: 11.95%
Epoch: 800, Loss: 0.0042, Train: 13.63%, Valid: 15.56%, Test: 13.41%, Best Valid: 23.33%, Best Test: 11.95%
Epoch: 900, Loss: 0.0007, Train: 12.44%, Valid: 14.44%, Test: 12.16%, Best Valid: 23.33%, Best Test: 11.95%
Epoch: 1000, Loss: 0.0297, Train: 14.47%, Valid: 17.78%, Test: 14.49%, Best Valid: 23.33%, Best Test: 11.95%
Epoch: 1100, Loss: 0.0018, Train: 13.86%, Valid: 15.56%, Test: 12.76%, Best Valid: 23.33%, Best Test: 11.95%
Epoch: 1200, Loss: 0.0030, Train: 12.62%, Valid: 15.56%, Test: 12.14%, Best Valid: 23.33%, Best Test: 11.95%
Epoch: 1300, Loss: 0.0002, Train: 12.94%, Valid: 17.78%, Test: 12.57%, Best Valid: 24.44%, Best Test: 13.31%
Epoch: 1400, Loss: 0.0005, Train: 12.73%, Valid: 17.78%, Test: 12.69%, Best Valid: 24.44%, Best Test: 13.31%
Epoch: 1500, Loss: 0.0008, Train: 12.23%, Valid: 20.00%, Test: 12.28%, Best Valid: 24.44%, Best Test: 13.31%
Epoch: 1600, Loss: 0.0010, Train: 13.31%, Valid: 17.78%, Test: 13.04%, Best Valid: 24.44%, Best Test: 13.31%
Epoch: 1700, Loss: 0.0005, Train: 13.63%, Valid: 16.67%, Test: 13.59%, Best Valid: 24.44%, Best Test: 13.31%
Epoch: 1800, Loss: 0.0004, Train: 12.77%, Valid: 14.44%, Test: 12.67%, Best Valid: 24.44%, Best Test: 13.31%
Epoch: 1900, Loss: 0.0395, Train: 11.98%, Valid: 12.22%, Test: 12.02%, Best Valid: 24.44%, Best Test: 13.31%
Epoch: 2000, Loss: 0.0002, Train: 12.66%, Valid: 17.78%, Test: 12.21%, Best Valid: 24.44%, Best Test: 13.31%
Epoch: 2100, Loss: 0.0356, Train: 12.77%, Valid: 17.78%, Test: 12.28%, Best Valid: 24.44%, Best Test: 13.31%
Epoch: 2200, Loss: 0.0104, Train: 12.51%, Valid: 16.67%, Test: 12.02%, Best Valid: 24.44%, Best Test: 13.31%
Epoch: 2300, Loss: 0.0017, Train: 11.80%, Valid: 18.89%, Test: 11.98%, Best Valid: 24.44%, Best Test: 13.31%
Epoch: 2400, Loss: 0.0007, Train: 12.35%, Valid: 21.11%, Test: 12.71%, Best Valid: 24.44%, Best Test: 13.31%
Run 05:
Highest Train: 15.33
Highest Valid: 24.44
Highest Test: 14.49
Chosen epoch: 1248
Final Train: 13.26
Final Test: 13.31
Label budget: 5/class -> 90 train nodes
Matched-budget validation: 90 valid nodes
Epoch: 00, Loss: 3.0074, Train: 1.98%, Valid: 5.56%, Test: 1.96%, Best Valid: 5.56%, Best Test: 1.96%
Epoch: 100, Loss: 0.3506, Train: 9.22%, Valid: 13.33%, Test: 9.16%, Best Valid: 17.78%, Best Test: 6.53%
Epoch: 200, Loss: 0.0474, Train: 10.42%, Valid: 16.67%, Test: 9.42%, Best Valid: 18.89%, Best Test: 10.75%
Epoch: 300, Loss: 0.0106, Train: 12.87%, Valid: 13.33%, Test: 12.92%, Best Valid: 22.22%, Best Test: 10.87%
Epoch: 400, Loss: 0.0444, Train: 12.15%, Valid: 15.56%, Test: 11.49%, Best Valid: 22.22%, Best Test: 10.87%
Epoch: 500, Loss: 0.1344, Train: 13.52%, Valid: 16.67%, Test: 13.17%, Best Valid: 22.22%, Best Test: 10.87%
Epoch: 600, Loss: 0.0055, Train: 12.13%, Valid: 12.22%, Test: 11.65%, Best Valid: 22.22%, Best Test: 10.87%
Epoch: 700, Loss: 0.0064, Train: 13.05%, Valid: 18.89%, Test: 13.17%, Best Valid: 22.22%, Best Test: 10.87%
Epoch: 800, Loss: 0.0083, Train: 12.30%, Valid: 15.56%, Test: 12.21%, Best Valid: 23.33%, Best Test: 13.85%
Epoch: 900, Loss: 0.0136, Train: 13.11%, Valid: 18.89%, Test: 12.85%, Best Valid: 23.33%, Best Test: 13.85%
Epoch: 1000, Loss: 0.0264, Train: 12.30%, Valid: 17.78%, Test: 11.65%, Best Valid: 23.33%, Best Test: 13.85%
Epoch: 1100, Loss: 0.0106, Train: 11.88%, Valid: 15.56%, Test: 11.60%, Best Valid: 23.33%, Best Test: 13.85%
Epoch: 1200, Loss: 0.0245, Train: 12.41%, Valid: 11.11%, Test: 11.91%, Best Valid: 23.33%, Best Test: 13.85%
Epoch: 1300, Loss: 0.0046, Train: 13.34%, Valid: 12.22%, Test: 13.27%, Best Valid: 23.33%, Best Test: 13.85%
Epoch: 1400, Loss: 0.0009, Train: 12.28%, Valid: 15.56%, Test: 11.82%, Best Valid: 23.33%, Best Test: 13.85%
Epoch: 1500, Loss: 0.0082, Train: 12.30%, Valid: 14.44%, Test: 11.72%, Best Valid: 23.33%, Best Test: 13.85%
Epoch: 1600, Loss: 0.0009, Train: 12.35%, Valid: 10.00%, Test: 12.23%, Best Valid: 23.33%, Best Test: 13.85%
Epoch: 1700, Loss: 0.0004, Train: 13.11%, Valid: 12.22%, Test: 12.30%, Best Valid: 23.33%, Best Test: 13.85%
Epoch: 1800, Loss: 0.0008, Train: 12.26%, Valid: 10.00%, Test: 11.63%, Best Valid: 23.33%, Best Test: 13.85%
Epoch: 1900, Loss: 0.0004, Train: 12.36%, Valid: 20.00%, Test: 11.88%, Best Valid: 23.33%, Best Test: 13.85%
Epoch: 2000, Loss: 0.0057, Train: 12.46%, Valid: 14.44%, Test: 12.09%, Best Valid: 23.33%, Best Test: 13.85%
Epoch: 2100, Loss: 0.0006, Train: 13.10%, Valid: 14.44%, Test: 12.34%, Best Valid: 23.33%, Best Test: 13.85%
Epoch: 2200, Loss: 0.0002, Train: 13.56%, Valid: 14.44%, Test: 13.17%, Best Valid: 23.33%, Best Test: 13.85%
Epoch: 2300, Loss: 0.0003, Train: 13.25%, Valid: 13.33%, Test: 12.90%, Best Valid: 23.33%, Best Test: 13.85%
Epoch: 2400, Loss: 0.0026, Train: 12.71%, Valid: 15.56%, Test: 12.74%, Best Valid: 23.33%, Best Test: 13.85%
Run 06:
Highest Train: 14.78
Highest Valid: 23.33
Highest Test: 14.21
Chosen epoch: 726
Final Train: 13.71
Final Test: 13.85
Label budget: 5/class -> 90 train nodes
Matched-budget validation: 90 valid nodes
Epoch: 00, Loss: 3.0687, Train: 13.71%, Valid: 7.78%, Test: 13.36%, Best Valid: 7.78%, Best Test: 13.36%
Epoch: 100, Loss: 0.3313, Train: 10.13%, Valid: 6.67%, Test: 10.24%, Best Valid: 12.22%, Best Test: 10.32%
Epoch: 200, Loss: 0.1018, Train: 10.49%, Valid: 14.44%, Test: 10.27%, Best Valid: 14.44%, Best Test: 10.31%
Epoch: 300, Loss: 0.0139, Train: 11.01%, Valid: 7.78%, Test: 10.34%, Best Valid: 14.44%, Best Test: 10.31%
Epoch: 400, Loss: 0.0774, Train: 11.22%, Valid: 13.33%, Test: 11.38%, Best Valid: 16.67%, Best Test: 11.17%
Epoch: 500, Loss: 0.0012, Train: 10.86%, Valid: 11.11%, Test: 11.01%, Best Valid: 16.67%, Best Test: 11.17%
Epoch: 600, Loss: 0.0057, Train: 11.97%, Valid: 14.44%, Test: 11.40%, Best Valid: 16.67%, Best Test: 11.17%
Epoch: 700, Loss: 0.0024, Train: 11.53%, Valid: 13.33%, Test: 11.21%, Best Valid: 17.78%, Best Test: 11.19%
Epoch: 800, Loss: 0.0375, Train: 11.30%, Valid: 13.33%, Test: 11.33%, Best Valid: 17.78%, Best Test: 11.19%
Epoch: 900, Loss: 0.0183, Train: 10.82%, Valid: 11.11%, Test: 10.52%, Best Valid: 17.78%, Best Test: 11.19%
Epoch: 1000, Loss: 0.0007, Train: 11.34%, Valid: 16.67%, Test: 10.70%, Best Valid: 17.78%, Best Test: 11.19%
Epoch: 1100, Loss: 0.0003, Train: 11.86%, Valid: 13.33%, Test: 11.81%, Best Valid: 17.78%, Best Test: 11.19%
Epoch: 1200, Loss: 0.1006, Train: 11.17%, Valid: 12.22%, Test: 10.85%, Best Valid: 17.78%, Best Test: 11.19%
Epoch: 1300, Loss: 0.0030, Train: 12.16%, Valid: 15.56%, Test: 11.40%, Best Valid: 18.89%, Best Test: 11.54%
Epoch: 1400, Loss: 0.0030, Train: 11.64%, Valid: 14.44%, Test: 11.00%, Best Valid: 18.89%, Best Test: 11.54%
Epoch: 1500, Loss: 0.0128, Train: 10.21%, Valid: 14.44%, Test: 10.29%, Best Valid: 18.89%, Best Test: 11.54%
Epoch: 1600, Loss: 0.0017, Train: 11.47%, Valid: 12.22%, Test: 11.37%, Best Valid: 18.89%, Best Test: 11.54%
Epoch: 1700, Loss: 0.1256, Train: 11.76%, Valid: 17.78%, Test: 10.91%, Best Valid: 18.89%, Best Test: 11.54%
Epoch: 1800, Loss: 0.0021, Train: 11.22%, Valid: 14.44%, Test: 10.78%, Best Valid: 18.89%, Best Test: 11.54%
Epoch: 1900, Loss: 0.0183, Train: 10.86%, Valid: 13.33%, Test: 10.59%, Best Valid: 18.89%, Best Test: 11.54%
Epoch: 2000, Loss: 0.0002, Train: 12.15%, Valid: 14.44%, Test: 11.82%, Best Valid: 18.89%, Best Test: 11.54%
Epoch: 2100, Loss: 0.0001, Train: 11.45%, Valid: 14.44%, Test: 11.01%, Best Valid: 18.89%, Best Test: 11.54%
Epoch: 2200, Loss: 0.0006, Train: 11.75%, Valid: 14.44%, Test: 11.47%, Best Valid: 18.89%, Best Test: 11.54%
Epoch: 2300, Loss: 0.0002, Train: 11.14%, Valid: 15.56%, Test: 10.68%, Best Valid: 18.89%, Best Test: 11.54%
Epoch: 2400, Loss: 0.0005, Train: 10.39%, Valid: 14.44%, Test: 10.55%, Best Valid: 18.89%, Best Test: 11.54%
Run 07:
Highest Train: 13.71
Highest Valid: 18.89
Highest Test: 13.78
Chosen epoch: 1206
Final Train: 11.73
Final Test: 11.54
Label budget: 5/class -> 90 train nodes
Matched-budget validation: 90 valid nodes
Epoch: 00, Loss: 3.0858, Train: 3.48%, Valid: 5.56%, Test: 3.48%, Best Valid: 5.56%, Best Test: 3.48%
Epoch: 100, Loss: 0.4435, Train: 9.95%, Valid: 14.44%, Test: 9.11%, Best Valid: 14.44%, Best Test: 9.11%
Epoch: 200, Loss: 0.0128, Train: 12.26%, Valid: 11.11%, Test: 11.35%, Best Valid: 14.44%, Best Test: 9.11%
Epoch: 300, Loss: 0.0403, Train: 11.55%, Valid: 14.44%, Test: 11.01%, Best Valid: 14.44%, Best Test: 9.11%
Epoch: 400, Loss: 0.0527, Train: 12.25%, Valid: 10.00%, Test: 11.47%, Best Valid: 14.44%, Best Test: 9.11%
Epoch: 500, Loss: 0.0064, Train: 11.47%, Valid: 12.22%, Test: 10.66%, Best Valid: 17.78%, Best Test: 11.40%
Epoch: 600, Loss: 0.0061, Train: 13.22%, Valid: 7.78%, Test: 12.50%, Best Valid: 18.89%, Best Test: 12.00%
Epoch: 700, Loss: 0.0052, Train: 12.96%, Valid: 12.22%, Test: 12.55%, Best Valid: 18.89%, Best Test: 12.00%
Epoch: 800, Loss: 0.0742, Train: 12.94%, Valid: 14.44%, Test: 11.90%, Best Valid: 20.00%, Best Test: 11.79%
Epoch: 900, Loss: 0.0024, Train: 13.13%, Valid: 16.67%, Test: 12.18%, Best Valid: 20.00%, Best Test: 11.79%
Epoch: 1000, Loss: 0.0246, Train: 13.32%, Valid: 13.33%, Test: 12.90%, Best Valid: 20.00%, Best Test: 11.79%
Epoch: 1100, Loss: 0.0463, Train: 12.20%, Valid: 17.78%, Test: 11.31%, Best Valid: 20.00%, Best Test: 11.79%
Epoch: 1200, Loss: 0.0514, Train: 12.72%, Valid: 16.67%, Test: 11.74%, Best Valid: 20.00%, Best Test: 11.79%
Epoch: 1300, Loss: 0.0007, Train: 12.38%, Valid: 14.44%, Test: 11.90%, Best Valid: 20.00%, Best Test: 11.79%
Epoch: 1400, Loss: 0.0001, Train: 13.05%, Valid: 14.44%, Test: 12.53%, Best Valid: 20.00%, Best Test: 11.79%
Epoch: 1500, Loss: 0.0001, Train: 12.62%, Valid: 16.67%, Test: 11.77%, Best Valid: 20.00%, Best Test: 11.79%
Epoch: 1600, Loss: 0.0007, Train: 12.94%, Valid: 14.44%, Test: 12.07%, Best Valid: 20.00%, Best Test: 11.79%
Epoch: 1700, Loss: 0.0005, Train: 12.64%, Valid: 11.11%, Test: 11.56%, Best Valid: 20.00%, Best Test: 11.79%
Epoch: 1800, Loss: 0.0018, Train: 11.98%, Valid: 15.56%, Test: 11.52%, Best Valid: 20.00%, Best Test: 11.79%
Epoch: 1900, Loss: 0.0027, Train: 13.15%, Valid: 12.22%, Test: 12.65%, Best Valid: 20.00%, Best Test: 11.79%
Epoch: 2000, Loss: 0.0003, Train: 12.92%, Valid: 13.33%, Test: 12.23%, Best Valid: 20.00%, Best Test: 11.79%
Epoch: 2100, Loss: 0.0093, Train: 13.03%, Valid: 13.33%, Test: 11.98%, Best Valid: 20.00%, Best Test: 11.79%
Epoch: 2200, Loss: 0.0015, Train: 14.10%, Valid: 13.33%, Test: 13.47%, Best Valid: 20.00%, Best Test: 11.79%
Epoch: 2300, Loss: 0.0001, Train: 13.44%, Valid: 17.78%, Test: 12.69%, Best Valid: 20.00%, Best Test: 11.79%
Epoch: 2400, Loss: 0.0007, Train: 11.70%, Valid: 12.22%, Test: 10.89%, Best Valid: 20.00%, Best Test: 11.79%
Run 08:
Highest Train: 14.72
Highest Valid: 20.00
Highest Test: 14.14
Chosen epoch: 792
Final Train: 12.33
Final Test: 11.79
Label budget: 5/class -> 90 train nodes
Matched-budget validation: 90 valid nodes
Epoch: 00, Loss: 3.0454, Train: 7.10%, Valid: 5.56%, Test: 7.57%, Best Valid: 5.56%, Best Test: 7.57%
Epoch: 100, Loss: 0.2338, Train: 11.20%, Valid: 13.33%, Test: 10.77%, Best Valid: 13.33%, Best Test: 8.17%
Epoch: 200, Loss: 0.0325, Train: 12.11%, Valid: 18.89%, Test: 11.82%, Best Valid: 20.00%, Best Test: 11.72%
Epoch: 300, Loss: 0.0516, Train: 11.73%, Valid: 21.11%, Test: 11.10%, Best Valid: 24.44%, Best Test: 12.05%
Epoch: 400, Loss: 0.0166, Train: 12.87%, Valid: 13.33%, Test: 12.55%, Best Valid: 24.44%, Best Test: 12.05%
Epoch: 500, Loss: 0.0027, Train: 12.00%, Valid: 13.33%, Test: 11.95%, Best Valid: 24.44%, Best Test: 12.05%
Epoch: 600, Loss: 0.0592, Train: 12.90%, Valid: 16.67%, Test: 12.41%, Best Valid: 24.44%, Best Test: 12.05%
Epoch: 700, Loss: 0.0022, Train: 11.96%, Valid: 16.67%, Test: 11.67%, Best Valid: 24.44%, Best Test: 12.05%
Epoch: 800, Loss: 0.0010, Train: 11.75%, Valid: 15.56%, Test: 11.37%, Best Valid: 24.44%, Best Test: 12.05%
Epoch: 900, Loss: 0.0331, Train: 12.43%, Valid: 18.89%, Test: 11.72%, Best Valid: 24.44%, Best Test: 12.05%
Epoch: 1000, Loss: 0.0031, Train: 12.64%, Valid: 17.78%, Test: 12.32%, Best Valid: 24.44%, Best Test: 12.05%
Epoch: 1100, Loss: 0.0011, Train: 11.58%, Valid: 16.67%, Test: 11.30%, Best Valid: 24.44%, Best Test: 12.05%
Epoch: 1200, Loss: 0.0017, Train: 11.69%, Valid: 15.56%, Test: 10.96%, Best Valid: 24.44%, Best Test: 12.05%
Epoch: 1300, Loss: 0.0092, Train: 11.32%, Valid: 13.33%, Test: 10.80%, Best Valid: 24.44%, Best Test: 12.05%
Epoch: 1400, Loss: 0.0155, Train: 11.21%, Valid: 12.22%, Test: 11.07%, Best Valid: 24.44%, Best Test: 12.05%
Epoch: 1500, Loss: 0.0021, Train: 12.15%, Valid: 11.11%, Test: 11.79%, Best Valid: 24.44%, Best Test: 12.05%
Epoch: 1600, Loss: 0.0002, Train: 12.36%, Valid: 13.33%, Test: 11.54%, Best Valid: 24.44%, Best Test: 12.05%
Epoch: 1700, Loss: 0.0001, Train: 12.16%, Valid: 13.33%, Test: 11.75%, Best Valid: 24.44%, Best Test: 12.05%
Epoch: 1800, Loss: 0.0033, Train: 11.91%, Valid: 20.00%, Test: 11.74%, Best Valid: 24.44%, Best Test: 12.05%
Epoch: 1900, Loss: 0.0013, Train: 11.56%, Valid: 13.33%, Test: 10.98%, Best Valid: 24.44%, Best Test: 12.05%
Epoch: 2000, Loss: 0.0012, Train: 12.22%, Valid: 13.33%, Test: 11.84%, Best Valid: 24.44%, Best Test: 12.05%
Epoch: 2100, Loss: 0.0309, Train: 11.83%, Valid: 16.67%, Test: 11.68%, Best Valid: 24.44%, Best Test: 12.05%
Epoch: 2200, Loss: 0.0029, Train: 12.11%, Valid: 14.44%, Test: 12.02%, Best Valid: 24.44%, Best Test: 12.05%
Epoch: 2300, Loss: 0.0004, Train: 12.94%, Valid: 15.56%, Test: 12.35%, Best Valid: 24.44%, Best Test: 12.05%
Epoch: 2400, Loss: 0.0008, Train: 13.34%, Valid: 12.22%, Test: 12.78%, Best Valid: 24.44%, Best Test: 12.05%
Run 09:
Highest Train: 14.35
Highest Valid: 24.44
Highest Test: 13.94
Chosen epoch: 264
Final Train: 12.27
Final Test: 12.05
Label budget: 5/class -> 90 train nodes
Matched-budget validation: 90 valid nodes
Epoch: 00, Loss: 3.0175, Train: 4.17%, Valid: 5.56%, Test: 4.17%, Best Valid: 5.56%, Best Test: 4.17%
Epoch: 100, Loss: 0.2880, Train: 9.38%, Valid: 16.67%, Test: 9.32%, Best Valid: 17.78%, Best Test: 9.11%
Epoch: 200, Loss: 0.0170, Train: 9.50%, Valid: 14.44%, Test: 8.72%, Best Valid: 20.00%, Best Test: 9.07%
Epoch: 300, Loss: 0.0156, Train: 10.39%, Valid: 13.33%, Test: 9.35%, Best Valid: 20.00%, Best Test: 9.07%
Epoch: 400, Loss: 0.0041, Train: 10.80%, Valid: 10.00%, Test: 10.57%, Best Valid: 20.00%, Best Test: 9.07%
Epoch: 500, Loss: 0.0189, Train: 10.86%, Valid: 17.78%, Test: 10.20%, Best Valid: 20.00%, Best Test: 9.07%
Epoch: 600, Loss: 0.0064, Train: 12.56%, Valid: 15.56%, Test: 11.08%, Best Valid: 20.00%, Best Test: 9.07%
Epoch: 700, Loss: 0.0010, Train: 12.06%, Valid: 15.56%, Test: 10.68%, Best Valid: 20.00%, Best Test: 9.07%
Epoch: 800, Loss: 0.1062, Train: 13.62%, Valid: 14.44%, Test: 12.41%, Best Valid: 20.00%, Best Test: 9.07%
Epoch: 900, Loss: 0.0022, Train: 10.94%, Valid: 13.33%, Test: 9.99%, Best Valid: 20.00%, Best Test: 9.07%
Epoch: 1000, Loss: 0.0197, Train: 11.23%, Valid: 17.78%, Test: 10.27%, Best Valid: 20.00%, Best Test: 9.07%
Epoch: 1100, Loss: 0.0021, Train: 11.99%, Valid: 14.44%, Test: 10.91%, Best Valid: 21.11%, Best Test: 9.87%
Epoch: 1200, Loss: 0.0054, Train: 11.90%, Valid: 14.44%, Test: 11.05%, Best Valid: 21.11%, Best Test: 9.87%
Epoch: 1300, Loss: 0.0009, Train: 11.74%, Valid: 15.56%, Test: 11.17%, Best Valid: 21.11%, Best Test: 9.87%
Epoch: 1400, Loss: 0.0002, Train: 11.52%, Valid: 20.00%, Test: 10.77%, Best Valid: 21.11%, Best Test: 9.87%
Epoch: 1500, Loss: 0.0000, Train: 11.45%, Valid: 21.11%, Test: 10.54%, Best Valid: 21.11%, Best Test: 9.87%
Epoch: 1600, Loss: 0.0001, Train: 11.53%, Valid: 20.00%, Test: 10.55%, Best Valid: 21.11%, Best Test: 9.87%
Epoch: 1700, Loss: 0.0000, Train: 11.45%, Valid: 18.89%, Test: 10.77%, Best Valid: 21.11%, Best Test: 9.87%
Epoch: 1800, Loss: 0.0003, Train: 12.21%, Valid: 18.89%, Test: 11.14%, Best Valid: 21.11%, Best Test: 9.87%
Epoch: 1900, Loss: 0.0001, Train: 11.99%, Valid: 17.78%, Test: 11.40%, Best Valid: 21.11%, Best Test: 9.87%
Epoch: 2000, Loss: 0.0093, Train: 13.79%, Valid: 14.44%, Test: 12.81%, Best Valid: 21.11%, Best Test: 9.87%
Epoch: 2100, Loss: 0.0131, Train: 13.60%, Valid: 16.67%, Test: 12.18%, Best Valid: 21.11%, Best Test: 9.87%
Epoch: 2200, Loss: 0.0005, Train: 13.17%, Valid: 18.89%, Test: 11.74%, Best Valid: 21.11%, Best Test: 9.87%
Epoch: 2300, Loss: 0.0238, Train: 11.72%, Valid: 13.33%, Test: 10.64%, Best Valid: 21.11%, Best Test: 9.87%
Epoch: 2400, Loss: 0.0007, Train: 12.63%, Valid: 15.56%, Test: 11.35%, Best Valid: 21.11%, Best Test: 9.87%
Run 10:
Highest Train: 14.62
Highest Valid: 21.11
Highest Test: 13.63
Chosen epoch: 1061
Final Train: 11.05
Final Test: 9.87
All runs:
Highest Train: 14.75 ± 0.77
Highest Test: 14.22 ± 0.49
Highest Valid: 22.22 ± 2.62
  Final Train: 12.53 ± 0.97
   Final Test: 12.02 ± 1.22
Saving results to results/lowlabel_mv/roman-empire/MPNN_gcn.csv
Low-label sweep completed.
Task 58 done.
