Fri Aug  7 05:52:11 2026       
+-----------------------------------------------------------------------------------------+
| NVIDIA-SMI 580.159.04             Driver Version: 580.159.04     CUDA Version: 13.0     |
+-----------------------------------------+------------------------+----------------------+
| GPU  Name                 Persistence-M | Bus-Id          Disp.A | Volatile Uncorr. ECC |
| Fan  Temp   Perf          Pwr:Usage/Cap |           Memory-Usage | GPU-Util  Compute M. |
|                                         |                        |               MIG M. |
|=========================================+========================+======================|
|   0  NVIDIA A100-SXM4-80GB          On  |   00000000:01:00.0 Off |                   On |
| N/A   50C    P0            193W /  500W |   11435MiB /  81920MiB |     N/A      Default |
|                                         |                        |              Enabled |
+-----------------------------------------+------------------------+----------------------+
|   1  NVIDIA A100-SXM4-80GB          On  |   00000000:41:00.0 Off |                   On |
| N/A   37C    P0            114W /  500W |    9672MiB /  81920MiB |     N/A      Default |
|                                         |                        |              Enabled |
+-----------------------------------------+------------------------+----------------------+
|   2  NVIDIA A100-SXM4-80GB          On  |   00000000:81:00.0 Off |                   On |
| N/A   48C    P0            183W /  500W |   12923MiB /  81920MiB |     N/A      Default |
|                                         |                        |              Enabled |
+-----------------------------------------+------------------------+----------------------+
|   3  NVIDIA A100-SXM4-80GB          On  |   00000000:C1:00.0 Off |                   On |
| N/A   35C    P0            138W /  500W |    2821MiB /  81920MiB |     N/A      Default |
|                                         |                        |              Enabled |
+-----------------------------------------+------------------------+----------------------+

+-----------------------------------------------------------------------------------------+
| MIG devices:                                                                            |
+------------------+----------------------------------+-----------+-----------------------+
| GPU  GI  CI  MIG |              Shared Memory-Usage |        Vol|        Shared         |
|      ID  ID  Dev |                Shared BAR1-Usage | SM     Unc| CE ENC  DEC  OFA  JPG |
|                  |                                  |        ECC|                       |
|==================+==================================+===========+=======================|
|  1    3   0   0  |              71MiB / 19968MiB    | 28      0 |  2   0    1    0    0 |
|                  |               0MiB / 12271MiB    |           |                       |
+------------------+----------------------------------+-----------+-----------------------+

+-----------------------------------------------------------------------------------------+
| Processes:                                                                              |
|  GPU   GI   CI              PID   Type   Process name                        GPU Memory |
|        ID   ID                                                               Usage      |
|=========================================================================================|
|    0   10    0           740369      C   ...ware/symmetrix-env/bin/python       2216MiB |
|    0    9    0           740370      C   ...ware/symmetrix-env/bin/python       1598MiB |
|    0    3    0          3063543      C   python                                 2770MiB |
|    0    2    0          3124908      C   python                                 4538MiB |
|    2    9    0           759676      C   ...ware/symmetrix-env/bin/python       2646MiB |
|    2    2    0           762217      C   ....conda/envs/lmflow/bin/python       7408MiB |
|    2    3    0          3094169      C   python                                 2564MiB |
|    3    5    0          3109208      C   python                                 2564MiB |
+-----------------------------------------------------------------------------------------+
Cell: coauthor-cs / polynormer / budget 2 per class / group 3
python main.py --model polynormer --dataset coauthor-cs --hidden_channels 64 --local_epochs 100 --global_epochs 1500 --lr 0.001 --runs 10 --local_layers 5 --global_layers 2 --weight_decay 5e-4 --dropout 0.3 --in_dropout 0.1 --num_heads 8 --save_model --device 0 --model_dir models/lowlabel_1161133_228 --train_per_class 2 --budget_tag 2
==========================================================
Low-label sweep: python main.py --model polynormer --dataset coauthor-cs --hidden_channels 64 --local_epochs 100 --global_epochs 1500 --lr 0.001 --runs 10 --local_layers 5 --global_layers 2 --weight_decay 5e-4 --dropout 0.3 --in_dropout 0.1 --num_heads 8 --save_model --device 0 --model_dir models/lowlabel_1161133_228 --train_per_class 2 --budget_tag 2
result_dir=../results/lowlabel conditions=[oracle]
==========================================================
--- oracle_reg | lambda=0.01 ---
Namespace(aggregate='add', alpha=0.5, attention='gcn', beta=-1.0, bn=False, budget_tag='2', count_reg=False, count_smoothing=1.0, cpu=False, data_dir='../data/', dataset='coauthor-cs', device=0, dim_inner=64, display_step=100, dropout=0.3, epochs=500, global_dropout=None, global_epochs=1500, global_layers=2, gnn='gcn', graph_weight=0.8, hidden_channels=64, hops=10, in_dropout=0.1, jk=False, label_num_per_class=20, lambda_val=0.01, layers=1, ln=False, local_epochs=100, local_gnn_type='GCN', local_layers=5, lr=0.001, metric='acc', mlp_epochs=500, mlp_reg=False, model='polynormer', model_dir='models/lowlabel_1161133_228', n_heads=8, num_centroids=4096, num_heads=8, oracle_reg=True, paired_seeds=True, pe_types='RWSE', penalty_transform='none', pre_linear=False, pre_ln=False, rand_split=False, rand_split_class=False, reg_start_epoch=10, reg_update_freq=5, res=False, resample_split_per_run=False, result_dir='../results/lowlabel', runs=10, save_model=True, save_result=False, seed=42, test_num=1000, tr_dropout=None, tr_layers=1, tr_weight_decay=None, train_per_class=2, train_prop=0.5, use_act=False, use_bn=False, use_graph=False, use_reg=True, use_residual=False, use_weight=False, valid_num=500, valid_per_class=0, valid_prop=0.25, weight_decay=0.0005)
coauthor-cs
dataset coauthor-cs | num nodes 18333 | num edge 163788 | num node feats 6805 | num classes 15
MODEL: Polynormer(
  (h_lins): ModuleList(
    (0): Linear(in_features=512, out_features=512, bias=True)
    (1): Linear(in_features=512, out_features=512, bias=True)
    (2): Linear(in_features=512, out_features=512, bias=True)
    (3): Linear(in_features=512, out_features=512, bias=True)
    (4): Linear(in_features=512, out_features=512, bias=True)
  )
  (local_convs): ModuleList(
    (0): GATConv(512, 64, heads=8)
    (1): GATConv(512, 64, heads=8)
    (2): GATConv(512, 64, heads=8)
    (3): GATConv(512, 64, heads=8)
    (4): GATConv(512, 64, heads=8)
  )
  (lins): ModuleList(
    (0): Linear(in_features=512, out_features=512, bias=True)
    (1): Linear(in_features=512, out_features=512, bias=True)
    (2): Linear(in_features=512, out_features=512, bias=True)
    (3): Linear(in_features=512, out_features=512, bias=True)
    (4): Linear(in_features=512, out_features=512, bias=True)
  )
  (lns): ModuleList(
    (0): LayerNorm((512,), eps=1e-05, elementwise_affine=True)
    (1): LayerNorm((512,), eps=1e-05, elementwise_affine=True)
    (2): LayerNorm((512,), eps=1e-05, elementwise_affine=True)
    (3): LayerNorm((512,), eps=1e-05, elementwise_affine=True)
    (4): LayerNorm((512,), eps=1e-05, elementwise_affine=True)
  )
  (lin_in): Linear(in_features=6805, out_features=512, bias=True)
  (ln): LayerNorm((512,), eps=1e-05, elementwise_affine=True)
  (global_attn): GlobalAttn(
    (h_lins): ModuleList(
      (0): Linear(in_features=512, out_features=512, bias=True)
      (1): Linear(in_features=512, out_features=512, bias=True)
    )
    (k_lins): ModuleList(
      (0): Linear(in_features=512, out_features=512, bias=True)
      (1): Linear(in_features=512, out_features=512, bias=True)
    )
    (v_lins): ModuleList(
      (0): Linear(in_features=512, out_features=512, bias=True)
      (1): Linear(in_features=512, out_features=512, bias=True)
    )
    (lns): ModuleList(
      (0): LayerNorm((512,), eps=1e-05, elementwise_affine=True)
      (1): LayerNorm((512,), eps=1e-05, elementwise_affine=True)
    )
    (lin_out): Linear(in_features=512, out_features=512, bias=True)
  )
  (pred_local): Linear(in_features=512, out_features=15, bias=True)
  (pred_global): Linear(in_features=512, out_features=15, bias=True)
)
Label budget: 2/class -> 30 train nodes
Computing oracle penalty matrix from true labels...
Oracle penalty matrix frozen.
Epoch: 00, Loss: 2.8740, Train: 10.58%, Valid: 10.61%, Test: 11.07%, Best Valid: 10.61%, Best Test: 11.07%
Switching Polynormer to global attention phase.
Epoch: 100, Loss: 2.7599, Train: 11.11%, Valid: 10.91%, Test: 11.21%, Best Valid: 86.14%, Best Test: 85.71%
Epoch: 200, Loss: 0.0124, Train: 84.12%, Valid: 84.18%, Test: 84.41%, Best Valid: 86.14%, Best Test: 85.71%
Epoch: 300, Loss: 0.0001, Train: 83.60%, Valid: 83.50%, Test: 83.26%, Best Valid: 86.14%, Best Test: 85.71%
Epoch: 400, Loss: 0.0129, Train: 71.70%, Valid: 71.52%, Test: 72.44%, Best Valid: 86.14%, Best Test: 85.71%
Epoch: 500, Loss: 0.4717, Train: 47.85%, Valid: 45.39%, Test: 45.58%, Best Valid: 86.14%, Best Test: 85.71%
Epoch: 600, Loss: 0.0004, Train: 77.61%, Valid: 76.38%, Test: 76.31%, Best Valid: 86.14%, Best Test: 85.71%
Epoch: 700, Loss: 0.0000, Train: 79.93%, Valid: 79.19%, Test: 79.42%, Best Valid: 86.14%, Best Test: 85.71%
Epoch: 800, Loss: 0.0000, Train: 78.52%, Valid: 77.50%, Test: 77.94%, Best Valid: 86.14%, Best Test: 85.71%
Epoch: 900, Loss: 0.0005, Train: 75.97%, Valid: 75.01%, Test: 75.93%, Best Valid: 86.14%, Best Test: 85.71%
Epoch: 1000, Loss: 0.0001, Train: 78.22%, Valid: 77.06%, Test: 78.05%, Best Valid: 86.14%, Best Test: 85.71%
Epoch: 1100, Loss: 0.0000, Train: 77.87%, Valid: 77.17%, Test: 77.59%, Best Valid: 86.14%, Best Test: 85.71%
Epoch: 1200, Loss: 0.0001, Train: 81.89%, Valid: 81.34%, Test: 81.73%, Best Valid: 86.14%, Best Test: 85.71%
Epoch: 1300, Loss: 0.0001, Train: 81.86%, Valid: 81.21%, Test: 81.84%, Best Valid: 86.14%, Best Test: 85.71%
Epoch: 1400, Loss: 0.0011, Train: 58.52%, Valid: 57.67%, Test: 56.65%, Best Valid: 86.14%, Best Test: 85.71%
Epoch: 1500, Loss: 0.0026, Train: 69.19%, Valid: 68.66%, Test: 67.80%, Best Valid: 86.14%, Best Test: 85.71%
Run 01:
Highest Train: 86.52
Highest Valid: 86.14
Highest Test: 86.45
Chosen epoch: 48
Final Train: 85.83
Final Test: 85.71
Label budget: 2/class -> 30 train nodes
Computing oracle penalty matrix from true labels...
Oracle penalty matrix frozen.
Epoch: 00, Loss: 2.8523, Train: 6.86%, Valid: 6.76%, Test: 6.05%, Best Valid: 6.76%, Best Test: 6.05%
Switching Polynormer to global attention phase.
Epoch: 100, Loss: 2.7351, Train: 11.01%, Valid: 11.29%, Test: 11.59%, Best Valid: 81.97%, Best Test: 82.03%
Epoch: 200, Loss: 0.1391, Train: 66.32%, Valid: 65.30%, Test: 67.26%, Best Valid: 81.97%, Best Test: 82.03%
Epoch: 300, Loss: 0.0350, Train: 66.95%, Valid: 66.78%, Test: 65.70%, Best Valid: 81.97%, Best Test: 82.03%
Epoch: 400, Loss: 0.0666, Train: 49.86%, Valid: 48.47%, Test: 50.33%, Best Valid: 81.97%, Best Test: 82.03%
Epoch: 500, Loss: 0.0277, Train: 53.82%, Valid: 53.71%, Test: 53.05%, Best Valid: 81.97%, Best Test: 82.03%
Epoch: 600, Loss: 0.0027, Train: 62.16%, Valid: 62.44%, Test: 62.35%, Best Valid: 81.97%, Best Test: 82.03%
Epoch: 700, Loss: 0.0056, Train: 62.53%, Valid: 63.07%, Test: 62.24%, Best Valid: 81.97%, Best Test: 82.03%
Epoch: 800, Loss: 0.1643, Train: 63.61%, Valid: 62.71%, Test: 64.15%, Best Valid: 81.97%, Best Test: 82.03%
Epoch: 900, Loss: 0.0005, Train: 65.09%, Valid: 64.48%, Test: 65.98%, Best Valid: 81.97%, Best Test: 82.03%
Epoch: 1000, Loss: 0.0204, Train: 60.35%, Valid: 60.31%, Test: 61.48%, Best Valid: 81.97%, Best Test: 82.03%
Epoch: 1100, Loss: 0.0005, Train: 71.72%, Valid: 71.49%, Test: 72.03%, Best Valid: 81.97%, Best Test: 82.03%
Epoch: 1200, Loss: 0.0010, Train: 69.68%, Valid: 69.34%, Test: 70.47%, Best Valid: 81.97%, Best Test: 82.03%
Epoch: 1300, Loss: 0.0001, Train: 69.04%, Valid: 68.06%, Test: 69.82%, Best Valid: 81.97%, Best Test: 82.03%
Epoch: 1400, Loss: 0.0012, Train: 67.59%, Valid: 66.45%, Test: 67.80%, Best Valid: 81.97%, Best Test: 82.03%
Epoch: 1500, Loss: 0.0007, Train: 69.64%, Valid: 69.09%, Test: 69.33%, Best Valid: 81.97%, Best Test: 82.03%
Run 02:
Highest Train: 82.40
Highest Valid: 81.97
Highest Test: 82.06
Chosen epoch: 66
Final Train: 82.22
Final Test: 82.03
Label budget: 2/class -> 30 train nodes
Computing oracle penalty matrix from true labels...
Oracle penalty matrix frozen.
Epoch: 00, Loss: 2.9182, Train: 1.99%, Valid: 2.07%, Test: 2.07%, Best Valid: 2.07%, Best Test: 2.07%
Switching Polynormer to global attention phase.
Epoch: 100, Loss: 2.7351, Train: 2.55%, Valid: 2.15%, Test: 2.81%, Best Valid: 78.29%, Best Test: 78.98%
Epoch: 200, Loss: 0.8644, Train: 40.65%, Valid: 39.23%, Test: 40.43%, Best Valid: 78.29%, Best Test: 78.98%
Epoch: 300, Loss: 0.0479, Train: 61.39%, Valid: 59.49%, Test: 61.53%, Best Valid: 78.29%, Best Test: 78.98%
Epoch: 400, Loss: 0.2275, Train: 61.70%, Valid: 58.89%, Test: 61.91%, Best Valid: 78.29%, Best Test: 78.98%
Epoch: 500, Loss: 0.2152, Train: 58.41%, Valid: 57.39%, Test: 58.56%, Best Valid: 78.29%, Best Test: 78.98%
Epoch: 600, Loss: 0.1301, Train: 38.57%, Valid: 36.91%, Test: 39.48%, Best Valid: 78.29%, Best Test: 78.98%
Epoch: 700, Loss: 0.0033, Train: 44.49%, Valid: 42.80%, Test: 45.31%, Best Valid: 78.29%, Best Test: 78.98%
Epoch: 800, Loss: 0.0053, Train: 53.74%, Valid: 51.75%, Test: 53.49%, Best Valid: 78.29%, Best Test: 78.98%
Epoch: 900, Loss: 0.0002, Train: 47.40%, Valid: 46.24%, Test: 47.16%, Best Valid: 78.29%, Best Test: 78.98%
Epoch: 1000, Loss: 0.0016, Train: 44.34%, Valid: 42.28%, Test: 44.55%, Best Valid: 78.29%, Best Test: 78.98%
Epoch: 1100, Loss: 0.0008, Train: 59.36%, Valid: 58.48%, Test: 59.08%, Best Valid: 78.29%, Best Test: 78.98%
Epoch: 1200, Loss: 0.0002, Train: 56.22%, Valid: 54.31%, Test: 55.86%, Best Valid: 78.29%, Best Test: 78.98%
Epoch: 1300, Loss: 0.0003, Train: 54.50%, Valid: 52.51%, Test: 53.90%, Best Valid: 78.29%, Best Test: 78.98%
Epoch: 1400, Loss: 0.0005, Train: 68.13%, Valid: 66.01%, Test: 68.27%, Best Valid: 78.29%, Best Test: 78.98%
Epoch: 1500, Loss: 0.0002, Train: 60.56%, Valid: 58.70%, Test: 61.89%, Best Valid: 78.29%, Best Test: 78.98%
Run 03:
Highest Train: 78.70
Highest Valid: 78.29
Highest Test: 79.69
Chosen epoch: 99
Final Train: 78.70
Final Test: 78.98
Label budget: 2/class -> 30 train nodes
Computing oracle penalty matrix from true labels...
Oracle penalty matrix frozen.
Epoch: 00, Loss: 3.0365, Train: 12.32%, Valid: 12.00%, Test: 10.96%, Best Valid: 12.00%, Best Test: 10.96%
Switching Polynormer to global attention phase.
Epoch: 100, Loss: 2.7340, Train: 2.45%, Valid: 1.91%, Test: 2.18%, Best Valid: 83.85%, Best Test: 84.16%
Epoch: 200, Loss: 0.3845, Train: 62.68%, Valid: 63.26%, Test: 62.43%, Best Valid: 83.85%, Best Test: 84.16%
Epoch: 300, Loss: 0.0451, Train: 76.22%, Valid: 76.76%, Test: 76.72%, Best Valid: 83.85%, Best Test: 84.16%
Epoch: 400, Loss: 0.2128, Train: 58.83%, Valid: 57.47%, Test: 59.46%, Best Valid: 83.85%, Best Test: 84.16%
Epoch: 500, Loss: 0.2198, Train: 56.56%, Valid: 55.02%, Test: 55.40%, Best Valid: 83.85%, Best Test: 84.16%
Epoch: 600, Loss: 0.0028, Train: 58.63%, Valid: 56.60%, Test: 58.59%, Best Valid: 83.85%, Best Test: 84.16%
Epoch: 700, Loss: 0.0013, Train: 58.15%, Valid: 56.82%, Test: 58.02%, Best Valid: 83.85%, Best Test: 84.16%
Epoch: 800, Loss: 0.0022, Train: 63.15%, Valid: 61.78%, Test: 63.14%, Best Valid: 83.85%, Best Test: 84.16%
Epoch: 900, Loss: 0.0035, Train: 63.48%, Valid: 63.72%, Test: 63.71%, Best Valid: 83.85%, Best Test: 84.16%
Epoch: 1000, Loss: 0.0206, Train: 63.32%, Valid: 62.27%, Test: 63.39%, Best Valid: 83.85%, Best Test: 84.16%
Epoch: 1100, Loss: 0.0002, Train: 57.79%, Valid: 57.06%, Test: 58.59%, Best Valid: 83.85%, Best Test: 84.16%
Epoch: 1200, Loss: 0.0000, Train: 56.59%, Valid: 56.11%, Test: 57.66%, Best Valid: 83.85%, Best Test: 84.16%
Epoch: 1300, Loss: 0.0000, Train: 56.11%, Valid: 55.05%, Test: 56.57%, Best Valid: 83.85%, Best Test: 84.16%
Epoch: 1400, Loss: 0.0000, Train: 61.60%, Valid: 61.62%, Test: 62.62%, Best Valid: 83.85%, Best Test: 84.16%
Epoch: 1500, Loss: 0.0024, Train: 48.60%, Valid: 47.27%, Test: 48.47%, Best Valid: 83.85%, Best Test: 84.16%
Run 04:
Highest Train: 84.20
Highest Valid: 83.85
Highest Test: 84.60
Chosen epoch: 30
Final Train: 84.11
Final Test: 84.16
Label budget: 2/class -> 30 train nodes
Computing oracle penalty matrix from true labels...
Oracle penalty matrix frozen.
Epoch: 00, Loss: 2.9949, Train: 4.13%, Valid: 4.58%, Test: 4.23%, Best Valid: 4.58%, Best Test: 4.23%
Switching Polynormer to global attention phase.
Epoch: 100, Loss: 2.7351, Train: 8.03%, Valid: 7.69%, Test: 7.61%, Best Valid: 79.05%, Best Test: 81.35%
Epoch: 200, Loss: 0.2902, Train: 43.38%, Valid: 43.21%, Test: 42.99%, Best Valid: 79.05%, Best Test: 81.35%
Epoch: 300, Loss: 0.0864, Train: 59.33%, Valid: 57.69%, Test: 59.57%, Best Valid: 79.05%, Best Test: 81.35%
Epoch: 400, Loss: 0.0034, Train: 73.82%, Valid: 73.05%, Test: 73.58%, Best Valid: 79.05%, Best Test: 81.35%
Epoch: 500, Loss: 0.0721, Train: 57.29%, Valid: 55.35%, Test: 56.13%, Best Valid: 79.05%, Best Test: 81.35%
Epoch: 600, Loss: 0.0755, Train: 43.28%, Valid: 40.73%, Test: 41.88%, Best Valid: 79.05%, Best Test: 81.35%
Epoch: 700, Loss: 0.0009, Train: 55.37%, Valid: 52.70%, Test: 53.95%, Best Valid: 79.05%, Best Test: 81.35%
Epoch: 800, Loss: 0.0001, Train: 58.04%, Valid: 55.70%, Test: 56.79%, Best Valid: 79.05%, Best Test: 81.35%
Epoch: 900, Loss: 0.0000, Train: 55.83%, Valid: 53.00%, Test: 54.14%, Best Valid: 79.05%, Best Test: 81.35%
Epoch: 1000, Loss: 0.0037, Train: 44.91%, Valid: 42.77%, Test: 43.70%, Best Valid: 79.05%, Best Test: 81.35%
Epoch: 1100, Loss: 0.0101, Train: 42.69%, Valid: 40.51%, Test: 40.76%, Best Valid: 79.05%, Best Test: 81.35%
Epoch: 1200, Loss: 0.0001, Train: 45.17%, Valid: 43.73%, Test: 44.68%, Best Valid: 79.05%, Best Test: 81.35%
Epoch: 1300, Loss: 0.0007, Train: 43.20%, Valid: 42.17%, Test: 42.91%, Best Valid: 79.05%, Best Test: 81.35%
Epoch: 1400, Loss: 0.0041, Train: 51.06%, Valid: 49.67%, Test: 50.57%, Best Valid: 79.05%, Best Test: 81.35%
Epoch: 1500, Loss: 0.0038, Train: 49.93%, Valid: 48.06%, Test: 48.99%, Best Valid: 79.05%, Best Test: 81.35%
Run 05:
Highest Train: 81.16
Highest Valid: 79.05
Highest Test: 81.60
Chosen epoch: 80
Final Train: 81.00
Final Test: 81.35
Label budget: 2/class -> 30 train nodes
Computing oracle penalty matrix from true labels...
Oracle penalty matrix frozen.
Epoch: 00, Loss: 2.9069, Train: 8.03%, Valid: 7.69%, Test: 7.61%, Best Valid: 7.69%, Best Test: 7.61%
Switching Polynormer to global attention phase.
Epoch: 100, Loss: 2.7351, Train: 8.03%, Valid: 7.69%, Test: 7.61%, Best Valid: 79.13%, Best Test: 81.30%
Epoch: 200, Loss: 0.6841, Train: 20.51%, Valid: 18.52%, Test: 19.87%, Best Valid: 79.13%, Best Test: 81.30%
Epoch: 300, Loss: 0.1385, Train: 38.71%, Valid: 38.76%, Test: 38.96%, Best Valid: 79.13%, Best Test: 81.30%
Epoch: 400, Loss: 0.1691, Train: 34.32%, Valid: 34.10%, Test: 35.47%, Best Valid: 79.13%, Best Test: 81.30%
Epoch: 500, Loss: 0.5161, Train: 35.99%, Valid: 36.44%, Test: 37.27%, Best Valid: 79.13%, Best Test: 81.30%
Epoch: 600, Loss: 0.0074, Train: 35.76%, Valid: 36.55%, Test: 35.80%, Best Valid: 79.13%, Best Test: 81.30%
Epoch: 700, Loss: 0.0080, Train: 40.25%, Valid: 41.24%, Test: 41.60%, Best Valid: 79.13%, Best Test: 81.30%
Epoch: 800, Loss: 0.0004, Train: 36.48%, Valid: 36.06%, Test: 37.46%, Best Valid: 79.13%, Best Test: 81.30%
Epoch: 900, Loss: 0.0008, Train: 40.44%, Valid: 39.50%, Test: 41.06%, Best Valid: 79.13%, Best Test: 81.30%
Epoch: 1000, Loss: 0.2182, Train: 50.85%, Valid: 50.22%, Test: 51.06%, Best Valid: 79.13%, Best Test: 81.30%
Epoch: 1100, Loss: 0.1679, Train: 24.34%, Valid: 24.33%, Test: 25.22%, Best Valid: 79.13%, Best Test: 81.30%
Epoch: 1200, Loss: 0.0031, Train: 35.81%, Valid: 33.33%, Test: 34.98%, Best Valid: 79.13%, Best Test: 81.30%
Epoch: 1300, Loss: 0.0304, Train: 41.93%, Valid: 41.71%, Test: 41.63%, Best Valid: 79.13%, Best Test: 81.30%
Epoch: 1400, Loss: 0.0004, Train: 42.16%, Valid: 40.51%, Test: 41.11%, Best Valid: 79.13%, Best Test: 81.30%
Epoch: 1500, Loss: 0.0022, Train: 48.56%, Valid: 48.17%, Test: 49.18%, Best Valid: 79.13%, Best Test: 81.30%
Run 06:
Highest Train: 80.74
Highest Valid: 79.13
Highest Test: 81.30
Chosen epoch: 99
Final Train: 80.74
Final Test: 81.30
Label budget: 2/class -> 30 train nodes
Computing oracle penalty matrix from true labels...
Oracle penalty matrix frozen.
Epoch: 00, Loss: 2.9759, Train: 3.96%, Valid: 3.25%, Test: 3.54%, Best Valid: 3.25%, Best Test: 3.54%
Switching Polynormer to global attention phase.
Epoch: 100, Loss: 2.7351, Train: 3.88%, Valid: 3.57%, Test: 4.09%, Best Valid: 86.55%, Best Test: 88.20%
Epoch: 200, Loss: 0.2527, Train: 69.24%, Valid: 69.37%, Test: 70.99%, Best Valid: 86.55%, Best Test: 88.20%
Epoch: 300, Loss: 0.5549, Train: 65.82%, Valid: 64.57%, Test: 66.14%, Best Valid: 86.55%, Best Test: 88.20%
Epoch: 400, Loss: 0.0516, Train: 75.07%, Valid: 73.35%, Test: 73.47%, Best Valid: 86.55%, Best Test: 88.20%
Epoch: 500, Loss: 0.0028, Train: 79.70%, Valid: 79.51%, Test: 80.23%, Best Valid: 86.55%, Best Test: 88.20%
Epoch: 600, Loss: 0.0003, Train: 73.62%, Valid: 72.59%, Test: 75.03%, Best Valid: 86.55%, Best Test: 88.20%
Epoch: 700, Loss: 0.0003, Train: 78.14%, Valid: 77.96%, Test: 79.33%, Best Valid: 86.55%, Best Test: 88.20%
Epoch: 800, Loss: 0.0002, Train: 76.49%, Valid: 76.00%, Test: 77.45%, Best Valid: 86.55%, Best Test: 88.20%
Epoch: 900, Loss: 0.0001, Train: 76.16%, Valid: 76.38%, Test: 77.64%, Best Valid: 86.55%, Best Test: 88.20%
Epoch: 1000, Loss: 0.0017, Train: 76.32%, Valid: 76.30%, Test: 77.26%, Best Valid: 86.55%, Best Test: 88.20%
Epoch: 1100, Loss: 0.4210, Train: 74.49%, Valid: 74.28%, Test: 75.05%, Best Valid: 86.55%, Best Test: 88.20%
Epoch: 1200, Loss: 0.0006, Train: 73.23%, Valid: 73.40%, Test: 73.88%, Best Valid: 86.55%, Best Test: 88.20%
Epoch: 1300, Loss: 0.0232, Train: 77.31%, Valid: 77.52%, Test: 77.54%, Best Valid: 86.55%, Best Test: 88.20%
Epoch: 1400, Loss: 0.0026, Train: 75.80%, Valid: 75.83%, Test: 76.69%, Best Valid: 86.55%, Best Test: 88.20%
Epoch: 1500, Loss: 0.0133, Train: 72.49%, Valid: 72.48%, Test: 73.28%, Best Valid: 86.55%, Best Test: 88.20%
Run 07:
Highest Train: 87.84
Highest Valid: 86.55
Highest Test: 88.20
Chosen epoch: 66
Final Train: 87.84
Final Test: 88.20
Label budget: 2/class -> 30 train nodes
Computing oracle penalty matrix from true labels...
Oracle penalty matrix frozen.
Epoch: 00, Loss: 3.0631, Train: 8.03%, Valid: 7.69%, Test: 7.61%, Best Valid: 7.69%, Best Test: 7.61%
Switching Polynormer to global attention phase.
Epoch: 100, Loss: 2.7353, Train: 4.60%, Valid: 4.80%, Test: 5.29%, Best Valid: 78.48%, Best Test: 79.25%
Epoch: 200, Loss: 0.4967, Train: 32.58%, Valid: 30.91%, Test: 31.84%, Best Valid: 78.48%, Best Test: 79.25%
Epoch: 300, Loss: 0.0702, Train: 41.81%, Valid: 40.10%, Test: 40.43%, Best Valid: 78.48%, Best Test: 79.25%
Epoch: 400, Loss: 0.0278, Train: 48.16%, Valid: 47.14%, Test: 47.57%, Best Valid: 78.48%, Best Test: 79.25%
Epoch: 500, Loss: 0.0003, Train: 54.29%, Valid: 53.76%, Test: 53.65%, Best Valid: 78.48%, Best Test: 79.25%
Epoch: 600, Loss: 0.0006, Train: 67.71%, Valid: 66.75%, Test: 67.23%, Best Valid: 78.48%, Best Test: 79.25%
Epoch: 700, Loss: 0.0058, Train: 62.17%, Valid: 61.87%, Test: 61.23%, Best Valid: 78.48%, Best Test: 79.25%
Epoch: 800, Loss: 2.4845, Train: 45.22%, Valid: 43.59%, Test: 44.66%, Best Valid: 78.48%, Best Test: 79.25%
Epoch: 900, Loss: 0.0039, Train: 68.88%, Valid: 68.77%, Test: 68.27%, Best Valid: 78.48%, Best Test: 79.25%
Epoch: 1000, Loss: 0.0005, Train: 63.08%, Valid: 61.97%, Test: 61.89%, Best Valid: 78.48%, Best Test: 79.25%
Epoch: 1100, Loss: 0.0006, Train: 63.30%, Valid: 62.79%, Test: 62.68%, Best Valid: 78.48%, Best Test: 79.25%
Epoch: 1200, Loss: 0.0011, Train: 60.03%, Valid: 59.17%, Test: 60.09%, Best Valid: 78.48%, Best Test: 79.25%
Epoch: 1300, Loss: 0.0445, Train: 62.48%, Valid: 63.01%, Test: 62.02%, Best Valid: 78.48%, Best Test: 79.25%
Epoch: 1400, Loss: 0.0037, Train: 58.35%, Valid: 57.86%, Test: 57.91%, Best Valid: 78.48%, Best Test: 79.25%
Epoch: 1500, Loss: 0.0001, Train: 60.20%, Valid: 59.98%, Test: 59.51%, Best Valid: 78.48%, Best Test: 79.25%
Run 08:
Highest Train: 79.79
Highest Valid: 78.48
Highest Test: 79.25
Chosen epoch: 30
Final Train: 79.79
Final Test: 79.25
Label budget: 2/class -> 30 train nodes
Computing oracle penalty matrix from true labels...
Oracle penalty matrix frozen.
Epoch: 00, Loss: 2.9741, Train: 0.67%, Valid: 0.55%, Test: 0.65%, Best Valid: 0.55%, Best Test: 0.65%
Switching Polynormer to global attention phase.
Epoch: 100, Loss: 2.7350, Train: 1.99%, Valid: 2.07%, Test: 2.07%, Best Valid: 87.32%, Best Test: 89.07%
Epoch: 200, Loss: 0.4988, Train: 72.51%, Valid: 71.55%, Test: 72.46%, Best Valid: 87.32%, Best Test: 89.07%
Epoch: 300, Loss: 0.0056, Train: 77.09%, Valid: 76.60%, Test: 76.55%, Best Valid: 87.32%, Best Test: 89.07%
Epoch: 400, Loss: 0.0495, Train: 67.72%, Valid: 68.22%, Test: 68.76%, Best Valid: 87.32%, Best Test: 89.07%
Epoch: 500, Loss: 0.0008, Train: 74.91%, Valid: 74.22%, Test: 74.81%, Best Valid: 87.32%, Best Test: 89.07%
Epoch: 600, Loss: 0.0005, Train: 71.73%, Valid: 70.62%, Test: 72.11%, Best Valid: 87.32%, Best Test: 89.07%
Epoch: 700, Loss: 0.0055, Train: 50.49%, Valid: 51.42%, Test: 51.06%, Best Valid: 87.32%, Best Test: 89.07%
Epoch: 800, Loss: 0.1413, Train: 56.06%, Valid: 55.24%, Test: 56.30%, Best Valid: 87.32%, Best Test: 89.07%
Epoch: 900, Loss: 0.0078, Train: 67.82%, Valid: 67.05%, Test: 67.86%, Best Valid: 87.32%, Best Test: 89.07%
Epoch: 1000, Loss: 0.0002, Train: 70.33%, Valid: 69.91%, Test: 71.16%, Best Valid: 87.32%, Best Test: 89.07%
Epoch: 1100, Loss: 0.0339, Train: 64.81%, Valid: 64.89%, Test: 65.68%, Best Valid: 87.32%, Best Test: 89.07%
Epoch: 1200, Loss: 0.0047, Train: 71.90%, Valid: 71.28%, Test: 71.40%, Best Valid: 87.32%, Best Test: 89.07%
Epoch: 1300, Loss: 0.0001, Train: 73.63%, Valid: 73.76%, Test: 73.23%, Best Valid: 87.32%, Best Test: 89.07%
Epoch: 1400, Loss: 0.4554, Train: 45.98%, Valid: 47.38%, Test: 46.24%, Best Valid: 87.32%, Best Test: 89.07%
Epoch: 1500, Loss: 0.0009, Train: 73.12%, Valid: 72.53%, Test: 72.76%, Best Valid: 87.32%, Best Test: 89.07%
Run 09:
Highest Train: 88.18
Highest Valid: 87.32
Highest Test: 89.37
Chosen epoch: 44
Final Train: 88.18
Final Test: 89.07
Label budget: 2/class -> 30 train nodes
Computing oracle penalty matrix from true labels...
Oracle penalty matrix frozen.
Epoch: 00, Loss: 2.8352, Train: 2.45%, Valid: 1.91%, Test: 2.18%, Best Valid: 1.91%, Best Test: 2.18%
Switching Polynormer to global attention phase.
Epoch: 100, Loss: 2.7351, Train: 11.01%, Valid: 11.29%, Test: 11.59%, Best Valid: 81.72%, Best Test: 82.42%
Epoch: 200, Loss: 0.4580, Train: 57.54%, Valid: 58.02%, Test: 57.31%, Best Valid: 81.72%, Best Test: 82.42%
Epoch: 300, Loss: 0.0254, Train: 72.73%, Valid: 71.93%, Test: 73.01%, Best Valid: 81.72%, Best Test: 82.42%
Epoch: 400, Loss: 0.0021, Train: 66.06%, Valid: 65.93%, Test: 66.41%, Best Valid: 81.72%, Best Test: 82.42%
Epoch: 500, Loss: 0.0007, Train: 77.74%, Valid: 77.88%, Test: 78.46%, Best Valid: 81.72%, Best Test: 82.42%
Epoch: 600, Loss: 0.1233, Train: 64.59%, Valid: 64.95%, Test: 64.18%, Best Valid: 81.72%, Best Test: 82.42%
Epoch: 700, Loss: 0.0053, Train: 70.85%, Valid: 69.15%, Test: 70.53%, Best Valid: 81.72%, Best Test: 82.42%
Epoch: 800, Loss: 0.0002, Train: 70.74%, Valid: 70.05%, Test: 71.65%, Best Valid: 81.72%, Best Test: 82.42%
Epoch: 900, Loss: 0.1083, Train: 53.80%, Valid: 54.83%, Test: 54.44%, Best Valid: 81.72%, Best Test: 82.42%
Epoch: 1000, Loss: 0.0039, Train: 64.48%, Valid: 65.49%, Test: 65.13%, Best Valid: 81.72%, Best Test: 82.42%
Epoch: 1100, Loss: 0.0002, Train: 74.44%, Valid: 73.90%, Test: 74.62%, Best Valid: 81.72%, Best Test: 82.42%
Epoch: 1200, Loss: 0.0845, Train: 75.88%, Valid: 74.47%, Test: 75.60%, Best Valid: 81.72%, Best Test: 82.42%
Epoch: 1300, Loss: 0.1610, Train: 57.77%, Valid: 58.95%, Test: 59.05%, Best Valid: 81.72%, Best Test: 82.42%
Epoch: 1400, Loss: 0.0002, Train: 66.33%, Valid: 64.70%, Test: 65.35%, Best Valid: 81.72%, Best Test: 82.42%
Epoch: 1500, Loss: 0.0000, Train: 66.82%, Valid: 65.66%, Test: 66.17%, Best Valid: 81.72%, Best Test: 82.42%
Run 10:
Highest Train: 82.19
Highest Valid: 81.72
Highest Test: 82.77
Chosen epoch: 53
Final Train: 82.13
Final Test: 82.42
All runs:
Highest Train: 83.17 ± 3.37
Highest Test: 83.53 ± 3.50
Highest Valid: 82.25 ± 3.53
  Final Train: 83.05 ± 3.31
   Final Test: 83.25 ± 3.48
Saving results to ../results/lowlabel/coauthor-cs/polynormer.csv
--- oracle_reg | lambda=0.05 ---
