Wed Aug 19 20:43:26 2026       
+-----------------------------------------------------------------------------------------+
| NVIDIA-SMI 580.159.04             Driver Version: 580.159.04     CUDA Version: 13.0     |
+-----------------------------------------+------------------------+----------------------+
| GPU  Name                 Persistence-M | Bus-Id          Disp.A | Volatile Uncorr. ECC |
| Fan  Temp   Perf          Pwr:Usage/Cap |           Memory-Usage | GPU-Util  Compute M. |
|                                         |                        |               MIG M. |
|=========================================+========================+======================|
|   0  NVIDIA A100-SXM4-80GB          On  |   00000000:01:00.0 Off |                   On |
| N/A   53C    P0            240W /  500W |   14725MiB /  81920MiB |     N/A      Default |
|                                         |                        |              Enabled |
+-----------------------------------------+------------------------+----------------------+
|   1  NVIDIA A100-SXM4-80GB          On  |   00000000:41:00.0 Off |                   On |
| N/A   46C    P0            207W /  500W |   13661MiB /  81920MiB |     N/A      Default |
|                                         |                        |              Enabled |
+-----------------------------------------+------------------------+----------------------+
|   2  NVIDIA A100-SXM4-80GB          On  |   00000000:81:00.0 Off |                   On |
| N/A   42C    P0             99W /  500W |    1068MiB /  81920MiB |     N/A      Default |
|                                         |                        |              Enabled |
+-----------------------------------------+------------------------+----------------------+
|   3  NVIDIA A100-SXM4-80GB          On  |   00000000:C1:00.0 Off |                   On |
| N/A   39C    P0            168W /  500W |    9068MiB /  81920MiB |     N/A      Default |
|                                         |                        |              Enabled |
+-----------------------------------------+------------------------+----------------------+

+-----------------------------------------------------------------------------------------+
| MIG devices:                                                                            |
+------------------+----------------------------------+-----------+-----------------------+
| GPU  GI  CI  MIG |              Shared Memory-Usage |        Vol|        Shared         |
|      ID  ID  Dev |                Shared BAR1-Usage | SM     Unc| CE ENC  DEC  OFA  JPG |
|                  |                                  |        ECC|                       |
|==================+==================================+===========+=======================|
|  2    3   0   0  |              71MiB / 19968MiB    | 28      0 |  2   0    1    0    0 |
|                  |               0MiB / 12271MiB    |           |                       |
+------------------+----------------------------------+-----------+-----------------------+

+-----------------------------------------------------------------------------------------+
| Processes:                                                                              |
|  GPU   GI   CI              PID   Type   Process name                        GPU Memory |
|        ID   ID                                                               Usage      |
|=========================================================================================|
|    0   13    0          1538661      C   ...ware/symmetrix-env/bin/python        346MiB |
|    0   14    0          1613193      C   ...ware/symmetrix-env/bin/python        488MiB |
|    0    5    0          1643686      C   python                                 7902MiB |
|    0    1    0          1667812      C   python                                 5708MiB |
|    1   10    0          1051627      C   ...ware/symmetrix-env/bin/python        366MiB |
|    1    9    0          1051629      C   ...ware/symmetrix-env/bin/python        366MiB |
|    1    3    0          1640628      C   python                                 7924MiB |
|    1    2    0          1668729      C   python                                 4724MiB |
|    3   14    0          1051622      C   ...ware/symmetrix-env/bin/python        468MiB |
|    3   13    0          1051628      C   ...ware/symmetrix-env/bin/python        426MiB |
|    3    5    0          1642539      C   python                                 7902MiB |
+-----------------------------------------------------------------------------------------+
Matched-val cell: coauthor-cs / polynormer / budget 2 per class / group 1
python main.py --model polynormer --dataset coauthor-cs --hidden_channels 64 --local_epochs 100 --global_epochs 1500 --lr 0.001 --runs 10 --local_layers 5 --global_layers 2 --weight_decay 5e-4 --dropout 0.3 --in_dropout 0.1 --num_heads 8 --save_model --device 0 --model_dir models/lowlabel_mv_1178247_37 --train_per_class 2 --valid_per_class 2 --budget_tag 2
==========================================================
Low-label sweep: python main.py --model polynormer --dataset coauthor-cs --hidden_channels 64 --local_epochs 100 --global_epochs 1500 --lr 0.001 --runs 10 --local_layers 5 --global_layers 2 --weight_decay 5e-4 --dropout 0.3 --in_dropout 0.1 --num_heads 8 --save_model --device 0 --model_dir models/lowlabel_mv_1178247_37 --train_per_class 2 --valid_per_class 2 --budget_tag 2
result_dir=../results/lowlabel_mv conditions=[mlp]
==========================================================
--- mlp_reg | lambda=0.01 ---
    (already completed — requeue resume, skipping)
--- mlp_reg | lambda=0.05 ---
    (already completed — requeue resume, skipping)
--- mlp_reg | lambda=0.1 ---
    (already completed — requeue resume, skipping)
--- mlp_reg | lambda=0.2 ---
    (already completed — requeue resume, skipping)
--- mlp_reg | lambda=0.4 ---
    (already completed — requeue resume, skipping)
--- mlp_reg | lambda=0.8 ---
    (already completed — requeue resume, skipping)
--- mlp_reg | lambda=1.6 ---
Namespace(aggregate='add', alpha=0.5, attention='gcn', beta=-1.0, bn=False, budget_tag='2', count_reg=False, count_smoothing=1.0, cpu=False, data_dir='../data/', dataset='coauthor-cs', device=0, dim_inner=64, display_step=100, dropout=0.3, epochs=500, global_dropout=None, global_epochs=1500, global_layers=2, gnn='gcn', graph_weight=0.8, hidden_channels=64, hops=10, in_dropout=0.1, jk=False, label_num_per_class=20, lambda_val=1.6, layers=1, ln=False, local_epochs=100, local_gnn_type='GCN', local_layers=5, lr=0.001, metric='acc', mlp_epochs=500, mlp_reg=True, model='polynormer', model_dir='models/lowlabel_mv_1178247_37', n_heads=8, num_centroids=4096, num_heads=8, oracle_reg=False, paired_seeds=True, pe_types='RWSE', penalty_transform='none', pre_linear=False, pre_ln=False, rand_split=False, rand_split_class=False, reg_start_epoch=10, reg_update_freq=5, res=False, resample_split_per_run=False, result_dir='../results/lowlabel_mv', runs=10, save_model=True, save_result=False, seed=42, test_num=1000, tr_dropout=None, tr_layers=1, tr_weight_decay=None, train_per_class=2, train_prop=0.5, use_act=False, use_bn=False, use_graph=False, use_reg=True, use_residual=False, use_weight=False, valid_num=500, valid_per_class=2, valid_prop=0.25, weight_decay=0.0005)
coauthor-cs
dataset coauthor-cs | num nodes 18333 | num edge 163788 | num node feats 6805 | num classes 15
MODEL: Polynormer(
  (h_lins): ModuleList(
    (0): Linear(in_features=512, out_features=512, bias=True)
    (1): Linear(in_features=512, out_features=512, bias=True)
    (2): Linear(in_features=512, out_features=512, bias=True)
    (3): Linear(in_features=512, out_features=512, bias=True)
    (4): Linear(in_features=512, out_features=512, bias=True)
  )
  (local_convs): ModuleList(
    (0): GATConv(512, 64, heads=8)
    (1): GATConv(512, 64, heads=8)
    (2): GATConv(512, 64, heads=8)
    (3): GATConv(512, 64, heads=8)
    (4): GATConv(512, 64, heads=8)
  )
  (lins): ModuleList(
    (0): Linear(in_features=512, out_features=512, bias=True)
    (1): Linear(in_features=512, out_features=512, bias=True)
    (2): Linear(in_features=512, out_features=512, bias=True)
    (3): Linear(in_features=512, out_features=512, bias=True)
    (4): Linear(in_features=512, out_features=512, bias=True)
  )
  (lns): ModuleList(
    (0): LayerNorm((512,), eps=1e-05, elementwise_affine=True)
    (1): LayerNorm((512,), eps=1e-05, elementwise_affine=True)
    (2): LayerNorm((512,), eps=1e-05, elementwise_affine=True)
    (3): LayerNorm((512,), eps=1e-05, elementwise_affine=True)
    (4): LayerNorm((512,), eps=1e-05, elementwise_affine=True)
  )
  (lin_in): Linear(in_features=6805, out_features=512, bias=True)
  (ln): LayerNorm((512,), eps=1e-05, elementwise_affine=True)
  (global_attn): GlobalAttn(
    (h_lins): ModuleList(
      (0): Linear(in_features=512, out_features=512, bias=True)
      (1): Linear(in_features=512, out_features=512, bias=True)
    )
    (k_lins): ModuleList(
      (0): Linear(in_features=512, out_features=512, bias=True)
      (1): Linear(in_features=512, out_features=512, bias=True)
    )
    (v_lins): ModuleList(
      (0): Linear(in_features=512, out_features=512, bias=True)
      (1): Linear(in_features=512, out_features=512, bias=True)
    )
    (lns): ModuleList(
      (0): LayerNorm((512,), eps=1e-05, elementwise_affine=True)
      (1): LayerNorm((512,), eps=1e-05, elementwise_affine=True)
    )
    (lin_out): Linear(in_features=512, out_features=512, bias=True)
  )
  (pred_local): Linear(in_features=512, out_features=15, bias=True)
  (pred_global): Linear(in_features=512, out_features=15, bias=True)
)
Label budget: 2/class -> 30 train nodes
Matched-budget validation: 30 valid nodes
Pre-training MLP for 500 epochs to generate co-occurrence matrix...
MLP pre-training complete. Penalty matrix frozen.
Epoch: 00, Loss: 7.3984, Train: 9.12%, Valid: 10.00%, Test: 8.26%, Best Valid: 10.00%, Best Test: 8.26%
Switching Polynormer to global attention phase.
Epoch: 100, Loss: 7.0756, Train: 14.62%, Valid: 13.33%, Test: 13.52%, Best Valid: 86.67%, Best Test: 80.70%
Epoch: 200, Loss: 0.0005, Train: 68.96%, Valid: 56.67%, Test: 67.91%, Best Valid: 86.67%, Best Test: 80.70%
Epoch: 300, Loss: 0.0221, Train: 51.42%, Valid: 56.67%, Test: 50.19%, Best Valid: 86.67%, Best Test: 80.70%
Epoch: 400, Loss: 0.0035, Train: 66.35%, Valid: 70.00%, Test: 66.28%, Best Valid: 86.67%, Best Test: 80.70%
Epoch: 500, Loss: 0.0048, Train: 44.24%, Valid: 60.00%, Test: 42.64%, Best Valid: 86.67%, Best Test: 80.70%
Epoch: 600, Loss: 0.0001, Train: 46.90%, Valid: 46.67%, Test: 45.01%, Best Valid: 86.67%, Best Test: 80.70%
Epoch: 700, Loss: 0.0000, Train: 47.24%, Valid: 50.00%, Test: 45.83%, Best Valid: 86.67%, Best Test: 80.70%
Epoch: 800, Loss: 0.0000, Train: 56.46%, Valid: 66.67%, Test: 55.13%, Best Valid: 86.67%, Best Test: 80.70%
Epoch: 900, Loss: 0.0000, Train: 52.21%, Valid: 60.00%, Test: 50.71%, Best Valid: 86.67%, Best Test: 80.70%
Epoch: 1000, Loss: 0.0541, Train: 56.67%, Valid: 50.00%, Test: 54.58%, Best Valid: 86.67%, Best Test: 80.70%
Epoch: 1100, Loss: 0.0009, Train: 50.11%, Valid: 56.67%, Test: 47.87%, Best Valid: 86.67%, Best Test: 80.70%
Epoch: 1200, Loss: 0.0002, Train: 44.95%, Valid: 53.33%, Test: 42.50%, Best Valid: 86.67%, Best Test: 80.70%
Epoch: 1300, Loss: 0.0005, Train: 42.99%, Valid: 50.00%, Test: 40.84%, Best Valid: 86.67%, Best Test: 80.70%
Epoch: 1400, Loss: 0.0003, Train: 41.38%, Valid: 50.00%, Test: 38.77%, Best Valid: 86.67%, Best Test: 80.70%
Epoch: 1500, Loss: 0.0005, Train: 37.18%, Valid: 46.67%, Test: 34.68%, Best Valid: 86.67%, Best Test: 80.70%
Run 01:
Highest Train: 83.63
Highest Valid: 86.67
Highest Test: 83.53
Chosen epoch: 89
Final Train: 81.46
Final Test: 80.70
Label budget: 2/class -> 30 train nodes
Matched-budget validation: 30 valid nodes
Pre-training MLP for 500 epochs to generate co-occurrence matrix...
MLP pre-training complete. Penalty matrix frozen.
Epoch: 00, Loss: 7.3426, Train: 7.86%, Valid: 6.67%, Test: 7.93%, Best Valid: 6.67%, Best Test: 7.93%
Switching Polynormer to global attention phase.
Epoch: 100, Loss: 7.0410, Train: 7.68%, Valid: 6.67%, Test: 7.72%, Best Valid: 83.33%, Best Test: 72.68%
Epoch: 200, Loss: 0.8524, Train: 14.51%, Valid: 23.33%, Test: 14.59%, Best Valid: 83.33%, Best Test: 72.68%
Epoch: 300, Loss: 0.0275, Train: 33.76%, Valid: 53.33%, Test: 34.27%, Best Valid: 83.33%, Best Test: 72.68%
Epoch: 400, Loss: 0.1175, Train: 34.17%, Valid: 43.33%, Test: 34.81%, Best Valid: 83.33%, Best Test: 72.68%
Epoch: 500, Loss: 0.0055, Train: 46.85%, Valid: 50.00%, Test: 48.23%, Best Valid: 83.33%, Best Test: 72.68%
Epoch: 600, Loss: 0.0001, Train: 57.25%, Valid: 60.00%, Test: 58.56%, Best Valid: 83.33%, Best Test: 72.68%
Epoch: 700, Loss: 0.0001, Train: 59.92%, Valid: 60.00%, Test: 60.88%, Best Valid: 83.33%, Best Test: 72.68%
Epoch: 800, Loss: 0.0002, Train: 62.24%, Valid: 60.00%, Test: 63.33%, Best Valid: 83.33%, Best Test: 72.68%
Epoch: 900, Loss: 0.0009, Train: 42.73%, Valid: 50.00%, Test: 42.18%, Best Valid: 83.33%, Best Test: 72.68%
Epoch: 1000, Loss: 0.0005, Train: 53.40%, Valid: 60.00%, Test: 53.11%, Best Valid: 83.33%, Best Test: 72.68%
Epoch: 1100, Loss: 0.0003, Train: 52.83%, Valid: 60.00%, Test: 52.75%, Best Valid: 83.33%, Best Test: 72.68%
Epoch: 1200, Loss: 0.0001, Train: 50.92%, Valid: 53.33%, Test: 51.66%, Best Valid: 83.33%, Best Test: 72.68%
Epoch: 1300, Loss: 0.0134, Train: 45.91%, Valid: 56.67%, Test: 45.07%, Best Valid: 83.33%, Best Test: 72.68%
Epoch: 1400, Loss: 0.0132, Train: 46.84%, Valid: 60.00%, Test: 47.57%, Best Valid: 83.33%, Best Test: 72.68%
Epoch: 1500, Loss: 0.0001, Train: 49.73%, Valid: 56.67%, Test: 50.87%, Best Valid: 83.33%, Best Test: 72.68%
Run 02:
Highest Train: 80.33
Highest Valid: 83.33
Highest Test: 80.59
Chosen epoch: 48
Final Train: 72.21
Final Test: 72.68
Label budget: 2/class -> 30 train nodes
Matched-budget validation: 30 valid nodes
Pre-training MLP for 500 epochs to generate co-occurrence matrix...
MLP pre-training complete. Penalty matrix frozen.
Epoch: 00, Loss: 7.5122, Train: 1.99%, Valid: 6.67%, Test: 2.07%, Best Valid: 6.67%, Best Test: 2.07%
Switching Polynormer to global attention phase.
Epoch: 100, Loss: 7.0409, Train: 22.05%, Valid: 6.67%, Test: 22.74%, Best Valid: 83.33%, Best Test: 77.78%
Epoch: 200, Loss: 2.2180, Train: 19.91%, Valid: 23.33%, Test: 18.46%, Best Valid: 83.33%, Best Test: 77.78%
Epoch: 300, Loss: 0.8941, Train: 25.27%, Valid: 36.67%, Test: 22.98%, Best Valid: 83.33%, Best Test: 77.78%
Epoch: 400, Loss: 0.0815, Train: 30.37%, Valid: 53.33%, Test: 28.82%, Best Valid: 83.33%, Best Test: 77.78%
Epoch: 500, Loss: 0.0008, Train: 35.83%, Valid: 50.00%, Test: 33.89%, Best Valid: 83.33%, Best Test: 77.78%
Epoch: 600, Loss: 0.0016, Train: 33.17%, Valid: 46.67%, Test: 31.38%, Best Valid: 83.33%, Best Test: 77.78%
Epoch: 700, Loss: 0.4004, Train: 34.48%, Valid: 40.00%, Test: 32.69%, Best Valid: 83.33%, Best Test: 77.78%
Epoch: 800, Loss: 0.0355, Train: 34.25%, Valid: 40.00%, Test: 31.90%, Best Valid: 83.33%, Best Test: 77.78%
Epoch: 900, Loss: 0.0014, Train: 33.92%, Valid: 43.33%, Test: 31.87%, Best Valid: 83.33%, Best Test: 77.78%
Epoch: 1000, Loss: 0.0027, Train: 28.01%, Valid: 33.33%, Test: 26.17%, Best Valid: 83.33%, Best Test: 77.78%
Epoch: 1100, Loss: 0.0099, Train: 38.22%, Valid: 40.00%, Test: 36.89%, Best Valid: 83.33%, Best Test: 77.78%
Epoch: 1200, Loss: 0.0035, Train: 46.82%, Valid: 43.33%, Test: 44.87%, Best Valid: 83.33%, Best Test: 77.78%
Epoch: 1300, Loss: 0.0051, Train: 43.97%, Valid: 53.33%, Test: 42.26%, Best Valid: 83.33%, Best Test: 77.78%
Epoch: 1400, Loss: 0.0006, Train: 40.41%, Valid: 56.67%, Test: 39.56%, Best Valid: 83.33%, Best Test: 77.78%
Epoch: 1500, Loss: 0.0006, Train: 37.67%, Valid: 50.00%, Test: 37.08%, Best Valid: 83.33%, Best Test: 77.78%
Run 03:
Highest Train: 79.58
Highest Valid: 83.33
Highest Test: 79.47
Chosen epoch: 59
Final Train: 77.92
Final Test: 77.78
Label budget: 2/class -> 30 train nodes
Matched-budget validation: 30 valid nodes
Pre-training MLP for 500 epochs to generate co-occurrence matrix...
MLP pre-training complete. Penalty matrix frozen.
Epoch: 00, Loss: 7.8167, Train: 10.99%, Valid: 0.00%, Test: 9.73%, Best Valid: 0.00%, Best Test: 9.73%
Switching Polynormer to global attention phase.
Epoch: 100, Loss: 7.0341, Train: 2.45%, Valid: 6.67%, Test: 2.18%, Best Valid: 90.00%, Best Test: 78.33%
Epoch: 200, Loss: 0.9233, Train: 20.77%, Valid: 26.67%, Test: 20.94%, Best Valid: 90.00%, Best Test: 78.33%
Epoch: 300, Loss: 0.0009, Train: 32.67%, Valid: 53.33%, Test: 32.58%, Best Valid: 90.00%, Best Test: 78.33%
Epoch: 400, Loss: 0.0228, Train: 36.66%, Valid: 56.67%, Test: 37.46%, Best Valid: 90.00%, Best Test: 78.33%
Epoch: 500, Loss: 0.0068, Train: 23.75%, Valid: 53.33%, Test: 24.18%, Best Valid: 90.00%, Best Test: 78.33%
Epoch: 600, Loss: 0.0015, Train: 23.48%, Valid: 46.67%, Test: 23.39%, Best Valid: 90.00%, Best Test: 78.33%
Epoch: 700, Loss: 0.0000, Train: 33.92%, Valid: 53.33%, Test: 34.19%, Best Valid: 90.00%, Best Test: 78.33%
Epoch: 800, Loss: 0.1794, Train: 49.98%, Valid: 56.67%, Test: 51.53%, Best Valid: 90.00%, Best Test: 78.33%
Epoch: 900, Loss: 0.0009, Train: 56.72%, Valid: 60.00%, Test: 57.74%, Best Valid: 90.00%, Best Test: 78.33%
Epoch: 1000, Loss: 0.0002, Train: 71.42%, Valid: 80.00%, Test: 71.26%, Best Valid: 90.00%, Best Test: 78.33%
Epoch: 1100, Loss: 0.0002, Train: 71.67%, Valid: 76.67%, Test: 71.65%, Best Valid: 90.00%, Best Test: 78.33%
Epoch: 1200, Loss: 0.0676, Train: 47.38%, Valid: 46.67%, Test: 48.28%, Best Valid: 90.00%, Best Test: 78.33%
Epoch: 1300, Loss: 0.0090, Train: 48.83%, Valid: 60.00%, Test: 49.78%, Best Valid: 90.00%, Best Test: 78.33%
Epoch: 1400, Loss: 0.0407, Train: 43.70%, Valid: 60.00%, Test: 45.01%, Best Valid: 90.00%, Best Test: 78.33%
Epoch: 1500, Loss: 0.0003, Train: 35.29%, Valid: 53.33%, Test: 35.58%, Best Valid: 90.00%, Best Test: 78.33%
Run 04:
Highest Train: 82.93
Highest Valid: 90.00
Highest Test: 83.34
Chosen epoch: 26
Final Train: 78.21
Final Test: 78.33
Label budget: 2/class -> 30 train nodes
Matched-budget validation: 30 valid nodes
Pre-training MLP for 500 epochs to generate co-occurrence matrix...
MLP pre-training complete. Penalty matrix frozen.
Epoch: 00, Loss: 7.7097, Train: 4.15%, Valid: 6.67%, Test: 4.20%, Best Valid: 6.67%, Best Test: 4.20%
Switching Polynormer to global attention phase.
Epoch: 100, Loss: 7.0416, Train: 7.68%, Valid: 6.67%, Test: 7.72%, Best Valid: 80.00%, Best Test: 70.94%
Epoch: 200, Loss: 0.6445, Train: 22.58%, Valid: 40.00%, Test: 21.84%, Best Valid: 80.00%, Best Test: 70.94%
Epoch: 300, Loss: 1.5425, Train: 41.77%, Valid: 40.00%, Test: 41.93%, Best Valid: 80.00%, Best Test: 70.94%
Epoch: 400, Loss: 0.4743, Train: 30.94%, Valid: 53.33%, Test: 29.91%, Best Valid: 80.00%, Best Test: 70.94%
Epoch: 500, Loss: 0.0054, Train: 34.23%, Valid: 46.67%, Test: 35.17%, Best Valid: 80.00%, Best Test: 70.94%
Epoch: 600, Loss: 1.0382, Train: 30.02%, Valid: 43.33%, Test: 30.75%, Best Valid: 80.00%, Best Test: 70.94%
Epoch: 700, Loss: 0.0062, Train: 30.54%, Valid: 36.67%, Test: 29.53%, Best Valid: 80.00%, Best Test: 70.94%
Epoch: 800, Loss: 0.0021, Train: 34.89%, Valid: 50.00%, Test: 34.87%, Best Valid: 80.00%, Best Test: 70.94%
Epoch: 900, Loss: 0.0009, Train: 40.93%, Valid: 60.00%, Test: 39.12%, Best Valid: 80.00%, Best Test: 70.94%
Epoch: 1000, Loss: 0.0022, Train: 35.88%, Valid: 53.33%, Test: 35.36%, Best Valid: 80.00%, Best Test: 70.94%
Epoch: 1100, Loss: 0.1614, Train: 38.65%, Valid: 53.33%, Test: 38.36%, Best Valid: 80.00%, Best Test: 70.94%
Epoch: 1200, Loss: 0.0088, Train: 27.60%, Valid: 46.67%, Test: 27.84%, Best Valid: 80.00%, Best Test: 70.94%
Epoch: 1300, Loss: 0.0024, Train: 29.33%, Valid: 40.00%, Test: 29.14%, Best Valid: 80.00%, Best Test: 70.94%
Epoch: 1400, Loss: 0.0002, Train: 36.75%, Valid: 53.33%, Test: 36.37%, Best Valid: 80.00%, Best Test: 70.94%
Epoch: 1500, Loss: 0.0014, Train: 32.70%, Valid: 50.00%, Test: 32.17%, Best Valid: 80.00%, Best Test: 70.94%
Run 05:
Highest Train: 73.96
Highest Valid: 80.00
Highest Test: 74.05
Chosen epoch: 37
Final Train: 70.16
Final Test: 70.94
Label budget: 2/class -> 30 train nodes
Matched-budget validation: 30 valid nodes
Pre-training MLP for 500 epochs to generate co-occurrence matrix...
MLP pre-training complete. Penalty matrix frozen.
Epoch: 00, Loss: 7.4830, Train: 8.03%, Valid: 6.67%, Test: 7.61%, Best Valid: 6.67%, Best Test: 7.61%
Switching Polynormer to global attention phase.
Epoch: 100, Loss: 7.0417, Train: 3.88%, Valid: 6.67%, Test: 4.09%, Best Valid: 80.00%, Best Test: 77.02%
Epoch: 200, Loss: 0.7548, Train: 27.93%, Valid: 40.00%, Test: 27.92%, Best Valid: 80.00%, Best Test: 77.02%
Epoch: 300, Loss: 0.5712, Train: 25.19%, Valid: 33.33%, Test: 25.14%, Best Valid: 80.00%, Best Test: 77.02%
Epoch: 400, Loss: 0.1399, Train: 31.05%, Valid: 43.33%, Test: 30.92%, Best Valid: 80.00%, Best Test: 77.02%
Epoch: 500, Loss: 0.2503, Train: 46.33%, Valid: 46.67%, Test: 45.99%, Best Valid: 80.00%, Best Test: 77.02%
Epoch: 600, Loss: 0.0042, Train: 39.76%, Valid: 43.33%, Test: 40.24%, Best Valid: 80.00%, Best Test: 77.02%
Epoch: 700, Loss: 0.0351, Train: 28.63%, Valid: 33.33%, Test: 27.43%, Best Valid: 80.00%, Best Test: 77.02%
Epoch: 800, Loss: 0.7583, Train: 44.30%, Valid: 53.33%, Test: 43.54%, Best Valid: 80.00%, Best Test: 77.02%
Epoch: 900, Loss: 0.0018, Train: 44.44%, Valid: 56.67%, Test: 43.68%, Best Valid: 80.00%, Best Test: 77.02%
Epoch: 1000, Loss: 0.0011, Train: 44.12%, Valid: 56.67%, Test: 43.16%, Best Valid: 80.00%, Best Test: 77.02%
Epoch: 1100, Loss: 0.0003, Train: 44.68%, Valid: 53.33%, Test: 43.59%, Best Valid: 80.00%, Best Test: 77.02%
Epoch: 1200, Loss: 0.0018, Train: 50.63%, Valid: 43.33%, Test: 50.22%, Best Valid: 80.00%, Best Test: 77.02%
Epoch: 1300, Loss: 0.3435, Train: 22.90%, Valid: 23.33%, Test: 21.97%, Best Valid: 80.00%, Best Test: 77.02%
Epoch: 1400, Loss: 0.0970, Train: 29.93%, Valid: 30.00%, Test: 29.36%, Best Valid: 80.00%, Best Test: 77.02%
Epoch: 1500, Loss: 0.2860, Train: 32.88%, Valid: 26.67%, Test: 32.96%, Best Valid: 80.00%, Best Test: 77.02%
Run 06:
Highest Train: 77.03
Highest Valid: 80.00
Highest Test: 77.51
Chosen epoch: 31
Final Train: 76.83
Final Test: 77.02
Label budget: 2/class -> 30 train nodes
Matched-budget validation: 30 valid nodes
Pre-training MLP for 500 epochs to generate co-occurrence matrix...
MLP pre-training complete. Penalty matrix frozen.
Epoch: 00, Loss: 7.6606, Train: 2.65%, Valid: 6.67%, Test: 2.32%, Best Valid: 6.67%, Best Test: 2.32%
Switching Polynormer to global attention phase.
Epoch: 100, Loss: 7.0410, Train: 2.55%, Valid: 6.67%, Test: 2.81%, Best Valid: 80.00%, Best Test: 82.09%
Epoch: 200, Loss: 0.2138, Train: 68.81%, Valid: 53.33%, Test: 68.38%, Best Valid: 80.00%, Best Test: 82.09%
Epoch: 300, Loss: 0.3439, Train: 58.55%, Valid: 60.00%, Test: 59.19%, Best Valid: 80.00%, Best Test: 82.09%
Epoch: 400, Loss: 0.0781, Train: 64.87%, Valid: 63.33%, Test: 64.15%, Best Valid: 80.00%, Best Test: 82.09%
Epoch: 500, Loss: 0.0479, Train: 71.41%, Valid: 76.67%, Test: 72.63%, Best Valid: 80.00%, Best Test: 82.09%
Epoch: 600, Loss: 0.8479, Train: 68.55%, Valid: 70.00%, Test: 68.32%, Best Valid: 80.00%, Best Test: 82.09%
Epoch: 700, Loss: 0.0066, Train: 52.21%, Valid: 50.00%, Test: 51.85%, Best Valid: 80.00%, Best Test: 82.09%
Epoch: 800, Loss: 0.0015, Train: 47.30%, Valid: 43.33%, Test: 47.71%, Best Valid: 80.00%, Best Test: 82.09%
Epoch: 900, Loss: 0.0006, Train: 53.80%, Valid: 50.00%, Test: 53.68%, Best Valid: 80.00%, Best Test: 82.09%
Epoch: 1000, Loss: 1.2191, Train: 53.17%, Valid: 53.33%, Test: 52.48%, Best Valid: 80.00%, Best Test: 82.09%
Epoch: 1100, Loss: 0.1756, Train: 69.14%, Valid: 73.33%, Test: 69.49%, Best Valid: 80.00%, Best Test: 82.09%
Epoch: 1200, Loss: 0.0516, Train: 63.58%, Valid: 60.00%, Test: 64.64%, Best Valid: 80.00%, Best Test: 82.09%
Epoch: 1300, Loss: 0.0017, Train: 60.02%, Valid: 63.33%, Test: 58.48%, Best Valid: 80.00%, Best Test: 82.09%
Epoch: 1400, Loss: 0.2628, Train: 51.02%, Valid: 53.33%, Test: 51.09%, Best Valid: 80.00%, Best Test: 82.09%
Epoch: 1500, Loss: 0.1535, Train: 50.23%, Valid: 63.33%, Test: 50.49%, Best Valid: 80.00%, Best Test: 82.09%
Run 07:
Highest Train: 85.68
Highest Valid: 80.00
Highest Test: 86.07
Chosen epoch: 32
Final Train: 81.34
Final Test: 82.09
Label budget: 2/class -> 30 train nodes
Matched-budget validation: 30 valid nodes
Pre-training MLP for 500 epochs to generate co-occurrence matrix...
MLP pre-training complete. Penalty matrix frozen.
Epoch: 00, Loss: 7.8851, Train: 8.03%, Valid: 6.67%, Test: 7.61%, Best Valid: 6.67%, Best Test: 7.61%
Switching Polynormer to global attention phase.
Epoch: 100, Loss: 7.0409, Train: 8.03%, Valid: 6.67%, Test: 7.61%, Best Valid: 86.67%, Best Test: 83.48%
Epoch: 200, Loss: 0.4491, Train: 14.56%, Valid: 20.00%, Test: 13.60%, Best Valid: 86.67%, Best Test: 83.48%
Epoch: 300, Loss: 0.3398, Train: 37.27%, Valid: 43.33%, Test: 35.41%, Best Valid: 86.67%, Best Test: 83.48%
Epoch: 400, Loss: 0.0831, Train: 34.28%, Valid: 50.00%, Test: 33.04%, Best Valid: 86.67%, Best Test: 83.48%
Epoch: 500, Loss: 0.1263, Train: 36.87%, Valid: 50.00%, Test: 35.47%, Best Valid: 86.67%, Best Test: 83.48%
Epoch: 600, Loss: 0.0023, Train: 33.72%, Valid: 43.33%, Test: 31.62%, Best Valid: 86.67%, Best Test: 83.48%
Epoch: 700, Loss: 0.0642, Train: 42.49%, Valid: 40.00%, Test: 40.29%, Best Valid: 86.67%, Best Test: 83.48%
Epoch: 800, Loss: 0.0003, Train: 43.17%, Valid: 50.00%, Test: 41.98%, Best Valid: 86.67%, Best Test: 83.48%
Epoch: 900, Loss: 0.0021, Train: 36.25%, Valid: 53.33%, Test: 35.63%, Best Valid: 86.67%, Best Test: 83.48%
Epoch: 1000, Loss: 0.0703, Train: 31.30%, Valid: 50.00%, Test: 30.34%, Best Valid: 86.67%, Best Test: 83.48%
Epoch: 1100, Loss: 0.0186, Train: 40.16%, Valid: 60.00%, Test: 38.63%, Best Valid: 86.67%, Best Test: 83.48%
Epoch: 1200, Loss: 0.0001, Train: 41.70%, Valid: 53.33%, Test: 41.55%, Best Valid: 86.67%, Best Test: 83.48%
Epoch: 1300, Loss: 0.0001, Train: 39.37%, Valid: 56.67%, Test: 39.61%, Best Valid: 86.67%, Best Test: 83.48%
Epoch: 1400, Loss: 0.0417, Train: 44.64%, Valid: 63.33%, Test: 44.68%, Best Valid: 86.67%, Best Test: 83.48%
Epoch: 1500, Loss: 0.0010, Train: 46.70%, Valid: 53.33%, Test: 47.74%, Best Valid: 86.67%, Best Test: 83.48%
Run 08:
Highest Train: 83.84
Highest Valid: 86.67
Highest Test: 83.56
Chosen epoch: 78
Final Train: 83.71
Final Test: 83.48
Label budget: 2/class -> 30 train nodes
Matched-budget validation: 30 valid nodes
Pre-training MLP for 500 epochs to generate co-occurrence matrix...
MLP pre-training complete. Penalty matrix frozen.
Epoch: 00, Loss: 7.6562, Train: 4.65%, Valid: 6.67%, Test: 5.34%, Best Valid: 6.67%, Best Test: 5.34%
Switching Polynormer to global attention phase.
Epoch: 100, Loss: 7.0406, Train: 1.99%, Valid: 6.67%, Test: 2.07%, Best Valid: 93.33%, Best Test: 88.09%
Epoch: 200, Loss: 0.9494, Train: 55.08%, Valid: 60.00%, Test: 54.96%, Best Valid: 93.33%, Best Test: 88.09%
Epoch: 300, Loss: 0.2310, Train: 78.51%, Valid: 76.67%, Test: 79.50%, Best Valid: 93.33%, Best Test: 88.09%
Epoch: 400, Loss: 0.1055, Train: 64.90%, Valid: 56.67%, Test: 65.70%, Best Valid: 93.33%, Best Test: 88.09%
Epoch: 500, Loss: 0.0023, Train: 72.16%, Valid: 70.00%, Test: 72.98%, Best Valid: 93.33%, Best Test: 88.09%
Epoch: 600, Loss: 0.0074, Train: 76.64%, Valid: 76.67%, Test: 77.15%, Best Valid: 93.33%, Best Test: 88.09%
Epoch: 700, Loss: 0.3606, Train: 72.26%, Valid: 56.67%, Test: 72.36%, Best Valid: 93.33%, Best Test: 88.09%
Epoch: 800, Loss: 0.0001, Train: 73.60%, Valid: 63.33%, Test: 73.64%, Best Valid: 93.33%, Best Test: 88.09%
Epoch: 900, Loss: 0.0064, Train: 46.51%, Valid: 46.67%, Test: 47.36%, Best Valid: 93.33%, Best Test: 88.09%
Epoch: 1000, Loss: 0.0017, Train: 68.29%, Valid: 73.33%, Test: 67.97%, Best Valid: 93.33%, Best Test: 88.09%
Epoch: 1100, Loss: 0.0005, Train: 65.68%, Valid: 73.33%, Test: 66.85%, Best Valid: 93.33%, Best Test: 88.09%
Epoch: 1200, Loss: 0.0003, Train: 68.84%, Valid: 73.33%, Test: 69.60%, Best Valid: 93.33%, Best Test: 88.09%
Epoch: 1300, Loss: 0.0000, Train: 70.45%, Valid: 73.33%, Test: 71.24%, Best Valid: 93.33%, Best Test: 88.09%
Epoch: 1400, Loss: 0.0001, Train: 70.47%, Valid: 60.00%, Test: 71.29%, Best Valid: 93.33%, Best Test: 88.09%
Epoch: 1500, Loss: 0.0013, Train: 72.82%, Valid: 63.33%, Test: 73.72%, Best Valid: 93.33%, Best Test: 88.09%
Run 09:
Highest Train: 88.19
Highest Valid: 93.33
Highest Test: 89.26
Chosen epoch: 42
Final Train: 87.27
Final Test: 88.09
Label budget: 2/class -> 30 train nodes
Matched-budget validation: 30 valid nodes
Pre-training MLP for 500 epochs to generate co-occurrence matrix...
MLP pre-training complete. Penalty matrix frozen.
Epoch: 00, Loss: 7.2986, Train: 2.45%, Valid: 6.67%, Test: 2.18%, Best Valid: 6.67%, Best Test: 2.18%
Switching Polynormer to global attention phase.
Epoch: 100, Loss: 7.0409, Train: 7.68%, Valid: 6.67%, Test: 7.72%, Best Valid: 93.33%, Best Test: 72.74%
Epoch: 200, Loss: 0.6330, Train: 26.49%, Valid: 26.67%, Test: 26.80%, Best Valid: 93.33%, Best Test: 72.74%
Epoch: 300, Loss: 0.6290, Train: 42.39%, Valid: 50.00%, Test: 42.42%, Best Valid: 93.33%, Best Test: 72.74%
Epoch: 400, Loss: 0.1400, Train: 52.14%, Valid: 63.33%, Test: 52.34%, Best Valid: 93.33%, Best Test: 72.74%
Epoch: 500, Loss: 0.0034, Train: 47.25%, Valid: 53.33%, Test: 47.85%, Best Valid: 93.33%, Best Test: 72.74%
Epoch: 600, Loss: 0.0003, Train: 46.59%, Valid: 53.33%, Test: 46.32%, Best Valid: 93.33%, Best Test: 72.74%
Epoch: 700, Loss: 0.0005, Train: 46.88%, Valid: 50.00%, Test: 46.37%, Best Valid: 93.33%, Best Test: 72.74%
Epoch: 800, Loss: 0.0051, Train: 48.34%, Valid: 56.67%, Test: 48.58%, Best Valid: 93.33%, Best Test: 72.74%
Epoch: 900, Loss: 0.0004, Train: 50.95%, Valid: 53.33%, Test: 51.94%, Best Valid: 93.33%, Best Test: 72.74%
Epoch: 1000, Loss: 0.0098, Train: 61.16%, Valid: 66.67%, Test: 60.28%, Best Valid: 93.33%, Best Test: 72.74%
Epoch: 1100, Loss: 0.0734, Train: 48.02%, Valid: 50.00%, Test: 48.39%, Best Valid: 93.33%, Best Test: 72.74%
Epoch: 1200, Loss: 0.2246, Train: 66.72%, Valid: 50.00%, Test: 67.39%, Best Valid: 93.33%, Best Test: 72.74%
Epoch: 1300, Loss: 0.0037, Train: 72.21%, Valid: 56.67%, Test: 71.65%, Best Valid: 93.33%, Best Test: 72.74%
Epoch: 1400, Loss: 0.0001, Train: 74.50%, Valid: 66.67%, Test: 73.50%, Best Valid: 93.33%, Best Test: 72.74%
Epoch: 1500, Loss: 0.0001, Train: 75.29%, Valid: 70.00%, Test: 74.75%, Best Valid: 93.33%, Best Test: 72.74%
Run 10:
Highest Train: 81.77
Highest Valid: 93.33
Highest Test: 81.11
Chosen epoch: 71
Final Train: 72.69
Final Test: 72.74
All runs:
Highest Train: 81.69 ± 4.16
Highest Test: 81.85 ± 4.32
Highest Valid: 85.67 ± 5.22
  Final Train: 78.18 ± 5.44
   Final Test: 78.38 ± 5.39
Saving results to ../results/lowlabel_mv/coauthor-cs/polynormer.csv
Low-label sweep completed.
Task 37 done.
