Sun Aug 16 08:54:49 2026       
+-----------------------------------------------------------------------------------------+
| NVIDIA-SMI 580.159.04             Driver Version: 580.159.04     CUDA Version: 13.0     |
+-----------------------------------------+------------------------+----------------------+
| GPU  Name                 Persistence-M | Bus-Id          Disp.A | Volatile Uncorr. ECC |
| Fan  Temp   Perf          Pwr:Usage/Cap |           Memory-Usage | GPU-Util  Compute M. |
|                                         |                        |               MIG M. |
|=========================================+========================+======================|
|   0  NVIDIA A100-SXM4-80GB          On  |   00000000:01:00.0 Off |                   On |
| N/A   50C    P0            233W /  500W |   48578MiB /  81920MiB |     N/A      Default |
|                                         |                        |              Enabled |
+-----------------------------------------+------------------------+----------------------+
|   1  NVIDIA A100-SXM4-80GB          On  |   00000000:41:00.0 Off |                   On |
| N/A   55C    P0            323W /  500W |   47601MiB /  81920MiB |     N/A      Default |
|                                         |                        |              Enabled |
+-----------------------------------------+------------------------+----------------------+
|   2  NVIDIA A100-SXM4-80GB          On  |   00000000:81:00.0 Off |                   On |
| N/A   65C    P0            338W /  500W |   44149MiB /  81920MiB |     N/A      Default |
|                                         |                        |              Enabled |
+-----------------------------------------+------------------------+----------------------+
|   3  NVIDIA A100-SXM4-80GB          On  |   00000000:C1:00.0 Off |                   On |
| N/A   38C    P0            157W /  500W |    7810MiB /  81920MiB |     N/A      Default |
|                                         |                        |              Enabled |
+-----------------------------------------+------------------------+----------------------+

+-----------------------------------------------------------------------------------------+
| MIG devices:                                                                            |
+------------------+----------------------------------+-----------+-----------------------+
| GPU  GI  CI  MIG |              Shared Memory-Usage |        Vol|        Shared         |
|      ID  ID  Dev |                Shared BAR1-Usage | SM     Unc| CE ENC  DEC  OFA  JPG |
|                  |                                  |        ECC|                       |
|==================+==================================+===========+=======================|
|  0    5   0   0  |              71MiB / 19968MiB    | 28      0 |  2   0    1    0    0 |
|                  |               0MiB / 12271MiB    |           |                       |
+------------------+----------------------------------+-----------+-----------------------+

+-----------------------------------------------------------------------------------------+
| Processes:                                                                              |
|  GPU   GI   CI              PID   Type   Process name                        GPU Memory |
|        ID   ID                                                               Usage      |
|=========================================================================================|
|    1    1    0          2588500      C   python                                37098MiB |
|    1   13    0          2745334      C   ...ware/symmetrix-env/bin/python       2336MiB |
|    1   14    0          2749991      C   ...ware/symmetrix-env/bin/python       3690MiB |
|    1    5    0          2784574      C   python                                 4134MiB |
|    2    2    0          2588498      C   python                                37100MiB |
|    2    9    0          2747978      C   ...ware/symmetrix-env/bin/python       3428MiB |
|    2   10    0          2757205      C   ...ware/symmetrix-env/bin/python        508MiB |
|    2    3    0          2782673      C   python                                 2770MiB |
|    3   14    0          1429849      C   ...ware/symmetrix-env/bin/python        508MiB |
|    3   13    0          2765739      C   ...ware/symmetrix-env/bin/python        508MiB |
|    3    5    0          2765785      C   python                                 6522MiB |
+-----------------------------------------------------------------------------------------+
Matched-val cell: wikics / gcn / budget 5 per class / group 0
python main.py --gnn gcn --dataset wikics --hidden_channels 256 --epochs 1000 --lr 0.001 --runs 3 --local_layers 3 --weight_decay 0.0 --dropout 0.5 --device 0 --ln --runs 10 --train_per_class 5 --valid_per_class 5 --budget_tag 5
==========================================================
Low-label sweep: python main.py --gnn gcn --dataset wikics --hidden_channels 256 --epochs 1000 --lr 0.001 --runs 3 --local_layers 3 --weight_decay 0.0 --dropout 0.5 --device 0 --ln --runs 10 --train_per_class 5 --valid_per_class 5 --budget_tag 5
result_dir=results/lowlabel_mv conditions=[baseline]
==========================================================
--- baseline ---
Namespace(bn=False, budget_tag='5', count_reg=False, count_smoothing=1.0, cpu=False, data_dir='./data/', dataset='wikics', device=0, display_step=100, dropout=0.5, epochs=1000, gnn='gcn', hidden_channels=256, jk=False, label_num_per_class=20, lambda_val=0.5, ln=True, local_layers=3, lr=0.001, metric='acc', mlp_epochs=500, mlp_reg=False, model='MPNN', model_dir='models', num_heads=1, oracle_reg=False, paired_seeds=True, penalty_transform='none', pre_linear=False, pre_ln=False, rand_split=False, rand_split_class=False, reg_start_epoch=10, reg_update_freq=5, res=False, resample_split_per_run=False, result_dir='results/lowlabel_mv', runs=10, save_model=False, seed=42, test_num=1000, train_per_class=5, train_prop=0.5, use_reg=False, valid_num=500, valid_per_class=5, valid_prop=0.25, weight_decay=0.0)
wikics
dataset wikics | num nodes 11701 | num edge 431726 | num node feats 300 | num classes 10
MODEL: MPNNs(
  (h_lins): ModuleList()
  (local_convs): ModuleList(
    (0): GCNConv(300, 256)
    (1): GCNConv(256, 256)
    (2): GCNConv(256, 256)
  )
  (lins): ModuleList(
    (0): Linear(in_features=300, out_features=256, bias=True)
    (1): Linear(in_features=256, out_features=256, bias=True)
    (2): Linear(in_features=256, out_features=256, bias=True)
  )
  (lns): ModuleList(
    (0): LayerNorm((256,), eps=1e-05, elementwise_affine=True)
    (1): LayerNorm((256,), eps=1e-05, elementwise_affine=True)
    (2): LayerNorm((256,), eps=1e-05, elementwise_affine=True)
  )
  (bns): ModuleList(
    (0): BatchNorm1d(256, eps=1e-05, momentum=0.1, affine=True, track_running_stats=True)
    (1): BatchNorm1d(256, eps=1e-05, momentum=0.1, affine=True, track_running_stats=True)
    (2): BatchNorm1d(256, eps=1e-05, momentum=0.1, affine=True, track_running_stats=True)
  )
  (lin_in): Linear(in_features=300, out_features=256, bias=True)
  (pred_local): Linear(in_features=256, out_features=10, bias=True)
)
Label budget: 5/class -> 50 train nodes
Matched-budget validation: 50 valid nodes
Epoch: 00, Loss: 2.4793, Train: 11.90%, Valid: 20.00%, Test: 13.82%, Best Valid: 20.00%, Best Test: 13.82%
Epoch: 100, Loss: 0.0290, Train: 72.59%, Valid: 76.00%, Test: 70.87%, Best Valid: 82.00%, Best Test: 62.10%
Epoch: 200, Loss: 0.0070, Train: 72.59%, Valid: 68.00%, Test: 70.75%, Best Valid: 82.00%, Best Test: 62.10%
Epoch: 300, Loss: 0.0041, Train: 72.59%, Valid: 76.00%, Test: 70.51%, Best Valid: 82.00%, Best Test: 62.10%
Epoch: 400, Loss: 0.0037, Train: 72.07%, Valid: 72.00%, Test: 70.81%, Best Valid: 82.00%, Best Test: 62.10%
Epoch: 500, Loss: 0.0020, Train: 72.24%, Valid: 74.00%, Test: 70.57%, Best Valid: 82.00%, Best Test: 62.10%
Epoch: 600, Loss: 0.0007, Train: 72.93%, Valid: 72.00%, Test: 70.93%, Best Valid: 82.00%, Best Test: 62.10%
Epoch: 700, Loss: 0.0009, Train: 72.24%, Valid: 70.00%, Test: 70.72%, Best Valid: 82.00%, Best Test: 62.10%
Epoch: 800, Loss: 0.0008, Train: 73.10%, Valid: 74.00%, Test: 71.30%, Best Valid: 82.00%, Best Test: 62.10%
Epoch: 900, Loss: 0.0009, Train: 72.59%, Valid: 72.00%, Test: 70.77%, Best Valid: 82.00%, Best Test: 62.10%
Run 01:
Highest Train: 73.62
Highest Valid: 82.00
Highest Test: 71.58
Chosen epoch: 25
Final Train: 63.79
Final Test: 62.10
Label budget: 5/class -> 50 train nodes
Matched-budget validation: 50 valid nodes
Epoch: 00, Loss: 2.4262, Train: 15.00%, Valid: 18.00%, Test: 15.29%, Best Valid: 18.00%, Best Test: 15.29%
Epoch: 100, Loss: 0.0323, Train: 66.21%, Valid: 58.00%, Test: 64.20%, Best Valid: 68.00%, Best Test: 59.26%
Epoch: 200, Loss: 0.0108, Train: 63.97%, Valid: 60.00%, Test: 62.51%, Best Valid: 68.00%, Best Test: 59.26%
Epoch: 300, Loss: 0.0023, Train: 63.79%, Valid: 56.00%, Test: 62.41%, Best Valid: 68.00%, Best Test: 59.26%
Epoch: 400, Loss: 0.0023, Train: 63.62%, Valid: 58.00%, Test: 62.34%, Best Valid: 68.00%, Best Test: 59.26%
Epoch: 500, Loss: 0.0022, Train: 63.62%, Valid: 60.00%, Test: 62.87%, Best Valid: 68.00%, Best Test: 59.26%
Epoch: 600, Loss: 0.0008, Train: 63.45%, Valid: 58.00%, Test: 62.22%, Best Valid: 68.00%, Best Test: 59.26%
Epoch: 700, Loss: 0.0009, Train: 66.38%, Valid: 64.00%, Test: 65.09%, Best Valid: 68.00%, Best Test: 59.26%
Epoch: 800, Loss: 0.0008, Train: 66.03%, Valid: 62.00%, Test: 64.51%, Best Valid: 68.00%, Best Test: 59.26%
Epoch: 900, Loss: 0.0008, Train: 65.52%, Valid: 62.00%, Test: 64.48%, Best Valid: 68.00%, Best Test: 59.26%
Run 02:
Highest Train: 68.10
Highest Valid: 68.00
Highest Test: 66.80
Chosen epoch: 28
Final Train: 61.90
Final Test: 59.26
Label budget: 5/class -> 50 train nodes
Matched-budget validation: 50 valid nodes
Epoch: 00, Loss: 2.5572, Train: 2.76%, Valid: 6.00%, Test: 2.63%, Best Valid: 6.00%, Best Test: 2.63%
Epoch: 100, Loss: 0.0510, Train: 63.79%, Valid: 58.00%, Test: 59.50%, Best Valid: 70.00%, Best Test: 63.06%
Epoch: 200, Loss: 0.0082, Train: 63.79%, Valid: 62.00%, Test: 59.77%, Best Valid: 70.00%, Best Test: 63.06%
Epoch: 300, Loss: 0.0031, Train: 61.55%, Valid: 56.00%, Test: 58.01%, Best Valid: 70.00%, Best Test: 63.06%
Epoch: 400, Loss: 0.0019, Train: 62.41%, Valid: 58.00%, Test: 58.71%, Best Valid: 70.00%, Best Test: 63.06%
Epoch: 500, Loss: 0.0012, Train: 63.28%, Valid: 60.00%, Test: 59.62%, Best Valid: 70.00%, Best Test: 63.06%
Epoch: 600, Loss: 0.0010, Train: 63.97%, Valid: 60.00%, Test: 59.65%, Best Valid: 70.00%, Best Test: 63.06%
Epoch: 700, Loss: 0.0006, Train: 63.28%, Valid: 58.00%, Test: 59.42%, Best Valid: 70.00%, Best Test: 63.06%
Epoch: 800, Loss: 0.0011, Train: 62.93%, Valid: 60.00%, Test: 59.48%, Best Valid: 70.00%, Best Test: 63.06%
Epoch: 900, Loss: 0.0004, Train: 59.31%, Valid: 58.00%, Test: 56.78%, Best Valid: 70.00%, Best Test: 63.06%
Run 03:
Highest Train: 69.66
Highest Valid: 70.00
Highest Test: 66.58
Chosen epoch: 32
Final Train: 68.10
Final Test: 63.06
Label budget: 5/class -> 50 train nodes
Matched-budget validation: 50 valid nodes
Epoch: 00, Loss: 2.4212, Train: 12.59%, Valid: 10.00%, Test: 13.61%, Best Valid: 10.00%, Best Test: 13.61%
Epoch: 100, Loss: 0.0256, Train: 65.34%, Valid: 70.00%, Test: 62.44%, Best Valid: 72.00%, Best Test: 61.91%
Epoch: 200, Loss: 0.0073, Train: 65.69%, Valid: 68.00%, Test: 63.16%, Best Valid: 72.00%, Best Test: 61.91%
Epoch: 300, Loss: 0.0022, Train: 64.48%, Valid: 68.00%, Test: 61.98%, Best Valid: 72.00%, Best Test: 61.91%
Epoch: 400, Loss: 0.0026, Train: 64.66%, Valid: 68.00%, Test: 61.52%, Best Valid: 72.00%, Best Test: 61.91%
Epoch: 500, Loss: 0.0013, Train: 65.69%, Valid: 68.00%, Test: 62.41%, Best Valid: 72.00%, Best Test: 61.91%
Epoch: 600, Loss: 0.0006, Train: 64.48%, Valid: 68.00%, Test: 61.38%, Best Valid: 72.00%, Best Test: 61.91%
Epoch: 700, Loss: 0.0005, Train: 64.31%, Valid: 70.00%, Test: 61.30%, Best Valid: 72.00%, Best Test: 61.91%
Epoch: 800, Loss: 0.0005, Train: 65.34%, Valid: 70.00%, Test: 61.35%, Best Valid: 72.00%, Best Test: 61.91%
Epoch: 900, Loss: 0.0003, Train: 64.48%, Valid: 70.00%, Test: 60.78%, Best Valid: 72.00%, Best Test: 61.91%
Run 04:
Highest Train: 69.48
Highest Valid: 72.00
Highest Test: 67.45
Chosen epoch: 75
Final Train: 64.66
Final Test: 61.91
Label budget: 5/class -> 50 train nodes
Matched-budget validation: 50 valid nodes
Epoch: 00, Loss: 2.5161, Train: 15.86%, Valid: 18.00%, Test: 15.92%, Best Valid: 18.00%, Best Test: 15.92%
Epoch: 100, Loss: 0.0273, Train: 68.45%, Valid: 62.00%, Test: 65.35%, Best Valid: 66.00%, Best Test: 61.18%
Epoch: 200, Loss: 0.0070, Train: 67.07%, Valid: 62.00%, Test: 65.01%, Best Valid: 66.00%, Best Test: 61.18%
Epoch: 300, Loss: 0.0037, Train: 67.07%, Valid: 62.00%, Test: 64.73%, Best Valid: 66.00%, Best Test: 61.18%
Epoch: 400, Loss: 0.0028, Train: 66.90%, Valid: 62.00%, Test: 65.08%, Best Valid: 66.00%, Best Test: 61.18%
Epoch: 500, Loss: 0.0012, Train: 66.38%, Valid: 64.00%, Test: 63.78%, Best Valid: 66.00%, Best Test: 61.18%
Epoch: 600, Loss: 0.0009, Train: 66.90%, Valid: 62.00%, Test: 64.32%, Best Valid: 66.00%, Best Test: 61.18%
Epoch: 700, Loss: 0.0014, Train: 67.59%, Valid: 64.00%, Test: 64.67%, Best Valid: 66.00%, Best Test: 61.18%
Epoch: 800, Loss: 0.0009, Train: 67.07%, Valid: 62.00%, Test: 64.99%, Best Valid: 66.00%, Best Test: 61.18%
Epoch: 900, Loss: 0.0007, Train: 67.24%, Valid: 62.00%, Test: 64.37%, Best Valid: 66.00%, Best Test: 61.18%
Run 05:
Highest Train: 69.31
Highest Valid: 66.00
Highest Test: 67.13
Chosen epoch: 17
Final Train: 59.48
Final Test: 61.18
Label budget: 5/class -> 50 train nodes
Matched-budget validation: 50 valid nodes
Epoch: 00, Loss: 2.3771, Train: 13.28%, Valid: 22.00%, Test: 14.35%, Best Valid: 22.00%, Best Test: 14.35%
Epoch: 100, Loss: 0.0580, Train: 69.83%, Valid: 74.00%, Test: 67.40%, Best Valid: 78.00%, Best Test: 67.38%
Epoch: 200, Loss: 0.0093, Train: 70.52%, Valid: 70.00%, Test: 68.58%, Best Valid: 78.00%, Best Test: 67.38%
Epoch: 300, Loss: 0.0031, Train: 70.86%, Valid: 74.00%, Test: 68.26%, Best Valid: 78.00%, Best Test: 67.38%
Epoch: 400, Loss: 0.0024, Train: 70.34%, Valid: 72.00%, Test: 67.98%, Best Valid: 78.00%, Best Test: 67.38%
Epoch: 500, Loss: 0.0014, Train: 70.17%, Valid: 74.00%, Test: 67.09%, Best Valid: 78.00%, Best Test: 67.38%
Epoch: 600, Loss: 0.0014, Train: 70.52%, Valid: 70.00%, Test: 67.92%, Best Valid: 78.00%, Best Test: 67.38%
Epoch: 700, Loss: 0.0008, Train: 70.00%, Valid: 72.00%, Test: 67.80%, Best Valid: 78.00%, Best Test: 67.38%
Epoch: 800, Loss: 0.0015, Train: 69.83%, Valid: 72.00%, Test: 67.38%, Best Valid: 78.00%, Best Test: 67.38%
Epoch: 900, Loss: 0.0005, Train: 70.17%, Valid: 70.00%, Test: 67.68%, Best Valid: 78.00%, Best Test: 67.38%
Run 06:
Highest Train: 72.07
Highest Valid: 78.00
Highest Test: 69.59
Chosen epoch: 98
Final Train: 70.17
Final Test: 67.38
Label budget: 5/class -> 50 train nodes
Matched-budget validation: 50 valid nodes
Epoch: 00, Loss: 2.5047, Train: 13.10%, Valid: 26.00%, Test: 12.26%, Best Valid: 26.00%, Best Test: 12.26%
Epoch: 100, Loss: 0.0679, Train: 68.79%, Valid: 60.00%, Test: 65.42%, Best Valid: 66.00%, Best Test: 66.56%
Epoch: 200, Loss: 0.0149, Train: 68.62%, Valid: 58.00%, Test: 64.44%, Best Valid: 66.00%, Best Test: 66.56%
Epoch: 300, Loss: 0.0021, Train: 69.83%, Valid: 60.00%, Test: 65.30%, Best Valid: 66.00%, Best Test: 66.56%
Epoch: 400, Loss: 0.0020, Train: 70.00%, Valid: 60.00%, Test: 65.28%, Best Valid: 66.00%, Best Test: 66.56%
Epoch: 500, Loss: 0.0014, Train: 70.17%, Valid: 58.00%, Test: 65.42%, Best Valid: 66.00%, Best Test: 66.56%
Epoch: 600, Loss: 0.0008, Train: 69.83%, Valid: 58.00%, Test: 65.57%, Best Valid: 66.00%, Best Test: 66.56%
Epoch: 700, Loss: 0.0008, Train: 70.34%, Valid: 58.00%, Test: 64.96%, Best Valid: 66.00%, Best Test: 66.56%
Epoch: 800, Loss: 0.0006, Train: 70.17%, Valid: 58.00%, Test: 65.09%, Best Valid: 66.00%, Best Test: 66.56%
Epoch: 900, Loss: 0.0003, Train: 70.17%, Valid: 58.00%, Test: 65.11%, Best Valid: 66.00%, Best Test: 66.56%
Run 07:
Highest Train: 73.62
Highest Valid: 66.00
Highest Test: 68.62
Chosen epoch: 28
Final Train: 70.86
Final Test: 66.56
Label budget: 5/class -> 50 train nodes
Matched-budget validation: 50 valid nodes
Epoch: 00, Loss: 2.4200, Train: 12.76%, Valid: 16.00%, Test: 13.84%, Best Valid: 16.00%, Best Test: 13.84%
Epoch: 100, Loss: 0.0552, Train: 56.55%, Valid: 64.00%, Test: 51.50%, Best Valid: 70.00%, Best Test: 57.19%
Epoch: 200, Loss: 0.0127, Train: 55.17%, Valid: 62.00%, Test: 51.68%, Best Valid: 70.00%, Best Test: 57.19%
Epoch: 300, Loss: 0.0033, Train: 55.69%, Valid: 64.00%, Test: 52.06%, Best Valid: 70.00%, Best Test: 57.19%
Epoch: 400, Loss: 0.0024, Train: 55.00%, Valid: 66.00%, Test: 52.33%, Best Valid: 70.00%, Best Test: 57.19%
Epoch: 500, Loss: 0.0008, Train: 55.00%, Valid: 64.00%, Test: 51.80%, Best Valid: 70.00%, Best Test: 57.19%
Epoch: 600, Loss: 0.0009, Train: 55.00%, Valid: 68.00%, Test: 52.25%, Best Valid: 70.00%, Best Test: 57.19%
Epoch: 700, Loss: 0.0052, Train: 52.93%, Valid: 60.00%, Test: 48.06%, Best Valid: 70.00%, Best Test: 57.19%
Epoch: 800, Loss: 0.0006, Train: 57.24%, Valid: 68.00%, Test: 52.54%, Best Valid: 72.00%, Best Test: 50.32%
Epoch: 900, Loss: 0.0004, Train: 56.03%, Valid: 70.00%, Test: 52.11%, Best Valid: 72.00%, Best Test: 50.32%
Run 08:
Highest Train: 60.17
Highest Valid: 72.00
Highest Test: 57.19
Chosen epoch: 752
Final Train: 53.10
Final Test: 50.32
Label budget: 5/class -> 50 train nodes
Matched-budget validation: 50 valid nodes
Epoch: 00, Loss: 2.4331, Train: 9.14%, Valid: 12.00%, Test: 7.47%, Best Valid: 12.00%, Best Test: 7.47%
Epoch: 100, Loss: 0.0279, Train: 67.41%, Valid: 78.00%, Test: 61.59%, Best Valid: 84.00%, Best Test: 62.82%
Epoch: 200, Loss: 0.0071, Train: 67.41%, Valid: 78.00%, Test: 61.69%, Best Valid: 84.00%, Best Test: 62.82%
Epoch: 300, Loss: 0.0042, Train: 66.90%, Valid: 76.00%, Test: 61.33%, Best Valid: 84.00%, Best Test: 62.82%
Epoch: 400, Loss: 0.0030, Train: 66.72%, Valid: 78.00%, Test: 61.59%, Best Valid: 84.00%, Best Test: 62.82%
Epoch: 500, Loss: 0.0010, Train: 67.07%, Valid: 78.00%, Test: 61.48%, Best Valid: 84.00%, Best Test: 62.82%
Epoch: 600, Loss: 0.0017, Train: 66.90%, Valid: 76.00%, Test: 61.48%, Best Valid: 84.00%, Best Test: 62.82%
Epoch: 700, Loss: 0.0015, Train: 67.24%, Valid: 76.00%, Test: 61.71%, Best Valid: 84.00%, Best Test: 62.82%
Epoch: 800, Loss: 0.0007, Train: 66.72%, Valid: 74.00%, Test: 61.02%, Best Valid: 84.00%, Best Test: 62.82%
Epoch: 900, Loss: 0.0002, Train: 66.72%, Valid: 74.00%, Test: 61.43%, Best Valid: 84.00%, Best Test: 62.82%
Run 09:
Highest Train: 72.76
Highest Valid: 84.00
Highest Test: 66.41
Chosen epoch: 36
Final Train: 69.66
Final Test: 62.82
Label budget: 5/class -> 50 train nodes
Matched-budget validation: 50 valid nodes
Epoch: 00, Loss: 2.4157, Train: 15.52%, Valid: 18.00%, Test: 16.37%, Best Valid: 18.00%, Best Test: 16.37%
Epoch: 100, Loss: 0.0403, Train: 63.10%, Valid: 66.00%, Test: 58.61%, Best Valid: 72.00%, Best Test: 55.62%
Epoch: 200, Loss: 0.0129, Train: 62.93%, Valid: 64.00%, Test: 58.32%, Best Valid: 72.00%, Best Test: 55.62%
Epoch: 300, Loss: 0.0039, Train: 63.45%, Valid: 64.00%, Test: 58.95%, Best Valid: 72.00%, Best Test: 55.62%
Epoch: 400, Loss: 0.0035, Train: 62.76%, Valid: 62.00%, Test: 58.85%, Best Valid: 72.00%, Best Test: 55.62%
Epoch: 500, Loss: 0.0013, Train: 63.97%, Valid: 62.00%, Test: 59.76%, Best Valid: 72.00%, Best Test: 55.62%
Epoch: 600, Loss: 0.0267, Train: 58.28%, Valid: 64.00%, Test: 54.30%, Best Valid: 72.00%, Best Test: 55.62%
Epoch: 700, Loss: 0.0016, Train: 65.86%, Valid: 66.00%, Test: 61.83%, Best Valid: 72.00%, Best Test: 55.62%
Epoch: 800, Loss: 0.0012, Train: 65.00%, Valid: 64.00%, Test: 61.13%, Best Valid: 72.00%, Best Test: 55.62%
Epoch: 900, Loss: 0.0006, Train: 64.48%, Valid: 68.00%, Test: 60.68%, Best Valid: 72.00%, Best Test: 55.62%
Run 10:
Highest Train: 67.76
Highest Valid: 72.00
Highest Test: 62.72
Chosen epoch: 24
Final Train: 60.34
Final Test: 55.62
All runs:
Highest Train: 69.66 ± 3.99
Highest Test: 66.41 ± 3.97
Highest Valid: 73.00 ± 6.34
  Final Train: 64.21 ± 5.69
   Final Test: 61.02 ± 5.03
Saving results to results/lowlabel_mv/wikics/MPNN_gcn.csv
Low-label sweep completed.
Task 42 done.
