Thu Aug  6 12:02:01 2026       
+-----------------------------------------------------------------------------------------+
| NVIDIA-SMI 580.159.04             Driver Version: 580.159.04     CUDA Version: 13.0     |
+-----------------------------------------+------------------------+----------------------+
| GPU  Name                 Persistence-M | Bus-Id          Disp.A | Volatile Uncorr. ECC |
| Fan  Temp   Perf          Pwr:Usage/Cap |           Memory-Usage | GPU-Util  Compute M. |
|                                         |                        |               MIG M. |
|=========================================+========================+======================|
|   0  NVIDIA A100-SXM4-80GB          On  |   00000000:01:00.0 Off |                   On |
| N/A   39C    P0            139W /  500W |   11527MiB /  81920MiB |     N/A      Default |
|                                         |                        |              Enabled |
+-----------------------------------------+------------------------+----------------------+
|   1  NVIDIA A100-SXM4-80GB          On  |   00000000:41:00.0 Off |                   On |
| N/A   28C    P0             71W /  500W |     249MiB /  81920MiB |     N/A      Default |
|                                         |                        |              Enabled |
+-----------------------------------------+------------------------+----------------------+
|   2  NVIDIA A100-SXM4-80GB          On  |   00000000:81:00.0 Off |                   On |
| N/A   37C    P0            138W /  500W |   11523MiB /  81920MiB |     N/A      Default |
|                                         |                        |              Enabled |
+-----------------------------------------+------------------------+----------------------+
|   3  NVIDIA A100-SXM4-80GB          On  |   00000000:C1:00.0 Off |                   On |
| N/A   34C    P0            142W /  500W |   11493MiB /  81920MiB |     N/A      Default |
|                                         |                        |              Enabled |
+-----------------------------------------+------------------------+----------------------+

+-----------------------------------------------------------------------------------------+
| MIG devices:                                                                            |
+------------------+----------------------------------+-----------+-----------------------+
| GPU  GI  CI  MIG |              Shared Memory-Usage |        Vol|        Shared         |
|      ID  ID  Dev |                Shared BAR1-Usage | SM     Unc| CE ENC  DEC  OFA  JPG |
|                  |                                  |        ECC|                       |
|==================+==================================+===========+=======================|
|  1    5   0   0  |              71MiB / 19968MiB    | 28      0 |  2   0    1    0    0 |
|                  |               0MiB / 12271MiB    |           |                       |
+------------------+----------------------------------+-----------+-----------------------+

+-----------------------------------------------------------------------------------------+
| Processes:                                                                              |
|  GPU   GI   CI              PID   Type   Process name                        GPU Memory |
|        ID   ID                                                               Usage      |
|=========================================================================================|
|    0    5    0           548939      C   python                                11270MiB |
|    2    3    0           548236      C   python                                11266MiB |
|    3    5    0           555290      C   python                                11236MiB |
+-----------------------------------------------------------------------------------------+
Cell: amazon-computer / polynormer / budget 50 per class / group 0
python main.py --model polynormer --dataset amazon-computer --hidden_channels 64 --local_epochs 200 --global_epochs 1000 --lr 0.001 --runs 10 --local_layers 5 --global_layers 1 --weight_decay 5e-5 --dropout 0.7 --in_dropout 0.2 --num_heads 8 --save_model --device 0 --model_dir models/lowlabel_1161133_195 --train_per_class 50 --budget_tag 50
==========================================================
Low-label sweep: python main.py --model polynormer --dataset amazon-computer --hidden_channels 64 --local_epochs 200 --global_epochs 1000 --lr 0.001 --runs 10 --local_layers 5 --global_layers 1 --weight_decay 5e-5 --dropout 0.7 --in_dropout 0.2 --num_heads 8 --save_model --device 0 --model_dir models/lowlabel_1161133_195 --train_per_class 50 --budget_tag 50
result_dir=../results/lowlabel conditions=[baseline]
==========================================================
--- baseline ---
Namespace(aggregate='add', alpha=0.5, attention='gcn', beta=-1.0, bn=False, budget_tag='50', count_reg=False, count_smoothing=1.0, cpu=False, data_dir='../data/', dataset='amazon-computer', device=0, dim_inner=64, display_step=100, dropout=0.7, epochs=500, global_dropout=None, global_epochs=1000, global_layers=1, gnn='gcn', graph_weight=0.8, hidden_channels=64, hops=10, in_dropout=0.2, jk=False, label_num_per_class=20, lambda_val=0.5, layers=1, ln=False, local_epochs=200, local_gnn_type='GCN', local_layers=5, lr=0.001, metric='acc', mlp_epochs=500, mlp_reg=False, model='polynormer', model_dir='models/lowlabel_1161133_195', n_heads=8, num_centroids=4096, num_heads=8, oracle_reg=False, paired_seeds=True, pe_types='RWSE', penalty_transform='none', pre_linear=False, pre_ln=False, rand_split=False, rand_split_class=False, reg_start_epoch=10, reg_update_freq=5, res=False, resample_split_per_run=False, result_dir='../results/lowlabel', runs=10, save_model=True, save_result=False, seed=42, test_num=1000, tr_dropout=None, tr_layers=1, tr_weight_decay=None, train_per_class=50, train_prop=0.5, use_act=False, use_bn=False, use_graph=False, use_reg=False, use_residual=False, use_weight=False, valid_num=500, valid_per_class=0, valid_prop=0.25, weight_decay=5e-05)
amazon-computer
dataset amazon-computer | num nodes 13752 | num edge 491722 | num node feats 767 | num classes 10
MODEL: Polynormer(
  (h_lins): ModuleList(
    (0): Linear(in_features=512, out_features=512, bias=True)
    (1): Linear(in_features=512, out_features=512, bias=True)
    (2): Linear(in_features=512, out_features=512, bias=True)
    (3): Linear(in_features=512, out_features=512, bias=True)
    (4): Linear(in_features=512, out_features=512, bias=True)
  )
  (local_convs): ModuleList(
    (0): GATConv(512, 64, heads=8)
    (1): GATConv(512, 64, heads=8)
    (2): GATConv(512, 64, heads=8)
    (3): GATConv(512, 64, heads=8)
    (4): GATConv(512, 64, heads=8)
  )
  (lins): ModuleList(
    (0): Linear(in_features=512, out_features=512, bias=True)
    (1): Linear(in_features=512, out_features=512, bias=True)
    (2): Linear(in_features=512, out_features=512, bias=True)
    (3): Linear(in_features=512, out_features=512, bias=True)
    (4): Linear(in_features=512, out_features=512, bias=True)
  )
  (lns): ModuleList(
    (0): LayerNorm((512,), eps=1e-05, elementwise_affine=True)
    (1): LayerNorm((512,), eps=1e-05, elementwise_affine=True)
    (2): LayerNorm((512,), eps=1e-05, elementwise_affine=True)
    (3): LayerNorm((512,), eps=1e-05, elementwise_affine=True)
    (4): LayerNorm((512,), eps=1e-05, elementwise_affine=True)
  )
  (lin_in): Linear(in_features=767, out_features=512, bias=True)
  (ln): LayerNorm((512,), eps=1e-05, elementwise_affine=True)
  (global_attn): GlobalAttn(
    (h_lins): ModuleList(
      (0): Linear(in_features=512, out_features=512, bias=True)
    )
    (k_lins): ModuleList(
      (0): Linear(in_features=512, out_features=512, bias=True)
    )
    (v_lins): ModuleList(
      (0): Linear(in_features=512, out_features=512, bias=True)
    )
    (lns): ModuleList(
      (0): LayerNorm((512,), eps=1e-05, elementwise_affine=True)
    )
    (lin_out): Linear(in_features=512, out_features=512, bias=True)
  )
  (pred_local): Linear(in_features=512, out_features=10, bias=True)
  (pred_global): Linear(in_features=512, out_features=10, bias=True)
)
Label budget: 50/class -> 500 train nodes
Epoch: 00, Loss: 2.5753, Train: 3.36%, Valid: 4.00%, Test: 3.64%, Best Valid: 4.00%, Best Test: 3.64%
Epoch: 100, Loss: 2.2596, Train: 5.49%, Valid: 6.04%, Test: 5.71%, Best Valid: 36.18%, Best Test: 38.53%
Switching Polynormer to global attention phase.
Epoch: 200, Loss: 2.4085, Train: 69.87%, Valid: 69.89%, Test: 72.05%, Best Valid: 77.31%, Best Test: 79.32%
Epoch: 300, Loss: 0.2128, Train: 85.15%, Valid: 85.49%, Test: 86.73%, Best Valid: 86.11%, Best Test: 87.90%
Epoch: 400, Loss: 0.0792, Train: 85.99%, Valid: 85.49%, Test: 87.68%, Best Valid: 86.73%, Best Test: 88.37%
Epoch: 500, Loss: 0.0401, Train: 83.84%, Valid: 83.56%, Test: 85.24%, Best Valid: 86.73%, Best Test: 88.37%
Epoch: 600, Loss: 0.0415, Train: 85.84%, Valid: 85.64%, Test: 87.79%, Best Valid: 86.73%, Best Test: 88.37%
Epoch: 700, Loss: 0.0293, Train: 85.82%, Valid: 85.31%, Test: 87.75%, Best Valid: 86.91%, Best Test: 88.30%
Epoch: 800, Loss: 0.0240, Train: 85.89%, Valid: 85.53%, Test: 87.75%, Best Valid: 86.91%, Best Test: 88.30%
Epoch: 900, Loss: 0.0341, Train: 83.94%, Valid: 84.11%, Test: 85.53%, Best Valid: 86.91%, Best Test: 88.30%
Epoch: 1000, Loss: 0.0091, Train: 83.58%, Valid: 84.04%, Test: 85.17%, Best Valid: 86.91%, Best Test: 88.30%
Epoch: 1100, Loss: 0.0245, Train: 83.77%, Valid: 83.09%, Test: 85.46%, Best Valid: 86.91%, Best Test: 88.30%
Run 01:
Highest Train: 86.79
Highest Valid: 87.13
Highest Test: 88.70
Chosen epoch: 1191
Final Train: 85.97
Final Test: 87.86
Label budget: 50/class -> 500 train nodes
Epoch: 00, Loss: 2.5258, Train: 1.96%, Valid: 2.55%, Test: 2.14%, Best Valid: 2.55%, Best Test: 2.14%
Epoch: 100, Loss: 2.2770, Train: 2.84%, Valid: 3.05%, Test: 3.09%, Best Valid: 14.00%, Best Test: 14.14%
Switching Polynormer to global attention phase.
Epoch: 200, Loss: 2.3026, Train: 15.50%, Valid: 16.00%, Test: 15.38%, Best Valid: 79.27%, Best Test: 80.63%
Epoch: 300, Loss: 0.2153, Train: 82.58%, Valid: 83.20%, Test: 84.59%, Best Valid: 85.78%, Best Test: 87.02%
Epoch: 400, Loss: 0.1056, Train: 85.41%, Valid: 85.38%, Test: 86.88%, Best Valid: 86.84%, Best Test: 88.22%
Epoch: 500, Loss: 0.1071, Train: 84.22%, Valid: 83.60%, Test: 85.24%, Best Valid: 87.27%, Best Test: 88.48%
Epoch: 600, Loss: 0.0500, Train: 85.44%, Valid: 84.07%, Test: 86.59%, Best Valid: 87.27%, Best Test: 88.48%
Epoch: 700, Loss: 0.0141, Train: 84.90%, Valid: 83.93%, Test: 85.93%, Best Valid: 87.27%, Best Test: 88.48%
Epoch: 800, Loss: 0.0627, Train: 83.38%, Valid: 82.25%, Test: 84.84%, Best Valid: 87.27%, Best Test: 88.48%
Epoch: 900, Loss: 0.0097, Train: 85.14%, Valid: 84.51%, Test: 87.13%, Best Valid: 87.27%, Best Test: 88.48%
Epoch: 1000, Loss: 0.0203, Train: 84.21%, Valid: 83.67%, Test: 85.31%, Best Valid: 87.27%, Best Test: 88.48%
Epoch: 1100, Loss: 0.0076, Train: 85.27%, Valid: 84.51%, Test: 87.68%, Best Valid: 87.27%, Best Test: 88.48%
Run 02:
Highest Train: 87.47
Highest Valid: 87.27
Highest Test: 88.88
Chosen epoch: 447
Final Train: 87.38
Final Test: 88.48
Label budget: 50/class -> 500 train nodes
Epoch: 00, Loss: 2.5364, Train: 10.62%, Valid: 9.53%, Test: 10.03%, Best Valid: 9.53%, Best Test: 10.03%
Epoch: 100, Loss: 2.2627, Train: 5.45%, Valid: 6.11%, Test: 6.00%, Best Valid: 36.07%, Best Test: 38.46%
Switching Polynormer to global attention phase.
Epoch: 200, Loss: 2.3026, Train: 6.04%, Valid: 6.25%, Test: 5.38%, Best Valid: 78.44%, Best Test: 79.28%
Epoch: 300, Loss: 0.2239, Train: 83.18%, Valid: 83.71%, Test: 84.55%, Best Valid: 84.47%, Best Test: 85.71%
Epoch: 400, Loss: 0.1372, Train: 84.70%, Valid: 84.47%, Test: 86.15%, Best Valid: 85.71%, Best Test: 87.93%
Epoch: 500, Loss: 0.0721, Train: 83.95%, Valid: 83.02%, Test: 85.53%, Best Valid: 85.71%, Best Test: 87.93%
Epoch: 600, Loss: 0.0351, Train: 83.94%, Valid: 83.02%, Test: 85.35%, Best Valid: 85.71%, Best Test: 87.93%
Epoch: 700, Loss: 0.0239, Train: 85.23%, Valid: 84.11%, Test: 87.06%, Best Valid: 85.71%, Best Test: 87.93%
Epoch: 800, Loss: 0.0535, Train: 83.42%, Valid: 82.80%, Test: 85.31%, Best Valid: 85.71%, Best Test: 87.93%
Epoch: 900, Loss: 0.0157, Train: 83.76%, Valid: 81.93%, Test: 85.68%, Best Valid: 85.71%, Best Test: 87.93%
Epoch: 1000, Loss: 0.0317, Train: 84.11%, Valid: 82.44%, Test: 86.33%, Best Valid: 85.71%, Best Test: 87.93%
Epoch: 1100, Loss: 0.0175, Train: 84.66%, Valid: 83.09%, Test: 86.19%, Best Valid: 85.71%, Best Test: 87.93%
Run 03:
Highest Train: 86.96
Highest Valid: 85.71
Highest Test: 88.40
Chosen epoch: 379
Final Train: 86.33
Final Test: 87.93
Label budget: 50/class -> 500 train nodes
Epoch: 00, Loss: 2.5913, Train: 15.79%, Valid: 16.33%, Test: 14.69%, Best Valid: 16.33%, Best Test: 14.69%
Epoch: 100, Loss: 2.2817, Train: 7.41%, Valid: 8.04%, Test: 7.78%, Best Valid: 35.96%, Best Test: 38.31%
Switching Polynormer to global attention phase.
Epoch: 200, Loss: 2.3026, Train: 15.79%, Valid: 16.33%, Test: 14.69%, Best Valid: 79.31%, Best Test: 80.99%
Epoch: 300, Loss: 0.1836, Train: 82.45%, Valid: 82.15%, Test: 84.01%, Best Valid: 84.22%, Best Test: 85.53%
Epoch: 400, Loss: 0.0777, Train: 84.56%, Valid: 84.25%, Test: 85.28%, Best Valid: 85.24%, Best Test: 86.73%
Epoch: 500, Loss: 0.0307, Train: 85.89%, Valid: 84.73%, Test: 86.59%, Best Valid: 85.24%, Best Test: 86.73%
Epoch: 600, Loss: 0.0286, Train: 84.97%, Valid: 85.02%, Test: 85.21%, Best Valid: 85.53%, Best Test: 86.40%
Epoch: 700, Loss: 0.0203, Train: 85.77%, Valid: 85.05%, Test: 86.55%, Best Valid: 85.53%, Best Test: 86.40%
Epoch: 800, Loss: 0.0234, Train: 85.36%, Valid: 84.73%, Test: 86.33%, Best Valid: 86.11%, Best Test: 87.68%
Epoch: 900, Loss: 0.0126, Train: 85.15%, Valid: 84.84%, Test: 85.71%, Best Valid: 86.11%, Best Test: 87.68%
Epoch: 1000, Loss: 0.0068, Train: 85.25%, Valid: 84.80%, Test: 86.19%, Best Valid: 86.11%, Best Test: 87.68%
Epoch: 1100, Loss: 0.0190, Train: 85.48%, Valid: 84.91%, Test: 86.37%, Best Valid: 86.29%, Best Test: 87.02%
Run 04:
Highest Train: 86.93
Highest Valid: 86.29
Highest Test: 87.68
Chosen epoch: 1089
Final Train: 85.92
Final Test: 87.02
Label budget: 50/class -> 500 train nodes
Epoch: 00, Loss: 2.5891, Train: 3.41%, Valid: 4.07%, Test: 3.67%, Best Valid: 4.07%, Best Test: 3.67%
Epoch: 100, Loss: 2.3032, Train: 4.53%, Valid: 4.95%, Test: 4.83%, Best Valid: 9.56%, Best Test: 10.03%
Switching Polynormer to global attention phase.
Epoch: 200, Loss: 2.3026, Train: 2.18%, Valid: 2.29%, Test: 2.36%, Best Valid: 76.40%, Best Test: 77.39%
Epoch: 300, Loss: 0.1948, Train: 82.64%, Valid: 83.13%, Test: 83.68%, Best Valid: 84.18%, Best Test: 85.17%
Epoch: 400, Loss: 0.2102, Train: 81.99%, Valid: 82.04%, Test: 82.37%, Best Valid: 86.11%, Best Test: 87.02%
Epoch: 500, Loss: 0.0703, Train: 84.70%, Valid: 84.40%, Test: 84.55%, Best Valid: 86.40%, Best Test: 87.31%
Epoch: 600, Loss: 0.0207, Train: 83.72%, Valid: 83.27%, Test: 84.55%, Best Valid: 86.40%, Best Test: 87.31%
Epoch: 700, Loss: 0.0343, Train: 86.03%, Valid: 84.95%, Test: 86.88%, Best Valid: 86.40%, Best Test: 87.31%
Epoch: 800, Loss: 0.0149, Train: 83.51%, Valid: 83.16%, Test: 84.44%, Best Valid: 86.40%, Best Test: 87.31%
Epoch: 900, Loss: 0.0106, Train: 83.98%, Valid: 83.67%, Test: 84.84%, Best Valid: 86.40%, Best Test: 87.31%
Epoch: 1000, Loss: 0.0072, Train: 83.87%, Valid: 82.95%, Test: 84.59%, Best Valid: 86.40%, Best Test: 87.31%
Epoch: 1100, Loss: 0.0248, Train: 83.99%, Valid: 83.93%, Test: 85.35%, Best Valid: 86.40%, Best Test: 87.31%
Run 05:
Highest Train: 87.02
Highest Valid: 86.40
Highest Test: 87.82
Chosen epoch: 445
Final Train: 86.43
Final Test: 87.31
Label budget: 50/class -> 500 train nodes
Epoch: 00, Loss: 2.5603, Train: 10.62%, Valid: 9.56%, Test: 10.03%, Best Valid: 9.56%, Best Test: 10.03%
Epoch: 100, Loss: 2.2520, Train: 5.51%, Valid: 6.25%, Test: 6.00%, Best Valid: 36.58%, Best Test: 38.86%
Switching Polynormer to global attention phase.
Epoch: 200, Loss: 2.3026, Train: 2.18%, Valid: 2.29%, Test: 2.36%, Best Valid: 75.93%, Best Test: 76.48%
Epoch: 300, Loss: 0.2640, Train: 80.54%, Valid: 81.13%, Test: 81.35%, Best Valid: 85.60%, Best Test: 86.04%
Epoch: 400, Loss: 0.1740, Train: 86.23%, Valid: 86.18%, Test: 86.26%, Best Valid: 86.55%, Best Test: 86.33%
Epoch: 500, Loss: 0.0890, Train: 86.09%, Valid: 85.35%, Test: 87.35%, Best Valid: 87.05%, Best Test: 87.35%
Epoch: 600, Loss: 0.0760, Train: 86.90%, Valid: 86.98%, Test: 88.19%, Best Valid: 87.05%, Best Test: 87.35%
Epoch: 700, Loss: 0.0357, Train: 84.50%, Valid: 84.76%, Test: 85.24%, Best Valid: 87.05%, Best Test: 87.35%
Epoch: 800, Loss: 0.0208, Train: 83.83%, Valid: 83.96%, Test: 85.10%, Best Valid: 87.05%, Best Test: 87.35%
Epoch: 900, Loss: 0.0431, Train: 84.00%, Valid: 84.00%, Test: 84.62%, Best Valid: 87.05%, Best Test: 87.35%
Epoch: 1000, Loss: 0.0284, Train: 83.74%, Valid: 83.85%, Test: 84.81%, Best Valid: 87.05%, Best Test: 87.35%
Epoch: 1100, Loss: 0.0172, Train: 83.72%, Valid: 83.67%, Test: 84.37%, Best Valid: 87.05%, Best Test: 87.35%
Run 06:
Highest Train: 87.23
Highest Valid: 87.05
Highest Test: 88.26
Chosen epoch: 489
Final Train: 86.69
Final Test: 87.35
Label budget: 50/class -> 500 train nodes
Epoch: 00, Loss: 2.5571, Train: 37.18%, Valid: 35.89%, Test: 38.50%, Best Valid: 35.89%, Best Test: 38.50%
Epoch: 100, Loss: 2.2661, Train: 7.36%, Valid: 8.04%, Test: 7.63%, Best Valid: 36.18%, Best Test: 38.53%
Switching Polynormer to global attention phase.
Epoch: 200, Loss: 2.3026, Train: 3.36%, Valid: 4.00%, Test: 3.64%, Best Valid: 77.89%, Best Test: 79.10%
Epoch: 300, Loss: 0.2226, Train: 84.58%, Valid: 83.96%, Test: 86.30%, Best Valid: 83.96%, Best Test: 84.51%
Epoch: 400, Loss: 0.1325, Train: 84.78%, Valid: 84.95%, Test: 86.62%, Best Valid: 86.11%, Best Test: 87.17%
Epoch: 500, Loss: 0.0966, Train: 85.13%, Valid: 84.73%, Test: 86.88%, Best Valid: 86.69%, Best Test: 88.15%
Epoch: 600, Loss: 0.0421, Train: 84.27%, Valid: 84.84%, Test: 85.10%, Best Valid: 86.69%, Best Test: 88.15%
Epoch: 700, Loss: 0.0657, Train: 85.23%, Valid: 85.20%, Test: 86.99%, Best Valid: 86.76%, Best Test: 87.13%
Epoch: 800, Loss: 0.0508, Train: 83.69%, Valid: 84.11%, Test: 84.95%, Best Valid: 86.76%, Best Test: 87.13%
Epoch: 900, Loss: 0.0401, Train: 82.58%, Valid: 82.18%, Test: 84.11%, Best Valid: 86.76%, Best Test: 87.13%
Epoch: 1000, Loss: 0.0244, Train: 81.21%, Valid: 80.44%, Test: 82.33%, Best Valid: 86.76%, Best Test: 87.13%
Epoch: 1100, Loss: 0.0534, Train: 85.09%, Valid: 84.69%, Test: 86.33%, Best Valid: 86.76%, Best Test: 87.13%
Run 07:
Highest Train: 87.07
Highest Valid: 86.76
Highest Test: 88.30
Chosen epoch: 618
Final Train: 86.04
Final Test: 87.13
Label budget: 50/class -> 500 train nodes
Epoch: 00, Loss: 2.5967, Train: 35.98%, Valid: 34.69%, Test: 37.08%, Best Valid: 34.69%, Best Test: 37.08%
Epoch: 100, Loss: 2.2624, Train: 14.51%, Valid: 14.15%, Test: 13.96%, Best Valid: 34.69%, Best Test: 37.08%
Switching Polynormer to global attention phase.
Epoch: 200, Loss: 2.3026, Train: 2.18%, Valid: 2.29%, Test: 2.36%, Best Valid: 75.60%, Best Test: 77.10%
Epoch: 300, Loss: 0.2847, Train: 80.61%, Valid: 80.58%, Test: 81.75%, Best Valid: 80.58%, Best Test: 81.75%
Epoch: 400, Loss: 0.1423, Train: 82.06%, Valid: 82.33%, Test: 82.62%, Best Valid: 84.18%, Best Test: 85.61%
Epoch: 500, Loss: 0.0671, Train: 82.01%, Valid: 82.33%, Test: 83.39%, Best Valid: 84.76%, Best Test: 85.42%
Epoch: 600, Loss: 0.0361, Train: 83.48%, Valid: 83.31%, Test: 84.95%, Best Valid: 85.31%, Best Test: 86.26%
Epoch: 700, Loss: 0.0386, Train: 84.83%, Valid: 84.04%, Test: 86.22%, Best Valid: 85.31%, Best Test: 86.26%
Epoch: 800, Loss: 0.0137, Train: 82.85%, Valid: 82.40%, Test: 84.22%, Best Valid: 85.31%, Best Test: 86.26%
Epoch: 900, Loss: 0.0155, Train: 85.07%, Valid: 84.22%, Test: 85.93%, Best Valid: 85.31%, Best Test: 86.26%
Epoch: 1000, Loss: 0.0377, Train: 84.06%, Valid: 83.49%, Test: 85.39%, Best Valid: 85.31%, Best Test: 86.26%
Epoch: 1100, Loss: 0.0076, Train: 84.22%, Valid: 83.60%, Test: 85.39%, Best Valid: 85.31%, Best Test: 86.26%
Run 08:
Highest Train: 86.11
Highest Valid: 85.31
Highest Test: 86.84
Chosen epoch: 503
Final Train: 85.70
Final Test: 86.26
Label budget: 50/class -> 500 train nodes
Epoch: 00, Loss: 2.5726, Train: 10.62%, Valid: 9.53%, Test: 10.03%, Best Valid: 9.53%, Best Test: 10.03%
Epoch: 100, Loss: 2.2471, Train: 6.98%, Valid: 6.36%, Test: 7.02%, Best Valid: 36.18%, Best Test: 38.50%
Switching Polynormer to global attention phase.
Epoch: 200, Loss: 2.3026, Train: 10.62%, Valid: 9.53%, Test: 10.03%, Best Valid: 81.67%, Best Test: 82.66%
Epoch: 300, Loss: 0.1682, Train: 82.39%, Valid: 82.69%, Test: 83.35%, Best Valid: 85.60%, Best Test: 86.84%
Epoch: 400, Loss: 0.1620, Train: 84.98%, Valid: 84.47%, Test: 85.64%, Best Valid: 86.65%, Best Test: 87.75%
Epoch: 500, Loss: 0.0924, Train: 86.10%, Valid: 85.85%, Test: 86.22%, Best Valid: 86.65%, Best Test: 87.75%
Epoch: 600, Loss: 0.0816, Train: 86.50%, Valid: 85.60%, Test: 87.35%, Best Valid: 86.65%, Best Test: 87.75%
Epoch: 700, Loss: 0.0438, Train: 82.05%, Valid: 82.07%, Test: 82.92%, Best Valid: 86.65%, Best Test: 87.75%
Epoch: 800, Loss: 0.0408, Train: 84.68%, Valid: 83.85%, Test: 85.13%, Best Valid: 86.65%, Best Test: 87.75%
Epoch: 900, Loss: 0.0188, Train: 80.95%, Valid: 80.84%, Test: 81.64%, Best Valid: 86.65%, Best Test: 87.75%
Epoch: 1000, Loss: 0.0336, Train: 82.89%, Valid: 82.36%, Test: 83.35%, Best Valid: 86.65%, Best Test: 87.75%
Epoch: 1100, Loss: 0.0116, Train: 82.74%, Valid: 82.36%, Test: 83.32%, Best Valid: 86.65%, Best Test: 87.75%
Run 09:
Highest Train: 87.31
Highest Valid: 86.65
Highest Test: 87.97
Chosen epoch: 338
Final Train: 87.08
Final Test: 87.75
Label budget: 50/class -> 500 train nodes
Epoch: 00, Loss: 2.6017, Train: 3.10%, Valid: 3.13%, Test: 3.42%, Best Valid: 3.13%, Best Test: 3.42%
Epoch: 100, Loss: 2.2809, Train: 2.18%, Valid: 2.29%, Test: 2.36%, Best Valid: 16.33%, Best Test: 14.69%
Switching Polynormer to global attention phase.
Epoch: 200, Loss: 2.3026, Train: 15.50%, Valid: 16.00%, Test: 15.38%, Best Valid: 72.36%, Best Test: 74.48%
Epoch: 300, Loss: 0.2725, Train: 76.27%, Valid: 75.78%, Test: 77.75%, Best Valid: 77.05%, Best Test: 78.08%
Epoch: 400, Loss: 0.1494, Train: 82.23%, Valid: 81.42%, Test: 82.73%, Best Valid: 83.45%, Best Test: 84.55%
Epoch: 500, Loss: 0.0786, Train: 83.20%, Valid: 82.55%, Test: 84.04%, Best Valid: 85.53%, Best Test: 87.10%
Epoch: 600, Loss: 0.0430, Train: 84.06%, Valid: 83.53%, Test: 84.81%, Best Valid: 85.53%, Best Test: 87.10%
Epoch: 700, Loss: 0.0651, Train: 82.58%, Valid: 82.47%, Test: 83.10%, Best Valid: 85.53%, Best Test: 87.10%
Epoch: 800, Loss: 0.0160, Train: 85.15%, Valid: 84.80%, Test: 85.50%, Best Valid: 85.53%, Best Test: 87.10%
Epoch: 900, Loss: 0.0403, Train: 83.21%, Valid: 82.91%, Test: 84.22%, Best Valid: 85.67%, Best Test: 86.70%
Epoch: 1000, Loss: 0.0114, Train: 84.75%, Valid: 83.53%, Test: 85.13%, Best Valid: 85.67%, Best Test: 86.70%
Epoch: 1100, Loss: 0.0162, Train: 82.96%, Valid: 81.42%, Test: 83.53%, Best Valid: 85.67%, Best Test: 86.70%
Run 10:
Highest Train: 86.51
Highest Valid: 85.67
Highest Test: 87.10
Chosen epoch: 828
Final Train: 86.51
Final Test: 86.70
All runs:
Highest Train: 86.94 ± 0.40
Highest Test: 87.99 ± 0.66
Highest Valid: 86.43 ± 0.68
  Final Train: 86.40 ± 0.54
   Final Test: 87.38 ± 0.65
Saving results to ../results/lowlabel/amazon-computer/polynormer.csv
Low-label sweep completed.
Task 195 done.
