Thu Sep 10 21:07:14 2026       
+-----------------------------------------------------------------------------------------+
| NVIDIA-SMI 580.159.04             Driver Version: 580.159.04     CUDA Version: 13.0     |
+-----------------------------------------+------------------------+----------------------+
| GPU  Name                 Persistence-M | Bus-Id          Disp.A | Volatile Uncorr. ECC |
| Fan  Temp   Perf          Pwr:Usage/Cap |           Memory-Usage | GPU-Util  Compute M. |
|                                         |                        |               MIG M. |
|=========================================+========================+======================|
|   0  NVIDIA A100-SXM4-80GB          On  |   00000000:01:00.0 Off |                   On |
| N/A   54C    P0            236W /  500W |   34313MiB /  81920MiB |     N/A      Default |
|                                         |                        |              Enabled |
+-----------------------------------------+------------------------+----------------------+
|   1  NVIDIA A100-SXM4-80GB          On  |   00000000:41:00.0 Off |                   On |
| N/A   39C    P0            164W /  500W |   35665MiB /  81920MiB |     N/A      Default |
|                                         |                        |              Enabled |
+-----------------------------------------+------------------------+----------------------+
|   2  NVIDIA A100-SXM4-80GB          On  |   00000000:81:00.0 Off |                   On |
| N/A   52C    P0            217W /  500W |   41088MiB /  81920MiB |     N/A      Default |
|                                         |                        |              Enabled |
+-----------------------------------------+------------------------+----------------------+
|   3  NVIDIA A100-SXM4-80GB          On  |   00000000:C1:00.0 Off |                   On |
| N/A   45C    P0            213W /  500W |   40322MiB /  81920MiB |     N/A      Default |
|                                         |                        |              Enabled |
+-----------------------------------------+------------------------+----------------------+

+-----------------------------------------------------------------------------------------+
| MIG devices:                                                                            |
+------------------+----------------------------------+-----------+-----------------------+
| GPU  GI  CI  MIG |              Shared Memory-Usage |        Vol|        Shared         |
|      ID  ID  Dev |                Shared BAR1-Usage | SM     Unc| CE ENC  DEC  OFA  JPG |
|                  |                                  |        ECC|                       |
|==================+==================================+===========+=======================|
|  1    5   0   0  |              71MiB / 19968MiB    | 28      0 |  2   0    1    0    0 |
|                  |               0MiB / 12271MiB    |           |                       |
+------------------+----------------------------------+-----------+-----------------------+

+-----------------------------------------------------------------------------------------+
| Processes:                                                                              |
|  GPU   GI   CI              PID   Type   Process name                        GPU Memory |
|        ID   ID                                                               Usage      |
|=========================================================================================|
|    0    1    0           870590      C   python                                30698MiB |
|    0   14    0           960289      C   ...ware/symmetrix-env/bin/python        582MiB |
|    0   13    0           960292      C   ...ware/symmetrix-env/bin/python        814MiB |
|    0    5    0          1026690      C   python                                 1938MiB |
|    2    2    0           870633      C   python                                32896MiB |
|    2    3    0           974560      C   python                                 7926MiB |
|    3    1    0           870588      C   python                                32128MiB |
|    3    5    0           974431      C   python                                 7928MiB |
+-----------------------------------------------------------------------------------------+
Control cell: coauthor-cs / polynormer / budget 10 per class / baseline -> results/lowlabel_mv
python main.py --model polynormer --dataset coauthor-cs --hidden_channels 64 --local_epochs 100 --global_epochs 1500 --lr 0.001 --runs 10 --local_layers 5 --global_layers 2 --weight_decay 5e-4 --dropout 0.3 --in_dropout 0.1 --num_heads 8 --save_model --device 0 --model_dir models/lowlabel_ctrl_1214890_74 --train_per_class 10 --valid_per_class 10 --budget_tag 10
==========================================================
Low-label sweep: python main.py --model polynormer --dataset coauthor-cs --hidden_channels 64 --local_epochs 100 --global_epochs 1500 --lr 0.001 --runs 10 --local_layers 5 --global_layers 2 --weight_decay 5e-4 --dropout 0.3 --in_dropout 0.1 --num_heads 8 --save_model --device 0 --model_dir models/lowlabel_ctrl_1214890_74 --train_per_class 10 --valid_per_class 10 --budget_tag 10
result_dir=../results/lowlabel_mv conditions=[baseline]
==========================================================
--- baseline ---
Namespace(aggregate='add', alpha=0.5, attention='gcn', beta=-1.0, bn=False, budget_tag='10', count_reg=False, count_smoothing=1.0, cpu=False, data_dir='../data/', dataset='coauthor-cs', device=0, dim_inner=64, display_step=100, dropout=0.3, epochs=500, global_dropout=None, global_epochs=1500, global_layers=2, gnn='gcn', graph_weight=0.8, hidden_channels=64, hops=10, in_dropout=0.1, jk=False, label_num_per_class=20, lambda_val=0.5, layers=1, ln=False, local_epochs=100, local_gnn_type='GCN', local_layers=5, lr=0.001, metric='acc', mlp_epochs=500, mlp_reg=False, model='polynormer', model_dir='models/lowlabel_ctrl_1214890_74', n_heads=8, num_centroids=4096, num_heads=8, oracle_reg=False, paired_seeds=True, pe_types='RWSE', penalty_transform='none', pre_linear=False, pre_ln=False, rand_split=False, rand_split_class=False, reg_start_epoch=10, reg_update_freq=5, res=False, resample_split_per_run=False, result_dir='../results/lowlabel_mv', runs=10, save_model=True, save_result=False, seed=42, test_num=1000, tr_dropout=None, tr_layers=1, tr_weight_decay=None, train_per_class=10, train_prop=0.5, use_act=False, use_bn=False, use_graph=False, use_reg=False, use_residual=False, use_weight=False, valid_num=500, valid_per_class=10, valid_prop=0.25, weight_decay=0.0005)
coauthor-cs
dataset coauthor-cs | num nodes 18333 | num edge 163788 | num node feats 6805 | num classes 15
MODEL: Polynormer(
  (h_lins): ModuleList(
    (0): Linear(in_features=512, out_features=512, bias=True)
    (1): Linear(in_features=512, out_features=512, bias=True)
    (2): Linear(in_features=512, out_features=512, bias=True)
    (3): Linear(in_features=512, out_features=512, bias=True)
    (4): Linear(in_features=512, out_features=512, bias=True)
  )
  (local_convs): ModuleList(
    (0): GATConv(512, 64, heads=8)
    (1): GATConv(512, 64, heads=8)
    (2): GATConv(512, 64, heads=8)
    (3): GATConv(512, 64, heads=8)
    (4): GATConv(512, 64, heads=8)
  )
  (lins): ModuleList(
    (0): Linear(in_features=512, out_features=512, bias=True)
    (1): Linear(in_features=512, out_features=512, bias=True)
    (2): Linear(in_features=512, out_features=512, bias=True)
    (3): Linear(in_features=512, out_features=512, bias=True)
    (4): Linear(in_features=512, out_features=512, bias=True)
  )
  (lns): ModuleList(
    (0): LayerNorm((512,), eps=1e-05, elementwise_affine=True)
    (1): LayerNorm((512,), eps=1e-05, elementwise_affine=True)
    (2): LayerNorm((512,), eps=1e-05, elementwise_affine=True)
    (3): LayerNorm((512,), eps=1e-05, elementwise_affine=True)
    (4): LayerNorm((512,), eps=1e-05, elementwise_affine=True)
  )
  (lin_in): Linear(in_features=6805, out_features=512, bias=True)
  (ln): LayerNorm((512,), eps=1e-05, elementwise_affine=True)
  (global_attn): GlobalAttn(
    (h_lins): ModuleList(
      (0): Linear(in_features=512, out_features=512, bias=True)
      (1): Linear(in_features=512, out_features=512, bias=True)
    )
    (k_lins): ModuleList(
      (0): Linear(in_features=512, out_features=512, bias=True)
      (1): Linear(in_features=512, out_features=512, bias=True)
    )
    (v_lins): ModuleList(
      (0): Linear(in_features=512, out_features=512, bias=True)
      (1): Linear(in_features=512, out_features=512, bias=True)
    )
    (lns): ModuleList(
      (0): LayerNorm((512,), eps=1e-05, elementwise_affine=True)
      (1): LayerNorm((512,), eps=1e-05, elementwise_affine=True)
    )
    (lin_out): Linear(in_features=512, out_features=512, bias=True)
  )
  (pred_local): Linear(in_features=512, out_features=15, bias=True)
  (pred_global): Linear(in_features=512, out_features=15, bias=True)
)
Label budget: 10/class -> 150 train nodes
Matched-budget validation: 150 valid nodes
Epoch: 00, Loss: 2.8589, Train: 1.99%, Valid: 6.67%, Test: 2.07%, Best Valid: 6.67%, Best Test: 2.07%
Switching Polynormer to global attention phase.
Epoch: 100, Loss: 2.7089, Train: 14.94%, Valid: 16.67%, Test: 14.12%, Best Valid: 90.67%, Best Test: 91.11%
Epoch: 200, Loss: 0.0355, Train: 87.69%, Valid: 84.00%, Test: 88.14%, Best Valid: 90.67%, Best Test: 91.11%
Epoch: 300, Loss: 0.0007, Train: 89.50%, Valid: 84.00%, Test: 90.08%, Best Valid: 90.67%, Best Test: 91.11%
Epoch: 400, Loss: 0.0011, Train: 90.22%, Valid: 83.33%, Test: 90.21%, Best Valid: 90.67%, Best Test: 91.11%
Epoch: 500, Loss: 0.0032, Train: 84.64%, Valid: 76.00%, Test: 85.03%, Best Valid: 90.67%, Best Test: 91.11%
Epoch: 600, Loss: 0.0007, Train: 87.45%, Valid: 81.33%, Test: 87.19%, Best Valid: 90.67%, Best Test: 91.11%
Epoch: 700, Loss: 0.0003, Train: 88.38%, Valid: 83.33%, Test: 88.33%, Best Valid: 90.67%, Best Test: 91.11%
Epoch: 800, Loss: 0.0005, Train: 88.46%, Valid: 83.33%, Test: 88.03%, Best Valid: 90.67%, Best Test: 91.11%
Epoch: 900, Loss: 0.0008, Train: 85.29%, Valid: 80.00%, Test: 85.14%, Best Valid: 90.67%, Best Test: 91.11%
Epoch: 1000, Loss: 0.0003, Train: 87.74%, Valid: 82.00%, Test: 87.51%, Best Valid: 90.67%, Best Test: 91.11%
Epoch: 1100, Loss: 0.0492, Train: 87.44%, Valid: 78.67%, Test: 87.76%, Best Valid: 90.67%, Best Test: 91.11%
Epoch: 1200, Loss: 0.0004, Train: 89.32%, Valid: 80.67%, Test: 89.09%, Best Valid: 90.67%, Best Test: 91.11%
Epoch: 1300, Loss: 0.1115, Train: 87.45%, Valid: 81.33%, Test: 87.46%, Best Valid: 90.67%, Best Test: 91.11%
Epoch: 1400, Loss: 0.0151, Train: 79.39%, Valid: 76.67%, Test: 79.01%, Best Valid: 90.67%, Best Test: 91.11%
Epoch: 1500, Loss: 0.0023, Train: 87.69%, Valid: 84.00%, Test: 87.38%, Best Valid: 90.67%, Best Test: 91.11%
Run 01:
Highest Train: 91.17
Highest Valid: 90.67
Highest Test: 91.63
Chosen epoch: 36
Final Train: 90.73
Final Test: 91.11
Label budget: 10/class -> 150 train nodes
Matched-budget validation: 150 valid nodes
Epoch: 00, Loss: 2.8478, Train: 12.29%, Valid: 6.67%, Test: 10.96%, Best Valid: 6.67%, Best Test: 10.96%
Switching Polynormer to global attention phase.
Epoch: 100, Loss: 2.7079, Train: 5.16%, Valid: 6.67%, Test: 4.83%, Best Valid: 86.00%, Best Test: 89.80%
Epoch: 200, Loss: 0.0968, Train: 85.54%, Valid: 78.67%, Test: 84.79%, Best Valid: 86.00%, Best Test: 89.80%
Epoch: 300, Loss: 0.0163, Train: 78.68%, Valid: 70.67%, Test: 79.85%, Best Valid: 86.00%, Best Test: 89.80%
Epoch: 400, Loss: 0.0014, Train: 86.44%, Valid: 74.67%, Test: 86.50%, Best Valid: 86.00%, Best Test: 89.80%
Epoch: 500, Loss: 0.0017, Train: 85.59%, Valid: 80.00%, Test: 85.96%, Best Valid: 86.00%, Best Test: 89.80%
Epoch: 600, Loss: 0.0033, Train: 86.39%, Valid: 81.33%, Test: 87.13%, Best Valid: 87.33%, Best Test: 86.40%
Epoch: 700, Loss: 0.0005, Train: 86.16%, Valid: 81.33%, Test: 86.23%, Best Valid: 87.33%, Best Test: 86.40%
Epoch: 800, Loss: 0.0016, Train: 86.08%, Valid: 78.00%, Test: 85.39%, Best Valid: 87.33%, Best Test: 86.40%
Epoch: 900, Loss: 0.0599, Train: 85.94%, Valid: 78.00%, Test: 86.15%, Best Valid: 87.33%, Best Test: 86.40%
Epoch: 1000, Loss: 0.0016, Train: 86.93%, Valid: 82.00%, Test: 86.29%, Best Valid: 87.33%, Best Test: 86.40%
Epoch: 1100, Loss: 0.0042, Train: 84.13%, Valid: 76.00%, Test: 85.03%, Best Valid: 87.33%, Best Test: 86.40%
Epoch: 1200, Loss: 0.0011, Train: 86.33%, Valid: 79.33%, Test: 86.15%, Best Valid: 87.33%, Best Test: 86.40%
Epoch: 1300, Loss: 0.0006, Train: 87.46%, Valid: 83.33%, Test: 87.79%, Best Valid: 87.33%, Best Test: 86.40%
Epoch: 1400, Loss: 0.0004, Train: 86.81%, Valid: 82.00%, Test: 87.24%, Best Valid: 87.33%, Best Test: 86.40%
Epoch: 1500, Loss: 0.0005, Train: 86.97%, Valid: 80.67%, Test: 87.16%, Best Valid: 87.33%, Best Test: 86.40%
Run 02:
Highest Train: 90.37
Highest Valid: 87.33
Highest Test: 89.80
Chosen epoch: 539
Final Train: 85.66
Final Test: 86.40
Label budget: 10/class -> 150 train nodes
Matched-budget validation: 150 valid nodes
Epoch: 00, Loss: 2.8825, Train: 11.01%, Valid: 6.67%, Test: 11.59%, Best Valid: 6.67%, Best Test: 11.59%
Switching Polynormer to global attention phase.
Epoch: 100, Loss: 2.7081, Train: 4.15%, Valid: 6.67%, Test: 4.20%, Best Valid: 92.00%, Best Test: 90.13%
Epoch: 200, Loss: 0.0527, Train: 86.20%, Valid: 81.33%, Test: 87.30%, Best Valid: 92.00%, Best Test: 90.13%
Epoch: 300, Loss: 0.0011, Train: 88.00%, Valid: 84.00%, Test: 88.77%, Best Valid: 92.00%, Best Test: 90.13%
Epoch: 400, Loss: 0.0005, Train: 87.47%, Valid: 84.67%, Test: 88.82%, Best Valid: 92.00%, Best Test: 90.13%
Epoch: 500, Loss: 0.0004, Train: 88.39%, Valid: 85.33%, Test: 89.01%, Best Valid: 92.00%, Best Test: 90.13%
Epoch: 600, Loss: 0.0064, Train: 84.72%, Valid: 78.67%, Test: 85.47%, Best Valid: 92.00%, Best Test: 90.13%
Epoch: 700, Loss: 0.0237, Train: 84.53%, Valid: 84.00%, Test: 84.32%, Best Valid: 92.00%, Best Test: 90.13%
Epoch: 800, Loss: 0.0006, Train: 87.99%, Valid: 84.67%, Test: 88.28%, Best Valid: 92.00%, Best Test: 90.13%
Epoch: 900, Loss: 0.0010, Train: 85.91%, Valid: 78.00%, Test: 86.31%, Best Valid: 92.00%, Best Test: 90.13%
Epoch: 1000, Loss: 0.0004, Train: 87.94%, Valid: 83.33%, Test: 88.14%, Best Valid: 92.00%, Best Test: 90.13%
Epoch: 1100, Loss: 0.0008, Train: 88.17%, Valid: 83.33%, Test: 88.99%, Best Valid: 92.00%, Best Test: 90.13%
Epoch: 1200, Loss: 0.0216, Train: 87.35%, Valid: 82.00%, Test: 88.03%, Best Valid: 92.00%, Best Test: 90.13%
Epoch: 1300, Loss: 0.0024, Train: 86.44%, Valid: 73.33%, Test: 86.83%, Best Valid: 92.00%, Best Test: 90.13%
Epoch: 1400, Loss: 0.0057, Train: 88.10%, Valid: 82.00%, Test: 88.22%, Best Valid: 92.00%, Best Test: 90.13%
Epoch: 1500, Loss: 0.0339, Train: 87.64%, Valid: 80.00%, Test: 87.27%, Best Valid: 92.00%, Best Test: 90.13%
Run 03:
Highest Train: 90.20
Highest Valid: 92.00
Highest Test: 91.30
Chosen epoch: 57
Final Train: 89.10
Final Test: 90.13
Label budget: 10/class -> 150 train nodes
Matched-budget validation: 150 valid nodes
Epoch: 00, Loss: 2.8838, Train: 12.29%, Valid: 6.67%, Test: 10.96%, Best Valid: 6.67%, Best Test: 10.96%
Switching Polynormer to global attention phase.
Epoch: 100, Loss: 2.7079, Train: 2.37%, Valid: 6.67%, Test: 2.07%, Best Valid: 87.33%, Best Test: 88.33%
Epoch: 200, Loss: 0.0129, Train: 83.47%, Valid: 78.00%, Test: 83.62%, Best Valid: 87.33%, Best Test: 88.33%
Epoch: 300, Loss: 0.0523, Train: 83.73%, Valid: 77.33%, Test: 84.79%, Best Valid: 87.33%, Best Test: 88.33%
Epoch: 400, Loss: 0.0058, Train: 87.61%, Valid: 83.33%, Test: 87.84%, Best Valid: 87.33%, Best Test: 88.33%
Epoch: 500, Loss: 0.0500, Train: 83.17%, Valid: 79.33%, Test: 82.36%, Best Valid: 87.33%, Best Test: 88.33%
Epoch: 600, Loss: 0.0195, Train: 86.04%, Valid: 80.00%, Test: 86.37%, Best Valid: 87.33%, Best Test: 88.33%
Epoch: 700, Loss: 0.0006, Train: 84.99%, Valid: 80.00%, Test: 85.71%, Best Valid: 87.33%, Best Test: 88.33%
Epoch: 800, Loss: 0.0003, Train: 85.36%, Valid: 82.67%, Test: 85.69%, Best Valid: 87.33%, Best Test: 88.33%
Epoch: 900, Loss: 0.0009, Train: 88.31%, Valid: 83.33%, Test: 88.69%, Best Valid: 87.33%, Best Test: 88.33%
Epoch: 1000, Loss: 0.0002, Train: 86.04%, Valid: 84.00%, Test: 86.34%, Best Valid: 87.33%, Best Test: 88.33%
Epoch: 1100, Loss: 0.0011, Train: 84.03%, Valid: 76.67%, Test: 83.89%, Best Valid: 87.33%, Best Test: 88.33%
Epoch: 1200, Loss: 0.0005, Train: 84.62%, Valid: 80.00%, Test: 84.13%, Best Valid: 87.33%, Best Test: 88.33%
Epoch: 1300, Loss: 0.0002, Train: 86.64%, Valid: 84.67%, Test: 87.62%, Best Valid: 87.33%, Best Test: 88.33%
Epoch: 1400, Loss: 0.0006, Train: 85.64%, Valid: 82.67%, Test: 86.42%, Best Valid: 87.33%, Best Test: 88.33%
Epoch: 1500, Loss: 0.0102, Train: 81.24%, Valid: 78.00%, Test: 81.54%, Best Valid: 87.33%, Best Test: 88.33%
Run 04:
Highest Train: 90.01
Highest Valid: 87.33
Highest Test: 90.40
Chosen epoch: 25
Final Train: 87.85
Final Test: 88.33
Label budget: 10/class -> 150 train nodes
Matched-budget validation: 150 valid nodes
Epoch: 00, Loss: 2.9590, Train: 12.29%, Valid: 6.67%, Test: 10.96%, Best Valid: 6.67%, Best Test: 10.96%
Switching Polynormer to global attention phase.
Epoch: 100, Loss: 2.7081, Train: 2.37%, Valid: 6.67%, Test: 2.07%, Best Valid: 89.33%, Best Test: 90.79%
Epoch: 200, Loss: 0.0939, Train: 84.44%, Valid: 82.00%, Test: 84.41%, Best Valid: 89.33%, Best Test: 90.79%
Epoch: 300, Loss: 0.2751, Train: 78.22%, Valid: 78.67%, Test: 78.52%, Best Valid: 89.33%, Best Test: 90.79%
Epoch: 400, Loss: 0.0144, Train: 83.33%, Valid: 86.00%, Test: 83.51%, Best Valid: 89.33%, Best Test: 90.79%
Epoch: 500, Loss: 0.0162, Train: 85.94%, Valid: 86.67%, Test: 86.29%, Best Valid: 89.33%, Best Test: 90.79%
Epoch: 600, Loss: 0.0010, Train: 86.44%, Valid: 84.67%, Test: 87.27%, Best Valid: 89.33%, Best Test: 90.79%
Epoch: 700, Loss: 0.0055, Train: 85.05%, Valid: 84.00%, Test: 85.31%, Best Valid: 89.33%, Best Test: 90.79%
Epoch: 800, Loss: 0.0223, Train: 83.37%, Valid: 84.00%, Test: 83.70%, Best Valid: 89.33%, Best Test: 90.79%
Epoch: 900, Loss: 0.0011, Train: 83.11%, Valid: 86.67%, Test: 83.07%, Best Valid: 89.33%, Best Test: 90.79%
Epoch: 1000, Loss: 0.0010, Train: 75.64%, Valid: 84.00%, Test: 75.93%, Best Valid: 89.33%, Best Test: 90.79%
Epoch: 1100, Loss: 0.0007, Train: 87.06%, Valid: 86.67%, Test: 88.00%, Best Valid: 89.33%, Best Test: 90.79%
Epoch: 1200, Loss: 0.0018, Train: 85.24%, Valid: 88.00%, Test: 85.77%, Best Valid: 89.33%, Best Test: 90.79%
Epoch: 1300, Loss: 0.0557, Train: 78.63%, Valid: 81.33%, Test: 77.75%, Best Valid: 89.33%, Best Test: 90.79%
Epoch: 1400, Loss: 0.0007, Train: 82.19%, Valid: 83.33%, Test: 82.72%, Best Valid: 90.67%, Best Test: 85.63%
Epoch: 1500, Loss: 0.0039, Train: 88.50%, Valid: 80.67%, Test: 88.30%, Best Valid: 90.67%, Best Test: 85.63%
Run 05:
Highest Train: 90.21
Highest Valid: 90.67
Highest Test: 90.92
Chosen epoch: 1352
Final Train: 85.04
Final Test: 85.63
Label budget: 10/class -> 150 train nodes
Matched-budget validation: 150 valid nodes
Epoch: 00, Loss: 2.9637, Train: 8.03%, Valid: 6.67%, Test: 7.61%, Best Valid: 6.67%, Best Test: 7.61%
Switching Polynormer to global attention phase.
Epoch: 100, Loss: 2.7080, Train: 11.01%, Valid: 6.67%, Test: 11.59%, Best Valid: 86.67%, Best Test: 90.02%
Epoch: 200, Loss: 0.1554, Train: 80.56%, Valid: 76.67%, Test: 80.67%, Best Valid: 86.67%, Best Test: 90.02%
Epoch: 300, Loss: 0.1489, Train: 82.18%, Valid: 76.67%, Test: 82.03%, Best Valid: 86.67%, Best Test: 90.02%
Epoch: 400, Loss: 0.0023, Train: 85.97%, Valid: 82.67%, Test: 86.45%, Best Valid: 86.67%, Best Test: 90.02%
Epoch: 500, Loss: 0.0166, Train: 88.08%, Valid: 87.33%, Test: 87.40%, Best Valid: 87.33%, Best Test: 87.60%
Epoch: 600, Loss: 0.0137, Train: 86.53%, Valid: 82.67%, Test: 87.00%, Best Valid: 87.33%, Best Test: 87.60%
Epoch: 700, Loss: 0.0231, Train: 84.95%, Valid: 84.67%, Test: 85.36%, Best Valid: 87.33%, Best Test: 87.60%
Epoch: 800, Loss: 0.0501, Train: 82.16%, Valid: 82.67%, Test: 81.92%, Best Valid: 87.33%, Best Test: 87.60%
Epoch: 900, Loss: 0.0026, Train: 83.39%, Valid: 77.33%, Test: 82.82%, Best Valid: 87.33%, Best Test: 87.60%
Epoch: 1000, Loss: 0.0002, Train: 83.16%, Valid: 80.00%, Test: 83.18%, Best Valid: 87.33%, Best Test: 87.60%
Epoch: 1100, Loss: 0.0005, Train: 85.56%, Valid: 83.33%, Test: 86.01%, Best Valid: 87.33%, Best Test: 87.60%
Epoch: 1200, Loss: 0.0021, Train: 85.28%, Valid: 78.67%, Test: 85.74%, Best Valid: 87.33%, Best Test: 87.60%
Epoch: 1300, Loss: 0.0020, Train: 85.89%, Valid: 80.67%, Test: 85.88%, Best Valid: 87.33%, Best Test: 87.60%
Epoch: 1400, Loss: 0.0008, Train: 87.96%, Valid: 82.00%, Test: 88.14%, Best Valid: 87.33%, Best Test: 87.60%
Epoch: 1500, Loss: 0.0012, Train: 86.80%, Valid: 83.33%, Test: 86.78%, Best Valid: 87.33%, Best Test: 87.60%
Run 06:
Highest Train: 90.73
Highest Valid: 87.33
Highest Test: 91.00
Chosen epoch: 499
Final Train: 88.30
Final Test: 87.60
Label budget: 10/class -> 150 train nodes
Matched-budget validation: 150 valid nodes
Epoch: 00, Loss: 2.9153, Train: 10.08%, Valid: 6.00%, Test: 10.44%, Best Valid: 6.00%, Best Test: 10.44%
Switching Polynormer to global attention phase.
Epoch: 100, Loss: 2.7081, Train: 12.29%, Valid: 6.67%, Test: 10.96%, Best Valid: 90.00%, Best Test: 91.63%
Epoch: 200, Loss: 0.2524, Train: 87.11%, Valid: 77.33%, Test: 86.59%, Best Valid: 90.00%, Best Test: 91.63%
Epoch: 300, Loss: 0.0163, Train: 85.06%, Valid: 81.33%, Test: 85.25%, Best Valid: 90.00%, Best Test: 91.63%
Epoch: 400, Loss: 0.0003, Train: 88.77%, Valid: 80.67%, Test: 88.50%, Best Valid: 90.00%, Best Test: 91.63%
Epoch: 500, Loss: 0.0080, Train: 88.08%, Valid: 82.00%, Test: 88.52%, Best Valid: 90.00%, Best Test: 91.63%
Epoch: 600, Loss: 0.0031, Train: 85.76%, Valid: 80.00%, Test: 85.14%, Best Valid: 90.00%, Best Test: 91.63%
Epoch: 700, Loss: 0.0010, Train: 87.44%, Valid: 80.67%, Test: 88.20%, Best Valid: 90.00%, Best Test: 91.63%
Epoch: 800, Loss: 0.0007, Train: 88.23%, Valid: 83.33%, Test: 87.84%, Best Valid: 90.00%, Best Test: 91.63%
Epoch: 900, Loss: 0.0009, Train: 88.34%, Valid: 80.67%, Test: 88.85%, Best Valid: 90.00%, Best Test: 91.63%
Epoch: 1000, Loss: 0.0012, Train: 86.23%, Valid: 79.33%, Test: 86.86%, Best Valid: 90.00%, Best Test: 91.63%
Epoch: 1100, Loss: 0.0008, Train: 88.71%, Valid: 83.33%, Test: 88.79%, Best Valid: 90.00%, Best Test: 91.63%
Epoch: 1200, Loss: 0.0453, Train: 85.18%, Valid: 84.00%, Test: 85.36%, Best Valid: 90.00%, Best Test: 91.63%
Epoch: 1300, Loss: 0.0006, Train: 88.30%, Valid: 84.00%, Test: 89.20%, Best Valid: 90.00%, Best Test: 91.63%
Epoch: 1400, Loss: 0.0006, Train: 87.47%, Valid: 85.33%, Test: 88.52%, Best Valid: 90.00%, Best Test: 91.63%
Epoch: 1500, Loss: 0.0022, Train: 87.53%, Valid: 84.00%, Test: 88.17%, Best Valid: 90.00%, Best Test: 91.63%
Run 07:
Highest Train: 91.48
Highest Valid: 90.00
Highest Test: 91.98
Chosen epoch: 88
Final Train: 91.13
Final Test: 91.63
Label budget: 10/class -> 150 train nodes
Matched-budget validation: 150 valid nodes
Epoch: 00, Loss: 2.9263, Train: 2.45%, Valid: 6.67%, Test: 2.18%, Best Valid: 6.67%, Best Test: 2.18%
Switching Polynormer to global attention phase.
Epoch: 100, Loss: 2.7081, Train: 0.67%, Valid: 6.67%, Test: 0.65%, Best Valid: 88.00%, Best Test: 89.39%
Epoch: 200, Loss: 0.0252, Train: 84.04%, Valid: 78.67%, Test: 83.62%, Best Valid: 88.00%, Best Test: 89.39%
Epoch: 300, Loss: 0.0190, Train: 86.36%, Valid: 76.67%, Test: 86.42%, Best Valid: 88.00%, Best Test: 89.39%
Epoch: 400, Loss: 0.0002, Train: 86.67%, Valid: 79.33%, Test: 86.31%, Best Valid: 88.00%, Best Test: 89.39%
Epoch: 500, Loss: 0.0039, Train: 85.19%, Valid: 78.67%, Test: 85.25%, Best Valid: 88.00%, Best Test: 89.39%
Epoch: 600, Loss: 0.0005, Train: 86.23%, Valid: 76.67%, Test: 84.90%, Best Valid: 88.00%, Best Test: 89.39%
Epoch: 700, Loss: 0.0012, Train: 87.77%, Valid: 77.33%, Test: 87.32%, Best Valid: 88.00%, Best Test: 89.39%
Epoch: 800, Loss: 0.0018, Train: 85.08%, Valid: 78.00%, Test: 84.62%, Best Valid: 88.00%, Best Test: 89.39%
Epoch: 900, Loss: 0.0021, Train: 86.61%, Valid: 76.67%, Test: 85.01%, Best Valid: 88.00%, Best Test: 89.39%
Epoch: 1000, Loss: 0.0106, Train: 88.93%, Valid: 79.33%, Test: 88.25%, Best Valid: 88.00%, Best Test: 89.39%
Epoch: 1100, Loss: 0.0004, Train: 87.37%, Valid: 76.00%, Test: 86.78%, Best Valid: 88.00%, Best Test: 89.39%
Epoch: 1200, Loss: 0.0337, Train: 86.29%, Valid: 74.67%, Test: 85.63%, Best Valid: 88.00%, Best Test: 89.39%
Epoch: 1300, Loss: 0.0042, Train: 82.40%, Valid: 78.00%, Test: 82.72%, Best Valid: 88.00%, Best Test: 89.39%
Epoch: 1400, Loss: 0.0004, Train: 85.54%, Valid: 78.67%, Test: 85.69%, Best Valid: 88.00%, Best Test: 89.39%
Epoch: 1500, Loss: 0.0019, Train: 87.29%, Valid: 80.67%, Test: 87.08%, Best Valid: 88.00%, Best Test: 89.39%
Run 08:
Highest Train: 91.19
Highest Valid: 88.00
Highest Test: 91.17
Chosen epoch: 37
Final Train: 89.74
Final Test: 89.39
Label budget: 10/class -> 150 train nodes
Matched-budget validation: 150 valid nodes
Epoch: 00, Loss: 2.9317, Train: 22.05%, Valid: 6.67%, Test: 22.74%, Best Valid: 6.67%, Best Test: 22.74%
Switching Polynormer to global attention phase.
Epoch: 100, Loss: 2.7077, Train: 3.88%, Valid: 6.67%, Test: 4.09%, Best Valid: 90.00%, Best Test: 89.67%
Epoch: 200, Loss: 0.0056, Train: 83.77%, Valid: 78.00%, Test: 83.94%, Best Valid: 90.00%, Best Test: 89.67%
Epoch: 300, Loss: 0.1240, Train: 86.84%, Valid: 84.67%, Test: 87.10%, Best Valid: 90.00%, Best Test: 89.67%
Epoch: 400, Loss: 0.0002, Train: 86.95%, Valid: 87.33%, Test: 87.62%, Best Valid: 90.00%, Best Test: 89.67%
Epoch: 500, Loss: 0.0002, Train: 85.93%, Valid: 86.00%, Test: 86.50%, Best Valid: 90.00%, Best Test: 89.67%
Epoch: 600, Loss: 0.0466, Train: 86.98%, Valid: 86.00%, Test: 87.02%, Best Valid: 90.00%, Best Test: 89.67%
Epoch: 700, Loss: 0.0015, Train: 87.80%, Valid: 85.33%, Test: 88.00%, Best Valid: 90.67%, Best Test: 88.44%
Epoch: 800, Loss: 0.0004, Train: 87.70%, Valid: 86.67%, Test: 88.28%, Best Valid: 90.67%, Best Test: 88.44%
Epoch: 900, Loss: 0.0011, Train: 88.93%, Valid: 84.00%, Test: 89.61%, Best Valid: 90.67%, Best Test: 88.44%
Epoch: 1000, Loss: 0.0322, Train: 85.85%, Valid: 86.00%, Test: 85.96%, Best Valid: 90.67%, Best Test: 88.44%
Epoch: 1100, Loss: 0.0209, Train: 85.33%, Valid: 84.67%, Test: 85.61%, Best Valid: 90.67%, Best Test: 88.44%
Epoch: 1200, Loss: 0.0332, Train: 81.09%, Valid: 80.00%, Test: 80.70%, Best Valid: 90.67%, Best Test: 88.44%
Epoch: 1300, Loss: 0.0002, Train: 88.20%, Valid: 90.67%, Test: 88.82%, Best Valid: 90.67%, Best Test: 88.44%
Epoch: 1400, Loss: 0.0007, Train: 88.83%, Valid: 89.33%, Test: 88.85%, Best Valid: 90.67%, Best Test: 88.44%
Epoch: 1500, Loss: 0.0082, Train: 86.21%, Valid: 87.33%, Test: 85.39%, Best Valid: 90.67%, Best Test: 88.44%
Run 09:
Highest Train: 91.41
Highest Valid: 90.67
Highest Test: 91.93
Chosen epoch: 618
Final Train: 88.91
Final Test: 88.44
Label budget: 10/class -> 150 train nodes
Matched-budget validation: 150 valid nodes
Epoch: 00, Loss: 2.8558, Train: 0.67%, Valid: 6.67%, Test: 0.65%, Best Valid: 6.67%, Best Test: 0.65%
Switching Polynormer to global attention phase.
Epoch: 100, Loss: 2.7081, Train: 1.99%, Valid: 6.67%, Test: 2.07%, Best Valid: 90.00%, Best Test: 91.44%
Epoch: 200, Loss: 0.2331, Train: 80.45%, Valid: 71.33%, Test: 81.52%, Best Valid: 90.00%, Best Test: 91.44%
Epoch: 300, Loss: 0.0027, Train: 86.27%, Valid: 80.67%, Test: 86.34%, Best Valid: 90.00%, Best Test: 91.44%
Epoch: 400, Loss: 0.0025, Train: 82.33%, Valid: 76.00%, Test: 82.39%, Best Valid: 90.00%, Best Test: 91.44%
Epoch: 500, Loss: 0.0009, Train: 86.40%, Valid: 82.67%, Test: 86.50%, Best Valid: 90.00%, Best Test: 91.44%
Epoch: 600, Loss: 0.0233, Train: 86.51%, Valid: 78.67%, Test: 86.37%, Best Valid: 90.00%, Best Test: 91.44%
Epoch: 700, Loss: 0.1245, Train: 78.90%, Valid: 73.33%, Test: 77.40%, Best Valid: 90.00%, Best Test: 91.44%
Epoch: 800, Loss: 0.0075, Train: 87.11%, Valid: 84.00%, Test: 87.35%, Best Valid: 90.00%, Best Test: 91.44%
Epoch: 900, Loss: 0.0016, Train: 86.28%, Valid: 82.00%, Test: 86.18%, Best Valid: 90.00%, Best Test: 91.44%
Epoch: 1000, Loss: 0.0027, Train: 82.42%, Valid: 80.67%, Test: 81.82%, Best Valid: 90.00%, Best Test: 91.44%
Epoch: 1100, Loss: 0.0071, Train: 85.01%, Valid: 82.00%, Test: 85.99%, Best Valid: 90.00%, Best Test: 91.44%
Epoch: 1200, Loss: 0.0004, Train: 86.40%, Valid: 80.67%, Test: 86.42%, Best Valid: 90.00%, Best Test: 91.44%
Epoch: 1300, Loss: 0.0209, Train: 85.70%, Valid: 78.67%, Test: 85.93%, Best Valid: 90.00%, Best Test: 91.44%
Epoch: 1400, Loss: 0.1078, Train: 80.33%, Valid: 76.00%, Test: 80.48%, Best Valid: 90.00%, Best Test: 91.44%
Epoch: 1500, Loss: 0.0011, Train: 86.67%, Valid: 82.00%, Test: 86.50%, Best Valid: 90.00%, Best Test: 91.44%
Run 10:
Highest Train: 91.00
Highest Valid: 90.00
Highest Test: 91.68
Chosen epoch: 92
Final Train: 90.84
Final Test: 91.44
All runs:
Highest Train: 90.78 ± 0.55
Highest Test: 91.18 ± 0.69
Highest Valid: 89.40 ± 1.73
  Final Train: 88.73 ± 2.09
   Final Test: 89.01 ± 2.10
Saving results to ../results/lowlabel_mv/coauthor-cs/polynormer.csv
Low-label sweep completed.
Task 74 done.
