Sat Sep  5 19:54:13 2026       
+-----------------------------------------------------------------------------------------+
| NVIDIA-SMI 580.159.04             Driver Version: 580.159.04     CUDA Version: 13.0     |
+-----------------------------------------+------------------------+----------------------+
| GPU  Name                 Persistence-M | Bus-Id          Disp.A | Volatile Uncorr. ECC |
| Fan  Temp   Perf          Pwr:Usage/Cap |           Memory-Usage | GPU-Util  Compute M. |
|                                         |                        |               MIG M. |
|=========================================+========================+======================|
|   0  NVIDIA A100-SXM4-80GB          On  |   00000000:01:00.0 Off |                   On |
| N/A   38C    P0            111W /  500W |    5114MiB /  81920MiB |     N/A      Default |
|                                         |                        |              Enabled |
+-----------------------------------------+------------------------+----------------------+
|   1  NVIDIA A100-SXM4-80GB          On  |   00000000:41:00.0 Off |                   On |
| N/A   34C    P0            116W /  500W |    3736MiB /  81920MiB |     N/A      Default |
|                                         |                        |              Enabled |
+-----------------------------------------+------------------------+----------------------+
|   2  NVIDIA A100-SXM4-80GB          On  |   00000000:81:00.0 Off |                   On |
| N/A   35C    P0             90W /  500W |    1564MiB /  81920MiB |     N/A      Default |
|                                         |                        |              Enabled |
+-----------------------------------------+------------------------+----------------------+
|   3  NVIDIA A100-SXM4-80GB          On  |   00000000:C1:00.0 Off |                   On |
| N/A   42C    P0            202W /  500W |   44309MiB /  81920MiB |     N/A      Default |
|                                         |                        |              Enabled |
+-----------------------------------------+------------------------+----------------------+

+-----------------------------------------------------------------------------------------+
| MIG devices:                                                                            |
+------------------+----------------------------------+-----------+-----------------------+
| GPU  GI  CI  MIG |              Shared Memory-Usage |        Vol|        Shared         |
|      ID  ID  Dev |                Shared BAR1-Usage | SM     Unc| CE ENC  DEC  OFA  JPG |
|                  |                                  |        ECC|                       |
|==================+==================================+===========+=======================|
|  2    3   0   0  |              71MiB / 19968MiB    | 28      0 |  2   0    1    0    0 |
|                  |               0MiB / 12271MiB    |           |                       |
+------------------+----------------------------------+-----------+-----------------------+

+-----------------------------------------------------------------------------------------+
| Processes:                                                                              |
|  GPU   GI   CI              PID   Type   Process name                        GPU Memory |
|        ID   ID                                                               Usage      |
|=========================================================================================|
|    0    9    0          3303934      C   ...ware/symmetrix-env/bin/python       1564MiB |
|    0   10    0          3303935      C   ...ware/symmetrix-env/bin/python       3286MiB |
|    1   10    0          3304451      C   ...ware/symmetrix-env/bin/python        436MiB |
|    1    9    0          3304452      C   ...ware/symmetrix-env/bin/python        372MiB |
|    1    3    0          3388091      C   .venv/bin/python                       2656MiB |
|    3    1    0          3030380      C   ...nda3/envs/spot_nsf/bin/python      39840MiB |
|    3   13    0          3305423      C   ...ware/symmetrix-env/bin/python        706MiB |
|    3   14    0          3305424      C   ...ware/symmetrix-env/bin/python        826MiB |
|    3    5    0          3388174      C   .venv/bin/python                       2656MiB |
+-----------------------------------------------------------------------------------------+
Control cell: citeseer / polynormer / budget 20 per class / baseline -> results/lowlabel_mv
python main.py --model polynormer --dataset citeseer --lr 0.001 --hidden_channels 64 --dropout 0.5 --weight_decay 0.0005 --num_heads 8 --runs 10 --device 0 --result_dir ../results/lowlabel_mv --model_dir models/lowlabel_ctrl_1214892_30 --paired_seeds --rand_split_class --valid_num 500 --test_num 1000 --seed 123 --local_layers 7 --global_layers 2 --local_epochs 100 --global_epochs 1000 --beta -1.0 --in_dropout 0.2 --save_model --label_num_per_class 20 --resample_split_per_run --valid_per_class 20 --budget_tag 20
==========================================================
Low-label sweep: python main.py --model polynormer --dataset citeseer --lr 0.001 --hidden_channels 64 --dropout 0.5 --weight_decay 0.0005 --num_heads 8 --runs 10 --device 0 --result_dir ../results/lowlabel_mv --model_dir models/lowlabel_ctrl_1214892_30 --paired_seeds --rand_split_class --valid_num 500 --test_num 1000 --seed 123 --local_layers 7 --global_layers 2 --local_epochs 100 --global_epochs 1000 --beta -1.0 --in_dropout 0.2 --save_model --label_num_per_class 20 --resample_split_per_run --valid_per_class 20 --budget_tag 20
result_dir=../results/lowlabel_mv conditions=[baseline]
==========================================================
--- baseline ---
Namespace(aggregate='add', alpha=0.5, attention='gcn', beta=-1.0, bn=False, budget_tag='20', count_reg=False, count_smoothing=1.0, cpu=False, data_dir='../data/', dataset='citeseer', device=0, dim_inner=64, display_step=100, dropout=0.5, epochs=500, global_dropout=None, global_epochs=1000, global_layers=2, gnn='gcn', graph_weight=0.8, hidden_channels=64, hops=10, in_dropout=0.2, jk=False, label_num_per_class=20, lambda_val=0.5, layers=1, ln=False, local_epochs=100, local_gnn_type='GCN', local_layers=7, lr=0.001, metric='acc', mlp_epochs=500, mlp_reg=False, model='polynormer', model_dir='models/lowlabel_ctrl_1214892_30', n_heads=8, num_centroids=4096, num_heads=8, oracle_reg=False, paired_seeds=True, pe_types='RWSE', penalty_transform='none', pre_linear=False, pre_ln=False, rand_split=False, rand_split_class=True, reg_start_epoch=10, reg_update_freq=5, res=False, resample_split_per_run=True, result_dir='../results/lowlabel_mv', runs=10, save_model=True, save_result=False, seed=123, test_num=1000, tr_dropout=None, tr_layers=1, tr_weight_decay=None, train_per_class=0, train_prop=0.5, use_act=False, use_bn=False, use_graph=False, use_reg=False, use_residual=False, use_weight=False, valid_num=500, valid_per_class=20, valid_prop=0.25, weight_decay=0.0005)
citeseer
Num nodes: 3327
train:torch.Size([120]), valid:torch.Size([500]), test:torch.Size([1000])
dataset citeseer | num nodes 3327 | num edge 9104 | num node feats 3703 | num classes 6
MODEL: Polynormer(
  (h_lins): ModuleList(
    (0): Linear(in_features=512, out_features=512, bias=True)
    (1): Linear(in_features=512, out_features=512, bias=True)
    (2): Linear(in_features=512, out_features=512, bias=True)
    (3): Linear(in_features=512, out_features=512, bias=True)
    (4): Linear(in_features=512, out_features=512, bias=True)
    (5): Linear(in_features=512, out_features=512, bias=True)
    (6): Linear(in_features=512, out_features=512, bias=True)
  )
  (local_convs): ModuleList(
    (0): GATConv(512, 64, heads=8)
    (1): GATConv(512, 64, heads=8)
    (2): GATConv(512, 64, heads=8)
    (3): GATConv(512, 64, heads=8)
    (4): GATConv(512, 64, heads=8)
    (5): GATConv(512, 64, heads=8)
    (6): GATConv(512, 64, heads=8)
  )
  (lins): ModuleList(
    (0): Linear(in_features=512, out_features=512, bias=True)
    (1): Linear(in_features=512, out_features=512, bias=True)
    (2): Linear(in_features=512, out_features=512, bias=True)
    (3): Linear(in_features=512, out_features=512, bias=True)
    (4): Linear(in_features=512, out_features=512, bias=True)
    (5): Linear(in_features=512, out_features=512, bias=True)
    (6): Linear(in_features=512, out_features=512, bias=True)
  )
  (lns): ModuleList(
    (0): LayerNorm((512,), eps=1e-05, elementwise_affine=True)
    (1): LayerNorm((512,), eps=1e-05, elementwise_affine=True)
    (2): LayerNorm((512,), eps=1e-05, elementwise_affine=True)
    (3): LayerNorm((512,), eps=1e-05, elementwise_affine=True)
    (4): LayerNorm((512,), eps=1e-05, elementwise_affine=True)
    (5): LayerNorm((512,), eps=1e-05, elementwise_affine=True)
    (6): LayerNorm((512,), eps=1e-05, elementwise_affine=True)
  )
  (lin_in): Linear(in_features=3703, out_features=512, bias=True)
  (ln): LayerNorm((512,), eps=1e-05, elementwise_affine=True)
  (global_attn): GlobalAttn(
    (h_lins): ModuleList(
      (0): Linear(in_features=512, out_features=512, bias=True)
      (1): Linear(in_features=512, out_features=512, bias=True)
    )
    (k_lins): ModuleList(
      (0): Linear(in_features=512, out_features=512, bias=True)
      (1): Linear(in_features=512, out_features=512, bias=True)
    )
    (v_lins): ModuleList(
      (0): Linear(in_features=512, out_features=512, bias=True)
      (1): Linear(in_features=512, out_features=512, bias=True)
    )
    (lns): ModuleList(
      (0): LayerNorm((512,), eps=1e-05, elementwise_affine=True)
      (1): LayerNorm((512,), eps=1e-05, elementwise_affine=True)
    )
    (lin_out): Linear(in_features=512, out_features=512, bias=True)
  )
  (pred_local): Linear(in_features=512, out_features=6, bias=True)
  (pred_global): Linear(in_features=512, out_features=6, bias=True)
)
train:torch.Size([120]), valid:torch.Size([500]), test:torch.Size([1000])
Matched-budget validation: 120 valid nodes
Epoch: 00, Loss: 2.2073, Train: 20.00%, Valid: 20.83%, Test: 13.70%, Best Valid: 20.83%, Best Test: 13.70%
Switching Polynormer to global attention phase.
Epoch: 100, Loss: 1.8061, Train: 29.17%, Valid: 25.83%, Test: 21.20%, Best Valid: 60.83%, Best Test: 67.40%
Epoch: 200, Loss: 0.0001, Train: 100.00%, Valid: 55.83%, Test: 63.60%, Best Valid: 60.83%, Best Test: 67.40%
Epoch: 300, Loss: 0.0007, Train: 100.00%, Valid: 48.33%, Test: 57.20%, Best Valid: 60.83%, Best Test: 67.40%
Epoch: 400, Loss: 0.0002, Train: 100.00%, Valid: 52.50%, Test: 56.50%, Best Valid: 60.83%, Best Test: 67.40%
Epoch: 500, Loss: 0.0002, Train: 100.00%, Valid: 56.67%, Test: 58.60%, Best Valid: 60.83%, Best Test: 67.40%
Epoch: 600, Loss: 0.0002, Train: 100.00%, Valid: 58.33%, Test: 62.40%, Best Valid: 60.83%, Best Test: 67.40%
Epoch: 700, Loss: 0.0938, Train: 100.00%, Valid: 45.00%, Test: 47.00%, Best Valid: 63.33%, Best Test: 61.30%
Epoch: 800, Loss: 0.0001, Train: 100.00%, Valid: 44.17%, Test: 50.70%, Best Valid: 63.33%, Best Test: 61.30%
Epoch: 900, Loss: 0.0001, Train: 100.00%, Valid: 54.17%, Test: 55.30%, Best Valid: 63.33%, Best Test: 61.30%
Epoch: 1000, Loss: 0.0000, Train: 100.00%, Valid: 60.00%, Test: 58.90%, Best Valid: 63.33%, Best Test: 61.30%
Run 01:
Highest Train: 100.00
Highest Valid: 63.33
Highest Test: 68.30
Chosen epoch: 648
Final Train: 100.00
Final Test: 61.30
train:torch.Size([120]), valid:torch.Size([500]), test:torch.Size([1000])
Matched-budget validation: 120 valid nodes
Epoch: 00, Loss: 2.1858, Train: 24.17%, Valid: 16.67%, Test: 15.80%, Best Valid: 16.67%, Best Test: 15.80%
Switching Polynormer to global attention phase.
Epoch: 100, Loss: 1.7918, Train: 16.67%, Valid: 16.67%, Test: 6.90%, Best Valid: 57.50%, Best Test: 68.10%
Epoch: 200, Loss: 0.0558, Train: 100.00%, Valid: 50.83%, Test: 63.60%, Best Valid: 57.50%, Best Test: 68.10%
Epoch: 300, Loss: 0.0002, Train: 100.00%, Valid: 55.83%, Test: 63.00%, Best Valid: 57.50%, Best Test: 68.10%
Epoch: 400, Loss: 0.0010, Train: 100.00%, Valid: 50.00%, Test: 61.90%, Best Valid: 57.50%, Best Test: 68.10%
Epoch: 500, Loss: 0.0028, Train: 100.00%, Valid: 51.67%, Test: 60.70%, Best Valid: 57.50%, Best Test: 68.10%
Epoch: 600, Loss: 0.0001, Train: 100.00%, Valid: 49.17%, Test: 61.00%, Best Valid: 57.50%, Best Test: 68.10%
Epoch: 700, Loss: 0.0006, Train: 100.00%, Valid: 50.83%, Test: 62.70%, Best Valid: 57.50%, Best Test: 68.10%
Epoch: 800, Loss: 0.0008, Train: 100.00%, Valid: 52.50%, Test: 59.90%, Best Valid: 57.50%, Best Test: 68.10%
Epoch: 900, Loss: 0.0004, Train: 100.00%, Valid: 48.33%, Test: 59.30%, Best Valid: 57.50%, Best Test: 68.10%
Epoch: 1000, Loss: 0.0089, Train: 100.00%, Valid: 49.17%, Test: 59.90%, Best Valid: 57.50%, Best Test: 68.10%
Run 02:
Highest Train: 100.00
Highest Valid: 57.50
Highest Test: 68.80
Chosen epoch: 45
Final Train: 99.17
Final Test: 68.10
train:torch.Size([120]), valid:torch.Size([500]), test:torch.Size([1000])
Matched-budget validation: 120 valid nodes
Epoch: 00, Loss: 2.1936, Train: 20.83%, Valid: 15.83%, Test: 16.00%, Best Valid: 15.83%, Best Test: 16.00%
Switching Polynormer to global attention phase.
Epoch: 100, Loss: 1.7918, Train: 16.67%, Valid: 16.67%, Test: 17.70%, Best Valid: 60.83%, Best Test: 68.60%
Epoch: 200, Loss: 0.0283, Train: 100.00%, Valid: 55.83%, Test: 61.20%, Best Valid: 61.67%, Best Test: 66.70%
Epoch: 300, Loss: 0.0517, Train: 100.00%, Valid: 58.33%, Test: 65.60%, Best Valid: 63.33%, Best Test: 64.40%
Epoch: 400, Loss: 0.0007, Train: 100.00%, Valid: 55.83%, Test: 62.80%, Best Valid: 63.33%, Best Test: 64.40%
Epoch: 500, Loss: 0.0002, Train: 100.00%, Valid: 60.00%, Test: 65.80%, Best Valid: 63.33%, Best Test: 64.40%
Epoch: 600, Loss: 0.0004, Train: 100.00%, Valid: 61.67%, Test: 65.80%, Best Valid: 63.33%, Best Test: 64.40%
Epoch: 700, Loss: 0.0002, Train: 100.00%, Valid: 63.33%, Test: 65.10%, Best Valid: 63.33%, Best Test: 64.40%
Epoch: 800, Loss: 0.0149, Train: 100.00%, Valid: 58.33%, Test: 64.10%, Best Valid: 64.17%, Best Test: 65.10%
Epoch: 900, Loss: 0.0244, Train: 100.00%, Valid: 58.33%, Test: 60.90%, Best Valid: 65.00%, Best Test: 63.50%
Epoch: 1000, Loss: 0.0285, Train: 99.17%, Valid: 62.50%, Test: 62.80%, Best Valid: 65.00%, Best Test: 63.50%
Run 03:
Highest Train: 100.00
Highest Valid: 65.00
Highest Test: 69.80
Chosen epoch: 847
Final Train: 100.00
Final Test: 63.50
train:torch.Size([120]), valid:torch.Size([500]), test:torch.Size([1000])
Matched-budget validation: 120 valid nodes
Epoch: 00, Loss: 2.2390, Train: 28.33%, Valid: 15.00%, Test: 19.30%, Best Valid: 15.00%, Best Test: 19.30%
Switching Polynormer to global attention phase.
Epoch: 100, Loss: 1.7918, Train: 16.67%, Valid: 16.67%, Test: 20.20%, Best Valid: 68.33%, Best Test: 64.70%
Epoch: 200, Loss: 0.0251, Train: 99.17%, Valid: 70.00%, Test: 66.70%, Best Valid: 70.83%, Best Test: 64.50%
Epoch: 300, Loss: 0.0001, Train: 100.00%, Valid: 69.17%, Test: 65.20%, Best Valid: 70.83%, Best Test: 64.50%
Epoch: 400, Loss: 0.0759, Train: 100.00%, Valid: 59.17%, Test: 63.50%, Best Valid: 70.83%, Best Test: 64.50%
Epoch: 500, Loss: 0.0018, Train: 100.00%, Valid: 55.83%, Test: 58.00%, Best Valid: 70.83%, Best Test: 64.50%
Epoch: 600, Loss: 0.0002, Train: 100.00%, Valid: 62.50%, Test: 60.60%, Best Valid: 70.83%, Best Test: 64.50%
Epoch: 700, Loss: 0.0029, Train: 100.00%, Valid: 60.83%, Test: 60.50%, Best Valid: 70.83%, Best Test: 64.50%
Epoch: 800, Loss: 0.0012, Train: 100.00%, Valid: 57.50%, Test: 56.50%, Best Valid: 70.83%, Best Test: 64.50%
Epoch: 900, Loss: 0.0220, Train: 100.00%, Valid: 55.83%, Test: 56.50%, Best Valid: 70.83%, Best Test: 64.50%
Epoch: 1000, Loss: 0.0004, Train: 100.00%, Valid: 56.67%, Test: 59.10%, Best Valid: 70.83%, Best Test: 64.50%
Run 04:
Highest Train: 100.00
Highest Valid: 70.83
Highest Test: 68.00
Chosen epoch: 186
Final Train: 99.17
Final Test: 64.50
train:torch.Size([120]), valid:torch.Size([500]), test:torch.Size([1000])
Matched-budget validation: 120 valid nodes
Epoch: 00, Loss: 2.2501, Train: 22.50%, Valid: 17.50%, Test: 15.40%, Best Valid: 17.50%, Best Test: 15.40%
Switching Polynormer to global attention phase.
Epoch: 100, Loss: 1.7918, Train: 16.67%, Valid: 16.67%, Test: 7.00%, Best Valid: 71.67%, Best Test: 64.10%
Epoch: 200, Loss: 0.0564, Train: 100.00%, Valid: 65.00%, Test: 62.10%, Best Valid: 71.67%, Best Test: 64.10%
Epoch: 300, Loss: 0.0002, Train: 100.00%, Valid: 65.00%, Test: 58.40%, Best Valid: 71.67%, Best Test: 64.10%
Epoch: 400, Loss: 0.0006, Train: 100.00%, Valid: 65.83%, Test: 62.00%, Best Valid: 71.67%, Best Test: 64.10%
Epoch: 500, Loss: 0.0001, Train: 100.00%, Valid: 65.00%, Test: 62.30%, Best Valid: 71.67%, Best Test: 64.10%
Epoch: 600, Loss: 0.0302, Train: 100.00%, Valid: 62.50%, Test: 61.20%, Best Valid: 71.67%, Best Test: 64.10%
Epoch: 700, Loss: 0.0002, Train: 100.00%, Valid: 61.67%, Test: 59.80%, Best Valid: 71.67%, Best Test: 64.10%
Epoch: 800, Loss: 0.0008, Train: 100.00%, Valid: 63.33%, Test: 60.80%, Best Valid: 71.67%, Best Test: 64.10%
Epoch: 900, Loss: 0.0002, Train: 100.00%, Valid: 65.00%, Test: 61.30%, Best Valid: 71.67%, Best Test: 64.10%
Epoch: 1000, Loss: 0.0003, Train: 100.00%, Valid: 64.17%, Test: 62.00%, Best Valid: 71.67%, Best Test: 64.10%
Run 05:
Highest Train: 100.00
Highest Valid: 71.67
Highest Test: 67.70
Chosen epoch: 60
Final Train: 100.00
Final Test: 64.10
train:torch.Size([120]), valid:torch.Size([500]), test:torch.Size([1000])
Matched-budget validation: 120 valid nodes
Epoch: 00, Loss: 2.2050, Train: 21.67%, Valid: 17.50%, Test: 15.90%, Best Valid: 17.50%, Best Test: 15.90%
Switching Polynormer to global attention phase.
Epoch: 100, Loss: 1.7918, Train: 16.67%, Valid: 16.67%, Test: 13.70%, Best Valid: 73.33%, Best Test: 68.30%
Epoch: 200, Loss: 0.0644, Train: 100.00%, Valid: 60.83%, Test: 63.30%, Best Valid: 73.33%, Best Test: 68.30%
Epoch: 300, Loss: 0.0073, Train: 100.00%, Valid: 59.17%, Test: 63.30%, Best Valid: 73.33%, Best Test: 68.30%
Epoch: 400, Loss: 0.0005, Train: 100.00%, Valid: 62.50%, Test: 61.60%, Best Valid: 73.33%, Best Test: 68.30%
Epoch: 500, Loss: 0.0007, Train: 100.00%, Valid: 60.83%, Test: 61.70%, Best Valid: 73.33%, Best Test: 68.30%
Epoch: 600, Loss: 0.0004, Train: 100.00%, Valid: 65.00%, Test: 64.00%, Best Valid: 73.33%, Best Test: 68.30%
Epoch: 700, Loss: 0.0002, Train: 100.00%, Valid: 65.00%, Test: 64.10%, Best Valid: 73.33%, Best Test: 68.30%
Epoch: 800, Loss: 0.0007, Train: 100.00%, Valid: 65.83%, Test: 64.10%, Best Valid: 73.33%, Best Test: 68.30%
Epoch: 900, Loss: 0.0012, Train: 100.00%, Valid: 57.50%, Test: 60.30%, Best Valid: 73.33%, Best Test: 68.30%
Epoch: 1000, Loss: 0.0050, Train: 100.00%, Valid: 56.67%, Test: 56.90%, Best Valid: 73.33%, Best Test: 68.30%
Run 06:
Highest Train: 100.00
Highest Valid: 73.33
Highest Test: 68.80
Chosen epoch: 48
Final Train: 99.17
Final Test: 68.30
train:torch.Size([120]), valid:torch.Size([500]), test:torch.Size([1000])
Matched-budget validation: 120 valid nodes
Epoch: 00, Loss: 2.3059, Train: 12.50%, Valid: 17.50%, Test: 16.30%, Best Valid: 17.50%, Best Test: 16.30%
Switching Polynormer to global attention phase.
Epoch: 100, Loss: 1.7918, Train: 16.67%, Valid: 16.67%, Test: 22.90%, Best Valid: 70.00%, Best Test: 65.80%
Epoch: 200, Loss: 0.1483, Train: 100.00%, Valid: 60.00%, Test: 63.30%, Best Valid: 70.00%, Best Test: 65.80%
Epoch: 300, Loss: 0.0018, Train: 100.00%, Valid: 55.00%, Test: 55.40%, Best Valid: 70.00%, Best Test: 65.80%
Epoch: 400, Loss: 0.0011, Train: 100.00%, Valid: 58.33%, Test: 57.40%, Best Valid: 70.00%, Best Test: 65.80%
Epoch: 500, Loss: 0.0013, Train: 100.00%, Valid: 60.00%, Test: 57.60%, Best Valid: 70.00%, Best Test: 65.80%
Epoch: 600, Loss: 0.0005, Train: 100.00%, Valid: 60.83%, Test: 60.40%, Best Valid: 70.00%, Best Test: 65.80%
Epoch: 700, Loss: 0.0005, Train: 100.00%, Valid: 60.83%, Test: 62.70%, Best Valid: 70.00%, Best Test: 65.80%
Epoch: 800, Loss: 0.0009, Train: 100.00%, Valid: 60.83%, Test: 62.40%, Best Valid: 70.00%, Best Test: 65.80%
Epoch: 900, Loss: 0.0004, Train: 100.00%, Valid: 61.67%, Test: 61.70%, Best Valid: 70.00%, Best Test: 65.80%
Epoch: 1000, Loss: 0.0002, Train: 100.00%, Valid: 57.50%, Test: 59.90%, Best Valid: 70.00%, Best Test: 65.80%
Run 07:
Highest Train: 100.00
Highest Valid: 70.00
Highest Test: 66.90
Chosen epoch: 61
Final Train: 99.17
Final Test: 65.80
train:torch.Size([120]), valid:torch.Size([500]), test:torch.Size([1000])
Matched-budget validation: 120 valid nodes
Epoch: 00, Loss: 2.1812, Train: 23.33%, Valid: 18.33%, Test: 16.60%, Best Valid: 18.33%, Best Test: 16.60%
Switching Polynormer to global attention phase.
Epoch: 100, Loss: 1.7918, Train: 16.67%, Valid: 16.67%, Test: 17.40%, Best Valid: 65.00%, Best Test: 65.20%
Epoch: 200, Loss: 0.0943, Train: 100.00%, Valid: 62.50%, Test: 64.30%, Best Valid: 65.00%, Best Test: 65.20%
Epoch: 300, Loss: 0.0001, Train: 100.00%, Valid: 58.33%, Test: 61.00%, Best Valid: 65.00%, Best Test: 65.20%
Epoch: 400, Loss: 0.0000, Train: 100.00%, Valid: 59.17%, Test: 62.10%, Best Valid: 65.00%, Best Test: 65.20%
Epoch: 500, Loss: 0.0003, Train: 100.00%, Valid: 60.83%, Test: 63.40%, Best Valid: 65.00%, Best Test: 65.20%
Epoch: 600, Loss: 0.0028, Train: 100.00%, Valid: 60.83%, Test: 63.10%, Best Valid: 65.00%, Best Test: 65.20%
Epoch: 700, Loss: 0.0003, Train: 100.00%, Valid: 59.17%, Test: 62.60%, Best Valid: 65.00%, Best Test: 65.20%
Epoch: 800, Loss: 0.0003, Train: 100.00%, Valid: 59.17%, Test: 63.40%, Best Valid: 65.00%, Best Test: 65.20%
Epoch: 900, Loss: 0.0003, Train: 100.00%, Valid: 55.83%, Test: 63.40%, Best Valid: 65.00%, Best Test: 65.20%
Epoch: 1000, Loss: 0.0003, Train: 100.00%, Valid: 54.17%, Test: 60.30%, Best Valid: 65.00%, Best Test: 65.20%
Run 08:
Highest Train: 100.00
Highest Valid: 65.00
Highest Test: 66.00
Chosen epoch: 64
Final Train: 100.00
Final Test: 65.20
train:torch.Size([120]), valid:torch.Size([500]), test:torch.Size([1000])
Matched-budget validation: 120 valid nodes
Epoch: 00, Loss: 2.1715, Train: 23.33%, Valid: 10.83%, Test: 18.90%, Best Valid: 10.83%, Best Test: 18.90%
Switching Polynormer to global attention phase.
Epoch: 100, Loss: 1.7918, Train: 16.67%, Valid: 16.67%, Test: 21.00%, Best Valid: 60.00%, Best Test: 59.20%
Epoch: 200, Loss: 0.0882, Train: 100.00%, Valid: 46.67%, Test: 49.90%, Best Valid: 60.00%, Best Test: 59.20%
Epoch: 300, Loss: 0.6451, Train: 100.00%, Valid: 53.33%, Test: 47.80%, Best Valid: 60.00%, Best Test: 59.20%
Epoch: 400, Loss: 0.0004, Train: 100.00%, Valid: 52.50%, Test: 52.00%, Best Valid: 60.00%, Best Test: 59.20%
Epoch: 500, Loss: 0.0004, Train: 100.00%, Valid: 55.83%, Test: 55.70%, Best Valid: 60.00%, Best Test: 59.20%
Epoch: 600, Loss: 0.0008, Train: 100.00%, Valid: 51.67%, Test: 51.60%, Best Valid: 60.00%, Best Test: 59.20%
Epoch: 700, Loss: 0.0002, Train: 100.00%, Valid: 51.67%, Test: 52.50%, Best Valid: 60.00%, Best Test: 59.20%
Epoch: 800, Loss: 0.0004, Train: 100.00%, Valid: 50.83%, Test: 51.80%, Best Valid: 60.00%, Best Test: 59.20%
Epoch: 900, Loss: 0.0003, Train: 100.00%, Valid: 50.00%, Test: 52.30%, Best Valid: 60.00%, Best Test: 59.20%
Epoch: 1000, Loss: 0.0003, Train: 100.00%, Valid: 50.83%, Test: 53.90%, Best Valid: 60.00%, Best Test: 59.20%
Run 09:
Highest Train: 100.00
Highest Valid: 60.00
Highest Test: 63.40
Chosen epoch: 72
Final Train: 100.00
Final Test: 59.20
train:torch.Size([120]), valid:torch.Size([500]), test:torch.Size([1000])
Matched-budget validation: 120 valid nodes
Epoch: 00, Loss: 2.3629, Train: 23.33%, Valid: 17.50%, Test: 18.90%, Best Valid: 17.50%, Best Test: 18.90%
Switching Polynormer to global attention phase.
Epoch: 100, Loss: 1.7917, Train: 16.67%, Valid: 16.67%, Test: 20.50%, Best Valid: 70.83%, Best Test: 65.80%
Epoch: 200, Loss: 0.0373, Train: 100.00%, Valid: 67.50%, Test: 64.40%, Best Valid: 70.83%, Best Test: 65.80%
Epoch: 300, Loss: 0.0006, Train: 100.00%, Valid: 61.67%, Test: 65.20%, Best Valid: 70.83%, Best Test: 65.80%
Epoch: 400, Loss: 0.0036, Train: 100.00%, Valid: 62.50%, Test: 64.40%, Best Valid: 70.83%, Best Test: 65.80%
Epoch: 500, Loss: 0.0003, Train: 100.00%, Valid: 57.50%, Test: 66.40%, Best Valid: 70.83%, Best Test: 65.80%
Epoch: 600, Loss: 0.0013, Train: 100.00%, Valid: 60.83%, Test: 61.00%, Best Valid: 70.83%, Best Test: 65.80%
Epoch: 700, Loss: 0.0037, Train: 99.17%, Valid: 51.67%, Test: 59.80%, Best Valid: 70.83%, Best Test: 65.80%
Epoch: 800, Loss: 0.0014, Train: 100.00%, Valid: 53.33%, Test: 51.70%, Best Valid: 70.83%, Best Test: 65.80%
Epoch: 900, Loss: 0.0005, Train: 100.00%, Valid: 55.83%, Test: 56.60%, Best Valid: 70.83%, Best Test: 65.80%
Epoch: 1000, Loss: 0.0009, Train: 100.00%, Valid: 60.00%, Test: 58.00%, Best Valid: 70.83%, Best Test: 65.80%
Run 10:
Highest Train: 100.00
Highest Valid: 70.83
Highest Test: 69.20
Chosen epoch: 39
Final Train: 98.33
Final Test: 65.80
All runs:
Highest Train: 100.00 ± 0.00
Highest Test: 67.69 ± 1.87
Highest Valid: 66.75 ± 5.38
  Final Train: 99.50 ± 0.58
   Final Test: 64.58 ± 2.80
Saving results to ../results/lowlabel_mv/citeseer/polynormer.csv
Low-label sweep completed.
Task 30 done.
