Sat Aug  8 16:29:03 2026       
+-----------------------------------------------------------------------------------------+
| NVIDIA-SMI 580.159.04             Driver Version: 580.159.04     CUDA Version: 13.0     |
+-----------------------------------------+------------------------+----------------------+
| GPU  Name                 Persistence-M | Bus-Id          Disp.A | Volatile Uncorr. ECC |
| Fan  Temp   Perf          Pwr:Usage/Cap |           Memory-Usage | GPU-Util  Compute M. |
|                                         |                        |               MIG M. |
|=========================================+========================+======================|
|   0  NVIDIA A100-SXM4-80GB          On  |   00000000:01:00.0 Off |                   On |
| N/A   48C    P0            146W /  500W |   39467MiB /  81920MiB |     N/A      Default |
|                                         |                        |              Enabled |
+-----------------------------------------+------------------------+----------------------+
|   1  NVIDIA A100-SXM4-80GB          On  |   00000000:41:00.0 Off |                   On |
| N/A   45C    P0            205W /  500W |   33647MiB /  81920MiB |     N/A      Default |
|                                         |                        |              Enabled |
+-----------------------------------------+------------------------+----------------------+
|   2  NVIDIA A100-SXM4-80GB          On  |   00000000:81:00.0 Off |                   On |
| N/A   54C    P0            271W /  500W |   50287MiB /  81920MiB |     N/A      Default |
|                                         |                        |              Enabled |
+-----------------------------------------+------------------------+----------------------+
|   3  NVIDIA A100-SXM4-80GB          On  |   00000000:C1:00.0 Off |                   On |
| N/A   39C    P0            191W /  500W |   39528MiB /  81920MiB |     N/A      Default |
|                                         |                        |              Enabled |
+-----------------------------------------+------------------------+----------------------+

+-----------------------------------------------------------------------------------------+
| MIG devices:                                                                            |
+------------------+----------------------------------+-----------+-----------------------+
| GPU  GI  CI  MIG |              Shared Memory-Usage |        Vol|        Shared         |
|      ID  ID  Dev |                Shared BAR1-Usage | SM     Unc| CE ENC  DEC  OFA  JPG |
|                  |                                  |        ECC|                       |
|==================+==================================+===========+=======================|
|  0    5   0   0  |              71MiB / 19968MiB    | 28      0 |  2   0    1    0    0 |
|                  |               0MiB / 12271MiB    |           |                       |
+------------------+----------------------------------+-----------+-----------------------+

+-----------------------------------------------------------------------------------------+
| Processes:                                                                              |
|  GPU   GI   CI              PID   Type   Process name                        GPU Memory |
|        ID   ID                                                               Usage      |
|=========================================================================================|
|    1    2    0           802657      C   ....conda/envs/lmflow/bin/python      28796MiB |
|    1   10    0           826220      C   ...ware/symmetrix-env/bin/python        994MiB |
|    1    9    0           826222      C   ...ware/symmetrix-env/bin/python        880MiB |
|    1    3    0          1713203      C   python                                 2696MiB |
|    2    2    0           802664      C   ....conda/envs/lmflow/bin/python      36212MiB |
|    2    9    0           826228      C   ...ware/symmetrix-env/bin/python       1046MiB |
|    2   10    0           826229      C   ...ware/symmetrix-env/bin/python       1046MiB |
|    2    3    0          1701408      C   python                                11702MiB |
|    3    1    0          1364789      C   python                                39270MiB |
+-----------------------------------------------------------------------------------------+
Cell: amazon-ratings / gcn / budget 20 per class / group 0
python main.py --gnn gcn --dataset amazon-ratings --hidden_channels 512 --epochs 2500 --lr 0.001 --runs 3 --local_layers 4 --weight_decay 0.0 --dropout 0.5 --device 0 --bn --res --runs 10 --train_per_class 20 --budget_tag 20
==========================================================
Low-label sweep: python main.py --gnn gcn --dataset amazon-ratings --hidden_channels 512 --epochs 2500 --lr 0.001 --runs 3 --local_layers 4 --weight_decay 0.0 --dropout 0.5 --device 0 --bn --res --runs 10 --train_per_class 20 --budget_tag 20
result_dir=results/lowlabel conditions=[baseline]
==========================================================
--- baseline ---
Namespace(bn=True, budget_tag='20', count_reg=False, count_smoothing=1.0, cpu=False, data_dir='./data/', dataset='amazon-ratings', device=0, display_step=100, dropout=0.5, epochs=2500, gnn='gcn', hidden_channels=512, jk=False, label_num_per_class=20, lambda_val=0.5, ln=False, local_layers=4, lr=0.001, metric='acc', mlp_epochs=500, mlp_reg=False, model='MPNN', model_dir='models', num_heads=1, oracle_reg=False, paired_seeds=True, penalty_transform='none', pre_linear=False, pre_ln=False, rand_split=False, rand_split_class=False, reg_start_epoch=10, reg_update_freq=5, res=True, resample_split_per_run=False, result_dir='results/lowlabel', runs=10, save_model=False, seed=42, test_num=1000, train_per_class=20, train_prop=0.5, use_reg=False, valid_num=500, valid_per_class=0, valid_prop=0.25, weight_decay=0.0)
amazon-ratings
dataset amazon-ratings | num nodes 24492 | num edge 93050 | num node feats 300 | num classes 5
MODEL: MPNNs(
  (h_lins): ModuleList()
  (local_convs): ModuleList(
    (0): GCNConv(300, 512)
    (1): GCNConv(512, 512)
    (2): GCNConv(512, 512)
    (3): GCNConv(512, 512)
  )
  (lins): ModuleList(
    (0): Linear(in_features=300, out_features=512, bias=True)
    (1): Linear(in_features=512, out_features=512, bias=True)
    (2): Linear(in_features=512, out_features=512, bias=True)
    (3): Linear(in_features=512, out_features=512, bias=True)
  )
  (lns): ModuleList(
    (0): LayerNorm((512,), eps=1e-05, elementwise_affine=True)
    (1): LayerNorm((512,), eps=1e-05, elementwise_affine=True)
    (2): LayerNorm((512,), eps=1e-05, elementwise_affine=True)
    (3): LayerNorm((512,), eps=1e-05, elementwise_affine=True)
  )
  (bns): ModuleList(
    (0): BatchNorm1d(512, eps=1e-05, momentum=0.1, affine=True, track_running_stats=True)
    (1): BatchNorm1d(512, eps=1e-05, momentum=0.1, affine=True, track_running_stats=True)
    (2): BatchNorm1d(512, eps=1e-05, momentum=0.1, affine=True, track_running_stats=True)
    (3): BatchNorm1d(512, eps=1e-05, momentum=0.1, affine=True, track_running_stats=True)
  )
  (lin_in): Linear(in_features=300, out_features=512, bias=True)
  (pred_local): Linear(in_features=512, out_features=5, bias=True)
)
Label budget: 20/class -> 100 train nodes
Epoch: 00, Loss: 1.6798, Train: 36.77%, Valid: 36.73%, Test: 36.80%, Best Valid: 36.73%, Best Test: 36.80%
Epoch: 100, Loss: 0.0017, Train: 19.97%, Valid: 19.26%, Test: 19.60%, Best Valid: 36.73%, Best Test: 36.80%
Epoch: 200, Loss: 0.0004, Train: 20.55%, Valid: 19.76%, Test: 20.35%, Best Valid: 36.73%, Best Test: 36.80%
Epoch: 300, Loss: 0.0001, Train: 20.67%, Valid: 19.89%, Test: 20.32%, Best Valid: 36.73%, Best Test: 36.80%
Epoch: 400, Loss: 0.0001, Train: 20.27%, Valid: 19.57%, Test: 20.06%, Best Valid: 36.73%, Best Test: 36.80%
Epoch: 500, Loss: 0.0001, Train: 20.50%, Valid: 19.68%, Test: 19.99%, Best Valid: 36.73%, Best Test: 36.80%
Epoch: 600, Loss: 0.0001, Train: 21.00%, Valid: 19.71%, Test: 20.37%, Best Valid: 36.73%, Best Test: 36.80%
Epoch: 700, Loss: 0.0000, Train: 20.46%, Valid: 19.52%, Test: 19.97%, Best Valid: 36.73%, Best Test: 36.80%
Epoch: 800, Loss: 0.0001, Train: 20.67%, Valid: 19.84%, Test: 20.27%, Best Valid: 36.73%, Best Test: 36.80%
Epoch: 900, Loss: 0.0002, Train: 19.81%, Valid: 19.12%, Test: 19.79%, Best Valid: 36.73%, Best Test: 36.80%
Epoch: 1000, Loss: 0.0000, Train: 20.26%, Valid: 19.76%, Test: 20.45%, Best Valid: 36.73%, Best Test: 36.80%
Epoch: 1100, Loss: 0.0000, Train: 18.24%, Valid: 17.44%, Test: 17.79%, Best Valid: 36.73%, Best Test: 36.80%
Epoch: 1200, Loss: 0.0000, Train: 20.23%, Valid: 19.83%, Test: 20.76%, Best Valid: 36.73%, Best Test: 36.80%
Epoch: 1300, Loss: 0.0000, Train: 20.37%, Valid: 19.88%, Test: 20.86%, Best Valid: 36.73%, Best Test: 36.80%
Epoch: 1400, Loss: 0.0000, Train: 20.41%, Valid: 19.94%, Test: 20.95%, Best Valid: 36.73%, Best Test: 36.80%
Epoch: 1500, Loss: 0.0000, Train: 20.37%, Valid: 19.83%, Test: 20.82%, Best Valid: 36.73%, Best Test: 36.80%
Epoch: 1600, Loss: 0.0000, Train: 20.37%, Valid: 19.71%, Test: 20.74%, Best Valid: 36.73%, Best Test: 36.80%
Epoch: 1700, Loss: 0.0000, Train: 20.55%, Valid: 19.76%, Test: 20.73%, Best Valid: 36.73%, Best Test: 36.80%
Epoch: 1800, Loss: 0.0000, Train: 20.35%, Valid: 19.57%, Test: 20.64%, Best Valid: 36.73%, Best Test: 36.80%
Epoch: 1900, Loss: 0.0000, Train: 20.33%, Valid: 19.60%, Test: 20.41%, Best Valid: 36.73%, Best Test: 36.80%
Epoch: 2000, Loss: 0.0000, Train: 20.29%, Valid: 19.43%, Test: 20.45%, Best Valid: 36.73%, Best Test: 36.80%
Epoch: 2100, Loss: 0.0001, Train: 20.50%, Valid: 19.61%, Test: 20.66%, Best Valid: 36.73%, Best Test: 36.80%
Epoch: 2200, Loss: 0.0000, Train: 20.34%, Valid: 19.40%, Test: 20.53%, Best Valid: 36.73%, Best Test: 36.80%
Epoch: 2300, Loss: 0.0000, Train: 20.33%, Valid: 19.63%, Test: 20.50%, Best Valid: 36.73%, Best Test: 36.80%
Epoch: 2400, Loss: 0.0000, Train: 20.37%, Valid: 19.45%, Test: 20.32%, Best Valid: 36.73%, Best Test: 36.80%
Run 01:
Highest Train: 36.77
Highest Valid: 36.73
Highest Test: 36.80
Chosen epoch: 0
Final Train: 36.77
Final Test: 36.80
Label budget: 20/class -> 100 train nodes
Epoch: 00, Loss: 1.7321, Train: 13.42%, Valid: 13.20%, Test: 13.33%, Best Valid: 13.20%, Best Test: 13.33%
Epoch: 100, Loss: 0.0007, Train: 22.47%, Valid: 20.97%, Test: 21.92%, Best Valid: 36.55%, Best Test: 36.55%
Epoch: 200, Loss: 0.0002, Train: 22.81%, Valid: 21.38%, Test: 22.41%, Best Valid: 36.55%, Best Test: 36.55%
Epoch: 300, Loss: 0.0001, Train: 22.51%, Valid: 21.15%, Test: 21.79%, Best Valid: 36.55%, Best Test: 36.55%
Epoch: 400, Loss: 0.0002, Train: 22.75%, Valid: 21.15%, Test: 22.03%, Best Valid: 36.55%, Best Test: 36.55%
Epoch: 500, Loss: 0.0000, Train: 22.71%, Valid: 21.22%, Test: 22.02%, Best Valid: 36.55%, Best Test: 36.55%
Epoch: 600, Loss: 0.0000, Train: 22.68%, Valid: 21.20%, Test: 22.03%, Best Valid: 36.55%, Best Test: 36.55%
Epoch: 700, Loss: 0.0000, Train: 22.81%, Valid: 21.30%, Test: 22.15%, Best Valid: 36.55%, Best Test: 36.55%
Epoch: 800, Loss: 0.0000, Train: 22.78%, Valid: 21.30%, Test: 22.26%, Best Valid: 36.55%, Best Test: 36.55%
Epoch: 900, Loss: 0.0000, Train: 22.64%, Valid: 21.26%, Test: 22.21%, Best Valid: 36.55%, Best Test: 36.55%
Epoch: 1000, Loss: 0.0000, Train: 22.88%, Valid: 21.44%, Test: 22.59%, Best Valid: 36.55%, Best Test: 36.55%
Epoch: 1100, Loss: 0.0000, Train: 22.94%, Valid: 21.51%, Test: 22.33%, Best Valid: 36.55%, Best Test: 36.55%
Epoch: 1200, Loss: 0.0000, Train: 22.89%, Valid: 21.59%, Test: 22.28%, Best Valid: 36.55%, Best Test: 36.55%
Epoch: 1300, Loss: 0.0000, Train: 22.90%, Valid: 21.64%, Test: 22.24%, Best Valid: 36.55%, Best Test: 36.55%
Epoch: 1400, Loss: 0.0000, Train: 22.79%, Valid: 21.66%, Test: 22.34%, Best Valid: 36.55%, Best Test: 36.55%
Epoch: 1500, Loss: 0.0000, Train: 23.00%, Valid: 21.87%, Test: 22.33%, Best Valid: 36.55%, Best Test: 36.55%
Epoch: 1600, Loss: 0.0000, Train: 22.88%, Valid: 21.71%, Test: 22.29%, Best Valid: 36.55%, Best Test: 36.55%
Epoch: 1700, Loss: 0.0000, Train: 23.03%, Valid: 21.84%, Test: 22.33%, Best Valid: 36.55%, Best Test: 36.55%
Epoch: 1800, Loss: 0.0000, Train: 22.86%, Valid: 21.93%, Test: 22.29%, Best Valid: 36.55%, Best Test: 36.55%
Epoch: 1900, Loss: 0.0000, Train: 22.91%, Valid: 21.97%, Test: 22.24%, Best Valid: 36.55%, Best Test: 36.55%
Epoch: 2000, Loss: 0.0000, Train: 22.94%, Valid: 21.93%, Test: 22.24%, Best Valid: 36.55%, Best Test: 36.55%
Epoch: 2100, Loss: 0.0000, Train: 22.97%, Valid: 21.80%, Test: 22.24%, Best Valid: 36.55%, Best Test: 36.55%
Epoch: 2200, Loss: 0.0000, Train: 23.02%, Valid: 21.90%, Test: 22.20%, Best Valid: 36.55%, Best Test: 36.55%
Epoch: 2300, Loss: 0.0000, Train: 23.03%, Valid: 21.92%, Test: 22.13%, Best Valid: 36.55%, Best Test: 36.55%
Epoch: 2400, Loss: 0.0000, Train: 22.95%, Valid: 21.74%, Test: 22.16%, Best Valid: 36.55%, Best Test: 36.55%
Run 02:
Highest Train: 36.58
Highest Valid: 36.55
Highest Test: 36.57
Chosen epoch: 12
Final Train: 36.56
Final Test: 36.55
Label budget: 20/class -> 100 train nodes
Epoch: 00, Loss: 1.7140, Train: 25.39%, Valid: 25.62%, Test: 24.79%, Best Valid: 25.62%, Best Test: 24.79%
Epoch: 100, Loss: 0.0162, Train: 24.85%, Valid: 24.04%, Test: 24.15%, Best Valid: 36.34%, Best Test: 35.28%
Epoch: 200, Loss: 0.0003, Train: 24.91%, Valid: 23.81%, Test: 24.04%, Best Valid: 36.34%, Best Test: 35.28%
Epoch: 300, Loss: 0.0001, Train: 25.26%, Valid: 24.53%, Test: 24.35%, Best Valid: 36.34%, Best Test: 35.28%
Epoch: 400, Loss: 0.0001, Train: 25.19%, Valid: 24.89%, Test: 24.42%, Best Valid: 36.34%, Best Test: 35.28%
Epoch: 500, Loss: 0.0001, Train: 25.08%, Valid: 24.84%, Test: 24.32%, Best Valid: 36.34%, Best Test: 35.28%
Epoch: 600, Loss: 0.0000, Train: 25.15%, Valid: 25.07%, Test: 24.55%, Best Valid: 36.34%, Best Test: 35.28%
Epoch: 700, Loss: 0.0000, Train: 25.23%, Valid: 25.27%, Test: 24.69%, Best Valid: 36.34%, Best Test: 35.28%
Epoch: 800, Loss: 0.0000, Train: 25.00%, Valid: 24.84%, Test: 24.02%, Best Valid: 36.34%, Best Test: 35.28%
Epoch: 900, Loss: 0.0000, Train: 25.05%, Valid: 24.78%, Test: 23.99%, Best Valid: 36.34%, Best Test: 35.28%
Epoch: 1000, Loss: 0.0000, Train: 25.16%, Valid: 24.82%, Test: 24.19%, Best Valid: 36.34%, Best Test: 35.28%
Epoch: 1100, Loss: 0.0000, Train: 24.78%, Valid: 24.64%, Test: 24.07%, Best Valid: 36.34%, Best Test: 35.28%
Epoch: 1200, Loss: 0.0000, Train: 25.00%, Valid: 24.74%, Test: 24.48%, Best Valid: 36.34%, Best Test: 35.28%
Epoch: 1300, Loss: 0.1245, Train: 28.01%, Valid: 27.16%, Test: 27.47%, Best Valid: 36.34%, Best Test: 35.28%
Epoch: 1400, Loss: 0.0001, Train: 23.64%, Valid: 23.66%, Test: 23.58%, Best Valid: 36.34%, Best Test: 35.28%
Epoch: 1500, Loss: 0.0000, Train: 23.53%, Valid: 23.45%, Test: 23.32%, Best Valid: 36.34%, Best Test: 35.28%
Epoch: 1600, Loss: 0.0000, Train: 23.58%, Valid: 23.44%, Test: 23.19%, Best Valid: 36.34%, Best Test: 35.28%
Epoch: 1700, Loss: 0.0000, Train: 23.62%, Valid: 23.42%, Test: 23.14%, Best Valid: 36.34%, Best Test: 35.28%
Epoch: 1800, Loss: 0.0000, Train: 23.53%, Valid: 23.42%, Test: 23.01%, Best Valid: 36.34%, Best Test: 35.28%
Epoch: 1900, Loss: 0.0000, Train: 23.39%, Valid: 23.08%, Test: 22.91%, Best Valid: 36.34%, Best Test: 35.28%
Epoch: 2000, Loss: 0.0000, Train: 23.54%, Valid: 23.45%, Test: 23.08%, Best Valid: 36.34%, Best Test: 35.28%
Epoch: 2100, Loss: 0.0000, Train: 23.62%, Valid: 23.29%, Test: 23.17%, Best Valid: 36.34%, Best Test: 35.28%
Epoch: 2200, Loss: 0.0000, Train: 23.85%, Valid: 23.39%, Test: 23.37%, Best Valid: 36.34%, Best Test: 35.28%
Epoch: 2300, Loss: 0.0000, Train: 23.80%, Valid: 23.42%, Test: 23.35%, Best Valid: 36.34%, Best Test: 35.28%
Epoch: 2400, Loss: 0.0000, Train: 23.78%, Valid: 23.44%, Test: 23.40%, Best Valid: 36.34%, Best Test: 35.28%
Run 03:
Highest Train: 35.72
Highest Valid: 36.34
Highest Test: 35.69
Chosen epoch: 2
Final Train: 35.24
Final Test: 35.28
Label budget: 20/class -> 100 train nodes
Epoch: 00, Loss: 1.7932, Train: 9.99%, Valid: 9.49%, Test: 9.78%, Best Valid: 9.49%, Best Test: 9.78%
Epoch: 100, Loss: 0.0008, Train: 22.34%, Valid: 21.74%, Test: 20.32%, Best Valid: 26.54%, Best Test: 25.28%
Epoch: 200, Loss: 0.0002, Train: 23.93%, Valid: 23.27%, Test: 21.61%, Best Valid: 26.54%, Best Test: 25.28%
Epoch: 300, Loss: 0.0001, Train: 23.52%, Valid: 22.31%, Test: 21.05%, Best Valid: 26.54%, Best Test: 25.28%
Epoch: 400, Loss: 0.0001, Train: 23.68%, Valid: 22.54%, Test: 21.22%, Best Valid: 26.54%, Best Test: 25.28%
Epoch: 500, Loss: 0.0001, Train: 23.47%, Valid: 22.37%, Test: 21.07%, Best Valid: 26.54%, Best Test: 25.28%
Epoch: 600, Loss: 0.0086, Train: 22.51%, Valid: 23.09%, Test: 21.90%, Best Valid: 26.70%, Best Test: 25.28%
Epoch: 700, Loss: 0.0003, Train: 22.86%, Valid: 22.65%, Test: 21.26%, Best Valid: 26.70%, Best Test: 25.28%
Epoch: 800, Loss: 0.0001, Train: 22.60%, Valid: 22.91%, Test: 20.99%, Best Valid: 26.70%, Best Test: 25.28%
Epoch: 900, Loss: 0.0000, Train: 22.20%, Valid: 22.42%, Test: 20.94%, Best Valid: 26.70%, Best Test: 25.28%
Epoch: 1000, Loss: 0.0000, Train: 22.42%, Valid: 22.64%, Test: 20.89%, Best Valid: 26.70%, Best Test: 25.28%
Epoch: 1100, Loss: 0.0000, Train: 22.71%, Valid: 22.75%, Test: 21.05%, Best Valid: 26.70%, Best Test: 25.28%
Epoch: 1200, Loss: 0.0000, Train: 22.74%, Valid: 22.80%, Test: 21.23%, Best Valid: 26.70%, Best Test: 25.28%
Epoch: 1300, Loss: 0.0000, Train: 22.59%, Valid: 22.41%, Test: 21.08%, Best Valid: 26.70%, Best Test: 25.28%
Epoch: 1400, Loss: 0.0000, Train: 22.68%, Valid: 22.51%, Test: 21.10%, Best Valid: 26.70%, Best Test: 25.28%
Epoch: 1500, Loss: 0.0000, Train: 22.70%, Valid: 22.60%, Test: 21.07%, Best Valid: 26.70%, Best Test: 25.28%
Epoch: 1600, Loss: 0.0000, Train: 22.82%, Valid: 22.72%, Test: 21.04%, Best Valid: 26.70%, Best Test: 25.28%
Epoch: 1700, Loss: 0.0000, Train: 22.60%, Valid: 22.46%, Test: 20.81%, Best Valid: 26.70%, Best Test: 25.28%
Epoch: 1800, Loss: 0.0000, Train: 22.57%, Valid: 22.52%, Test: 20.81%, Best Valid: 26.70%, Best Test: 25.28%
Epoch: 1900, Loss: 0.0000, Train: 23.96%, Valid: 23.83%, Test: 21.98%, Best Valid: 26.70%, Best Test: 25.28%
Epoch: 2000, Loss: 0.0000, Train: 22.70%, Valid: 22.54%, Test: 21.10%, Best Valid: 26.70%, Best Test: 25.28%
Epoch: 2100, Loss: 0.0000, Train: 22.73%, Valid: 22.52%, Test: 21.18%, Best Valid: 26.70%, Best Test: 25.28%
Epoch: 2200, Loss: 0.0000, Train: 22.79%, Valid: 22.62%, Test: 21.25%, Best Valid: 26.70%, Best Test: 25.28%
Epoch: 2300, Loss: 0.0000, Train: 22.93%, Valid: 22.73%, Test: 21.25%, Best Valid: 26.70%, Best Test: 25.28%
Epoch: 2400, Loss: 0.0000, Train: 22.91%, Valid: 22.67%, Test: 21.36%, Best Valid: 26.70%, Best Test: 25.28%
Run 04:
Highest Train: 27.64
Highest Valid: 26.70
Highest Test: 25.79
Chosen epoch: 598
Final Train: 26.97
Final Test: 25.28
Label budget: 20/class -> 100 train nodes
Epoch: 00, Loss: 1.7313, Train: 4.34%, Valid: 4.33%, Test: 4.33%, Best Valid: 4.33%, Best Test: 4.33%
Epoch: 100, Loss: 0.0005, Train: 25.11%, Valid: 24.74%, Test: 24.94%, Best Valid: 27.65%, Best Test: 27.76%
Epoch: 200, Loss: 0.0003, Train: 24.45%, Valid: 24.07%, Test: 24.33%, Best Valid: 27.65%, Best Test: 27.76%
Epoch: 300, Loss: 0.0001, Train: 24.38%, Valid: 24.06%, Test: 24.19%, Best Valid: 27.65%, Best Test: 27.76%
Epoch: 400, Loss: 0.0000, Train: 24.27%, Valid: 23.86%, Test: 24.04%, Best Valid: 27.65%, Best Test: 27.76%
Epoch: 500, Loss: 0.0001, Train: 24.25%, Valid: 23.91%, Test: 23.98%, Best Valid: 27.65%, Best Test: 27.76%
Epoch: 600, Loss: 0.0000, Train: 24.16%, Valid: 23.81%, Test: 24.24%, Best Valid: 27.65%, Best Test: 27.76%
Epoch: 700, Loss: 0.0000, Train: 24.15%, Valid: 23.71%, Test: 24.09%, Best Valid: 27.65%, Best Test: 27.76%
Epoch: 800, Loss: 0.0000, Train: 24.07%, Valid: 23.45%, Test: 23.83%, Best Valid: 27.65%, Best Test: 27.76%
Epoch: 900, Loss: 0.0000, Train: 23.97%, Valid: 23.71%, Test: 23.88%, Best Valid: 27.65%, Best Test: 27.76%
Epoch: 1000, Loss: 0.0000, Train: 23.97%, Valid: 23.71%, Test: 23.76%, Best Valid: 27.65%, Best Test: 27.76%
Epoch: 1100, Loss: 0.0000, Train: 23.93%, Valid: 23.42%, Test: 23.78%, Best Valid: 27.65%, Best Test: 27.76%
Epoch: 1200, Loss: 0.0000, Train: 23.80%, Valid: 23.27%, Test: 23.52%, Best Valid: 27.65%, Best Test: 27.76%
Epoch: 1300, Loss: 0.0000, Train: 23.76%, Valid: 23.17%, Test: 23.65%, Best Valid: 27.65%, Best Test: 27.76%
Epoch: 1400, Loss: 0.0000, Train: 23.84%, Valid: 23.27%, Test: 23.66%, Best Valid: 27.65%, Best Test: 27.76%
Epoch: 1500, Loss: 0.0000, Train: 23.68%, Valid: 23.01%, Test: 23.47%, Best Valid: 27.65%, Best Test: 27.76%
Epoch: 1600, Loss: 0.0000, Train: 23.73%, Valid: 23.06%, Test: 23.65%, Best Valid: 27.65%, Best Test: 27.76%
Epoch: 1700, Loss: 0.0000, Train: 23.53%, Valid: 22.95%, Test: 23.58%, Best Valid: 27.65%, Best Test: 27.76%
Epoch: 1800, Loss: 0.0000, Train: 23.63%, Valid: 23.03%, Test: 23.45%, Best Valid: 27.65%, Best Test: 27.76%
Epoch: 1900, Loss: 0.0000, Train: 23.66%, Valid: 23.14%, Test: 23.53%, Best Valid: 27.65%, Best Test: 27.76%
Epoch: 2000, Loss: 0.0000, Train: 23.80%, Valid: 23.13%, Test: 23.70%, Best Valid: 27.65%, Best Test: 27.76%
Epoch: 2100, Loss: 0.0000, Train: 23.80%, Valid: 22.93%, Test: 23.75%, Best Valid: 27.65%, Best Test: 27.76%
Epoch: 2200, Loss: 0.0000, Train: 23.72%, Valid: 23.03%, Test: 23.68%, Best Valid: 27.65%, Best Test: 27.76%
Epoch: 2300, Loss: 0.0000, Train: 23.80%, Valid: 23.06%, Test: 23.62%, Best Valid: 27.65%, Best Test: 27.76%
Epoch: 2400, Loss: 0.0000, Train: 23.59%, Valid: 23.01%, Test: 23.50%, Best Valid: 27.65%, Best Test: 27.76%
Run 05:
Highest Train: 27.90
Highest Valid: 27.65
Highest Test: 27.76
Chosen epoch: 53
Final Train: 27.90
Final Test: 27.76
Label budget: 20/class -> 100 train nodes
Epoch: 00, Loss: 1.7477, Train: 8.99%, Valid: 8.98%, Test: 8.98%, Best Valid: 8.98%, Best Test: 8.98%
Epoch: 100, Loss: 0.0005, Train: 22.55%, Valid: 22.10%, Test: 23.06%, Best Valid: 26.07%, Best Test: 26.88%
Epoch: 200, Loss: 0.0004, Train: 22.28%, Valid: 21.77%, Test: 22.96%, Best Valid: 26.07%, Best Test: 26.88%
Epoch: 300, Loss: 0.0001, Train: 22.40%, Valid: 21.79%, Test: 22.90%, Best Valid: 26.07%, Best Test: 26.88%
Epoch: 400, Loss: 0.0001, Train: 22.55%, Valid: 22.39%, Test: 23.70%, Best Valid: 26.07%, Best Test: 26.88%
Epoch: 500, Loss: 0.0000, Train: 22.82%, Valid: 22.36%, Test: 23.55%, Best Valid: 26.07%, Best Test: 26.88%
Epoch: 600, Loss: 0.0000, Train: 22.59%, Valid: 22.16%, Test: 23.53%, Best Valid: 26.07%, Best Test: 26.88%
Epoch: 700, Loss: 0.0000, Train: 22.68%, Valid: 22.31%, Test: 23.44%, Best Valid: 26.07%, Best Test: 26.88%
Epoch: 800, Loss: 0.0000, Train: 22.81%, Valid: 22.26%, Test: 23.53%, Best Valid: 26.07%, Best Test: 26.88%
Epoch: 900, Loss: 0.0000, Train: 22.77%, Valid: 22.29%, Test: 23.55%, Best Valid: 26.07%, Best Test: 26.88%
Epoch: 1000, Loss: 0.0000, Train: 22.78%, Valid: 22.23%, Test: 23.53%, Best Valid: 26.07%, Best Test: 26.88%
Epoch: 1100, Loss: 0.0000, Train: 22.77%, Valid: 22.06%, Test: 23.39%, Best Valid: 26.07%, Best Test: 26.88%
Epoch: 1200, Loss: 0.0000, Train: 22.64%, Valid: 22.03%, Test: 23.32%, Best Valid: 26.07%, Best Test: 26.88%
Epoch: 1300, Loss: 0.0000, Train: 22.75%, Valid: 22.06%, Test: 23.52%, Best Valid: 26.07%, Best Test: 26.88%
Epoch: 1400, Loss: 0.0000, Train: 22.77%, Valid: 22.06%, Test: 23.70%, Best Valid: 26.07%, Best Test: 26.88%
Epoch: 1500, Loss: 0.0000, Train: 22.64%, Valid: 22.13%, Test: 23.52%, Best Valid: 26.07%, Best Test: 26.88%
Epoch: 1600, Loss: 0.0000, Train: 22.66%, Valid: 22.15%, Test: 23.62%, Best Valid: 26.07%, Best Test: 26.88%
Epoch: 1700, Loss: 0.0000, Train: 22.73%, Valid: 22.29%, Test: 23.62%, Best Valid: 26.07%, Best Test: 26.88%
Epoch: 1800, Loss: 0.0000, Train: 22.79%, Valid: 22.29%, Test: 23.60%, Best Valid: 26.07%, Best Test: 26.88%
Epoch: 1900, Loss: 0.0000, Train: 22.79%, Valid: 22.37%, Test: 23.55%, Best Valid: 26.07%, Best Test: 26.88%
Epoch: 2000, Loss: 0.0000, Train: 22.71%, Valid: 22.23%, Test: 23.53%, Best Valid: 26.07%, Best Test: 26.88%
Epoch: 2100, Loss: 0.0000, Train: 22.72%, Valid: 22.11%, Test: 23.34%, Best Valid: 26.07%, Best Test: 26.88%
Epoch: 2200, Loss: 0.0000, Train: 22.75%, Valid: 22.26%, Test: 23.34%, Best Valid: 26.07%, Best Test: 26.88%
Epoch: 2300, Loss: 0.0000, Train: 22.77%, Valid: 22.18%, Test: 23.40%, Best Valid: 26.07%, Best Test: 26.88%
Epoch: 2400, Loss: 0.0000, Train: 22.68%, Valid: 22.11%, Test: 23.29%, Best Valid: 26.07%, Best Test: 26.88%
Run 06:
Highest Train: 26.64
Highest Valid: 26.07
Highest Test: 26.88
Chosen epoch: 6
Final Train: 26.48
Final Test: 26.88
Label budget: 20/class -> 100 train nodes
Epoch: 00, Loss: 1.7137, Train: 36.75%, Valid: 36.76%, Test: 36.78%, Best Valid: 36.76%, Best Test: 36.78%
Epoch: 100, Loss: 0.0009, Train: 26.76%, Valid: 25.48%, Test: 25.59%, Best Valid: 36.76%, Best Test: 36.78%
Epoch: 200, Loss: 0.0001, Train: 26.37%, Valid: 25.18%, Test: 25.05%, Best Valid: 36.76%, Best Test: 36.78%
Epoch: 300, Loss: 0.0001, Train: 26.47%, Valid: 25.62%, Test: 25.48%, Best Valid: 36.76%, Best Test: 36.78%
Epoch: 400, Loss: 0.0001, Train: 26.29%, Valid: 25.40%, Test: 25.46%, Best Valid: 36.76%, Best Test: 36.78%
Epoch: 500, Loss: 0.0006, Train: 25.62%, Valid: 25.35%, Test: 25.23%, Best Valid: 36.76%, Best Test: 36.78%
Epoch: 600, Loss: 0.0000, Train: 26.02%, Valid: 25.33%, Test: 25.02%, Best Valid: 36.76%, Best Test: 36.78%
Epoch: 700, Loss: 0.0000, Train: 25.90%, Valid: 25.22%, Test: 24.92%, Best Valid: 36.76%, Best Test: 36.78%
Epoch: 800, Loss: 0.0000, Train: 25.92%, Valid: 25.12%, Test: 24.89%, Best Valid: 36.76%, Best Test: 36.78%
Epoch: 900, Loss: 0.0000, Train: 25.95%, Valid: 25.15%, Test: 24.94%, Best Valid: 36.76%, Best Test: 36.78%
Epoch: 1000, Loss: 0.0000, Train: 25.85%, Valid: 25.23%, Test: 24.94%, Best Valid: 36.76%, Best Test: 36.78%
Epoch: 1100, Loss: 0.0000, Train: 25.96%, Valid: 25.22%, Test: 24.94%, Best Valid: 36.76%, Best Test: 36.78%
Epoch: 1200, Loss: 0.0000, Train: 25.85%, Valid: 25.15%, Test: 24.97%, Best Valid: 36.76%, Best Test: 36.78%
Epoch: 1300, Loss: 0.0000, Train: 25.89%, Valid: 25.13%, Test: 24.96%, Best Valid: 36.76%, Best Test: 36.78%
Epoch: 1400, Loss: 0.0000, Train: 26.03%, Valid: 25.17%, Test: 24.89%, Best Valid: 36.76%, Best Test: 36.78%
Epoch: 1500, Loss: 0.0000, Train: 25.98%, Valid: 25.31%, Test: 24.64%, Best Valid: 36.76%, Best Test: 36.78%
Epoch: 1600, Loss: 0.0000, Train: 26.05%, Valid: 25.22%, Test: 24.74%, Best Valid: 36.76%, Best Test: 36.78%
Epoch: 1700, Loss: 0.0000, Train: 26.10%, Valid: 25.13%, Test: 24.79%, Best Valid: 36.76%, Best Test: 36.78%
Epoch: 1800, Loss: 0.0000, Train: 25.96%, Valid: 25.28%, Test: 24.92%, Best Valid: 36.76%, Best Test: 36.78%
Epoch: 1900, Loss: 0.0000, Train: 26.05%, Valid: 25.13%, Test: 24.76%, Best Valid: 36.76%, Best Test: 36.78%
Epoch: 2000, Loss: 0.0000, Train: 26.09%, Valid: 25.27%, Test: 24.86%, Best Valid: 36.76%, Best Test: 36.78%
Epoch: 2100, Loss: 0.0000, Train: 26.05%, Valid: 25.09%, Test: 24.87%, Best Valid: 36.76%, Best Test: 36.78%
Epoch: 2200, Loss: 0.0000, Train: 26.09%, Valid: 25.20%, Test: 24.91%, Best Valid: 36.76%, Best Test: 36.78%
Epoch: 2300, Loss: 0.0000, Train: 26.02%, Valid: 25.00%, Test: 24.84%, Best Valid: 36.76%, Best Test: 36.78%
Epoch: 2400, Loss: 0.0000, Train: 26.07%, Valid: 25.12%, Test: 24.87%, Best Valid: 36.76%, Best Test: 36.78%
Run 07:
Highest Train: 36.75
Highest Valid: 36.76
Highest Test: 36.78
Chosen epoch: 0
Final Train: 36.75
Final Test: 36.78
Label budget: 20/class -> 100 train nodes
Epoch: 00, Loss: 1.7599, Train: 8.64%, Valid: 8.67%, Test: 8.57%, Best Valid: 8.67%, Best Test: 8.57%
Epoch: 100, Loss: 0.0051, Train: 27.47%, Valid: 26.52%, Test: 26.67%, Best Valid: 35.15%, Best Test: 35.60%
Epoch: 200, Loss: 0.0003, Train: 27.59%, Valid: 26.67%, Test: 26.95%, Best Valid: 35.15%, Best Test: 35.60%
Epoch: 300, Loss: 0.0002, Train: 26.37%, Valid: 25.80%, Test: 26.11%, Best Valid: 35.15%, Best Test: 35.60%
Epoch: 400, Loss: 0.0001, Train: 26.02%, Valid: 24.92%, Test: 26.13%, Best Valid: 35.15%, Best Test: 35.60%
Epoch: 500, Loss: 0.0001, Train: 26.05%, Valid: 25.18%, Test: 25.98%, Best Valid: 35.15%, Best Test: 35.60%
Epoch: 600, Loss: 0.0000, Train: 25.99%, Valid: 25.27%, Test: 26.34%, Best Valid: 35.15%, Best Test: 35.60%
Epoch: 700, Loss: 0.0000, Train: 25.11%, Valid: 24.14%, Test: 25.20%, Best Valid: 35.15%, Best Test: 35.60%
Epoch: 800, Loss: 0.0000, Train: 25.81%, Valid: 25.17%, Test: 26.02%, Best Valid: 35.15%, Best Test: 35.60%
Epoch: 900, Loss: 0.0000, Train: 25.91%, Valid: 25.33%, Test: 26.34%, Best Valid: 35.15%, Best Test: 35.60%
Epoch: 1000, Loss: 0.0100, Train: 24.53%, Valid: 24.01%, Test: 24.40%, Best Valid: 35.15%, Best Test: 35.60%
Epoch: 1100, Loss: 0.0001, Train: 24.81%, Valid: 24.29%, Test: 25.02%, Best Valid: 35.15%, Best Test: 35.60%
Epoch: 1200, Loss: 0.0001, Train: 24.43%, Valid: 24.37%, Test: 24.96%, Best Valid: 35.15%, Best Test: 35.60%
Epoch: 1300, Loss: 0.0000, Train: 24.34%, Valid: 24.51%, Test: 24.97%, Best Valid: 35.15%, Best Test: 35.60%
Epoch: 1400, Loss: 0.0000, Train: 24.49%, Valid: 24.56%, Test: 25.02%, Best Valid: 35.15%, Best Test: 35.60%
Epoch: 1500, Loss: 0.0000, Train: 24.49%, Valid: 24.69%, Test: 25.15%, Best Valid: 35.15%, Best Test: 35.60%
Epoch: 1600, Loss: 0.0000, Train: 24.55%, Valid: 24.69%, Test: 25.12%, Best Valid: 35.15%, Best Test: 35.60%
Epoch: 1700, Loss: 0.0000, Train: 24.42%, Valid: 24.63%, Test: 25.04%, Best Valid: 35.15%, Best Test: 35.60%
Epoch: 1800, Loss: 0.0000, Train: 22.28%, Valid: 22.10%, Test: 22.80%, Best Valid: 35.15%, Best Test: 35.60%
Epoch: 1900, Loss: 0.0272, Train: 22.00%, Valid: 21.88%, Test: 22.68%, Best Valid: 35.15%, Best Test: 35.60%
Epoch: 2000, Loss: 0.0005, Train: 23.80%, Valid: 23.06%, Test: 24.97%, Best Valid: 35.15%, Best Test: 35.60%
Epoch: 2100, Loss: 0.0000, Train: 25.18%, Valid: 23.62%, Test: 25.20%, Best Valid: 35.15%, Best Test: 35.60%
Epoch: 2200, Loss: 0.0000, Train: 25.09%, Valid: 23.35%, Test: 25.23%, Best Valid: 35.15%, Best Test: 35.60%
Epoch: 2300, Loss: 0.0000, Train: 25.13%, Valid: 23.58%, Test: 25.43%, Best Valid: 35.15%, Best Test: 35.60%
Epoch: 2400, Loss: 0.0000, Train: 25.04%, Valid: 23.65%, Test: 25.33%, Best Valid: 35.15%, Best Test: 35.60%
Run 08:
Highest Train: 35.46
Highest Valid: 35.15
Highest Test: 35.70
Chosen epoch: 11
Final Train: 35.28
Final Test: 35.60
Label budget: 20/class -> 100 train nodes
Epoch: 00, Loss: 1.8258, Train: 4.52%, Valid: 4.54%, Test: 4.54%, Best Valid: 4.54%, Best Test: 4.54%
Epoch: 100, Loss: 0.0003, Train: 26.65%, Valid: 26.02%, Test: 26.00%, Best Valid: 31.31%, Best Test: 32.11%
Epoch: 200, Loss: 0.0002, Train: 25.89%, Valid: 25.41%, Test: 25.27%, Best Valid: 31.31%, Best Test: 32.11%
Epoch: 300, Loss: 0.0001, Train: 25.76%, Valid: 25.33%, Test: 25.07%, Best Valid: 31.31%, Best Test: 32.11%
Epoch: 400, Loss: 0.0002, Train: 25.94%, Valid: 25.59%, Test: 25.22%, Best Valid: 31.31%, Best Test: 32.11%
Epoch: 500, Loss: 0.0000, Train: 25.98%, Valid: 25.46%, Test: 24.91%, Best Valid: 31.31%, Best Test: 32.11%
Epoch: 600, Loss: 0.0001, Train: 25.79%, Valid: 25.17%, Test: 24.97%, Best Valid: 31.31%, Best Test: 32.11%
Epoch: 700, Loss: 0.0000, Train: 25.89%, Valid: 25.72%, Test: 25.18%, Best Valid: 31.31%, Best Test: 32.11%
Epoch: 800, Loss: 0.0000, Train: 26.12%, Valid: 25.82%, Test: 25.31%, Best Valid: 31.31%, Best Test: 32.11%
Epoch: 900, Loss: 0.0000, Train: 25.82%, Valid: 25.51%, Test: 25.31%, Best Valid: 31.31%, Best Test: 32.11%
Epoch: 1000, Loss: 0.0000, Train: 25.69%, Valid: 25.36%, Test: 25.18%, Best Valid: 31.31%, Best Test: 32.11%
Epoch: 1100, Loss: 0.0005, Train: 25.71%, Valid: 25.51%, Test: 25.07%, Best Valid: 31.31%, Best Test: 32.11%
Epoch: 1200, Loss: 0.0000, Train: 25.80%, Valid: 25.48%, Test: 25.15%, Best Valid: 31.31%, Best Test: 32.11%
Epoch: 1300, Loss: 0.0000, Train: 25.69%, Valid: 25.38%, Test: 25.22%, Best Valid: 31.31%, Best Test: 32.11%
Epoch: 1400, Loss: 0.0000, Train: 26.25%, Valid: 25.58%, Test: 25.74%, Best Valid: 31.31%, Best Test: 32.11%
Epoch: 1500, Loss: 0.0000, Train: 25.38%, Valid: 25.17%, Test: 25.18%, Best Valid: 31.31%, Best Test: 32.11%
Epoch: 1600, Loss: 0.0000, Train: 25.38%, Valid: 25.17%, Test: 25.20%, Best Valid: 31.31%, Best Test: 32.11%
Epoch: 1700, Loss: 0.0000, Train: 25.45%, Valid: 25.30%, Test: 25.18%, Best Valid: 31.31%, Best Test: 32.11%
Epoch: 1800, Loss: 0.0000, Train: 25.40%, Valid: 25.36%, Test: 25.30%, Best Valid: 31.31%, Best Test: 32.11%
Epoch: 1900, Loss: 0.0000, Train: 25.36%, Valid: 25.13%, Test: 25.12%, Best Valid: 31.31%, Best Test: 32.11%
Epoch: 2000, Loss: 0.0000, Train: 25.19%, Valid: 25.30%, Test: 25.02%, Best Valid: 31.31%, Best Test: 32.11%
Epoch: 2100, Loss: 0.0000, Train: 25.68%, Valid: 25.25%, Test: 24.53%, Best Valid: 31.31%, Best Test: 32.11%
Epoch: 2200, Loss: 0.0000, Train: 25.62%, Valid: 25.28%, Test: 24.79%, Best Valid: 31.31%, Best Test: 32.11%
Epoch: 2300, Loss: 0.0000, Train: 25.42%, Valid: 25.31%, Test: 24.71%, Best Valid: 31.31%, Best Test: 32.11%
Epoch: 2400, Loss: 0.0000, Train: 25.11%, Valid: 25.46%, Test: 24.79%, Best Valid: 31.31%, Best Test: 32.11%
Run 09:
Highest Train: 31.69
Highest Valid: 31.31
Highest Test: 32.19
Chosen epoch: 46
Final Train: 31.63
Final Test: 32.11
Label budget: 20/class -> 100 train nodes
Epoch: 00, Loss: 1.8257, Train: 26.29%, Valid: 26.38%, Test: 26.54%, Best Valid: 26.38%, Best Test: 26.54%
Epoch: 100, Loss: 0.0057, Train: 26.94%, Valid: 26.65%, Test: 26.74%, Best Valid: 34.57%, Best Test: 33.84%
Epoch: 200, Loss: 0.0002, Train: 26.47%, Valid: 26.34%, Test: 26.21%, Best Valid: 34.57%, Best Test: 33.84%
Epoch: 300, Loss: 0.0001, Train: 26.35%, Valid: 26.28%, Test: 25.80%, Best Valid: 34.57%, Best Test: 33.84%
Epoch: 400, Loss: 0.0001, Train: 26.20%, Valid: 25.93%, Test: 25.95%, Best Valid: 34.57%, Best Test: 33.84%
Epoch: 500, Loss: 0.0014, Train: 25.71%, Valid: 25.36%, Test: 25.17%, Best Valid: 34.57%, Best Test: 33.84%
Epoch: 600, Loss: 0.0001, Train: 26.78%, Valid: 26.90%, Test: 26.59%, Best Valid: 34.57%, Best Test: 33.84%
Epoch: 700, Loss: 0.0000, Train: 26.84%, Valid: 26.88%, Test: 26.46%, Best Valid: 34.57%, Best Test: 33.84%
Epoch: 800, Loss: 0.0000, Train: 26.69%, Valid: 26.95%, Test: 26.39%, Best Valid: 34.57%, Best Test: 33.84%
Epoch: 900, Loss: 0.0000, Train: 26.63%, Valid: 27.01%, Test: 26.36%, Best Valid: 34.57%, Best Test: 33.84%
Epoch: 1000, Loss: 0.0000, Train: 26.54%, Valid: 26.95%, Test: 26.26%, Best Valid: 34.57%, Best Test: 33.84%
Epoch: 1100, Loss: 0.0000, Train: 26.31%, Valid: 26.60%, Test: 26.23%, Best Valid: 34.57%, Best Test: 33.84%
Epoch: 1200, Loss: 0.0000, Train: 26.22%, Valid: 26.64%, Test: 26.25%, Best Valid: 34.57%, Best Test: 33.84%
Epoch: 1300, Loss: 0.0000, Train: 26.31%, Valid: 26.62%, Test: 26.41%, Best Valid: 34.57%, Best Test: 33.84%
Epoch: 1400, Loss: 0.0000, Train: 26.26%, Valid: 26.54%, Test: 26.26%, Best Valid: 34.57%, Best Test: 33.84%
Epoch: 1500, Loss: 0.0000, Train: 26.25%, Valid: 26.64%, Test: 26.13%, Best Valid: 34.57%, Best Test: 33.84%
Epoch: 1600, Loss: 0.0000, Train: 26.48%, Valid: 26.72%, Test: 26.23%, Best Valid: 34.57%, Best Test: 33.84%
Epoch: 1700, Loss: 0.0000, Train: 26.24%, Valid: 26.57%, Test: 26.15%, Best Valid: 34.57%, Best Test: 33.84%
Epoch: 1800, Loss: 0.0000, Train: 26.23%, Valid: 26.64%, Test: 26.23%, Best Valid: 34.57%, Best Test: 33.84%
Epoch: 1900, Loss: 0.0000, Train: 26.07%, Valid: 26.51%, Test: 25.98%, Best Valid: 34.57%, Best Test: 33.84%
Epoch: 2000, Loss: 0.0000, Train: 26.20%, Valid: 26.49%, Test: 26.28%, Best Valid: 34.57%, Best Test: 33.84%
Epoch: 2100, Loss: 0.0000, Train: 26.15%, Valid: 26.52%, Test: 26.33%, Best Valid: 34.57%, Best Test: 33.84%
Epoch: 2200, Loss: 0.0000, Train: 26.09%, Valid: 26.57%, Test: 26.33%, Best Valid: 34.57%, Best Test: 33.84%
Epoch: 2300, Loss: 0.0000, Train: 26.16%, Valid: 26.57%, Test: 26.41%, Best Valid: 34.57%, Best Test: 33.84%
Epoch: 2400, Loss: 0.0000, Train: 26.05%, Valid: 26.52%, Test: 26.54%, Best Valid: 34.57%, Best Test: 33.84%
Run 10:
Highest Train: 34.60
Highest Valid: 34.57
Highest Test: 34.00
Chosen epoch: 38
Final Train: 34.60
Final Test: 33.84
All runs:
Highest Train: 32.98 ± 4.14
Highest Test: 32.82 ± 4.40
Highest Valid: 32.78 ± 4.44
  Final Train: 32.82 ± 4.22
   Final Test: 32.69 ± 4.45
Saving results to results/lowlabel/amazon-ratings/MPNN_gcn.csv
Low-label sweep completed.
Task 315 done.
