Sun Aug 16 03:52:48 2026       
+-----------------------------------------------------------------------------------------+
| NVIDIA-SMI 580.159.04             Driver Version: 580.159.04     CUDA Version: 13.0     |
+-----------------------------------------+------------------------+----------------------+
| GPU  Name                 Persistence-M | Bus-Id          Disp.A | Volatile Uncorr. ECC |
| Fan  Temp   Perf          Pwr:Usage/Cap |           Memory-Usage | GPU-Util  Compute M. |
|                                         |                        |               MIG M. |
|=========================================+========================+======================|
|   0  NVIDIA A100-SXM4-80GB          On  |   00000000:01:00.0 Off |                   On |
| N/A   56C    P0            222W /  500W |   48538MiB /  81920MiB |     N/A      Default |
|                                         |                        |              Enabled |
+-----------------------------------------+------------------------+----------------------+
|   1  NVIDIA A100-SXM4-80GB          On  |   00000000:41:00.0 Off |                   On |
| N/A   56C    P0            314W /  500W |   40297MiB /  81920MiB |     N/A      Default |
|                                         |                        |              Enabled |
+-----------------------------------------+------------------------+----------------------+
|   2  NVIDIA A100-SXM4-80GB          On  |   00000000:81:00.0 Off |                   On |
| N/A   59C    P0            248W /  500W |   38451MiB /  81920MiB |     N/A      Default |
|                                         |                        |              Enabled |
+-----------------------------------------+------------------------+----------------------+
|   3  NVIDIA A100-SXM4-80GB          On  |   00000000:C1:00.0 Off |                   On |
| N/A   44C    P0            216W /  500W |   20567MiB /  81920MiB |     N/A      Default |
|                                         |                        |              Enabled |
+-----------------------------------------+------------------------+----------------------+

+-----------------------------------------------------------------------------------------+
| MIG devices:                                                                            |
+------------------+----------------------------------+-----------+-----------------------+
| GPU  GI  CI  MIG |              Shared Memory-Usage |        Vol|        Shared         |
|      ID  ID  Dev |                Shared BAR1-Usage | SM     Unc| CE ENC  DEC  OFA  JPG |
|                  |                                  |        ECC|                       |
|==================+==================================+===========+=======================|
|  0    5   0   0  |              71MiB / 19968MiB    | 28      0 |  2   0    1    0    0 |
|                  |               0MiB / 12271MiB    |           |                       |
+------------------+----------------------------------+-----------+-----------------------+

+-----------------------------------------------------------------------------------------+
| Processes:                                                                              |
|  GPU   GI   CI              PID   Type   Process name                        GPU Memory |
|        ID   ID                                                               Usage      |
|=========================================================================================|
|    1   14    0          1429845      C   ...ware/symmetrix-env/bin/python        540MiB |
|    1   13    0          1429846      C   ...ware/symmetrix-env/bin/python        488MiB |
|    1    1    0          2588500      C   python                                37098MiB |
|    1    5    0          2703215      C   python                                 1860MiB |
|    2    9    0          1429844      C   ...ware/symmetrix-env/bin/python        508MiB |
|    2   10    0          1429847      C   ...ware/symmetrix-env/bin/python        508MiB |
|    2    2    0          2588498      C   python                                37100MiB |
|    3   13    0          1429848      C   ...ware/symmetrix-env/bin/python        508MiB |
|    3   14    0          1429849      C   ...ware/symmetrix-env/bin/python        508MiB |
|    3    1    0          2597086      C   python                                19154MiB |
+-----------------------------------------------------------------------------------------+
Matched-val cell: pubmed / gcn / budget 5 per class / group 0
python main.py --gnn gcn --dataset pubmed --lr 0.005 --local_layers 2 --hidden_channels 256 --weight_decay 5e-4 --dropout 0.7 --rand_split_class --valid_num 500 --test_num 1000 --seed 123 --device 0 --runs 5 --runs 10 --label_num_per_class 5 --resample_split_per_run --valid_per_class 5 --budget_tag 5
==========================================================
Low-label sweep: python main.py --gnn gcn --dataset pubmed --lr 0.005 --local_layers 2 --hidden_channels 256 --weight_decay 5e-4 --dropout 0.7 --rand_split_class --valid_num 500 --test_num 1000 --seed 123 --device 0 --runs 5 --runs 10 --label_num_per_class 5 --resample_split_per_run --valid_per_class 5 --budget_tag 5
result_dir=results/lowlabel_mv conditions=[baseline]
==========================================================
--- baseline ---
Namespace(bn=False, budget_tag='5', count_reg=False, count_smoothing=1.0, cpu=False, data_dir='./data/', dataset='pubmed', device=0, display_step=100, dropout=0.7, epochs=500, gnn='gcn', hidden_channels=256, jk=False, label_num_per_class=5, lambda_val=0.5, ln=False, local_layers=2, lr=0.005, metric='acc', mlp_epochs=500, mlp_reg=False, model='MPNN', model_dir='models', num_heads=1, oracle_reg=False, paired_seeds=True, penalty_transform='none', pre_linear=False, pre_ln=False, rand_split=False, rand_split_class=True, reg_start_epoch=10, reg_update_freq=5, res=False, resample_split_per_run=True, result_dir='results/lowlabel_mv', runs=10, save_model=False, seed=123, test_num=1000, train_per_class=0, train_prop=0.5, use_reg=False, valid_num=500, valid_per_class=5, valid_prop=0.25, weight_decay=0.0005)
pubmed
Num nodes: 19717
train:torch.Size([15]), valid:torch.Size([500]), test:torch.Size([1000])
dataset pubmed | num nodes 19717 | num edge 88648 | num node feats 500 | num classes 3
MODEL: MPNNs(
  (h_lins): ModuleList()
  (local_convs): ModuleList(
    (0): GCNConv(500, 256)
    (1): GCNConv(256, 256)
  )
  (lins): ModuleList(
    (0): Linear(in_features=500, out_features=256, bias=True)
    (1): Linear(in_features=256, out_features=256, bias=True)
  )
  (lns): ModuleList(
    (0): LayerNorm((256,), eps=1e-05, elementwise_affine=True)
    (1): LayerNorm((256,), eps=1e-05, elementwise_affine=True)
  )
  (bns): ModuleList(
    (0): BatchNorm1d(256, eps=1e-05, momentum=0.1, affine=True, track_running_stats=True)
    (1): BatchNorm1d(256, eps=1e-05, momentum=0.1, affine=True, track_running_stats=True)
  )
  (lin_in): Linear(in_features=500, out_features=256, bias=True)
  (pred_local): Linear(in_features=256, out_features=3, bias=True)
)
train:torch.Size([15]), valid:torch.Size([500]), test:torch.Size([1000])
Matched-budget validation: 15 valid nodes
Epoch: 00, Loss: 1.1001, Train: 33.33%, Valid: 33.33%, Test: 38.80%, Best Valid: 33.33%, Best Test: 38.80%
Epoch: 100, Loss: 0.0132, Train: 100.00%, Valid: 73.33%, Test: 74.70%, Best Valid: 86.67%, Best Test: 78.70%
Epoch: 200, Loss: 0.0130, Train: 100.00%, Valid: 80.00%, Test: 75.40%, Best Valid: 86.67%, Best Test: 78.70%
Epoch: 300, Loss: 0.0165, Train: 100.00%, Valid: 66.67%, Test: 74.70%, Best Valid: 86.67%, Best Test: 78.70%
Epoch: 400, Loss: 0.0038, Train: 100.00%, Valid: 73.33%, Test: 73.10%, Best Valid: 86.67%, Best Test: 78.70%
Run 01:
Highest Train: 100.00
Highest Valid: 86.67
Highest Test: 79.50
Chosen epoch: 32
Final Train: 100.00
Final Test: 78.70
train:torch.Size([15]), valid:torch.Size([500]), test:torch.Size([1000])
Matched-budget validation: 15 valid nodes
Epoch: 00, Loss: 1.0979, Train: 40.00%, Valid: 33.33%, Test: 39.80%, Best Valid: 33.33%, Best Test: 39.80%
Epoch: 100, Loss: 0.0063, Train: 100.00%, Valid: 66.67%, Test: 58.00%, Best Valid: 86.67%, Best Test: 63.10%
Epoch: 200, Loss: 0.0033, Train: 100.00%, Valid: 60.00%, Test: 57.20%, Best Valid: 86.67%, Best Test: 63.10%
Epoch: 300, Loss: 0.0052, Train: 100.00%, Valid: 60.00%, Test: 58.00%, Best Valid: 86.67%, Best Test: 63.10%
Epoch: 400, Loss: 0.0071, Train: 100.00%, Valid: 73.33%, Test: 53.60%, Best Valid: 86.67%, Best Test: 63.10%
Run 02:
Highest Train: 100.00
Highest Valid: 86.67
Highest Test: 64.30
Chosen epoch: 8
Final Train: 100.00
Final Test: 63.10
train:torch.Size([15]), valid:torch.Size([500]), test:torch.Size([1000])
Matched-budget validation: 15 valid nodes
Epoch: 00, Loss: 1.1016, Train: 33.33%, Valid: 33.33%, Test: 41.80%, Best Valid: 33.33%, Best Test: 41.80%
Epoch: 100, Loss: 0.0078, Train: 100.00%, Valid: 53.33%, Test: 63.70%, Best Valid: 80.00%, Best Test: 52.50%
Epoch: 200, Loss: 0.0116, Train: 100.00%, Valid: 60.00%, Test: 64.40%, Best Valid: 80.00%, Best Test: 52.50%
Epoch: 300, Loss: 0.0049, Train: 100.00%, Valid: 60.00%, Test: 64.10%, Best Valid: 80.00%, Best Test: 52.50%
Epoch: 400, Loss: 0.0023, Train: 100.00%, Valid: 53.33%, Test: 58.60%, Best Valid: 80.00%, Best Test: 52.50%
Run 03:
Highest Train: 100.00
Highest Valid: 80.00
Highest Test: 68.00
Chosen epoch: 6
Final Train: 100.00
Final Test: 52.50
train:torch.Size([15]), valid:torch.Size([500]), test:torch.Size([1000])
Matched-budget validation: 15 valid nodes
Epoch: 00, Loss: 1.0982, Train: 33.33%, Valid: 33.33%, Test: 19.40%, Best Valid: 33.33%, Best Test: 19.40%
Epoch: 100, Loss: 0.0222, Train: 100.00%, Valid: 46.67%, Test: 66.90%, Best Valid: 66.67%, Best Test: 60.30%
Epoch: 200, Loss: 0.0162, Train: 100.00%, Valid: 46.67%, Test: 59.20%, Best Valid: 66.67%, Best Test: 60.30%
Epoch: 300, Loss: 0.0176, Train: 100.00%, Valid: 46.67%, Test: 68.00%, Best Valid: 66.67%, Best Test: 60.30%
Epoch: 400, Loss: 0.0060, Train: 100.00%, Valid: 46.67%, Test: 63.00%, Best Valid: 66.67%, Best Test: 60.30%
Run 04:
Highest Train: 100.00
Highest Valid: 66.67
Highest Test: 69.70
Chosen epoch: 3
Final Train: 100.00
Final Test: 60.30
train:torch.Size([15]), valid:torch.Size([500]), test:torch.Size([1000])
Matched-budget validation: 15 valid nodes
Epoch: 00, Loss: 1.0993, Train: 33.33%, Valid: 33.33%, Test: 39.50%, Best Valid: 33.33%, Best Test: 39.50%
Epoch: 100, Loss: 0.0048, Train: 100.00%, Valid: 66.67%, Test: 71.70%, Best Valid: 80.00%, Best Test: 70.50%
Epoch: 200, Loss: 0.0072, Train: 100.00%, Valid: 86.67%, Test: 70.20%, Best Valid: 93.33%, Best Test: 70.50%
Epoch: 300, Loss: 0.0309, Train: 100.00%, Valid: 73.33%, Test: 70.10%, Best Valid: 93.33%, Best Test: 70.50%
Epoch: 400, Loss: 0.0019, Train: 100.00%, Valid: 66.67%, Test: 70.40%, Best Valid: 93.33%, Best Test: 70.50%
Run 05:
Highest Train: 100.00
Highest Valid: 93.33
Highest Test: 73.60
Chosen epoch: 198
Final Train: 100.00
Final Test: 70.50
train:torch.Size([15]), valid:torch.Size([500]), test:torch.Size([1000])
Matched-budget validation: 15 valid nodes
Epoch: 00, Loss: 1.0989, Train: 33.33%, Valid: 33.33%, Test: 21.10%, Best Valid: 33.33%, Best Test: 21.10%
Epoch: 100, Loss: 0.0040, Train: 100.00%, Valid: 60.00%, Test: 71.70%, Best Valid: 80.00%, Best Test: 72.80%
Epoch: 200, Loss: 0.0076, Train: 100.00%, Valid: 73.33%, Test: 74.70%, Best Valid: 80.00%, Best Test: 72.80%
Epoch: 300, Loss: 0.0073, Train: 100.00%, Valid: 66.67%, Test: 72.80%, Best Valid: 80.00%, Best Test: 72.80%
Epoch: 400, Loss: 0.0063, Train: 100.00%, Valid: 66.67%, Test: 74.60%, Best Valid: 80.00%, Best Test: 72.80%
Run 06:
Highest Train: 100.00
Highest Valid: 80.00
Highest Test: 76.80
Chosen epoch: 19
Final Train: 100.00
Final Test: 72.80
train:torch.Size([15]), valid:torch.Size([500]), test:torch.Size([1000])
Matched-budget validation: 15 valid nodes
Epoch: 00, Loss: 1.1003, Train: 46.67%, Valid: 33.33%, Test: 44.20%, Best Valid: 33.33%, Best Test: 44.20%
Epoch: 100, Loss: 0.0066, Train: 100.00%, Valid: 66.67%, Test: 75.60%, Best Valid: 73.33%, Best Test: 70.30%
Epoch: 200, Loss: 0.0184, Train: 100.00%, Valid: 66.67%, Test: 75.30%, Best Valid: 73.33%, Best Test: 70.30%
Epoch: 300, Loss: 0.0018, Train: 100.00%, Valid: 60.00%, Test: 73.10%, Best Valid: 73.33%, Best Test: 70.30%
Epoch: 400, Loss: 0.0241, Train: 100.00%, Valid: 66.67%, Test: 74.90%, Best Valid: 73.33%, Best Test: 70.30%
Run 07:
Highest Train: 100.00
Highest Valid: 73.33
Highest Test: 77.40
Chosen epoch: 27
Final Train: 100.00
Final Test: 70.30
train:torch.Size([15]), valid:torch.Size([500]), test:torch.Size([1000])
Matched-budget validation: 15 valid nodes
Epoch: 00, Loss: 1.1023, Train: 33.33%, Valid: 33.33%, Test: 40.50%, Best Valid: 33.33%, Best Test: 40.50%
Epoch: 100, Loss: 0.0162, Train: 100.00%, Valid: 73.33%, Test: 67.70%, Best Valid: 80.00%, Best Test: 70.90%
Epoch: 200, Loss: 0.0052, Train: 100.00%, Valid: 80.00%, Test: 68.00%, Best Valid: 80.00%, Best Test: 70.90%
Epoch: 300, Loss: 0.0045, Train: 100.00%, Valid: 73.33%, Test: 70.20%, Best Valid: 80.00%, Best Test: 70.90%
Epoch: 400, Loss: 0.0101, Train: 100.00%, Valid: 73.33%, Test: 71.80%, Best Valid: 80.00%, Best Test: 70.90%
Run 08:
Highest Train: 100.00
Highest Valid: 80.00
Highest Test: 74.10
Chosen epoch: 61
Final Train: 100.00
Final Test: 70.90
train:torch.Size([15]), valid:torch.Size([500]), test:torch.Size([1000])
Matched-budget validation: 15 valid nodes
Epoch: 00, Loss: 1.0990, Train: 33.33%, Valid: 33.33%, Test: 37.80%, Best Valid: 33.33%, Best Test: 37.80%
Epoch: 100, Loss: 0.0028, Train: 100.00%, Valid: 73.33%, Test: 68.00%, Best Valid: 86.67%, Best Test: 74.50%
Epoch: 200, Loss: 0.0048, Train: 100.00%, Valid: 80.00%, Test: 67.90%, Best Valid: 86.67%, Best Test: 74.50%
Epoch: 300, Loss: 0.0051, Train: 100.00%, Valid: 80.00%, Test: 63.90%, Best Valid: 86.67%, Best Test: 74.50%
Epoch: 400, Loss: 0.0036, Train: 100.00%, Valid: 80.00%, Test: 70.00%, Best Valid: 86.67%, Best Test: 74.50%
Run 09:
Highest Train: 100.00
Highest Valid: 93.33
Highest Test: 74.90
Chosen epoch: 430
Final Train: 100.00
Final Test: 65.50
train:torch.Size([15]), valid:torch.Size([500]), test:torch.Size([1000])
Matched-budget validation: 15 valid nodes
Epoch: 00, Loss: 1.0990, Train: 33.33%, Valid: 33.33%, Test: 39.30%, Best Valid: 33.33%, Best Test: 39.30%
Epoch: 100, Loss: 0.0085, Train: 100.00%, Valid: 60.00%, Test: 65.10%, Best Valid: 73.33%, Best Test: 70.90%
Epoch: 200, Loss: 0.0095, Train: 100.00%, Valid: 66.67%, Test: 67.00%, Best Valid: 73.33%, Best Test: 70.90%
Epoch: 300, Loss: 0.0033, Train: 100.00%, Valid: 53.33%, Test: 61.80%, Best Valid: 73.33%, Best Test: 70.90%
Epoch: 400, Loss: 0.0107, Train: 100.00%, Valid: 66.67%, Test: 63.40%, Best Valid: 80.00%, Best Test: 63.90%
Run 10:
Highest Train: 100.00
Highest Valid: 80.00
Highest Test: 71.90
Chosen epoch: 360
Final Train: 100.00
Final Test: 63.90
All runs:
Highest Train: 100.00 ± 0.00
Highest Test: 73.02 ± 4.64
Highest Valid: 82.00 ± 8.34
  Final Train: 100.00 ± 0.00
   Final Test: 66.85 ± 7.39
Saving results to results/lowlabel_mv/pubmed/MPNN_gcn.csv
Low-label sweep completed.
Task 18 done.
