Tue Aug 18 07:14:47 2026       
+-----------------------------------------------------------------------------------------+
| NVIDIA-SMI 580.159.04             Driver Version: 580.159.04     CUDA Version: 13.0     |
+-----------------------------------------+------------------------+----------------------+
| GPU  Name                 Persistence-M | Bus-Id          Disp.A | Volatile Uncorr. ECC |
| Fan  Temp   Perf          Pwr:Usage/Cap |           Memory-Usage | GPU-Util  Compute M. |
|                                         |                        |               MIG M. |
|=========================================+========================+======================|
|   0  NVIDIA A100-SXM4-80GB          On  |   00000000:01:00.0 Off |                   On |
| N/A   48C    P0            173W /  500W |    5519MiB /  81920MiB |     N/A      Default |
|                                         |                        |              Enabled |
+-----------------------------------------+------------------------+----------------------+
|   1  NVIDIA A100-SXM4-80GB          On  |   00000000:41:00.0 Off |                   On |
| N/A   46C    P0            242W /  500W |    9413MiB /  81920MiB |     N/A      Default |
|                                         |                        |              Enabled |
+-----------------------------------------+------------------------+----------------------+
|   2  NVIDIA A100-SXM4-80GB          On  |   00000000:81:00.0 Off |                   On |
| N/A   47C    P0            175W /  500W |   13045MiB /  81920MiB |     N/A      Default |
|                                         |                        |              Enabled |
+-----------------------------------------+------------------------+----------------------+
|   3  NVIDIA A100-SXM4-80GB          On  |   00000000:C1:00.0 Off |                   On |
| N/A   47C    P0            252W /  500W |   38217MiB /  81920MiB |     N/A      Default |
|                                         |                        |              Enabled |
+-----------------------------------------+------------------------+----------------------+

+-----------------------------------------------------------------------------------------+
| MIG devices:                                                                            |
+------------------+----------------------------------+-----------+-----------------------+
| GPU  GI  CI  MIG |              Shared Memory-Usage |        Vol|        Shared         |
|      ID  ID  Dev |                Shared BAR1-Usage | SM     Unc| CE ENC  DEC  OFA  JPG |
|                  |                                  |        ECC|                       |
|==================+==================================+===========+=======================|
|  2    3   0   0  |              71MiB / 19968MiB    | 28      0 |  2   0    1    0    0 |
|                  |               0MiB / 12271MiB    |           |                       |
+------------------+----------------------------------+-----------+-----------------------+

+-----------------------------------------------------------------------------------------+
| Processes:                                                                              |
|  GPU   GI   CI              PID   Type   Process name                        GPU Memory |
|        ID   ID                                                               Usage      |
|=========================================================================================|
|    0    1    0           965977      C   python                                 4138MiB |
|    0   13    0          2399114      C   ...ware/symmetrix-env/bin/python        528MiB |
|    0   14    0          2475711      C   ...ware/symmetrix-env/bin/python        548MiB |
|    1    2    0           508372      C   python                                 7688MiB |
|    1   10    0           512256      C   ...ware/symmetrix-env/bin/python        776MiB |
|    1    9    0           512262      C   ...ware/symmetrix-env/bin/python        708MiB |
|    3    1    0           509617      C   ...onda/envs/blood_ad/bin/python      34586MiB |
|    3   14    0           512258      C   ...ware/symmetrix-env/bin/python       1816MiB |
|    3   13    0           512260      C   ...ware/symmetrix-env/bin/python       1536MiB |
+-----------------------------------------------------------------------------------------+
Cell: coauthor-cs / polynormer / budget 50 per class / group 2
python main.py --model polynormer --dataset coauthor-cs --hidden_channels 64 --local_epochs 100 --global_epochs 1500 --lr 0.001 --runs 10 --local_layers 5 --global_layers 2 --weight_decay 5e-4 --dropout 0.3 --in_dropout 0.1 --num_heads 8 --save_model --device 0 --model_dir models/lowlabel_1178246_247 --train_per_class 50 --budget_tag 50
==========================================================
Low-label sweep: python main.py --model polynormer --dataset coauthor-cs --hidden_channels 64 --local_epochs 100 --global_epochs 1500 --lr 0.001 --runs 10 --local_layers 5 --global_layers 2 --weight_decay 5e-4 --dropout 0.3 --in_dropout 0.1 --num_heads 8 --save_model --device 0 --model_dir models/lowlabel_1178246_247 --train_per_class 50 --budget_tag 50
result_dir=../results/lowlabel conditions=[mlp]
==========================================================
--- mlp_reg | lambda=0.01 ---
    (already completed — requeue resume, skipping)
--- mlp_reg | lambda=0.05 ---
    (already completed — requeue resume, skipping)
--- mlp_reg | lambda=0.1 ---
    (already completed — requeue resume, skipping)
--- mlp_reg | lambda=0.2 ---
    (already completed — requeue resume, skipping)
--- mlp_reg | lambda=0.4 ---
    (already completed — requeue resume, skipping)
--- mlp_reg | lambda=0.8 ---
    (already completed — requeue resume, skipping)
--- mlp_reg | lambda=1.6 ---
Namespace(aggregate='add', alpha=0.5, attention='gcn', beta=-1.0, bn=False, budget_tag='50', count_reg=False, count_smoothing=1.0, cpu=False, data_dir='../data/', dataset='coauthor-cs', device=0, dim_inner=64, display_step=100, dropout=0.3, epochs=500, global_dropout=None, global_epochs=1500, global_layers=2, gnn='gcn', graph_weight=0.8, hidden_channels=64, hops=10, in_dropout=0.1, jk=False, label_num_per_class=20, lambda_val=1.6, layers=1, ln=False, local_epochs=100, local_gnn_type='GCN', local_layers=5, lr=0.001, metric='acc', mlp_epochs=500, mlp_reg=True, model='polynormer', model_dir='models/lowlabel_1178246_247', n_heads=8, num_centroids=4096, num_heads=8, oracle_reg=False, paired_seeds=True, pe_types='RWSE', penalty_transform='none', pre_linear=False, pre_ln=False, rand_split=False, rand_split_class=False, reg_start_epoch=10, reg_update_freq=5, res=False, resample_split_per_run=False, result_dir='../results/lowlabel', runs=10, save_model=True, save_result=False, seed=42, test_num=1000, tr_dropout=None, tr_layers=1, tr_weight_decay=None, train_per_class=50, train_prop=0.5, use_act=False, use_bn=False, use_graph=False, use_reg=True, use_residual=False, use_weight=False, valid_num=500, valid_per_class=0, valid_prop=0.25, weight_decay=0.0005)
coauthor-cs
dataset coauthor-cs | num nodes 18333 | num edge 163788 | num node feats 6805 | num classes 15
MODEL: Polynormer(
  (h_lins): ModuleList(
    (0): Linear(in_features=512, out_features=512, bias=True)
    (1): Linear(in_features=512, out_features=512, bias=True)
    (2): Linear(in_features=512, out_features=512, bias=True)
    (3): Linear(in_features=512, out_features=512, bias=True)
    (4): Linear(in_features=512, out_features=512, bias=True)
  )
  (local_convs): ModuleList(
    (0): GATConv(512, 64, heads=8)
    (1): GATConv(512, 64, heads=8)
    (2): GATConv(512, 64, heads=8)
    (3): GATConv(512, 64, heads=8)
    (4): GATConv(512, 64, heads=8)
  )
  (lins): ModuleList(
    (0): Linear(in_features=512, out_features=512, bias=True)
    (1): Linear(in_features=512, out_features=512, bias=True)
    (2): Linear(in_features=512, out_features=512, bias=True)
    (3): Linear(in_features=512, out_features=512, bias=True)
    (4): Linear(in_features=512, out_features=512, bias=True)
  )
  (lns): ModuleList(
    (0): LayerNorm((512,), eps=1e-05, elementwise_affine=True)
    (1): LayerNorm((512,), eps=1e-05, elementwise_affine=True)
    (2): LayerNorm((512,), eps=1e-05, elementwise_affine=True)
    (3): LayerNorm((512,), eps=1e-05, elementwise_affine=True)
    (4): LayerNorm((512,), eps=1e-05, elementwise_affine=True)
  )
  (lin_in): Linear(in_features=6805, out_features=512, bias=True)
  (ln): LayerNorm((512,), eps=1e-05, elementwise_affine=True)
  (global_attn): GlobalAttn(
    (h_lins): ModuleList(
      (0): Linear(in_features=512, out_features=512, bias=True)
      (1): Linear(in_features=512, out_features=512, bias=True)
    )
    (k_lins): ModuleList(
      (0): Linear(in_features=512, out_features=512, bias=True)
      (1): Linear(in_features=512, out_features=512, bias=True)
    )
    (v_lins): ModuleList(
      (0): Linear(in_features=512, out_features=512, bias=True)
      (1): Linear(in_features=512, out_features=512, bias=True)
    )
    (lns): ModuleList(
      (0): LayerNorm((512,), eps=1e-05, elementwise_affine=True)
      (1): LayerNorm((512,), eps=1e-05, elementwise_affine=True)
    )
    (lin_out): Linear(in_features=512, out_features=512, bias=True)
  )
  (pred_local): Linear(in_features=512, out_features=15, bias=True)
  (pred_global): Linear(in_features=512, out_features=15, bias=True)
)
Label budget: 50/class -> 750 train nodes
Pre-training MLP for 500 epochs to generate co-occurrence matrix...
MLP pre-training complete. Penalty matrix frozen.
Epoch: 00, Loss: 7.4628, Train: 22.05%, Valid: 23.92%, Test: 22.74%, Best Valid: 23.92%, Best Test: 22.74%
Switching Polynormer to global attention phase.
Epoch: 100, Loss: 7.0544, Train: 44.06%, Valid: 45.85%, Test: 44.06%, Best Valid: 92.23%, Best Test: 93.46%
Epoch: 200, Loss: 0.0013, Train: 92.01%, Valid: 90.70%, Test: 91.96%, Best Valid: 92.23%, Best Test: 93.46%
Epoch: 300, Loss: 0.0036, Train: 92.58%, Valid: 90.97%, Test: 92.72%, Best Valid: 92.23%, Best Test: 93.46%
Epoch: 400, Loss: 0.0222, Train: 92.35%, Valid: 90.92%, Test: 92.12%, Best Valid: 92.23%, Best Test: 93.46%
Epoch: 500, Loss: 0.0103, Train: 93.34%, Valid: 91.79%, Test: 93.32%, Best Valid: 92.23%, Best Test: 93.46%
Epoch: 600, Loss: 0.0100, Train: 92.11%, Valid: 90.73%, Test: 93.05%, Best Valid: 92.23%, Best Test: 93.46%
Epoch: 700, Loss: 0.0925, Train: 90.25%, Valid: 87.70%, Test: 90.10%, Best Valid: 92.23%, Best Test: 93.46%
Epoch: 800, Loss: 0.0664, Train: 92.10%, Valid: 89.06%, Test: 91.85%, Best Valid: 92.23%, Best Test: 93.46%
Epoch: 900, Loss: 0.0201, Train: 92.29%, Valid: 90.73%, Test: 91.88%, Best Valid: 92.23%, Best Test: 93.46%
Epoch: 1000, Loss: 0.0015, Train: 92.27%, Valid: 90.40%, Test: 92.31%, Best Valid: 92.23%, Best Test: 93.46%
Epoch: 1100, Loss: 0.0032, Train: 91.91%, Valid: 90.37%, Test: 92.09%, Best Valid: 92.23%, Best Test: 93.46%
Epoch: 1200, Loss: 0.0065, Train: 92.44%, Valid: 90.64%, Test: 92.04%, Best Valid: 92.23%, Best Test: 93.46%
Epoch: 1300, Loss: 0.0161, Train: 91.58%, Valid: 89.31%, Test: 91.41%, Best Valid: 92.23%, Best Test: 93.46%
Epoch: 1400, Loss: 0.0030, Train: 92.34%, Valid: 90.70%, Test: 92.28%, Best Valid: 92.23%, Best Test: 93.46%
Epoch: 1500, Loss: 0.0192, Train: 92.01%, Valid: 89.91%, Test: 91.85%, Best Valid: 92.23%, Best Test: 93.46%
Run 01:
Highest Train: 93.47
Highest Valid: 92.23
Highest Test: 93.57
Chosen epoch: 54
Final Train: 93.35
Final Test: 93.46
Label budget: 50/class -> 750 train nodes
Pre-training MLP for 500 epochs to generate co-occurrence matrix...
MLP pre-training complete. Penalty matrix frozen.
Epoch: 00, Loss: 7.4183, Train: 11.01%, Valid: 11.29%, Test: 11.59%, Best Valid: 11.29%, Best Test: 11.59%
Switching Polynormer to global attention phase.
Epoch: 100, Loss: 7.0409, Train: 22.05%, Valid: 23.92%, Test: 22.74%, Best Valid: 92.33%, Best Test: 93.27%
Epoch: 200, Loss: 0.1375, Train: 38.89%, Valid: 34.45%, Test: 37.10%, Best Valid: 92.33%, Best Test: 93.27%
Epoch: 300, Loss: 0.1517, Train: 89.19%, Valid: 86.96%, Test: 88.58%, Best Valid: 92.33%, Best Test: 93.27%
Epoch: 400, Loss: 0.0020, Train: 90.35%, Valid: 88.38%, Test: 89.78%, Best Valid: 92.33%, Best Test: 93.27%
Epoch: 500, Loss: 0.0726, Train: 90.96%, Valid: 88.79%, Test: 90.19%, Best Valid: 92.33%, Best Test: 93.27%
Epoch: 600, Loss: 0.0063, Train: 92.08%, Valid: 90.78%, Test: 91.49%, Best Valid: 92.33%, Best Test: 93.27%
Epoch: 700, Loss: 0.0332, Train: 91.52%, Valid: 89.66%, Test: 90.87%, Best Valid: 92.33%, Best Test: 93.27%
Epoch: 800, Loss: 0.0086, Train: 92.42%, Valid: 90.75%, Test: 91.60%, Best Valid: 92.33%, Best Test: 93.27%
Epoch: 900, Loss: 0.0245, Train: 91.31%, Valid: 89.77%, Test: 90.57%, Best Valid: 92.33%, Best Test: 93.27%
Epoch: 1000, Loss: 0.0086, Train: 91.66%, Valid: 90.40%, Test: 91.41%, Best Valid: 92.33%, Best Test: 93.27%
Epoch: 1100, Loss: 0.0554, Train: 90.91%, Valid: 89.28%, Test: 90.05%, Best Valid: 92.33%, Best Test: 93.27%
Epoch: 1200, Loss: 0.0022, Train: 92.31%, Valid: 90.83%, Test: 92.07%, Best Valid: 92.33%, Best Test: 93.27%
Epoch: 1300, Loss: 0.0313, Train: 93.08%, Valid: 90.81%, Test: 92.34%, Best Valid: 92.33%, Best Test: 93.27%
Epoch: 1400, Loss: 0.0090, Train: 90.78%, Valid: 89.63%, Test: 90.38%, Best Valid: 92.33%, Best Test: 93.27%
Epoch: 1500, Loss: 0.0088, Train: 91.50%, Valid: 89.91%, Test: 90.79%, Best Valid: 92.33%, Best Test: 93.27%
Run 02:
Highest Train: 93.68
Highest Valid: 92.33
Highest Test: 93.32
Chosen epoch: 87
Final Train: 93.68
Final Test: 93.27
Label budget: 50/class -> 750 train nodes
Pre-training MLP for 500 epochs to generate co-occurrence matrix...
MLP pre-training complete. Penalty matrix frozen.
Epoch: 00, Loss: 7.5388, Train: 11.01%, Valid: 11.29%, Test: 11.59%, Best Valid: 11.29%, Best Test: 11.59%
Switching Polynormer to global attention phase.
Epoch: 100, Loss: 7.0409, Train: 11.01%, Valid: 11.29%, Test: 11.59%, Best Valid: 91.19%, Best Test: 92.04%
Epoch: 200, Loss: 0.6224, Train: 40.47%, Valid: 35.79%, Test: 37.19%, Best Valid: 91.19%, Best Test: 92.04%
Epoch: 300, Loss: 0.0121, Train: 79.44%, Valid: 76.79%, Test: 78.05%, Best Valid: 91.19%, Best Test: 92.04%
Epoch: 400, Loss: 0.0353, Train: 87.92%, Valid: 86.50%, Test: 87.68%, Best Valid: 91.19%, Best Test: 92.04%
Epoch: 500, Loss: 0.0547, Train: 89.14%, Valid: 87.64%, Test: 88.50%, Best Valid: 91.19%, Best Test: 92.04%
Epoch: 600, Loss: 0.0040, Train: 88.11%, Valid: 86.12%, Test: 87.24%, Best Valid: 91.19%, Best Test: 92.04%
Epoch: 700, Loss: 0.0204, Train: 89.14%, Valid: 87.40%, Test: 88.96%, Best Valid: 91.19%, Best Test: 92.04%
Epoch: 800, Loss: 0.0123, Train: 90.81%, Valid: 89.23%, Test: 90.84%, Best Valid: 91.19%, Best Test: 92.04%
Epoch: 900, Loss: 0.0156, Train: 89.43%, Valid: 87.42%, Test: 88.33%, Best Valid: 91.24%, Best Test: 92.64%
Epoch: 1000, Loss: 0.0038, Train: 92.30%, Valid: 90.67%, Test: 91.68%, Best Valid: 91.24%, Best Test: 92.64%
Epoch: 1100, Loss: 0.0131, Train: 91.51%, Valid: 89.96%, Test: 91.52%, Best Valid: 91.24%, Best Test: 92.64%
Epoch: 1200, Loss: 0.0180, Train: 92.31%, Valid: 91.03%, Test: 92.67%, Best Valid: 91.24%, Best Test: 92.64%
Epoch: 1300, Loss: 0.0170, Train: 90.67%, Valid: 88.87%, Test: 91.09%, Best Valid: 91.60%, Best Test: 92.39%
Epoch: 1400, Loss: 0.0007, Train: 91.29%, Valid: 89.55%, Test: 90.98%, Best Valid: 91.60%, Best Test: 92.39%
Epoch: 1500, Loss: 0.0034, Train: 89.64%, Valid: 88.87%, Test: 89.42%, Best Valid: 91.60%, Best Test: 92.39%
Run 03:
Highest Train: 92.69
Highest Valid: 91.60
Highest Test: 92.94
Chosen epoch: 1267
Final Train: 92.65
Final Test: 92.39
Label budget: 50/class -> 750 train nodes
Pre-training MLP for 500 epochs to generate co-occurrence matrix...
MLP pre-training complete. Penalty matrix frozen.
Epoch: 00, Loss: 7.3859, Train: 22.05%, Valid: 23.92%, Test: 22.74%, Best Valid: 23.92%, Best Test: 22.74%
Switching Polynormer to global attention phase.
Epoch: 100, Loss: 7.0409, Train: 22.05%, Valid: 23.92%, Test: 22.74%, Best Valid: 92.31%, Best Test: 93.32%
Epoch: 200, Loss: 1.1504, Train: 25.22%, Valid: 20.40%, Test: 21.35%, Best Valid: 92.31%, Best Test: 93.32%
Epoch: 300, Loss: 0.0108, Train: 70.19%, Valid: 67.08%, Test: 69.63%, Best Valid: 92.31%, Best Test: 93.32%
Epoch: 400, Loss: 0.0217, Train: 89.79%, Valid: 87.29%, Test: 89.23%, Best Valid: 92.31%, Best Test: 93.32%
Epoch: 500, Loss: 0.0122, Train: 89.95%, Valid: 87.56%, Test: 89.83%, Best Valid: 92.31%, Best Test: 93.32%
Epoch: 600, Loss: 0.0081, Train: 85.56%, Valid: 82.27%, Test: 84.81%, Best Valid: 92.31%, Best Test: 93.32%
Epoch: 700, Loss: 0.0244, Train: 88.90%, Valid: 86.80%, Test: 88.33%, Best Valid: 92.31%, Best Test: 93.32%
Epoch: 800, Loss: 0.0036, Train: 91.60%, Valid: 89.96%, Test: 91.36%, Best Valid: 92.31%, Best Test: 93.32%
Epoch: 900, Loss: 0.0371, Train: 89.34%, Valid: 87.86%, Test: 89.42%, Best Valid: 92.31%, Best Test: 93.32%
Epoch: 1000, Loss: 0.0127, Train: 91.49%, Valid: 89.69%, Test: 91.11%, Best Valid: 92.31%, Best Test: 93.32%
Epoch: 1100, Loss: 0.0012, Train: 92.80%, Valid: 91.11%, Test: 92.39%, Best Valid: 92.31%, Best Test: 93.32%
Epoch: 1200, Loss: 0.0475, Train: 91.79%, Valid: 90.02%, Test: 91.58%, Best Valid: 92.31%, Best Test: 93.32%
Epoch: 1300, Loss: 0.0169, Train: 90.26%, Valid: 88.27%, Test: 89.80%, Best Valid: 92.31%, Best Test: 93.32%
Epoch: 1400, Loss: 0.0011, Train: 92.54%, Valid: 90.29%, Test: 91.88%, Best Valid: 92.31%, Best Test: 93.32%
Epoch: 1500, Loss: 0.0644, Train: 92.04%, Valid: 90.04%, Test: 90.98%, Best Valid: 92.31%, Best Test: 93.32%
Run 04:
Highest Train: 93.55
Highest Valid: 92.31
Highest Test: 93.54
Chosen epoch: 40
Final Train: 93.09
Final Test: 93.32
Label budget: 50/class -> 750 train nodes
Pre-training MLP for 500 epochs to generate co-occurrence matrix...
MLP pre-training complete. Penalty matrix frozen.
Epoch: 00, Loss: 7.5749, Train: 27.28%, Valid: 28.31%, Test: 27.15%, Best Valid: 28.31%, Best Test: 27.15%
Switching Polynormer to global attention phase.
Epoch: 100, Loss: 7.0413, Train: 11.01%, Valid: 11.29%, Test: 11.59%, Best Valid: 91.79%, Best Test: 92.53%
Epoch: 200, Loss: 0.0698, Train: 34.47%, Valid: 30.61%, Test: 32.52%, Best Valid: 91.79%, Best Test: 92.53%
Epoch: 300, Loss: 0.1261, Train: 63.54%, Valid: 59.93%, Test: 63.09%, Best Valid: 91.79%, Best Test: 92.53%
Epoch: 400, Loss: 0.0022, Train: 79.94%, Valid: 76.98%, Test: 79.03%, Best Valid: 91.79%, Best Test: 92.53%
Epoch: 500, Loss: 0.0077, Train: 88.03%, Valid: 86.25%, Test: 88.33%, Best Valid: 91.79%, Best Test: 92.53%
Epoch: 600, Loss: 0.0066, Train: 84.75%, Valid: 82.35%, Test: 84.08%, Best Valid: 91.79%, Best Test: 92.53%
Epoch: 700, Loss: 0.0446, Train: 89.67%, Valid: 88.16%, Test: 89.23%, Best Valid: 91.79%, Best Test: 92.53%
Epoch: 800, Loss: 0.0088, Train: 90.99%, Valid: 89.39%, Test: 90.32%, Best Valid: 91.79%, Best Test: 92.53%
Epoch: 900, Loss: 0.0097, Train: 91.71%, Valid: 89.85%, Test: 91.58%, Best Valid: 91.79%, Best Test: 92.53%
Epoch: 1000, Loss: 0.0143, Train: 92.07%, Valid: 91.05%, Test: 91.77%, Best Valid: 91.79%, Best Test: 92.53%
Epoch: 1100, Loss: 0.0021, Train: 90.88%, Valid: 89.85%, Test: 90.87%, Best Valid: 91.79%, Best Test: 92.53%
Epoch: 1200, Loss: 0.0784, Train: 90.64%, Valid: 89.36%, Test: 90.73%, Best Valid: 91.79%, Best Test: 92.53%
Epoch: 1300, Loss: 0.0043, Train: 90.23%, Valid: 88.63%, Test: 90.16%, Best Valid: 91.79%, Best Test: 92.53%
Epoch: 1400, Loss: 0.0022, Train: 89.78%, Valid: 88.30%, Test: 89.89%, Best Valid: 91.79%, Best Test: 92.53%
Epoch: 1500, Loss: 0.0050, Train: 90.58%, Valid: 89.39%, Test: 90.51%, Best Valid: 91.79%, Best Test: 92.53%
Run 05:
Highest Train: 92.50
Highest Valid: 91.79
Highest Test: 92.91
Chosen epoch: 34
Final Train: 92.27
Final Test: 92.53
Label budget: 50/class -> 750 train nodes
Pre-training MLP for 500 epochs to generate co-occurrence matrix...
MLP pre-training complete. Penalty matrix frozen.
Epoch: 00, Loss: 7.6421, Train: 11.07%, Valid: 11.35%, Test: 11.67%, Best Valid: 11.35%, Best Test: 11.67%
Switching Polynormer to global attention phase.
Epoch: 100, Loss: 7.0409, Train: 22.05%, Valid: 23.92%, Test: 22.74%, Best Valid: 91.52%, Best Test: 92.99%
Epoch: 200, Loss: 0.7535, Train: 27.94%, Valid: 23.10%, Test: 23.01%, Best Valid: 91.52%, Best Test: 92.99%
Epoch: 300, Loss: 0.1116, Train: 62.97%, Valid: 58.97%, Test: 61.48%, Best Valid: 91.52%, Best Test: 92.99%
Epoch: 400, Loss: 0.0111, Train: 75.51%, Valid: 72.20%, Test: 74.65%, Best Valid: 91.52%, Best Test: 92.99%
Epoch: 500, Loss: 0.0248, Train: 80.33%, Valid: 77.71%, Test: 80.51%, Best Valid: 91.52%, Best Test: 92.99%
Epoch: 600, Loss: 0.0239, Train: 86.24%, Valid: 84.15%, Test: 86.61%, Best Valid: 91.52%, Best Test: 92.99%
Epoch: 700, Loss: 0.0034, Train: 89.44%, Valid: 88.33%, Test: 89.69%, Best Valid: 91.52%, Best Test: 92.99%
Epoch: 800, Loss: 0.0202, Train: 89.89%, Valid: 88.68%, Test: 90.24%, Best Valid: 91.52%, Best Test: 92.99%
Epoch: 900, Loss: 0.0030, Train: 90.40%, Valid: 89.69%, Test: 90.92%, Best Valid: 91.52%, Best Test: 92.99%
Epoch: 1000, Loss: 0.0032, Train: 89.44%, Valid: 86.91%, Test: 88.39%, Best Valid: 91.52%, Best Test: 92.99%
Epoch: 1100, Loss: 0.0021, Train: 90.69%, Valid: 89.69%, Test: 90.87%, Best Valid: 91.52%, Best Test: 92.99%
Epoch: 1200, Loss: 0.0299, Train: 91.37%, Valid: 89.99%, Test: 90.95%, Best Valid: 91.52%, Best Test: 92.99%
Epoch: 1300, Loss: 0.0721, Train: 91.68%, Valid: 90.02%, Test: 91.68%, Best Valid: 91.52%, Best Test: 92.99%
Epoch: 1400, Loss: 0.0062, Train: 91.79%, Valid: 90.45%, Test: 92.12%, Best Valid: 91.52%, Best Test: 92.99%
Epoch: 1500, Loss: 0.0496, Train: 91.80%, Valid: 90.86%, Test: 92.31%, Best Valid: 91.52%, Best Test: 92.99%
Run 06:
Highest Train: 92.81
Highest Valid: 91.52
Highest Test: 93.08
Chosen epoch: 89
Final Train: 92.81
Final Test: 92.99
Label budget: 50/class -> 750 train nodes
Pre-training MLP for 500 epochs to generate co-occurrence matrix...
MLP pre-training complete. Penalty matrix frozen.
Epoch: 00, Loss: 7.6075, Train: 11.01%, Valid: 11.29%, Test: 11.59%, Best Valid: 11.29%, Best Test: 11.59%
Switching Polynormer to global attention phase.
Epoch: 100, Loss: 7.0409, Train: 11.01%, Valid: 11.29%, Test: 11.59%, Best Valid: 92.12%, Best Test: 92.45%
Epoch: 200, Loss: 0.2132, Train: 33.27%, Valid: 27.71%, Test: 29.20%, Best Valid: 92.12%, Best Test: 92.45%
Epoch: 300, Loss: 0.0307, Train: 69.89%, Valid: 66.39%, Test: 69.03%, Best Valid: 92.12%, Best Test: 92.45%
Epoch: 400, Loss: 0.3106, Train: 76.93%, Valid: 75.18%, Test: 76.50%, Best Valid: 92.12%, Best Test: 92.45%
Epoch: 500, Loss: 0.0018, Train: 87.75%, Valid: 86.31%, Test: 86.53%, Best Valid: 92.12%, Best Test: 92.45%
Epoch: 600, Loss: 0.0163, Train: 91.29%, Valid: 90.04%, Test: 90.81%, Best Valid: 92.12%, Best Test: 92.45%
Epoch: 700, Loss: 0.0038, Train: 88.65%, Valid: 87.48%, Test: 88.33%, Best Valid: 92.12%, Best Test: 92.45%
Epoch: 800, Loss: 0.0416, Train: 91.11%, Valid: 89.93%, Test: 90.70%, Best Valid: 92.12%, Best Test: 92.45%
Epoch: 900, Loss: 0.0088, Train: 92.00%, Valid: 91.33%, Test: 91.93%, Best Valid: 92.33%, Best Test: 92.45%
Epoch: 1000, Loss: 0.0084, Train: 90.68%, Valid: 89.55%, Test: 90.54%, Best Valid: 92.33%, Best Test: 92.45%
Epoch: 1100, Loss: 0.0171, Train: 91.21%, Valid: 90.15%, Test: 90.54%, Best Valid: 92.33%, Best Test: 92.45%
Epoch: 1200, Loss: 0.0082, Train: 91.96%, Valid: 91.03%, Test: 91.88%, Best Valid: 92.33%, Best Test: 92.45%
Epoch: 1300, Loss: 0.0030, Train: 90.37%, Valid: 89.09%, Test: 90.21%, Best Valid: 92.33%, Best Test: 92.45%
Epoch: 1400, Loss: 0.0021, Train: 90.79%, Valid: 89.50%, Test: 90.92%, Best Valid: 92.33%, Best Test: 92.45%
Epoch: 1500, Loss: 0.0030, Train: 92.24%, Valid: 91.27%, Test: 91.49%, Best Valid: 92.33%, Best Test: 92.45%
Run 07:
Highest Train: 93.06
Highest Valid: 92.33
Highest Test: 92.80
Chosen epoch: 828
Final Train: 92.71
Final Test: 92.45
Label budget: 50/class -> 750 train nodes
Pre-training MLP for 500 epochs to generate co-occurrence matrix...
MLP pre-training complete. Penalty matrix frozen.
Epoch: 00, Loss: 7.6198, Train: 22.05%, Valid: 23.92%, Test: 22.74%, Best Valid: 23.92%, Best Test: 22.74%
Switching Polynormer to global attention phase.
Epoch: 100, Loss: 7.0410, Train: 11.01%, Valid: 11.29%, Test: 11.59%, Best Valid: 92.64%, Best Test: 92.99%
Epoch: 200, Loss: 0.0831, Train: 58.83%, Valid: 56.52%, Test: 55.13%, Best Valid: 92.64%, Best Test: 92.99%
Epoch: 300, Loss: 0.0050, Train: 86.41%, Valid: 85.05%, Test: 84.41%, Best Valid: 92.64%, Best Test: 92.99%
Epoch: 400, Loss: 0.0041, Train: 89.34%, Valid: 87.86%, Test: 87.76%, Best Valid: 92.64%, Best Test: 92.99%
Epoch: 500, Loss: 0.0077, Train: 90.49%, Valid: 89.25%, Test: 89.78%, Best Valid: 92.64%, Best Test: 92.99%
Epoch: 600, Loss: 0.0045, Train: 92.21%, Valid: 91.08%, Test: 90.95%, Best Valid: 92.64%, Best Test: 92.99%
Epoch: 700, Loss: 0.0067, Train: 90.92%, Valid: 89.80%, Test: 90.73%, Best Valid: 92.64%, Best Test: 92.99%
Epoch: 800, Loss: 0.0102, Train: 88.56%, Valid: 87.81%, Test: 88.20%, Best Valid: 92.64%, Best Test: 92.99%
Epoch: 900, Loss: 0.0330, Train: 91.63%, Valid: 90.53%, Test: 91.58%, Best Valid: 92.64%, Best Test: 92.99%
Epoch: 1000, Loss: 0.0066, Train: 92.96%, Valid: 91.13%, Test: 92.09%, Best Valid: 92.64%, Best Test: 92.99%
Epoch: 1100, Loss: 0.0020, Train: 92.60%, Valid: 90.94%, Test: 91.63%, Best Valid: 92.64%, Best Test: 92.99%
Epoch: 1200, Loss: 0.0016, Train: 91.95%, Valid: 90.86%, Test: 91.63%, Best Valid: 92.64%, Best Test: 92.99%
Epoch: 1300, Loss: 0.2038, Train: 90.14%, Valid: 88.11%, Test: 88.25%, Best Valid: 92.64%, Best Test: 92.99%
Epoch: 1400, Loss: 0.0013, Train: 92.81%, Valid: 90.92%, Test: 92.50%, Best Valid: 92.64%, Best Test: 92.99%
Epoch: 1500, Loss: 0.0277, Train: 90.63%, Valid: 89.23%, Test: 89.83%, Best Valid: 92.64%, Best Test: 92.99%
Run 08:
Highest Train: 93.60
Highest Valid: 92.64
Highest Test: 93.54
Chosen epoch: 38
Final Train: 92.86
Final Test: 92.99
Label budget: 50/class -> 750 train nodes
Pre-training MLP for 500 epochs to generate co-occurrence matrix...
MLP pre-training complete. Penalty matrix frozen.
Epoch: 00, Loss: 7.5001, Train: 11.01%, Valid: 11.29%, Test: 11.59%, Best Valid: 11.29%, Best Test: 11.59%
Switching Polynormer to global attention phase.
Epoch: 100, Loss: 7.0409, Train: 11.01%, Valid: 11.29%, Test: 11.59%, Best Valid: 91.65%, Best Test: 92.39%
Epoch: 200, Loss: 0.3116, Train: 48.50%, Valid: 45.31%, Test: 46.56%, Best Valid: 91.65%, Best Test: 92.39%
Epoch: 300, Loss: 0.0027, Train: 82.04%, Valid: 80.20%, Test: 81.79%, Best Valid: 91.65%, Best Test: 92.39%
Epoch: 400, Loss: 0.0035, Train: 86.36%, Valid: 84.94%, Test: 87.10%, Best Valid: 91.65%, Best Test: 92.39%
Epoch: 500, Loss: 0.0117, Train: 87.56%, Valid: 86.09%, Test: 87.60%, Best Valid: 91.65%, Best Test: 92.39%
Epoch: 600, Loss: 0.1203, Train: 86.41%, Valid: 84.29%, Test: 85.61%, Best Valid: 91.65%, Best Test: 92.39%
Epoch: 700, Loss: 0.1044, Train: 90.46%, Valid: 88.71%, Test: 90.73%, Best Valid: 91.65%, Best Test: 92.39%
Epoch: 800, Loss: 0.0019, Train: 91.18%, Valid: 89.93%, Test: 91.33%, Best Valid: 91.65%, Best Test: 92.39%
Epoch: 900, Loss: 0.0030, Train: 88.36%, Valid: 86.47%, Test: 88.52%, Best Valid: 91.65%, Best Test: 92.39%
Epoch: 1000, Loss: 0.0085, Train: 90.86%, Valid: 90.15%, Test: 91.82%, Best Valid: 91.65%, Best Test: 92.39%
Epoch: 1100, Loss: 0.0024, Train: 91.28%, Valid: 89.80%, Test: 91.41%, Best Valid: 91.65%, Best Test: 92.39%
Epoch: 1200, Loss: 0.0045, Train: 91.71%, Valid: 90.53%, Test: 91.82%, Best Valid: 91.65%, Best Test: 92.39%
Epoch: 1300, Loss: 0.0135, Train: 91.07%, Valid: 90.43%, Test: 91.30%, Best Valid: 91.65%, Best Test: 92.39%
Epoch: 1400, Loss: 0.0033, Train: 92.07%, Valid: 90.94%, Test: 92.53%, Best Valid: 91.65%, Best Test: 92.39%
Epoch: 1500, Loss: 0.0032, Train: 91.09%, Valid: 89.66%, Test: 91.30%, Best Valid: 91.98%, Best Test: 92.58%
Run 09:
Highest Train: 92.75
Highest Valid: 91.98
Highest Test: 93.02
Chosen epoch: 1477
Final Train: 92.21
Final Test: 92.58
Label budget: 50/class -> 750 train nodes
Pre-training MLP for 500 epochs to generate co-occurrence matrix...
MLP pre-training complete. Penalty matrix frozen.
Epoch: 00, Loss: 7.5657, Train: 11.01%, Valid: 11.29%, Test: 11.59%, Best Valid: 11.29%, Best Test: 11.59%
Switching Polynormer to global attention phase.
Epoch: 100, Loss: 7.0409, Train: 11.01%, Valid: 11.29%, Test: 11.59%, Best Valid: 92.17%, Best Test: 92.91%
Epoch: 200, Loss: 0.0124, Train: 49.60%, Valid: 45.12%, Test: 46.56%, Best Valid: 92.17%, Best Test: 92.91%
Epoch: 300, Loss: 0.0042, Train: 65.73%, Valid: 62.47%, Test: 64.04%, Best Valid: 92.17%, Best Test: 92.91%
Epoch: 400, Loss: 0.0014, Train: 88.81%, Valid: 87.83%, Test: 88.77%, Best Valid: 92.17%, Best Test: 92.91%
Epoch: 500, Loss: 0.0061, Train: 90.02%, Valid: 88.46%, Test: 89.91%, Best Valid: 92.17%, Best Test: 92.91%
Epoch: 600, Loss: 0.0822, Train: 89.45%, Valid: 88.05%, Test: 89.42%, Best Valid: 92.17%, Best Test: 92.91%
Epoch: 700, Loss: 0.0045, Train: 92.14%, Valid: 91.24%, Test: 92.23%, Best Valid: 92.17%, Best Test: 92.91%
Epoch: 800, Loss: 0.0251, Train: 92.10%, Valid: 90.53%, Test: 91.55%, Best Valid: 92.17%, Best Test: 92.91%
Epoch: 900, Loss: 0.0095, Train: 91.29%, Valid: 90.43%, Test: 90.89%, Best Valid: 92.17%, Best Test: 92.91%
Epoch: 1000, Loss: 0.0025, Train: 92.25%, Valid: 91.19%, Test: 91.82%, Best Valid: 92.17%, Best Test: 92.91%
Epoch: 1100, Loss: 0.0020, Train: 92.33%, Valid: 91.22%, Test: 91.90%, Best Valid: 92.17%, Best Test: 92.91%
Epoch: 1200, Loss: 0.0050, Train: 92.63%, Valid: 91.73%, Test: 92.58%, Best Valid: 92.17%, Best Test: 92.91%
Epoch: 1300, Loss: 0.0023, Train: 91.96%, Valid: 91.11%, Test: 91.85%, Best Valid: 92.23%, Best Test: 92.31%
Epoch: 1400, Loss: 0.8672, Train: 91.94%, Valid: 90.64%, Test: 91.77%, Best Valid: 92.23%, Best Test: 92.31%
Epoch: 1500, Loss: 0.0293, Train: 91.33%, Valid: 89.66%, Test: 90.84%, Best Valid: 92.23%, Best Test: 92.31%
Run 10:
Highest Train: 93.04
Highest Valid: 92.23
Highest Test: 93.29
Chosen epoch: 1271
Final Train: 92.53
Final Test: 92.31
All runs:
Highest Train: 93.12 ± 0.43
Highest Test: 93.20 ± 0.29
Highest Valid: 92.09 ± 0.36
  Final Train: 92.82 ± 0.46
   Final Test: 92.83 ± 0.43
Saving results to ../results/lowlabel/coauthor-cs/polynormer.csv
Low-label sweep completed.
Task 247 done.
