Wed Aug  5 20:33:00 2026       
+-----------------------------------------------------------------------------------------+
| NVIDIA-SMI 580.159.04             Driver Version: 580.159.04     CUDA Version: 13.0     |
+-----------------------------------------+------------------------+----------------------+
| GPU  Name                 Persistence-M | Bus-Id          Disp.A | Volatile Uncorr. ECC |
| Fan  Temp   Perf          Pwr:Usage/Cap |           Memory-Usage | GPU-Util  Compute M. |
|                                         |                        |               MIG M. |
|=========================================+========================+======================|
|   0  NVIDIA A100-SXM4-80GB          On  |   00000000:01:00.0 Off |                   On |
| N/A   40C    P0            134W /  500W |    2197MiB /  81920MiB |     N/A      Default |
|                                         |                        |              Enabled |
+-----------------------------------------+------------------------+----------------------+
|   1  NVIDIA A100-SXM4-80GB          On  |   00000000:41:00.0 Off |                   On |
| N/A   28C    P0             49W /  500W |     249MiB /  81920MiB |     N/A      Default |
|                                         |                        |              Enabled |
+-----------------------------------------+------------------------+----------------------+
|   2  NVIDIA A100-SXM4-80GB          On  |   00000000:81:00.0 Off |                   On |
| N/A   38C    P0            136W /  500W |    2197MiB /  81920MiB |     N/A      Default |
|                                         |                        |              Enabled |
+-----------------------------------------+------------------------+----------------------+
|   3  NVIDIA A100-SXM4-80GB          On  |   00000000:C1:00.0 Off |                   On |
| N/A   35C    P0            137W /  500W |    2195MiB /  81920MiB |     N/A      Default |
|                                         |                        |              Enabled |
+-----------------------------------------+------------------------+----------------------+

+-----------------------------------------------------------------------------------------+
| MIG devices:                                                                            |
+------------------+----------------------------------+-----------+-----------------------+
| GPU  GI  CI  MIG |              Shared Memory-Usage |        Vol|        Shared         |
|      ID  ID  Dev |                Shared BAR1-Usage | SM     Unc| CE ENC  DEC  OFA  JPG |
|                  |                                  |        ECC|                       |
|==================+==================================+===========+=======================|
|  1    3   0   0  |              71MiB / 19968MiB    | 28      0 |  2   0    1    0    0 |
|                  |               0MiB / 12271MiB    |           |                       |
+------------------+----------------------------------+-----------+-----------------------+

+-----------------------------------------------------------------------------------------+
| Processes:                                                                              |
|  GPU   GI   CI              PID   Type   Process name                        GPU Memory |
|        ID   ID                                                               Usage      |
|=========================================================================================|
|    0    5    0           143560      C   python                                 1940MiB |
|    2    3    0           143545      C   python                                 1940MiB |
|    3    5    0           147826      C   python                                 1938MiB |
+-----------------------------------------------------------------------------------------+
Cell: pubmed / gcn / budget 5 per class / group 1
python main.py --gnn gcn --dataset pubmed --lr 0.005 --local_layers 2 --hidden_channels 256 --weight_decay 5e-4 --dropout 0.7 --rand_split_class --valid_num 500 --test_num 1000 --seed 123 --device 0 --runs 5 --runs 10 --label_num_per_class 5 --resample_split_per_run --budget_tag 5
==========================================================
Low-label sweep: python main.py --gnn gcn --dataset pubmed --lr 0.005 --local_layers 2 --hidden_channels 256 --weight_decay 5e-4 --dropout 0.7 --rand_split_class --valid_num 500 --test_num 1000 --seed 123 --device 0 --runs 5 --runs 10 --label_num_per_class 5 --resample_split_per_run --budget_tag 5
result_dir=results/lowlabel conditions=[count]
==========================================================
--- count_reg | lambda=0.01 ---
Namespace(bn=False, budget_tag='5', count_reg=True, count_smoothing=1.0, cpu=False, data_dir='./data/', dataset='pubmed', device=0, display_step=100, dropout=0.7, epochs=500, gnn='gcn', hidden_channels=256, jk=False, label_num_per_class=5, lambda_val=0.01, ln=False, local_layers=2, lr=0.005, metric='acc', mlp_epochs=500, mlp_reg=False, model='MPNN', model_dir='models', num_heads=1, oracle_reg=False, paired_seeds=True, penalty_transform='none', pre_linear=False, pre_ln=False, rand_split=False, rand_split_class=True, reg_start_epoch=10, reg_update_freq=5, res=False, resample_split_per_run=True, result_dir='results/lowlabel', runs=10, save_model=False, seed=123, test_num=1000, train_per_class=0, train_prop=0.5, use_reg=True, valid_num=500, valid_per_class=0, valid_prop=0.25, weight_decay=0.0005)
pubmed
Num nodes: 19717
train:torch.Size([15]), valid:torch.Size([500]), test:torch.Size([1000])
dataset pubmed | num nodes 19717 | num edge 88648 | num node feats 500 | num classes 3
MODEL: MPNNs(
  (h_lins): ModuleList()
  (local_convs): ModuleList(
    (0): GCNConv(500, 256)
    (1): GCNConv(256, 256)
  )
  (lins): ModuleList(
    (0): Linear(in_features=500, out_features=256, bias=True)
    (1): Linear(in_features=256, out_features=256, bias=True)
  )
  (lns): ModuleList(
    (0): LayerNorm((256,), eps=1e-05, elementwise_affine=True)
    (1): LayerNorm((256,), eps=1e-05, elementwise_affine=True)
  )
  (bns): ModuleList(
    (0): BatchNorm1d(256, eps=1e-05, momentum=0.1, affine=True, track_running_stats=True)
    (1): BatchNorm1d(256, eps=1e-05, momentum=0.1, affine=True, track_running_stats=True)
  )
  (lin_in): Linear(in_features=500, out_features=256, bias=True)
  (pred_local): Linear(in_features=256, out_features=3, bias=True)
)
train:torch.Size([15]), valid:torch.Size([500]), test:torch.Size([1000])
Counting co-occurrence on train-train edges (leakage-free estimator)...
Count penalty frozen (0 train-train edges).
Epoch: 00, Loss: 1.1111, Train: 33.33%, Valid: 40.40%, Test: 38.80%, Best Valid: 40.40%, Best Test: 38.80%
Epoch: 100, Loss: 0.0135, Train: 100.00%, Valid: 72.80%, Test: 74.40%, Best Valid: 77.20%, Best Test: 79.50%
Epoch: 200, Loss: 0.0133, Train: 100.00%, Valid: 76.00%, Test: 75.40%, Best Valid: 77.40%, Best Test: 77.50%
Epoch: 300, Loss: 0.0158, Train: 100.00%, Valid: 74.00%, Test: 74.70%, Best Valid: 77.40%, Best Test: 77.50%
Epoch: 400, Loss: 0.0077, Train: 100.00%, Valid: 72.80%, Test: 73.70%, Best Valid: 77.40%, Best Test: 77.50%
Run 01:
Highest Train: 100.00
Highest Valid: 77.40
Highest Test: 79.50
Chosen epoch: 140
Final Train: 100.00
Final Test: 77.50
train:torch.Size([15]), valid:torch.Size([500]), test:torch.Size([1000])
Counting co-occurrence on train-train edges (leakage-free estimator)...
Count penalty frozen (0 train-train edges).
Epoch: 00, Loss: 1.1089, Train: 40.00%, Valid: 36.60%, Test: 39.80%, Best Valid: 36.60%, Best Test: 39.80%
Epoch: 100, Loss: 0.0062, Train: 100.00%, Valid: 61.20%, Test: 58.70%, Best Valid: 67.80%, Best Test: 63.10%
Epoch: 200, Loss: 0.0031, Train: 100.00%, Valid: 56.60%, Test: 57.30%, Best Valid: 67.80%, Best Test: 63.10%
Epoch: 300, Loss: 0.0060, Train: 100.00%, Valid: 57.60%, Test: 57.20%, Best Valid: 67.80%, Best Test: 63.10%
Epoch: 400, Loss: 0.0089, Train: 100.00%, Valid: 53.60%, Test: 54.40%, Best Valid: 67.80%, Best Test: 63.10%
Run 02:
Highest Train: 100.00
Highest Valid: 67.80
Highest Test: 64.40
Chosen epoch: 21
Final Train: 100.00
Final Test: 63.10
train:torch.Size([15]), valid:torch.Size([500]), test:torch.Size([1000])
Counting co-occurrence on train-train edges (leakage-free estimator)...
Count penalty frozen (0 train-train edges).
Epoch: 00, Loss: 1.1126, Train: 33.33%, Valid: 39.20%, Test: 41.80%, Best Valid: 39.20%, Best Test: 41.80%
Epoch: 100, Loss: 0.0080, Train: 100.00%, Valid: 64.80%, Test: 63.60%, Best Valid: 68.40%, Best Test: 65.60%
Epoch: 200, Loss: 0.0120, Train: 100.00%, Valid: 63.80%, Test: 64.50%, Best Valid: 69.20%, Best Test: 65.10%
Epoch: 300, Loss: 0.0057, Train: 100.00%, Valid: 65.80%, Test: 64.80%, Best Valid: 69.20%, Best Test: 65.10%
Epoch: 400, Loss: 0.0025, Train: 100.00%, Valid: 58.80%, Test: 58.00%, Best Valid: 69.20%, Best Test: 65.10%
Run 03:
Highest Train: 100.00
Highest Valid: 70.20
Highest Test: 68.10
Chosen epoch: 446
Final Train: 100.00
Final Test: 67.00
train:torch.Size([15]), valid:torch.Size([500]), test:torch.Size([1000])
Counting co-occurrence on train-train edges (leakage-free estimator)...
Count penalty frozen (0 train-train edges).
Epoch: 00, Loss: 1.1092, Train: 33.33%, Valid: 23.00%, Test: 19.40%, Best Valid: 23.00%, Best Test: 19.40%
Epoch: 100, Loss: 0.0224, Train: 100.00%, Valid: 70.80%, Test: 67.00%, Best Valid: 73.20%, Best Test: 67.00%
Epoch: 200, Loss: 0.0165, Train: 100.00%, Valid: 64.20%, Test: 59.30%, Best Valid: 73.20%, Best Test: 67.00%
Epoch: 300, Loss: 0.0199, Train: 100.00%, Valid: 71.40%, Test: 67.10%, Best Valid: 73.40%, Best Test: 67.90%
Epoch: 400, Loss: 0.0061, Train: 100.00%, Valid: 71.20%, Test: 62.80%, Best Valid: 73.60%, Best Test: 66.20%
Run 04:
Highest Train: 100.00
Highest Valid: 75.20
Highest Test: 70.80
Chosen epoch: 446
Final Train: 100.00
Final Test: 69.80
train:torch.Size([15]), valid:torch.Size([500]), test:torch.Size([1000])
Counting co-occurrence on train-train edges (leakage-free estimator)...
Count penalty frozen (0 train-train edges).
Epoch: 00, Loss: 1.1103, Train: 33.33%, Valid: 37.80%, Test: 39.50%, Best Valid: 37.80%, Best Test: 39.50%
Epoch: 100, Loss: 0.0048, Train: 100.00%, Valid: 71.80%, Test: 71.60%, Best Valid: 74.20%, Best Test: 71.60%
Epoch: 200, Loss: 0.0079, Train: 100.00%, Valid: 71.60%, Test: 70.60%, Best Valid: 74.20%, Best Test: 71.60%
Epoch: 300, Loss: 0.0316, Train: 100.00%, Valid: 70.20%, Test: 70.80%, Best Valid: 74.20%, Best Test: 71.60%
Epoch: 400, Loss: 0.0016, Train: 100.00%, Valid: 71.80%, Test: 71.10%, Best Valid: 74.20%, Best Test: 71.60%
Run 05:
Highest Train: 100.00
Highest Valid: 74.20
Highest Test: 73.80
Chosen epoch: 49
Final Train: 100.00
Final Test: 71.60
train:torch.Size([15]), valid:torch.Size([500]), test:torch.Size([1000])
Counting co-occurrence on train-train edges (leakage-free estimator)...
Count penalty frozen (0 train-train edges).
Epoch: 00, Loss: 1.1099, Train: 33.33%, Valid: 21.20%, Test: 21.10%, Best Valid: 21.20%, Best Test: 21.10%
Epoch: 100, Loss: 0.0040, Train: 100.00%, Valid: 67.60%, Test: 72.10%, Best Valid: 73.60%, Best Test: 74.90%
Epoch: 200, Loss: 0.0075, Train: 100.00%, Valid: 72.60%, Test: 75.90%, Best Valid: 73.80%, Best Test: 75.50%
Epoch: 300, Loss: 0.0053, Train: 100.00%, Valid: 73.20%, Test: 75.50%, Best Valid: 74.80%, Best Test: 75.90%
Epoch: 400, Loss: 0.0035, Train: 100.00%, Valid: 71.20%, Test: 74.10%, Best Valid: 74.80%, Best Test: 75.90%
Run 06:
Highest Train: 100.00
Highest Valid: 74.80
Highest Test: 76.80
Chosen epoch: 298
Final Train: 100.00
Final Test: 75.90
train:torch.Size([15]), valid:torch.Size([500]), test:torch.Size([1000])
Counting co-occurrence on train-train edges (leakage-free estimator)...
Count penalty frozen (0 train-train edges).
Epoch: 00, Loss: 1.1113, Train: 46.67%, Valid: 41.80%, Test: 44.20%, Best Valid: 41.80%, Best Test: 44.20%
Epoch: 100, Loss: 0.0066, Train: 100.00%, Valid: 73.80%, Test: 75.90%, Best Valid: 75.20%, Best Test: 76.00%
Epoch: 200, Loss: 0.0184, Train: 100.00%, Valid: 73.00%, Test: 75.50%, Best Valid: 76.40%, Best Test: 76.70%
Epoch: 300, Loss: 0.0023, Train: 100.00%, Valid: 72.80%, Test: 73.10%, Best Valid: 76.40%, Best Test: 76.70%
Epoch: 400, Loss: 0.0196, Train: 100.00%, Valid: 73.20%, Test: 75.60%, Best Valid: 76.40%, Best Test: 76.70%
Run 07:
Highest Train: 100.00
Highest Valid: 76.40
Highest Test: 77.20
Chosen epoch: 116
Final Train: 100.00
Final Test: 76.70
train:torch.Size([15]), valid:torch.Size([500]), test:torch.Size([1000])
Counting co-occurrence on train-train edges (leakage-free estimator)...
Count penalty frozen (0 train-train edges).
Epoch: 00, Loss: 1.1133, Train: 33.33%, Valid: 42.80%, Test: 40.50%, Best Valid: 42.80%, Best Test: 40.50%
Epoch: 100, Loss: 0.0156, Train: 100.00%, Valid: 66.00%, Test: 67.60%, Best Valid: 72.20%, Best Test: 71.60%
Epoch: 200, Loss: 0.0048, Train: 100.00%, Valid: 66.80%, Test: 67.70%, Best Valid: 74.20%, Best Test: 74.20%
Epoch: 300, Loss: 0.0045, Train: 100.00%, Valid: 71.60%, Test: 70.60%, Best Valid: 74.20%, Best Test: 74.20%
Epoch: 400, Loss: 0.0097, Train: 100.00%, Valid: 70.60%, Test: 71.20%, Best Valid: 74.20%, Best Test: 74.20%
Run 08:
Highest Train: 100.00
Highest Valid: 74.20
Highest Test: 74.30
Chosen epoch: 131
Final Train: 100.00
Final Test: 74.20
train:torch.Size([15]), valid:torch.Size([500]), test:torch.Size([1000])
Counting co-occurrence on train-train edges (leakage-free estimator)...
Count penalty frozen (0 train-train edges).
Epoch: 00, Loss: 1.1100, Train: 33.33%, Valid: 38.80%, Test: 37.80%, Best Valid: 38.80%, Best Test: 37.80%
Epoch: 100, Loss: 0.0027, Train: 100.00%, Valid: 65.20%, Test: 67.80%, Best Valid: 69.40%, Best Test: 74.90%
Epoch: 200, Loss: 0.0048, Train: 100.00%, Valid: 65.20%, Test: 68.00%, Best Valid: 69.40%, Best Test: 74.90%
Epoch: 300, Loss: 0.0054, Train: 100.00%, Valid: 61.00%, Test: 63.60%, Best Valid: 69.40%, Best Test: 74.90%
Epoch: 400, Loss: 0.0055, Train: 100.00%, Valid: 65.20%, Test: 69.20%, Best Valid: 69.40%, Best Test: 74.90%
Run 09:
Highest Train: 100.00
Highest Valid: 69.40
Highest Test: 74.90
Chosen epoch: 23
Final Train: 100.00
Final Test: 74.90
train:torch.Size([15]), valid:torch.Size([500]), test:torch.Size([1000])
Counting co-occurrence on train-train edges (leakage-free estimator)...
Count penalty frozen (0 train-train edges).
Epoch: 00, Loss: 1.1100, Train: 33.33%, Valid: 41.40%, Test: 39.30%, Best Valid: 41.40%, Best Test: 39.30%
Epoch: 100, Loss: 0.0086, Train: 100.00%, Valid: 68.60%, Test: 65.00%, Best Valid: 73.60%, Best Test: 70.40%
Epoch: 200, Loss: 0.0096, Train: 100.00%, Valid: 67.20%, Test: 62.80%, Best Valid: 76.20%, Best Test: 71.10%
Epoch: 300, Loss: 0.0051, Train: 100.00%, Valid: 63.60%, Test: 60.90%, Best Valid: 76.20%, Best Test: 71.10%
Epoch: 400, Loss: 0.0137, Train: 100.00%, Valid: 70.20%, Test: 64.30%, Best Valid: 76.20%, Best Test: 71.10%
Run 10:
Highest Train: 100.00
Highest Valid: 76.20
Highest Test: 71.90
Chosen epoch: 186
Final Train: 100.00
Final Test: 71.10
All runs:
Highest Train: 100.00 ± 0.00
Highest Test: 73.17 ± 4.52
Highest Valid: 73.58 ± 3.28
  Final Train: 100.00 ± 0.00
   Final Test: 72.18 ± 4.60
Saving results to results/lowlabel/pubmed/MPNN_gcn.csv
--- count_reg | lambda=0.05 ---
Namespace(bn=False, budget_tag='5', count_reg=True, count_smoothing=1.0, cpu=False, data_dir='./data/', dataset='pubmed', device=0, display_step=100, dropout=0.7, epochs=500, gnn='gcn', hidden_channels=256, jk=False, label_num_per_class=5, lambda_val=0.05, ln=False, local_layers=2, lr=0.005, metric='acc', mlp_epochs=500, mlp_reg=False, model='MPNN', model_dir='models', num_heads=1, oracle_reg=False, paired_seeds=True, penalty_transform='none', pre_linear=False, pre_ln=False, rand_split=False, rand_split_class=True, reg_start_epoch=10, reg_update_freq=5, res=False, resample_split_per_run=True, result_dir='results/lowlabel', runs=10, save_model=False, seed=123, test_num=1000, train_per_class=0, train_prop=0.5, use_reg=True, valid_num=500, valid_per_class=0, valid_prop=0.25, weight_decay=0.0005)
pubmed
Num nodes: 19717
train:torch.Size([15]), valid:torch.Size([500]), test:torch.Size([1000])
dataset pubmed | num nodes 19717 | num edge 88648 | num node feats 500 | num classes 3
MODEL: MPNNs(
  (h_lins): ModuleList()
  (local_convs): ModuleList(
    (0): GCNConv(500, 256)
    (1): GCNConv(256, 256)
  )
  (lins): ModuleList(
    (0): Linear(in_features=500, out_features=256, bias=True)
    (1): Linear(in_features=256, out_features=256, bias=True)
  )
  (lns): ModuleList(
    (0): LayerNorm((256,), eps=1e-05, elementwise_affine=True)
    (1): LayerNorm((256,), eps=1e-05, elementwise_affine=True)
  )
  (bns): ModuleList(
    (0): BatchNorm1d(256, eps=1e-05, momentum=0.1, affine=True, track_running_stats=True)
    (1): BatchNorm1d(256, eps=1e-05, momentum=0.1, affine=True, track_running_stats=True)
  )
  (lin_in): Linear(in_features=500, out_features=256, bias=True)
  (pred_local): Linear(in_features=256, out_features=3, bias=True)
)
train:torch.Size([15]), valid:torch.Size([500]), test:torch.Size([1000])
Counting co-occurrence on train-train edges (leakage-free estimator)...
Count penalty frozen (0 train-train edges).
Epoch: 00, Loss: 1.1551, Train: 33.33%, Valid: 40.40%, Test: 38.80%, Best Valid: 40.40%, Best Test: 38.80%
Epoch: 100, Loss: 0.0133, Train: 100.00%, Valid: 72.80%, Test: 74.20%, Best Valid: 77.40%, Best Test: 79.40%
Epoch: 200, Loss: 0.0141, Train: 100.00%, Valid: 75.60%, Test: 76.50%, Best Valid: 77.40%, Best Test: 79.40%
Epoch: 300, Loss: 0.0192, Train: 100.00%, Valid: 72.80%, Test: 74.40%, Best Valid: 77.40%, Best Test: 79.40%
Epoch: 400, Loss: 0.0113, Train: 100.00%, Valid: 71.60%, Test: 72.00%, Best Valid: 77.40%, Best Test: 79.40%
Run 01:
Highest Train: 100.00
Highest Valid: 77.40
Highest Test: 79.40
Chosen epoch: 31
Final Train: 100.00
Final Test: 79.40
train:torch.Size([15]), valid:torch.Size([500]), test:torch.Size([1000])
Counting co-occurrence on train-train edges (leakage-free estimator)...
Count penalty frozen (0 train-train edges).
Epoch: 00, Loss: 1.1528, Train: 40.00%, Valid: 36.60%, Test: 39.80%, Best Valid: 36.60%, Best Test: 39.80%
Epoch: 100, Loss: 0.0067, Train: 100.00%, Valid: 62.00%, Test: 58.60%, Best Valid: 67.80%, Best Test: 63.00%
Epoch: 200, Loss: 0.0029, Train: 100.00%, Valid: 58.00%, Test: 58.30%, Best Valid: 67.80%, Best Test: 63.00%
Epoch: 300, Loss: 0.0059, Train: 100.00%, Valid: 56.60%, Test: 56.50%, Best Valid: 67.80%, Best Test: 63.00%
Epoch: 400, Loss: 0.0043, Train: 100.00%, Valid: 56.00%, Test: 56.20%, Best Valid: 67.80%, Best Test: 63.00%
Run 02:
Highest Train: 100.00
Highest Valid: 67.80
Highest Test: 64.30
Chosen epoch: 21
Final Train: 100.00
Final Test: 63.00
train:torch.Size([15]), valid:torch.Size([500]), test:torch.Size([1000])
Counting co-occurrence on train-train edges (leakage-free estimator)...
Count penalty frozen (0 train-train edges).
Epoch: 00, Loss: 1.1567, Train: 33.33%, Valid: 39.20%, Test: 41.80%, Best Valid: 39.20%, Best Test: 41.80%
Epoch: 100, Loss: 0.0075, Train: 100.00%, Valid: 65.80%, Test: 64.20%, Best Valid: 68.80%, Best Test: 65.50%
Epoch: 200, Loss: 0.0133, Train: 100.00%, Valid: 64.60%, Test: 64.60%, Best Valid: 68.80%, Best Test: 65.50%
Epoch: 300, Loss: 0.0047, Train: 100.00%, Valid: 60.00%, Test: 60.00%, Best Valid: 68.80%, Best Test: 65.50%
Epoch: 400, Loss: 0.0027, Train: 100.00%, Valid: 57.80%, Test: 56.30%, Best Valid: 68.80%, Best Test: 65.50%
Run 03:
Highest Train: 100.00
Highest Valid: 69.80
Highest Test: 68.30
Chosen epoch: 445
Final Train: 100.00
Final Test: 68.30
train:torch.Size([15]), valid:torch.Size([500]), test:torch.Size([1000])
Counting co-occurrence on train-train edges (leakage-free estimator)...
Count penalty frozen (0 train-train edges).
Epoch: 00, Loss: 1.1531, Train: 33.33%, Valid: 23.00%, Test: 19.40%, Best Valid: 23.00%, Best Test: 19.40%
Epoch: 100, Loss: 0.0237, Train: 100.00%, Valid: 70.60%, Test: 67.00%, Best Valid: 73.20%, Best Test: 67.30%
Epoch: 200, Loss: 0.0156, Train: 100.00%, Valid: 66.40%, Test: 60.30%, Best Valid: 73.20%, Best Test: 67.30%
Epoch: 300, Loss: 0.0388, Train: 100.00%, Valid: 69.60%, Test: 66.60%, Best Valid: 73.40%, Best Test: 65.10%
Epoch: 400, Loss: 0.0116, Train: 100.00%, Valid: 69.60%, Test: 62.00%, Best Valid: 73.40%, Best Test: 65.10%
Run 04:
Highest Train: 100.00
Highest Valid: 73.40
Highest Test: 70.80
Chosen epoch: 262
Final Train: 100.00
Final Test: 65.10
train:torch.Size([15]), valid:torch.Size([500]), test:torch.Size([1000])
Counting co-occurrence on train-train edges (leakage-free estimator)...
Count penalty frozen (0 train-train edges).
Epoch: 00, Loss: 1.1543, Train: 33.33%, Valid: 37.80%, Test: 39.50%, Best Valid: 37.80%, Best Test: 39.50%
Epoch: 100, Loss: 0.0048, Train: 100.00%, Valid: 72.20%, Test: 71.70%, Best Valid: 74.40%, Best Test: 71.60%
Epoch: 200, Loss: 0.0089, Train: 100.00%, Valid: 72.20%, Test: 69.80%, Best Valid: 74.40%, Best Test: 71.60%
Epoch: 300, Loss: 0.0293, Train: 100.00%, Valid: 69.80%, Test: 70.30%, Best Valid: 74.40%, Best Test: 71.60%
Epoch: 400, Loss: 0.0014, Train: 100.00%, Valid: 69.20%, Test: 69.30%, Best Valid: 74.40%, Best Test: 71.60%
Run 05:
Highest Train: 100.00
Highest Valid: 74.60
Highest Test: 73.50
Chosen epoch: 476
Final Train: 100.00
Final Test: 72.20
train:torch.Size([15]), valid:torch.Size([500]), test:torch.Size([1000])
Counting co-occurrence on train-train edges (leakage-free estimator)...
Count penalty frozen (0 train-train edges).
Epoch: 00, Loss: 1.1539, Train: 33.33%, Valid: 21.20%, Test: 21.10%, Best Valid: 21.20%, Best Test: 21.10%
Epoch: 100, Loss: 0.0042, Train: 100.00%, Valid: 67.60%, Test: 72.20%, Best Valid: 73.40%, Best Test: 74.80%
Epoch: 200, Loss: 0.0081, Train: 100.00%, Valid: 71.80%, Test: 75.40%, Best Valid: 74.20%, Best Test: 74.00%
Epoch: 300, Loss: 0.0072, Train: 100.00%, Valid: 73.20%, Test: 75.10%, Best Valid: 74.20%, Best Test: 74.00%
Epoch: 400, Loss: 0.0052, Train: 100.00%, Valid: 72.00%, Test: 74.20%, Best Valid: 75.00%, Best Test: 76.30%
Run 06:
Highest Train: 100.00
Highest Valid: 75.00
Highest Test: 76.80
Chosen epoch: 372
Final Train: 100.00
Final Test: 76.30
train:torch.Size([15]), valid:torch.Size([500]), test:torch.Size([1000])
Counting co-occurrence on train-train edges (leakage-free estimator)...
Count penalty frozen (0 train-train edges).
Epoch: 00, Loss: 1.1553, Train: 46.67%, Valid: 41.80%, Test: 44.20%, Best Valid: 41.80%, Best Test: 44.20%
Epoch: 100, Loss: 0.0066, Train: 100.00%, Valid: 74.00%, Test: 76.10%, Best Valid: 75.20%, Best Test: 76.30%
Epoch: 200, Loss: 0.0233, Train: 100.00%, Valid: 72.40%, Test: 73.90%, Best Valid: 76.40%, Best Test: 76.40%
Epoch: 300, Loss: 0.0019, Train: 100.00%, Valid: 73.00%, Test: 73.00%, Best Valid: 76.40%, Best Test: 76.40%
Epoch: 400, Loss: 0.0162, Train: 100.00%, Valid: 74.40%, Test: 74.90%, Best Valid: 76.40%, Best Test: 76.40%
Run 07:
Highest Train: 100.00
Highest Valid: 76.40
Highest Test: 77.10
Chosen epoch: 122
Final Train: 100.00
Final Test: 76.40
train:torch.Size([15]), valid:torch.Size([500]), test:torch.Size([1000])
Counting co-occurrence on train-train edges (leakage-free estimator)...
Count penalty frozen (0 train-train edges).
Epoch: 00, Loss: 1.1574, Train: 33.33%, Valid: 42.80%, Test: 40.50%, Best Valid: 42.80%, Best Test: 40.50%
Epoch: 100, Loss: 0.0167, Train: 100.00%, Valid: 65.60%, Test: 67.50%, Best Valid: 72.40%, Best Test: 71.50%
Epoch: 200, Loss: 0.0040, Train: 100.00%, Valid: 66.00%, Test: 67.50%, Best Valid: 74.40%, Best Test: 73.70%
Epoch: 300, Loss: 0.0055, Train: 100.00%, Valid: 72.00%, Test: 70.80%, Best Valid: 74.40%, Best Test: 73.70%
Epoch: 400, Loss: 0.0186, Train: 100.00%, Valid: 71.20%, Test: 70.80%, Best Valid: 74.40%, Best Test: 73.70%
Run 08:
Highest Train: 100.00
Highest Valid: 74.40
Highest Test: 73.70
Chosen epoch: 131
Final Train: 100.00
Final Test: 73.70
train:torch.Size([15]), valid:torch.Size([500]), test:torch.Size([1000])
Counting co-occurrence on train-train edges (leakage-free estimator)...
Count penalty frozen (0 train-train edges).
Epoch: 00, Loss: 1.1540, Train: 33.33%, Valid: 38.80%, Test: 37.80%, Best Valid: 38.80%, Best Test: 37.80%
Epoch: 100, Loss: 0.0027, Train: 100.00%, Valid: 65.40%, Test: 67.40%, Best Valid: 69.60%, Best Test: 75.10%
Epoch: 200, Loss: 0.0046, Train: 100.00%, Valid: 64.20%, Test: 67.70%, Best Valid: 69.60%, Best Test: 75.10%
Epoch: 300, Loss: 0.0054, Train: 100.00%, Valid: 61.20%, Test: 63.10%, Best Valid: 69.60%, Best Test: 75.10%
Epoch: 400, Loss: 0.0053, Train: 100.00%, Valid: 64.20%, Test: 69.10%, Best Valid: 69.60%, Best Test: 75.10%
Run 09:
Highest Train: 100.00
Highest Valid: 69.60
Highest Test: 75.10
Chosen epoch: 23
Final Train: 100.00
Final Test: 75.10
train:torch.Size([15]), valid:torch.Size([500]), test:torch.Size([1000])
Counting co-occurrence on train-train edges (leakage-free estimator)...
Count penalty frozen (0 train-train edges).
Epoch: 00, Loss: 1.1540, Train: 33.33%, Valid: 41.40%, Test: 39.30%, Best Valid: 41.40%, Best Test: 39.30%
Epoch: 100, Loss: 0.0092, Train: 100.00%, Valid: 68.80%, Test: 64.80%, Best Valid: 73.60%, Best Test: 70.80%
Epoch: 200, Loss: 0.0099, Train: 100.00%, Valid: 70.20%, Test: 65.70%, Best Valid: 75.20%, Best Test: 70.80%
Epoch: 300, Loss: 0.0041, Train: 100.00%, Valid: 65.20%, Test: 63.00%, Best Valid: 75.20%, Best Test: 70.80%
Epoch: 400, Loss: 0.0085, Train: 100.00%, Valid: 67.00%, Test: 62.00%, Best Valid: 75.20%, Best Test: 70.80%
Run 10:
Highest Train: 100.00
Highest Valid: 75.20
Highest Test: 71.70
Chosen epoch: 174
Final Train: 100.00
Final Test: 70.80
All runs:
Highest Train: 100.00 ± 0.00
Highest Test: 73.07 ± 4.49
Highest Valid: 73.36 ± 3.20
  Final Train: 100.00 ± 0.00
   Final Test: 72.03 ± 5.26
Saving results to results/lowlabel/pubmed/MPNN_gcn.csv
--- count_reg | lambda=0.1 ---
Namespace(bn=False, budget_tag='5', count_reg=True, count_smoothing=1.0, cpu=False, data_dir='./data/', dataset='pubmed', device=0, display_step=100, dropout=0.7, epochs=500, gnn='gcn', hidden_channels=256, jk=False, label_num_per_class=5, lambda_val=0.1, ln=False, local_layers=2, lr=0.005, metric='acc', mlp_epochs=500, mlp_reg=False, model='MPNN', model_dir='models', num_heads=1, oracle_reg=False, paired_seeds=True, penalty_transform='none', pre_linear=False, pre_ln=False, rand_split=False, rand_split_class=True, reg_start_epoch=10, reg_update_freq=5, res=False, resample_split_per_run=True, result_dir='results/lowlabel', runs=10, save_model=False, seed=123, test_num=1000, train_per_class=0, train_prop=0.5, use_reg=True, valid_num=500, valid_per_class=0, valid_prop=0.25, weight_decay=0.0005)
pubmed
Num nodes: 19717
train:torch.Size([15]), valid:torch.Size([500]), test:torch.Size([1000])
dataset pubmed | num nodes 19717 | num edge 88648 | num node feats 500 | num classes 3
MODEL: MPNNs(
  (h_lins): ModuleList()
  (local_convs): ModuleList(
    (0): GCNConv(500, 256)
    (1): GCNConv(256, 256)
  )
  (lins): ModuleList(
    (0): Linear(in_features=500, out_features=256, bias=True)
    (1): Linear(in_features=256, out_features=256, bias=True)
  )
  (lns): ModuleList(
    (0): LayerNorm((256,), eps=1e-05, elementwise_affine=True)
    (1): LayerNorm((256,), eps=1e-05, elementwise_affine=True)
  )
  (bns): ModuleList(
    (0): BatchNorm1d(256, eps=1e-05, momentum=0.1, affine=True, track_running_stats=True)
    (1): BatchNorm1d(256, eps=1e-05, momentum=0.1, affine=True, track_running_stats=True)
  )
  (lin_in): Linear(in_features=500, out_features=256, bias=True)
  (pred_local): Linear(in_features=256, out_features=3, bias=True)
)
train:torch.Size([15]), valid:torch.Size([500]), test:torch.Size([1000])
Counting co-occurrence on train-train edges (leakage-free estimator)...
Count penalty frozen (0 train-train edges).
Epoch: 00, Loss: 1.2101, Train: 33.33%, Valid: 40.40%, Test: 38.80%, Best Valid: 40.40%, Best Test: 38.80%
Epoch: 100, Loss: 0.0143, Train: 100.00%, Valid: 73.00%, Test: 74.30%, Best Valid: 77.60%, Best Test: 79.20%
Epoch: 200, Loss: 0.0154, Train: 100.00%, Valid: 75.20%, Test: 76.60%, Best Valid: 77.60%, Best Test: 79.20%
Epoch: 300, Loss: 0.0183, Train: 100.00%, Valid: 72.80%, Test: 72.90%, Best Valid: 77.60%, Best Test: 79.20%
Epoch: 400, Loss: 0.0032, Train: 100.00%, Valid: 73.00%, Test: 73.50%, Best Valid: 77.60%, Best Test: 79.20%
Run 01:
Highest Train: 100.00
Highest Valid: 77.60
Highest Test: 79.20
Chosen epoch: 31
Final Train: 100.00
Final Test: 79.20
train:torch.Size([15]), valid:torch.Size([500]), test:torch.Size([1000])
Counting co-occurrence on train-train edges (leakage-free estimator)...
Count penalty frozen (0 train-train edges).
Epoch: 00, Loss: 1.2077, Train: 40.00%, Valid: 36.60%, Test: 39.80%, Best Valid: 36.60%, Best Test: 39.80%
Epoch: 100, Loss: 0.0071, Train: 100.00%, Valid: 61.80%, Test: 58.40%, Best Valid: 67.80%, Best Test: 62.90%
Epoch: 200, Loss: 0.0030, Train: 100.00%, Valid: 58.00%, Test: 57.80%, Best Valid: 67.80%, Best Test: 62.90%
Epoch: 300, Loss: 0.0062, Train: 100.00%, Valid: 56.00%, Test: 56.30%, Best Valid: 67.80%, Best Test: 62.90%
Epoch: 400, Loss: 0.0055, Train: 100.00%, Valid: 54.80%, Test: 54.20%, Best Valid: 67.80%, Best Test: 62.90%
Run 02:
Highest Train: 100.00
Highest Valid: 67.80
Highest Test: 64.10
Chosen epoch: 21
Final Train: 100.00
Final Test: 62.90
train:torch.Size([15]), valid:torch.Size([500]), test:torch.Size([1000])
Counting co-occurrence on train-train edges (leakage-free estimator)...
Count penalty frozen (0 train-train edges).
Epoch: 00, Loss: 1.2118, Train: 33.33%, Valid: 39.20%, Test: 41.80%, Best Valid: 39.20%, Best Test: 41.80%
Epoch: 100, Loss: 0.0079, Train: 100.00%, Valid: 65.80%, Test: 64.30%, Best Valid: 68.80%, Best Test: 65.60%
Epoch: 200, Loss: 0.0137, Train: 100.00%, Valid: 64.00%, Test: 63.30%, Best Valid: 69.00%, Best Test: 65.70%
Epoch: 300, Loss: 0.0056, Train: 100.00%, Valid: 61.80%, Test: 61.10%, Best Valid: 69.00%, Best Test: 65.70%
Epoch: 400, Loss: 0.0024, Train: 100.00%, Valid: 60.20%, Test: 60.80%, Best Valid: 69.00%, Best Test: 65.70%
Run 03:
Highest Train: 100.00
Highest Valid: 69.80
Highest Test: 68.30
Chosen epoch: 445
Final Train: 100.00
Final Test: 67.60
train:torch.Size([15]), valid:torch.Size([500]), test:torch.Size([1000])
Counting co-occurrence on train-train edges (leakage-free estimator)...
Count penalty frozen (0 train-train edges).
Epoch: 00, Loss: 1.2080, Train: 33.33%, Valid: 23.00%, Test: 19.40%, Best Valid: 23.00%, Best Test: 19.40%
Epoch: 100, Loss: 0.0248, Train: 100.00%, Valid: 70.40%, Test: 66.90%, Best Valid: 73.20%, Best Test: 68.90%
Epoch: 200, Loss: 0.0154, Train: 100.00%, Valid: 66.60%, Test: 60.50%, Best Valid: 73.20%, Best Test: 68.90%
Epoch: 300, Loss: 0.0303, Train: 100.00%, Valid: 70.40%, Test: 66.80%, Best Valid: 73.40%, Best Test: 67.40%
Epoch: 400, Loss: 0.0048, Train: 100.00%, Valid: 71.60%, Test: 64.20%, Best Valid: 73.40%, Best Test: 67.40%
Run 04:
Highest Train: 100.00
Highest Valid: 73.40
Highest Test: 69.60
Chosen epoch: 255
Final Train: 100.00
Final Test: 67.40
train:torch.Size([15]), valid:torch.Size([500]), test:torch.Size([1000])
Counting co-occurrence on train-train edges (leakage-free estimator)...
Count penalty frozen (0 train-train edges).
Epoch: 00, Loss: 1.2093, Train: 33.33%, Valid: 37.80%, Test: 39.50%, Best Valid: 37.80%, Best Test: 39.50%
Epoch: 100, Loss: 0.0049, Train: 100.00%, Valid: 72.00%, Test: 71.70%, Best Valid: 74.40%, Best Test: 71.60%
Epoch: 200, Loss: 0.0086, Train: 100.00%, Valid: 71.80%, Test: 69.90%, Best Valid: 74.60%, Best Test: 72.00%
Epoch: 300, Loss: 0.0386, Train: 100.00%, Valid: 69.80%, Test: 69.60%, Best Valid: 74.60%, Best Test: 72.00%
Epoch: 400, Loss: 0.0014, Train: 100.00%, Valid: 67.80%, Test: 68.30%, Best Valid: 74.60%, Best Test: 72.00%
Run 05:
Highest Train: 100.00
Highest Valid: 74.60
Highest Test: 73.60
Chosen epoch: 185
Final Train: 100.00
Final Test: 72.00
train:torch.Size([15]), valid:torch.Size([500]), test:torch.Size([1000])
Counting co-occurrence on train-train edges (leakage-free estimator)...
Count penalty frozen (0 train-train edges).
Epoch: 00, Loss: 1.2088, Train: 33.33%, Valid: 21.20%, Test: 21.10%, Best Valid: 21.20%, Best Test: 21.10%
Epoch: 100, Loss: 0.0044, Train: 100.00%, Valid: 67.20%, Test: 72.00%, Best Valid: 73.60%, Best Test: 75.00%
Epoch: 200, Loss: 0.0083, Train: 100.00%, Valid: 72.20%, Test: 75.60%, Best Valid: 74.40%, Best Test: 74.10%
Epoch: 300, Loss: 0.0085, Train: 100.00%, Valid: 73.00%, Test: 73.10%, Best Valid: 74.40%, Best Test: 74.10%
Epoch: 400, Loss: 0.0062, Train: 100.00%, Valid: 72.00%, Test: 74.40%, Best Valid: 74.60%, Best Test: 75.80%
Run 06:
Highest Train: 100.00
Highest Valid: 74.60
Highest Test: 76.60
Chosen epoch: 372
Final Train: 100.00
Final Test: 75.80
train:torch.Size([15]), valid:torch.Size([500]), test:torch.Size([1000])
Counting co-occurrence on train-train edges (leakage-free estimator)...
Count penalty frozen (0 train-train edges).
Epoch: 00, Loss: 1.2103, Train: 46.67%, Valid: 41.80%, Test: 44.20%, Best Valid: 41.80%, Best Test: 44.20%
Epoch: 100, Loss: 0.0068, Train: 100.00%, Valid: 74.20%, Test: 75.70%, Best Valid: 75.00%, Best Test: 76.10%
Epoch: 200, Loss: 0.0264, Train: 100.00%, Valid: 71.60%, Test: 71.90%, Best Valid: 76.60%, Best Test: 76.40%
Epoch: 300, Loss: 0.0019, Train: 100.00%, Valid: 73.20%, Test: 73.10%, Best Valid: 76.60%, Best Test: 76.40%
Epoch: 400, Loss: 0.0143, Train: 100.00%, Valid: 73.40%, Test: 74.90%, Best Valid: 76.60%, Best Test: 76.40%
Run 07:
Highest Train: 100.00
Highest Valid: 76.60
Highest Test: 77.20
Chosen epoch: 122
Final Train: 100.00
Final Test: 76.40
train:torch.Size([15]), valid:torch.Size([500]), test:torch.Size([1000])
Counting co-occurrence on train-train edges (leakage-free estimator)...
Count penalty frozen (0 train-train edges).
Epoch: 00, Loss: 1.2125, Train: 33.33%, Valid: 42.80%, Test: 40.50%, Best Valid: 42.80%, Best Test: 40.50%
Epoch: 100, Loss: 0.0160, Train: 100.00%, Valid: 66.00%, Test: 67.50%, Best Valid: 72.40%, Best Test: 71.80%
Epoch: 200, Loss: 0.0047, Train: 100.00%, Valid: 66.80%, Test: 67.80%, Best Valid: 75.20%, Best Test: 73.60%
Epoch: 300, Loss: 0.0061, Train: 100.00%, Valid: 71.40%, Test: 70.70%, Best Valid: 75.20%, Best Test: 73.60%
Epoch: 400, Loss: 0.0242, Train: 100.00%, Valid: 71.60%, Test: 71.50%, Best Valid: 75.20%, Best Test: 73.60%
Run 08:
Highest Train: 100.00
Highest Valid: 75.20
Highest Test: 73.60
Chosen epoch: 131
Final Train: 100.00
Final Test: 73.60
train:torch.Size([15]), valid:torch.Size([500]), test:torch.Size([1000])
Counting co-occurrence on train-train edges (leakage-free estimator)...
Count penalty frozen (0 train-train edges).
Epoch: 00, Loss: 1.2089, Train: 33.33%, Valid: 38.80%, Test: 37.80%, Best Valid: 38.80%, Best Test: 37.80%
Epoch: 100, Loss: 0.0029, Train: 100.00%, Valid: 65.60%, Test: 67.60%, Best Valid: 69.80%, Best Test: 74.90%
Epoch: 200, Loss: 0.0048, Train: 100.00%, Valid: 64.00%, Test: 67.80%, Best Valid: 69.80%, Best Test: 74.90%
Epoch: 300, Loss: 0.0054, Train: 100.00%, Valid: 61.40%, Test: 63.70%, Best Valid: 69.80%, Best Test: 74.90%
Epoch: 400, Loss: 0.0058, Train: 100.00%, Valid: 64.80%, Test: 69.30%, Best Valid: 69.80%, Best Test: 74.90%
Run 09:
Highest Train: 100.00
Highest Valid: 69.80
Highest Test: 74.90
Chosen epoch: 23
Final Train: 100.00
Final Test: 74.90
train:torch.Size([15]), valid:torch.Size([500]), test:torch.Size([1000])
Counting co-occurrence on train-train edges (leakage-free estimator)...
Count penalty frozen (0 train-train edges).
Epoch: 00, Loss: 1.2089, Train: 33.33%, Valid: 41.40%, Test: 39.30%, Best Valid: 41.40%, Best Test: 39.30%
Epoch: 100, Loss: 0.0096, Train: 100.00%, Valid: 69.00%, Test: 65.10%, Best Valid: 73.60%, Best Test: 69.50%
Epoch: 200, Loss: 0.0108, Train: 100.00%, Valid: 71.40%, Test: 67.00%, Best Valid: 74.60%, Best Test: 70.20%
Epoch: 300, Loss: 0.0073, Train: 100.00%, Valid: 69.20%, Test: 64.60%, Best Valid: 74.60%, Best Test: 70.20%
Epoch: 400, Loss: 0.0147, Train: 100.00%, Valid: 65.20%, Test: 60.80%, Best Valid: 74.60%, Best Test: 70.20%
Run 10:
Highest Train: 100.00
Highest Valid: 74.60
Highest Test: 71.50
Chosen epoch: 170
Final Train: 100.00
Final Test: 70.20
All runs:
Highest Train: 100.00 ± 0.00
Highest Test: 72.86 ± 4.57
Highest Valid: 73.40 ± 3.21
  Final Train: 100.00 ± 0.00
   Final Test: 72.00 ± 4.98
Saving results to results/lowlabel/pubmed/MPNN_gcn.csv
--- count_reg | lambda=0.2 ---
Namespace(bn=False, budget_tag='5', count_reg=True, count_smoothing=1.0, cpu=False, data_dir='./data/', dataset='pubmed', device=0, display_step=100, dropout=0.7, epochs=500, gnn='gcn', hidden_channels=256, jk=False, label_num_per_class=5, lambda_val=0.2, ln=False, local_layers=2, lr=0.005, metric='acc', mlp_epochs=500, mlp_reg=False, model='MPNN', model_dir='models', num_heads=1, oracle_reg=False, paired_seeds=True, penalty_transform='none', pre_linear=False, pre_ln=False, rand_split=False, rand_split_class=True, reg_start_epoch=10, reg_update_freq=5, res=False, resample_split_per_run=True, result_dir='results/lowlabel', runs=10, save_model=False, seed=123, test_num=1000, train_per_class=0, train_prop=0.5, use_reg=True, valid_num=500, valid_per_class=0, valid_prop=0.25, weight_decay=0.0005)
pubmed
Num nodes: 19717
train:torch.Size([15]), valid:torch.Size([500]), test:torch.Size([1000])
dataset pubmed | num nodes 19717 | num edge 88648 | num node feats 500 | num classes 3
MODEL: MPNNs(
  (h_lins): ModuleList()
  (local_convs): ModuleList(
    (0): GCNConv(500, 256)
    (1): GCNConv(256, 256)
  )
  (lins): ModuleList(
    (0): Linear(in_features=500, out_features=256, bias=True)
    (1): Linear(in_features=256, out_features=256, bias=True)
  )
  (lns): ModuleList(
    (0): LayerNorm((256,), eps=1e-05, elementwise_affine=True)
    (1): LayerNorm((256,), eps=1e-05, elementwise_affine=True)
  )
  (bns): ModuleList(
    (0): BatchNorm1d(256, eps=1e-05, momentum=0.1, affine=True, track_running_stats=True)
    (1): BatchNorm1d(256, eps=1e-05, momentum=0.1, affine=True, track_running_stats=True)
  )
  (lin_in): Linear(in_features=500, out_features=256, bias=True)
  (pred_local): Linear(in_features=256, out_features=3, bias=True)
)
train:torch.Size([15]), valid:torch.Size([500]), test:torch.Size([1000])
Counting co-occurrence on train-train edges (leakage-free estimator)...
Count penalty frozen (0 train-train edges).
Epoch: 00, Loss: 1.3201, Train: 33.33%, Valid: 40.40%, Test: 38.80%, Best Valid: 40.40%, Best Test: 38.80%
Epoch: 100, Loss: 0.0158, Train: 100.00%, Valid: 73.20%, Test: 74.40%, Best Valid: 77.40%, Best Test: 79.20%
Epoch: 200, Loss: 0.0175, Train: 100.00%, Valid: 75.40%, Test: 76.60%, Best Valid: 77.40%, Best Test: 79.20%
Epoch: 300, Loss: 0.0221, Train: 100.00%, Valid: 65.40%, Test: 65.60%, Best Valid: 77.40%, Best Test: 79.20%
Epoch: 400, Loss: 0.0078, Train: 100.00%, Valid: 71.80%, Test: 73.10%, Best Valid: 77.40%, Best Test: 79.20%
Run 01:
Highest Train: 100.00
Highest Valid: 77.40
Highest Test: 79.20
Chosen epoch: 31
Final Train: 100.00
Final Test: 79.20
train:torch.Size([15]), valid:torch.Size([500]), test:torch.Size([1000])
Counting co-occurrence on train-train edges (leakage-free estimator)...
Count penalty frozen (0 train-train edges).
Epoch: 00, Loss: 1.3175, Train: 40.00%, Valid: 36.60%, Test: 39.80%, Best Valid: 36.60%, Best Test: 39.80%
Epoch: 100, Loss: 0.0077, Train: 100.00%, Valid: 60.40%, Test: 58.10%, Best Valid: 67.80%, Best Test: 62.90%
Epoch: 200, Loss: 0.0032, Train: 100.00%, Valid: 57.80%, Test: 57.90%, Best Valid: 67.80%, Best Test: 62.90%
Epoch: 300, Loss: 0.0066, Train: 100.00%, Valid: 57.20%, Test: 56.80%, Best Valid: 67.80%, Best Test: 62.90%
Epoch: 400, Loss: 0.0063, Train: 100.00%, Valid: 55.20%, Test: 55.60%, Best Valid: 67.80%, Best Test: 62.90%
Run 02:
Highest Train: 100.00
Highest Valid: 67.80
Highest Test: 64.10
Chosen epoch: 21
Final Train: 100.00
Final Test: 62.90
train:torch.Size([15]), valid:torch.Size([500]), test:torch.Size([1000])
Counting co-occurrence on train-train edges (leakage-free estimator)...
Count penalty frozen (0 train-train edges).
Epoch: 00, Loss: 1.3220, Train: 33.33%, Valid: 39.20%, Test: 41.80%, Best Valid: 39.20%, Best Test: 41.80%
Epoch: 100, Loss: 0.0086, Train: 100.00%, Valid: 65.60%, Test: 64.30%, Best Valid: 68.80%, Best Test: 65.50%
Epoch: 200, Loss: 0.0151, Train: 100.00%, Valid: 64.20%, Test: 64.60%, Best Valid: 68.80%, Best Test: 65.50%
Epoch: 300, Loss: 0.0054, Train: 100.00%, Valid: 59.80%, Test: 60.00%, Best Valid: 68.80%, Best Test: 65.50%
Epoch: 400, Loss: 0.0029, Train: 100.00%, Valid: 58.40%, Test: 57.30%, Best Valid: 68.80%, Best Test: 65.50%
Run 03:
Highest Train: 100.00
Highest Valid: 70.00
Highest Test: 68.30
Chosen epoch: 458
Final Train: 100.00
Final Test: 67.40
train:torch.Size([15]), valid:torch.Size([500]), test:torch.Size([1000])
Counting co-occurrence on train-train edges (leakage-free estimator)...
Count penalty frozen (0 train-train edges).
Epoch: 00, Loss: 1.3178, Train: 33.33%, Valid: 23.00%, Test: 19.40%, Best Valid: 23.00%, Best Test: 19.40%
Epoch: 100, Loss: 0.0275, Train: 100.00%, Valid: 70.40%, Test: 66.90%, Best Valid: 73.20%, Best Test: 67.70%
Epoch: 200, Loss: 0.0278, Train: 100.00%, Valid: 62.20%, Test: 57.20%, Best Valid: 73.20%, Best Test: 67.70%
Epoch: 300, Loss: 0.0378, Train: 100.00%, Valid: 70.40%, Test: 66.60%, Best Valid: 73.60%, Best Test: 67.00%
Epoch: 400, Loss: 0.0041, Train: 100.00%, Valid: 71.20%, Test: 63.30%, Best Valid: 73.60%, Best Test: 67.00%
Run 04:
Highest Train: 100.00
Highest Valid: 73.60
Highest Test: 69.80
Chosen epoch: 252
Final Train: 100.00
Final Test: 67.00
train:torch.Size([15]), valid:torch.Size([500]), test:torch.Size([1000])
Counting co-occurrence on train-train edges (leakage-free estimator)...
Count penalty frozen (0 train-train edges).
Epoch: 00, Loss: 1.3192, Train: 33.33%, Valid: 37.80%, Test: 39.50%, Best Valid: 37.80%, Best Test: 39.50%
Epoch: 100, Loss: 0.0053, Train: 100.00%, Valid: 71.40%, Test: 72.20%, Best Valid: 74.40%, Best Test: 71.60%
Epoch: 200, Loss: 0.0098, Train: 100.00%, Valid: 71.80%, Test: 70.50%, Best Valid: 74.40%, Best Test: 71.60%
Epoch: 300, Loss: 0.0420, Train: 100.00%, Valid: 68.60%, Test: 68.00%, Best Valid: 74.40%, Best Test: 71.60%
Epoch: 400, Loss: 0.0031, Train: 100.00%, Valid: 66.80%, Test: 65.20%, Best Valid: 74.60%, Best Test: 73.40%
Run 05:
Highest Train: 100.00
Highest Valid: 74.60
Highest Test: 74.00
Chosen epoch: 368
Final Train: 100.00
Final Test: 73.40
train:torch.Size([15]), valid:torch.Size([500]), test:torch.Size([1000])
Counting co-occurrence on train-train edges (leakage-free estimator)...
Count penalty frozen (0 train-train edges).
Epoch: 00, Loss: 1.3187, Train: 33.33%, Valid: 21.20%, Test: 21.10%, Best Valid: 21.20%, Best Test: 21.10%
Epoch: 100, Loss: 0.0048, Train: 100.00%, Valid: 67.60%, Test: 72.50%, Best Valid: 73.60%, Best Test: 75.10%
Epoch: 200, Loss: 0.0090, Train: 100.00%, Valid: 71.80%, Test: 75.20%, Best Valid: 74.00%, Best Test: 74.00%
Epoch: 300, Loss: 0.0090, Train: 100.00%, Valid: 71.80%, Test: 72.40%, Best Valid: 74.40%, Best Test: 75.40%
Epoch: 400, Loss: 0.0069, Train: 100.00%, Valid: 72.40%, Test: 74.40%, Best Valid: 74.40%, Best Test: 75.40%
Run 06:
Highest Train: 100.00
Highest Valid: 74.40
Highest Test: 76.70
Chosen epoch: 297
Final Train: 100.00
Final Test: 75.40
train:torch.Size([15]), valid:torch.Size([500]), test:torch.Size([1000])
Counting co-occurrence on train-train edges (leakage-free estimator)...
Count penalty frozen (0 train-train edges).
Epoch: 00, Loss: 1.3203, Train: 46.67%, Valid: 41.80%, Test: 44.20%, Best Valid: 41.80%, Best Test: 44.20%
Epoch: 100, Loss: 0.0076, Train: 100.00%, Valid: 74.20%, Test: 75.40%, Best Valid: 75.20%, Best Test: 76.20%
Epoch: 200, Loss: 0.0289, Train: 100.00%, Valid: 73.20%, Test: 74.00%, Best Valid: 76.40%, Best Test: 76.90%
Epoch: 300, Loss: 0.0027, Train: 100.00%, Valid: 73.80%, Test: 73.80%, Best Valid: 76.40%, Best Test: 76.90%
Epoch: 400, Loss: 0.0212, Train: 100.00%, Valid: 73.20%, Test: 74.30%, Best Valid: 76.40%, Best Test: 76.90%
Run 07:
Highest Train: 100.00
Highest Valid: 76.40
Highest Test: 77.30
Chosen epoch: 116
Final Train: 100.00
Final Test: 76.90
train:torch.Size([15]), valid:torch.Size([500]), test:torch.Size([1000])
Counting co-occurrence on train-train edges (leakage-free estimator)...
Count penalty frozen (0 train-train edges).
Epoch: 00, Loss: 1.3227, Train: 33.33%, Valid: 42.80%, Test: 40.50%, Best Valid: 42.80%, Best Test: 40.50%
Epoch: 100, Loss: 0.0176, Train: 100.00%, Valid: 66.00%, Test: 67.50%, Best Valid: 72.40%, Best Test: 71.60%
Epoch: 200, Loss: 0.0051, Train: 100.00%, Valid: 66.80%, Test: 68.00%, Best Valid: 74.80%, Best Test: 73.50%
Epoch: 300, Loss: 0.0069, Train: 100.00%, Valid: 71.20%, Test: 70.40%, Best Valid: 74.80%, Best Test: 73.50%
Epoch: 400, Loss: 0.0210, Train: 100.00%, Valid: 70.20%, Test: 70.70%, Best Valid: 74.80%, Best Test: 73.50%
Run 08:
Highest Train: 100.00
Highest Valid: 74.80
Highest Test: 73.60
Chosen epoch: 131
Final Train: 100.00
Final Test: 73.50
train:torch.Size([15]), valid:torch.Size([500]), test:torch.Size([1000])
Counting co-occurrence on train-train edges (leakage-free estimator)...
Count penalty frozen (0 train-train edges).
Epoch: 00, Loss: 1.3188, Train: 33.33%, Valid: 38.80%, Test: 37.80%, Best Valid: 38.80%, Best Test: 37.80%
Epoch: 100, Loss: 0.0030, Train: 100.00%, Valid: 65.00%, Test: 67.80%, Best Valid: 69.60%, Best Test: 74.90%
Epoch: 200, Loss: 0.0035, Train: 100.00%, Valid: 62.20%, Test: 66.30%, Best Valid: 69.60%, Best Test: 74.90%
Epoch: 300, Loss: 0.0056, Train: 100.00%, Valid: 61.20%, Test: 64.40%, Best Valid: 69.60%, Best Test: 74.90%
Epoch: 400, Loss: 0.0039, Train: 100.00%, Valid: 65.20%, Test: 69.40%, Best Valid: 69.60%, Best Test: 74.90%
Run 09:
Highest Train: 100.00
Highest Valid: 69.60
Highest Test: 74.90
Chosen epoch: 23
Final Train: 100.00
Final Test: 74.90
train:torch.Size([15]), valid:torch.Size([500]), test:torch.Size([1000])
Counting co-occurrence on train-train edges (leakage-free estimator)...
Count penalty frozen (0 train-train edges).
Epoch: 00, Loss: 1.3188, Train: 33.33%, Valid: 41.40%, Test: 39.30%, Best Valid: 41.40%, Best Test: 39.30%
Epoch: 100, Loss: 0.0105, Train: 100.00%, Valid: 68.80%, Test: 64.80%, Best Valid: 73.60%, Best Test: 70.80%
Epoch: 200, Loss: 0.0128, Train: 100.00%, Valid: 69.60%, Test: 64.90%, Best Valid: 74.40%, Best Test: 70.90%
Epoch: 300, Loss: 0.0547, Train: 100.00%, Valid: 71.60%, Test: 65.80%, Best Valid: 74.40%, Best Test: 70.90%
Epoch: 400, Loss: 0.0280, Train: 100.00%, Valid: 69.40%, Test: 63.60%, Best Valid: 74.40%, Best Test: 70.90%
Run 10:
Highest Train: 100.00
Highest Valid: 74.40
Highest Test: 71.40
Chosen epoch: 136
Final Train: 100.00
Final Test: 70.90
All runs:
Highest Train: 100.00 ± 0.00
Highest Test: 72.93 ± 4.59
Highest Valid: 73.30 ± 3.12
  Final Train: 100.00 ± 0.00
   Final Test: 72.15 ± 5.06
Saving results to results/lowlabel/pubmed/MPNN_gcn.csv
--- count_reg | lambda=0.4 ---
Namespace(bn=False, budget_tag='5', count_reg=True, count_smoothing=1.0, cpu=False, data_dir='./data/', dataset='pubmed', device=0, display_step=100, dropout=0.7, epochs=500, gnn='gcn', hidden_channels=256, jk=False, label_num_per_class=5, lambda_val=0.4, ln=False, local_layers=2, lr=0.005, metric='acc', mlp_epochs=500, mlp_reg=False, model='MPNN', model_dir='models', num_heads=1, oracle_reg=False, paired_seeds=True, penalty_transform='none', pre_linear=False, pre_ln=False, rand_split=False, rand_split_class=True, reg_start_epoch=10, reg_update_freq=5, res=False, resample_split_per_run=True, result_dir='results/lowlabel', runs=10, save_model=False, seed=123, test_num=1000, train_per_class=0, train_prop=0.5, use_reg=True, valid_num=500, valid_per_class=0, valid_prop=0.25, weight_decay=0.0005)
pubmed
Num nodes: 19717
train:torch.Size([15]), valid:torch.Size([500]), test:torch.Size([1000])
dataset pubmed | num nodes 19717 | num edge 88648 | num node feats 500 | num classes 3
MODEL: MPNNs(
  (h_lins): ModuleList()
  (local_convs): ModuleList(
    (0): GCNConv(500, 256)
    (1): GCNConv(256, 256)
  )
  (lins): ModuleList(
    (0): Linear(in_features=500, out_features=256, bias=True)
    (1): Linear(in_features=256, out_features=256, bias=True)
  )
  (lns): ModuleList(
    (0): LayerNorm((256,), eps=1e-05, elementwise_affine=True)
    (1): LayerNorm((256,), eps=1e-05, elementwise_affine=True)
  )
  (bns): ModuleList(
    (0): BatchNorm1d(256, eps=1e-05, momentum=0.1, affine=True, track_running_stats=True)
    (1): BatchNorm1d(256, eps=1e-05, momentum=0.1, affine=True, track_running_stats=True)
  )
  (lin_in): Linear(in_features=500, out_features=256, bias=True)
  (pred_local): Linear(in_features=256, out_features=3, bias=True)
)
train:torch.Size([15]), valid:torch.Size([500]), test:torch.Size([1000])
Counting co-occurrence on train-train edges (leakage-free estimator)...
Count penalty frozen (0 train-train edges).
Epoch: 00, Loss: 1.5401, Train: 33.33%, Valid: 40.40%, Test: 38.80%, Best Valid: 40.40%, Best Test: 38.80%
Epoch: 100, Loss: 0.0178, Train: 100.00%, Valid: 73.00%, Test: 74.00%, Best Valid: 77.20%, Best Test: 79.30%
Epoch: 200, Loss: 0.0179, Train: 100.00%, Valid: 75.60%, Test: 76.10%, Best Valid: 77.60%, Best Test: 77.50%
Epoch: 300, Loss: 0.0240, Train: 100.00%, Valid: 73.20%, Test: 74.10%, Best Valid: 77.60%, Best Test: 77.50%
Epoch: 400, Loss: 0.0116, Train: 100.00%, Valid: 71.40%, Test: 72.50%, Best Valid: 77.60%, Best Test: 77.50%
Run 01:
Highest Train: 100.00
Highest Valid: 77.60
Highest Test: 79.30
Chosen epoch: 140
Final Train: 100.00
Final Test: 77.50
train:torch.Size([15]), valid:torch.Size([500]), test:torch.Size([1000])
Counting co-occurrence on train-train edges (leakage-free estimator)...
Count penalty frozen (0 train-train edges).
Epoch: 00, Loss: 1.5370, Train: 40.00%, Valid: 36.60%, Test: 39.80%, Best Valid: 36.60%, Best Test: 39.80%
Epoch: 100, Loss: 0.0087, Train: 100.00%, Valid: 60.20%, Test: 57.90%, Best Valid: 67.60%, Best Test: 63.00%
Epoch: 200, Loss: 0.0035, Train: 100.00%, Valid: 57.40%, Test: 58.10%, Best Valid: 67.60%, Best Test: 63.00%
Epoch: 300, Loss: 0.0082, Train: 100.00%, Valid: 55.80%, Test: 55.90%, Best Valid: 67.60%, Best Test: 63.00%
Epoch: 400, Loss: 0.0076, Train: 100.00%, Valid: 57.60%, Test: 56.80%, Best Valid: 67.60%, Best Test: 63.00%
Run 02:
Highest Train: 100.00
Highest Valid: 67.60
Highest Test: 64.20
Chosen epoch: 21
Final Train: 100.00
Final Test: 63.00
train:torch.Size([15]), valid:torch.Size([500]), test:torch.Size([1000])
Counting co-occurrence on train-train edges (leakage-free estimator)...
Count penalty frozen (0 train-train edges).
Epoch: 00, Loss: 1.5423, Train: 33.33%, Valid: 39.20%, Test: 41.80%, Best Valid: 39.20%, Best Test: 41.80%
Epoch: 100, Loss: 0.0106, Train: 100.00%, Valid: 65.80%, Test: 63.70%, Best Valid: 68.80%, Best Test: 65.90%
Epoch: 200, Loss: 0.0171, Train: 100.00%, Valid: 66.20%, Test: 64.90%, Best Valid: 68.80%, Best Test: 65.90%
Epoch: 300, Loss: 0.0058, Train: 100.00%, Valid: 62.40%, Test: 62.80%, Best Valid: 69.00%, Best Test: 66.40%
Epoch: 400, Loss: 0.0033, Train: 100.00%, Valid: 61.20%, Test: 61.10%, Best Valid: 69.00%, Best Test: 66.40%
Run 03:
Highest Train: 100.00
Highest Valid: 70.20
Highest Test: 68.10
Chosen epoch: 447
Final Train: 100.00
Final Test: 68.00
train:torch.Size([15]), valid:torch.Size([500]), test:torch.Size([1000])
Counting co-occurrence on train-train edges (leakage-free estimator)...
Count penalty frozen (0 train-train edges).
Epoch: 00, Loss: 1.5374, Train: 33.33%, Valid: 23.00%, Test: 19.40%, Best Valid: 23.00%, Best Test: 19.40%
Epoch: 100, Loss: 0.0324, Train: 100.00%, Valid: 70.00%, Test: 66.20%, Best Valid: 73.20%, Best Test: 66.40%
Epoch: 200, Loss: 0.0388, Train: 100.00%, Valid: 60.60%, Test: 55.10%, Best Valid: 73.20%, Best Test: 66.40%
Epoch: 300, Loss: 0.0424, Train: 100.00%, Valid: 71.00%, Test: 67.00%, Best Valid: 73.60%, Best Test: 68.00%
Epoch: 400, Loss: 0.0047, Train: 100.00%, Valid: 70.80%, Test: 62.60%, Best Valid: 73.60%, Best Test: 68.00%
Run 04:
Highest Train: 100.00
Highest Valid: 73.60
Highest Test: 69.80
Chosen epoch: 250
Final Train: 100.00
Final Test: 68.00
train:torch.Size([15]), valid:torch.Size([500]), test:torch.Size([1000])
Counting co-occurrence on train-train edges (leakage-free estimator)...
Count penalty frozen (0 train-train edges).
Epoch: 00, Loss: 1.5390, Train: 33.33%, Valid: 37.80%, Test: 39.50%, Best Valid: 37.80%, Best Test: 39.50%
Epoch: 100, Loss: 0.0060, Train: 100.00%, Valid: 72.00%, Test: 71.70%, Best Valid: 74.40%, Best Test: 71.80%
Epoch: 200, Loss: 0.0131, Train: 100.00%, Valid: 70.40%, Test: 69.50%, Best Valid: 74.40%, Best Test: 71.80%
Epoch: 300, Loss: 0.0535, Train: 100.00%, Valid: 70.40%, Test: 71.10%, Best Valid: 74.40%, Best Test: 71.80%
Epoch: 400, Loss: 0.0028, Train: 100.00%, Valid: 70.00%, Test: 69.60%, Best Valid: 74.40%, Best Test: 71.80%
Run 05:
Highest Train: 100.00
Highest Valid: 74.40
Highest Test: 73.80
Chosen epoch: 49
Final Train: 100.00
Final Test: 71.80
train:torch.Size([15]), valid:torch.Size([500]), test:torch.Size([1000])
Counting co-occurrence on train-train edges (leakage-free estimator)...
Count penalty frozen (0 train-train edges).
Epoch: 00, Loss: 1.5385, Train: 33.33%, Valid: 21.20%, Test: 21.10%, Best Valid: 21.20%, Best Test: 21.10%
Epoch: 100, Loss: 0.0057, Train: 100.00%, Valid: 67.20%, Test: 71.80%, Best Valid: 73.60%, Best Test: 75.00%
Epoch: 200, Loss: 0.0110, Train: 100.00%, Valid: 72.00%, Test: 75.40%, Best Valid: 74.40%, Best Test: 74.00%
Epoch: 300, Loss: 0.0102, Train: 100.00%, Valid: 73.20%, Test: 72.30%, Best Valid: 74.40%, Best Test: 74.00%
Epoch: 400, Loss: 0.0080, Train: 100.00%, Valid: 71.60%, Test: 74.60%, Best Valid: 74.40%, Best Test: 74.00%
Run 06:
Highest Train: 100.00
Highest Valid: 74.40
Highest Test: 76.80
Chosen epoch: 104
Final Train: 100.00
Final Test: 74.00
train:torch.Size([15]), valid:torch.Size([500]), test:torch.Size([1000])
Counting co-occurrence on train-train edges (leakage-free estimator)...
Count penalty frozen (0 train-train edges).
Epoch: 00, Loss: 1.5404, Train: 46.67%, Valid: 41.80%, Test: 44.30%, Best Valid: 41.80%, Best Test: 44.30%
Epoch: 100, Loss: 0.0090, Train: 100.00%, Valid: 74.20%, Test: 75.80%, Best Valid: 75.00%, Best Test: 76.30%
Epoch: 200, Loss: 0.0334, Train: 100.00%, Valid: 72.20%, Test: 73.20%, Best Valid: 76.40%, Best Test: 76.80%
Epoch: 300, Loss: 0.0029, Train: 100.00%, Valid: 73.20%, Test: 73.10%, Best Valid: 76.40%, Best Test: 76.80%
Epoch: 400, Loss: 0.0226, Train: 100.00%, Valid: 73.40%, Test: 75.60%, Best Valid: 76.40%, Best Test: 76.80%
Run 07:
Highest Train: 100.00
Highest Valid: 76.40
Highest Test: 77.50
Chosen epoch: 120
Final Train: 100.00
Final Test: 76.80
train:torch.Size([15]), valid:torch.Size([500]), test:torch.Size([1000])
Counting co-occurrence on train-train edges (leakage-free estimator)...
Count penalty frozen (0 train-train edges).
Epoch: 00, Loss: 1.5432, Train: 33.33%, Valid: 42.80%, Test: 40.50%, Best Valid: 42.80%, Best Test: 40.50%
Epoch: 100, Loss: 0.0231, Train: 100.00%, Valid: 65.80%, Test: 67.70%, Best Valid: 72.40%, Best Test: 71.70%
Epoch: 200, Loss: 0.0075, Train: 100.00%, Valid: 67.00%, Test: 68.10%, Best Valid: 74.40%, Best Test: 74.00%
Epoch: 300, Loss: 0.0090, Train: 100.00%, Valid: 70.80%, Test: 70.60%, Best Valid: 74.40%, Best Test: 74.00%
Epoch: 400, Loss: 0.0164, Train: 100.00%, Valid: 70.20%, Test: 69.60%, Best Valid: 74.40%, Best Test: 74.00%
Run 08:
Highest Train: 100.00
Highest Valid: 74.40
Highest Test: 74.00
Chosen epoch: 131
Final Train: 100.00
Final Test: 74.00
train:torch.Size([15]), valid:torch.Size([500]), test:torch.Size([1000])
Counting co-occurrence on train-train edges (leakage-free estimator)...
Count penalty frozen (0 train-train edges).
Epoch: 00, Loss: 1.5386, Train: 33.33%, Valid: 38.80%, Test: 37.80%, Best Valid: 38.80%, Best Test: 37.80%
Epoch: 100, Loss: 0.0032, Train: 100.00%, Valid: 65.40%, Test: 68.30%, Best Valid: 70.20%, Best Test: 74.70%
Epoch: 200, Loss: 0.0048, Train: 100.00%, Valid: 64.60%, Test: 67.60%, Best Valid: 70.20%, Best Test: 74.70%
Epoch: 300, Loss: 0.0070, Train: 100.00%, Valid: 61.40%, Test: 64.00%, Best Valid: 70.20%, Best Test: 74.70%
Epoch: 400, Loss: 0.0055, Train: 100.00%, Valid: 65.80%, Test: 69.20%, Best Valid: 70.20%, Best Test: 74.70%
Run 09:
Highest Train: 100.00
Highest Valid: 70.20
Highest Test: 74.70
Chosen epoch: 23
Final Train: 100.00
Final Test: 74.70
train:torch.Size([15]), valid:torch.Size([500]), test:torch.Size([1000])
Counting co-occurrence on train-train edges (leakage-free estimator)...
Count penalty frozen (0 train-train edges).
Epoch: 00, Loss: 1.5386, Train: 33.33%, Valid: 41.40%, Test: 39.30%, Best Valid: 41.40%, Best Test: 39.30%
Epoch: 100, Loss: 0.0129, Train: 100.00%, Valid: 68.80%, Test: 65.10%, Best Valid: 73.60%, Best Test: 71.00%
Epoch: 200, Loss: 0.0130, Train: 100.00%, Valid: 70.80%, Test: 66.70%, Best Valid: 75.00%, Best Test: 71.90%
Epoch: 300, Loss: 0.0026, Train: 100.00%, Valid: 67.40%, Test: 64.10%, Best Valid: 75.00%, Best Test: 71.90%
Epoch: 400, Loss: 0.0420, Train: 100.00%, Valid: 70.40%, Test: 64.60%, Best Valid: 75.00%, Best Test: 71.90%
Run 10:
Highest Train: 100.00
Highest Valid: 75.00
Highest Test: 71.90
Chosen epoch: 137
Final Train: 100.00
Final Test: 71.90
All runs:
Highest Train: 100.00 ± 0.00
Highest Test: 73.01 ± 4.62
Highest Valid: 73.38 ± 3.10
  Final Train: 100.00 ± 0.00
   Final Test: 71.97 ± 4.49
Saving results to results/lowlabel/pubmed/MPNN_gcn.csv
--- count_reg | lambda=0.8 ---
Namespace(bn=False, budget_tag='5', count_reg=True, count_smoothing=1.0, cpu=False, data_dir='./data/', dataset='pubmed', device=0, display_step=100, dropout=0.7, epochs=500, gnn='gcn', hidden_channels=256, jk=False, label_num_per_class=5, lambda_val=0.8, ln=False, local_layers=2, lr=0.005, metric='acc', mlp_epochs=500, mlp_reg=False, model='MPNN', model_dir='models', num_heads=1, oracle_reg=False, paired_seeds=True, penalty_transform='none', pre_linear=False, pre_ln=False, rand_split=False, rand_split_class=True, reg_start_epoch=10, reg_update_freq=5, res=False, resample_split_per_run=True, result_dir='results/lowlabel', runs=10, save_model=False, seed=123, test_num=1000, train_per_class=0, train_prop=0.5, use_reg=True, valid_num=500, valid_per_class=0, valid_prop=0.25, weight_decay=0.0005)
pubmed
Num nodes: 19717
train:torch.Size([15]), valid:torch.Size([500]), test:torch.Size([1000])
dataset pubmed | num nodes 19717 | num edge 88648 | num node feats 500 | num classes 3
MODEL: MPNNs(
  (h_lins): ModuleList()
  (local_convs): ModuleList(
    (0): GCNConv(500, 256)
    (1): GCNConv(256, 256)
  )
  (lins): ModuleList(
    (0): Linear(in_features=500, out_features=256, bias=True)
    (1): Linear(in_features=256, out_features=256, bias=True)
  )
  (lns): ModuleList(
    (0): LayerNorm((256,), eps=1e-05, elementwise_affine=True)
    (1): LayerNorm((256,), eps=1e-05, elementwise_affine=True)
  )
  (bns): ModuleList(
    (0): BatchNorm1d(256, eps=1e-05, momentum=0.1, affine=True, track_running_stats=True)
    (1): BatchNorm1d(256, eps=1e-05, momentum=0.1, affine=True, track_running_stats=True)
  )
  (lin_in): Linear(in_features=500, out_features=256, bias=True)
  (pred_local): Linear(in_features=256, out_features=3, bias=True)
)
train:torch.Size([15]), valid:torch.Size([500]), test:torch.Size([1000])
Counting co-occurrence on train-train edges (leakage-free estimator)...
Count penalty frozen (0 train-train edges).
Epoch: 00, Loss: 1.9802, Train: 33.33%, Valid: 40.40%, Test: 38.80%, Best Valid: 40.40%, Best Test: 38.80%
Epoch: 100, Loss: 0.0249, Train: 100.00%, Valid: 72.80%, Test: 74.60%, Best Valid: 77.20%, Best Test: 79.20%
Epoch: 200, Loss: 0.0231, Train: 100.00%, Valid: 74.80%, Test: 76.70%, Best Valid: 77.20%, Best Test: 79.20%
Epoch: 300, Loss: 0.0301, Train: 100.00%, Valid: 73.80%, Test: 74.80%, Best Valid: 77.20%, Best Test: 79.20%
Epoch: 400, Loss: 0.0081, Train: 100.00%, Valid: 72.20%, Test: 73.60%, Best Valid: 77.20%, Best Test: 79.20%
Run 01:
Highest Train: 100.00
Highest Valid: 77.20
Highest Test: 79.30
Chosen epoch: 34
Final Train: 100.00
Final Test: 79.20
train:torch.Size([15]), valid:torch.Size([500]), test:torch.Size([1000])
Counting co-occurrence on train-train edges (leakage-free estimator)...
Count penalty frozen (0 train-train edges).
Epoch: 00, Loss: 1.9762, Train: 40.00%, Valid: 36.60%, Test: 39.80%, Best Valid: 36.60%, Best Test: 39.80%
Epoch: 100, Loss: 0.0118, Train: 100.00%, Valid: 61.20%, Test: 58.50%, Best Valid: 67.40%, Best Test: 63.10%
Epoch: 200, Loss: 0.0048, Train: 100.00%, Valid: 57.80%, Test: 57.30%, Best Valid: 67.40%, Best Test: 63.10%
Epoch: 300, Loss: 0.0107, Train: 100.00%, Valid: 56.60%, Test: 55.70%, Best Valid: 67.40%, Best Test: 63.10%
Epoch: 400, Loss: 0.0160, Train: 100.00%, Valid: 53.60%, Test: 52.90%, Best Valid: 67.40%, Best Test: 63.10%
Run 02:
Highest Train: 100.00
Highest Valid: 67.40
Highest Test: 64.20
Chosen epoch: 21
Final Train: 100.00
Final Test: 63.10
train:torch.Size([15]), valid:torch.Size([500]), test:torch.Size([1000])
Counting co-occurrence on train-train edges (leakage-free estimator)...
Count penalty frozen (0 train-train edges).
Epoch: 00, Loss: 1.9829, Train: 33.33%, Valid: 39.20%, Test: 41.80%, Best Valid: 39.20%, Best Test: 41.80%
Epoch: 100, Loss: 0.0135, Train: 100.00%, Valid: 64.80%, Test: 64.00%, Best Valid: 69.00%, Best Test: 65.40%
Epoch: 200, Loss: 0.0233, Train: 100.00%, Valid: 67.00%, Test: 64.80%, Best Valid: 69.00%, Best Test: 65.40%
Epoch: 300, Loss: 0.0094, Train: 100.00%, Valid: 62.60%, Test: 62.60%, Best Valid: 69.00%, Best Test: 65.40%
Epoch: 400, Loss: 0.0048, Train: 100.00%, Valid: 60.60%, Test: 62.90%, Best Valid: 69.20%, Best Test: 65.70%
Run 03:
Highest Train: 100.00
Highest Valid: 69.40
Highest Test: 67.90
Chosen epoch: 460
Final Train: 100.00
Final Test: 66.60
train:torch.Size([15]), valid:torch.Size([500]), test:torch.Size([1000])
Counting co-occurrence on train-train edges (leakage-free estimator)...
Count penalty frozen (0 train-train edges).
Epoch: 00, Loss: 1.9767, Train: 33.33%, Valid: 23.00%, Test: 19.40%, Best Valid: 23.00%, Best Test: 19.40%
Epoch: 100, Loss: 0.0410, Train: 100.00%, Valid: 69.80%, Test: 66.40%, Best Valid: 73.20%, Best Test: 67.70%
Epoch: 200, Loss: 0.0513, Train: 100.00%, Valid: 60.40%, Test: 55.00%, Best Valid: 73.20%, Best Test: 67.70%
Epoch: 300, Loss: 0.0278, Train: 100.00%, Valid: 72.00%, Test: 67.30%, Best Valid: 73.80%, Best Test: 67.10%
Epoch: 400, Loss: 0.0055, Train: 100.00%, Valid: 70.20%, Test: 65.30%, Best Valid: 73.80%, Best Test: 67.10%
Run 04:
Highest Train: 100.00
Highest Valid: 74.00
Highest Test: 71.70
Chosen epoch: 431
Final Train: 100.00
Final Test: 65.70
train:torch.Size([15]), valid:torch.Size([500]), test:torch.Size([1000])
Counting co-occurrence on train-train edges (leakage-free estimator)...
Count penalty frozen (0 train-train edges).
Epoch: 00, Loss: 1.9788, Train: 33.33%, Valid: 37.80%, Test: 39.50%, Best Valid: 37.80%, Best Test: 39.50%
Epoch: 100, Loss: 0.0078, Train: 100.00%, Valid: 72.00%, Test: 71.90%, Best Valid: 74.60%, Best Test: 71.40%
Epoch: 200, Loss: 0.0144, Train: 100.00%, Valid: 71.40%, Test: 70.70%, Best Valid: 74.60%, Best Test: 71.40%
Epoch: 300, Loss: 0.0559, Train: 100.00%, Valid: 70.80%, Test: 70.80%, Best Valid: 74.60%, Best Test: 71.40%
Epoch: 400, Loss: 0.0032, Train: 100.00%, Valid: 68.00%, Test: 69.60%, Best Valid: 74.60%, Best Test: 71.40%
Run 05:
Highest Train: 100.00
Highest Valid: 74.60
Highest Test: 73.70
Chosen epoch: 49
Final Train: 100.00
Final Test: 71.40
train:torch.Size([15]), valid:torch.Size([500]), test:torch.Size([1000])
Counting co-occurrence on train-train edges (leakage-free estimator)...
Count penalty frozen (0 train-train edges).
Epoch: 00, Loss: 1.9781, Train: 33.33%, Valid: 21.20%, Test: 21.10%, Best Valid: 21.20%, Best Test: 21.10%
Epoch: 100, Loss: 0.0072, Train: 100.00%, Valid: 67.60%, Test: 72.10%, Best Valid: 73.60%, Best Test: 75.00%
Epoch: 200, Loss: 0.0135, Train: 100.00%, Valid: 72.00%, Test: 74.90%, Best Valid: 74.00%, Best Test: 73.90%
Epoch: 300, Loss: 0.0129, Train: 100.00%, Valid: 72.80%, Test: 73.80%, Best Valid: 74.00%, Best Test: 73.90%
Epoch: 400, Loss: 0.0081, Train: 100.00%, Valid: 71.80%, Test: 73.90%, Best Valid: 74.00%, Best Test: 73.90%
Run 06:
Highest Train: 100.00
Highest Valid: 74.80
Highest Test: 76.60
Chosen epoch: 481
Final Train: 100.00
Final Test: 75.70
train:torch.Size([15]), valid:torch.Size([500]), test:torch.Size([1000])
Counting co-occurrence on train-train edges (leakage-free estimator)...
Count penalty frozen (0 train-train edges).
Epoch: 00, Loss: 1.9805, Train: 46.67%, Valid: 42.00%, Test: 44.30%, Best Valid: 42.00%, Best Test: 44.30%
Epoch: 100, Loss: 0.0117, Train: 100.00%, Valid: 74.20%, Test: 75.70%, Best Valid: 75.00%, Best Test: 76.40%
Epoch: 200, Loss: 0.0357, Train: 100.00%, Valid: 73.60%, Test: 74.70%, Best Valid: 76.40%, Best Test: 76.80%
Epoch: 300, Loss: 0.0046, Train: 100.00%, Valid: 75.60%, Test: 75.00%, Best Valid: 76.40%, Best Test: 76.80%
Epoch: 400, Loss: 0.0240, Train: 100.00%, Valid: 73.80%, Test: 75.10%, Best Valid: 76.40%, Best Test: 76.80%
Run 07:
Highest Train: 100.00
Highest Valid: 76.40
Highest Test: 77.40
Chosen epoch: 116
Final Train: 100.00
Final Test: 76.80
train:torch.Size([15]), valid:torch.Size([500]), test:torch.Size([1000])
Counting co-occurrence on train-train edges (leakage-free estimator)...
Count penalty frozen (0 train-train edges).
Epoch: 00, Loss: 1.9841, Train: 33.33%, Valid: 42.80%, Test: 40.50%, Best Valid: 42.80%, Best Test: 40.50%
Epoch: 100, Loss: 0.0289, Train: 100.00%, Valid: 66.00%, Test: 67.70%, Best Valid: 72.20%, Best Test: 72.10%
Epoch: 200, Loss: 0.0095, Train: 100.00%, Valid: 67.80%, Test: 68.10%, Best Valid: 74.80%, Best Test: 74.10%
Epoch: 300, Loss: 0.0103, Train: 100.00%, Valid: 71.40%, Test: 70.70%, Best Valid: 74.80%, Best Test: 74.10%
Epoch: 400, Loss: 0.0157, Train: 100.00%, Valid: 68.80%, Test: 68.70%, Best Valid: 74.80%, Best Test: 74.10%
Run 08:
Highest Train: 100.00
Highest Valid: 74.80
Highest Test: 74.10
Chosen epoch: 131
Final Train: 100.00
Final Test: 74.10
train:torch.Size([15]), valid:torch.Size([500]), test:torch.Size([1000])
Counting co-occurrence on train-train edges (leakage-free estimator)...
Count penalty frozen (0 train-train edges).
Epoch: 00, Loss: 1.9782, Train: 33.33%, Valid: 38.80%, Test: 37.80%, Best Valid: 38.80%, Best Test: 37.80%
Epoch: 100, Loss: 0.0048, Train: 100.00%, Valid: 64.60%, Test: 67.80%, Best Valid: 70.20%, Best Test: 74.60%
Epoch: 200, Loss: 0.0049, Train: 100.00%, Valid: 63.60%, Test: 67.00%, Best Valid: 70.20%, Best Test: 74.60%
Epoch: 300, Loss: 0.0099, Train: 100.00%, Valid: 62.80%, Test: 65.60%, Best Valid: 70.20%, Best Test: 74.60%
Epoch: 400, Loss: 0.0077, Train: 100.00%, Valid: 66.20%, Test: 69.80%, Best Valid: 70.20%, Best Test: 74.60%
Run 09:
Highest Train: 100.00
Highest Valid: 70.20
Highest Test: 74.70
Chosen epoch: 23
Final Train: 100.00
Final Test: 74.60
train:torch.Size([15]), valid:torch.Size([500]), test:torch.Size([1000])
Counting co-occurrence on train-train edges (leakage-free estimator)...
Count penalty frozen (0 train-train edges).
Epoch: 00, Loss: 1.9783, Train: 33.33%, Valid: 41.40%, Test: 39.30%, Best Valid: 41.40%, Best Test: 39.30%
Epoch: 100, Loss: 0.0164, Train: 100.00%, Valid: 69.20%, Test: 65.30%, Best Valid: 73.60%, Best Test: 70.70%
Epoch: 200, Loss: 0.0186, Train: 100.00%, Valid: 69.80%, Test: 66.00%, Best Valid: 74.80%, Best Test: 71.50%
Epoch: 300, Loss: 0.0035, Train: 100.00%, Valid: 68.60%, Test: 65.40%, Best Valid: 75.00%, Best Test: 70.00%
Epoch: 400, Loss: 0.0510, Train: 100.00%, Valid: 70.20%, Test: 65.20%, Best Valid: 75.00%, Best Test: 70.00%
Run 10:
Highest Train: 100.00
Highest Valid: 75.00
Highest Test: 71.80
Chosen epoch: 273
Final Train: 100.00
Final Test: 70.00
All runs:
Highest Train: 100.00 ± 0.00
Highest Test: 73.14 ± 4.51
Highest Valid: 73.38 ± 3.23
  Final Train: 100.00 ± 0.00
   Final Test: 71.72 ± 5.28
Saving results to results/lowlabel/pubmed/MPNN_gcn.csv
--- count_reg | lambda=1.6 ---
Namespace(bn=False, budget_tag='5', count_reg=True, count_smoothing=1.0, cpu=False, data_dir='./data/', dataset='pubmed', device=0, display_step=100, dropout=0.7, epochs=500, gnn='gcn', hidden_channels=256, jk=False, label_num_per_class=5, lambda_val=1.6, ln=False, local_layers=2, lr=0.005, metric='acc', mlp_epochs=500, mlp_reg=False, model='MPNN', model_dir='models', num_heads=1, oracle_reg=False, paired_seeds=True, penalty_transform='none', pre_linear=False, pre_ln=False, rand_split=False, rand_split_class=True, reg_start_epoch=10, reg_update_freq=5, res=False, resample_split_per_run=True, result_dir='results/lowlabel', runs=10, save_model=False, seed=123, test_num=1000, train_per_class=0, train_prop=0.5, use_reg=True, valid_num=500, valid_per_class=0, valid_prop=0.25, weight_decay=0.0005)
pubmed
Num nodes: 19717
train:torch.Size([15]), valid:torch.Size([500]), test:torch.Size([1000])
dataset pubmed | num nodes 19717 | num edge 88648 | num node feats 500 | num classes 3
MODEL: MPNNs(
  (h_lins): ModuleList()
  (local_convs): ModuleList(
    (0): GCNConv(500, 256)
    (1): GCNConv(256, 256)
  )
  (lins): ModuleList(
    (0): Linear(in_features=500, out_features=256, bias=True)
    (1): Linear(in_features=256, out_features=256, bias=True)
  )
  (lns): ModuleList(
    (0): LayerNorm((256,), eps=1e-05, elementwise_affine=True)
    (1): LayerNorm((256,), eps=1e-05, elementwise_affine=True)
  )
  (bns): ModuleList(
    (0): BatchNorm1d(256, eps=1e-05, momentum=0.1, affine=True, track_running_stats=True)
    (1): BatchNorm1d(256, eps=1e-05, momentum=0.1, affine=True, track_running_stats=True)
  )
  (lin_in): Linear(in_features=500, out_features=256, bias=True)
  (pred_local): Linear(in_features=256, out_features=3, bias=True)
)
train:torch.Size([15]), valid:torch.Size([500]), test:torch.Size([1000])
Counting co-occurrence on train-train edges (leakage-free estimator)...
Count penalty frozen (0 train-train edges).
Epoch: 00, Loss: 2.8603, Train: 33.33%, Valid: 40.40%, Test: 38.80%, Best Valid: 40.40%, Best Test: 38.80%
Epoch: 100, Loss: 0.0357, Train: 100.00%, Valid: 73.60%, Test: 74.90%, Best Valid: 77.20%, Best Test: 79.00%
Epoch: 200, Loss: 0.0392, Train: 100.00%, Valid: 75.40%, Test: 75.70%, Best Valid: 77.60%, Best Test: 78.40%
Epoch: 300, Loss: 0.0403, Train: 100.00%, Valid: 74.00%, Test: 73.90%, Best Valid: 77.60%, Best Test: 78.40%
Epoch: 400, Loss: 0.0149, Train: 100.00%, Valid: 73.40%, Test: 72.80%, Best Valid: 77.60%, Best Test: 78.40%
Run 01:
Highest Train: 100.00
Highest Valid: 77.60
Highest Test: 79.20
Chosen epoch: 155
Final Train: 100.00
Final Test: 78.40
train:torch.Size([15]), valid:torch.Size([500]), test:torch.Size([1000])
Counting co-occurrence on train-train edges (leakage-free estimator)...
Count penalty frozen (0 train-train edges).
Epoch: 00, Loss: 2.8545, Train: 40.00%, Valid: 36.60%, Test: 39.80%, Best Valid: 36.60%, Best Test: 39.80%
Epoch: 100, Loss: 0.0185, Train: 100.00%, Valid: 61.00%, Test: 58.50%, Best Valid: 67.40%, Best Test: 62.90%
Epoch: 200, Loss: 0.0083, Train: 100.00%, Valid: 59.40%, Test: 57.60%, Best Valid: 67.40%, Best Test: 62.90%
Epoch: 300, Loss: 0.0143, Train: 100.00%, Valid: 56.80%, Test: 55.50%, Best Valid: 67.40%, Best Test: 62.90%
Epoch: 400, Loss: 0.0118, Train: 100.00%, Valid: 52.20%, Test: 53.50%, Best Valid: 67.40%, Best Test: 62.90%
Run 02:
Highest Train: 100.00
Highest Valid: 67.40
Highest Test: 64.10
Chosen epoch: 21
Final Train: 100.00
Final Test: 62.90
train:torch.Size([15]), valid:torch.Size([500]), test:torch.Size([1000])
Counting co-occurrence on train-train edges (leakage-free estimator)...
Count penalty frozen (0 train-train edges).
Epoch: 00, Loss: 2.8642, Train: 33.33%, Valid: 39.20%, Test: 41.80%, Best Valid: 39.20%, Best Test: 41.80%
Epoch: 100, Loss: 0.0197, Train: 100.00%, Valid: 65.20%, Test: 63.80%, Best Valid: 68.80%, Best Test: 65.50%
Epoch: 200, Loss: 0.0384, Train: 100.00%, Valid: 65.20%, Test: 64.20%, Best Valid: 69.00%, Best Test: 65.50%
Epoch: 300, Loss: 0.0091, Train: 100.00%, Valid: 61.00%, Test: 61.90%, Best Valid: 69.20%, Best Test: 66.60%
Epoch: 400, Loss: 0.0064, Train: 100.00%, Valid: 58.60%, Test: 60.00%, Best Valid: 69.20%, Best Test: 66.60%
Run 03:
Highest Train: 100.00
Highest Valid: 69.20
Highest Test: 68.10
Chosen epoch: 202
Final Train: 100.00
Final Test: 66.60
train:torch.Size([15]), valid:torch.Size([500]), test:torch.Size([1000])
Counting co-occurrence on train-train edges (leakage-free estimator)...
Count penalty frozen (0 train-train edges).
Epoch: 00, Loss: 2.8553, Train: 33.33%, Valid: 23.00%, Test: 19.40%, Best Valid: 23.00%, Best Test: 19.40%
Epoch: 100, Loss: 0.0578, Train: 100.00%, Valid: 69.60%, Test: 66.00%, Best Valid: 73.00%, Best Test: 69.10%
Epoch: 200, Loss: 0.0804, Train: 100.00%, Valid: 60.60%, Test: 55.20%, Best Valid: 73.00%, Best Test: 69.10%
Epoch: 300, Loss: 0.0881, Train: 100.00%, Valid: 70.60%, Test: 66.40%, Best Valid: 74.00%, Best Test: 67.10%
Epoch: 400, Loss: 0.0213, Train: 100.00%, Valid: 67.20%, Test: 58.70%, Best Valid: 74.00%, Best Test: 67.10%
Run 04:
Highest Train: 100.00
Highest Valid: 74.00
Highest Test: 69.80
Chosen epoch: 251
Final Train: 100.00
Final Test: 67.10
train:torch.Size([15]), valid:torch.Size([500]), test:torch.Size([1000])
Counting co-occurrence on train-train edges (leakage-free estimator)...
Count penalty frozen (0 train-train edges).
Epoch: 00, Loss: 2.8582, Train: 33.33%, Valid: 37.80%, Test: 39.50%, Best Valid: 37.80%, Best Test: 39.50%
Epoch: 100, Loss: 0.0115, Train: 100.00%, Valid: 72.00%, Test: 72.10%, Best Valid: 74.80%, Best Test: 71.70%
Epoch: 200, Loss: 0.0167, Train: 100.00%, Valid: 70.80%, Test: 71.20%, Best Valid: 74.80%, Best Test: 71.70%
Epoch: 300, Loss: 0.0885, Train: 100.00%, Valid: 70.00%, Test: 71.10%, Best Valid: 74.80%, Best Test: 71.70%
Epoch: 400, Loss: 0.0067, Train: 100.00%, Valid: 67.20%, Test: 69.20%, Best Valid: 74.80%, Best Test: 71.70%
Run 05:
Highest Train: 100.00
Highest Valid: 74.80
Highest Test: 73.60
Chosen epoch: 48
Final Train: 100.00
Final Test: 71.70
train:torch.Size([15]), valid:torch.Size([500]), test:torch.Size([1000])
Counting co-occurrence on train-train edges (leakage-free estimator)...
Count penalty frozen (0 train-train edges).
Epoch: 00, Loss: 2.8572, Train: 33.33%, Valid: 21.20%, Test: 21.10%, Best Valid: 21.20%, Best Test: 21.10%
Epoch: 100, Loss: 0.0104, Train: 100.00%, Valid: 67.80%, Test: 72.60%, Best Valid: 73.20%, Best Test: 75.40%
Epoch: 200, Loss: 0.0192, Train: 100.00%, Valid: 72.20%, Test: 74.90%, Best Valid: 73.80%, Best Test: 75.20%
Epoch: 300, Loss: 0.0201, Train: 100.00%, Valid: 72.00%, Test: 72.70%, Best Valid: 73.80%, Best Test: 75.20%
Epoch: 400, Loss: 0.0140, Train: 100.00%, Valid: 71.80%, Test: 74.60%, Best Valid: 74.60%, Best Test: 75.20%
Run 06:
Highest Train: 100.00
Highest Valid: 74.60
Highest Test: 76.70
Chosen epoch: 371
Final Train: 100.00
Final Test: 75.20
train:torch.Size([15]), valid:torch.Size([500]), test:torch.Size([1000])
Counting co-occurrence on train-train edges (leakage-free estimator)...
Count penalty frozen (0 train-train edges).
Epoch: 00, Loss: 2.8607, Train: 46.67%, Valid: 42.20%, Test: 44.30%, Best Valid: 42.20%, Best Test: 44.30%
Epoch: 100, Loss: 0.0160, Train: 100.00%, Valid: 74.60%, Test: 75.70%, Best Valid: 75.00%, Best Test: 76.50%
Epoch: 200, Loss: 0.0499, Train: 100.00%, Valid: 71.80%, Test: 74.30%, Best Valid: 76.40%, Best Test: 76.90%
Epoch: 300, Loss: 0.0062, Train: 100.00%, Valid: 74.80%, Test: 74.30%, Best Valid: 76.40%, Best Test: 76.90%
Epoch: 400, Loss: 0.0392, Train: 100.00%, Valid: 73.40%, Test: 75.80%, Best Valid: 76.40%, Best Test: 76.90%
Run 07:
Highest Train: 100.00
Highest Valid: 76.40
Highest Test: 77.30
Chosen epoch: 120
Final Train: 100.00
Final Test: 76.90
train:torch.Size([15]), valid:torch.Size([500]), test:torch.Size([1000])
Counting co-occurrence on train-train edges (leakage-free estimator)...
Count penalty frozen (0 train-train edges).
Epoch: 00, Loss: 2.8659, Train: 33.33%, Valid: 42.80%, Test: 40.50%, Best Valid: 42.80%, Best Test: 40.50%
Epoch: 100, Loss: 0.0439, Train: 100.00%, Valid: 65.60%, Test: 67.50%, Best Valid: 72.00%, Best Test: 71.00%
Epoch: 200, Loss: 0.0120, Train: 100.00%, Valid: 68.00%, Test: 68.30%, Best Valid: 74.20%, Best Test: 74.00%
Epoch: 300, Loss: 0.0168, Train: 100.00%, Valid: 71.60%, Test: 70.70%, Best Valid: 74.20%, Best Test: 74.00%
Epoch: 400, Loss: 0.0298, Train: 100.00%, Valid: 70.40%, Test: 71.70%, Best Valid: 74.20%, Best Test: 74.00%
Run 08:
Highest Train: 100.00
Highest Valid: 74.20
Highest Test: 74.00
Chosen epoch: 130
Final Train: 100.00
Final Test: 74.00
train:torch.Size([15]), valid:torch.Size([500]), test:torch.Size([1000])
Counting co-occurrence on train-train edges (leakage-free estimator)...
Count penalty frozen (0 train-train edges).
Epoch: 00, Loss: 2.8575, Train: 33.33%, Valid: 38.80%, Test: 37.80%, Best Valid: 38.80%, Best Test: 37.80%
Epoch: 100, Loss: 0.0063, Train: 100.00%, Valid: 65.20%, Test: 68.20%, Best Valid: 70.00%, Best Test: 74.80%
Epoch: 200, Loss: 0.0096, Train: 100.00%, Valid: 63.80%, Test: 67.50%, Best Valid: 70.00%, Best Test: 74.80%
Epoch: 300, Loss: 0.0143, Train: 100.00%, Valid: 62.60%, Test: 64.60%, Best Valid: 70.00%, Best Test: 74.80%
Epoch: 400, Loss: 0.0091, Train: 100.00%, Valid: 68.00%, Test: 70.40%, Best Valid: 70.00%, Best Test: 74.80%
Run 09:
Highest Train: 100.00
Highest Valid: 70.00
Highest Test: 74.80
Chosen epoch: 23
Final Train: 100.00
Final Test: 74.80
train:torch.Size([15]), valid:torch.Size([500]), test:torch.Size([1000])
Counting co-occurrence on train-train edges (leakage-free estimator)...
Count penalty frozen (0 train-train edges).
Epoch: 00, Loss: 2.8575, Train: 33.33%, Valid: 41.40%, Test: 39.30%, Best Valid: 41.40%, Best Test: 39.30%
Epoch: 100, Loss: 0.0230, Train: 100.00%, Valid: 69.00%, Test: 65.40%, Best Valid: 73.60%, Best Test: 69.40%
Epoch: 200, Loss: 0.0257, Train: 100.00%, Valid: 69.00%, Test: 63.90%, Best Valid: 76.00%, Best Test: 71.20%
Epoch: 300, Loss: 0.0079, Train: 100.00%, Valid: 67.20%, Test: 63.70%, Best Valid: 76.00%, Best Test: 71.20%
Epoch: 400, Loss: 0.0589, Train: 100.00%, Valid: 68.00%, Test: 62.70%, Best Valid: 76.00%, Best Test: 71.20%
Run 10:
Highest Train: 100.00
Highest Valid: 76.00
Highest Test: 71.30
Chosen epoch: 187
Final Train: 100.00
Final Test: 71.20
All runs:
Highest Train: 100.00 ± 0.00
Highest Test: 72.89 ± 4.61
Highest Valid: 73.42 ± 3.38
  Final Train: 100.00 ± 0.00
   Final Test: 71.88 ± 4.98
Saving results to results/lowlabel/pubmed/MPNN_gcn.csv
Low-label sweep completed.
Task 106 done.
