Sat Sep  5 19:59:11 2026       
+-----------------------------------------------------------------------------------------+
| NVIDIA-SMI 580.159.04             Driver Version: 580.159.04     CUDA Version: 13.0     |
+-----------------------------------------+------------------------+----------------------+
| GPU  Name                 Persistence-M | Bus-Id          Disp.A | Volatile Uncorr. ECC |
| Fan  Temp   Perf          Pwr:Usage/Cap |           Memory-Usage | GPU-Util  Compute M. |
|                                         |                        |               MIG M. |
|=========================================+========================+======================|
|   0  NVIDIA A100-SXM4-80GB          On  |   00000000:01:00.0 Off |                   On |
| N/A   40C    P0            142W /  500W |    2400MiB /  81920MiB |     N/A      Default |
|                                         |                        |              Enabled |
+-----------------------------------------+------------------------+----------------------+
|   1  NVIDIA A100-SXM4-80GB          On  |   00000000:41:00.0 Off |                   On |
| N/A   35C    P0            134W /  500W |    2402MiB /  81920MiB |     N/A      Default |
|                                         |                        |              Enabled |
+-----------------------------------------+------------------------+----------------------+
|   2  NVIDIA A100-SXM4-80GB          On  |   00000000:81:00.0 Off |                   On |
| N/A   39C    P0             94W /  500W |    8655MiB /  81920MiB |     N/A      Default |
|                                         |                        |              Enabled |
+-----------------------------------------+------------------------+----------------------+
|   3  NVIDIA A100-SXM4-80GB          On  |   00000000:C1:00.0 Off |                   On |
| N/A   36C    P0            148W /  500W |    3232MiB /  81920MiB |     N/A      Default |
|                                         |                        |              Enabled |
+-----------------------------------------+------------------------+----------------------+

+-----------------------------------------------------------------------------------------+
| MIG devices:                                                                            |
+------------------+----------------------------------+-----------+-----------------------+
| GPU  GI  CI  MIG |              Shared Memory-Usage |        Vol|        Shared         |
|      ID  ID  Dev |                Shared BAR1-Usage | SM     Unc| CE ENC  DEC  OFA  JPG |
|                  |                                  |        ECC|                       |
|==================+==================================+===========+=======================|
|  2    3   0   0  |              71MiB / 19968MiB    | 28      0 |  2   0    1    0    0 |
|                  |               0MiB / 12271MiB    |           |                       |
+------------------+----------------------------------+-----------+-----------------------+

+-----------------------------------------------------------------------------------------+
| Processes:                                                                              |
|  GPU   GI   CI              PID   Type   Process name                        GPU Memory |
|        ID   ID                                                               Usage      |
|=========================================================================================|
|    0   14    0          3796796      C   ...ware/symmetrix-env/bin/python        438MiB |
|    0   13    0          3796797      C   ...ware/symmetrix-env/bin/python        436MiB |
|    0    5    0          4052035      C   python                                 1254MiB |
|    1   14    0          3796794      C   ...ware/symmetrix-env/bin/python        438MiB |
|    1   13    0          3796795      C   ...ware/symmetrix-env/bin/python        438MiB |
|    1    5    0          4052028      C   python                                 1254MiB |
|    3   14    0          3797809      C   ...ware/symmetrix-env/bin/python        512MiB |
|    3   13    0          3797810      C   ...ware/symmetrix-env/bin/python        512MiB |
|    3    5    0          4039988      C   python                                 1936MiB |
+-----------------------------------------------------------------------------------------+
Control cell: coauthor-cs / gcn / budget 10 per class / shuffle -> results/lowlabel
python main.py --gnn gcn --dataset coauthor-cs --hidden_channels 512 --epochs 1500 --lr 0.001 --runs 3 --local_layers 2 --weight_decay 5e-4 --dropout 0.3 --device 0 --ln --res --runs 10 --train_per_class 10  --budget_tag 10
==========================================================
Low-label sweep: python main.py --gnn gcn --dataset coauthor-cs --hidden_channels 512 --epochs 1500 --lr 0.001 --runs 3 --local_layers 2 --weight_decay 5e-4 --dropout 0.3 --device 0 --ln --res --runs 10 --train_per_class 10  --budget_tag 10
result_dir=results/lowlabel conditions=[shuffle]
==========================================================
--- mlp_reg/shuffle placebo | lambda=0.01 ---
    (already completed — requeue resume, skipping)
--- mlp_reg/shuffle placebo | lambda=0.05 ---
    (already completed — requeue resume, skipping)
--- mlp_reg/shuffle placebo | lambda=0.1 ---
    (already completed — requeue resume, skipping)
--- mlp_reg/shuffle placebo | lambda=0.2 ---
    (already completed — requeue resume, skipping)
--- mlp_reg/shuffle placebo | lambda=0.4 ---
    (already completed — requeue resume, skipping)
--- mlp_reg/shuffle placebo | lambda=0.8 ---
    (already completed — requeue resume, skipping)
--- mlp_reg/shuffle placebo | lambda=1.6 ---
    (already completed — requeue resume, skipping)
Low-label sweep completed.
Task 64 done.
