Thu Aug 13 21:07:48 2026       
+-----------------------------------------------------------------------------------------+
| NVIDIA-SMI 580.159.04             Driver Version: 580.159.04     CUDA Version: 13.0     |
+-----------------------------------------+------------------------+----------------------+
| GPU  Name                 Persistence-M | Bus-Id          Disp.A | Volatile Uncorr. ECC |
| Fan  Temp   Perf          Pwr:Usage/Cap |           Memory-Usage | GPU-Util  Compute M. |
|                                         |                        |               MIG M. |
|=========================================+========================+======================|
|   0  NVIDIA A100-SXM4-80GB          On  |   00000000:01:00.0 Off |                   On |
| N/A   55C    P0            206W /  500W |   47987MiB /  81920MiB |     N/A      Default |
|                                         |                        |              Enabled |
+-----------------------------------------+------------------------+----------------------+
|   1  NVIDIA A100-SXM4-80GB          On  |   00000000:41:00.0 Off |                   On |
| N/A   53C    P0            253W /  500W |   62357MiB /  81920MiB |     N/A      Default |
|                                         |                        |              Enabled |
+-----------------------------------------+------------------------+----------------------+
|   2  NVIDIA A100-SXM4-80GB          On  |   00000000:81:00.0 Off |                   On |
| N/A   58C    P0            279W /  500W |   47835MiB /  81920MiB |     N/A      Default |
|                                         |                        |              Enabled |
+-----------------------------------------+------------------------+----------------------+
|   3  NVIDIA A100-SXM4-80GB          On  |   00000000:C1:00.0 Off |                   On |
| N/A   53C    P0            220W /  500W |   54117MiB /  81920MiB |     N/A      Default |
|                                         |                        |              Enabled |
+-----------------------------------------+------------------------+----------------------+

+-----------------------------------------------------------------------------------------+
| MIG devices:                                                                            |
+------------------+----------------------------------+-----------+-----------------------+
| GPU  GI  CI  MIG |              Shared Memory-Usage |        Vol|        Shared         |
|      ID  ID  Dev |                Shared BAR1-Usage | SM     Unc| CE ENC  DEC  OFA  JPG |
|                  |                                  |        ECC|                       |
|==================+==================================+===========+=======================|
|  0    5   0   0  |              71MiB / 19968MiB    | 28      0 |  2   0    1    0    0 |
|                  |               0MiB / 12271MiB    |           |                       |
+------------------+----------------------------------+-----------+-----------------------+

+-----------------------------------------------------------------------------------------+
| Processes:                                                                              |
|  GPU   GI   CI              PID   Type   Process name                        GPU Memory |
|        ID   ID                                                               Usage      |
|=========================================================================================|
|    1    2    0           244783      C   python                                39270MiB |
|    1    3    0           557881      C   python                                10616MiB |
|    1    9    0           563318      C   ...ware/symmetrix-env/bin/python       9390MiB |
|    1   10    0           563322      C   ...ware/symmetrix-env/bin/python       2800MiB |
|    2    2    0           267025      C   python                                37100MiB |
|    2    9    0           563317      C   ...ware/symmetrix-env/bin/python       3144MiB |
|    2   10    0           563319      C   ...ware/symmetrix-env/bin/python       7256MiB |
|    3    1    0           267024      C   python                                37100MiB |
|    3   14    0           563320      C   ...ware/symmetrix-env/bin/python       7170MiB |
|    3   13    0           599630      C   ...ware/symmetrix-env/bin/python       4534MiB |
|    3    5    0           717481      C   python                                 4938MiB |
+-----------------------------------------------------------------------------------------+
Cell: roman-empire / gcn / budget 2 per class / group 4
python main.py --gnn gcn --dataset roman-empire --pre_linear --hidden_channels 512 --epochs 2500 --lr 0.001 --runs 3 --local_layers 9 --weight_decay 0.0 --dropout 0.5 --device 0 --bn --res --runs 10 --train_per_class 2 --budget_tag 2
==========================================================
Low-label sweep: python main.py --gnn gcn --dataset roman-empire --pre_linear --hidden_channels 512 --epochs 2500 --lr 0.001 --runs 3 --local_layers 9 --weight_decay 0.0 --dropout 0.5 --device 0 --bn --res --runs 10 --train_per_class 2 --budget_tag 2
result_dir=results/lowlabel conditions=[shuffle]
==========================================================
--- mlp_reg/shuffle placebo | lambda=0.01 ---
