Fri Aug  7 11:13:02 2026       
+-----------------------------------------------------------------------------------------+
| NVIDIA-SMI 580.159.04             Driver Version: 580.159.04     CUDA Version: 13.0     |
+-----------------------------------------+------------------------+----------------------+
| GPU  Name                 Persistence-M | Bus-Id          Disp.A | Volatile Uncorr. ECC |
| Fan  Temp   Perf          Pwr:Usage/Cap |           Memory-Usage | GPU-Util  Compute M. |
|                                         |                        |               MIG M. |
|=========================================+========================+======================|
|   0  NVIDIA A100-SXM4-80GB          On  |   00000000:01:00.0 Off |                   On |
| N/A   44C    P0            177W /  500W |   12780MiB /  81920MiB |     N/A      Default |
|                                         |                        |              Enabled |
+-----------------------------------------+------------------------+----------------------+
|   1  NVIDIA A100-SXM4-80GB          On  |   00000000:41:00.0 Off |                   On |
| N/A   39C    P0            167W /  500W |   16391MiB /  81920MiB |     N/A      Default |
|                                         |                        |              Enabled |
+-----------------------------------------+------------------------+----------------------+
|   2  NVIDIA A100-SXM4-80GB          On  |   00000000:81:00.0 Off |                   On |
| N/A   48C    P0            213W /  500W |   11550MiB /  81920MiB |     N/A      Default |
|                                         |                        |              Enabled |
+-----------------------------------------+------------------------+----------------------+
|   3  NVIDIA A100-SXM4-80GB          On  |   00000000:C1:00.0 Off |                   On |
| N/A   32C    P0            103W /  500W |    5052MiB /  81920MiB |     N/A      Default |
|                                         |                        |              Enabled |
+-----------------------------------------+------------------------+----------------------+

+-----------------------------------------------------------------------------------------+
| MIG devices:                                                                            |
+------------------+----------------------------------+-----------+-----------------------+
| GPU  GI  CI  MIG |              Shared Memory-Usage |        Vol|        Shared         |
|      ID  ID  Dev |                Shared BAR1-Usage | SM     Unc| CE ENC  DEC  OFA  JPG |
|                  |                                  |        ECC|                       |
|==================+==================================+===========+=======================|
|  3    5   0   0  |              71MiB / 19968MiB    | 28      0 |  2   0    1    0    0 |
|                  |               0MiB / 12271MiB    |           |                       |
+------------------+----------------------------------+-----------+-----------------------+

+-----------------------------------------------------------------------------------------+
| Processes:                                                                              |
|  GPU   GI   CI              PID   Type   Process name                        GPU Memory |
|        ID   ID                                                               Usage      |
|=========================================================================================|
|    0   13    0           670775      C   ...ware/symmetrix-env/bin/python       2424MiB |
|    0   14    0           670776      C   ...ware/symmetrix-env/bin/python       3564MiB |
|    0    5    0           938517      C   python                                 6520MiB |
|    1   13    0           670774      C   ...ware/symmetrix-env/bin/python       4776MiB |
|    1    1    0           674054      C   ....conda/envs/lmflow/bin/python       4796MiB |
|    1    5    0           922676      C   python                                 6546MiB |
|    2    2    0           674051      C   ....conda/envs/lmflow/bin/python       4796MiB |
|    2    3    0           950352      C   python                                 6488MiB |
+-----------------------------------------------------------------------------------------+
Cell: coauthor-cs / polynormer / budget 20 per class / group 0
python main.py --model polynormer --dataset coauthor-cs --hidden_channels 64 --local_epochs 100 --global_epochs 1500 --lr 0.001 --runs 10 --local_layers 5 --global_layers 2 --weight_decay 5e-4 --dropout 0.3 --in_dropout 0.1 --num_heads 8 --save_model --device 0 --model_dir models/lowlabel_1161133_240 --train_per_class 20 --budget_tag 20
==========================================================
Low-label sweep: python main.py --model polynormer --dataset coauthor-cs --hidden_channels 64 --local_epochs 100 --global_epochs 1500 --lr 0.001 --runs 10 --local_layers 5 --global_layers 2 --weight_decay 5e-4 --dropout 0.3 --in_dropout 0.1 --num_heads 8 --save_model --device 0 --model_dir models/lowlabel_1161133_240 --train_per_class 20 --budget_tag 20
result_dir=../results/lowlabel conditions=[baseline]
==========================================================
--- baseline ---
Namespace(aggregate='add', alpha=0.5, attention='gcn', beta=-1.0, bn=False, budget_tag='20', count_reg=False, count_smoothing=1.0, cpu=False, data_dir='../data/', dataset='coauthor-cs', device=0, dim_inner=64, display_step=100, dropout=0.3, epochs=500, global_dropout=None, global_epochs=1500, global_layers=2, gnn='gcn', graph_weight=0.8, hidden_channels=64, hops=10, in_dropout=0.1, jk=False, label_num_per_class=20, lambda_val=0.5, layers=1, ln=False, local_epochs=100, local_gnn_type='GCN', local_layers=5, lr=0.001, metric='acc', mlp_epochs=500, mlp_reg=False, model='polynormer', model_dir='models/lowlabel_1161133_240', n_heads=8, num_centroids=4096, num_heads=8, oracle_reg=False, paired_seeds=True, pe_types='RWSE', penalty_transform='none', pre_linear=False, pre_ln=False, rand_split=False, rand_split_class=False, reg_start_epoch=10, reg_update_freq=5, res=False, resample_split_per_run=False, result_dir='../results/lowlabel', runs=10, save_model=True, save_result=False, seed=42, test_num=1000, tr_dropout=None, tr_layers=1, tr_weight_decay=None, train_per_class=20, train_prop=0.5, use_act=False, use_bn=False, use_graph=False, use_reg=False, use_residual=False, use_weight=False, valid_num=500, valid_per_class=0, valid_prop=0.25, weight_decay=0.0005)
coauthor-cs
dataset coauthor-cs | num nodes 18333 | num edge 163788 | num node feats 6805 | num classes 15
MODEL: Polynormer(
  (h_lins): ModuleList(
    (0): Linear(in_features=512, out_features=512, bias=True)
    (1): Linear(in_features=512, out_features=512, bias=True)
    (2): Linear(in_features=512, out_features=512, bias=True)
    (3): Linear(in_features=512, out_features=512, bias=True)
    (4): Linear(in_features=512, out_features=512, bias=True)
  )
  (local_convs): ModuleList(
    (0): GATConv(512, 64, heads=8)
    (1): GATConv(512, 64, heads=8)
    (2): GATConv(512, 64, heads=8)
    (3): GATConv(512, 64, heads=8)
    (4): GATConv(512, 64, heads=8)
  )
  (lins): ModuleList(
    (0): Linear(in_features=512, out_features=512, bias=True)
    (1): Linear(in_features=512, out_features=512, bias=True)
    (2): Linear(in_features=512, out_features=512, bias=True)
    (3): Linear(in_features=512, out_features=512, bias=True)
    (4): Linear(in_features=512, out_features=512, bias=True)
  )
  (lns): ModuleList(
    (0): LayerNorm((512,), eps=1e-05, elementwise_affine=True)
    (1): LayerNorm((512,), eps=1e-05, elementwise_affine=True)
    (2): LayerNorm((512,), eps=1e-05, elementwise_affine=True)
    (3): LayerNorm((512,), eps=1e-05, elementwise_affine=True)
    (4): LayerNorm((512,), eps=1e-05, elementwise_affine=True)
  )
  (lin_in): Linear(in_features=6805, out_features=512, bias=True)
  (ln): LayerNorm((512,), eps=1e-05, elementwise_affine=True)
  (global_attn): GlobalAttn(
    (h_lins): ModuleList(
      (0): Linear(in_features=512, out_features=512, bias=True)
      (1): Linear(in_features=512, out_features=512, bias=True)
    )
    (k_lins): ModuleList(
      (0): Linear(in_features=512, out_features=512, bias=True)
      (1): Linear(in_features=512, out_features=512, bias=True)
    )
    (v_lins): ModuleList(
      (0): Linear(in_features=512, out_features=512, bias=True)
      (1): Linear(in_features=512, out_features=512, bias=True)
    )
    (lns): ModuleList(
      (0): LayerNorm((512,), eps=1e-05, elementwise_affine=True)
      (1): LayerNorm((512,), eps=1e-05, elementwise_affine=True)
    )
    (lin_out): Linear(in_features=512, out_features=512, bias=True)
  )
  (pred_local): Linear(in_features=512, out_features=15, bias=True)
  (pred_global): Linear(in_features=512, out_features=15, bias=True)
)
Label budget: 20/class -> 300 train nodes
Epoch: 00, Loss: 2.8414, Train: 14.27%, Valid: 14.05%, Test: 13.17%, Best Valid: 14.05%, Best Test: 13.17%
Switching Polynormer to global attention phase.
Epoch: 100, Loss: 2.7208, Train: 36.63%, Valid: 35.71%, Test: 36.12%, Best Valid: 91.82%, Best Test: 92.37%
Epoch: 200, Loss: 0.0004, Train: 91.08%, Valid: 90.62%, Test: 91.30%, Best Valid: 91.82%, Best Test: 92.37%
Epoch: 300, Loss: 0.0017, Train: 91.24%, Valid: 90.73%, Test: 91.77%, Best Valid: 91.82%, Best Test: 92.37%
Epoch: 400, Loss: 0.0016, Train: 91.12%, Valid: 90.81%, Test: 91.25%, Best Valid: 91.82%, Best Test: 92.37%
Epoch: 500, Loss: 0.0009, Train: 91.78%, Valid: 91.13%, Test: 92.12%, Best Valid: 91.82%, Best Test: 92.37%
Epoch: 600, Loss: 0.0018, Train: 91.23%, Valid: 90.13%, Test: 91.33%, Best Valid: 91.90%, Best Test: 92.18%
Epoch: 700, Loss: 0.0013, Train: 89.99%, Valid: 88.63%, Test: 90.65%, Best Valid: 91.90%, Best Test: 92.18%
Epoch: 800, Loss: 0.0004, Train: 89.33%, Valid: 88.27%, Test: 89.86%, Best Valid: 91.90%, Best Test: 92.18%
Epoch: 900, Loss: 0.0018, Train: 90.03%, Valid: 89.63%, Test: 90.57%, Best Valid: 91.90%, Best Test: 92.18%
Epoch: 1000, Loss: 0.0042, Train: 91.44%, Valid: 90.48%, Test: 91.47%, Best Valid: 91.90%, Best Test: 92.18%
Epoch: 1100, Loss: 0.0007, Train: 91.63%, Valid: 91.38%, Test: 91.82%, Best Valid: 91.90%, Best Test: 92.18%
Epoch: 1200, Loss: 0.0485, Train: 88.66%, Valid: 88.30%, Test: 89.01%, Best Valid: 91.90%, Best Test: 92.18%
Epoch: 1300, Loss: 0.0002, Train: 91.33%, Valid: 90.29%, Test: 92.09%, Best Valid: 91.90%, Best Test: 92.18%
Epoch: 1400, Loss: 0.0124, Train: 90.35%, Valid: 88.98%, Test: 90.08%, Best Valid: 91.90%, Best Test: 92.18%
Epoch: 1500, Loss: 0.0060, Train: 90.81%, Valid: 89.74%, Test: 91.36%, Best Valid: 91.90%, Best Test: 92.18%
Run 01:
Highest Train: 92.31
Highest Valid: 91.90
Highest Test: 92.48
Chosen epoch: 507
Final Train: 92.02
Final Test: 92.18
Label budget: 20/class -> 300 train nodes
Epoch: 00, Loss: 2.8343, Train: 12.29%, Valid: 11.97%, Test: 10.96%, Best Valid: 11.97%, Best Test: 10.96%
Switching Polynormer to global attention phase.
Epoch: 100, Loss: 2.7077, Train: 4.15%, Valid: 4.50%, Test: 4.20%, Best Valid: 90.67%, Best Test: 91.36%
Epoch: 200, Loss: 0.0585, Train: 86.24%, Valid: 84.51%, Test: 84.84%, Best Valid: 90.67%, Best Test: 91.36%
Epoch: 300, Loss: 0.0162, Train: 88.34%, Valid: 87.15%, Test: 88.20%, Best Valid: 90.67%, Best Test: 91.36%
Epoch: 400, Loss: 0.0029, Train: 87.64%, Valid: 86.72%, Test: 87.38%, Best Valid: 90.67%, Best Test: 91.36%
Epoch: 500, Loss: 0.0343, Train: 90.42%, Valid: 89.66%, Test: 90.21%, Best Valid: 90.67%, Best Test: 91.36%
Epoch: 600, Loss: 0.0167, Train: 89.96%, Valid: 89.14%, Test: 89.31%, Best Valid: 90.92%, Best Test: 91.25%
Epoch: 700, Loss: 0.0296, Train: 87.35%, Valid: 86.42%, Test: 86.89%, Best Valid: 90.92%, Best Test: 91.25%
Epoch: 800, Loss: 0.0010, Train: 87.01%, Valid: 85.54%, Test: 86.42%, Best Valid: 90.92%, Best Test: 91.25%
Epoch: 900, Loss: 0.0004, Train: 90.48%, Valid: 89.77%, Test: 89.48%, Best Valid: 90.92%, Best Test: 91.25%
Epoch: 1000, Loss: 0.0004, Train: 90.76%, Valid: 89.72%, Test: 90.13%, Best Valid: 90.92%, Best Test: 91.25%
Epoch: 1100, Loss: 0.0009, Train: 89.92%, Valid: 88.95%, Test: 89.31%, Best Valid: 90.92%, Best Test: 91.25%
Epoch: 1200, Loss: 0.0298, Train: 88.85%, Valid: 87.70%, Test: 88.66%, Best Valid: 90.92%, Best Test: 91.25%
Epoch: 1300, Loss: 0.0029, Train: 91.19%, Valid: 89.74%, Test: 90.65%, Best Valid: 90.92%, Best Test: 91.25%
Epoch: 1400, Loss: 0.0047, Train: 88.43%, Valid: 87.23%, Test: 88.44%, Best Valid: 90.92%, Best Test: 91.25%
Epoch: 1500, Loss: 0.0010, Train: 87.95%, Valid: 86.12%, Test: 87.30%, Best Valid: 90.92%, Best Test: 91.25%
Run 02:
Highest Train: 92.00
Highest Valid: 90.92
Highest Test: 91.52
Chosen epoch: 586
Final Train: 91.42
Final Test: 91.25
Label budget: 20/class -> 300 train nodes
Epoch: 00, Loss: 2.8958, Train: 4.15%, Valid: 4.50%, Test: 4.20%, Best Valid: 4.50%, Best Test: 4.20%
Switching Polynormer to global attention phase.
Epoch: 100, Loss: 2.7081, Train: 5.16%, Valid: 4.88%, Test: 4.83%, Best Valid: 90.53%, Best Test: 92.01%
Epoch: 200, Loss: 0.1698, Train: 85.14%, Valid: 84.64%, Test: 85.88%, Best Valid: 90.53%, Best Test: 92.01%
Epoch: 300, Loss: 0.0178, Train: 86.54%, Valid: 85.49%, Test: 86.48%, Best Valid: 90.53%, Best Test: 92.01%
Epoch: 400, Loss: 0.0205, Train: 89.04%, Valid: 87.94%, Test: 89.26%, Best Valid: 90.53%, Best Test: 92.01%
Epoch: 500, Loss: 0.0793, Train: 83.26%, Valid: 81.10%, Test: 82.96%, Best Valid: 90.53%, Best Test: 92.01%
Epoch: 600, Loss: 0.0312, Train: 86.72%, Valid: 84.56%, Test: 86.26%, Best Valid: 90.53%, Best Test: 92.01%
Epoch: 700, Loss: 0.0028, Train: 88.00%, Valid: 86.50%, Test: 87.30%, Best Valid: 90.53%, Best Test: 92.01%
Epoch: 800, Loss: 0.0041, Train: 89.04%, Valid: 87.07%, Test: 89.69%, Best Valid: 90.53%, Best Test: 92.01%
Epoch: 900, Loss: 0.0009, Train: 89.55%, Valid: 88.08%, Test: 89.61%, Best Valid: 90.53%, Best Test: 92.01%
Epoch: 1000, Loss: 0.0738, Train: 82.10%, Valid: 79.38%, Test: 81.98%, Best Valid: 90.53%, Best Test: 92.01%
Epoch: 1100, Loss: 0.0005, Train: 88.61%, Valid: 87.64%, Test: 89.07%, Best Valid: 90.53%, Best Test: 92.01%
Epoch: 1200, Loss: 0.0016, Train: 88.43%, Valid: 87.32%, Test: 88.60%, Best Valid: 90.53%, Best Test: 92.01%
Epoch: 1300, Loss: 0.0007, Train: 89.81%, Valid: 88.22%, Test: 90.24%, Best Valid: 90.53%, Best Test: 92.01%
Epoch: 1400, Loss: 0.0008, Train: 88.70%, Valid: 87.34%, Test: 88.93%, Best Valid: 90.53%, Best Test: 92.01%
Epoch: 1500, Loss: 0.0009, Train: 86.12%, Valid: 85.38%, Test: 87.05%, Best Valid: 90.53%, Best Test: 92.01%
Run 03:
Highest Train: 91.66
Highest Valid: 90.53
Highest Test: 92.48
Chosen epoch: 86
Final Train: 91.44
Final Test: 92.01
Label budget: 20/class -> 300 train nodes
Epoch: 00, Loss: 2.8538, Train: 4.60%, Valid: 4.80%, Test: 5.29%, Best Valid: 4.80%, Best Test: 5.29%
Switching Polynormer to global attention phase.
Epoch: 100, Loss: 2.7084, Train: 11.11%, Valid: 10.91%, Test: 11.21%, Best Valid: 90.67%, Best Test: 91.77%
Epoch: 200, Loss: 0.0481, Train: 84.82%, Valid: 83.42%, Test: 84.87%, Best Valid: 90.67%, Best Test: 91.77%
Epoch: 300, Loss: 0.0008, Train: 90.35%, Valid: 88.63%, Test: 90.65%, Best Valid: 90.67%, Best Test: 91.77%
Epoch: 400, Loss: 0.0017, Train: 90.84%, Valid: 88.93%, Test: 90.89%, Best Valid: 90.67%, Best Test: 91.77%
Epoch: 500, Loss: 0.0100, Train: 88.57%, Valid: 88.11%, Test: 89.37%, Best Valid: 90.67%, Best Test: 91.77%
Epoch: 600, Loss: 0.0017, Train: 89.73%, Valid: 88.82%, Test: 90.13%, Best Valid: 90.67%, Best Test: 91.77%
Epoch: 700, Loss: 0.0032, Train: 89.13%, Valid: 87.97%, Test: 89.39%, Best Valid: 91.24%, Best Test: 91.68%
Epoch: 800, Loss: 0.0012, Train: 89.93%, Valid: 89.80%, Test: 90.27%, Best Valid: 91.24%, Best Test: 91.68%
Epoch: 900, Loss: 0.0035, Train: 88.70%, Valid: 87.86%, Test: 88.99%, Best Valid: 91.24%, Best Test: 91.68%
Epoch: 1000, Loss: 0.0006, Train: 88.63%, Valid: 88.63%, Test: 89.26%, Best Valid: 91.24%, Best Test: 91.68%
Epoch: 1100, Loss: 0.0188, Train: 89.71%, Valid: 88.46%, Test: 89.94%, Best Valid: 91.24%, Best Test: 91.68%
Epoch: 1200, Loss: 0.0109, Train: 90.40%, Valid: 89.01%, Test: 90.27%, Best Valid: 91.24%, Best Test: 91.68%
Epoch: 1300, Loss: 0.0610, Train: 89.97%, Valid: 88.68%, Test: 90.19%, Best Valid: 91.24%, Best Test: 91.68%
Epoch: 1400, Loss: 0.0061, Train: 89.04%, Valid: 88.24%, Test: 89.42%, Best Valid: 91.24%, Best Test: 91.68%
Epoch: 1500, Loss: 0.0007, Train: 90.08%, Valid: 89.39%, Test: 90.46%, Best Valid: 91.24%, Best Test: 91.68%
Run 04:
Highest Train: 91.83
Highest Valid: 91.24
Highest Test: 91.96
Chosen epoch: 683
Final Train: 91.55
Final Test: 91.68
Label budget: 20/class -> 300 train nodes
Epoch: 00, Loss: 2.9029, Train: 5.74%, Valid: 5.16%, Test: 5.92%, Best Valid: 5.16%, Best Test: 5.92%
Switching Polynormer to global attention phase.
Epoch: 100, Loss: 2.7081, Train: 11.11%, Valid: 10.91%, Test: 11.21%, Best Valid: 91.22%, Best Test: 91.19%
Epoch: 200, Loss: 0.0426, Train: 84.31%, Valid: 83.14%, Test: 84.02%, Best Valid: 91.22%, Best Test: 91.19%
Epoch: 300, Loss: 0.0019, Train: 87.96%, Valid: 86.85%, Test: 87.43%, Best Valid: 91.22%, Best Test: 91.19%
Epoch: 400, Loss: 0.0012, Train: 90.23%, Valid: 89.09%, Test: 90.62%, Best Valid: 91.22%, Best Test: 91.19%
Epoch: 500, Loss: 0.1673, Train: 86.09%, Valid: 84.94%, Test: 85.33%, Best Valid: 91.22%, Best Test: 91.19%
Epoch: 600, Loss: 0.0004, Train: 90.30%, Valid: 88.46%, Test: 90.65%, Best Valid: 91.22%, Best Test: 91.19%
Epoch: 700, Loss: 0.0010, Train: 89.95%, Valid: 88.71%, Test: 90.27%, Best Valid: 91.22%, Best Test: 91.19%
Epoch: 800, Loss: 0.0011, Train: 88.70%, Valid: 87.04%, Test: 88.14%, Best Valid: 91.22%, Best Test: 91.19%
Epoch: 900, Loss: 0.0149, Train: 88.78%, Valid: 87.59%, Test: 88.63%, Best Valid: 91.22%, Best Test: 91.19%
Epoch: 1000, Loss: 0.0356, Train: 89.50%, Valid: 87.70%, Test: 89.37%, Best Valid: 91.22%, Best Test: 91.19%
Epoch: 1100, Loss: 0.0013, Train: 89.80%, Valid: 88.27%, Test: 89.56%, Best Valid: 91.22%, Best Test: 91.19%
Epoch: 1200, Loss: 0.0049, Train: 87.73%, Valid: 86.72%, Test: 87.95%, Best Valid: 91.22%, Best Test: 91.19%
Epoch: 1300, Loss: 0.0004, Train: 89.34%, Valid: 87.94%, Test: 89.37%, Best Valid: 91.22%, Best Test: 91.19%
Epoch: 1400, Loss: 0.0007, Train: 87.70%, Valid: 86.66%, Test: 87.13%, Best Valid: 91.22%, Best Test: 91.19%
Epoch: 1500, Loss: 0.0005, Train: 90.15%, Valid: 88.73%, Test: 90.43%, Best Valid: 91.22%, Best Test: 91.19%
Run 05:
Highest Train: 91.51
Highest Valid: 91.22
Highest Test: 91.68
Chosen epoch: 59
Final Train: 91.37
Final Test: 91.19
Label budget: 20/class -> 300 train nodes
Epoch: 00, Loss: 2.9650, Train: 8.18%, Valid: 7.77%, Test: 7.80%, Best Valid: 7.77%, Best Test: 7.80%
Switching Polynormer to global attention phase.
Epoch: 100, Loss: 2.7080, Train: 11.11%, Valid: 10.91%, Test: 11.21%, Best Valid: 90.75%, Best Test: 91.25%
Epoch: 200, Loss: 0.0257, Train: 88.95%, Valid: 87.64%, Test: 89.09%, Best Valid: 90.75%, Best Test: 91.25%
Epoch: 300, Loss: 0.2104, Train: 85.61%, Valid: 84.62%, Test: 85.61%, Best Valid: 90.75%, Best Test: 91.25%
Epoch: 400, Loss: 0.0003, Train: 88.29%, Valid: 87.42%, Test: 88.20%, Best Valid: 90.75%, Best Test: 91.25%
Epoch: 500, Loss: 0.0036, Train: 88.78%, Valid: 86.82%, Test: 89.04%, Best Valid: 90.75%, Best Test: 91.25%
Epoch: 600, Loss: 0.0021, Train: 89.40%, Valid: 88.05%, Test: 89.23%, Best Valid: 90.75%, Best Test: 91.25%
Epoch: 700, Loss: 0.0394, Train: 89.39%, Valid: 88.60%, Test: 89.64%, Best Valid: 90.75%, Best Test: 91.25%
Epoch: 800, Loss: 0.0005, Train: 89.44%, Valid: 88.57%, Test: 89.80%, Best Valid: 90.75%, Best Test: 91.25%
Epoch: 900, Loss: 0.0014, Train: 90.03%, Valid: 89.44%, Test: 90.27%, Best Valid: 90.75%, Best Test: 91.25%
Epoch: 1000, Loss: 0.0023, Train: 89.19%, Valid: 88.84%, Test: 89.61%, Best Valid: 90.75%, Best Test: 91.25%
Epoch: 1100, Loss: 0.0005, Train: 90.09%, Valid: 89.72%, Test: 89.97%, Best Valid: 90.75%, Best Test: 91.25%
Epoch: 1200, Loss: 0.0206, Train: 87.93%, Valid: 86.77%, Test: 88.30%, Best Valid: 90.75%, Best Test: 91.25%
Epoch: 1300, Loss: 0.0057, Train: 89.99%, Valid: 88.98%, Test: 89.75%, Best Valid: 90.75%, Best Test: 91.25%
Epoch: 1400, Loss: 0.0108, Train: 82.99%, Valid: 82.02%, Test: 83.75%, Best Valid: 90.75%, Best Test: 91.25%
Epoch: 1500, Loss: 0.0312, Train: 83.67%, Valid: 81.97%, Test: 84.02%, Best Valid: 90.75%, Best Test: 91.25%
Run 06:
Highest Train: 91.34
Highest Valid: 90.75
Highest Test: 91.88
Chosen epoch: 25
Final Train: 90.81
Final Test: 91.25
Label budget: 20/class -> 300 train nodes
Epoch: 00, Loss: 2.9580, Train: 11.01%, Valid: 11.29%, Test: 11.59%, Best Valid: 11.29%, Best Test: 11.59%
Switching Polynormer to global attention phase.
Epoch: 100, Loss: 2.7081, Train: 12.29%, Valid: 11.97%, Test: 10.96%, Best Valid: 90.70%, Best Test: 92.23%
Epoch: 200, Loss: 0.4772, Train: 73.79%, Valid: 72.72%, Test: 74.54%, Best Valid: 90.70%, Best Test: 92.23%
Epoch: 300, Loss: 0.0230, Train: 84.56%, Valid: 82.24%, Test: 84.71%, Best Valid: 90.70%, Best Test: 92.23%
Epoch: 400, Loss: 0.0128, Train: 85.27%, Valid: 83.47%, Test: 85.17%, Best Valid: 90.70%, Best Test: 92.23%
Epoch: 500, Loss: 0.0310, Train: 85.96%, Valid: 85.13%, Test: 86.56%, Best Valid: 90.70%, Best Test: 92.23%
Epoch: 600, Loss: 0.0171, Train: 84.78%, Valid: 83.63%, Test: 85.69%, Best Valid: 90.70%, Best Test: 92.23%
Epoch: 700, Loss: 0.0056, Train: 84.42%, Valid: 83.12%, Test: 84.54%, Best Valid: 90.70%, Best Test: 92.23%
Epoch: 800, Loss: 0.0049, Train: 85.33%, Valid: 83.85%, Test: 85.66%, Best Valid: 90.70%, Best Test: 92.23%
Epoch: 900, Loss: 0.2160, Train: 73.83%, Valid: 73.02%, Test: 75.49%, Best Valid: 90.70%, Best Test: 92.23%
Epoch: 1000, Loss: 0.0101, Train: 88.54%, Valid: 87.81%, Test: 89.15%, Best Valid: 90.70%, Best Test: 92.23%
Epoch: 1100, Loss: 0.0122, Train: 87.76%, Valid: 86.01%, Test: 87.98%, Best Valid: 90.70%, Best Test: 92.23%
Epoch: 1200, Loss: 0.0009, Train: 89.24%, Valid: 88.82%, Test: 90.10%, Best Valid: 90.70%, Best Test: 92.23%
Epoch: 1300, Loss: 0.0011, Train: 86.04%, Valid: 84.94%, Test: 86.23%, Best Valid: 90.70%, Best Test: 92.23%
Epoch: 1400, Loss: 0.0014, Train: 89.99%, Valid: 89.42%, Test: 90.16%, Best Valid: 90.70%, Best Test: 92.23%
Epoch: 1500, Loss: 0.0024, Train: 86.59%, Valid: 85.92%, Test: 86.67%, Best Valid: 90.70%, Best Test: 92.23%
Run 07:
Highest Train: 91.79
Highest Valid: 90.70
Highest Test: 92.39
Chosen epoch: 69
Final Train: 91.56
Final Test: 92.23
Label budget: 20/class -> 300 train nodes
Epoch: 00, Loss: 2.9282, Train: 8.82%, Valid: 9.03%, Test: 8.72%, Best Valid: 9.03%, Best Test: 8.72%
Switching Polynormer to global attention phase.
Epoch: 100, Loss: 2.7081, Train: 1.99%, Valid: 2.07%, Test: 2.07%, Best Valid: 91.03%, Best Test: 91.98%
Epoch: 200, Loss: 0.2644, Train: 74.32%, Valid: 73.68%, Test: 74.56%, Best Valid: 91.03%, Best Test: 91.98%
Epoch: 300, Loss: 0.0163, Train: 87.81%, Valid: 86.52%, Test: 87.92%, Best Valid: 91.03%, Best Test: 91.98%
Epoch: 400, Loss: 0.0025, Train: 87.15%, Valid: 85.84%, Test: 86.91%, Best Valid: 91.03%, Best Test: 91.98%
Epoch: 500, Loss: 0.0006, Train: 88.51%, Valid: 87.15%, Test: 88.58%, Best Valid: 91.03%, Best Test: 91.98%
Epoch: 600, Loss: 0.0286, Train: 86.92%, Valid: 85.71%, Test: 86.45%, Best Valid: 91.03%, Best Test: 91.98%
Epoch: 700, Loss: 0.0022, Train: 88.57%, Valid: 87.32%, Test: 88.66%, Best Valid: 91.03%, Best Test: 91.98%
Epoch: 800, Loss: 0.0086, Train: 88.98%, Valid: 87.21%, Test: 88.99%, Best Valid: 91.03%, Best Test: 91.98%
Epoch: 900, Loss: 0.0022, Train: 87.12%, Valid: 85.84%, Test: 87.16%, Best Valid: 91.03%, Best Test: 91.98%
Epoch: 1000, Loss: 0.0005, Train: 89.64%, Valid: 88.24%, Test: 89.48%, Best Valid: 91.03%, Best Test: 91.98%
Epoch: 1100, Loss: 0.0013, Train: 89.15%, Valid: 87.89%, Test: 89.37%, Best Valid: 91.03%, Best Test: 91.98%
Epoch: 1200, Loss: 0.0194, Train: 90.80%, Valid: 89.31%, Test: 90.68%, Best Valid: 91.03%, Best Test: 91.98%
Epoch: 1300, Loss: 0.0068, Train: 88.17%, Valid: 86.72%, Test: 87.79%, Best Valid: 91.03%, Best Test: 91.98%
Epoch: 1400, Loss: 0.0031, Train: 87.38%, Valid: 86.61%, Test: 87.90%, Best Valid: 91.03%, Best Test: 91.98%
Epoch: 1500, Loss: 0.1761, Train: 85.99%, Valid: 84.67%, Test: 86.80%, Best Valid: 91.03%, Best Test: 91.98%
Run 08:
Highest Train: 91.85
Highest Valid: 91.03
Highest Test: 92.09
Chosen epoch: 91
Final Train: 91.74
Final Test: 91.98
Label budget: 20/class -> 300 train nodes
Epoch: 00, Loss: 2.9045, Train: 7.76%, Valid: 7.31%, Test: 7.74%, Best Valid: 7.31%, Best Test: 7.74%
Switching Polynormer to global attention phase.
Epoch: 100, Loss: 2.7081, Train: 11.11%, Valid: 10.91%, Test: 11.21%, Best Valid: 90.92%, Best Test: 91.82%
Epoch: 200, Loss: 2.6468, Train: 5.68%, Valid: 5.73%, Test: 5.15%, Best Valid: 90.92%, Best Test: 91.82%
Epoch: 300, Loss: 2.7034, Train: 12.29%, Valid: 11.97%, Test: 10.96%, Best Valid: 90.92%, Best Test: 91.82%
Epoch: 400, Loss: 1.0913, Train: 24.29%, Valid: 24.20%, Test: 23.31%, Best Valid: 90.92%, Best Test: 91.82%
Epoch: 500, Loss: 0.3266, Train: 64.34%, Valid: 62.71%, Test: 63.28%, Best Valid: 90.92%, Best Test: 91.82%
Epoch: 600, Loss: 0.0684, Train: 68.89%, Valid: 66.75%, Test: 67.88%, Best Valid: 90.92%, Best Test: 91.82%
Epoch: 700, Loss: 0.1154, Train: 73.37%, Valid: 71.85%, Test: 72.08%, Best Valid: 90.92%, Best Test: 91.82%
Epoch: 800, Loss: 0.0582, Train: 73.45%, Valid: 71.55%, Test: 73.15%, Best Valid: 90.92%, Best Test: 91.82%
Epoch: 900, Loss: 0.0125, Train: 75.23%, Valid: 73.19%, Test: 73.99%, Best Valid: 90.92%, Best Test: 91.82%
Epoch: 1000, Loss: 0.0412, Train: 77.13%, Valid: 75.26%, Test: 76.85%, Best Valid: 90.92%, Best Test: 91.82%
Epoch: 1100, Loss: 0.0174, Train: 78.03%, Valid: 75.83%, Test: 77.86%, Best Valid: 90.92%, Best Test: 91.82%
Epoch: 1200, Loss: 0.0145, Train: 80.33%, Valid: 78.78%, Test: 80.29%, Best Valid: 90.92%, Best Test: 91.82%
Epoch: 1300, Loss: 0.0055, Train: 80.73%, Valid: 79.71%, Test: 81.41%, Best Valid: 90.92%, Best Test: 91.82%
Epoch: 1400, Loss: 0.0168, Train: 81.43%, Valid: 79.95%, Test: 80.75%, Best Valid: 90.92%, Best Test: 91.82%
Epoch: 1500, Loss: 0.0024, Train: 82.55%, Valid: 81.04%, Test: 82.25%, Best Valid: 90.92%, Best Test: 91.82%
Run 09:
Highest Train: 91.59
Highest Valid: 90.92
Highest Test: 91.82
Chosen epoch: 90
Final Train: 91.55
Final Test: 91.82
Label budget: 20/class -> 300 train nodes
Epoch: 00, Loss: 2.8822, Train: 8.03%, Valid: 7.69%, Test: 7.61%, Best Valid: 7.69%, Best Test: 7.61%
Switching Polynormer to global attention phase.
Epoch: 100, Loss: 2.7081, Train: 4.60%, Valid: 4.80%, Test: 5.29%, Best Valid: 90.64%, Best Test: 91.98%
Epoch: 200, Loss: 0.1358, Train: 86.01%, Valid: 83.99%, Test: 85.14%, Best Valid: 90.64%, Best Test: 91.98%
Epoch: 300, Loss: 0.0018, Train: 89.12%, Valid: 87.07%, Test: 89.53%, Best Valid: 90.64%, Best Test: 91.98%
Epoch: 400, Loss: 0.0130, Train: 83.15%, Valid: 81.51%, Test: 82.33%, Best Valid: 90.64%, Best Test: 91.98%
Epoch: 500, Loss: 0.0011, Train: 89.74%, Valid: 88.46%, Test: 89.69%, Best Valid: 90.64%, Best Test: 91.98%
Epoch: 600, Loss: 0.0019, Train: 89.34%, Valid: 88.13%, Test: 89.61%, Best Valid: 90.64%, Best Test: 91.98%
Epoch: 700, Loss: 0.0016, Train: 88.32%, Valid: 87.32%, Test: 88.47%, Best Valid: 90.64%, Best Test: 91.98%
Epoch: 800, Loss: 0.0007, Train: 89.94%, Valid: 88.38%, Test: 89.83%, Best Valid: 90.64%, Best Test: 91.98%
Epoch: 900, Loss: 0.0037, Train: 86.22%, Valid: 84.12%, Test: 86.10%, Best Valid: 90.64%, Best Test: 91.98%
Epoch: 1000, Loss: 0.0025, Train: 88.93%, Valid: 86.80%, Test: 88.60%, Best Valid: 90.64%, Best Test: 91.98%
Epoch: 1100, Loss: 0.0006, Train: 89.73%, Valid: 88.33%, Test: 89.15%, Best Valid: 90.64%, Best Test: 91.98%
Epoch: 1200, Loss: 0.0013, Train: 88.14%, Valid: 86.28%, Test: 88.00%, Best Valid: 90.64%, Best Test: 91.98%
Epoch: 1300, Loss: 0.0030, Train: 86.44%, Valid: 84.94%, Test: 86.40%, Best Valid: 90.64%, Best Test: 91.98%
Epoch: 1400, Loss: 0.0128, Train: 86.15%, Valid: 84.62%, Test: 87.02%, Best Valid: 90.64%, Best Test: 91.98%
Epoch: 1500, Loss: 0.0022, Train: 88.89%, Valid: 87.67%, Test: 88.77%, Best Valid: 90.64%, Best Test: 91.98%
Run 10:
Highest Train: 91.34
Highest Valid: 90.64
Highest Test: 92.15
Chosen epoch: 68
Final Train: 91.31
Final Test: 91.98
All runs:
Highest Train: 91.72 ± 0.30
Highest Test: 92.04 ± 0.33
Highest Valid: 90.98 ± 0.40
  Final Train: 91.48 ± 0.31
   Final Test: 91.76 ± 0.40
Saving results to ../results/lowlabel/coauthor-cs/polynormer.csv
Low-label sweep completed.
Task 240 done.
