Thu Aug 13 12:13:18 2026       
+-----------------------------------------------------------------------------------------+
| NVIDIA-SMI 580.159.04             Driver Version: 580.159.04     CUDA Version: 13.0     |
+-----------------------------------------+------------------------+----------------------+
| GPU  Name                 Persistence-M | Bus-Id          Disp.A | Volatile Uncorr. ECC |
| Fan  Temp   Perf          Pwr:Usage/Cap |           Memory-Usage | GPU-Util  Compute M. |
|                                         |                        |               MIG M. |
|=========================================+========================+======================|
|   0  NVIDIA A100-SXM4-80GB          On  |   00000000:01:00.0 Off |                   On |
| N/A   49C    P0            173W /  500W |   39528MiB /  81920MiB |     N/A      Default |
|                                         |                        |              Enabled |
+-----------------------------------------+------------------------+----------------------+
|   1  NVIDIA A100-SXM4-80GB          On  |   00000000:41:00.0 Off |                   On |
| N/A   48C    P0            220W /  500W |   51240MiB /  81920MiB |     N/A      Default |
|                                         |                        |              Enabled |
+-----------------------------------------+------------------------+----------------------+
|   2  NVIDIA A100-SXM4-80GB          On  |   00000000:81:00.0 Off |                   On |
| N/A   50C    P0            174W /  500W |   39528MiB /  81920MiB |     N/A      Default |
|                                         |                        |              Enabled |
+-----------------------------------------+------------------------+----------------------+
|   3  NVIDIA A100-SXM4-80GB          On  |   00000000:C1:00.0 Off |                   On |
| N/A   44C    P0            215W /  500W |   41780MiB /  81920MiB |     N/A      Default |
|                                         |                        |              Enabled |
+-----------------------------------------+------------------------+----------------------+

+-----------------------------------------------------------------------------------------+
| MIG devices:                                                                            |
+------------------+----------------------------------+-----------+-----------------------+
| GPU  GI  CI  MIG |              Shared Memory-Usage |        Vol|        Shared         |
|      ID  ID  Dev |                Shared BAR1-Usage | SM     Unc| CE ENC  DEC  OFA  JPG |
|                  |                                  |        ECC|                       |
|==================+==================================+===========+=======================|
|  0    3   0   0  |              71MiB / 19968MiB    | 28      0 |  2   0    1    0    0 |
|                  |               0MiB / 12271MiB    |           |                       |
+------------------+----------------------------------+-----------+-----------------------+

+-----------------------------------------------------------------------------------------+
| Processes:                                                                              |
|  GPU   GI   CI              PID   Type   Process name                        GPU Memory |
|        ID   ID                                                               Usage      |
|=========================================================================================|
|    1    2    0           496670      C   python                                39270MiB |
|    1    3    0          1225967      C   python                                11704MiB |
|    2    2    0           496702      C   python                                39270MiB |
|    3    1    0           496703      C   python                                39270MiB |
|    3    5    0          1228311      C   python                                 2244MiB |
+-----------------------------------------------------------------------------------------+
Cell: wikics / polynormer / budget 5 per class / group 3
python main.py --model polynormer --dataset wikics --hidden_channels 512 --local_epochs 100 --global_epochs 1000 --lr 0.001 --runs 10 --local_layers 7 --global_layers 2 --weight_decay 0.0 --dropout 0.5 --in_dropout 0.5 --num_heads 1 --save_model --device 0 --model_dir models/lowlabel_1171808_283 --train_per_class 5 --budget_tag 5
==========================================================
Low-label sweep: python main.py --model polynormer --dataset wikics --hidden_channels 512 --local_epochs 100 --global_epochs 1000 --lr 0.001 --runs 10 --local_layers 7 --global_layers 2 --weight_decay 0.0 --dropout 0.5 --in_dropout 0.5 --num_heads 1 --save_model --device 0 --model_dir models/lowlabel_1171808_283 --train_per_class 5 --budget_tag 5
result_dir=../results/lowlabel conditions=[oracle]
==========================================================
--- oracle_reg | lambda=0.01 ---
Namespace(aggregate='add', alpha=0.5, attention='gcn', beta=-1.0, bn=False, budget_tag='5', count_reg=False, count_smoothing=1.0, cpu=False, data_dir='../data/', dataset='wikics', device=0, dim_inner=512, display_step=100, dropout=0.5, epochs=500, global_dropout=None, global_epochs=1000, global_layers=2, gnn='gcn', graph_weight=0.8, hidden_channels=512, hops=10, in_dropout=0.5, jk=False, label_num_per_class=20, lambda_val=0.01, layers=1, ln=False, local_epochs=100, local_gnn_type='GCN', local_layers=7, lr=0.001, metric='acc', mlp_epochs=500, mlp_reg=False, model='polynormer', model_dir='models/lowlabel_1171808_283', n_heads=1, num_centroids=4096, num_heads=1, oracle_reg=True, paired_seeds=True, pe_types='RWSE', penalty_transform='none', pre_linear=False, pre_ln=False, rand_split=False, rand_split_class=False, reg_start_epoch=10, reg_update_freq=5, res=False, resample_split_per_run=False, result_dir='../results/lowlabel', runs=10, save_model=True, save_result=False, seed=42, test_num=1000, tr_dropout=None, tr_layers=1, tr_weight_decay=None, train_per_class=5, train_prop=0.5, use_act=False, use_bn=False, use_graph=False, use_reg=True, use_residual=False, use_weight=False, valid_num=500, valid_per_class=0, valid_prop=0.25, weight_decay=0.0)
wikics
dataset wikics | num nodes 11701 | num edge 431726 | num node feats 300 | num classes 10
MODEL: Polynormer(
  (h_lins): ModuleList(
    (0): Linear(in_features=512, out_features=512, bias=True)
    (1): Linear(in_features=512, out_features=512, bias=True)
    (2): Linear(in_features=512, out_features=512, bias=True)
    (3): Linear(in_features=512, out_features=512, bias=True)
    (4): Linear(in_features=512, out_features=512, bias=True)
    (5): Linear(in_features=512, out_features=512, bias=True)
    (6): Linear(in_features=512, out_features=512, bias=True)
  )
  (local_convs): ModuleList(
    (0): GATConv(512, 512, heads=1)
    (1): GATConv(512, 512, heads=1)
    (2): GATConv(512, 512, heads=1)
    (3): GATConv(512, 512, heads=1)
    (4): GATConv(512, 512, heads=1)
    (5): GATConv(512, 512, heads=1)
    (6): GATConv(512, 512, heads=1)
  )
  (lins): ModuleList(
    (0): Linear(in_features=512, out_features=512, bias=True)
    (1): Linear(in_features=512, out_features=512, bias=True)
    (2): Linear(in_features=512, out_features=512, bias=True)
    (3): Linear(in_features=512, out_features=512, bias=True)
    (4): Linear(in_features=512, out_features=512, bias=True)
    (5): Linear(in_features=512, out_features=512, bias=True)
    (6): Linear(in_features=512, out_features=512, bias=True)
  )
  (lns): ModuleList(
    (0): LayerNorm((512,), eps=1e-05, elementwise_affine=True)
    (1): LayerNorm((512,), eps=1e-05, elementwise_affine=True)
    (2): LayerNorm((512,), eps=1e-05, elementwise_affine=True)
    (3): LayerNorm((512,), eps=1e-05, elementwise_affine=True)
    (4): LayerNorm((512,), eps=1e-05, elementwise_affine=True)
    (5): LayerNorm((512,), eps=1e-05, elementwise_affine=True)
    (6): LayerNorm((512,), eps=1e-05, elementwise_affine=True)
  )
  (lin_in): Linear(in_features=300, out_features=512, bias=True)
  (ln): LayerNorm((512,), eps=1e-05, elementwise_affine=True)
  (global_attn): GlobalAttn(
    (h_lins): ModuleList(
      (0): Linear(in_features=512, out_features=512, bias=True)
      (1): Linear(in_features=512, out_features=512, bias=True)
    )
    (k_lins): ModuleList(
      (0): Linear(in_features=512, out_features=512, bias=True)
      (1): Linear(in_features=512, out_features=512, bias=True)
    )
    (v_lins): ModuleList(
      (0): Linear(in_features=512, out_features=512, bias=True)
      (1): Linear(in_features=512, out_features=512, bias=True)
    )
    (lns): ModuleList(
      (0): LayerNorm((512,), eps=1e-05, elementwise_affine=True)
      (1): LayerNorm((512,), eps=1e-05, elementwise_affine=True)
    )
    (lin_out): Linear(in_features=512, out_features=512, bias=True)
  )
  (pred_local): Linear(in_features=512, out_features=10, bias=True)
  (pred_global): Linear(in_features=512, out_features=10, bias=True)
)
Label budget: 5/class -> 50 train nodes
Computing oracle penalty matrix from true labels...
Oracle penalty matrix frozen.
Epoch: 00, Loss: 2.8328, Train: 4.14%, Valid: 4.23%, Test: 4.65%, Best Valid: 4.23%, Best Test: 4.65%
Switching Polynormer to global attention phase.
Epoch: 100, Loss: 2.3393, Train: 17.93%, Valid: 17.82%, Test: 17.91%, Best Valid: 62.53%, Best Test: 62.29%
Epoch: 200, Loss: 0.3485, Train: 54.14%, Valid: 51.90%, Test: 51.70%, Best Valid: 67.25%, Best Test: 67.16%
Epoch: 300, Loss: 0.0026, Train: 70.52%, Valid: 66.76%, Test: 67.33%, Best Valid: 69.93%, Best Test: 69.44%
Epoch: 400, Loss: 0.0051, Train: 65.34%, Valid: 62.04%, Test: 61.42%, Best Valid: 71.16%, Best Test: 70.69%
Epoch: 500, Loss: 0.3008, Train: 67.59%, Valid: 63.61%, Test: 62.94%, Best Valid: 71.16%, Best Test: 70.69%
Epoch: 600, Loss: 0.0062, Train: 66.38%, Valid: 62.44%, Test: 62.82%, Best Valid: 71.16%, Best Test: 70.69%
Epoch: 700, Loss: 0.0231, Train: 69.31%, Valid: 67.37%, Test: 66.80%, Best Valid: 71.16%, Best Test: 70.69%
Epoch: 800, Loss: 0.1390, Train: 66.55%, Valid: 62.87%, Test: 61.83%, Best Valid: 71.16%, Best Test: 70.69%
Epoch: 900, Loss: 0.0374, Train: 70.34%, Valid: 66.95%, Test: 66.60%, Best Valid: 71.16%, Best Test: 70.69%
Epoch: 1000, Loss: 0.0190, Train: 69.14%, Valid: 66.00%, Test: 66.12%, Best Valid: 71.16%, Best Test: 70.69%
Run 01:
Highest Train: 73.79
Highest Valid: 71.16
Highest Test: 70.69
Chosen epoch: 327
Final Train: 73.28
Final Test: 70.69
Label budget: 5/class -> 50 train nodes
Computing oracle penalty matrix from true labels...
Oracle penalty matrix frozen.
Epoch: 00, Loss: 2.9532, Train: 18.10%, Valid: 18.22%, Test: 17.98%, Best Valid: 18.22%, Best Test: 17.98%
Switching Polynormer to global attention phase.
Epoch: 100, Loss: 2.3325, Train: 3.45%, Valid: 3.55%, Test: 3.52%, Best Valid: 66.67%, Best Test: 64.36%
Epoch: 200, Loss: 0.5017, Train: 63.62%, Valid: 60.28%, Test: 59.48%, Best Valid: 66.67%, Best Test: 64.36%
Epoch: 300, Loss: 0.0329, Train: 59.14%, Valid: 57.66%, Test: 56.10%, Best Valid: 68.30%, Best Test: 66.72%
Epoch: 400, Loss: 0.0408, Train: 64.31%, Valid: 65.19%, Test: 63.14%, Best Valid: 69.61%, Best Test: 67.40%
Epoch: 500, Loss: 0.0006, Train: 63.45%, Valid: 62.76%, Test: 60.63%, Best Valid: 69.61%, Best Test: 67.40%
Epoch: 600, Loss: 0.1660, Train: 64.48%, Valid: 63.52%, Test: 62.68%, Best Valid: 69.61%, Best Test: 67.40%
Epoch: 700, Loss: 0.1839, Train: 67.93%, Valid: 66.06%, Test: 64.00%, Best Valid: 69.61%, Best Test: 67.40%
Epoch: 800, Loss: 0.0305, Train: 65.17%, Valid: 66.74%, Test: 65.02%, Best Valid: 69.61%, Best Test: 67.40%
Epoch: 900, Loss: 0.1395, Train: 64.83%, Valid: 64.87%, Test: 63.71%, Best Valid: 69.61%, Best Test: 67.40%
Epoch: 1000, Loss: 0.0112, Train: 67.59%, Valid: 66.76%, Test: 65.62%, Best Valid: 69.61%, Best Test: 67.40%
Run 02:
Highest Train: 70.69
Highest Valid: 69.61
Highest Test: 68.02
Chosen epoch: 388
Final Train: 70.34
Final Test: 67.40
Label budget: 5/class -> 50 train nodes
Computing oracle penalty matrix from true labels...
Oracle penalty matrix frozen.
Epoch: 00, Loss: 2.6263, Train: 11.72%, Valid: 11.28%, Test: 11.34%, Best Valid: 11.28%, Best Test: 11.34%
Switching Polynormer to global attention phase.
Epoch: 100, Loss: 2.3594, Train: 12.24%, Valid: 12.15%, Test: 12.18%, Best Valid: 66.21%, Best Test: 65.47%
Epoch: 200, Loss: 0.1274, Train: 67.07%, Valid: 64.35%, Test: 63.02%, Best Valid: 66.78%, Best Test: 65.62%
Epoch: 300, Loss: 0.0137, Train: 65.52%, Valid: 63.90%, Test: 62.39%, Best Valid: 69.11%, Best Test: 67.95%
Epoch: 400, Loss: 0.0244, Train: 68.97%, Valid: 68.03%, Test: 67.15%, Best Valid: 69.11%, Best Test: 67.95%
Epoch: 500, Loss: 0.0072, Train: 65.86%, Valid: 65.26%, Test: 64.48%, Best Valid: 69.11%, Best Test: 67.95%
Epoch: 600, Loss: 0.0775, Train: 68.79%, Valid: 67.22%, Test: 66.19%, Best Valid: 69.11%, Best Test: 67.95%
Epoch: 700, Loss: 0.0198, Train: 62.41%, Valid: 62.44%, Test: 60.56%, Best Valid: 69.11%, Best Test: 67.95%
Epoch: 800, Loss: 0.0169, Train: 65.17%, Valid: 62.87%, Test: 61.21%, Best Valid: 69.11%, Best Test: 67.95%
Epoch: 900, Loss: 0.0058, Train: 64.48%, Valid: 62.68%, Test: 60.87%, Best Valid: 69.11%, Best Test: 67.95%
Epoch: 1000, Loss: 0.0065, Train: 67.76%, Valid: 65.97%, Test: 65.44%, Best Valid: 69.11%, Best Test: 67.95%
Run 03:
Highest Train: 72.07
Highest Valid: 69.11
Highest Test: 68.10
Chosen epoch: 215
Final Train: 69.14
Final Test: 67.95
Label budget: 5/class -> 50 train nodes
Computing oracle penalty matrix from true labels...
Oracle penalty matrix frozen.
Epoch: 00, Loss: 2.5932, Train: 14.48%, Valid: 14.81%, Test: 14.73%, Best Valid: 14.81%, Best Test: 14.73%
Switching Polynormer to global attention phase.
Epoch: 100, Loss: 2.3742, Train: 18.45%, Valid: 18.39%, Test: 18.40%, Best Valid: 67.29%, Best Test: 66.50%
Epoch: 200, Loss: 0.1144, Train: 62.93%, Valid: 60.75%, Test: 59.60%, Best Valid: 67.29%, Best Test: 66.50%
Epoch: 300, Loss: 0.1908, Train: 63.62%, Valid: 60.20%, Test: 58.68%, Best Valid: 68.52%, Best Test: 67.38%
Epoch: 400, Loss: 0.0207, Train: 62.41%, Valid: 59.80%, Test: 58.20%, Best Valid: 68.52%, Best Test: 67.38%
Epoch: 500, Loss: 0.0730, Train: 63.97%, Valid: 61.45%, Test: 59.19%, Best Valid: 68.52%, Best Test: 67.38%
Epoch: 600, Loss: 0.0042, Train: 63.45%, Valid: 59.73%, Test: 59.26%, Best Valid: 68.52%, Best Test: 67.38%
Epoch: 700, Loss: 0.0007, Train: 58.10%, Valid: 55.10%, Test: 52.81%, Best Valid: 68.52%, Best Test: 67.38%
Epoch: 800, Loss: 0.0016, Train: 56.90%, Valid: 54.93%, Test: 53.98%, Best Valid: 68.52%, Best Test: 67.38%
Epoch: 900, Loss: 0.1076, Train: 63.97%, Valid: 60.92%, Test: 59.62%, Best Valid: 68.52%, Best Test: 67.38%
Epoch: 1000, Loss: 0.0263, Train: 65.52%, Valid: 62.19%, Test: 61.55%, Best Valid: 68.52%, Best Test: 67.38%
Run 04:
Highest Train: 70.52
Highest Valid: 68.52
Highest Test: 67.38
Chosen epoch: 226
Final Train: 69.66
Final Test: 67.38
Label budget: 5/class -> 50 train nodes
Computing oracle penalty matrix from true labels...
Oracle penalty matrix frozen.
Epoch: 00, Loss: 2.9283, Train: 11.55%, Valid: 12.53%, Test: 12.81%, Best Valid: 12.53%, Best Test: 12.81%
Switching Polynormer to global attention phase.
Epoch: 100, Loss: 2.3645, Train: 17.41%, Valid: 17.43%, Test: 17.74%, Best Valid: 58.36%, Best Test: 57.55%
Epoch: 200, Loss: 0.3757, Train: 62.93%, Valid: 62.84%, Test: 62.32%, Best Valid: 66.70%, Best Test: 65.26%
Epoch: 300, Loss: 0.0866, Train: 61.55%, Valid: 59.12%, Test: 59.07%, Best Valid: 66.70%, Best Test: 65.26%
Epoch: 400, Loss: 0.0317, Train: 64.14%, Valid: 62.68%, Test: 61.95%, Best Valid: 66.76%, Best Test: 66.05%
Epoch: 500, Loss: 0.0030, Train: 62.59%, Valid: 60.35%, Test: 59.16%, Best Valid: 66.76%, Best Test: 66.05%
Epoch: 600, Loss: 0.1451, Train: 63.97%, Valid: 61.68%, Test: 60.17%, Best Valid: 66.76%, Best Test: 66.05%
Epoch: 700, Loss: 0.0785, Train: 67.24%, Valid: 64.88%, Test: 64.12%, Best Valid: 66.76%, Best Test: 66.05%
Epoch: 800, Loss: 0.1689, Train: 63.97%, Valid: 61.95%, Test: 60.36%, Best Valid: 67.65%, Best Test: 66.14%
Epoch: 900, Loss: 0.0004, Train: 65.69%, Valid: 62.06%, Test: 61.28%, Best Valid: 67.65%, Best Test: 66.14%
Epoch: 1000, Loss: 0.0337, Train: 58.45%, Valid: 55.99%, Test: 55.00%, Best Valid: 67.65%, Best Test: 66.14%
Run 05:
Highest Train: 71.72
Highest Valid: 67.69
Highest Test: 66.14
Chosen epoch: 1067
Final Train: 70.86
Final Test: 65.20
Label budget: 5/class -> 50 train nodes
Computing oracle penalty matrix from true labels...
Oracle penalty matrix frozen.
Epoch: 00, Loss: 2.7538, Train: 8.62%, Valid: 9.63%, Test: 9.51%, Best Valid: 9.63%, Best Test: 9.51%
Switching Polynormer to global attention phase.
Epoch: 100, Loss: 2.3535, Train: 4.14%, Valid: 4.21%, Test: 4.21%, Best Valid: 62.97%, Best Test: 62.22%
Epoch: 200, Loss: 0.2278, Train: 66.38%, Valid: 64.73%, Test: 63.38%, Best Valid: 66.95%, Best Test: 66.15%
Epoch: 300, Loss: 0.0416, Train: 69.66%, Valid: 67.24%, Test: 66.07%, Best Valid: 68.85%, Best Test: 68.29%
Epoch: 400, Loss: 0.1848, Train: 70.52%, Valid: 68.71%, Test: 67.76%, Best Valid: 71.31%, Best Test: 70.02%
Epoch: 500, Loss: 0.1013, Train: 68.10%, Valid: 66.34%, Test: 65.18%, Best Valid: 71.31%, Best Test: 70.02%
Epoch: 600, Loss: 0.0010, Train: 72.07%, Valid: 69.76%, Test: 69.10%, Best Valid: 71.31%, Best Test: 70.02%
Epoch: 700, Loss: 0.0087, Train: 69.66%, Valid: 65.68%, Test: 65.50%, Best Valid: 71.31%, Best Test: 70.02%
Epoch: 800, Loss: 0.0222, Train: 70.69%, Valid: 67.10%, Test: 67.81%, Best Valid: 71.31%, Best Test: 70.02%
Epoch: 900, Loss: 0.0153, Train: 72.07%, Valid: 69.17%, Test: 68.48%, Best Valid: 71.31%, Best Test: 70.02%
Epoch: 1000, Loss: 0.0007, Train: 69.66%, Valid: 67.63%, Test: 67.85%, Best Valid: 71.31%, Best Test: 70.02%
Run 06:
Highest Train: 74.83
Highest Valid: 71.84
Highest Test: 71.27
Chosen epoch: 1081
Final Train: 73.62
Final Test: 70.87
Label budget: 5/class -> 50 train nodes
Computing oracle penalty matrix from true labels...
Oracle penalty matrix frozen.
Epoch: 00, Loss: 2.6856, Train: 10.52%, Valid: 10.14%, Test: 10.66%, Best Valid: 10.14%, Best Test: 10.66%
Switching Polynormer to global attention phase.
Epoch: 100, Loss: 2.3510, Train: 18.62%, Valid: 18.96%, Test: 18.85%, Best Valid: 68.28%, Best Test: 68.91%
Epoch: 200, Loss: 0.2251, Train: 72.24%, Valid: 66.70%, Test: 66.91%, Best Valid: 69.76%, Best Test: 69.32%
Epoch: 300, Loss: 0.0282, Train: 68.97%, Valid: 62.82%, Test: 63.23%, Best Valid: 70.21%, Best Test: 70.50%
Epoch: 400, Loss: 0.0128, Train: 72.59%, Valid: 67.31%, Test: 67.32%, Best Valid: 70.21%, Best Test: 70.50%
Epoch: 500, Loss: 0.0547, Train: 71.21%, Valid: 63.41%, Test: 63.67%, Best Valid: 70.21%, Best Test: 70.50%
Epoch: 600, Loss: 0.0215, Train: 74.31%, Valid: 67.63%, Test: 68.62%, Best Valid: 70.21%, Best Test: 70.50%
Epoch: 700, Loss: 0.0001, Train: 73.62%, Valid: 67.43%, Test: 68.34%, Best Valid: 70.21%, Best Test: 70.50%
Epoch: 800, Loss: 0.0001, Train: 71.55%, Valid: 67.48%, Test: 67.68%, Best Valid: 70.21%, Best Test: 70.50%
Epoch: 900, Loss: 0.0015, Train: 76.90%, Valid: 71.01%, Test: 70.72%, Best Valid: 71.48%, Best Test: 71.39%
Epoch: 1000, Loss: 0.0026, Train: 67.59%, Valid: 62.19%, Test: 62.60%, Best Valid: 71.48%, Best Test: 71.39%
Run 07:
Highest Train: 78.28
Highest Valid: 71.48
Highest Test: 71.40
Chosen epoch: 885
Final Train: 76.72
Final Test: 71.39
Label budget: 5/class -> 50 train nodes
Computing oracle penalty matrix from true labels...
Oracle penalty matrix frozen.
Epoch: 00, Loss: 2.7799, Train: 8.10%, Valid: 8.78%, Test: 9.44%, Best Valid: 8.78%, Best Test: 9.44%
Switching Polynormer to global attention phase.
Epoch: 100, Loss: 2.3232, Train: 13.10%, Valid: 11.96%, Test: 12.28%, Best Valid: 59.95%, Best Test: 58.25%
Epoch: 200, Loss: 0.3134, Train: 60.69%, Valid: 58.63%, Test: 57.21%, Best Valid: 59.95%, Best Test: 58.25%
Epoch: 300, Loss: 0.0823, Train: 58.45%, Valid: 57.32%, Test: 56.34%, Best Valid: 59.95%, Best Test: 58.25%
Epoch: 400, Loss: 0.1121, Train: 60.00%, Valid: 59.95%, Test: 58.18%, Best Valid: 62.61%, Best Test: 61.62%
Epoch: 500, Loss: 0.0164, Train: 59.31%, Valid: 56.16%, Test: 54.90%, Best Valid: 62.61%, Best Test: 61.62%
Epoch: 600, Loss: 0.0060, Train: 57.93%, Valid: 55.78%, Test: 54.87%, Best Valid: 62.61%, Best Test: 61.62%
Epoch: 700, Loss: 0.0305, Train: 57.41%, Valid: 54.11%, Test: 52.45%, Best Valid: 62.61%, Best Test: 61.62%
Epoch: 800, Loss: 0.1455, Train: 59.14%, Valid: 57.24%, Test: 56.08%, Best Valid: 62.61%, Best Test: 61.62%
Epoch: 900, Loss: 0.1011, Train: 58.97%, Valid: 59.71%, Test: 58.22%, Best Valid: 63.37%, Best Test: 62.24%
Epoch: 1000, Loss: 0.8986, Train: 55.00%, Valid: 53.43%, Test: 51.51%, Best Valid: 63.37%, Best Test: 62.24%
Run 08:
Highest Train: 66.38
Highest Valid: 63.37
Highest Test: 62.48
Chosen epoch: 821
Final Train: 65.86
Final Test: 62.24
Label budget: 5/class -> 50 train nodes
Computing oracle penalty matrix from true labels...
Oracle penalty matrix frozen.
Epoch: 00, Loss: 2.7583, Train: 5.69%, Valid: 5.67%, Test: 5.70%, Best Valid: 5.67%, Best Test: 5.70%
Switching Polynormer to global attention phase.
Epoch: 100, Loss: 2.3584, Train: 7.41%, Valid: 7.39%, Test: 7.39%, Best Valid: 64.24%, Best Test: 64.27%
Epoch: 200, Loss: 0.2175, Train: 67.24%, Valid: 61.77%, Test: 60.99%, Best Valid: 64.85%, Best Test: 63.26%
Epoch: 300, Loss: 0.0164, Train: 70.86%, Valid: 64.88%, Test: 64.55%, Best Valid: 65.60%, Best Test: 64.92%
Epoch: 400, Loss: 0.0421, Train: 65.69%, Valid: 59.94%, Test: 59.55%, Best Valid: 65.60%, Best Test: 64.92%
Epoch: 500, Loss: 0.0335, Train: 63.10%, Valid: 56.98%, Test: 57.02%, Best Valid: 65.60%, Best Test: 64.92%
Epoch: 600, Loss: 0.0413, Train: 67.93%, Valid: 60.73%, Test: 59.19%, Best Valid: 65.60%, Best Test: 64.92%
Epoch: 700, Loss: 0.0036, Train: 68.79%, Valid: 61.55%, Test: 60.60%, Best Valid: 65.60%, Best Test: 64.92%
Epoch: 800, Loss: 0.0535, Train: 65.17%, Valid: 59.48%, Test: 57.50%, Best Valid: 65.60%, Best Test: 64.92%
Epoch: 900, Loss: 0.0252, Train: 63.28%, Valid: 57.70%, Test: 56.25%, Best Valid: 65.60%, Best Test: 64.92%
Epoch: 1000, Loss: 0.1133, Train: 62.93%, Valid: 57.58%, Test: 56.82%, Best Valid: 65.60%, Best Test: 64.92%
Run 09:
Highest Train: 71.90
Highest Valid: 65.60
Highest Test: 65.74
Chosen epoch: 270
Final Train: 71.72
Final Test: 64.92
Label budget: 5/class -> 50 train nodes
Computing oracle penalty matrix from true labels...
Oracle penalty matrix frozen.
Epoch: 00, Loss: 2.7976, Train: 6.21%, Valid: 6.83%, Test: 6.64%, Best Valid: 6.83%, Best Test: 6.64%
Switching Polynormer to global attention phase.
Epoch: 100, Loss: 2.3171, Train: 7.24%, Valid: 7.09%, Test: 7.78%, Best Valid: 53.34%, Best Test: 53.65%
Epoch: 200, Loss: 0.1958, Train: 61.90%, Valid: 58.06%, Test: 57.91%, Best Valid: 61.79%, Best Test: 61.38%
Epoch: 300, Loss: 0.1103, Train: 60.34%, Valid: 56.96%, Test: 57.23%, Best Valid: 61.79%, Best Test: 61.38%
Epoch: 400, Loss: 0.0203, Train: 63.62%, Valid: 59.27%, Test: 60.10%, Best Valid: 61.79%, Best Test: 61.38%
Epoch: 500, Loss: 0.0298, Train: 58.10%, Valid: 54.08%, Test: 54.83%, Best Valid: 61.79%, Best Test: 61.38%
Epoch: 600, Loss: 0.0559, Train: 62.93%, Valid: 59.48%, Test: 59.12%, Best Valid: 61.79%, Best Test: 61.38%
Epoch: 700, Loss: 0.0357, Train: 61.38%, Valid: 56.47%, Test: 55.84%, Best Valid: 61.79%, Best Test: 61.38%
Epoch: 800, Loss: 0.0390, Train: 63.28%, Valid: 59.08%, Test: 59.79%, Best Valid: 61.79%, Best Test: 61.38%
Epoch: 900, Loss: 0.0766, Train: 65.00%, Valid: 58.53%, Test: 59.16%, Best Valid: 61.79%, Best Test: 61.38%
Epoch: 1000, Loss: 0.0437, Train: 56.72%, Valid: 51.29%, Test: 51.36%, Best Valid: 61.79%, Best Test: 61.38%
Run 10:
Highest Train: 66.03
Highest Valid: 61.79
Highest Test: 61.38
Chosen epoch: 198
Final Train: 64.14
Final Test: 61.38
All runs:
Highest Train: 71.62 ± 3.66
Highest Test: 67.26 ± 3.45
Highest Valid: 68.02 ± 3.44
  Final Train: 70.53 ± 3.69
   Final Test: 66.94 ± 3.51
Saving results to ../results/lowlabel/wikics/polynormer.csv
--- oracle_reg | lambda=0.05 ---
Namespace(aggregate='add', alpha=0.5, attention='gcn', beta=-1.0, bn=False, budget_tag='5', count_reg=False, count_smoothing=1.0, cpu=False, data_dir='../data/', dataset='wikics', device=0, dim_inner=512, display_step=100, dropout=0.5, epochs=500, global_dropout=None, global_epochs=1000, global_layers=2, gnn='gcn', graph_weight=0.8, hidden_channels=512, hops=10, in_dropout=0.5, jk=False, label_num_per_class=20, lambda_val=0.05, layers=1, ln=False, local_epochs=100, local_gnn_type='GCN', local_layers=7, lr=0.001, metric='acc', mlp_epochs=500, mlp_reg=False, model='polynormer', model_dir='models/lowlabel_1171808_283', n_heads=1, num_centroids=4096, num_heads=1, oracle_reg=True, paired_seeds=True, pe_types='RWSE', penalty_transform='none', pre_linear=False, pre_ln=False, rand_split=False, rand_split_class=False, reg_start_epoch=10, reg_update_freq=5, res=False, resample_split_per_run=False, result_dir='../results/lowlabel', runs=10, save_model=True, save_result=False, seed=42, test_num=1000, tr_dropout=None, tr_layers=1, tr_weight_decay=None, train_per_class=5, train_prop=0.5, use_act=False, use_bn=False, use_graph=False, use_reg=True, use_residual=False, use_weight=False, valid_num=500, valid_per_class=0, valid_prop=0.25, weight_decay=0.0)
wikics
dataset wikics | num nodes 11701 | num edge 431726 | num node feats 300 | num classes 10
MODEL: Polynormer(
  (h_lins): ModuleList(
    (0): Linear(in_features=512, out_features=512, bias=True)
    (1): Linear(in_features=512, out_features=512, bias=True)
    (2): Linear(in_features=512, out_features=512, bias=True)
    (3): Linear(in_features=512, out_features=512, bias=True)
    (4): Linear(in_features=512, out_features=512, bias=True)
    (5): Linear(in_features=512, out_features=512, bias=True)
    (6): Linear(in_features=512, out_features=512, bias=True)
  )
  (local_convs): ModuleList(
    (0): GATConv(512, 512, heads=1)
    (1): GATConv(512, 512, heads=1)
    (2): GATConv(512, 512, heads=1)
    (3): GATConv(512, 512, heads=1)
    (4): GATConv(512, 512, heads=1)
    (5): GATConv(512, 512, heads=1)
    (6): GATConv(512, 512, heads=1)
  )
  (lins): ModuleList(
    (0): Linear(in_features=512, out_features=512, bias=True)
    (1): Linear(in_features=512, out_features=512, bias=True)
    (2): Linear(in_features=512, out_features=512, bias=True)
    (3): Linear(in_features=512, out_features=512, bias=True)
    (4): Linear(in_features=512, out_features=512, bias=True)
    (5): Linear(in_features=512, out_features=512, bias=True)
    (6): Linear(in_features=512, out_features=512, bias=True)
  )
  (lns): ModuleList(
    (0): LayerNorm((512,), eps=1e-05, elementwise_affine=True)
    (1): LayerNorm((512,), eps=1e-05, elementwise_affine=True)
    (2): LayerNorm((512,), eps=1e-05, elementwise_affine=True)
    (3): LayerNorm((512,), eps=1e-05, elementwise_affine=True)
    (4): LayerNorm((512,), eps=1e-05, elementwise_affine=True)
    (5): LayerNorm((512,), eps=1e-05, elementwise_affine=True)
    (6): LayerNorm((512,), eps=1e-05, elementwise_affine=True)
  )
  (lin_in): Linear(in_features=300, out_features=512, bias=True)
  (ln): LayerNorm((512,), eps=1e-05, elementwise_affine=True)
  (global_attn): GlobalAttn(
    (h_lins): ModuleList(
      (0): Linear(in_features=512, out_features=512, bias=True)
      (1): Linear(in_features=512, out_features=512, bias=True)
    )
    (k_lins): ModuleList(
      (0): Linear(in_features=512, out_features=512, bias=True)
      (1): Linear(in_features=512, out_features=512, bias=True)
    )
    (v_lins): ModuleList(
      (0): Linear(in_features=512, out_features=512, bias=True)
      (1): Linear(in_features=512, out_features=512, bias=True)
    )
    (lns): ModuleList(
      (0): LayerNorm((512,), eps=1e-05, elementwise_affine=True)
      (1): LayerNorm((512,), eps=1e-05, elementwise_affine=True)
    )
    (lin_out): Linear(in_features=512, out_features=512, bias=True)
  )
  (pred_local): Linear(in_features=512, out_features=10, bias=True)
  (pred_global): Linear(in_features=512, out_features=10, bias=True)
)
Label budget: 5/class -> 50 train nodes
Computing oracle penalty matrix from true labels...
Oracle penalty matrix frozen.
Epoch: 00, Loss: 2.9450, Train: 4.31%, Valid: 4.29%, Test: 4.70%, Best Valid: 4.29%, Best Test: 4.70%
Switching Polynormer to global attention phase.
Epoch: 100, Loss: 2.4644, Train: 18.45%, Valid: 18.39%, Test: 18.40%, Best Valid: 61.83%, Best Test: 61.36%
Epoch: 200, Loss: 0.0694, Train: 70.17%, Valid: 67.18%, Test: 66.55%, Best Valid: 69.66%, Best Test: 68.14%
Epoch: 300, Loss: 0.0302, Train: 68.79%, Valid: 67.05%, Test: 67.57%, Best Valid: 70.91%, Best Test: 69.44%
Epoch: 400, Loss: 0.0028, Train: 70.69%, Valid: 68.20%, Test: 68.17%, Best Valid: 70.91%, Best Test: 69.44%
Epoch: 500, Loss: 0.3145, Train: 66.90%, Valid: 64.24%, Test: 63.95%, Best Valid: 70.91%, Best Test: 69.44%
Epoch: 600, Loss: 0.0004, Train: 65.52%, Valid: 62.40%, Test: 63.21%, Best Valid: 70.91%, Best Test: 69.44%
Epoch: 700, Loss: 0.1982, Train: 63.45%, Valid: 61.70%, Test: 61.19%, Best Valid: 70.91%, Best Test: 69.44%
Epoch: 800, Loss: 0.0059, Train: 68.10%, Valid: 67.44%, Test: 66.89%, Best Valid: 70.91%, Best Test: 69.44%
Epoch: 900, Loss: 0.0065, Train: 68.10%, Valid: 65.21%, Test: 64.24%, Best Valid: 70.91%, Best Test: 69.44%
Epoch: 1000, Loss: 0.0002, Train: 69.48%, Valid: 67.52%, Test: 67.66%, Best Valid: 70.91%, Best Test: 69.44%
Run 01:
Highest Train: 74.14
Highest Valid: 70.91
Highest Test: 71.01
Chosen epoch: 253
Final Train: 71.90
Final Test: 69.44
Label budget: 5/class -> 50 train nodes
Computing oracle penalty matrix from true labels...
Oracle penalty matrix frozen.
Epoch: 00, Loss: 3.0701, Train: 18.62%, Valid: 18.85%, Test: 18.90%, Best Valid: 18.85%, Best Test: 18.90%
Switching Polynormer to global attention phase.
Epoch: 100, Loss: 2.4484, Train: 22.93%, Valid: 22.89%, Test: 22.90%, Best Valid: 67.35%, Best Test: 64.94%
Epoch: 200, Loss: 0.3205, Train: 64.66%, Valid: 64.01%, Test: 62.90%, Best Valid: 71.20%, Best Test: 69.52%
Epoch: 300, Loss: 0.6319, Train: 68.79%, Valid: 67.75%, Test: 66.34%, Best Valid: 71.20%, Best Test: 69.52%
Epoch: 400, Loss: 0.0043, Train: 65.00%, Valid: 63.75%, Test: 63.08%, Best Valid: 71.20%, Best Test: 69.52%
Epoch: 500, Loss: 0.2108, Train: 63.79%, Valid: 63.59%, Test: 62.89%, Best Valid: 71.20%, Best Test: 69.52%
Epoch: 600, Loss: 0.1928, Train: 65.34%, Valid: 64.35%, Test: 63.57%, Best Valid: 71.20%, Best Test: 69.52%
Epoch: 700, Loss: 0.0198, Train: 66.21%, Valid: 65.23%, Test: 63.40%, Best Valid: 71.20%, Best Test: 69.52%
Epoch: 800, Loss: 0.0818, Train: 66.55%, Valid: 65.59%, Test: 63.95%, Best Valid: 71.20%, Best Test: 69.52%
Epoch: 900, Loss: 0.1332, Train: 65.17%, Valid: 63.97%, Test: 62.72%, Best Valid: 71.20%, Best Test: 69.52%
Epoch: 1000, Loss: 0.0146, Train: 68.28%, Valid: 68.35%, Test: 66.63%, Best Valid: 71.20%, Best Test: 69.52%
Run 02:
Highest Train: 72.07
Highest Valid: 71.20
Highest Test: 69.71
Chosen epoch: 187
Final Train: 70.34
Final Test: 69.52
Label budget: 5/class -> 50 train nodes
Computing oracle penalty matrix from true labels...
Oracle penalty matrix frozen.
Epoch: 00, Loss: 2.7304, Train: 12.07%, Valid: 11.93%, Test: 11.99%, Best Valid: 11.93%, Best Test: 11.99%
Switching Polynormer to global attention phase.
Epoch: 100, Loss: 2.4217, Train: 22.93%, Valid: 22.89%, Test: 22.90%, Best Valid: 69.53%, Best Test: 68.46%
Epoch: 200, Loss: 0.2905, Train: 66.55%, Valid: 64.45%, Test: 63.13%, Best Valid: 69.53%, Best Test: 68.46%
Epoch: 300, Loss: 0.0296, Train: 62.59%, Valid: 60.13%, Test: 59.40%, Best Valid: 70.38%, Best Test: 68.75%
Epoch: 400, Loss: 0.0505, Train: 62.76%, Valid: 58.82%, Test: 57.70%, Best Valid: 70.38%, Best Test: 68.75%
Epoch: 500, Loss: 0.2667, Train: 62.93%, Valid: 58.29%, Test: 56.49%, Best Valid: 70.38%, Best Test: 68.75%
Epoch: 600, Loss: 0.1668, Train: 70.69%, Valid: 69.91%, Test: 68.92%, Best Valid: 70.38%, Best Test: 68.75%
Epoch: 700, Loss: 0.0053, Train: 66.03%, Valid: 64.58%, Test: 63.38%, Best Valid: 70.38%, Best Test: 68.75%
Epoch: 800, Loss: 0.0051, Train: 72.76%, Valid: 69.07%, Test: 68.36%, Best Valid: 71.98%, Best Test: 71.22%
Epoch: 900, Loss: 0.0025, Train: 68.79%, Valid: 67.22%, Test: 66.03%, Best Valid: 71.98%, Best Test: 71.22%
Epoch: 1000, Loss: 0.1691, Train: 68.10%, Valid: 64.62%, Test: 64.31%, Best Valid: 71.98%, Best Test: 71.22%
Run 03:
Highest Train: 73.45
Highest Valid: 71.98
Highest Test: 71.34
Chosen epoch: 794
Final Train: 72.76
Final Test: 71.22
Label budget: 5/class -> 50 train nodes
Computing oracle penalty matrix from true labels...
Oracle penalty matrix frozen.
Epoch: 00, Loss: 2.6959, Train: 15.17%, Valid: 15.04%, Test: 14.83%, Best Valid: 15.04%, Best Test: 14.83%
Switching Polynormer to global attention phase.
Epoch: 100, Loss: 2.4503, Train: 16.55%, Valid: 16.48%, Test: 16.50%, Best Valid: 68.49%, Best Test: 67.98%
Epoch: 200, Loss: 0.0941, Train: 65.00%, Valid: 61.60%, Test: 61.11%, Best Valid: 69.76%, Best Test: 68.48%
Epoch: 300, Loss: 0.2789, Train: 55.34%, Valid: 53.36%, Test: 51.92%, Best Valid: 69.76%, Best Test: 68.48%
Epoch: 400, Loss: 0.2332, Train: 60.00%, Valid: 55.25%, Test: 54.81%, Best Valid: 69.76%, Best Test: 68.48%
Epoch: 500, Loss: 0.0358, Train: 63.62%, Valid: 60.90%, Test: 59.55%, Best Valid: 69.76%, Best Test: 68.48%
Epoch: 600, Loss: 0.0173, Train: 66.90%, Valid: 64.58%, Test: 63.64%, Best Valid: 69.76%, Best Test: 68.48%
Epoch: 700, Loss: 0.0019, Train: 66.55%, Valid: 65.42%, Test: 64.92%, Best Valid: 69.76%, Best Test: 68.48%
Epoch: 800, Loss: 0.0212, Train: 62.76%, Valid: 60.58%, Test: 60.20%, Best Valid: 69.76%, Best Test: 68.48%
Epoch: 900, Loss: 0.0163, Train: 63.10%, Valid: 60.58%, Test: 59.71%, Best Valid: 69.76%, Best Test: 68.48%
Epoch: 1000, Loss: 0.2954, Train: 60.17%, Valid: 56.41%, Test: 56.27%, Best Valid: 69.76%, Best Test: 68.48%
Run 04:
Highest Train: 72.59
Highest Valid: 69.76
Highest Test: 68.48
Chosen epoch: 156
Final Train: 72.59
Final Test: 68.48
Label budget: 5/class -> 50 train nodes
Computing oracle penalty matrix from true labels...
Oracle penalty matrix frozen.
Epoch: 00, Loss: 3.0443, Train: 13.97%, Valid: 14.52%, Test: 14.76%, Best Valid: 14.52%, Best Test: 14.76%
Switching Polynormer to global attention phase.
Epoch: 100, Loss: 2.4636, Train: 4.14%, Valid: 4.21%, Test: 4.21%, Best Valid: 59.10%, Best Test: 58.75%
Epoch: 200, Loss: 0.4485, Train: 64.48%, Valid: 63.14%, Test: 62.22%, Best Valid: 65.89%, Best Test: 65.20%
Epoch: 300, Loss: 0.0778, Train: 68.45%, Valid: 66.42%, Test: 65.55%, Best Valid: 66.42%, Best Test: 65.55%
Epoch: 400, Loss: 0.0368, Train: 69.48%, Valid: 66.95%, Test: 66.26%, Best Valid: 68.58%, Best Test: 66.50%
Epoch: 500, Loss: 0.0726, Train: 65.00%, Valid: 60.85%, Test: 60.82%, Best Valid: 68.73%, Best Test: 67.76%
Epoch: 600, Loss: 0.1663, Train: 66.55%, Valid: 65.66%, Test: 64.70%, Best Valid: 68.83%, Best Test: 67.73%
Epoch: 700, Loss: 0.2467, Train: 68.45%, Valid: 65.85%, Test: 64.82%, Best Valid: 69.61%, Best Test: 67.78%
Epoch: 800, Loss: 0.1068, Train: 63.79%, Valid: 63.86%, Test: 62.36%, Best Valid: 69.61%, Best Test: 67.78%
Epoch: 900, Loss: 0.1939, Train: 66.72%, Valid: 65.32%, Test: 65.14%, Best Valid: 70.55%, Best Test: 69.76%
Epoch: 1000, Loss: 0.0025, Train: 67.07%, Valid: 65.40%, Test: 64.75%, Best Valid: 70.55%, Best Test: 69.76%
Run 05:
Highest Train: 73.28
Highest Valid: 72.30
Highest Test: 70.96
Chosen epoch: 1061
Final Train: 73.10
Final Test: 70.55
Label budget: 5/class -> 50 train nodes
Computing oracle penalty matrix from true labels...
Oracle penalty matrix frozen.
Epoch: 00, Loss: 2.8629, Train: 8.97%, Valid: 9.90%, Test: 9.80%, Best Valid: 9.90%, Best Test: 9.80%
Switching Polynormer to global attention phase.
Epoch: 100, Loss: 2.4190, Train: 4.14%, Valid: 4.21%, Test: 4.21%, Best Valid: 61.57%, Best Test: 60.61%
Epoch: 200, Loss: 0.2123, Train: 65.17%, Valid: 63.61%, Test: 62.53%, Best Valid: 67.82%, Best Test: 67.11%
Epoch: 300, Loss: 0.2033, Train: 70.17%, Valid: 66.04%, Test: 66.24%, Best Valid: 68.43%, Best Test: 67.88%
Epoch: 400, Loss: 0.0076, Train: 71.21%, Valid: 68.56%, Test: 68.15%, Best Valid: 70.53%, Best Test: 69.44%
Epoch: 500, Loss: 0.0926, Train: 67.59%, Valid: 64.07%, Test: 63.86%, Best Valid: 70.53%, Best Test: 69.44%
Epoch: 600, Loss: 0.0725, Train: 70.17%, Valid: 67.10%, Test: 66.60%, Best Valid: 70.53%, Best Test: 69.44%
Epoch: 700, Loss: 0.0004, Train: 67.24%, Valid: 64.37%, Test: 63.45%, Best Valid: 71.63%, Best Test: 70.69%
Epoch: 800, Loss: 0.0056, Train: 68.10%, Valid: 64.98%, Test: 63.50%, Best Valid: 71.63%, Best Test: 70.69%
Epoch: 900, Loss: 0.1209, Train: 72.07%, Valid: 70.29%, Test: 70.24%, Best Valid: 71.63%, Best Test: 70.69%
Epoch: 1000, Loss: 0.0046, Train: 66.72%, Valid: 64.49%, Test: 62.37%, Best Valid: 71.63%, Best Test: 70.69%
Run 06:
Highest Train: 75.86
Highest Valid: 71.63
Highest Test: 70.81
Chosen epoch: 679
Final Train: 74.83
Final Test: 70.69
Label budget: 5/class -> 50 train nodes
Computing oracle penalty matrix from true labels...
Oracle penalty matrix frozen.
Epoch: 00, Loss: 2.7919, Train: 11.21%, Valid: 10.73%, Test: 11.19%, Best Valid: 10.73%, Best Test: 11.19%
Switching Polynormer to global attention phase.
Epoch: 100, Loss: 2.4262, Train: 18.62%, Valid: 18.60%, Test: 18.81%, Best Valid: 69.47%, Best Test: 70.05%
Epoch: 200, Loss: 0.1534, Train: 73.45%, Valid: 65.42%, Test: 65.49%, Best Valid: 69.47%, Best Test: 70.05%
Epoch: 300, Loss: 0.0172, Train: 72.76%, Valid: 68.13%, Test: 68.24%, Best Valid: 69.47%, Best Test: 70.05%
Epoch: 400, Loss: 0.0231, Train: 75.52%, Valid: 68.87%, Test: 70.02%, Best Valid: 70.33%, Best Test: 70.94%
Epoch: 500, Loss: 0.3296, Train: 70.86%, Valid: 63.92%, Test: 64.14%, Best Valid: 70.33%, Best Test: 70.94%
Epoch: 600, Loss: 0.0013, Train: 71.90%, Valid: 65.11%, Test: 65.91%, Best Valid: 70.33%, Best Test: 70.94%
Epoch: 700, Loss: 0.0007, Train: 73.62%, Valid: 69.04%, Test: 69.06%, Best Valid: 70.33%, Best Test: 70.94%
Epoch: 800, Loss: 0.0034, Train: 76.03%, Valid: 69.40%, Test: 69.81%, Best Valid: 70.33%, Best Test: 70.94%
Epoch: 900, Loss: 0.0050, Train: 70.34%, Valid: 64.14%, Test: 64.34%, Best Valid: 70.33%, Best Test: 70.94%
Epoch: 1000, Loss: 0.0000, Train: 71.38%, Valid: 65.24%, Test: 65.98%, Best Valid: 70.33%, Best Test: 70.94%
Run 07:
Highest Train: 77.07
Highest Valid: 70.33
Highest Test: 70.94
Chosen epoch: 372
Final Train: 77.07
Final Test: 70.94
Label budget: 5/class -> 50 train nodes
Computing oracle penalty matrix from true labels...
Oracle penalty matrix frozen.
Epoch: 00, Loss: 2.8900, Train: 8.28%, Valid: 9.06%, Test: 9.51%, Best Valid: 9.06%, Best Test: 9.51%
Switching Polynormer to global attention phase.
Epoch: 100, Loss: 2.4359, Train: 6.72%, Valid: 6.66%, Test: 6.67%, Best Valid: 60.64%, Best Test: 59.88%
Epoch: 200, Loss: 0.4105, Train: 56.72%, Valid: 54.04%, Test: 53.39%, Best Valid: 61.59%, Best Test: 61.47%
Epoch: 300, Loss: 0.0949, Train: 56.55%, Valid: 54.63%, Test: 53.79%, Best Valid: 61.59%, Best Test: 61.47%
Epoch: 400, Loss: 0.2024, Train: 53.62%, Valid: 52.03%, Test: 50.85%, Best Valid: 61.59%, Best Test: 61.47%
Epoch: 500, Loss: 0.0365, Train: 57.59%, Valid: 55.08%, Test: 54.59%, Best Valid: 61.59%, Best Test: 61.47%
Epoch: 600, Loss: 0.2345, Train: 56.55%, Valid: 55.02%, Test: 54.32%, Best Valid: 61.59%, Best Test: 61.47%
Epoch: 700, Loss: 0.0207, Train: 54.83%, Valid: 52.71%, Test: 51.91%, Best Valid: 61.59%, Best Test: 61.47%
Epoch: 800, Loss: 0.1488, Train: 60.00%, Valid: 57.19%, Test: 57.21%, Best Valid: 61.59%, Best Test: 61.47%
Epoch: 900, Loss: 0.0489, Train: 54.83%, Valid: 53.64%, Test: 51.99%, Best Valid: 61.59%, Best Test: 61.47%
Epoch: 1000, Loss: 0.0009, Train: 54.66%, Valid: 53.36%, Test: 53.19%, Best Valid: 61.59%, Best Test: 61.47%
Run 08:
Highest Train: 63.79
Highest Valid: 61.60
Highest Test: 61.47
Chosen epoch: 1097
Final Train: 62.76
Final Test: 60.06
Label budget: 5/class -> 50 train nodes
Computing oracle penalty matrix from true labels...
Oracle penalty matrix frozen.
Epoch: 00, Loss: 2.8675, Train: 6.21%, Valid: 6.41%, Test: 6.21%, Best Valid: 6.41%, Best Test: 6.21%
Switching Polynormer to global attention phase.
Epoch: 100, Loss: 2.4479, Train: 7.41%, Valid: 7.39%, Test: 7.39%, Best Valid: 58.51%, Best Test: 57.88%
Epoch: 200, Loss: 0.0551, Train: 66.38%, Valid: 59.58%, Test: 59.71%, Best Valid: 62.48%, Best Test: 61.95%
Epoch: 300, Loss: 0.0574, Train: 57.76%, Valid: 52.98%, Test: 51.70%, Best Valid: 65.15%, Best Test: 65.40%
Epoch: 400, Loss: 0.0004, Train: 65.52%, Valid: 58.36%, Test: 57.36%, Best Valid: 65.38%, Best Test: 65.13%
Epoch: 500, Loss: 0.3492, Train: 60.86%, Valid: 53.26%, Test: 52.44%, Best Valid: 65.38%, Best Test: 65.13%
Epoch: 600, Loss: 0.0115, Train: 65.52%, Valid: 60.31%, Test: 58.85%, Best Valid: 65.38%, Best Test: 65.13%
Epoch: 700, Loss: 0.0003, Train: 68.62%, Valid: 62.27%, Test: 60.63%, Best Valid: 65.38%, Best Test: 65.13%
Epoch: 800, Loss: 0.0807, Train: 61.90%, Valid: 56.01%, Test: 55.38%, Best Valid: 65.38%, Best Test: 65.13%
Epoch: 900, Loss: 0.0071, Train: 68.79%, Valid: 62.84%, Test: 61.26%, Best Valid: 65.38%, Best Test: 65.13%
Epoch: 1000, Loss: 0.0147, Train: 67.93%, Valid: 60.71%, Test: 59.77%, Best Valid: 65.38%, Best Test: 65.13%
Run 09:
Highest Train: 73.97
Highest Valid: 65.38
Highest Test: 65.40
Chosen epoch: 356
Final Train: 73.97
Final Test: 65.13
Label budget: 5/class -> 50 train nodes
Computing oracle penalty matrix from true labels...
Oracle penalty matrix frozen.
Epoch: 00, Loss: 2.9084, Train: 7.07%, Valid: 6.88%, Test: 6.98%, Best Valid: 6.88%, Best Test: 6.98%
Switching Polynormer to global attention phase.
Epoch: 100, Loss: 2.3923, Train: 16.55%, Valid: 16.51%, Test: 16.52%, Best Valid: 58.34%, Best Test: 58.70%
Epoch: 200, Loss: 0.2596, Train: 57.24%, Valid: 53.01%, Test: 53.77%, Best Valid: 59.97%, Best Test: 59.30%
Epoch: 300, Loss: 0.1501, Train: 56.38%, Valid: 49.28%, Test: 50.13%, Best Valid: 59.97%, Best Test: 59.30%
Epoch: 400, Loss: 0.0004, Train: 51.55%, Valid: 50.17%, Test: 49.70%, Best Valid: 59.97%, Best Test: 59.30%
Epoch: 500, Loss: 0.0051, Train: 62.41%, Valid: 57.45%, Test: 57.05%, Best Valid: 59.97%, Best Test: 59.30%
Epoch: 600, Loss: 0.0082, Train: 58.79%, Valid: 55.54%, Test: 55.21%, Best Valid: 59.97%, Best Test: 59.30%
Epoch: 700, Loss: 0.0037, Train: 55.52%, Valid: 53.34%, Test: 53.57%, Best Valid: 59.97%, Best Test: 59.30%
Epoch: 800, Loss: 0.0448, Train: 60.52%, Valid: 57.03%, Test: 57.52%, Best Valid: 59.97%, Best Test: 59.30%
Epoch: 900, Loss: 0.1648, Train: 57.24%, Valid: 53.01%, Test: 53.09%, Best Valid: 59.97%, Best Test: 59.30%
Epoch: 1000, Loss: 0.1208, Train: 56.38%, Valid: 54.21%, Test: 54.47%, Best Valid: 59.97%, Best Test: 59.30%
Run 10:
Highest Train: 65.17
Highest Valid: 59.97
Highest Test: 59.42
Chosen epoch: 186
Final Train: 64.66
Final Test: 59.30
All runs:
Highest Train: 72.14 ± 4.31
Highest Test: 67.95 ± 4.37
Highest Valid: 68.51 ± 4.53
  Final Train: 71.40 ± 4.45
   Final Test: 67.53 ± 4.50
Saving results to ../results/lowlabel/wikics/polynormer.csv
--- oracle_reg | lambda=0.1 ---
Namespace(aggregate='add', alpha=0.5, attention='gcn', beta=-1.0, bn=False, budget_tag='5', count_reg=False, count_smoothing=1.0, cpu=False, data_dir='../data/', dataset='wikics', device=0, dim_inner=512, display_step=100, dropout=0.5, epochs=500, global_dropout=None, global_epochs=1000, global_layers=2, gnn='gcn', graph_weight=0.8, hidden_channels=512, hops=10, in_dropout=0.5, jk=False, label_num_per_class=20, lambda_val=0.1, layers=1, ln=False, local_epochs=100, local_gnn_type='GCN', local_layers=7, lr=0.001, metric='acc', mlp_epochs=500, mlp_reg=False, model='polynormer', model_dir='models/lowlabel_1171808_283', n_heads=1, num_centroids=4096, num_heads=1, oracle_reg=True, paired_seeds=True, pe_types='RWSE', penalty_transform='none', pre_linear=False, pre_ln=False, rand_split=False, rand_split_class=False, reg_start_epoch=10, reg_update_freq=5, res=False, resample_split_per_run=False, result_dir='../results/lowlabel', runs=10, save_model=True, save_result=False, seed=42, test_num=1000, tr_dropout=None, tr_layers=1, tr_weight_decay=None, train_per_class=5, train_prop=0.5, use_act=False, use_bn=False, use_graph=False, use_reg=True, use_residual=False, use_weight=False, valid_num=500, valid_per_class=0, valid_prop=0.25, weight_decay=0.0)
wikics
dataset wikics | num nodes 11701 | num edge 431726 | num node feats 300 | num classes 10
MODEL: Polynormer(
  (h_lins): ModuleList(
    (0): Linear(in_features=512, out_features=512, bias=True)
    (1): Linear(in_features=512, out_features=512, bias=True)
    (2): Linear(in_features=512, out_features=512, bias=True)
    (3): Linear(in_features=512, out_features=512, bias=True)
    (4): Linear(in_features=512, out_features=512, bias=True)
    (5): Linear(in_features=512, out_features=512, bias=True)
    (6): Linear(in_features=512, out_features=512, bias=True)
  )
  (local_convs): ModuleList(
    (0): GATConv(512, 512, heads=1)
    (1): GATConv(512, 512, heads=1)
    (2): GATConv(512, 512, heads=1)
    (3): GATConv(512, 512, heads=1)
    (4): GATConv(512, 512, heads=1)
    (5): GATConv(512, 512, heads=1)
    (6): GATConv(512, 512, heads=1)
  )
  (lins): ModuleList(
    (0): Linear(in_features=512, out_features=512, bias=True)
    (1): Linear(in_features=512, out_features=512, bias=True)
    (2): Linear(in_features=512, out_features=512, bias=True)
    (3): Linear(in_features=512, out_features=512, bias=True)
    (4): Linear(in_features=512, out_features=512, bias=True)
    (5): Linear(in_features=512, out_features=512, bias=True)
    (6): Linear(in_features=512, out_features=512, bias=True)
  )
  (lns): ModuleList(
    (0): LayerNorm((512,), eps=1e-05, elementwise_affine=True)
    (1): LayerNorm((512,), eps=1e-05, elementwise_affine=True)
    (2): LayerNorm((512,), eps=1e-05, elementwise_affine=True)
    (3): LayerNorm((512,), eps=1e-05, elementwise_affine=True)
    (4): LayerNorm((512,), eps=1e-05, elementwise_affine=True)
    (5): LayerNorm((512,), eps=1e-05, elementwise_affine=True)
    (6): LayerNorm((512,), eps=1e-05, elementwise_affine=True)
  )
  (lin_in): Linear(in_features=300, out_features=512, bias=True)
  (ln): LayerNorm((512,), eps=1e-05, elementwise_affine=True)
  (global_attn): GlobalAttn(
    (h_lins): ModuleList(
      (0): Linear(in_features=512, out_features=512, bias=True)
      (1): Linear(in_features=512, out_features=512, bias=True)
    )
    (k_lins): ModuleList(
      (0): Linear(in_features=512, out_features=512, bias=True)
      (1): Linear(in_features=512, out_features=512, bias=True)
    )
    (v_lins): ModuleList(
      (0): Linear(in_features=512, out_features=512, bias=True)
      (1): Linear(in_features=512, out_features=512, bias=True)
    )
    (lns): ModuleList(
      (0): LayerNorm((512,), eps=1e-05, elementwise_affine=True)
      (1): LayerNorm((512,), eps=1e-05, elementwise_affine=True)
    )
    (lin_out): Linear(in_features=512, out_features=512, bias=True)
  )
  (pred_local): Linear(in_features=512, out_features=10, bias=True)
  (pred_global): Linear(in_features=512, out_features=10, bias=True)
)
Label budget: 5/class -> 50 train nodes
Computing oracle penalty matrix from true labels...
Oracle penalty matrix frozen.
Epoch: 00, Loss: 3.0852, Train: 4.48%, Valid: 4.34%, Test: 4.86%, Best Valid: 4.34%, Best Test: 4.86%
Switching Polynormer to global attention phase.
Epoch: 100, Loss: 2.5597, Train: 5.69%, Valid: 5.71%, Test: 5.70%, Best Valid: 66.00%, Best Test: 65.02%
Epoch: 200, Loss: 0.1185, Train: 69.14%, Valid: 67.03%, Test: 66.12%, Best Valid: 69.61%, Best Test: 68.86%
Epoch: 300, Loss: 0.0121, Train: 68.79%, Valid: 65.93%, Test: 65.21%, Best Valid: 70.53%, Best Test: 69.23%
Epoch: 400, Loss: 0.0250, Train: 72.93%, Valid: 70.78%, Test: 70.46%, Best Valid: 70.78%, Best Test: 70.51%
Epoch: 500, Loss: 0.0504, Train: 73.28%, Valid: 70.35%, Test: 70.16%, Best Valid: 71.43%, Best Test: 70.46%
Epoch: 600, Loss: 0.0378, Train: 64.48%, Valid: 62.42%, Test: 61.16%, Best Valid: 72.30%, Best Test: 71.10%
Epoch: 700, Loss: 0.0206, Train: 72.24%, Valid: 70.02%, Test: 70.31%, Best Valid: 72.90%, Best Test: 71.87%
Epoch: 800, Loss: 0.1126, Train: 68.62%, Valid: 65.24%, Test: 65.33%, Best Valid: 72.90%, Best Test: 71.87%
Epoch: 900, Loss: 0.1959, Train: 65.69%, Valid: 60.31%, Test: 60.83%, Best Valid: 72.90%, Best Test: 71.87%
Epoch: 1000, Loss: 0.1595, Train: 69.31%, Valid: 65.93%, Test: 65.33%, Best Valid: 72.90%, Best Test: 71.87%
Run 01:
Highest Train: 75.00
Highest Valid: 72.90
Highest Test: 72.02
Chosen epoch: 615
Final Train: 74.31
Final Test: 71.87
Label budget: 5/class -> 50 train nodes
Computing oracle penalty matrix from true labels...
Oracle penalty matrix frozen.
Epoch: 00, Loss: 3.2163, Train: 19.14%, Valid: 20.06%, Test: 19.89%, Best Valid: 20.06%, Best Test: 19.89%
Switching Polynormer to global attention phase.
Epoch: 100, Loss: 2.5165, Train: 10.69%, Valid: 10.30%, Test: 10.88%, Best Valid: 66.88%, Best Test: 64.79%
Epoch: 200, Loss: 0.1811, Train: 65.34%, Valid: 63.61%, Test: 62.63%, Best Valid: 68.35%, Best Test: 67.44%
Epoch: 300, Loss: 0.0967, Train: 66.21%, Valid: 66.80%, Test: 65.11%, Best Valid: 68.45%, Best Test: 67.47%
Epoch: 400, Loss: 0.0022, Train: 66.90%, Valid: 65.93%, Test: 65.13%, Best Valid: 70.78%, Best Test: 69.35%
Epoch: 500, Loss: 0.0490, Train: 60.52%, Valid: 60.43%, Test: 58.35%, Best Valid: 70.78%, Best Test: 69.35%
Epoch: 600, Loss: 0.0106, Train: 66.21%, Valid: 65.28%, Test: 64.12%, Best Valid: 70.78%, Best Test: 69.35%
Epoch: 700, Loss: 0.0044, Train: 63.97%, Valid: 63.31%, Test: 62.58%, Best Valid: 70.78%, Best Test: 69.35%
Epoch: 800, Loss: 0.0196, Train: 65.00%, Valid: 65.07%, Test: 63.66%, Best Valid: 70.78%, Best Test: 69.35%
Epoch: 900, Loss: 0.0151, Train: 68.79%, Valid: 68.20%, Test: 66.17%, Best Valid: 70.78%, Best Test: 69.35%
Epoch: 1000, Loss: 0.1626, Train: 68.10%, Valid: 64.01%, Test: 62.53%, Best Valid: 70.78%, Best Test: 69.35%
Run 02:
Highest Train: 73.79
Highest Valid: 70.78
Highest Test: 69.35
Chosen epoch: 331
Final Train: 72.24
Final Test: 69.35
Label budget: 5/class -> 50 train nodes
Computing oracle penalty matrix from true labels...
Oracle penalty matrix frozen.
Epoch: 00, Loss: 2.8604, Train: 14.31%, Valid: 13.59%, Test: 13.39%, Best Valid: 13.59%, Best Test: 13.39%
Switching Polynormer to global attention phase.
Epoch: 100, Loss: 2.5757, Train: 17.41%, Valid: 17.37%, Test: 17.19%, Best Valid: 67.86%, Best Test: 67.30%
Epoch: 200, Loss: 0.0996, Train: 65.00%, Valid: 61.60%, Test: 60.54%, Best Valid: 68.64%, Best Test: 67.30%
Epoch: 300, Loss: 0.0100, Train: 67.41%, Valid: 66.63%, Test: 65.40%, Best Valid: 69.47%, Best Test: 68.38%
Epoch: 400, Loss: 0.0959, Train: 68.10%, Valid: 65.45%, Test: 64.75%, Best Valid: 70.52%, Best Test: 68.63%
Epoch: 500, Loss: 0.0058, Train: 63.79%, Valid: 62.34%, Test: 60.89%, Best Valid: 70.52%, Best Test: 68.63%
Epoch: 600, Loss: 0.0045, Train: 65.52%, Valid: 64.05%, Test: 63.62%, Best Valid: 70.52%, Best Test: 68.63%
Epoch: 700, Loss: 0.0148, Train: 62.07%, Valid: 59.75%, Test: 57.74%, Best Valid: 70.52%, Best Test: 68.63%
Epoch: 800, Loss: 0.0001, Train: 67.93%, Valid: 66.31%, Test: 64.84%, Best Valid: 70.52%, Best Test: 68.63%
Epoch: 900, Loss: 0.1474, Train: 66.21%, Valid: 62.42%, Test: 61.79%, Best Valid: 70.52%, Best Test: 68.63%
Epoch: 1000, Loss: 0.0424, Train: 66.03%, Valid: 64.75%, Test: 64.03%, Best Valid: 70.52%, Best Test: 68.63%
Run 03:
Highest Train: 71.72
Highest Valid: 70.52
Highest Test: 69.01
Chosen epoch: 362
Final Train: 71.72
Final Test: 68.63
Label budget: 5/class -> 50 train nodes
Computing oracle penalty matrix from true labels...
Oracle penalty matrix frozen.
Epoch: 00, Loss: 2.8243, Train: 16.90%, Valid: 15.78%, Test: 15.38%, Best Valid: 15.78%, Best Test: 15.38%
Switching Polynormer to global attention phase.
Epoch: 100, Loss: 2.5867, Train: 18.45%, Valid: 18.39%, Test: 18.40%, Best Valid: 66.17%, Best Test: 64.87%
Epoch: 200, Loss: 0.2928, Train: 59.14%, Valid: 56.12%, Test: 54.35%, Best Valid: 67.56%, Best Test: 67.15%
Epoch: 300, Loss: 0.2194, Train: 61.55%, Valid: 58.63%, Test: 57.94%, Best Valid: 67.56%, Best Test: 67.15%
Epoch: 400, Loss: 0.0373, Train: 66.21%, Valid: 61.74%, Test: 60.41%, Best Valid: 67.56%, Best Test: 67.15%
Epoch: 500, Loss: 0.1027, Train: 65.52%, Valid: 63.16%, Test: 61.50%, Best Valid: 67.56%, Best Test: 67.15%
Epoch: 600, Loss: 0.0839, Train: 59.66%, Valid: 58.51%, Test: 56.44%, Best Valid: 67.56%, Best Test: 67.15%
Epoch: 700, Loss: 0.0230, Train: 62.41%, Valid: 61.59%, Test: 60.27%, Best Valid: 67.56%, Best Test: 67.15%
Epoch: 800, Loss: 0.0054, Train: 56.21%, Valid: 55.16%, Test: 53.63%, Best Valid: 67.56%, Best Test: 67.15%
Epoch: 900, Loss: 0.0008, Train: 68.28%, Valid: 64.52%, Test: 63.78%, Best Valid: 67.56%, Best Test: 67.15%
Epoch: 1000, Loss: 0.0255, Train: 62.59%, Valid: 58.72%, Test: 57.62%, Best Valid: 67.56%, Best Test: 67.15%
Run 04:
Highest Train: 71.21
Highest Valid: 67.56
Highest Test: 67.20
Chosen epoch: 126
Final Train: 71.21
Final Test: 67.15
Label budget: 5/class -> 50 train nodes
Computing oracle penalty matrix from true labels...
Oracle penalty matrix frozen.
Epoch: 00, Loss: 3.1892, Train: 16.21%, Valid: 16.59%, Test: 16.42%, Best Valid: 16.59%, Best Test: 16.42%
Switching Polynormer to global attention phase.
Epoch: 100, Loss: 2.5891, Train: 8.28%, Valid: 7.60%, Test: 7.71%, Best Valid: 62.34%, Best Test: 62.19%
Epoch: 200, Loss: 0.4402, Train: 64.66%, Valid: 60.20%, Test: 60.29%, Best Valid: 68.26%, Best Test: 67.64%
Epoch: 300, Loss: 0.0065, Train: 68.97%, Valid: 66.25%, Test: 65.90%, Best Valid: 68.87%, Best Test: 68.43%
Epoch: 400, Loss: 0.1699, Train: 65.00%, Valid: 64.66%, Test: 64.05%, Best Valid: 68.87%, Best Test: 68.43%
Epoch: 500, Loss: 0.0999, Train: 68.45%, Valid: 64.30%, Test: 63.45%, Best Valid: 69.95%, Best Test: 69.01%
Epoch: 600, Loss: 0.0365, Train: 70.34%, Valid: 67.33%, Test: 66.72%, Best Valid: 71.43%, Best Test: 69.75%
Epoch: 700, Loss: 0.2138, Train: 67.24%, Valid: 63.67%, Test: 62.70%, Best Valid: 71.43%, Best Test: 69.75%
Epoch: 800, Loss: 0.0065, Train: 68.97%, Valid: 65.02%, Test: 64.68%, Best Valid: 71.43%, Best Test: 69.75%
Epoch: 900, Loss: 0.0063, Train: 66.90%, Valid: 62.74%, Test: 62.00%, Best Valid: 71.43%, Best Test: 69.75%
Epoch: 1000, Loss: 0.0024, Train: 67.24%, Valid: 64.13%, Test: 64.02%, Best Valid: 71.43%, Best Test: 69.75%
Run 05:
Highest Train: 73.97
Highest Valid: 71.43
Highest Test: 69.92
Chosen epoch: 516
Final Train: 73.97
Final Test: 69.75
Label budget: 5/class -> 50 train nodes
Computing oracle penalty matrix from true labels...
Oracle penalty matrix frozen.
Epoch: 00, Loss: 2.9992, Train: 8.97%, Valid: 9.99%, Test: 9.99%, Best Valid: 9.99%, Best Test: 9.99%
Switching Polynormer to global attention phase.
Epoch: 100, Loss: 2.5381, Train: 4.14%, Valid: 4.32%, Test: 4.21%, Best Valid: 65.02%, Best Test: 63.79%
Epoch: 200, Loss: 0.1288, Train: 68.10%, Valid: 64.52%, Test: 63.91%, Best Valid: 65.02%, Best Test: 63.79%
Epoch: 300, Loss: 0.0086, Train: 67.24%, Valid: 65.64%, Test: 64.51%, Best Valid: 67.18%, Best Test: 66.60%
Epoch: 400, Loss: 0.0509, Train: 65.00%, Valid: 62.86%, Test: 61.98%, Best Valid: 67.94%, Best Test: 66.38%
Epoch: 500, Loss: 0.0348, Train: 69.31%, Valid: 68.18%, Test: 67.27%, Best Valid: 68.94%, Best Test: 68.68%
Epoch: 600, Loss: 0.0070, Train: 65.34%, Valid: 62.15%, Test: 62.44%, Best Valid: 68.94%, Best Test: 68.68%
Epoch: 700, Loss: 0.0162, Train: 71.21%, Valid: 68.90%, Test: 67.76%, Best Valid: 68.94%, Best Test: 68.68%
Epoch: 800, Loss: 0.0497, Train: 64.14%, Valid: 63.82%, Test: 63.16%, Best Valid: 69.02%, Best Test: 68.07%
Epoch: 900, Loss: 0.0023, Train: 67.93%, Valid: 65.72%, Test: 65.06%, Best Valid: 70.10%, Best Test: 69.04%
Epoch: 1000, Loss: 0.2709, Train: 67.41%, Valid: 65.72%, Test: 65.97%, Best Valid: 70.10%, Best Test: 69.04%
Run 06:
Highest Train: 73.10
Highest Valid: 70.12
Highest Test: 69.32
Chosen epoch: 1024
Final Train: 70.34
Final Test: 68.57
Label budget: 5/class -> 50 train nodes
Computing oracle penalty matrix from true labels...
Oracle penalty matrix frozen.
Epoch: 00, Loss: 2.9249, Train: 11.72%, Valid: 11.55%, Test: 11.78%, Best Valid: 11.55%, Best Test: 11.78%
Switching Polynormer to global attention phase.
Epoch: 100, Loss: 2.5465, Train: 13.62%, Valid: 14.35%, Test: 14.18%, Best Valid: 67.48%, Best Test: 67.80%
Epoch: 200, Loss: 0.1888, Train: 69.83%, Valid: 64.77%, Test: 65.55%, Best Valid: 67.48%, Best Test: 67.80%
Epoch: 300, Loss: 0.2382, Train: 69.66%, Valid: 63.86%, Test: 64.32%, Best Valid: 68.30%, Best Test: 68.63%
Epoch: 400, Loss: 0.2191, Train: 69.66%, Valid: 65.36%, Test: 65.59%, Best Valid: 69.98%, Best Test: 70.74%
Epoch: 500, Loss: 0.6347, Train: 73.97%, Valid: 69.17%, Test: 69.86%, Best Valid: 70.10%, Best Test: 69.88%
Epoch: 600, Loss: 0.0038, Train: 75.69%, Valid: 69.25%, Test: 69.85%, Best Valid: 70.10%, Best Test: 69.88%
Epoch: 700, Loss: 0.0170, Train: 67.93%, Valid: 61.59%, Test: 61.16%, Best Valid: 70.10%, Best Test: 69.88%
Epoch: 800, Loss: 0.0359, Train: 74.83%, Valid: 69.64%, Test: 69.03%, Best Valid: 70.10%, Best Test: 69.88%
Epoch: 900, Loss: 0.0001, Train: 73.10%, Valid: 68.05%, Test: 67.57%, Best Valid: 70.65%, Best Test: 70.86%
Epoch: 1000, Loss: 0.3421, Train: 71.55%, Valid: 64.51%, Test: 64.56%, Best Valid: 70.65%, Best Test: 70.86%
Run 07:
Highest Train: 77.24
Highest Valid: 70.65
Highest Test: 71.23
Chosen epoch: 814
Final Train: 76.72
Final Test: 70.86
Label budget: 5/class -> 50 train nodes
Computing oracle penalty matrix from true labels...
Oracle penalty matrix frozen.
Epoch: 00, Loss: 3.0277, Train: 8.28%, Valid: 9.61%, Test: 10.04%, Best Valid: 9.61%, Best Test: 10.04%
Switching Polynormer to global attention phase.
Epoch: 100, Loss: 2.5501, Train: 35.00%, Valid: 34.02%, Test: 34.38%, Best Valid: 60.33%, Best Test: 59.79%
Epoch: 200, Loss: 0.3760, Train: 55.69%, Valid: 53.89%, Test: 51.99%, Best Valid: 60.33%, Best Test: 59.79%
Epoch: 300, Loss: 0.0473, Train: 54.31%, Valid: 52.62%, Test: 51.92%, Best Valid: 60.33%, Best Test: 59.79%
Epoch: 400, Loss: 0.0346, Train: 57.59%, Valid: 53.41%, Test: 52.92%, Best Valid: 61.64%, Best Test: 61.04%
Epoch: 500, Loss: 0.0065, Train: 57.24%, Valid: 55.73%, Test: 54.93%, Best Valid: 61.64%, Best Test: 61.04%
Epoch: 600, Loss: 0.0011, Train: 53.10%, Valid: 51.14%, Test: 49.67%, Best Valid: 61.64%, Best Test: 61.04%
Epoch: 700, Loss: 0.1605, Train: 54.14%, Valid: 51.95%, Test: 50.68%, Best Valid: 61.64%, Best Test: 61.04%
Epoch: 800, Loss: 0.0668, Train: 54.48%, Valid: 51.23%, Test: 49.73%, Best Valid: 61.64%, Best Test: 61.04%
Epoch: 900, Loss: 0.0391, Train: 49.48%, Valid: 47.12%, Test: 46.72%, Best Valid: 61.64%, Best Test: 61.04%
Epoch: 1000, Loss: 0.0400, Train: 57.07%, Valid: 54.21%, Test: 53.41%, Best Valid: 61.64%, Best Test: 61.04%
Run 08:
Highest Train: 64.66
Highest Valid: 61.64
Highest Test: 61.04
Chosen epoch: 338
Final Train: 64.48
Final Test: 61.04
Label budget: 5/class -> 50 train nodes
Computing oracle penalty matrix from true labels...
Oracle penalty matrix frozen.
Epoch: 00, Loss: 3.0041, Train: 7.24%, Valid: 7.36%, Test: 7.66%, Best Valid: 7.36%, Best Test: 7.66%
Switching Polynormer to global attention phase.
Epoch: 100, Loss: 2.5539, Train: 7.41%, Valid: 7.39%, Test: 7.39%, Best Valid: 62.38%, Best Test: 62.24%
Epoch: 200, Loss: 0.2255, Train: 66.90%, Valid: 62.00%, Test: 61.57%, Best Valid: 66.10%, Best Test: 64.96%
Epoch: 300, Loss: 0.0256, Train: 65.52%, Valid: 60.58%, Test: 59.98%, Best Valid: 66.10%, Best Test: 64.96%
Epoch: 400, Loss: 0.0168, Train: 69.66%, Valid: 62.97%, Test: 62.56%, Best Valid: 66.10%, Best Test: 64.96%
Epoch: 500, Loss: 0.0966, Train: 64.31%, Valid: 59.94%, Test: 59.11%, Best Valid: 66.33%, Best Test: 65.40%
Epoch: 600, Loss: 0.0224, Train: 66.72%, Valid: 60.41%, Test: 60.03%, Best Valid: 66.33%, Best Test: 65.40%
Epoch: 700, Loss: 0.0667, Train: 64.31%, Valid: 58.02%, Test: 57.48%, Best Valid: 66.33%, Best Test: 65.40%
Epoch: 800, Loss: 0.0026, Train: 66.03%, Valid: 62.21%, Test: 61.31%, Best Valid: 66.33%, Best Test: 65.40%
Epoch: 900, Loss: 0.0020, Train: 67.93%, Valid: 60.81%, Test: 61.09%, Best Valid: 66.33%, Best Test: 65.40%
Epoch: 1000, Loss: 0.0019, Train: 67.93%, Valid: 60.73%, Test: 60.53%, Best Valid: 66.33%, Best Test: 65.40%
Run 09:
Highest Train: 73.97
Highest Valid: 66.33
Highest Test: 65.91
Chosen epoch: 450
Final Train: 73.62
Final Test: 65.40
Label budget: 5/class -> 50 train nodes
Computing oracle penalty matrix from true labels...
Oracle penalty matrix frozen.
Epoch: 00, Loss: 3.0469, Train: 8.28%, Valid: 7.60%, Test: 7.27%, Best Valid: 7.60%, Best Test: 7.27%
Switching Polynormer to global attention phase.
Epoch: 100, Loss: 2.5296, Train: 18.45%, Valid: 18.39%, Test: 18.40%, Best Valid: 58.63%, Best Test: 58.15%
Epoch: 200, Loss: 0.4140, Train: 55.00%, Valid: 51.00%, Test: 51.27%, Best Valid: 59.82%, Best Test: 59.43%
Epoch: 300, Loss: 0.1086, Train: 54.83%, Valid: 49.83%, Test: 50.44%, Best Valid: 59.82%, Best Test: 59.43%
Epoch: 400, Loss: 0.4611, Train: 56.03%, Valid: 51.00%, Test: 51.51%, Best Valid: 59.82%, Best Test: 59.43%
Epoch: 500, Loss: 0.3832, Train: 60.52%, Valid: 57.19%, Test: 57.07%, Best Valid: 59.82%, Best Test: 59.43%
Epoch: 600, Loss: 0.0004, Train: 59.31%, Valid: 55.57%, Test: 54.87%, Best Valid: 59.82%, Best Test: 59.43%
Epoch: 700, Loss: 0.0057, Train: 53.79%, Valid: 51.04%, Test: 50.88%, Best Valid: 59.82%, Best Test: 59.43%
Epoch: 800, Loss: 0.0140, Train: 58.10%, Valid: 54.00%, Test: 53.98%, Best Valid: 59.88%, Best Test: 59.21%
Epoch: 900, Loss: 0.0398, Train: 58.28%, Valid: 54.68%, Test: 54.73%, Best Valid: 59.88%, Best Test: 59.21%
Epoch: 1000, Loss: 0.0335, Train: 54.83%, Valid: 50.55%, Test: 50.30%, Best Valid: 59.88%, Best Test: 59.21%
Run 10:
Highest Train: 63.97
Highest Valid: 59.88
Highest Test: 59.64
Chosen epoch: 740
Final Train: 62.41
Final Test: 59.21
All runs:
Highest Train: 71.86 ± 4.32
Highest Test: 67.46 ± 4.15
Highest Valid: 68.18 ± 4.35
  Final Train: 71.10 ± 4.45
   Final Test: 67.18 ± 4.15
Saving results to ../results/lowlabel/wikics/polynormer.csv
--- oracle_reg | lambda=0.2 ---
Namespace(aggregate='add', alpha=0.5, attention='gcn', beta=-1.0, bn=False, budget_tag='5', count_reg=False, count_smoothing=1.0, cpu=False, data_dir='../data/', dataset='wikics', device=0, dim_inner=512, display_step=100, dropout=0.5, epochs=500, global_dropout=None, global_epochs=1000, global_layers=2, gnn='gcn', graph_weight=0.8, hidden_channels=512, hops=10, in_dropout=0.5, jk=False, label_num_per_class=20, lambda_val=0.2, layers=1, ln=False, local_epochs=100, local_gnn_type='GCN', local_layers=7, lr=0.001, metric='acc', mlp_epochs=500, mlp_reg=False, model='polynormer', model_dir='models/lowlabel_1171808_283', n_heads=1, num_centroids=4096, num_heads=1, oracle_reg=True, paired_seeds=True, pe_types='RWSE', penalty_transform='none', pre_linear=False, pre_ln=False, rand_split=False, rand_split_class=False, reg_start_epoch=10, reg_update_freq=5, res=False, resample_split_per_run=False, result_dir='../results/lowlabel', runs=10, save_model=True, save_result=False, seed=42, test_num=1000, tr_dropout=None, tr_layers=1, tr_weight_decay=None, train_per_class=5, train_prop=0.5, use_act=False, use_bn=False, use_graph=False, use_reg=True, use_residual=False, use_weight=False, valid_num=500, valid_per_class=0, valid_prop=0.25, weight_decay=0.0)
wikics
dataset wikics | num nodes 11701 | num edge 431726 | num node feats 300 | num classes 10
MODEL: Polynormer(
  (h_lins): ModuleList(
    (0): Linear(in_features=512, out_features=512, bias=True)
    (1): Linear(in_features=512, out_features=512, bias=True)
    (2): Linear(in_features=512, out_features=512, bias=True)
    (3): Linear(in_features=512, out_features=512, bias=True)
    (4): Linear(in_features=512, out_features=512, bias=True)
    (5): Linear(in_features=512, out_features=512, bias=True)
    (6): Linear(in_features=512, out_features=512, bias=True)
  )
  (local_convs): ModuleList(
    (0): GATConv(512, 512, heads=1)
    (1): GATConv(512, 512, heads=1)
    (2): GATConv(512, 512, heads=1)
    (3): GATConv(512, 512, heads=1)
    (4): GATConv(512, 512, heads=1)
    (5): GATConv(512, 512, heads=1)
    (6): GATConv(512, 512, heads=1)
  )
  (lins): ModuleList(
    (0): Linear(in_features=512, out_features=512, bias=True)
    (1): Linear(in_features=512, out_features=512, bias=True)
    (2): Linear(in_features=512, out_features=512, bias=True)
    (3): Linear(in_features=512, out_features=512, bias=True)
    (4): Linear(in_features=512, out_features=512, bias=True)
    (5): Linear(in_features=512, out_features=512, bias=True)
    (6): Linear(in_features=512, out_features=512, bias=True)
  )
  (lns): ModuleList(
    (0): LayerNorm((512,), eps=1e-05, elementwise_affine=True)
    (1): LayerNorm((512,), eps=1e-05, elementwise_affine=True)
    (2): LayerNorm((512,), eps=1e-05, elementwise_affine=True)
    (3): LayerNorm((512,), eps=1e-05, elementwise_affine=True)
    (4): LayerNorm((512,), eps=1e-05, elementwise_affine=True)
    (5): LayerNorm((512,), eps=1e-05, elementwise_affine=True)
    (6): LayerNorm((512,), eps=1e-05, elementwise_affine=True)
  )
  (lin_in): Linear(in_features=300, out_features=512, bias=True)
  (ln): LayerNorm((512,), eps=1e-05, elementwise_affine=True)
  (global_attn): GlobalAttn(
    (h_lins): ModuleList(
      (0): Linear(in_features=512, out_features=512, bias=True)
      (1): Linear(in_features=512, out_features=512, bias=True)
    )
    (k_lins): ModuleList(
      (0): Linear(in_features=512, out_features=512, bias=True)
      (1): Linear(in_features=512, out_features=512, bias=True)
    )
    (v_lins): ModuleList(
      (0): Linear(in_features=512, out_features=512, bias=True)
      (1): Linear(in_features=512, out_features=512, bias=True)
    )
    (lns): ModuleList(
      (0): LayerNorm((512,), eps=1e-05, elementwise_affine=True)
      (1): LayerNorm((512,), eps=1e-05, elementwise_affine=True)
    )
    (lin_out): Linear(in_features=512, out_features=512, bias=True)
  )
  (pred_local): Linear(in_features=512, out_features=10, bias=True)
  (pred_global): Linear(in_features=512, out_features=10, bias=True)
)
Label budget: 5/class -> 50 train nodes
Computing oracle penalty matrix from true labels...
Oracle penalty matrix frozen.
Epoch: 00, Loss: 3.3657, Train: 5.00%, Valid: 5.23%, Test: 5.59%, Best Valid: 5.23%, Best Test: 5.59%
Switching Polynormer to global attention phase.
Epoch: 100, Loss: 2.7704, Train: 12.24%, Valid: 12.15%, Test: 12.18%, Best Valid: 67.84%, Best Test: 67.27%
Epoch: 200, Loss: 0.0492, Train: 69.31%, Valid: 66.46%, Test: 66.27%, Best Valid: 70.21%, Best Test: 69.35%
Epoch: 300, Loss: 0.0976, Train: 68.10%, Valid: 64.01%, Test: 63.11%, Best Valid: 71.39%, Best Test: 71.51%
Epoch: 400, Loss: 0.0021, Train: 70.34%, Valid: 68.18%, Test: 67.62%, Best Valid: 71.39%, Best Test: 71.51%
Epoch: 500, Loss: 0.0185, Train: 68.79%, Valid: 65.85%, Test: 66.05%, Best Valid: 71.39%, Best Test: 71.51%
Epoch: 600, Loss: 0.0689, Train: 72.24%, Valid: 69.78%, Test: 70.19%, Best Valid: 71.39%, Best Test: 71.51%
Epoch: 700, Loss: 0.0625, Train: 62.24%, Valid: 59.52%, Test: 59.28%, Best Valid: 71.39%, Best Test: 71.51%
Epoch: 800, Loss: 0.0478, Train: 67.24%, Valid: 65.26%, Test: 65.85%, Best Valid: 71.39%, Best Test: 71.51%
Epoch: 900, Loss: 0.2948, Train: 71.03%, Valid: 69.02%, Test: 68.46%, Best Valid: 71.39%, Best Test: 71.51%
Epoch: 1000, Loss: 0.0002, Train: 69.66%, Valid: 66.99%, Test: 66.89%, Best Valid: 71.39%, Best Test: 71.51%
Run 01:
Highest Train: 74.66
Highest Valid: 71.44
Highest Test: 71.51
Chosen epoch: 1017
Final Train: 73.28
Final Test: 71.23
Label budget: 5/class -> 50 train nodes
Computing oracle penalty matrix from true labels...
Oracle penalty matrix frozen.
Epoch: 00, Loss: 3.5087, Train: 20.69%, Valid: 20.52%, Test: 20.81%, Best Valid: 20.52%, Best Test: 20.81%
Switching Polynormer to global attention phase.
Epoch: 100, Loss: 2.7813, Train: 18.45%, Valid: 18.39%, Test: 18.40%, Best Valid: 67.73%, Best Test: 66.97%
Epoch: 200, Loss: 0.1625, Train: 65.86%, Valid: 64.92%, Test: 63.42%, Best Valid: 71.24%, Best Test: 69.68%
Epoch: 300, Loss: 0.4209, Train: 65.34%, Valid: 64.60%, Test: 63.81%, Best Valid: 71.24%, Best Test: 69.68%
Epoch: 400, Loss: 0.0024, Train: 64.83%, Valid: 64.41%, Test: 63.47%, Best Valid: 71.24%, Best Test: 69.68%
Epoch: 500, Loss: 0.0157, Train: 65.69%, Valid: 65.53%, Test: 63.59%, Best Valid: 71.24%, Best Test: 69.68%
Epoch: 600, Loss: 0.0019, Train: 67.76%, Valid: 66.12%, Test: 65.02%, Best Valid: 71.24%, Best Test: 69.68%
Epoch: 700, Loss: 0.0031, Train: 71.72%, Valid: 70.42%, Test: 69.04%, Best Valid: 71.24%, Best Test: 69.68%
Epoch: 800, Loss: 0.0123, Train: 61.72%, Valid: 62.25%, Test: 61.38%, Best Valid: 71.24%, Best Test: 69.68%
Epoch: 900, Loss: 0.0001, Train: 66.72%, Valid: 66.33%, Test: 64.34%, Best Valid: 71.24%, Best Test: 69.68%
Epoch: 1000, Loss: 0.0233, Train: 66.03%, Valid: 65.19%, Test: 63.31%, Best Valid: 71.24%, Best Test: 69.68%
Run 02:
Highest Train: 71.72
Highest Valid: 71.24
Highest Test: 69.88
Chosen epoch: 194
Final Train: 70.86
Final Test: 69.68
Label budget: 5/class -> 50 train nodes
Computing oracle penalty matrix from true labels...
Oracle penalty matrix frozen.
Epoch: 00, Loss: 3.1204, Train: 16.03%, Valid: 15.21%, Test: 15.20%, Best Valid: 15.21%, Best Test: 15.20%
Switching Polynormer to global attention phase.
Epoch: 100, Loss: 2.7898, Train: 7.41%, Valid: 7.39%, Test: 7.39%, Best Valid: 69.17%, Best Test: 67.61%
Epoch: 200, Loss: 1.1182, Train: 68.97%, Valid: 66.55%, Test: 64.77%, Best Valid: 70.76%, Best Test: 68.89%
Epoch: 300, Loss: 0.0180, Train: 73.79%, Valid: 71.88%, Test: 71.08%, Best Valid: 72.47%, Best Test: 71.46%
Epoch: 400, Loss: 0.0427, Train: 69.31%, Valid: 67.71%, Test: 66.39%, Best Valid: 72.98%, Best Test: 71.49%
Epoch: 500, Loss: 0.0017, Train: 70.86%, Valid: 67.94%, Test: 67.85%, Best Valid: 72.98%, Best Test: 71.49%
Epoch: 600, Loss: 0.0103, Train: 66.38%, Valid: 66.48%, Test: 64.75%, Best Valid: 72.98%, Best Test: 71.49%
Epoch: 700, Loss: 0.1256, Train: 73.10%, Valid: 68.01%, Test: 67.76%, Best Valid: 72.98%, Best Test: 71.49%
Epoch: 800, Loss: 0.0461, Train: 62.24%, Valid: 60.96%, Test: 60.15%, Best Valid: 72.98%, Best Test: 71.49%
Epoch: 900, Loss: 0.0821, Train: 65.69%, Valid: 62.29%, Test: 60.77%, Best Valid: 72.98%, Best Test: 71.49%
Epoch: 1000, Loss: 0.0122, Train: 69.83%, Valid: 68.70%, Test: 67.52%, Best Valid: 72.98%, Best Test: 71.49%
Run 03:
Highest Train: 75.17
Highest Valid: 72.98
Highest Test: 71.69
Chosen epoch: 308
Final Train: 73.97
Final Test: 71.49
Label budget: 5/class -> 50 train nodes
Computing oracle penalty matrix from true labels...
Oracle penalty matrix frozen.
Epoch: 00, Loss: 3.0810, Train: 16.55%, Valid: 17.03%, Test: 16.81%, Best Valid: 17.03%, Best Test: 16.81%
Switching Polynormer to global attention phase.
Epoch: 100, Loss: 2.8015, Train: 18.45%, Valid: 18.39%, Test: 18.40%, Best Valid: 67.35%, Best Test: 66.17%
Epoch: 200, Loss: 0.2222, Train: 58.97%, Valid: 57.17%, Test: 56.70%, Best Valid: 69.66%, Best Test: 68.67%
Epoch: 300, Loss: 0.0639, Train: 65.17%, Valid: 62.80%, Test: 61.76%, Best Valid: 69.80%, Best Test: 68.57%
Epoch: 400, Loss: 0.0120, Train: 58.97%, Valid: 59.58%, Test: 59.00%, Best Valid: 69.80%, Best Test: 68.57%
Epoch: 500, Loss: 0.0034, Train: 60.17%, Valid: 56.92%, Test: 56.68%, Best Valid: 69.80%, Best Test: 68.57%
Epoch: 600, Loss: 0.0231, Train: 62.24%, Valid: 59.44%, Test: 59.24%, Best Valid: 69.80%, Best Test: 68.57%
Epoch: 700, Loss: 0.0099, Train: 65.86%, Valid: 62.80%, Test: 61.57%, Best Valid: 69.80%, Best Test: 68.57%
Epoch: 800, Loss: 0.0611, Train: 62.76%, Valid: 60.96%, Test: 59.93%, Best Valid: 69.80%, Best Test: 68.57%
Epoch: 900, Loss: 0.0070, Train: 63.28%, Valid: 61.53%, Test: 60.83%, Best Valid: 69.80%, Best Test: 68.57%
Epoch: 1000, Loss: 0.0292, Train: 61.72%, Valid: 59.46%, Test: 58.39%, Best Valid: 69.80%, Best Test: 68.57%
Run 04:
Highest Train: 71.55
Highest Valid: 69.80
Highest Test: 68.67
Chosen epoch: 289
Final Train: 71.55
Final Test: 68.57
Label budget: 5/class -> 50 train nodes
Computing oracle penalty matrix from true labels...
Oracle penalty matrix frozen.
Epoch: 00, Loss: 3.4792, Train: 17.93%, Valid: 19.04%, Test: 18.62%, Best Valid: 19.04%, Best Test: 18.62%
Switching Polynormer to global attention phase.
Epoch: 100, Loss: 2.8131, Train: 4.14%, Valid: 4.00%, Test: 4.05%, Best Valid: 59.92%, Best Test: 59.43%
Epoch: 200, Loss: 0.3401, Train: 64.14%, Valid: 61.22%, Test: 60.89%, Best Valid: 66.21%, Best Test: 65.50%
Epoch: 300, Loss: 0.0721, Train: 66.38%, Valid: 67.24%, Test: 65.62%, Best Valid: 68.26%, Best Test: 66.56%
Epoch: 400, Loss: 0.1231, Train: 68.10%, Valid: 68.11%, Test: 66.92%, Best Valid: 69.93%, Best Test: 68.26%
Epoch: 500, Loss: 0.0645, Train: 68.79%, Valid: 67.08%, Test: 66.72%, Best Valid: 70.10%, Best Test: 69.01%
Epoch: 600, Loss: 0.3284, Train: 67.41%, Valid: 66.78%, Test: 66.38%, Best Valid: 70.10%, Best Test: 69.01%
Epoch: 700, Loss: 0.0408, Train: 68.10%, Valid: 68.22%, Test: 66.99%, Best Valid: 70.10%, Best Test: 69.01%
Epoch: 800, Loss: 0.0033, Train: 68.10%, Valid: 67.69%, Test: 66.94%, Best Valid: 70.57%, Best Test: 70.14%
Epoch: 900, Loss: 0.0365, Train: 62.76%, Valid: 62.14%, Test: 61.81%, Best Valid: 70.57%, Best Test: 70.14%
Epoch: 1000, Loss: 0.0015, Train: 67.76%, Valid: 66.08%, Test: 66.22%, Best Valid: 70.97%, Best Test: 70.48%
Run 05:
Highest Train: 73.10
Highest Valid: 70.97
Highest Test: 70.48
Chosen epoch: 970
Final Train: 72.41
Final Test: 70.48
Label budget: 5/class -> 50 train nodes
Computing oracle penalty matrix from true labels...
Oracle penalty matrix frozen.
Epoch: 00, Loss: 3.2719, Train: 9.31%, Valid: 10.16%, Test: 10.19%, Best Valid: 10.16%, Best Test: 10.19%
Switching Polynormer to global attention phase.
Epoch: 100, Loss: 2.8163, Train: 12.24%, Valid: 11.95%, Test: 12.06%, Best Valid: 65.89%, Best Test: 65.14%
Epoch: 200, Loss: 0.8574, Train: 66.21%, Valid: 64.96%, Test: 64.31%, Best Valid: 71.56%, Best Test: 71.22%
Epoch: 300, Loss: 0.1011, Train: 68.62%, Valid: 65.32%, Test: 65.50%, Best Valid: 73.34%, Best Test: 72.58%
Epoch: 400, Loss: 0.0022, Train: 70.86%, Valid: 68.11%, Test: 68.24%, Best Valid: 73.34%, Best Test: 72.58%
Epoch: 500, Loss: 0.0183, Train: 71.03%, Valid: 67.97%, Test: 67.61%, Best Valid: 73.34%, Best Test: 72.58%
Epoch: 600, Loss: 0.0024, Train: 71.03%, Valid: 66.76%, Test: 66.72%, Best Valid: 73.34%, Best Test: 72.58%
Epoch: 700, Loss: 0.1653, Train: 70.17%, Valid: 68.05%, Test: 67.52%, Best Valid: 73.34%, Best Test: 72.58%
Epoch: 800, Loss: 0.0035, Train: 66.90%, Valid: 63.18%, Test: 62.94%, Best Valid: 73.34%, Best Test: 72.58%
Epoch: 900, Loss: 0.0004, Train: 71.90%, Valid: 67.99%, Test: 68.22%, Best Valid: 73.34%, Best Test: 72.58%
Epoch: 1000, Loss: 0.0002, Train: 71.55%, Valid: 68.92%, Test: 68.86%, Best Valid: 73.34%, Best Test: 72.58%
Run 06:
Highest Train: 75.69
Highest Valid: 73.34
Highest Test: 72.58
Chosen epoch: 232
Final Train: 75.69
Final Test: 72.58
Label budget: 5/class -> 50 train nodes
Computing oracle penalty matrix from true labels...
Oracle penalty matrix frozen.
Epoch: 00, Loss: 3.1908, Train: 13.28%, Valid: 12.87%, Test: 13.29%, Best Valid: 12.87%, Best Test: 13.29%
Switching Polynormer to global attention phase.
Epoch: 100, Loss: 2.7791, Train: 18.45%, Valid: 18.39%, Test: 18.40%, Best Valid: 68.75%, Best Test: 69.10%
Epoch: 200, Loss: 0.2242, Train: 70.86%, Valid: 65.68%, Test: 66.67%, Best Valid: 68.75%, Best Test: 69.10%
Epoch: 300, Loss: 0.0358, Train: 71.72%, Valid: 66.57%, Test: 66.91%, Best Valid: 70.84%, Best Test: 70.36%
Epoch: 400, Loss: 0.0592, Train: 67.41%, Valid: 61.77%, Test: 61.66%, Best Valid: 70.84%, Best Test: 70.36%
Epoch: 500, Loss: 0.1437, Train: 70.86%, Valid: 63.33%, Test: 62.43%, Best Valid: 70.84%, Best Test: 70.36%
Epoch: 600, Loss: 0.0858, Train: 60.34%, Valid: 57.00%, Test: 56.63%, Best Valid: 70.84%, Best Test: 70.36%
Epoch: 700, Loss: 0.3765, Train: 66.90%, Valid: 60.58%, Test: 62.12%, Best Valid: 70.84%, Best Test: 70.36%
Epoch: 800, Loss: 0.0050, Train: 66.55%, Valid: 59.33%, Test: 58.61%, Best Valid: 70.84%, Best Test: 70.36%
Epoch: 900, Loss: 0.2597, Train: 70.52%, Valid: 64.54%, Test: 63.81%, Best Valid: 70.84%, Best Test: 70.36%
Epoch: 1000, Loss: 0.5657, Train: 65.17%, Valid: 58.38%, Test: 58.30%, Best Valid: 70.84%, Best Test: 70.36%
Run 07:
Highest Train: 75.86
Highest Valid: 70.84
Highest Test: 70.38
Chosen epoch: 286
Final Train: 75.34
Final Test: 70.36
Label budget: 5/class -> 50 train nodes
Computing oracle penalty matrix from true labels...
Oracle penalty matrix frozen.
Epoch: 00, Loss: 3.3029, Train: 9.48%, Valid: 10.22%, Test: 10.84%, Best Valid: 10.22%, Best Test: 10.84%
Switching Polynormer to global attention phase.
Epoch: 100, Loss: 2.7814, Train: 18.45%, Valid: 18.39%, Test: 18.40%, Best Valid: 59.97%, Best Test: 58.70%
Epoch: 200, Loss: 0.1719, Train: 57.93%, Valid: 56.48%, Test: 54.90%, Best Valid: 62.21%, Best Test: 61.66%
Epoch: 300, Loss: 0.2631, Train: 52.93%, Valid: 51.67%, Test: 50.11%, Best Valid: 62.27%, Best Test: 60.58%
Epoch: 400, Loss: 0.2356, Train: 61.38%, Valid: 59.44%, Test: 58.47%, Best Valid: 62.27%, Best Test: 60.58%
Epoch: 500, Loss: 0.0397, Train: 61.90%, Valid: 59.56%, Test: 59.19%, Best Valid: 62.27%, Best Test: 60.58%
Epoch: 600, Loss: 0.0091, Train: 61.38%, Valid: 60.41%, Test: 59.50%, Best Valid: 64.77%, Best Test: 63.52%
Epoch: 700, Loss: 0.2156, Train: 55.00%, Valid: 52.69%, Test: 50.73%, Best Valid: 64.77%, Best Test: 63.52%
Epoch: 800, Loss: 0.0955, Train: 51.03%, Valid: 49.24%, Test: 47.99%, Best Valid: 64.77%, Best Test: 63.52%
Epoch: 900, Loss: 0.0117, Train: 59.48%, Valid: 57.55%, Test: 55.77%, Best Valid: 64.77%, Best Test: 63.52%
Epoch: 1000, Loss: 0.0715, Train: 50.17%, Valid: 51.04%, Test: 50.40%, Best Valid: 64.77%, Best Test: 63.52%
Run 08:
Highest Train: 66.38
Highest Valid: 64.77
Highest Test: 63.69
Chosen epoch: 532
Final Train: 66.21
Final Test: 63.52
Label budget: 5/class -> 50 train nodes
Computing oracle penalty matrix from true labels...
Oracle penalty matrix frozen.
Epoch: 00, Loss: 3.2772, Train: 10.17%, Valid: 10.13%, Test: 10.33%, Best Valid: 10.13%, Best Test: 10.33%
Switching Polynormer to global attention phase.
Epoch: 100, Loss: 2.7643, Train: 14.14%, Valid: 14.77%, Test: 14.08%, Best Valid: 60.37%, Best Test: 60.99%
Epoch: 200, Loss: 0.0450, Train: 68.62%, Valid: 60.98%, Test: 62.05%, Best Valid: 63.08%, Best Test: 62.24%
Epoch: 300, Loss: 0.8603, Train: 68.97%, Valid: 60.88%, Test: 60.60%, Best Valid: 65.19%, Best Test: 64.46%
Epoch: 400, Loss: 0.0010, Train: 63.62%, Valid: 57.87%, Test: 58.01%, Best Valid: 66.21%, Best Test: 67.16%
Epoch: 500, Loss: 0.0006, Train: 65.17%, Valid: 61.26%, Test: 60.66%, Best Valid: 66.21%, Best Test: 67.16%
Epoch: 600, Loss: 0.0051, Train: 65.17%, Valid: 59.94%, Test: 59.52%, Best Valid: 66.21%, Best Test: 67.16%
Epoch: 700, Loss: 0.0080, Train: 67.41%, Valid: 60.39%, Test: 59.52%, Best Valid: 66.21%, Best Test: 67.16%
Epoch: 800, Loss: 0.0933, Train: 68.62%, Valid: 61.83%, Test: 61.25%, Best Valid: 66.21%, Best Test: 67.16%
Epoch: 900, Loss: 0.0002, Train: 69.14%, Valid: 62.67%, Test: 62.01%, Best Valid: 66.21%, Best Test: 67.16%
Epoch: 1000, Loss: 0.0400, Train: 68.62%, Valid: 62.80%, Test: 61.76%, Best Valid: 66.21%, Best Test: 67.16%
Run 09:
Highest Train: 74.31
Highest Valid: 66.21
Highest Test: 67.16
Chosen epoch: 346
Final Train: 74.14
Final Test: 67.16
Label budget: 5/class -> 50 train nodes
Computing oracle penalty matrix from true labels...
Oracle penalty matrix frozen.
Epoch: 00, Loss: 3.3239, Train: 8.97%, Valid: 8.99%, Test: 8.81%, Best Valid: 8.99%, Best Test: 8.81%
Switching Polynormer to global attention phase.
Epoch: 100, Loss: 2.7830, Train: 7.41%, Valid: 7.39%, Test: 7.39%, Best Valid: 56.43%, Best Test: 57.00%
Epoch: 200, Loss: 0.8367, Train: 57.24%, Valid: 53.64%, Test: 53.75%, Best Valid: 56.94%, Best Test: 56.03%
Epoch: 300, Loss: 0.0096, Train: 57.41%, Valid: 53.26%, Test: 53.79%, Best Valid: 58.63%, Best Test: 59.42%
Epoch: 400, Loss: 0.0131, Train: 61.55%, Valid: 56.35%, Test: 56.47%, Best Valid: 58.63%, Best Test: 59.42%
Epoch: 500, Loss: 0.1693, Train: 64.31%, Valid: 58.85%, Test: 58.75%, Best Valid: 58.85%, Best Test: 58.75%
Epoch: 600, Loss: 0.0099, Train: 57.76%, Valid: 52.86%, Test: 53.62%, Best Valid: 59.39%, Best Test: 59.38%
Epoch: 700, Loss: 0.0038, Train: 53.45%, Valid: 49.68%, Test: 50.04%, Best Valid: 59.39%, Best Test: 59.38%
Epoch: 800, Loss: 0.5174, Train: 61.72%, Valid: 58.32%, Test: 57.41%, Best Valid: 59.39%, Best Test: 59.38%
Epoch: 900, Loss: 0.0007, Train: 57.41%, Valid: 52.37%, Test: 52.74%, Best Valid: 59.39%, Best Test: 59.38%
Epoch: 1000, Loss: 0.0951, Train: 60.52%, Valid: 57.79%, Test: 57.57%, Best Valid: 59.39%, Best Test: 59.38%
Run 10:
Highest Train: 67.93
Highest Valid: 64.18
Highest Test: 63.93
Chosen epoch: 1032
Final Train: 67.93
Final Test: 63.93
All runs:
Highest Train: 72.64 ± 3.28
Highest Test: 69.00 ± 3.14
Highest Valid: 69.58 ± 3.32
  Final Train: 72.14 ± 3.10
   Final Test: 68.90 ± 3.12
Saving results to ../results/lowlabel/wikics/polynormer.csv
--- oracle_reg | lambda=0.4 ---
