Wed Aug  5 23:41:01 2026       
+-----------------------------------------------------------------------------------------+
| NVIDIA-SMI 580.159.04             Driver Version: 580.159.04     CUDA Version: 13.0     |
+-----------------------------------------+------------------------+----------------------+
| GPU  Name                 Persistence-M | Bus-Id          Disp.A | Volatile Uncorr. ECC |
| Fan  Temp   Perf          Pwr:Usage/Cap |           Memory-Usage | GPU-Util  Compute M. |
|                                         |                        |               MIG M. |
|=========================================+========================+======================|
|   0  NVIDIA A100-SXM4-80GB          On  |   00000000:01:00.0 Off |                   On |
| N/A   46C    P0            183W /  500W |   40090MiB /  81920MiB |     N/A      Default |
|                                         |                        |              Enabled |
+-----------------------------------------+------------------------+----------------------+
|   1  NVIDIA A100-SXM4-80GB          On  |   00000000:41:00.0 Off |                   On |
| N/A   32C    P0            101W /  500W |    4252MiB /  81920MiB |     N/A      Default |
|                                         |                        |              Enabled |
+-----------------------------------------+------------------------+----------------------+
|   2  NVIDIA A100-SXM4-80GB          On  |   00000000:81:00.0 Off |                   On |
| N/A   46C    P0            191W /  500W |   40424MiB /  81920MiB |     N/A      Default |
|                                         |                        |              Enabled |
+-----------------------------------------+------------------------+----------------------+
|   3  NVIDIA A100-SXM4-80GB          On  |   00000000:C1:00.0 Off |                   On |
| N/A   39C    P0            180W /  500W |   40476MiB /  81920MiB |     N/A      Default |
|                                         |                        |              Enabled |
+-----------------------------------------+------------------------+----------------------+

+-----------------------------------------------------------------------------------------+
| MIG devices:                                                                            |
+------------------+----------------------------------+-----------+-----------------------+
| GPU  GI  CI  MIG |              Shared Memory-Usage |        Vol|        Shared         |
|      ID  ID  Dev |                Shared BAR1-Usage | SM     Unc| CE ENC  DEC  OFA  JPG |
|                  |                                  |        ECC|                       |
|==================+==================================+===========+=======================|
|  1    3   0   0  |              71MiB / 19968MiB    | 28      0 |  2   0    1    0    0 |
|                  |               0MiB / 12271MiB    |           |                       |
+------------------+----------------------------------+-----------+-----------------------+

+-----------------------------------------------------------------------------------------+
| Processes:                                                                              |
|  GPU   GI   CI              PID   Type   Process name                        GPU Memory |
|        ID   ID                                                               Usage      |
|=========================================================================================|
|    0    2    0           282858      C   ...nda3/envs/spot_nsf/bin/python      39832MiB |
|    2    2    0           282859      C   ...nda3/envs/spot_nsf/bin/python      39778MiB |
|    2    3    0           298597      C   ...envs/torch-cuda-mm/bin/python        380MiB |
|    3    1    0           282857      C   ...nda3/envs/spot_nsf/bin/python      39830MiB |
|    3    5    0           298592      C   ...envs/torch-cuda-mm/bin/python        380MiB |
+-----------------------------------------------------------------------------------------+
Cell: amazon-computer / gcn / budget 2 per class / group 0
python main.py --gnn gcn --dataset amazon-computer --hidden_channels 512 --epochs 1000 --lr 0.001 --runs 3 --local_layers 3 --weight_decay 5e-5 --dropout 0.5 --device 0 --ln --runs 10 --train_per_class 2 --budget_tag 2
==========================================================
Low-label sweep: python main.py --gnn gcn --dataset amazon-computer --hidden_channels 512 --epochs 1000 --lr 0.001 --runs 3 --local_layers 3 --weight_decay 5e-5 --dropout 0.5 --device 0 --ln --runs 10 --train_per_class 2 --budget_tag 2
result_dir=results/lowlabel conditions=[baseline]
==========================================================
--- baseline ---
