Sat Aug 15 09:59:13 2026       
+-----------------------------------------------------------------------------------------+
| NVIDIA-SMI 580.159.04             Driver Version: 580.159.04     CUDA Version: 13.0     |
+-----------------------------------------+------------------------+----------------------+
| GPU  Name                 Persistence-M | Bus-Id          Disp.A | Volatile Uncorr. ECC |
| Fan  Temp   Perf          Pwr:Usage/Cap |           Memory-Usage | GPU-Util  Compute M. |
|                                         |                        |               MIG M. |
|=========================================+========================+======================|
|   0  NVIDIA A100-SXM4-80GB          On  |   00000000:01:00.0 Off |                   On |
| N/A   40C    P0            128W /  500W |    3996MiB /  81920MiB |     N/A      Default |
|                                         |                        |              Enabled |
+-----------------------------------------+------------------------+----------------------+
|   1  NVIDIA A100-SXM4-80GB          On  |   00000000:41:00.0 Off |                   On |
| N/A   42C    P0            167W /  500W |    4072MiB /  81920MiB |     N/A      Default |
|                                         |                        |              Enabled |
+-----------------------------------------+------------------------+----------------------+
|   2  NVIDIA A100-SXM4-80GB          On  |   00000000:81:00.0 Off |                   On |
| N/A   48C    P0            194W /  500W |   17220MiB /  81920MiB |     N/A      Default |
|                                         |                        |              Enabled |
+-----------------------------------------+------------------------+----------------------+
|   3  NVIDIA A100-SXM4-80GB          On  |   00000000:C1:00.0 Off |                   On |
| N/A   39C    P0            179W /  500W |   17506MiB /  81920MiB |     N/A      Default |
|                                         |                        |              Enabled |
+-----------------------------------------+------------------------+----------------------+

+-----------------------------------------------------------------------------------------+
| MIG devices:                                                                            |
+------------------+----------------------------------+-----------+-----------------------+
| GPU  GI  CI  MIG |              Shared Memory-Usage |        Vol|        Shared         |
|      ID  ID  Dev |                Shared BAR1-Usage | SM     Unc| CE ENC  DEC  OFA  JPG |
|                  |                                  |        ECC|                       |
|==================+==================================+===========+=======================|
|  0    3   0   0  |              71MiB / 19968MiB    | 28      0 |  2   0    1    0    0 |
|                  |               0MiB / 12271MiB    |           |                       |
+------------------+----------------------------------+-----------+-----------------------+

+-----------------------------------------------------------------------------------------+
| Processes:                                                                              |
|  GPU   GI   CI              PID   Type   Process name                        GPU Memory |
|        ID   ID                                                               Usage      |
|=========================================================================================|
|    1    9    0          1619877      C   ...ware/symmetrix-env/bin/python        528MiB |
|    1   10    0          1619878      C   ...ware/symmetrix-env/bin/python        528MiB |
|    1    3    0          1972003      C   python3                                2712MiB |
|    2    9    0          1619874      C   ...ware/symmetrix-env/bin/python        568MiB |
|    2   10    0          1619876      C   ...ware/symmetrix-env/bin/python        588MiB |
|    2    3    0          1955544      C   python                                15792MiB |
|    3   14    0          1619873      C   ...ware/symmetrix-env/bin/python        756MiB |
|    3   13    0          1619879      C   ...ware/symmetrix-env/bin/python        610MiB |
|    3    5    0          1955689      C   python                                15804MiB |
+-----------------------------------------------------------------------------------------+
Cell: roman-empire / gcn / budget 20 per class / group 0
python main.py --gnn gcn --dataset roman-empire --pre_linear --hidden_channels 512 --epochs 2500 --lr 0.001 --runs 3 --local_layers 9 --weight_decay 0.0 --dropout 0.5 --device 0 --bn --res --runs 10 --train_per_class 20 --budget_tag 20
==========================================================
Low-label sweep: python main.py --gnn gcn --dataset roman-empire --pre_linear --hidden_channels 512 --epochs 2500 --lr 0.001 --runs 3 --local_layers 9 --weight_decay 0.0 --dropout 0.5 --device 0 --bn --res --runs 10 --train_per_class 20 --budget_tag 20
result_dir=results/lowlabel conditions=[baseline]
==========================================================
--- baseline ---
Namespace(bn=True, budget_tag='20', count_reg=False, count_smoothing=1.0, cpu=False, data_dir='./data/', dataset='roman-empire', device=0, display_step=100, dropout=0.5, epochs=2500, gnn='gcn', hidden_channels=512, jk=False, label_num_per_class=20, lambda_val=0.5, ln=False, local_layers=9, lr=0.001, metric='acc', mlp_epochs=500, mlp_reg=False, model='MPNN', model_dir='models', num_heads=1, oracle_reg=False, paired_seeds=True, penalty_transform='none', pre_linear=True, pre_ln=False, rand_split=False, rand_split_class=False, reg_start_epoch=10, reg_update_freq=5, res=True, resample_split_per_run=False, result_dir='results/lowlabel', runs=10, save_model=False, seed=42, test_num=1000, train_per_class=20, train_prop=0.5, use_reg=False, valid_num=500, valid_per_class=0, valid_prop=0.25, weight_decay=0.0)
roman-empire
dataset roman-empire | num nodes 22662 | num edge 32927 | num node feats 300 | num classes 18
MODEL: MPNNs(
  (h_lins): ModuleList()
  (local_convs): ModuleList(
    (0): GCNConv(512, 512)
    (1): GCNConv(512, 512)
    (2): GCNConv(512, 512)
    (3): GCNConv(512, 512)
    (4): GCNConv(512, 512)
    (5): GCNConv(512, 512)
    (6): GCNConv(512, 512)
    (7): GCNConv(512, 512)
    (8): GCNConv(512, 512)
  )
  (lins): ModuleList(
    (0): Linear(in_features=512, out_features=512, bias=True)
    (1): Linear(in_features=512, out_features=512, bias=True)
    (2): Linear(in_features=512, out_features=512, bias=True)
    (3): Linear(in_features=512, out_features=512, bias=True)
    (4): Linear(in_features=512, out_features=512, bias=True)
    (5): Linear(in_features=512, out_features=512, bias=True)
    (6): Linear(in_features=512, out_features=512, bias=True)
    (7): Linear(in_features=512, out_features=512, bias=True)
    (8): Linear(in_features=512, out_features=512, bias=True)
  )
  (lns): ModuleList(
    (0): LayerNorm((512,), eps=1e-05, elementwise_affine=True)
    (1): LayerNorm((512,), eps=1e-05, elementwise_affine=True)
    (2): LayerNorm((512,), eps=1e-05, elementwise_affine=True)
    (3): LayerNorm((512,), eps=1e-05, elementwise_affine=True)
    (4): LayerNorm((512,), eps=1e-05, elementwise_affine=True)
    (5): LayerNorm((512,), eps=1e-05, elementwise_affine=True)
    (6): LayerNorm((512,), eps=1e-05, elementwise_affine=True)
    (7): LayerNorm((512,), eps=1e-05, elementwise_affine=True)
    (8): LayerNorm((512,), eps=1e-05, elementwise_affine=True)
  )
  (bns): ModuleList(
    (0): BatchNorm1d(512, eps=1e-05, momentum=0.1, affine=True, track_running_stats=True)
    (1): BatchNorm1d(512, eps=1e-05, momentum=0.1, affine=True, track_running_stats=True)
    (2): BatchNorm1d(512, eps=1e-05, momentum=0.1, affine=True, track_running_stats=True)
    (3): BatchNorm1d(512, eps=1e-05, momentum=0.1, affine=True, track_running_stats=True)
    (4): BatchNorm1d(512, eps=1e-05, momentum=0.1, affine=True, track_running_stats=True)
    (5): BatchNorm1d(512, eps=1e-05, momentum=0.1, affine=True, track_running_stats=True)
    (6): BatchNorm1d(512, eps=1e-05, momentum=0.1, affine=True, track_running_stats=True)
    (7): BatchNorm1d(512, eps=1e-05, momentum=0.1, affine=True, track_running_stats=True)
    (8): BatchNorm1d(512, eps=1e-05, momentum=0.1, affine=True, track_running_stats=True)
  )
  (lin_in): Linear(in_features=300, out_features=512, bias=True)
  (pred_local): Linear(in_features=512, out_features=18, bias=True)
)
Label budget: 20/class -> 360 train nodes
Epoch: 00, Loss: 3.0815, Train: 4.17%, Valid: 4.17%, Test: 4.17%, Best Valid: 4.17%, Best Test: 4.17%
Epoch: 100, Loss: 0.9112, Train: 17.85%, Valid: 15.92%, Test: 16.10%, Best Valid: 16.33%, Best Test: 15.73%
Epoch: 200, Loss: 0.1635, Train: 22.05%, Valid: 18.99%, Test: 19.73%, Best Valid: 19.19%, Best Test: 19.54%
Epoch: 300, Loss: 0.0652, Train: 21.68%, Valid: 19.10%, Test: 19.18%, Best Valid: 20.48%, Best Test: 20.10%
Epoch: 400, Loss: 0.0542, Train: 23.04%, Valid: 20.76%, Test: 20.74%, Best Valid: 20.79%, Best Test: 20.65%
Epoch: 500, Loss: 0.0152, Train: 23.25%, Valid: 20.95%, Test: 20.76%, Best Valid: 20.95%, Best Test: 20.76%
Epoch: 600, Loss: 0.0150, Train: 21.55%, Valid: 19.33%, Test: 19.68%, Best Valid: 21.01%, Best Test: 20.60%
Epoch: 700, Loss: 0.0212, Train: 23.07%, Valid: 20.19%, Test: 20.31%, Best Valid: 21.01%, Best Test: 20.60%
Epoch: 800, Loss: 0.0118, Train: 23.18%, Valid: 20.30%, Test: 20.91%, Best Valid: 21.75%, Best Test: 22.22%
Epoch: 900, Loss: 0.0181, Train: 23.33%, Valid: 20.28%, Test: 20.56%, Best Valid: 21.75%, Best Test: 22.22%
Epoch: 1000, Loss: 0.0077, Train: 22.71%, Valid: 19.88%, Test: 20.44%, Best Valid: 21.91%, Best Test: 22.41%
Epoch: 1100, Loss: 0.0114, Train: 22.95%, Valid: 20.32%, Test: 19.98%, Best Valid: 21.91%, Best Test: 22.41%
Epoch: 1200, Loss: 0.0146, Train: 24.02%, Valid: 21.80%, Test: 21.50%, Best Valid: 22.40%, Best Test: 22.40%
Epoch: 1300, Loss: 0.0098, Train: 24.47%, Valid: 22.12%, Test: 22.45%, Best Valid: 22.67%, Best Test: 23.09%
Epoch: 1400, Loss: 0.0067, Train: 23.18%, Valid: 20.76%, Test: 20.35%, Best Valid: 22.67%, Best Test: 23.09%
Epoch: 1500, Loss: 0.0187, Train: 23.40%, Valid: 20.25%, Test: 20.53%, Best Valid: 22.67%, Best Test: 23.09%
Epoch: 1600, Loss: 0.0248, Train: 23.82%, Valid: 20.58%, Test: 20.65%, Best Valid: 22.67%, Best Test: 23.09%
Epoch: 1700, Loss: 0.0285, Train: 23.89%, Valid: 21.17%, Test: 21.71%, Best Valid: 22.67%, Best Test: 23.09%
Epoch: 1800, Loss: 0.0060, Train: 23.37%, Valid: 20.92%, Test: 21.06%, Best Valid: 22.67%, Best Test: 23.09%
Epoch: 1900, Loss: 0.0016, Train: 24.22%, Valid: 21.09%, Test: 21.28%, Best Valid: 22.67%, Best Test: 23.09%
Epoch: 2000, Loss: 0.0015, Train: 24.66%, Valid: 21.94%, Test: 21.87%, Best Valid: 22.67%, Best Test: 23.09%
Epoch: 2100, Loss: 0.0099, Train: 23.60%, Valid: 20.69%, Test: 20.79%, Best Valid: 22.67%, Best Test: 23.09%
Epoch: 2200, Loss: 0.0063, Train: 23.54%, Valid: 20.69%, Test: 20.05%, Best Valid: 22.67%, Best Test: 23.09%
Epoch: 2300, Loss: 0.0077, Train: 23.93%, Valid: 21.41%, Test: 21.32%, Best Valid: 22.81%, Best Test: 22.64%
Epoch: 2400, Loss: 0.0212, Train: 24.72%, Valid: 21.52%, Test: 21.51%, Best Valid: 22.81%, Best Test: 22.64%
Run 01:
Highest Train: 25.78
Highest Valid: 22.81
Highest Test: 23.21
Chosen epoch: 2273
Final Train: 25.27
Final Test: 22.64
Label budget: 20/class -> 360 train nodes
Epoch: 00, Loss: 3.0328, Train: 1.42%, Valid: 1.41%, Test: 1.41%, Best Valid: 1.41%, Best Test: 1.41%
Epoch: 100, Loss: 0.9796, Train: 17.51%, Valid: 16.19%, Test: 15.74%, Best Valid: 16.19%, Best Test: 15.74%
Epoch: 200, Loss: 0.1446, Train: 19.10%, Valid: 16.54%, Test: 16.75%, Best Valid: 17.85%, Best Test: 17.49%
Epoch: 300, Loss: 0.0636, Train: 20.08%, Valid: 17.23%, Test: 17.70%, Best Valid: 17.85%, Best Test: 17.49%
Epoch: 400, Loss: 0.0475, Train: 20.28%, Valid: 17.05%, Test: 17.91%, Best Valid: 17.85%, Best Test: 17.49%
Epoch: 500, Loss: 0.0359, Train: 19.93%, Valid: 16.88%, Test: 17.86%, Best Valid: 17.97%, Best Test: 18.62%
Epoch: 600, Loss: 0.0241, Train: 19.55%, Valid: 16.50%, Test: 17.54%, Best Valid: 18.36%, Best Test: 18.55%
Epoch: 700, Loss: 0.0371, Train: 19.74%, Valid: 16.84%, Test: 17.45%, Best Valid: 18.68%, Best Test: 19.17%
Epoch: 800, Loss: 0.0095, Train: 20.77%, Valid: 17.99%, Test: 18.94%, Best Valid: 18.68%, Best Test: 19.17%
Epoch: 900, Loss: 0.0079, Train: 20.92%, Valid: 18.68%, Test: 18.28%, Best Valid: 18.73%, Best Test: 18.67%
Epoch: 1000, Loss: 0.0207, Train: 20.88%, Valid: 18.78%, Test: 18.90%, Best Valid: 19.51%, Best Test: 18.83%
Epoch: 1100, Loss: 0.0620, Train: 20.92%, Valid: 17.92%, Test: 18.16%, Best Valid: 19.51%, Best Test: 18.83%
Epoch: 1200, Loss: 0.0044, Train: 20.27%, Valid: 17.05%, Test: 17.97%, Best Valid: 19.51%, Best Test: 18.83%
Epoch: 1300, Loss: 0.0351, Train: 20.41%, Valid: 17.51%, Test: 18.09%, Best Valid: 19.51%, Best Test: 18.83%
Epoch: 1400, Loss: 0.0049, Train: 20.72%, Valid: 17.71%, Test: 18.73%, Best Valid: 19.51%, Best Test: 18.83%
Epoch: 1500, Loss: 0.0264, Train: 20.80%, Valid: 17.39%, Test: 18.80%, Best Valid: 19.51%, Best Test: 18.83%
Epoch: 1600, Loss: 0.0047, Train: 20.65%, Valid: 18.01%, Test: 19.08%, Best Valid: 19.72%, Best Test: 20.07%
Epoch: 1700, Loss: 0.0313, Train: 21.38%, Valid: 18.68%, Test: 18.96%, Best Valid: 19.72%, Best Test: 20.07%
Epoch: 1800, Loss: 0.0293, Train: 21.18%, Valid: 18.38%, Test: 18.92%, Best Valid: 19.72%, Best Test: 20.07%
Epoch: 1900, Loss: 0.0133, Train: 21.88%, Valid: 19.29%, Test: 19.71%, Best Valid: 19.72%, Best Test: 20.07%
Epoch: 2000, Loss: 0.0118, Train: 20.81%, Valid: 17.76%, Test: 18.27%, Best Valid: 19.72%, Best Test: 20.07%
Epoch: 2100, Loss: 0.0098, Train: 21.23%, Valid: 18.32%, Test: 18.87%, Best Valid: 19.72%, Best Test: 20.07%
Epoch: 2200, Loss: 0.0164, Train: 20.26%, Valid: 17.62%, Test: 18.07%, Best Valid: 19.72%, Best Test: 20.07%
Epoch: 2300, Loss: 0.0129, Train: 20.42%, Valid: 17.85%, Test: 18.25%, Best Valid: 19.72%, Best Test: 20.07%
Epoch: 2400, Loss: 0.0038, Train: 21.47%, Valid: 18.61%, Test: 19.38%, Best Valid: 19.72%, Best Test: 20.07%
Run 02:
Highest Train: 22.25
Highest Valid: 19.72
Highest Test: 20.23
Chosen epoch: 1560
Final Train: 21.68
Final Test: 20.07
Label budget: 20/class -> 360 train nodes
Epoch: 00, Loss: 3.0193, Train: 5.03%, Valid: 5.08%, Test: 5.08%, Best Valid: 5.08%, Best Test: 5.08%
Epoch: 100, Loss: 0.8087, Train: 17.42%, Valid: 16.20%, Test: 16.63%, Best Valid: 16.31%, Best Test: 16.59%
Epoch: 200, Loss: 0.1828, Train: 19.87%, Valid: 16.45%, Test: 17.40%, Best Valid: 16.88%, Best Test: 17.38%
Epoch: 300, Loss: 0.0664, Train: 19.65%, Valid: 16.93%, Test: 17.84%, Best Valid: 17.88%, Best Test: 17.86%
Epoch: 400, Loss: 0.0444, Train: 19.52%, Valid: 16.77%, Test: 17.74%, Best Valid: 17.88%, Best Test: 17.86%
Epoch: 500, Loss: 0.0283, Train: 18.49%, Valid: 16.19%, Test: 16.52%, Best Valid: 17.88%, Best Test: 17.86%
Epoch: 600, Loss: 0.0135, Train: 20.74%, Valid: 17.00%, Test: 18.20%, Best Valid: 17.88%, Best Test: 17.86%
Epoch: 700, Loss: 0.0418, Train: 19.72%, Valid: 17.28%, Test: 17.91%, Best Valid: 17.88%, Best Test: 17.86%
Epoch: 800, Loss: 0.0096, Train: 19.65%, Valid: 17.25%, Test: 17.67%, Best Valid: 17.95%, Best Test: 17.86%
Epoch: 900, Loss: 0.0174, Train: 19.36%, Valid: 16.77%, Test: 17.19%, Best Valid: 17.95%, Best Test: 17.86%
Epoch: 1000, Loss: 0.0197, Train: 20.12%, Valid: 16.88%, Test: 17.63%, Best Valid: 18.11%, Best Test: 18.66%
Epoch: 1100, Loss: 0.0159, Train: 20.62%, Valid: 17.19%, Test: 18.41%, Best Valid: 18.11%, Best Test: 18.66%
Epoch: 1200, Loss: 0.0044, Train: 19.88%, Valid: 16.43%, Test: 17.60%, Best Valid: 18.87%, Best Test: 19.78%
Epoch: 1300, Loss: 0.0190, Train: 20.49%, Valid: 17.56%, Test: 18.16%, Best Valid: 18.87%, Best Test: 19.78%
Epoch: 1400, Loss: 0.0196, Train: 18.37%, Valid: 15.20%, Test: 15.51%, Best Valid: 18.87%, Best Test: 19.78%
Epoch: 1500, Loss: 0.0142, Train: 20.04%, Valid: 16.89%, Test: 18.30%, Best Valid: 18.87%, Best Test: 19.78%
Epoch: 1600, Loss: 0.0088, Train: 19.61%, Valid: 16.70%, Test: 17.74%, Best Valid: 18.87%, Best Test: 19.78%
Epoch: 1700, Loss: 0.0069, Train: 19.91%, Valid: 16.82%, Test: 17.88%, Best Valid: 18.87%, Best Test: 19.78%
Epoch: 1800, Loss: 0.0254, Train: 21.55%, Valid: 18.41%, Test: 18.92%, Best Valid: 18.87%, Best Test: 19.78%
Epoch: 1900, Loss: 0.0035, Train: 21.35%, Valid: 18.46%, Test: 19.93%, Best Valid: 18.87%, Best Test: 19.78%
Epoch: 2000, Loss: 0.0057, Train: 20.61%, Valid: 17.69%, Test: 18.53%, Best Valid: 19.12%, Best Test: 19.93%
Epoch: 2100, Loss: 0.0123, Train: 21.15%, Valid: 18.09%, Test: 19.20%, Best Valid: 19.12%, Best Test: 19.93%
Epoch: 2200, Loss: 0.0016, Train: 19.42%, Valid: 16.33%, Test: 17.58%, Best Valid: 19.12%, Best Test: 19.93%
Epoch: 2300, Loss: 0.0040, Train: 21.00%, Valid: 17.51%, Test: 18.34%, Best Valid: 19.12%, Best Test: 19.93%
Epoch: 2400, Loss: 0.0515, Train: 19.63%, Valid: 16.63%, Test: 17.30%, Best Valid: 19.12%, Best Test: 19.93%
Run 03:
Highest Train: 22.27
Highest Valid: 19.12
Highest Test: 20.07
Chosen epoch: 1902
Final Train: 21.61
Final Test: 19.93
Label budget: 20/class -> 360 train nodes
Epoch: 00, Loss: 3.0171, Train: 4.93%, Valid: 4.92%, Test: 4.99%, Best Valid: 4.92%, Best Test: 4.99%
Epoch: 100, Loss: 0.8851, Train: 19.49%, Valid: 18.45%, Test: 17.58%, Best Valid: 18.45%, Best Test: 17.58%
Epoch: 200, Loss: 0.1176, Train: 21.86%, Valid: 19.96%, Test: 19.17%, Best Valid: 20.07%, Best Test: 18.94%
Epoch: 300, Loss: 0.0677, Train: 21.60%, Valid: 19.59%, Test: 19.48%, Best Valid: 20.07%, Best Test: 18.94%
Epoch: 400, Loss: 0.0577, Train: 20.74%, Valid: 18.69%, Test: 18.37%, Best Valid: 20.07%, Best Test: 18.94%
Epoch: 500, Loss: 0.0191, Train: 20.77%, Valid: 18.39%, Test: 18.25%, Best Valid: 20.07%, Best Test: 18.94%
Epoch: 600, Loss: 0.0287, Train: 19.87%, Valid: 17.95%, Test: 17.14%, Best Valid: 20.07%, Best Test: 18.94%
Epoch: 700, Loss: 0.0300, Train: 19.72%, Valid: 17.16%, Test: 16.91%, Best Valid: 20.07%, Best Test: 18.94%
Epoch: 800, Loss: 0.0114, Train: 20.40%, Valid: 17.86%, Test: 17.47%, Best Valid: 20.07%, Best Test: 18.94%
Epoch: 900, Loss: 0.0239, Train: 20.65%, Valid: 18.89%, Test: 18.09%, Best Valid: 20.07%, Best Test: 18.94%
Epoch: 1000, Loss: 0.0119, Train: 20.89%, Valid: 18.20%, Test: 18.20%, Best Valid: 20.07%, Best Test: 18.94%
Epoch: 1100, Loss: 0.0119, Train: 20.58%, Valid: 18.31%, Test: 17.30%, Best Valid: 20.07%, Best Test: 18.94%
Epoch: 1200, Loss: 0.0054, Train: 20.95%, Valid: 18.98%, Test: 18.34%, Best Valid: 20.07%, Best Test: 18.94%
Epoch: 1300, Loss: 0.0089, Train: 20.49%, Valid: 18.41%, Test: 17.31%, Best Valid: 20.07%, Best Test: 18.94%
Epoch: 1400, Loss: 0.0109, Train: 20.11%, Valid: 17.81%, Test: 17.79%, Best Valid: 20.07%, Best Test: 18.94%
Epoch: 1500, Loss: 0.0032, Train: 21.14%, Valid: 18.32%, Test: 18.32%, Best Valid: 20.07%, Best Test: 18.94%
Epoch: 1600, Loss: 0.0277, Train: 20.44%, Valid: 17.92%, Test: 17.76%, Best Valid: 20.07%, Best Test: 18.94%
Epoch: 1700, Loss: 0.0085, Train: 21.52%, Valid: 19.36%, Test: 18.90%, Best Valid: 20.07%, Best Test: 18.94%
Epoch: 1800, Loss: 0.0239, Train: 21.17%, Valid: 19.03%, Test: 18.09%, Best Valid: 20.07%, Best Test: 18.94%
Epoch: 1900, Loss: 0.0015, Train: 20.91%, Valid: 18.27%, Test: 18.97%, Best Valid: 20.07%, Best Test: 18.94%
Epoch: 2000, Loss: 0.0175, Train: 21.45%, Valid: 19.45%, Test: 18.18%, Best Valid: 20.07%, Best Test: 18.94%
Epoch: 2100, Loss: 0.0031, Train: 20.70%, Valid: 18.78%, Test: 17.97%, Best Valid: 20.07%, Best Test: 18.94%
Epoch: 2200, Loss: 0.0075, Train: 21.89%, Valid: 20.44%, Test: 19.91%, Best Valid: 20.44%, Best Test: 19.91%
Epoch: 2300, Loss: 0.0033, Train: 20.84%, Valid: 18.87%, Test: 18.71%, Best Valid: 20.67%, Best Test: 19.54%
Epoch: 2400, Loss: 0.0148, Train: 20.79%, Valid: 19.14%, Test: 18.43%, Best Valid: 20.67%, Best Test: 19.54%
Run 04:
Highest Train: 22.34
Highest Valid: 20.67
Highest Test: 20.00
Chosen epoch: 2204
Final Train: 21.97
Final Test: 19.54
Label budget: 20/class -> 360 train nodes
Epoch: 00, Loss: 3.0679, Train: 3.99%, Valid: 3.99%, Test: 3.79%, Best Valid: 3.99%, Best Test: 3.79%
Epoch: 100, Loss: 0.8243, Train: 20.84%, Valid: 18.57%, Test: 18.37%, Best Valid: 20.55%, Best Test: 19.41%
Epoch: 200, Loss: 0.1531, Train: 22.71%, Valid: 19.88%, Test: 19.70%, Best Valid: 21.08%, Best Test: 20.33%
Epoch: 300, Loss: 0.0681, Train: 22.88%, Valid: 19.86%, Test: 19.91%, Best Valid: 21.08%, Best Test: 20.33%
Epoch: 400, Loss: 0.0645, Train: 21.98%, Valid: 19.66%, Test: 19.78%, Best Valid: 21.08%, Best Test: 20.33%
Epoch: 500, Loss: 0.0448, Train: 22.20%, Valid: 19.95%, Test: 19.63%, Best Valid: 21.08%, Best Test: 20.33%
Epoch: 600, Loss: 0.0171, Train: 21.93%, Valid: 19.68%, Test: 19.66%, Best Valid: 21.08%, Best Test: 20.33%
Epoch: 700, Loss: 0.0146, Train: 22.36%, Valid: 18.96%, Test: 19.47%, Best Valid: 21.08%, Best Test: 20.33%
Epoch: 800, Loss: 0.0188, Train: 21.68%, Valid: 19.15%, Test: 19.01%, Best Valid: 21.08%, Best Test: 20.33%
Epoch: 900, Loss: 0.0277, Train: 22.14%, Valid: 19.75%, Test: 19.48%, Best Valid: 21.27%, Best Test: 20.67%
Epoch: 1000, Loss: 0.0314, Train: 21.84%, Valid: 19.49%, Test: 19.66%, Best Valid: 22.49%, Best Test: 21.06%
Epoch: 1100, Loss: 0.0107, Train: 21.93%, Valid: 20.04%, Test: 19.80%, Best Valid: 22.49%, Best Test: 21.06%
Epoch: 1200, Loss: 0.0242, Train: 22.54%, Valid: 20.14%, Test: 20.08%, Best Valid: 22.49%, Best Test: 21.06%
Epoch: 1300, Loss: 0.0192, Train: 22.76%, Valid: 20.42%, Test: 20.19%, Best Valid: 22.49%, Best Test: 21.06%
Epoch: 1400, Loss: 0.0109, Train: 22.67%, Valid: 19.36%, Test: 20.16%, Best Valid: 22.49%, Best Test: 21.06%
Epoch: 1500, Loss: 0.0012, Train: 22.19%, Valid: 19.40%, Test: 20.17%, Best Valid: 22.49%, Best Test: 21.06%
Epoch: 1600, Loss: 0.0042, Train: 23.80%, Valid: 21.68%, Test: 20.67%, Best Valid: 22.49%, Best Test: 21.06%
Epoch: 1700, Loss: 0.0038, Train: 22.59%, Valid: 20.04%, Test: 19.73%, Best Valid: 22.49%, Best Test: 21.06%
Epoch: 1800, Loss: 0.0172, Train: 21.91%, Valid: 18.92%, Test: 19.38%, Best Valid: 22.49%, Best Test: 21.06%
Epoch: 1900, Loss: 0.0218, Train: 22.78%, Valid: 19.93%, Test: 20.23%, Best Valid: 22.49%, Best Test: 21.06%
Epoch: 2000, Loss: 0.0246, Train: 21.74%, Valid: 19.63%, Test: 19.48%, Best Valid: 22.49%, Best Test: 21.06%
Epoch: 2100, Loss: 0.0068, Train: 22.30%, Valid: 20.44%, Test: 19.63%, Best Valid: 22.49%, Best Test: 21.06%
Epoch: 2200, Loss: 0.0365, Train: 22.61%, Valid: 20.64%, Test: 20.67%, Best Valid: 22.49%, Best Test: 21.06%
Epoch: 2300, Loss: 0.0020, Train: 22.98%, Valid: 20.41%, Test: 19.84%, Best Valid: 22.49%, Best Test: 21.06%
Epoch: 2400, Loss: 0.0065, Train: 23.33%, Valid: 20.88%, Test: 20.49%, Best Valid: 22.49%, Best Test: 21.06%
Run 05:
Highest Train: 24.71
Highest Valid: 22.49
Highest Test: 21.53
Chosen epoch: 940
Final Train: 24.07
Final Test: 21.06
Label budget: 20/class -> 360 train nodes
Epoch: 00, Loss: 2.9753, Train: 2.07%, Valid: 2.07%, Test: 1.98%, Best Valid: 2.07%, Best Test: 1.98%
Epoch: 100, Loss: 0.8134, Train: 20.31%, Valid: 17.97%, Test: 17.98%, Best Valid: 18.98%, Best Test: 18.87%
Epoch: 200, Loss: 0.1408, Train: 21.82%, Valid: 19.28%, Test: 17.90%, Best Valid: 19.35%, Best Test: 18.50%
Epoch: 300, Loss: 0.0698, Train: 19.81%, Valid: 18.09%, Test: 17.37%, Best Valid: 20.09%, Best Test: 19.01%
Epoch: 400, Loss: 0.0439, Train: 21.83%, Valid: 20.04%, Test: 19.29%, Best Valid: 20.26%, Best Test: 19.68%
Epoch: 500, Loss: 0.0326, Train: 20.17%, Valid: 17.90%, Test: 17.15%, Best Valid: 20.26%, Best Test: 19.68%
Epoch: 600, Loss: 0.0308, Train: 21.75%, Valid: 19.98%, Test: 18.88%, Best Valid: 20.26%, Best Test: 19.68%
Epoch: 700, Loss: 0.0219, Train: 20.36%, Valid: 17.97%, Test: 17.45%, Best Valid: 20.26%, Best Test: 19.68%
Epoch: 800, Loss: 0.0111, Train: 20.07%, Valid: 17.42%, Test: 17.40%, Best Valid: 20.26%, Best Test: 19.68%
Epoch: 900, Loss: 0.0098, Train: 21.14%, Valid: 18.52%, Test: 18.74%, Best Valid: 20.26%, Best Test: 19.68%
Epoch: 1000, Loss: 0.0437, Train: 20.60%, Valid: 18.09%, Test: 17.70%, Best Valid: 20.26%, Best Test: 19.68%
Epoch: 1100, Loss: 0.0130, Train: 20.86%, Valid: 18.34%, Test: 18.07%, Best Valid: 20.26%, Best Test: 19.68%
Epoch: 1200, Loss: 0.0052, Train: 22.23%, Valid: 19.70%, Test: 19.20%, Best Valid: 20.26%, Best Test: 19.68%
Epoch: 1300, Loss: 0.0126, Train: 22.13%, Valid: 19.91%, Test: 19.57%, Best Valid: 20.26%, Best Test: 19.68%
Epoch: 1400, Loss: 0.0109, Train: 21.53%, Valid: 18.99%, Test: 18.69%, Best Valid: 20.34%, Best Test: 19.86%
Epoch: 1500, Loss: 0.0030, Train: 20.88%, Valid: 18.83%, Test: 17.98%, Best Valid: 20.34%, Best Test: 19.86%
Epoch: 1600, Loss: 0.0052, Train: 21.07%, Valid: 18.59%, Test: 18.23%, Best Valid: 20.34%, Best Test: 19.86%
Epoch: 1700, Loss: 0.0075, Train: 21.53%, Valid: 19.36%, Test: 18.81%, Best Valid: 20.34%, Best Test: 19.86%
Epoch: 1800, Loss: 0.0054, Train: 21.75%, Valid: 18.48%, Test: 18.53%, Best Valid: 20.86%, Best Test: 19.54%
Epoch: 1900, Loss: 0.0124, Train: 21.84%, Valid: 18.36%, Test: 18.11%, Best Valid: 20.86%, Best Test: 19.54%
Epoch: 2000, Loss: 0.0085, Train: 21.52%, Valid: 18.15%, Test: 18.27%, Best Valid: 20.86%, Best Test: 19.54%
Epoch: 2100, Loss: 0.0069, Train: 22.09%, Valid: 19.14%, Test: 18.80%, Best Valid: 20.86%, Best Test: 19.54%
Epoch: 2200, Loss: 0.0092, Train: 21.57%, Valid: 19.22%, Test: 18.37%, Best Valid: 20.86%, Best Test: 19.54%
Epoch: 2300, Loss: 0.0052, Train: 22.07%, Valid: 19.36%, Test: 19.17%, Best Valid: 20.86%, Best Test: 19.54%
Epoch: 2400, Loss: 0.0005, Train: 22.74%, Valid: 19.72%, Test: 18.85%, Best Valid: 20.86%, Best Test: 19.54%
Run 06:
Highest Train: 23.15
Highest Valid: 20.86
Highest Test: 19.96
Chosen epoch: 1765
Final Train: 22.95
Final Test: 19.54
Label budget: 20/class -> 360 train nodes
Epoch: 00, Loss: 3.0370, Train: 11.05%, Valid: 11.05%, Test: 11.07%, Best Valid: 11.05%, Best Test: 11.07%
Epoch: 100, Loss: 0.8915, Train: 16.04%, Valid: 14.70%, Test: 15.07%, Best Valid: 14.70%, Best Test: 15.07%
Epoch: 200, Loss: 0.1115, Train: 19.32%, Valid: 16.66%, Test: 17.56%, Best Valid: 18.68%, Best Test: 18.88%
Epoch: 300, Loss: 0.1015, Train: 20.81%, Valid: 18.01%, Test: 19.38%, Best Valid: 19.01%, Best Test: 19.59%
Epoch: 400, Loss: 0.0493, Train: 20.18%, Valid: 17.86%, Test: 19.18%, Best Valid: 19.01%, Best Test: 19.59%
Epoch: 500, Loss: 0.0510, Train: 20.59%, Valid: 17.39%, Test: 18.67%, Best Valid: 19.01%, Best Test: 19.59%
Epoch: 600, Loss: 0.0468, Train: 20.95%, Valid: 17.62%, Test: 19.13%, Best Valid: 19.49%, Best Test: 20.65%
Epoch: 700, Loss: 0.0156, Train: 21.40%, Valid: 19.05%, Test: 19.13%, Best Valid: 19.49%, Best Test: 20.65%
Epoch: 800, Loss: 0.0249, Train: 21.22%, Valid: 18.83%, Test: 18.73%, Best Valid: 20.11%, Best Test: 20.54%
Epoch: 900, Loss: 0.0109, Train: 21.56%, Valid: 19.52%, Test: 19.73%, Best Valid: 20.11%, Best Test: 20.54%
Epoch: 1000, Loss: 0.0102, Train: 21.90%, Valid: 19.47%, Test: 20.08%, Best Valid: 20.30%, Best Test: 20.33%
Epoch: 1100, Loss: 0.0082, Train: 22.14%, Valid: 19.82%, Test: 20.14%, Best Valid: 20.30%, Best Test: 20.33%
Epoch: 1200, Loss: 0.0061, Train: 21.68%, Valid: 18.83%, Test: 19.71%, Best Valid: 20.30%, Best Test: 20.33%
Epoch: 1300, Loss: 0.0084, Train: 21.94%, Valid: 19.05%, Test: 20.14%, Best Valid: 20.30%, Best Test: 20.33%
Epoch: 1400, Loss: 0.0023, Train: 20.92%, Valid: 18.53%, Test: 18.69%, Best Valid: 20.30%, Best Test: 20.33%
Epoch: 1500, Loss: 0.0036, Train: 21.62%, Valid: 19.42%, Test: 19.73%, Best Valid: 20.42%, Best Test: 20.98%
Epoch: 1600, Loss: 0.0138, Train: 21.43%, Valid: 18.43%, Test: 19.26%, Best Valid: 20.42%, Best Test: 20.98%
Epoch: 1700, Loss: 0.0032, Train: 21.67%, Valid: 19.38%, Test: 20.35%, Best Valid: 20.42%, Best Test: 20.98%
Epoch: 1800, Loss: 0.0039, Train: 22.13%, Valid: 19.59%, Test: 20.42%, Best Valid: 20.42%, Best Test: 20.98%
Epoch: 1900, Loss: 0.0162, Train: 22.65%, Valid: 19.84%, Test: 20.14%, Best Valid: 20.42%, Best Test: 20.98%
Epoch: 2000, Loss: 0.0018, Train: 21.71%, Valid: 19.45%, Test: 19.94%, Best Valid: 21.24%, Best Test: 21.97%
Epoch: 2100, Loss: 0.0068, Train: 21.89%, Valid: 19.45%, Test: 20.00%, Best Valid: 21.24%, Best Test: 21.97%
Epoch: 2200, Loss: 0.0086, Train: 21.97%, Valid: 19.31%, Test: 20.67%, Best Valid: 21.24%, Best Test: 21.97%
Epoch: 2300, Loss: 0.0281, Train: 21.51%, Valid: 19.08%, Test: 20.60%, Best Valid: 21.24%, Best Test: 21.97%
Epoch: 2400, Loss: 0.0121, Train: 22.25%, Valid: 19.66%, Test: 20.44%, Best Valid: 21.24%, Best Test: 21.97%
Run 07:
Highest Train: 23.61
Highest Valid: 21.24
Highest Test: 21.97
Chosen epoch: 1956
Final Train: 23.27
Final Test: 21.97
Label budget: 20/class -> 360 train nodes
Epoch: 00, Loss: 3.0318, Train: 3.48%, Valid: 3.50%, Test: 3.46%, Best Valid: 3.50%, Best Test: 3.46%
Epoch: 100, Loss: 0.8348, Train: 18.46%, Valid: 16.98%, Test: 17.00%, Best Valid: 18.55%, Best Test: 18.23%
Epoch: 200, Loss: 0.1172, Train: 21.53%, Valid: 19.24%, Test: 19.52%, Best Valid: 19.65%, Best Test: 20.12%
Epoch: 300, Loss: 0.0615, Train: 21.45%, Valid: 18.98%, Test: 19.31%, Best Valid: 19.65%, Best Test: 20.12%
Epoch: 400, Loss: 0.0431, Train: 22.12%, Valid: 19.88%, Test: 20.07%, Best Valid: 20.00%, Best Test: 20.00%
Epoch: 500, Loss: 0.0528, Train: 21.46%, Valid: 19.38%, Test: 19.87%, Best Valid: 20.34%, Best Test: 20.24%
Epoch: 600, Loss: 0.0660, Train: 20.86%, Valid: 19.17%, Test: 19.27%, Best Valid: 20.34%, Best Test: 20.24%
Epoch: 700, Loss: 0.0176, Train: 21.77%, Valid: 18.64%, Test: 20.08%, Best Valid: 20.34%, Best Test: 20.24%
Epoch: 800, Loss: 0.0315, Train: 21.83%, Valid: 19.21%, Test: 19.47%, Best Valid: 20.34%, Best Test: 20.24%
Epoch: 900, Loss: 0.0299, Train: 22.26%, Valid: 19.33%, Test: 20.23%, Best Valid: 20.72%, Best Test: 21.25%
Epoch: 1000, Loss: 0.0112, Train: 22.91%, Valid: 19.47%, Test: 20.63%, Best Valid: 20.72%, Best Test: 21.25%
Epoch: 1100, Loss: 0.0102, Train: 23.49%, Valid: 20.67%, Test: 21.94%, Best Valid: 20.72%, Best Test: 21.25%
Epoch: 1200, Loss: 0.0179, Train: 21.80%, Valid: 19.03%, Test: 19.77%, Best Valid: 21.09%, Best Test: 21.14%
Epoch: 1300, Loss: 0.0083, Train: 22.82%, Valid: 20.00%, Test: 20.56%, Best Valid: 21.09%, Best Test: 21.14%
Epoch: 1400, Loss: 0.0108, Train: 22.77%, Valid: 19.88%, Test: 20.76%, Best Valid: 21.09%, Best Test: 21.14%
Epoch: 1500, Loss: 0.0041, Train: 22.55%, Valid: 20.11%, Test: 20.65%, Best Valid: 21.09%, Best Test: 21.14%
Epoch: 1600, Loss: 0.0095, Train: 22.38%, Valid: 20.28%, Test: 20.35%, Best Valid: 21.09%, Best Test: 21.14%
Epoch: 1700, Loss: 0.0169, Train: 22.41%, Valid: 19.56%, Test: 20.51%, Best Valid: 21.09%, Best Test: 21.14%
Epoch: 1800, Loss: 0.0182, Train: 21.98%, Valid: 19.88%, Test: 20.74%, Best Valid: 21.09%, Best Test: 21.14%
Epoch: 1900, Loss: 0.0021, Train: 21.85%, Valid: 19.74%, Test: 20.00%, Best Valid: 21.09%, Best Test: 21.14%
Epoch: 2000, Loss: 0.0028, Train: 23.24%, Valid: 20.19%, Test: 21.58%, Best Valid: 21.09%, Best Test: 21.14%
Epoch: 2100, Loss: 0.0078, Train: 22.61%, Valid: 19.49%, Test: 20.31%, Best Valid: 21.09%, Best Test: 21.14%
Epoch: 2200, Loss: 0.0200, Train: 22.76%, Valid: 20.21%, Test: 21.21%, Best Valid: 21.09%, Best Test: 21.14%
Epoch: 2300, Loss: 0.0035, Train: 22.56%, Valid: 19.79%, Test: 20.35%, Best Valid: 21.09%, Best Test: 21.14%
Epoch: 2400, Loss: 0.0049, Train: 22.54%, Valid: 20.11%, Test: 20.74%, Best Valid: 21.43%, Best Test: 21.30%
Run 08:
Highest Train: 24.53
Highest Valid: 21.43
Highest Test: 21.94
Chosen epoch: 2355
Final Train: 23.49
Final Test: 21.30
Label budget: 20/class -> 360 train nodes
Epoch: 00, Loss: 3.0591, Train: 10.67%, Valid: 10.86%, Test: 10.91%, Best Valid: 10.86%, Best Test: 10.91%
Epoch: 100, Loss: 0.8189, Train: 18.99%, Valid: 16.54%, Test: 16.41%, Best Valid: 17.35%, Best Test: 16.94%
Epoch: 200, Loss: 0.1505, Train: 21.09%, Valid: 18.39%, Test: 17.63%, Best Valid: 19.45%, Best Test: 19.03%
Epoch: 300, Loss: 0.0963, Train: 20.42%, Valid: 18.08%, Test: 17.56%, Best Valid: 19.59%, Best Test: 18.78%
Epoch: 400, Loss: 0.0422, Train: 20.39%, Valid: 18.06%, Test: 18.00%, Best Valid: 19.59%, Best Test: 18.78%
Epoch: 500, Loss: 0.0269, Train: 21.85%, Valid: 18.80%, Test: 18.37%, Best Valid: 19.59%, Best Test: 18.78%
Epoch: 600, Loss: 0.0427, Train: 20.17%, Valid: 17.83%, Test: 17.15%, Best Valid: 19.59%, Best Test: 18.78%
Epoch: 700, Loss: 0.0209, Train: 20.31%, Valid: 17.63%, Test: 17.79%, Best Valid: 19.59%, Best Test: 18.78%
Epoch: 800, Loss: 0.0147, Train: 20.66%, Valid: 17.32%, Test: 17.76%, Best Valid: 19.59%, Best Test: 18.78%
Epoch: 900, Loss: 0.0105, Train: 20.87%, Valid: 18.04%, Test: 18.28%, Best Valid: 19.59%, Best Test: 18.78%
Epoch: 1000, Loss: 0.0222, Train: 21.11%, Valid: 18.09%, Test: 18.32%, Best Valid: 19.59%, Best Test: 18.78%
Epoch: 1100, Loss: 0.0105, Train: 21.03%, Valid: 17.97%, Test: 18.00%, Best Valid: 19.59%, Best Test: 18.78%
Epoch: 1200, Loss: 0.0060, Train: 21.26%, Valid: 18.46%, Test: 18.90%, Best Valid: 19.59%, Best Test: 18.78%
Epoch: 1300, Loss: 0.0526, Train: 21.23%, Valid: 18.06%, Test: 18.32%, Best Valid: 19.59%, Best Test: 18.78%
Epoch: 1400, Loss: 0.0450, Train: 21.24%, Valid: 17.74%, Test: 19.01%, Best Valid: 19.59%, Best Test: 18.78%
Epoch: 1500, Loss: 0.0031, Train: 21.67%, Valid: 18.08%, Test: 18.62%, Best Valid: 19.59%, Best Test: 18.78%
Epoch: 1600, Loss: 0.0089, Train: 21.29%, Valid: 18.06%, Test: 18.99%, Best Valid: 19.59%, Best Test: 18.78%
Epoch: 1700, Loss: 0.0245, Train: 21.28%, Valid: 18.13%, Test: 18.48%, Best Valid: 19.66%, Best Test: 19.04%
Epoch: 1800, Loss: 0.0131, Train: 20.58%, Valid: 16.88%, Test: 17.90%, Best Valid: 19.66%, Best Test: 19.04%
Epoch: 1900, Loss: 0.0120, Train: 20.88%, Valid: 17.93%, Test: 18.66%, Best Valid: 19.79%, Best Test: 19.73%
Epoch: 2000, Loss: 0.0206, Train: 21.60%, Valid: 18.32%, Test: 19.56%, Best Valid: 19.79%, Best Test: 19.73%
Epoch: 2100, Loss: 0.0157, Train: 21.53%, Valid: 18.09%, Test: 18.69%, Best Valid: 19.79%, Best Test: 19.73%
Epoch: 2200, Loss: 0.0026, Train: 22.02%, Valid: 18.91%, Test: 19.26%, Best Valid: 19.79%, Best Test: 19.73%
Epoch: 2300, Loss: 0.0019, Train: 20.49%, Valid: 17.30%, Test: 17.61%, Best Valid: 19.79%, Best Test: 19.73%
Epoch: 2400, Loss: 0.0082, Train: 21.97%, Valid: 18.52%, Test: 18.96%, Best Valid: 19.79%, Best Test: 19.73%
Run 09:
Highest Train: 22.96
Highest Valid: 19.79
Highest Test: 19.94
Chosen epoch: 1817
Final Train: 22.96
Final Test: 19.73
Label budget: 20/class -> 360 train nodes
Epoch: 00, Loss: 3.0353, Train: 4.17%, Valid: 4.17%, Test: 4.17%, Best Valid: 4.17%, Best Test: 4.17%
Epoch: 100, Loss: 0.8189, Train: 19.22%, Valid: 19.06%, Test: 17.31%, Best Valid: 19.06%, Best Test: 17.31%
Epoch: 200, Loss: 0.1127, Train: 20.96%, Valid: 19.38%, Test: 18.71%, Best Valid: 20.30%, Best Test: 18.88%
Epoch: 300, Loss: 0.0810, Train: 20.66%, Valid: 19.06%, Test: 18.69%, Best Valid: 20.46%, Best Test: 19.68%
Epoch: 400, Loss: 0.0667, Train: 19.89%, Valid: 18.38%, Test: 18.16%, Best Valid: 20.60%, Best Test: 20.08%
Epoch: 500, Loss: 0.0257, Train: 21.51%, Valid: 20.16%, Test: 19.71%, Best Valid: 20.64%, Best Test: 20.03%
Epoch: 600, Loss: 0.0240, Train: 20.55%, Valid: 19.08%, Test: 18.58%, Best Valid: 20.64%, Best Test: 20.03%
Epoch: 700, Loss: 0.0229, Train: 21.16%, Valid: 19.10%, Test: 19.93%, Best Valid: 20.85%, Best Test: 20.65%
Epoch: 800, Loss: 0.0129, Train: 21.59%, Valid: 20.67%, Test: 19.50%, Best Valid: 20.85%, Best Test: 20.65%
Epoch: 900, Loss: 0.0089, Train: 20.97%, Valid: 19.14%, Test: 18.48%, Best Valid: 20.86%, Best Test: 20.24%
Epoch: 1000, Loss: 0.0311, Train: 21.22%, Valid: 19.84%, Test: 19.20%, Best Valid: 21.29%, Best Test: 20.83%
Epoch: 1100, Loss: 0.0148, Train: 21.86%, Valid: 19.61%, Test: 19.52%, Best Valid: 21.29%, Best Test: 20.83%
Epoch: 1200, Loss: 0.0129, Train: 21.62%, Valid: 19.88%, Test: 19.48%, Best Valid: 21.29%, Best Test: 20.83%
Epoch: 1300, Loss: 0.0167, Train: 21.80%, Valid: 19.66%, Test: 20.08%, Best Valid: 21.94%, Best Test: 21.64%
Epoch: 1400, Loss: 0.0057, Train: 22.26%, Valid: 21.06%, Test: 20.19%, Best Valid: 21.94%, Best Test: 21.64%
Epoch: 1500, Loss: 0.0061, Train: 22.09%, Valid: 20.76%, Test: 20.10%, Best Valid: 21.94%, Best Test: 21.64%
Epoch: 1600, Loss: 0.0041, Train: 21.43%, Valid: 19.82%, Test: 19.34%, Best Valid: 21.94%, Best Test: 21.64%
Epoch: 1700, Loss: 0.0193, Train: 21.79%, Valid: 20.97%, Test: 20.30%, Best Valid: 21.94%, Best Test: 21.64%
Epoch: 1800, Loss: 0.0313, Train: 21.67%, Valid: 20.44%, Test: 19.36%, Best Valid: 21.94%, Best Test: 21.64%
Epoch: 1900, Loss: 0.0167, Train: 22.56%, Valid: 21.15%, Test: 20.83%, Best Valid: 21.94%, Best Test: 21.64%
Epoch: 2000, Loss: 0.0074, Train: 21.76%, Valid: 20.41%, Test: 20.38%, Best Valid: 21.94%, Best Test: 21.64%
Epoch: 2100, Loss: 0.0100, Train: 21.66%, Valid: 20.55%, Test: 19.82%, Best Valid: 21.94%, Best Test: 21.64%
Epoch: 2200, Loss: 0.0132, Train: 21.77%, Valid: 20.85%, Test: 20.24%, Best Valid: 21.94%, Best Test: 21.64%
Epoch: 2300, Loss: 0.0069, Train: 21.42%, Valid: 20.14%, Test: 19.68%, Best Valid: 21.94%, Best Test: 21.64%
Epoch: 2400, Loss: 0.0016, Train: 22.18%, Valid: 20.78%, Test: 20.12%, Best Valid: 21.94%, Best Test: 21.64%
Run 10:
Highest Train: 23.16
Highest Valid: 22.14
Highest Test: 21.66
Chosen epoch: 2419
Final Train: 22.87
Final Test: 20.88
All runs:
Highest Train: 23.48 ± 1.19
Highest Test: 21.05 ± 1.16
Highest Valid: 21.03 ± 1.24
  Final Train: 23.01 ± 1.12
   Final Test: 20.67 ± 1.08
Saving results to results/lowlabel/roman-empire/MPNN_gcn.csv
Low-label sweep completed.
Task 365 done.
