Wed Aug  5 18:27:35 2026       
+-----------------------------------------------------------------------------------------+
| NVIDIA-SMI 580.159.04             Driver Version: 580.159.04     CUDA Version: 13.0     |
+-----------------------------------------+------------------------+----------------------+
| GPU  Name                 Persistence-M | Bus-Id          Disp.A | Volatile Uncorr. ECC |
| Fan  Temp   Perf          Pwr:Usage/Cap |           Memory-Usage | GPU-Util  Compute M. |
|                                         |                        |               MIG M. |
|=========================================+========================+======================|
|   0  NVIDIA A100-SXM4-80GB          On  |   00000000:01:00.0 Off |                   On |
| N/A   51C    P0            256W /  500W |   23414MiB /  81920MiB |     N/A      Default |
|                                         |                        |              Enabled |
+-----------------------------------------+------------------------+----------------------+
|   1  NVIDIA A100-SXM4-80GB          On  |   00000000:41:00.0 Off |                   On |
| N/A   46C    P0            201W /  500W |   23274MiB /  81920MiB |     N/A      Default |
|                                         |                        |              Enabled |
+-----------------------------------------+------------------------+----------------------+
|   2  NVIDIA A100-SXM4-80GB          On  |   00000000:81:00.0 Off |                   On |
| N/A   55C    P0            208W /  500W |   21464MiB /  81920MiB |     N/A      Default |
|                                         |                        |              Enabled |
+-----------------------------------------+------------------------+----------------------+
|   3  NVIDIA A100-SXM4-80GB          On  |   00000000:C1:00.0 Off |                   On |
| N/A   35C    P0            132W /  500W |    2190MiB /  81920MiB |     N/A      Default |
|                                         |                        |              Enabled |
+-----------------------------------------+------------------------+----------------------+

+-----------------------------------------------------------------------------------------+
| MIG devices:                                                                            |
+------------------+----------------------------------+-----------+-----------------------+
| GPU  GI  CI  MIG |              Shared Memory-Usage |        Vol|        Shared         |
|      ID  ID  Dev |                Shared BAR1-Usage | SM     Unc| CE ENC  DEC  OFA  JPG |
|                  |                                  |        ECC|                       |
|==================+==================================+===========+=======================|
|  2    3   0   0  |              71MiB / 19968MiB    | 28      0 |  2   0    1    0    0 |
|                  |               0MiB / 12271MiB    |           |                       |
+------------------+----------------------------------+-----------+-----------------------+

+-----------------------------------------------------------------------------------------+
| Processes:                                                                              |
|  GPU   GI   CI              PID   Type   Process name                        GPU Memory |
|        ID   ID                                                               Usage      |
|=========================================================================================|
|    0    2    0            81653      C   python                                21206MiB |
|    0    3    0           108340      C   python                                 1942MiB |
|    1    2    0            81652      C   python                                21206MiB |
|    1    3    0           115036      C   python                                 1862MiB |
|    3    5    0           112412      C   python                                 1930MiB |
+-----------------------------------------------------------------------------------------+
Cell: citeseer / polynormer / budget 10 per class / group 0
python main.py --model polynormer --dataset citeseer --lr 0.001 --hidden_channels 64 --dropout 0.5 --weight_decay 0.0005 --num_heads 8 --runs 10 --device 0 --result_dir ../results/lowlabel --model_dir models/lowlabel_1161133_85 --paired_seeds --rand_split_class --valid_num 500 --test_num 1000 --seed 123 --local_layers 7 --global_layers 2 --local_epochs 100 --global_epochs 1000 --beta -1.0 --in_dropout 0.2 --save_model --label_num_per_class 10 --resample_split_per_run --budget_tag 10
==========================================================
Low-label sweep: python main.py --model polynormer --dataset citeseer --lr 0.001 --hidden_channels 64 --dropout 0.5 --weight_decay 0.0005 --num_heads 8 --runs 10 --device 0 --result_dir ../results/lowlabel --model_dir models/lowlabel_1161133_85 --paired_seeds --rand_split_class --valid_num 500 --test_num 1000 --seed 123 --local_layers 7 --global_layers 2 --local_epochs 100 --global_epochs 1000 --beta -1.0 --in_dropout 0.2 --save_model --label_num_per_class 10 --resample_split_per_run --budget_tag 10
result_dir=../results/lowlabel conditions=[baseline]
==========================================================
--- baseline ---
Namespace(aggregate='add', alpha=0.5, attention='gcn', beta=-1.0, bn=False, budget_tag='10', count_reg=False, count_smoothing=1.0, cpu=False, data_dir='../data/', dataset='citeseer', device=0, dim_inner=64, display_step=100, dropout=0.5, epochs=500, global_dropout=None, global_epochs=1000, global_layers=2, gnn='gcn', graph_weight=0.8, hidden_channels=64, hops=10, in_dropout=0.2, jk=False, label_num_per_class=10, lambda_val=0.5, layers=1, ln=False, local_epochs=100, local_gnn_type='GCN', local_layers=7, lr=0.001, metric='acc', mlp_epochs=500, mlp_reg=False, model='polynormer', model_dir='models/lowlabel_1161133_85', n_heads=8, num_centroids=4096, num_heads=8, oracle_reg=False, paired_seeds=True, pe_types='RWSE', penalty_transform='none', pre_linear=False, pre_ln=False, rand_split=False, rand_split_class=True, reg_start_epoch=10, reg_update_freq=5, res=False, resample_split_per_run=True, result_dir='../results/lowlabel', runs=10, save_model=True, save_result=False, seed=123, test_num=1000, tr_dropout=None, tr_layers=1, tr_weight_decay=None, train_per_class=0, train_prop=0.5, use_act=False, use_bn=False, use_graph=False, use_reg=False, use_residual=False, use_weight=False, valid_num=500, valid_per_class=0, valid_prop=0.25, weight_decay=0.0005)
citeseer
Num nodes: 3327
train:torch.Size([60]), valid:torch.Size([500]), test:torch.Size([1000])
dataset citeseer | num nodes 3327 | num edge 9104 | num node feats 3703 | num classes 6
MODEL: Polynormer(
  (h_lins): ModuleList(
    (0): Linear(in_features=512, out_features=512, bias=True)
    (1): Linear(in_features=512, out_features=512, bias=True)
    (2): Linear(in_features=512, out_features=512, bias=True)
    (3): Linear(in_features=512, out_features=512, bias=True)
    (4): Linear(in_features=512, out_features=512, bias=True)
    (5): Linear(in_features=512, out_features=512, bias=True)
    (6): Linear(in_features=512, out_features=512, bias=True)
  )
  (local_convs): ModuleList(
    (0): GATConv(512, 64, heads=8)
    (1): GATConv(512, 64, heads=8)
    (2): GATConv(512, 64, heads=8)
    (3): GATConv(512, 64, heads=8)
    (4): GATConv(512, 64, heads=8)
    (5): GATConv(512, 64, heads=8)
    (6): GATConv(512, 64, heads=8)
  )
  (lins): ModuleList(
    (0): Linear(in_features=512, out_features=512, bias=True)
    (1): Linear(in_features=512, out_features=512, bias=True)
    (2): Linear(in_features=512, out_features=512, bias=True)
    (3): Linear(in_features=512, out_features=512, bias=True)
    (4): Linear(in_features=512, out_features=512, bias=True)
    (5): Linear(in_features=512, out_features=512, bias=True)
    (6): Linear(in_features=512, out_features=512, bias=True)
  )
  (lns): ModuleList(
    (0): LayerNorm((512,), eps=1e-05, elementwise_affine=True)
    (1): LayerNorm((512,), eps=1e-05, elementwise_affine=True)
    (2): LayerNorm((512,), eps=1e-05, elementwise_affine=True)
    (3): LayerNorm((512,), eps=1e-05, elementwise_affine=True)
    (4): LayerNorm((512,), eps=1e-05, elementwise_affine=True)
    (5): LayerNorm((512,), eps=1e-05, elementwise_affine=True)
    (6): LayerNorm((512,), eps=1e-05, elementwise_affine=True)
  )
  (lin_in): Linear(in_features=3703, out_features=512, bias=True)
  (ln): LayerNorm((512,), eps=1e-05, elementwise_affine=True)
  (global_attn): GlobalAttn(
    (h_lins): ModuleList(
      (0): Linear(in_features=512, out_features=512, bias=True)
      (1): Linear(in_features=512, out_features=512, bias=True)
    )
    (k_lins): ModuleList(
      (0): Linear(in_features=512, out_features=512, bias=True)
      (1): Linear(in_features=512, out_features=512, bias=True)
    )
    (v_lins): ModuleList(
      (0): Linear(in_features=512, out_features=512, bias=True)
      (1): Linear(in_features=512, out_features=512, bias=True)
    )
    (lns): ModuleList(
      (0): LayerNorm((512,), eps=1e-05, elementwise_affine=True)
      (1): LayerNorm((512,), eps=1e-05, elementwise_affine=True)
    )
    (lin_out): Linear(in_features=512, out_features=512, bias=True)
  )
  (pred_local): Linear(in_features=512, out_features=6, bias=True)
  (pred_global): Linear(in_features=512, out_features=6, bias=True)
)
train:torch.Size([60]), valid:torch.Size([500]), test:torch.Size([1000])
Epoch: 00, Loss: 2.2220, Train: 20.00%, Valid: 17.80%, Test: 16.10%, Best Valid: 17.80%, Best Test: 16.10%
Switching Polynormer to global attention phase.
Epoch: 100, Loss: 1.8161, Train: 20.00%, Valid: 20.00%, Test: 21.60%, Best Valid: 55.20%, Best Test: 56.60%
Epoch: 200, Loss: 0.0094, Train: 100.00%, Valid: 48.60%, Test: 48.70%, Best Valid: 55.60%, Best Test: 56.90%
Epoch: 300, Loss: 0.0000, Train: 100.00%, Valid: 52.20%, Test: 56.00%, Best Valid: 55.60%, Best Test: 56.90%
Epoch: 400, Loss: 0.0000, Train: 100.00%, Valid: 50.60%, Test: 53.40%, Best Valid: 55.60%, Best Test: 56.90%
Epoch: 500, Loss: 0.0000, Train: 100.00%, Valid: 51.80%, Test: 53.20%, Best Valid: 55.60%, Best Test: 56.90%
Epoch: 600, Loss: 0.0003, Train: 100.00%, Valid: 47.20%, Test: 49.60%, Best Valid: 55.60%, Best Test: 56.90%
Epoch: 700, Loss: 0.0000, Train: 100.00%, Valid: 45.80%, Test: 49.80%, Best Valid: 55.60%, Best Test: 56.90%
Epoch: 800, Loss: 0.0001, Train: 100.00%, Valid: 44.00%, Test: 46.30%, Best Valid: 55.60%, Best Test: 56.90%
Epoch: 900, Loss: 0.0000, Train: 100.00%, Valid: 50.60%, Test: 52.90%, Best Valid: 55.60%, Best Test: 56.90%
Epoch: 1000, Loss: 0.0001, Train: 100.00%, Valid: 49.80%, Test: 52.00%, Best Valid: 55.60%, Best Test: 56.90%
Run 01:
Highest Train: 100.00
Highest Valid: 55.60
Highest Test: 57.20
Chosen epoch: 142
Final Train: 100.00
Final Test: 56.90
train:torch.Size([60]), valid:torch.Size([500]), test:torch.Size([1000])
Epoch: 00, Loss: 2.1282, Train: 28.33%, Valid: 18.00%, Test: 17.70%, Best Valid: 18.00%, Best Test: 17.70%
Switching Polynormer to global attention phase.
Epoch: 100, Loss: 1.7918, Train: 16.67%, Valid: 16.20%, Test: 15.30%, Best Valid: 62.60%, Best Test: 62.60%
Epoch: 200, Loss: 0.0608, Train: 100.00%, Valid: 62.80%, Test: 63.00%, Best Valid: 63.40%, Best Test: 63.40%
Epoch: 300, Loss: 0.0002, Train: 100.00%, Valid: 58.80%, Test: 61.30%, Best Valid: 63.40%, Best Test: 63.40%
Epoch: 400, Loss: 0.0000, Train: 100.00%, Valid: 58.80%, Test: 58.90%, Best Valid: 65.20%, Best Test: 64.50%
Epoch: 500, Loss: 0.1928, Train: 98.33%, Valid: 59.00%, Test: 60.40%, Best Valid: 65.20%, Best Test: 64.50%
Epoch: 600, Loss: 0.0182, Train: 100.00%, Valid: 58.00%, Test: 59.90%, Best Valid: 65.20%, Best Test: 64.50%
Epoch: 700, Loss: 0.0001, Train: 100.00%, Valid: 60.40%, Test: 60.60%, Best Valid: 65.20%, Best Test: 64.50%
Epoch: 800, Loss: 0.0001, Train: 100.00%, Valid: 57.60%, Test: 59.70%, Best Valid: 65.20%, Best Test: 64.50%
Epoch: 900, Loss: 0.0004, Train: 100.00%, Valid: 56.60%, Test: 59.50%, Best Valid: 65.20%, Best Test: 64.50%
Epoch: 1000, Loss: 0.0004, Train: 100.00%, Valid: 60.60%, Test: 60.90%, Best Valid: 65.20%, Best Test: 64.50%
Run 02:
Highest Train: 100.00
Highest Valid: 65.20
Highest Test: 64.60
Chosen epoch: 334
Final Train: 100.00
Final Test: 64.50
train:torch.Size([60]), valid:torch.Size([500]), test:torch.Size([1000])
Epoch: 00, Loss: 2.1559, Train: 26.67%, Valid: 21.80%, Test: 18.50%, Best Valid: 21.80%, Best Test: 18.50%
Switching Polynormer to global attention phase.
Epoch: 100, Loss: 1.7918, Train: 16.67%, Valid: 7.20%, Test: 6.70%, Best Valid: 65.00%, Best Test: 61.10%
Epoch: 200, Loss: 0.0382, Train: 100.00%, Valid: 58.80%, Test: 59.10%, Best Valid: 65.80%, Best Test: 62.40%
Epoch: 300, Loss: 0.0002, Train: 100.00%, Valid: 60.40%, Test: 61.50%, Best Valid: 65.80%, Best Test: 62.40%
Epoch: 400, Loss: 0.0006, Train: 100.00%, Valid: 55.60%, Test: 53.00%, Best Valid: 65.80%, Best Test: 62.40%
Epoch: 500, Loss: 0.0041, Train: 100.00%, Valid: 51.20%, Test: 49.40%, Best Valid: 65.80%, Best Test: 62.40%
Epoch: 600, Loss: 0.0040, Train: 100.00%, Valid: 51.60%, Test: 55.40%, Best Valid: 65.80%, Best Test: 62.40%
Epoch: 700, Loss: 0.0000, Train: 100.00%, Valid: 55.80%, Test: 57.50%, Best Valid: 65.80%, Best Test: 62.40%
Epoch: 800, Loss: 0.0037, Train: 100.00%, Valid: 53.20%, Test: 53.70%, Best Valid: 65.80%, Best Test: 62.40%
Epoch: 900, Loss: 0.0036, Train: 100.00%, Valid: 58.00%, Test: 55.40%, Best Valid: 65.80%, Best Test: 62.40%
Epoch: 1000, Loss: 0.0001, Train: 100.00%, Valid: 60.20%, Test: 54.60%, Best Valid: 65.80%, Best Test: 62.40%
Run 03:
Highest Train: 100.00
Highest Valid: 65.80
Highest Test: 62.50
Chosen epoch: 150
Final Train: 100.00
Final Test: 62.40
train:torch.Size([60]), valid:torch.Size([500]), test:torch.Size([1000])
Epoch: 00, Loss: 2.2829, Train: 20.00%, Valid: 19.00%, Test: 15.70%, Best Valid: 19.00%, Best Test: 15.70%
Switching Polynormer to global attention phase.
Epoch: 100, Loss: 1.7918, Train: 16.67%, Valid: 15.40%, Test: 14.80%, Best Valid: 61.00%, Best Test: 63.30%
Epoch: 200, Loss: 0.0080, Train: 100.00%, Valid: 56.00%, Test: 60.90%, Best Valid: 61.00%, Best Test: 63.30%
Epoch: 300, Loss: 0.0004, Train: 100.00%, Valid: 53.80%, Test: 58.70%, Best Valid: 61.00%, Best Test: 63.30%
Epoch: 400, Loss: 0.0000, Train: 100.00%, Valid: 56.40%, Test: 60.50%, Best Valid: 61.00%, Best Test: 63.30%
Epoch: 500, Loss: 0.0001, Train: 100.00%, Valid: 52.60%, Test: 56.10%, Best Valid: 61.00%, Best Test: 63.30%
Epoch: 600, Loss: 0.0004, Train: 100.00%, Valid: 53.60%, Test: 55.80%, Best Valid: 61.00%, Best Test: 63.30%
Epoch: 700, Loss: 0.0000, Train: 100.00%, Valid: 55.00%, Test: 57.80%, Best Valid: 61.00%, Best Test: 63.30%
Epoch: 800, Loss: 0.0003, Train: 100.00%, Valid: 55.40%, Test: 59.00%, Best Valid: 61.00%, Best Test: 63.30%
Epoch: 900, Loss: 0.2443, Train: 100.00%, Valid: 57.20%, Test: 59.70%, Best Valid: 61.00%, Best Test: 63.30%
Epoch: 1000, Loss: 0.0001, Train: 100.00%, Valid: 52.80%, Test: 55.70%, Best Valid: 61.00%, Best Test: 63.30%
Run 04:
Highest Train: 100.00
Highest Valid: 61.00
Highest Test: 64.20
Chosen epoch: 54
Final Train: 100.00
Final Test: 63.30
train:torch.Size([60]), valid:torch.Size([500]), test:torch.Size([1000])
Epoch: 00, Loss: 2.2813, Train: 31.67%, Valid: 16.80%, Test: 16.40%, Best Valid: 16.80%, Best Test: 16.40%
Switching Polynormer to global attention phase.
Epoch: 100, Loss: 1.7918, Train: 16.67%, Valid: 8.00%, Test: 8.00%, Best Valid: 63.60%, Best Test: 64.80%
Epoch: 200, Loss: 0.0056, Train: 100.00%, Valid: 57.40%, Test: 63.90%, Best Valid: 63.60%, Best Test: 64.80%
Epoch: 300, Loss: 0.0002, Train: 100.00%, Valid: 59.40%, Test: 64.20%, Best Valid: 63.60%, Best Test: 64.80%
Epoch: 400, Loss: 0.0001, Train: 100.00%, Valid: 57.20%, Test: 60.90%, Best Valid: 63.60%, Best Test: 64.80%
Epoch: 500, Loss: 0.0011, Train: 100.00%, Valid: 57.00%, Test: 58.80%, Best Valid: 63.60%, Best Test: 64.80%
Epoch: 600, Loss: 0.0004, Train: 100.00%, Valid: 53.60%, Test: 59.50%, Best Valid: 63.60%, Best Test: 64.80%
Epoch: 700, Loss: 0.0001, Train: 100.00%, Valid: 56.00%, Test: 60.10%, Best Valid: 63.60%, Best Test: 64.80%
Epoch: 800, Loss: 0.0050, Train: 100.00%, Valid: 56.00%, Test: 60.70%, Best Valid: 63.60%, Best Test: 64.80%
Epoch: 900, Loss: 0.0000, Train: 100.00%, Valid: 55.60%, Test: 60.70%, Best Valid: 63.60%, Best Test: 64.80%
Epoch: 1000, Loss: 0.0001, Train: 100.00%, Valid: 55.80%, Test: 60.80%, Best Valid: 63.60%, Best Test: 64.80%
Run 05:
Highest Train: 100.00
Highest Valid: 63.60
Highest Test: 65.10
Chosen epoch: 49
Final Train: 100.00
Final Test: 64.80
train:torch.Size([60]), valid:torch.Size([500]), test:torch.Size([1000])
Epoch: 00, Loss: 2.2034, Train: 36.67%, Valid: 16.20%, Test: 16.60%, Best Valid: 16.20%, Best Test: 16.60%
Switching Polynormer to global attention phase.
Epoch: 100, Loss: 1.7918, Train: 16.67%, Valid: 17.60%, Test: 19.40%, Best Valid: 65.20%, Best Test: 63.80%
Epoch: 200, Loss: 0.0366, Train: 100.00%, Valid: 54.80%, Test: 53.10%, Best Valid: 65.20%, Best Test: 63.80%
Epoch: 300, Loss: 0.0590, Train: 100.00%, Valid: 57.80%, Test: 54.20%, Best Valid: 65.20%, Best Test: 63.80%
Epoch: 400, Loss: 0.0000, Train: 100.00%, Valid: 52.40%, Test: 50.70%, Best Valid: 65.20%, Best Test: 63.80%
Epoch: 500, Loss: 0.0250, Train: 100.00%, Valid: 61.40%, Test: 59.10%, Best Valid: 65.20%, Best Test: 63.80%
Epoch: 600, Loss: 0.0002, Train: 100.00%, Valid: 61.00%, Test: 58.40%, Best Valid: 65.20%, Best Test: 63.80%
Epoch: 700, Loss: 0.0065, Train: 100.00%, Valid: 61.60%, Test: 58.50%, Best Valid: 65.20%, Best Test: 63.80%
Epoch: 800, Loss: 0.0001, Train: 100.00%, Valid: 62.60%, Test: 58.50%, Best Valid: 65.20%, Best Test: 63.80%
Epoch: 900, Loss: 0.0001, Train: 100.00%, Valid: 62.60%, Test: 58.90%, Best Valid: 65.20%, Best Test: 63.80%
Epoch: 1000, Loss: 0.0032, Train: 100.00%, Valid: 61.20%, Test: 56.60%, Best Valid: 65.20%, Best Test: 63.80%
Run 06:
Highest Train: 100.00
Highest Valid: 65.20
Highest Test: 64.60
Chosen epoch: 68
Final Train: 100.00
Final Test: 63.80
train:torch.Size([60]), valid:torch.Size([500]), test:torch.Size([1000])
Epoch: 00, Loss: 2.1646, Train: 10.00%, Valid: 18.20%, Test: 17.10%, Best Valid: 18.20%, Best Test: 17.10%
Switching Polynormer to global attention phase.
Epoch: 100, Loss: 1.7917, Train: 16.67%, Valid: 6.40%, Test: 9.70%, Best Valid: 66.00%, Best Test: 61.40%
Epoch: 200, Loss: 0.0059, Train: 100.00%, Valid: 56.00%, Test: 53.00%, Best Valid: 66.00%, Best Test: 61.40%
Epoch: 300, Loss: 0.0001, Train: 100.00%, Valid: 56.00%, Test: 51.60%, Best Valid: 66.00%, Best Test: 61.40%
Epoch: 400, Loss: 0.0003, Train: 100.00%, Valid: 58.20%, Test: 57.70%, Best Valid: 66.00%, Best Test: 61.40%
Epoch: 500, Loss: 0.1167, Train: 100.00%, Valid: 58.40%, Test: 57.20%, Best Valid: 66.00%, Best Test: 61.40%
Epoch: 600, Loss: 0.0003, Train: 100.00%, Valid: 54.40%, Test: 54.80%, Best Valid: 66.00%, Best Test: 61.40%
Epoch: 700, Loss: 0.0002, Train: 100.00%, Valid: 59.40%, Test: 58.60%, Best Valid: 66.00%, Best Test: 61.40%
Epoch: 800, Loss: 0.0001, Train: 100.00%, Valid: 58.80%, Test: 57.90%, Best Valid: 66.00%, Best Test: 61.40%
Epoch: 900, Loss: 0.0003, Train: 100.00%, Valid: 59.20%, Test: 58.40%, Best Valid: 66.00%, Best Test: 61.40%
Epoch: 1000, Loss: 0.0003, Train: 100.00%, Valid: 59.00%, Test: 58.90%, Best Valid: 66.00%, Best Test: 61.40%
Run 07:
Highest Train: 100.00
Highest Valid: 66.00
Highest Test: 63.50
Chosen epoch: 50
Final Train: 100.00
Final Test: 61.40
train:torch.Size([60]), valid:torch.Size([500]), test:torch.Size([1000])
Epoch: 00, Loss: 2.2458, Train: 20.00%, Valid: 20.60%, Test: 19.70%, Best Valid: 20.60%, Best Test: 19.70%
Switching Polynormer to global attention phase.
Epoch: 100, Loss: 1.7918, Train: 16.67%, Valid: 18.40%, Test: 17.60%, Best Valid: 63.00%, Best Test: 63.90%
Epoch: 200, Loss: 0.0308, Train: 100.00%, Valid: 55.60%, Test: 59.00%, Best Valid: 63.00%, Best Test: 63.90%
Epoch: 300, Loss: 0.0003, Train: 100.00%, Valid: 53.80%, Test: 57.30%, Best Valid: 63.00%, Best Test: 63.90%
Epoch: 400, Loss: 0.0002, Train: 100.00%, Valid: 56.80%, Test: 60.00%, Best Valid: 63.00%, Best Test: 63.90%
Epoch: 500, Loss: 0.0003, Train: 100.00%, Valid: 55.40%, Test: 60.30%, Best Valid: 63.00%, Best Test: 63.90%
Epoch: 600, Loss: 0.0006, Train: 100.00%, Valid: 56.80%, Test: 62.10%, Best Valid: 63.00%, Best Test: 63.90%
Epoch: 700, Loss: 0.0007, Train: 100.00%, Valid: 48.60%, Test: 52.20%, Best Valid: 63.00%, Best Test: 63.90%
Epoch: 800, Loss: 0.0002, Train: 100.00%, Valid: 55.40%, Test: 58.60%, Best Valid: 63.00%, Best Test: 63.90%
Epoch: 900, Loss: 0.0001, Train: 100.00%, Valid: 56.00%, Test: 59.20%, Best Valid: 63.00%, Best Test: 63.90%
Epoch: 1000, Loss: 0.0003, Train: 100.00%, Valid: 56.60%, Test: 59.70%, Best Valid: 63.00%, Best Test: 63.90%
Run 08:
Highest Train: 100.00
Highest Valid: 63.00
Highest Test: 64.20
Chosen epoch: 52
Final Train: 100.00
Final Test: 63.90
train:torch.Size([60]), valid:torch.Size([500]), test:torch.Size([1000])
Epoch: 00, Loss: 2.1730, Train: 21.67%, Valid: 15.60%, Test: 15.40%, Best Valid: 15.60%, Best Test: 15.40%
Switching Polynormer to global attention phase.
Epoch: 100, Loss: 1.7918, Train: 16.67%, Valid: 6.20%, Test: 8.00%, Best Valid: 67.00%, Best Test: 63.10%
Epoch: 200, Loss: 0.2260, Train: 100.00%, Valid: 56.60%, Test: 53.40%, Best Valid: 67.00%, Best Test: 63.10%
Epoch: 300, Loss: 0.0005, Train: 100.00%, Valid: 54.80%, Test: 51.80%, Best Valid: 67.00%, Best Test: 63.10%
Epoch: 400, Loss: 0.0023, Train: 100.00%, Valid: 56.20%, Test: 54.00%, Best Valid: 67.00%, Best Test: 63.10%
Epoch: 500, Loss: 0.0003, Train: 100.00%, Valid: 54.40%, Test: 52.30%, Best Valid: 67.00%, Best Test: 63.10%
Epoch: 600, Loss: 0.0001, Train: 100.00%, Valid: 52.60%, Test: 51.00%, Best Valid: 67.00%, Best Test: 63.10%
Epoch: 700, Loss: 0.0014, Train: 100.00%, Valid: 53.60%, Test: 52.10%, Best Valid: 67.00%, Best Test: 63.10%
Epoch: 800, Loss: 0.0005, Train: 100.00%, Valid: 54.60%, Test: 52.70%, Best Valid: 67.00%, Best Test: 63.10%
Epoch: 900, Loss: 0.0044, Train: 100.00%, Valid: 54.60%, Test: 53.20%, Best Valid: 67.00%, Best Test: 63.10%
Epoch: 1000, Loss: 0.0002, Train: 100.00%, Valid: 56.60%, Test: 54.40%, Best Valid: 67.00%, Best Test: 63.10%
Run 09:
Highest Train: 100.00
Highest Valid: 67.00
Highest Test: 63.40
Chosen epoch: 66
Final Train: 100.00
Final Test: 63.10
train:torch.Size([60]), valid:torch.Size([500]), test:torch.Size([1000])
Epoch: 00, Loss: 2.2917, Train: 25.00%, Valid: 21.40%, Test: 19.90%, Best Valid: 21.40%, Best Test: 19.90%
Switching Polynormer to global attention phase.
Epoch: 100, Loss: 1.7918, Train: 16.67%, Valid: 22.60%, Test: 21.00%, Best Valid: 67.80%, Best Test: 58.90%
Epoch: 200, Loss: 0.0035, Train: 100.00%, Valid: 55.60%, Test: 48.20%, Best Valid: 67.80%, Best Test: 58.90%
Epoch: 300, Loss: 0.0001, Train: 100.00%, Valid: 65.80%, Test: 62.20%, Best Valid: 67.80%, Best Test: 58.90%
Epoch: 400, Loss: 0.0002, Train: 100.00%, Valid: 56.60%, Test: 49.90%, Best Valid: 67.80%, Best Test: 58.90%
Epoch: 500, Loss: 0.0001, Train: 100.00%, Valid: 61.40%, Test: 56.60%, Best Valid: 67.80%, Best Test: 58.90%
Epoch: 600, Loss: 0.0002, Train: 100.00%, Valid: 62.80%, Test: 55.10%, Best Valid: 67.80%, Best Test: 58.90%
Epoch: 700, Loss: 0.0001, Train: 100.00%, Valid: 62.60%, Test: 55.20%, Best Valid: 67.80%, Best Test: 58.90%
Epoch: 800, Loss: 0.0003, Train: 100.00%, Valid: 61.80%, Test: 55.40%, Best Valid: 67.80%, Best Test: 58.90%
Epoch: 900, Loss: 0.0005, Train: 100.00%, Valid: 62.40%, Test: 54.30%, Best Valid: 67.80%, Best Test: 58.90%
Epoch: 1000, Loss: 0.0004, Train: 100.00%, Valid: 62.20%, Test: 54.70%, Best Valid: 67.80%, Best Test: 58.90%
Run 10:
Highest Train: 100.00
Highest Valid: 67.80
Highest Test: 62.70
Chosen epoch: 88
Final Train: 100.00
Final Test: 58.90
All runs:
Highest Train: 100.00 ± 0.00
Highest Test: 63.20 ± 2.27
Highest Valid: 64.02 ± 3.56
  Final Train: 100.00 ± 0.00
   Final Test: 62.30 ± 2.56
Saving results to ../results/lowlabel/citeseer/polynormer.csv
Low-label sweep completed.
Task 85 done.
