Thu Aug  6 22:52:41 2026       
+-----------------------------------------------------------------------------------------+
| NVIDIA-SMI 580.159.04             Driver Version: 580.159.04     CUDA Version: 13.0     |
+-----------------------------------------+------------------------+----------------------+
| GPU  Name                 Persistence-M | Bus-Id          Disp.A | Volatile Uncorr. ECC |
| Fan  Temp   Perf          Pwr:Usage/Cap |           Memory-Usage | GPU-Util  Compute M. |
|                                         |                        |               MIG M. |
|=========================================+========================+======================|
|   0  NVIDIA A100-SXM4-80GB          On  |   00000000:01:00.0 Off |                   On |
| N/A   61C    P0            306W /  500W |   25393MiB /  81920MiB |     N/A      Default |
|                                         |                        |              Enabled |
+-----------------------------------------+------------------------+----------------------+
|   1  NVIDIA A100-SXM4-80GB          On  |   00000000:41:00.0 Off |                   On |
| N/A   44C    P0            188W /  500W |    7623MiB /  81920MiB |     N/A      Default |
|                                         |                        |              Enabled |
+-----------------------------------------+------------------------+----------------------+
|   2  NVIDIA A100-SXM4-80GB          On  |   00000000:81:00.0 Off |                   On |
| N/A   55C    P0            238W /  500W |   42102MiB /  81920MiB |     N/A      Default |
|                                         |                        |              Enabled |
+-----------------------------------------+------------------------+----------------------+
|   3  NVIDIA A100-SXM4-80GB          On  |   00000000:C1:00.0 Off |                   On |
| N/A   39C    P0            137W /  500W |   11419MiB /  81920MiB |     N/A      Default |
|                                         |                        |              Enabled |
+-----------------------------------------+------------------------+----------------------+

+-----------------------------------------------------------------------------------------+
| MIG devices:                                                                            |
+------------------+----------------------------------+-----------+-----------------------+
| GPU  GI  CI  MIG |              Shared Memory-Usage |        Vol|        Shared         |
|      ID  ID  Dev |                Shared BAR1-Usage | SM     Unc| CE ENC  DEC  OFA  JPG |
|                  |                                  |        ECC|                       |
|==================+==================================+===========+=======================|
|  1    5   0   0  |              71MiB / 19968MiB    | 28      0 |  2   0    1    0    0 |
|                  |               0MiB / 12271MiB    |           |                       |
+------------------+----------------------------------+-----------+-----------------------+

+-----------------------------------------------------------------------------------------+
| Processes:                                                                              |
|  GPU   GI   CI              PID   Type   Process name                        GPU Memory |
|        ID   ID                                                               Usage      |
|=========================================================================================|
|    0   13    0          2485351      C   ...ware/symmetrix-env/bin/python        570MiB |
|    0   14    0          2485352      C   ...ware/symmetrix-env/bin/python        572MiB |
|    0    1    0          3275322      C   python                                21166MiB |
|    0    5    0          3293142      C   python                                 2772MiB |
|    2    2    0          2822196      C   python                                39270MiB |
|    2    3    0          3316955      C   python                                 2566MiB |
|    3    5    0          3521358      C   python                                11162MiB |
+-----------------------------------------------------------------------------------------+
Cell: coauthor-cs / gcn / budget 10 per class / group 3
python main.py --gnn gcn --dataset coauthor-cs --hidden_channels 512 --epochs 1500 --lr 0.001 --runs 3 --local_layers 2 --weight_decay 5e-4 --dropout 0.3 --device 0 --ln --res --runs 10 --train_per_class 10 --budget_tag 10
==========================================================
Low-label sweep: python main.py --gnn gcn --dataset coauthor-cs --hidden_channels 512 --epochs 1500 --lr 0.001 --runs 3 --local_layers 2 --weight_decay 5e-4 --dropout 0.3 --device 0 --ln --res --runs 10 --train_per_class 10 --budget_tag 10
result_dir=results/lowlabel conditions=[oracle]
==========================================================
--- oracle_reg | lambda=0.01 ---
