Fri Aug  7 14:30:30 2026       
+-----------------------------------------------------------------------------------------+
| NVIDIA-SMI 580.159.04             Driver Version: 580.159.04     CUDA Version: 13.0     |
+-----------------------------------------+------------------------+----------------------+
| GPU  Name                 Persistence-M | Bus-Id          Disp.A | Volatile Uncorr. ECC |
| Fan  Temp   Perf          Pwr:Usage/Cap |           Memory-Usage | GPU-Util  Compute M. |
|                                         |                        |               MIG M. |
|=========================================+========================+======================|
|   0  NVIDIA A100-SXM4-80GB          On  |   00000000:01:00.0 Off |                   On |
| N/A   49C    P0            244W /  500W |   45977MiB /  81920MiB |     N/A      Default |
|                                         |                        |              Enabled |
+-----------------------------------------+------------------------+----------------------+
|   1  NVIDIA A100-SXM4-80GB          On  |   00000000:41:00.0 Off |                   On |
| N/A   44C    P0            214W /  500W |   16721MiB /  81920MiB |     N/A      Default |
|                                         |                        |              Enabled |
+-----------------------------------------+------------------------+----------------------+
|   2  NVIDIA A100-SXM4-80GB          On  |   00000000:81:00.0 Off |                   On |
| N/A   46C    P0            175W /  500W |   11940MiB /  81920MiB |     N/A      Default |
|                                         |                        |              Enabled |
+-----------------------------------------+------------------------+----------------------+
|   3  NVIDIA A100-SXM4-80GB          On  |   00000000:C1:00.0 Off |                   On |
| N/A   31C    P0             94W /  500W |    5052MiB /  81920MiB |     N/A      Default |
|                                         |                        |              Enabled |
+-----------------------------------------+------------------------+----------------------+

+-----------------------------------------------------------------------------------------+
| MIG devices:                                                                            |
+------------------+----------------------------------+-----------+-----------------------+
| GPU  GI  CI  MIG |              Shared Memory-Usage |        Vol|        Shared         |
|      ID  ID  Dev |                Shared BAR1-Usage | SM     Unc| CE ENC  DEC  OFA  JPG |
|                  |                                  |        ECC|                       |
|==================+==================================+===========+=======================|
|  0    5   0   0  |              71MiB / 19968MiB    | 28      0 |  2   0    1    0    0 |
|                  |               0MiB / 12271MiB    |           |                       |
+------------------+----------------------------------+-----------+-----------------------+

+-----------------------------------------------------------------------------------------+
| Processes:                                                                              |
|  GPU   GI   CI              PID   Type   Process name                        GPU Memory |
|        ID   ID                                                               Usage      |
|=========================================================================================|
|    1   13    0           670774      C   ...ware/symmetrix-env/bin/python       4776MiB |
|    1    1    0           674054      C   ....conda/envs/lmflow/bin/python       5132MiB |
|    1    5    0          1002045      C   python                                 6540MiB |
|    2    2    0           674051      C   ....conda/envs/lmflow/bin/python       5132MiB |
|    2    3    0           989924      C   python                                 6542MiB |
|    3    1    0           674052      C   ....conda/envs/lmflow/bin/python       4794MiB |
+-----------------------------------------------------------------------------------------+
Cell: coauthor-cs / polynormer / budget 50 per class / group 2
python main.py --model polynormer --dataset coauthor-cs --hidden_channels 64 --local_epochs 100 --global_epochs 1500 --lr 0.001 --runs 10 --local_layers 5 --global_layers 2 --weight_decay 5e-4 --dropout 0.3 --in_dropout 0.1 --num_heads 8 --save_model --device 0 --model_dir models/lowlabel_1161133_247 --train_per_class 50 --budget_tag 50
==========================================================
Low-label sweep: python main.py --model polynormer --dataset coauthor-cs --hidden_channels 64 --local_epochs 100 --global_epochs 1500 --lr 0.001 --runs 10 --local_layers 5 --global_layers 2 --weight_decay 5e-4 --dropout 0.3 --in_dropout 0.1 --num_heads 8 --save_model --device 0 --model_dir models/lowlabel_1161133_247 --train_per_class 50 --budget_tag 50
result_dir=../results/lowlabel conditions=[mlp]
==========================================================
--- mlp_reg | lambda=0.01 ---
Namespace(aggregate='add', alpha=0.5, attention='gcn', beta=-1.0, bn=False, budget_tag='50', count_reg=False, count_smoothing=1.0, cpu=False, data_dir='../data/', dataset='coauthor-cs', device=0, dim_inner=64, display_step=100, dropout=0.3, epochs=500, global_dropout=None, global_epochs=1500, global_layers=2, gnn='gcn', graph_weight=0.8, hidden_channels=64, hops=10, in_dropout=0.1, jk=False, label_num_per_class=20, lambda_val=0.01, layers=1, ln=False, local_epochs=100, local_gnn_type='GCN', local_layers=5, lr=0.001, metric='acc', mlp_epochs=500, mlp_reg=True, model='polynormer', model_dir='models/lowlabel_1161133_247', n_heads=8, num_centroids=4096, num_heads=8, oracle_reg=False, paired_seeds=True, pe_types='RWSE', penalty_transform='none', pre_linear=False, pre_ln=False, rand_split=False, rand_split_class=False, reg_start_epoch=10, reg_update_freq=5, res=False, resample_split_per_run=False, result_dir='../results/lowlabel', runs=10, save_model=True, save_result=False, seed=42, test_num=1000, tr_dropout=None, tr_layers=1, tr_weight_decay=None, train_per_class=50, train_prop=0.5, use_act=False, use_bn=False, use_graph=False, use_reg=True, use_residual=False, use_weight=False, valid_num=500, valid_per_class=0, valid_prop=0.25, weight_decay=0.0005)
coauthor-cs
dataset coauthor-cs | num nodes 18333 | num edge 163788 | num node feats 6805 | num classes 15
MODEL: Polynormer(
  (h_lins): ModuleList(
    (0): Linear(in_features=512, out_features=512, bias=True)
    (1): Linear(in_features=512, out_features=512, bias=True)
    (2): Linear(in_features=512, out_features=512, bias=True)
    (3): Linear(in_features=512, out_features=512, bias=True)
    (4): Linear(in_features=512, out_features=512, bias=True)
  )
  (local_convs): ModuleList(
    (0): GATConv(512, 64, heads=8)
    (1): GATConv(512, 64, heads=8)
    (2): GATConv(512, 64, heads=8)
    (3): GATConv(512, 64, heads=8)
    (4): GATConv(512, 64, heads=8)
  )
  (lins): ModuleList(
    (0): Linear(in_features=512, out_features=512, bias=True)
    (1): Linear(in_features=512, out_features=512, bias=True)
    (2): Linear(in_features=512, out_features=512, bias=True)
    (3): Linear(in_features=512, out_features=512, bias=True)
    (4): Linear(in_features=512, out_features=512, bias=True)
  )
  (lns): ModuleList(
    (0): LayerNorm((512,), eps=1e-05, elementwise_affine=True)
    (1): LayerNorm((512,), eps=1e-05, elementwise_affine=True)
    (2): LayerNorm((512,), eps=1e-05, elementwise_affine=True)
    (3): LayerNorm((512,), eps=1e-05, elementwise_affine=True)
    (4): LayerNorm((512,), eps=1e-05, elementwise_affine=True)
  )
  (lin_in): Linear(in_features=6805, out_features=512, bias=True)
  (ln): LayerNorm((512,), eps=1e-05, elementwise_affine=True)
  (global_attn): GlobalAttn(
    (h_lins): ModuleList(
      (0): Linear(in_features=512, out_features=512, bias=True)
      (1): Linear(in_features=512, out_features=512, bias=True)
    )
    (k_lins): ModuleList(
      (0): Linear(in_features=512, out_features=512, bias=True)
      (1): Linear(in_features=512, out_features=512, bias=True)
    )
    (v_lins): ModuleList(
      (0): Linear(in_features=512, out_features=512, bias=True)
      (1): Linear(in_features=512, out_features=512, bias=True)
    )
    (lns): ModuleList(
      (0): LayerNorm((512,), eps=1e-05, elementwise_affine=True)
      (1): LayerNorm((512,), eps=1e-05, elementwise_affine=True)
    )
    (lin_out): Linear(in_features=512, out_features=512, bias=True)
  )
  (pred_local): Linear(in_features=512, out_features=15, bias=True)
  (pred_global): Linear(in_features=512, out_features=15, bias=True)
)
Label budget: 50/class -> 750 train nodes
Pre-training MLP for 500 epochs to generate co-occurrence matrix...
MLP pre-training complete. Penalty matrix frozen.
Epoch: 00, Loss: 2.8990, Train: 12.97%, Valid: 13.31%, Test: 13.47%, Best Valid: 13.31%, Best Test: 13.47%
Switching Polynormer to global attention phase.
Epoch: 100, Loss: 2.7441, Train: 11.11%, Valid: 10.91%, Test: 11.21%, Best Valid: 92.17%, Best Test: 93.84%
Epoch: 200, Loss: 0.0007, Train: 92.34%, Valid: 91.08%, Test: 92.56%, Best Valid: 92.17%, Best Test: 93.84%
Epoch: 300, Loss: 0.0034, Train: 92.59%, Valid: 91.11%, Test: 92.50%, Best Valid: 92.17%, Best Test: 93.84%
Epoch: 400, Loss: 0.0007, Train: 92.62%, Valid: 91.08%, Test: 92.78%, Best Valid: 92.17%, Best Test: 93.84%
Epoch: 500, Loss: 0.0054, Train: 92.67%, Valid: 91.24%, Test: 92.94%, Best Valid: 92.17%, Best Test: 93.84%
Epoch: 600, Loss: 0.0006, Train: 92.27%, Valid: 90.75%, Test: 92.23%, Best Valid: 92.17%, Best Test: 93.84%
Epoch: 700, Loss: 0.0045, Train: 92.24%, Valid: 90.59%, Test: 92.45%, Best Valid: 92.17%, Best Test: 93.84%
Epoch: 800, Loss: 0.0017, Train: 92.68%, Valid: 90.83%, Test: 92.50%, Best Valid: 92.17%, Best Test: 93.84%
Epoch: 900, Loss: 0.0009, Train: 92.54%, Valid: 91.43%, Test: 92.75%, Best Valid: 92.17%, Best Test: 93.84%
Epoch: 1000, Loss: 0.0007, Train: 92.36%, Valid: 90.75%, Test: 93.18%, Best Valid: 92.17%, Best Test: 93.84%
Epoch: 1100, Loss: 0.0078, Train: 92.14%, Valid: 90.48%, Test: 92.45%, Best Valid: 92.17%, Best Test: 93.84%
Epoch: 1200, Loss: 0.0013, Train: 91.97%, Valid: 91.00%, Test: 92.07%, Best Valid: 92.17%, Best Test: 93.84%
Epoch: 1300, Loss: 0.0104, Train: 92.24%, Valid: 90.64%, Test: 92.01%, Best Valid: 92.17%, Best Test: 93.84%
Epoch: 1400, Loss: 0.0108, Train: 92.94%, Valid: 91.19%, Test: 92.72%, Best Valid: 92.17%, Best Test: 93.84%
Epoch: 1500, Loss: 0.0064, Train: 92.45%, Valid: 90.73%, Test: 92.64%, Best Valid: 92.17%, Best Test: 93.84%
Run 01:
Highest Train: 93.50
Highest Valid: 92.17
Highest Test: 93.84
Chosen epoch: 87
Final Train: 93.42
Final Test: 93.84
Label budget: 50/class -> 750 train nodes
Pre-training MLP for 500 epochs to generate co-occurrence matrix...
MLP pre-training complete. Penalty matrix frozen.
Epoch: 00, Loss: 2.8817, Train: 3.88%, Valid: 3.57%, Test: 4.09%, Best Valid: 3.57%, Best Test: 4.09%
Switching Polynormer to global attention phase.
Epoch: 100, Loss: 2.7350, Train: 2.37%, Valid: 2.51%, Test: 2.07%, Best Valid: 91.63%, Best Test: 92.23%
Epoch: 200, Loss: 0.0646, Train: 88.64%, Valid: 87.10%, Test: 88.28%, Best Valid: 91.63%, Best Test: 92.23%
Epoch: 300, Loss: 0.0011, Train: 91.54%, Valid: 90.15%, Test: 91.58%, Best Valid: 91.63%, Best Test: 92.23%
Epoch: 400, Loss: 0.0014, Train: 92.41%, Valid: 90.78%, Test: 91.93%, Best Valid: 91.63%, Best Test: 92.23%
Epoch: 500, Loss: 0.0015, Train: 91.92%, Valid: 90.37%, Test: 91.74%, Best Valid: 91.82%, Best Test: 92.26%
Epoch: 600, Loss: 0.0021, Train: 90.96%, Valid: 89.06%, Test: 90.19%, Best Valid: 91.82%, Best Test: 92.26%
Epoch: 700, Loss: 0.0009, Train: 90.60%, Valid: 88.90%, Test: 89.64%, Best Valid: 91.82%, Best Test: 92.26%
Epoch: 800, Loss: 0.0141, Train: 92.46%, Valid: 91.41%, Test: 92.20%, Best Valid: 91.82%, Best Test: 92.26%
Epoch: 900, Loss: 0.0038, Train: 92.82%, Valid: 91.38%, Test: 92.37%, Best Valid: 91.82%, Best Test: 92.26%
Epoch: 1000, Loss: 0.0040, Train: 91.60%, Valid: 90.29%, Test: 90.70%, Best Valid: 91.82%, Best Test: 92.26%
Epoch: 1100, Loss: 0.0100, Train: 91.64%, Valid: 89.93%, Test: 90.68%, Best Valid: 91.82%, Best Test: 92.26%
Epoch: 1200, Loss: 0.0138, Train: 91.48%, Valid: 89.55%, Test: 90.68%, Best Valid: 91.84%, Best Test: 92.23%
Epoch: 1300, Loss: 0.0133, Train: 92.03%, Valid: 91.13%, Test: 91.96%, Best Valid: 91.84%, Best Test: 92.23%
Epoch: 1400, Loss: 0.0206, Train: 91.41%, Valid: 89.77%, Test: 90.98%, Best Valid: 91.84%, Best Test: 92.23%
Epoch: 1500, Loss: 0.0037, Train: 91.51%, Valid: 89.74%, Test: 90.87%, Best Valid: 91.84%, Best Test: 92.23%
Run 02:
Highest Train: 93.12
Highest Valid: 91.84
Highest Test: 92.69
Chosen epoch: 1145
Final Train: 92.58
Final Test: 92.23
Label budget: 50/class -> 750 train nodes
Pre-training MLP for 500 epochs to generate co-occurrence matrix...
MLP pre-training complete. Penalty matrix frozen.
Epoch: 00, Loss: 2.9285, Train: 22.05%, Valid: 23.92%, Test: 22.74%, Best Valid: 23.92%, Best Test: 22.74%
Switching Polynormer to global attention phase.
Epoch: 100, Loss: 2.7351, Train: 22.05%, Valid: 23.92%, Test: 22.74%, Best Valid: 92.12%, Best Test: 92.97%
Epoch: 200, Loss: 0.0078, Train: 91.89%, Valid: 90.86%, Test: 91.55%, Best Valid: 92.12%, Best Test: 92.97%
Epoch: 300, Loss: 0.0006, Train: 91.89%, Valid: 90.67%, Test: 91.71%, Best Valid: 92.12%, Best Test: 92.97%
Epoch: 400, Loss: 0.0241, Train: 90.94%, Valid: 89.31%, Test: 90.54%, Best Valid: 92.12%, Best Test: 92.97%
Epoch: 500, Loss: 0.0019, Train: 90.66%, Valid: 88.93%, Test: 90.70%, Best Valid: 92.12%, Best Test: 92.97%
Epoch: 600, Loss: 0.0019, Train: 92.44%, Valid: 91.00%, Test: 92.61%, Best Valid: 92.12%, Best Test: 92.97%
Epoch: 700, Loss: 0.0053, Train: 91.02%, Valid: 89.50%, Test: 90.95%, Best Valid: 92.12%, Best Test: 92.97%
Epoch: 800, Loss: 0.0118, Train: 91.13%, Valid: 89.55%, Test: 91.00%, Best Valid: 92.12%, Best Test: 92.97%
Epoch: 900, Loss: 0.0009, Train: 91.56%, Valid: 90.43%, Test: 91.06%, Best Valid: 92.12%, Best Test: 92.97%
Epoch: 1000, Loss: 0.0013, Train: 91.86%, Valid: 90.18%, Test: 91.74%, Best Valid: 92.12%, Best Test: 92.97%
Epoch: 1100, Loss: 0.0061, Train: 92.07%, Valid: 90.56%, Test: 91.85%, Best Valid: 92.12%, Best Test: 92.97%
Epoch: 1200, Loss: 0.0174, Train: 92.38%, Valid: 90.67%, Test: 92.04%, Best Valid: 92.12%, Best Test: 92.97%
Epoch: 1300, Loss: 0.0043, Train: 90.48%, Valid: 88.63%, Test: 90.05%, Best Valid: 92.12%, Best Test: 92.97%
Epoch: 1400, Loss: 0.0201, Train: 89.40%, Valid: 87.04%, Test: 88.44%, Best Valid: 92.12%, Best Test: 92.97%
Epoch: 1500, Loss: 0.0149, Train: 92.03%, Valid: 90.37%, Test: 91.49%, Best Valid: 92.12%, Best Test: 92.97%
Run 03:
Highest Train: 93.34
Highest Valid: 92.12
Highest Test: 93.21
Chosen epoch: 55
Final Train: 93.23
Final Test: 92.97
Label budget: 50/class -> 750 train nodes
Pre-training MLP for 500 epochs to generate co-occurrence matrix...
MLP pre-training complete. Penalty matrix frozen.
Epoch: 00, Loss: 2.8691, Train: 2.45%, Valid: 1.91%, Test: 2.18%, Best Valid: 1.91%, Best Test: 2.18%
Switching Polynormer to global attention phase.
Epoch: 100, Loss: 2.7351, Train: 2.55%, Valid: 2.15%, Test: 2.81%, Best Valid: 91.19%, Best Test: 92.67%
Epoch: 200, Loss: 0.1602, Train: 87.81%, Valid: 85.68%, Test: 87.62%, Best Valid: 91.19%, Best Test: 92.67%
Epoch: 300, Loss: 0.0015, Train: 90.02%, Valid: 88.52%, Test: 89.59%, Best Valid: 91.19%, Best Test: 92.67%
Epoch: 400, Loss: 0.0148, Train: 90.14%, Valid: 88.41%, Test: 89.69%, Best Valid: 91.19%, Best Test: 92.67%
Epoch: 500, Loss: 0.0037, Train: 90.55%, Valid: 88.11%, Test: 89.97%, Best Valid: 91.19%, Best Test: 92.67%
Epoch: 600, Loss: 0.0081, Train: 88.52%, Valid: 86.44%, Test: 87.32%, Best Valid: 91.19%, Best Test: 92.67%
Epoch: 700, Loss: 0.0074, Train: 90.52%, Valid: 88.16%, Test: 90.02%, Best Valid: 91.19%, Best Test: 92.67%
Epoch: 800, Loss: 0.0009, Train: 90.65%, Valid: 88.60%, Test: 90.40%, Best Valid: 91.19%, Best Test: 92.67%
Epoch: 900, Loss: 0.0080, Train: 91.26%, Valid: 88.98%, Test: 90.16%, Best Valid: 91.19%, Best Test: 92.67%
Epoch: 1000, Loss: 0.0010, Train: 92.12%, Valid: 90.02%, Test: 91.85%, Best Valid: 91.19%, Best Test: 92.67%
Epoch: 1100, Loss: 0.0044, Train: 90.72%, Valid: 88.57%, Test: 90.16%, Best Valid: 91.19%, Best Test: 92.67%
Epoch: 1200, Loss: 0.0011, Train: 92.04%, Valid: 90.40%, Test: 91.88%, Best Valid: 91.19%, Best Test: 92.67%
Epoch: 1300, Loss: 0.0006, Train: 91.84%, Valid: 89.80%, Test: 91.77%, Best Valid: 91.19%, Best Test: 92.67%
Epoch: 1400, Loss: 0.0095, Train: 91.94%, Valid: 90.02%, Test: 91.38%, Best Valid: 91.19%, Best Test: 92.67%
Epoch: 1500, Loss: 0.0128, Train: 91.70%, Valid: 90.32%, Test: 91.68%, Best Valid: 91.19%, Best Test: 92.67%
Run 04:
Highest Train: 92.82
Highest Valid: 91.19
Highest Test: 92.69
Chosen epoch: 95
Final Train: 92.64
Final Test: 92.67
Label budget: 50/class -> 750 train nodes
Pre-training MLP for 500 epochs to generate co-occurrence matrix...
MLP pre-training complete. Penalty matrix frozen.
Epoch: 00, Loss: 2.9425, Train: 4.60%, Valid: 4.80%, Test: 5.29%, Best Valid: 4.80%, Best Test: 5.29%
Switching Polynormer to global attention phase.
Epoch: 100, Loss: 2.7354, Train: 8.03%, Valid: 7.69%, Test: 7.61%, Best Valid: 91.68%, Best Test: 92.18%
Epoch: 200, Loss: 0.1234, Train: 88.98%, Valid: 86.74%, Test: 88.60%, Best Valid: 91.68%, Best Test: 92.18%
Epoch: 300, Loss: 0.0095, Train: 89.89%, Valid: 87.86%, Test: 89.45%, Best Valid: 91.68%, Best Test: 92.18%
Epoch: 400, Loss: 0.0043, Train: 91.17%, Valid: 89.72%, Test: 90.84%, Best Valid: 91.68%, Best Test: 92.18%
Epoch: 500, Loss: 0.0073, Train: 90.66%, Valid: 89.31%, Test: 90.70%, Best Valid: 91.68%, Best Test: 92.18%
Epoch: 600, Loss: 0.0045, Train: 91.04%, Valid: 89.83%, Test: 90.57%, Best Valid: 91.68%, Best Test: 92.18%
Epoch: 700, Loss: 0.0063, Train: 90.97%, Valid: 89.01%, Test: 90.08%, Best Valid: 91.68%, Best Test: 92.18%
Epoch: 800, Loss: 0.0009, Train: 91.09%, Valid: 89.61%, Test: 90.95%, Best Valid: 91.68%, Best Test: 92.18%
Epoch: 900, Loss: 0.0007, Train: 91.80%, Valid: 90.64%, Test: 91.60%, Best Valid: 91.68%, Best Test: 92.18%
Epoch: 1000, Loss: 0.0026, Train: 92.39%, Valid: 90.94%, Test: 92.20%, Best Valid: 91.98%, Best Test: 92.20%
Epoch: 1100, Loss: 0.0025, Train: 91.14%, Valid: 89.83%, Test: 91.19%, Best Valid: 91.98%, Best Test: 92.20%
Epoch: 1200, Loss: 0.0190, Train: 91.66%, Valid: 90.51%, Test: 91.66%, Best Valid: 91.98%, Best Test: 92.20%
Epoch: 1300, Loss: 0.0071, Train: 91.64%, Valid: 89.61%, Test: 91.55%, Best Valid: 91.98%, Best Test: 92.20%
Epoch: 1400, Loss: 0.0008, Train: 91.14%, Valid: 89.93%, Test: 91.03%, Best Valid: 91.98%, Best Test: 92.20%
Epoch: 1500, Loss: 0.0007, Train: 91.64%, Valid: 90.45%, Test: 91.47%, Best Valid: 91.98%, Best Test: 92.20%
Run 05:
Highest Train: 93.00
Highest Valid: 91.98
Highest Test: 92.86
Chosen epoch: 973
Final Train: 92.83
Final Test: 92.20
Label budget: 50/class -> 750 train nodes
Pre-training MLP for 500 epochs to generate co-occurrence matrix...
MLP pre-training complete. Penalty matrix frozen.
Epoch: 00, Loss: 2.9686, Train: 4.55%, Valid: 4.36%, Test: 4.72%, Best Valid: 4.36%, Best Test: 4.72%
Switching Polynormer to global attention phase.
Epoch: 100, Loss: 2.7351, Train: 22.05%, Valid: 23.92%, Test: 22.74%, Best Valid: 91.24%, Best Test: 92.53%
Epoch: 200, Loss: 2.7295, Train: 2.25%, Valid: 2.21%, Test: 2.04%, Best Valid: 91.24%, Best Test: 92.53%
Epoch: 300, Loss: 0.4588, Train: 62.83%, Valid: 60.20%, Test: 61.29%, Best Valid: 91.24%, Best Test: 92.53%
Epoch: 400, Loss: 0.1274, Train: 75.73%, Valid: 73.21%, Test: 74.24%, Best Valid: 91.24%, Best Test: 92.53%
Epoch: 500, Loss: 0.0487, Train: 79.53%, Valid: 77.20%, Test: 78.11%, Best Valid: 91.24%, Best Test: 92.53%
Epoch: 600, Loss: 0.0898, Train: 83.05%, Valid: 80.36%, Test: 80.97%, Best Valid: 91.24%, Best Test: 92.53%
Epoch: 700, Loss: 0.0152, Train: 84.60%, Valid: 82.41%, Test: 83.70%, Best Valid: 91.24%, Best Test: 92.53%
Epoch: 800, Loss: 0.0175, Train: 84.46%, Valid: 82.98%, Test: 83.72%, Best Valid: 91.24%, Best Test: 92.53%
Epoch: 900, Loss: 0.0270, Train: 86.44%, Valid: 84.72%, Test: 86.18%, Best Valid: 91.24%, Best Test: 92.53%
Epoch: 1000, Loss: 0.0094, Train: 87.14%, Valid: 85.41%, Test: 86.59%, Best Valid: 91.24%, Best Test: 92.53%
Epoch: 1100, Loss: 0.0040, Train: 86.76%, Valid: 85.08%, Test: 86.12%, Best Valid: 91.24%, Best Test: 92.53%
Epoch: 1200, Loss: 0.0045, Train: 87.44%, Valid: 85.57%, Test: 86.78%, Best Valid: 91.24%, Best Test: 92.53%
Epoch: 1300, Loss: 0.0033, Train: 87.83%, Valid: 86.72%, Test: 87.54%, Best Valid: 91.24%, Best Test: 92.53%
Epoch: 1400, Loss: 0.0249, Train: 88.61%, Valid: 87.45%, Test: 88.39%, Best Valid: 91.24%, Best Test: 92.53%
Epoch: 1500, Loss: 0.0043, Train: 87.54%, Valid: 85.68%, Test: 87.73%, Best Valid: 91.24%, Best Test: 92.53%
Run 06:
Highest Train: 92.62
Highest Valid: 91.24
Highest Test: 92.67
Chosen epoch: 77
Final Train: 92.34
Final Test: 92.53
Label budget: 50/class -> 750 train nodes
Pre-training MLP for 500 epochs to generate co-occurrence matrix...
MLP pre-training complete. Penalty matrix frozen.
Epoch: 00, Loss: 2.9552, Train: 11.01%, Valid: 11.29%, Test: 11.59%, Best Valid: 11.29%, Best Test: 11.59%
Switching Polynormer to global attention phase.
Epoch: 100, Loss: 2.7351, Train: 22.05%, Valid: 23.92%, Test: 22.74%, Best Valid: 91.90%, Best Test: 92.91%
Epoch: 200, Loss: 2.7350, Train: 12.29%, Valid: 11.97%, Test: 10.96%, Best Valid: 91.90%, Best Test: 92.91%
Epoch: 300, Loss: 2.7351, Train: 11.01%, Valid: 11.29%, Test: 11.59%, Best Valid: 91.90%, Best Test: 92.91%
Epoch: 400, Loss: 2.7352, Train: 11.01%, Valid: 11.29%, Test: 11.59%, Best Valid: 91.90%, Best Test: 92.91%
Epoch: 500, Loss: 2.7351, Train: 22.05%, Valid: 23.92%, Test: 22.74%, Best Valid: 91.90%, Best Test: 92.91%
Epoch: 600, Loss: 2.7351, Train: 4.15%, Valid: 4.50%, Test: 4.20%, Best Valid: 91.90%, Best Test: 92.91%
Epoch: 700, Loss: 2.7353, Train: 22.05%, Valid: 23.92%, Test: 22.74%, Best Valid: 91.90%, Best Test: 92.91%
Epoch: 800, Loss: 2.7352, Train: 22.05%, Valid: 23.92%, Test: 22.74%, Best Valid: 91.90%, Best Test: 92.91%
Epoch: 900, Loss: 2.7352, Train: 2.45%, Valid: 1.91%, Test: 2.18%, Best Valid: 91.90%, Best Test: 92.91%
Epoch: 1000, Loss: 2.7350, Train: 22.05%, Valid: 23.92%, Test: 22.74%, Best Valid: 91.90%, Best Test: 92.91%
Epoch: 1100, Loss: 2.7351, Train: 0.67%, Valid: 0.55%, Test: 0.65%, Best Valid: 91.90%, Best Test: 92.91%
Epoch: 1200, Loss: 2.7351, Train: 11.01%, Valid: 11.29%, Test: 11.59%, Best Valid: 91.90%, Best Test: 92.91%
Epoch: 1300, Loss: 2.7352, Train: 11.11%, Valid: 10.91%, Test: 11.21%, Best Valid: 91.90%, Best Test: 92.91%
Epoch: 1400, Loss: 2.7351, Train: 11.01%, Valid: 11.29%, Test: 11.59%, Best Valid: 91.90%, Best Test: 92.91%
Epoch: 1500, Loss: 2.7353, Train: 12.29%, Valid: 11.97%, Test: 10.96%, Best Valid: 91.90%, Best Test: 92.91%
Run 07:
Highest Train: 92.97
Highest Valid: 91.90
Highest Test: 92.91
Chosen epoch: 96
Final Train: 92.97
Final Test: 92.91
Label budget: 50/class -> 750 train nodes
Pre-training MLP for 500 epochs to generate co-occurrence matrix...
MLP pre-training complete. Penalty matrix frozen.
Epoch: 00, Loss: 2.9600, Train: 12.29%, Valid: 11.97%, Test: 10.96%, Best Valid: 11.97%, Best Test: 10.96%
Switching Polynormer to global attention phase.
Epoch: 100, Loss: 2.7351, Train: 12.29%, Valid: 11.97%, Test: 10.96%, Best Valid: 91.87%, Best Test: 92.50%
Epoch: 200, Loss: 0.3726, Train: 76.23%, Valid: 75.29%, Test: 74.95%, Best Valid: 91.87%, Best Test: 92.50%
Epoch: 300, Loss: 0.0116, Train: 89.54%, Valid: 88.22%, Test: 89.29%, Best Valid: 91.87%, Best Test: 92.50%
Epoch: 400, Loss: 0.0270, Train: 89.86%, Valid: 87.92%, Test: 88.93%, Best Valid: 91.87%, Best Test: 92.50%
Epoch: 500, Loss: 0.0018, Train: 90.85%, Valid: 89.12%, Test: 90.51%, Best Valid: 91.87%, Best Test: 92.50%
Epoch: 600, Loss: 0.0133, Train: 90.66%, Valid: 89.09%, Test: 89.59%, Best Valid: 91.87%, Best Test: 92.50%
Epoch: 700, Loss: 0.0036, Train: 90.94%, Valid: 89.53%, Test: 90.05%, Best Valid: 91.87%, Best Test: 92.50%
Epoch: 800, Loss: 0.0083, Train: 90.74%, Valid: 88.87%, Test: 89.94%, Best Valid: 91.87%, Best Test: 92.50%
Epoch: 900, Loss: 0.0119, Train: 91.34%, Valid: 89.77%, Test: 90.10%, Best Valid: 91.87%, Best Test: 92.50%
Epoch: 1000, Loss: 0.0064, Train: 91.41%, Valid: 90.10%, Test: 90.24%, Best Valid: 91.87%, Best Test: 92.50%
Epoch: 1100, Loss: 0.0013, Train: 91.88%, Valid: 90.51%, Test: 90.87%, Best Valid: 91.87%, Best Test: 92.50%
Epoch: 1200, Loss: 0.0010, Train: 92.05%, Valid: 90.32%, Test: 91.36%, Best Valid: 91.87%, Best Test: 92.50%
Epoch: 1300, Loss: 0.0757, Train: 87.65%, Valid: 85.98%, Test: 87.00%, Best Valid: 91.87%, Best Test: 92.50%
Epoch: 1400, Loss: 0.0148, Train: 92.10%, Valid: 90.29%, Test: 91.52%, Best Valid: 91.87%, Best Test: 92.50%
Epoch: 1500, Loss: 0.0019, Train: 91.67%, Valid: 90.23%, Test: 91.11%, Best Valid: 91.87%, Best Test: 92.50%
Run 08:
Highest Train: 93.05
Highest Valid: 91.87
Highest Test: 92.64
Chosen epoch: 67
Final Train: 92.60
Final Test: 92.50
Label budget: 50/class -> 750 train nodes
Pre-training MLP for 500 epochs to generate co-occurrence matrix...
MLP pre-training complete. Penalty matrix frozen.
Epoch: 00, Loss: 2.9135, Train: 2.37%, Valid: 2.51%, Test: 2.07%, Best Valid: 2.51%, Best Test: 2.07%
Switching Polynormer to global attention phase.
Epoch: 100, Loss: 2.7351, Train: 22.05%, Valid: 23.92%, Test: 22.74%, Best Valid: 90.83%, Best Test: 92.42%
Epoch: 200, Loss: 0.3207, Train: 84.20%, Valid: 82.30%, Test: 83.26%, Best Valid: 90.83%, Best Test: 92.42%
Epoch: 300, Loss: 0.0870, Train: 91.13%, Valid: 89.99%, Test: 90.54%, Best Valid: 90.83%, Best Test: 92.42%
Epoch: 400, Loss: 0.0217, Train: 90.47%, Valid: 88.63%, Test: 89.80%, Best Valid: 90.83%, Best Test: 92.42%
Epoch: 500, Loss: 0.0068, Train: 91.41%, Valid: 90.13%, Test: 91.03%, Best Valid: 91.05%, Best Test: 92.01%
Epoch: 600, Loss: 0.0038, Train: 91.94%, Valid: 90.43%, Test: 91.79%, Best Valid: 91.05%, Best Test: 92.01%
Epoch: 700, Loss: 0.0156, Train: 91.86%, Valid: 90.02%, Test: 91.55%, Best Valid: 91.05%, Best Test: 92.01%
Epoch: 800, Loss: 0.0018, Train: 91.27%, Valid: 90.04%, Test: 91.00%, Best Valid: 91.19%, Best Test: 92.07%
Epoch: 900, Loss: 0.0072, Train: 92.50%, Valid: 90.83%, Test: 91.68%, Best Valid: 91.46%, Best Test: 91.49%
Epoch: 1000, Loss: 0.0023, Train: 91.67%, Valid: 90.92%, Test: 91.60%, Best Valid: 91.46%, Best Test: 91.49%
Epoch: 1100, Loss: 0.0033, Train: 91.28%, Valid: 90.26%, Test: 91.33%, Best Valid: 91.46%, Best Test: 91.49%
Epoch: 1200, Loss: 0.0018, Train: 91.20%, Valid: 89.96%, Test: 91.14%, Best Valid: 91.46%, Best Test: 91.49%
Epoch: 1300, Loss: 0.0107, Train: 90.83%, Valid: 89.20%, Test: 91.00%, Best Valid: 91.57%, Best Test: 92.23%
Epoch: 1400, Loss: 0.0139, Train: 89.41%, Valid: 87.59%, Test: 89.67%, Best Valid: 91.57%, Best Test: 92.23%
Epoch: 1500, Loss: 0.0044, Train: 90.78%, Valid: 88.93%, Test: 90.27%, Best Valid: 91.57%, Best Test: 92.23%
Run 09:
Highest Train: 92.72
Highest Valid: 91.57
Highest Test: 92.78
Chosen epoch: 1218
Final Train: 92.56
Final Test: 92.23
Label budget: 50/class -> 750 train nodes
Pre-training MLP for 500 epochs to generate co-occurrence matrix...
MLP pre-training complete. Penalty matrix frozen.
Epoch: 00, Loss: 2.9390, Train: 8.03%, Valid: 7.69%, Test: 7.61%, Best Valid: 7.69%, Best Test: 7.61%
Switching Polynormer to global attention phase.
Epoch: 100, Loss: 2.7351, Train: 7.68%, Valid: 7.26%, Test: 7.72%, Best Valid: 92.36%, Best Test: 93.65%
Epoch: 200, Loss: 0.0608, Train: 89.98%, Valid: 89.06%, Test: 89.75%, Best Valid: 92.36%, Best Test: 93.65%
Epoch: 300, Loss: 0.0121, Train: 89.56%, Valid: 88.00%, Test: 88.09%, Best Valid: 92.36%, Best Test: 93.65%
Epoch: 400, Loss: 0.0157, Train: 92.23%, Valid: 90.70%, Test: 92.20%, Best Valid: 92.36%, Best Test: 93.65%
Epoch: 500, Loss: 0.0076, Train: 91.20%, Valid: 89.77%, Test: 90.59%, Best Valid: 92.36%, Best Test: 93.65%
Epoch: 600, Loss: 0.0419, Train: 91.75%, Valid: 90.26%, Test: 91.30%, Best Valid: 92.36%, Best Test: 93.65%
Epoch: 700, Loss: 0.0017, Train: 91.74%, Valid: 90.21%, Test: 91.17%, Best Valid: 92.36%, Best Test: 93.65%
Epoch: 800, Loss: 0.0098, Train: 92.04%, Valid: 90.64%, Test: 91.96%, Best Valid: 92.36%, Best Test: 93.65%
Epoch: 900, Loss: 0.0009, Train: 91.52%, Valid: 90.75%, Test: 91.55%, Best Valid: 92.36%, Best Test: 93.65%
Epoch: 1000, Loss: 0.0018, Train: 92.07%, Valid: 90.70%, Test: 91.68%, Best Valid: 92.36%, Best Test: 93.65%
Epoch: 1100, Loss: 0.0413, Train: 91.47%, Valid: 90.02%, Test: 91.19%, Best Valid: 92.36%, Best Test: 93.65%
Epoch: 1200, Loss: 0.0253, Train: 92.04%, Valid: 90.73%, Test: 91.58%, Best Valid: 92.36%, Best Test: 93.65%
Epoch: 1300, Loss: 0.0011, Train: 92.14%, Valid: 90.81%, Test: 91.71%, Best Valid: 92.36%, Best Test: 93.65%
Epoch: 1400, Loss: 0.0050, Train: 92.05%, Valid: 90.32%, Test: 91.33%, Best Valid: 92.36%, Best Test: 93.65%
Epoch: 1500, Loss: 0.0011, Train: 91.99%, Valid: 90.48%, Test: 91.38%, Best Valid: 92.36%, Best Test: 93.65%
Run 10:
Highest Train: 93.10
Highest Valid: 92.36
Highest Test: 93.68
Chosen epoch: 39
Final Train: 93.10
Final Test: 93.65
All runs:
Highest Train: 93.02 ± 0.27
Highest Test: 93.00 ± 0.44
Highest Valid: 91.82 ± 0.38
  Final Train: 92.83 ± 0.34
   Final Test: 92.77 ± 0.58
Saving results to ../results/lowlabel/coauthor-cs/polynormer.csv
--- mlp_reg | lambda=0.05 ---
Namespace(aggregate='add', alpha=0.5, attention='gcn', beta=-1.0, bn=False, budget_tag='50', count_reg=False, count_smoothing=1.0, cpu=False, data_dir='../data/', dataset='coauthor-cs', device=0, dim_inner=64, display_step=100, dropout=0.3, epochs=500, global_dropout=None, global_epochs=1500, global_layers=2, gnn='gcn', graph_weight=0.8, hidden_channels=64, hops=10, in_dropout=0.1, jk=False, label_num_per_class=20, lambda_val=0.05, layers=1, ln=False, local_epochs=100, local_gnn_type='GCN', local_layers=5, lr=0.001, metric='acc', mlp_epochs=500, mlp_reg=True, model='polynormer', model_dir='models/lowlabel_1161133_247', n_heads=8, num_centroids=4096, num_heads=8, oracle_reg=False, paired_seeds=True, pe_types='RWSE', penalty_transform='none', pre_linear=False, pre_ln=False, rand_split=False, rand_split_class=False, reg_start_epoch=10, reg_update_freq=5, res=False, resample_split_per_run=False, result_dir='../results/lowlabel', runs=10, save_model=True, save_result=False, seed=42, test_num=1000, tr_dropout=None, tr_layers=1, tr_weight_decay=None, train_per_class=50, train_prop=0.5, use_act=False, use_bn=False, use_graph=False, use_reg=True, use_residual=False, use_weight=False, valid_num=500, valid_per_class=0, valid_prop=0.25, weight_decay=0.0005)
coauthor-cs
dataset coauthor-cs | num nodes 18333 | num edge 163788 | num node feats 6805 | num classes 15
MODEL: Polynormer(
  (h_lins): ModuleList(
    (0): Linear(in_features=512, out_features=512, bias=True)
    (1): Linear(in_features=512, out_features=512, bias=True)
    (2): Linear(in_features=512, out_features=512, bias=True)
    (3): Linear(in_features=512, out_features=512, bias=True)
    (4): Linear(in_features=512, out_features=512, bias=True)
  )
  (local_convs): ModuleList(
    (0): GATConv(512, 64, heads=8)
    (1): GATConv(512, 64, heads=8)
    (2): GATConv(512, 64, heads=8)
    (3): GATConv(512, 64, heads=8)
    (4): GATConv(512, 64, heads=8)
  )
  (lins): ModuleList(
    (0): Linear(in_features=512, out_features=512, bias=True)
    (1): Linear(in_features=512, out_features=512, bias=True)
    (2): Linear(in_features=512, out_features=512, bias=True)
    (3): Linear(in_features=512, out_features=512, bias=True)
    (4): Linear(in_features=512, out_features=512, bias=True)
  )
  (lns): ModuleList(
    (0): LayerNorm((512,), eps=1e-05, elementwise_affine=True)
    (1): LayerNorm((512,), eps=1e-05, elementwise_affine=True)
    (2): LayerNorm((512,), eps=1e-05, elementwise_affine=True)
    (3): LayerNorm((512,), eps=1e-05, elementwise_affine=True)
    (4): LayerNorm((512,), eps=1e-05, elementwise_affine=True)
  )
  (lin_in): Linear(in_features=6805, out_features=512, bias=True)
  (ln): LayerNorm((512,), eps=1e-05, elementwise_affine=True)
  (global_attn): GlobalAttn(
    (h_lins): ModuleList(
      (0): Linear(in_features=512, out_features=512, bias=True)
      (1): Linear(in_features=512, out_features=512, bias=True)
    )
    (k_lins): ModuleList(
      (0): Linear(in_features=512, out_features=512, bias=True)
      (1): Linear(in_features=512, out_features=512, bias=True)
    )
    (v_lins): ModuleList(
      (0): Linear(in_features=512, out_features=512, bias=True)
      (1): Linear(in_features=512, out_features=512, bias=True)
    )
    (lns): ModuleList(
      (0): LayerNorm((512,), eps=1e-05, elementwise_affine=True)
      (1): LayerNorm((512,), eps=1e-05, elementwise_affine=True)
    )
    (lin_out): Linear(in_features=512, out_features=512, bias=True)
  )
  (pred_local): Linear(in_features=512, out_features=15, bias=True)
  (pred_global): Linear(in_features=512, out_features=15, bias=True)
)
Label budget: 50/class -> 750 train nodes
Pre-training MLP for 500 epochs to generate co-occurrence matrix...
MLP pre-training complete. Penalty matrix frozen.
Epoch: 00, Loss: 3.0138, Train: 11.42%, Valid: 11.65%, Test: 11.97%, Best Valid: 11.65%, Best Test: 11.97%
Switching Polynormer to global attention phase.
Epoch: 100, Loss: 2.8449, Train: 13.40%, Valid: 13.26%, Test: 13.25%, Best Valid: 92.17%, Best Test: 93.65%
Epoch: 200, Loss: 0.0011, Train: 92.98%, Valid: 91.57%, Test: 93.43%, Best Valid: 92.17%, Best Test: 93.65%
Epoch: 300, Loss: 0.0007, Train: 92.81%, Valid: 91.19%, Test: 92.80%, Best Valid: 92.17%, Best Test: 93.65%
Epoch: 400, Loss: 0.0005, Train: 91.98%, Valid: 90.48%, Test: 92.20%, Best Valid: 92.17%, Best Test: 93.65%
Epoch: 500, Loss: 0.0199, Train: 91.88%, Valid: 89.83%, Test: 91.60%, Best Valid: 92.17%, Best Test: 93.65%
Epoch: 600, Loss: 0.0010, Train: 92.62%, Valid: 90.56%, Test: 92.23%, Best Valid: 92.36%, Best Test: 93.35%
Epoch: 700, Loss: 0.0102, Train: 92.98%, Valid: 91.35%, Test: 92.69%, Best Valid: 92.36%, Best Test: 93.35%
Epoch: 800, Loss: 0.0012, Train: 91.86%, Valid: 90.15%, Test: 91.98%, Best Valid: 92.36%, Best Test: 93.35%
Epoch: 900, Loss: 0.0010, Train: 91.94%, Valid: 90.18%, Test: 92.37%, Best Valid: 92.36%, Best Test: 93.35%
Epoch: 1000, Loss: 0.0042, Train: 92.44%, Valid: 90.81%, Test: 92.64%, Best Valid: 92.36%, Best Test: 93.35%
Epoch: 1100, Loss: 0.0022, Train: 91.26%, Valid: 89.77%, Test: 91.77%, Best Valid: 92.36%, Best Test: 93.35%
Epoch: 1200, Loss: 0.0015, Train: 91.77%, Valid: 90.34%, Test: 91.88%, Best Valid: 92.36%, Best Test: 93.35%
Epoch: 1300, Loss: 0.0015, Train: 92.55%, Valid: 90.67%, Test: 91.77%, Best Valid: 92.36%, Best Test: 93.35%
Epoch: 1400, Loss: 0.0225, Train: 91.09%, Valid: 89.61%, Test: 90.95%, Best Valid: 92.36%, Best Test: 93.35%
Epoch: 1500, Loss: 0.0006, Train: 92.36%, Valid: 90.34%, Test: 92.42%, Best Valid: 92.36%, Best Test: 93.35%
Run 01:
Highest Train: 93.62
Highest Valid: 92.36
Highest Test: 93.84
Chosen epoch: 508
Final Train: 93.42
Final Test: 93.35
Label budget: 50/class -> 750 train nodes
Pre-training MLP for 500 epochs to generate co-occurrence matrix...
MLP pre-training complete. Penalty matrix frozen.
Epoch: 00, Loss: 2.9958, Train: 3.88%, Valid: 3.57%, Test: 4.09%, Best Valid: 3.57%, Best Test: 4.09%
Switching Polynormer to global attention phase.
Epoch: 100, Loss: 2.8433, Train: 11.01%, Valid: 11.29%, Test: 11.59%, Best Valid: 91.63%, Best Test: 92.48%
Epoch: 200, Loss: 0.0681, Train: 88.94%, Valid: 86.55%, Test: 88.66%, Best Valid: 91.63%, Best Test: 92.48%
Epoch: 300, Loss: 0.0205, Train: 88.42%, Valid: 87.12%, Test: 88.55%, Best Valid: 91.63%, Best Test: 92.48%
Epoch: 400, Loss: 0.0120, Train: 91.78%, Valid: 90.26%, Test: 91.52%, Best Valid: 91.63%, Best Test: 92.48%
Epoch: 500, Loss: 0.0028, Train: 90.92%, Valid: 89.80%, Test: 90.65%, Best Valid: 91.63%, Best Test: 92.48%
Epoch: 600, Loss: 0.0235, Train: 92.15%, Valid: 90.29%, Test: 91.33%, Best Valid: 91.63%, Best Test: 92.48%
Epoch: 700, Loss: 0.0138, Train: 90.72%, Valid: 89.14%, Test: 90.05%, Best Valid: 91.65%, Best Test: 92.42%
Epoch: 800, Loss: 0.0080, Train: 91.24%, Valid: 90.32%, Test: 90.76%, Best Valid: 91.65%, Best Test: 92.42%
Epoch: 900, Loss: 0.0007, Train: 92.09%, Valid: 90.40%, Test: 91.41%, Best Valid: 91.79%, Best Test: 92.20%
Epoch: 1000, Loss: 0.0009, Train: 92.10%, Valid: 90.64%, Test: 91.33%, Best Valid: 91.79%, Best Test: 92.20%
Epoch: 1100, Loss: 0.0158, Train: 90.96%, Valid: 89.80%, Test: 90.43%, Best Valid: 91.79%, Best Test: 92.20%
Epoch: 1200, Loss: 0.0011, Train: 92.22%, Valid: 90.89%, Test: 91.79%, Best Valid: 91.79%, Best Test: 92.20%
Epoch: 1300, Loss: 0.0483, Train: 90.87%, Valid: 89.77%, Test: 90.79%, Best Valid: 91.79%, Best Test: 92.20%
Epoch: 1400, Loss: 0.0047, Train: 91.38%, Valid: 90.07%, Test: 90.84%, Best Valid: 91.84%, Best Test: 92.09%
Epoch: 1500, Loss: 0.0005, Train: 92.09%, Valid: 90.67%, Test: 92.04%, Best Valid: 91.84%, Best Test: 92.09%
Run 02:
Highest Train: 93.04
Highest Valid: 91.84
Highest Test: 92.69
Chosen epoch: 1318
Final Train: 92.50
Final Test: 92.09
Label budget: 50/class -> 750 train nodes
Pre-training MLP for 500 epochs to generate co-occurrence matrix...
MLP pre-training complete. Penalty matrix frozen.
Epoch: 00, Loss: 3.0445, Train: 22.05%, Valid: 23.92%, Test: 22.74%, Best Valid: 23.92%, Best Test: 22.74%
Switching Polynormer to global attention phase.
Epoch: 100, Loss: 2.8435, Train: 22.05%, Valid: 23.92%, Test: 22.74%, Best Valid: 92.69%, Best Test: 92.99%
Epoch: 200, Loss: 0.3302, Train: 78.98%, Valid: 77.96%, Test: 78.24%, Best Valid: 92.69%, Best Test: 92.99%
Epoch: 300, Loss: 0.0285, Train: 91.50%, Valid: 89.66%, Test: 91.41%, Best Valid: 92.69%, Best Test: 92.99%
Epoch: 400, Loss: 0.0021, Train: 92.35%, Valid: 90.92%, Test: 92.53%, Best Valid: 92.69%, Best Test: 92.99%
Epoch: 500, Loss: 0.0067, Train: 90.96%, Valid: 89.72%, Test: 90.87%, Best Valid: 92.69%, Best Test: 92.99%
Epoch: 600, Loss: 0.2794, Train: 82.63%, Valid: 80.69%, Test: 82.31%, Best Valid: 92.69%, Best Test: 92.99%
Epoch: 700, Loss: 0.0008, Train: 91.96%, Valid: 91.27%, Test: 92.07%, Best Valid: 92.69%, Best Test: 92.99%
Epoch: 800, Loss: 0.0188, Train: 91.73%, Valid: 90.56%, Test: 91.88%, Best Valid: 92.69%, Best Test: 92.99%
Epoch: 900, Loss: 0.0013, Train: 91.16%, Valid: 89.80%, Test: 91.66%, Best Valid: 92.69%, Best Test: 92.99%
Epoch: 1000, Loss: 0.0021, Train: 91.02%, Valid: 89.88%, Test: 91.38%, Best Valid: 92.69%, Best Test: 92.99%
Epoch: 1100, Loss: 0.0015, Train: 90.56%, Valid: 88.57%, Test: 90.68%, Best Valid: 92.69%, Best Test: 92.99%
Epoch: 1200, Loss: 0.0030, Train: 92.51%, Valid: 90.89%, Test: 92.37%, Best Valid: 92.69%, Best Test: 92.99%
Epoch: 1300, Loss: 0.0894, Train: 89.88%, Valid: 88.24%, Test: 89.86%, Best Valid: 92.69%, Best Test: 92.99%
Epoch: 1400, Loss: 0.0019, Train: 91.35%, Valid: 89.93%, Test: 91.25%, Best Valid: 92.69%, Best Test: 92.99%
Epoch: 1500, Loss: 0.0011, Train: 92.13%, Valid: 91.16%, Test: 92.15%, Best Valid: 92.69%, Best Test: 92.99%
Run 03:
Highest Train: 93.41
Highest Valid: 92.69
Highest Test: 93.18
Chosen epoch: 55
Final Train: 93.34
Final Test: 92.99
Label budget: 50/class -> 750 train nodes
Pre-training MLP for 500 epochs to generate co-occurrence matrix...
MLP pre-training complete. Penalty matrix frozen.
Epoch: 00, Loss: 2.9828, Train: 2.35%, Valid: 1.91%, Test: 2.13%, Best Valid: 1.91%, Best Test: 2.13%
Switching Polynormer to global attention phase.
Epoch: 100, Loss: 2.8435, Train: 8.03%, Valid: 7.69%, Test: 7.61%, Best Valid: 91.49%, Best Test: 92.72%
Epoch: 200, Loss: 0.0742, Train: 91.02%, Valid: 89.20%, Test: 90.87%, Best Valid: 91.49%, Best Test: 92.72%
Epoch: 300, Loss: 0.0086, Train: 91.73%, Valid: 89.80%, Test: 91.22%, Best Valid: 91.49%, Best Test: 92.72%
Epoch: 400, Loss: 0.0034, Train: 90.99%, Valid: 89.12%, Test: 90.62%, Best Valid: 91.49%, Best Test: 92.72%
Epoch: 500, Loss: 0.0378, Train: 92.55%, Valid: 90.62%, Test: 91.66%, Best Valid: 91.49%, Best Test: 92.72%
Epoch: 600, Loss: 0.0014, Train: 92.12%, Valid: 90.18%, Test: 92.04%, Best Valid: 91.49%, Best Test: 92.72%
Epoch: 700, Loss: 0.0050, Train: 91.93%, Valid: 90.18%, Test: 91.25%, Best Valid: 91.49%, Best Test: 92.72%
Epoch: 800, Loss: 0.0011, Train: 91.86%, Valid: 90.32%, Test: 91.47%, Best Valid: 91.49%, Best Test: 92.72%
Epoch: 900, Loss: 0.0010, Train: 91.85%, Valid: 89.91%, Test: 91.30%, Best Valid: 91.49%, Best Test: 92.72%
Epoch: 1000, Loss: 0.0043, Train: 91.64%, Valid: 90.07%, Test: 91.36%, Best Valid: 91.49%, Best Test: 92.72%
Epoch: 1100, Loss: 0.0006, Train: 92.25%, Valid: 90.37%, Test: 91.74%, Best Valid: 91.49%, Best Test: 92.72%
Epoch: 1200, Loss: 0.0034, Train: 92.27%, Valid: 90.21%, Test: 91.38%, Best Valid: 91.49%, Best Test: 92.72%
Epoch: 1300, Loss: 0.0383, Train: 91.94%, Valid: 89.77%, Test: 91.60%, Best Valid: 91.49%, Best Test: 92.72%
Epoch: 1400, Loss: 0.0040, Train: 90.95%, Valid: 89.44%, Test: 90.68%, Best Valid: 91.49%, Best Test: 92.72%
Epoch: 1500, Loss: 0.0017, Train: 92.24%, Valid: 90.75%, Test: 91.77%, Best Valid: 91.49%, Best Test: 92.72%
Run 04:
Highest Train: 93.14
Highest Valid: 91.49
Highest Test: 92.94
Chosen epoch: 94
Final Train: 92.96
Final Test: 92.72
Label budget: 50/class -> 750 train nodes
Pre-training MLP for 500 epochs to generate co-occurrence matrix...
MLP pre-training complete. Penalty matrix frozen.
Epoch: 00, Loss: 3.0591, Train: 4.60%, Valid: 4.80%, Test: 5.29%, Best Valid: 4.80%, Best Test: 5.29%
Switching Polynormer to global attention phase.
Epoch: 100, Loss: 2.8437, Train: 7.68%, Valid: 7.26%, Test: 7.72%, Best Valid: 91.54%, Best Test: 92.09%
Epoch: 200, Loss: 0.0716, Train: 89.76%, Valid: 88.03%, Test: 89.37%, Best Valid: 91.54%, Best Test: 92.09%
Epoch: 300, Loss: 0.0021, Train: 91.58%, Valid: 89.77%, Test: 91.28%, Best Valid: 91.54%, Best Test: 92.09%
Epoch: 400, Loss: 0.0224, Train: 91.24%, Valid: 89.44%, Test: 90.95%, Best Valid: 91.54%, Best Test: 92.09%
Epoch: 500, Loss: 0.0021, Train: 92.06%, Valid: 90.04%, Test: 91.60%, Best Valid: 91.54%, Best Test: 92.09%
Epoch: 600, Loss: 0.0041, Train: 90.91%, Valid: 89.88%, Test: 90.59%, Best Valid: 91.54%, Best Test: 92.09%
Epoch: 700, Loss: 0.0109, Train: 92.06%, Valid: 90.45%, Test: 91.82%, Best Valid: 91.54%, Best Test: 92.09%
Epoch: 800, Loss: 0.0012, Train: 89.14%, Valid: 87.04%, Test: 88.55%, Best Valid: 91.54%, Best Test: 92.09%
Epoch: 900, Loss: 0.0035, Train: 91.40%, Valid: 89.88%, Test: 90.89%, Best Valid: 91.54%, Best Test: 92.09%
Epoch: 1000, Loss: 0.0089, Train: 92.54%, Valid: 91.35%, Test: 92.09%, Best Valid: 91.54%, Best Test: 92.09%
Epoch: 1100, Loss: 0.0220, Train: 91.18%, Valid: 89.83%, Test: 91.14%, Best Valid: 91.57%, Best Test: 92.37%
Epoch: 1200, Loss: 0.0062, Train: 91.01%, Valid: 89.83%, Test: 90.70%, Best Valid: 91.57%, Best Test: 92.37%
Epoch: 1300, Loss: 0.0007, Train: 92.04%, Valid: 90.92%, Test: 91.77%, Best Valid: 91.76%, Best Test: 92.07%
Epoch: 1400, Loss: 0.0011, Train: 92.25%, Valid: 91.27%, Test: 92.04%, Best Valid: 91.76%, Best Test: 92.07%
Epoch: 1500, Loss: 0.0018, Train: 91.79%, Valid: 90.45%, Test: 91.03%, Best Valid: 91.76%, Best Test: 92.07%
Run 05:
Highest Train: 92.94
Highest Valid: 91.76
Highest Test: 92.86
Chosen epoch: 1287
Final Train: 92.21
Final Test: 92.07
Label budget: 50/class -> 750 train nodes
Pre-training MLP for 500 epochs to generate co-occurrence matrix...
MLP pre-training complete. Penalty matrix frozen.
Epoch: 00, Loss: 3.0862, Train: 4.65%, Valid: 4.47%, Test: 4.69%, Best Valid: 4.47%, Best Test: 4.69%
Switching Polynormer to global attention phase.
Epoch: 100, Loss: 2.8435, Train: 22.05%, Valid: 23.92%, Test: 22.74%, Best Valid: 91.41%, Best Test: 92.69%
Epoch: 200, Loss: 2.8437, Train: 12.29%, Valid: 11.97%, Test: 10.96%, Best Valid: 91.41%, Best Test: 92.69%
Epoch: 300, Loss: 2.8435, Train: 12.29%, Valid: 11.97%, Test: 10.96%, Best Valid: 91.41%, Best Test: 92.69%
Epoch: 400, Loss: 2.8441, Train: 8.03%, Valid: 7.69%, Test: 7.61%, Best Valid: 91.41%, Best Test: 92.69%
Epoch: 500, Loss: 2.8434, Train: 11.01%, Valid: 11.29%, Test: 11.59%, Best Valid: 91.41%, Best Test: 92.69%
Epoch: 600, Loss: 2.8435, Train: 11.01%, Valid: 11.29%, Test: 11.59%, Best Valid: 91.41%, Best Test: 92.69%
Epoch: 700, Loss: 2.8435, Train: 11.01%, Valid: 11.29%, Test: 11.59%, Best Valid: 91.41%, Best Test: 92.69%
Epoch: 800, Loss: 2.8435, Train: 11.01%, Valid: 11.29%, Test: 11.59%, Best Valid: 91.41%, Best Test: 92.69%
Epoch: 900, Loss: 2.8435, Train: 11.01%, Valid: 11.29%, Test: 11.59%, Best Valid: 91.41%, Best Test: 92.69%
Epoch: 1000, Loss: 2.8436, Train: 11.01%, Valid: 11.29%, Test: 11.59%, Best Valid: 91.41%, Best Test: 92.69%
Epoch: 1100, Loss: 2.8435, Train: 22.05%, Valid: 23.92%, Test: 22.74%, Best Valid: 91.41%, Best Test: 92.69%
Epoch: 1200, Loss: 2.8435, Train: 22.05%, Valid: 23.92%, Test: 22.74%, Best Valid: 91.41%, Best Test: 92.69%
Epoch: 1300, Loss: 2.8435, Train: 22.05%, Valid: 23.92%, Test: 22.74%, Best Valid: 91.41%, Best Test: 92.69%
Epoch: 1400, Loss: 2.8435, Train: 11.01%, Valid: 11.29%, Test: 11.59%, Best Valid: 91.41%, Best Test: 92.69%
Epoch: 1500, Loss: 2.8435, Train: 22.05%, Valid: 23.92%, Test: 22.74%, Best Valid: 91.41%, Best Test: 92.69%
Run 06:
Highest Train: 92.53
Highest Valid: 91.41
Highest Test: 92.88
Chosen epoch: 87
Final Train: 92.46
Final Test: 92.69
Label budget: 50/class -> 750 train nodes
Pre-training MLP for 500 epochs to generate co-occurrence matrix...
MLP pre-training complete. Penalty matrix frozen.
Epoch: 00, Loss: 3.0722, Train: 11.01%, Valid: 11.29%, Test: 11.59%, Best Valid: 11.29%, Best Test: 11.59%
Switching Polynormer to global attention phase.
Epoch: 100, Loss: 2.8435, Train: 22.05%, Valid: 23.92%, Test: 22.74%, Best Valid: 91.98%, Best Test: 92.83%
Epoch: 200, Loss: 2.1033, Train: 5.49%, Valid: 5.21%, Test: 5.07%, Best Valid: 91.98%, Best Test: 92.83%
Epoch: 300, Loss: 0.5672, Train: 52.40%, Valid: 49.59%, Test: 50.22%, Best Valid: 91.98%, Best Test: 92.83%
Epoch: 400, Loss: 0.1184, Train: 76.36%, Valid: 73.60%, Test: 75.00%, Best Valid: 91.98%, Best Test: 92.83%
Epoch: 500, Loss: 0.0884, Train: 82.37%, Valid: 79.79%, Test: 80.53%, Best Valid: 91.98%, Best Test: 92.83%
Epoch: 600, Loss: 0.0683, Train: 83.71%, Valid: 81.61%, Test: 82.88%, Best Valid: 91.98%, Best Test: 92.83%
Epoch: 700, Loss: 0.0224, Train: 85.35%, Valid: 83.17%, Test: 84.35%, Best Valid: 91.98%, Best Test: 92.83%
Epoch: 800, Loss: 0.0284, Train: 88.58%, Valid: 86.33%, Test: 87.54%, Best Valid: 91.98%, Best Test: 92.83%
Epoch: 900, Loss: 0.0098, Train: 88.43%, Valid: 86.63%, Test: 88.11%, Best Valid: 91.98%, Best Test: 92.83%
Epoch: 1000, Loss: 0.0152, Train: 88.76%, Valid: 87.18%, Test: 87.98%, Best Valid: 91.98%, Best Test: 92.83%
Epoch: 1100, Loss: 0.0169, Train: 87.92%, Valid: 86.01%, Test: 87.13%, Best Valid: 91.98%, Best Test: 92.83%
Epoch: 1200, Loss: 0.0127, Train: 89.72%, Valid: 88.46%, Test: 89.89%, Best Valid: 91.98%, Best Test: 92.83%
Epoch: 1300, Loss: 0.0100, Train: 89.95%, Valid: 88.24%, Test: 89.61%, Best Valid: 91.98%, Best Test: 92.83%
Epoch: 1400, Loss: 0.0353, Train: 87.14%, Valid: 86.01%, Test: 87.21%, Best Valid: 91.98%, Best Test: 92.83%
Epoch: 1500, Loss: 0.4364, Train: 86.55%, Valid: 84.92%, Test: 85.88%, Best Valid: 91.98%, Best Test: 92.83%
Run 07:
Highest Train: 93.00
Highest Valid: 91.98
Highest Test: 92.97
Chosen epoch: 93
Final Train: 93.00
Final Test: 92.83
Label budget: 50/class -> 750 train nodes
Pre-training MLP for 500 epochs to generate co-occurrence matrix...
MLP pre-training complete. Penalty matrix frozen.
Epoch: 00, Loss: 3.0772, Train: 12.29%, Valid: 11.97%, Test: 10.96%, Best Valid: 11.97%, Best Test: 10.96%
Switching Polynormer to global attention phase.
Epoch: 100, Loss: 2.8435, Train: 8.03%, Valid: 7.69%, Test: 7.61%, Best Valid: 91.57%, Best Test: 92.34%
Epoch: 200, Loss: 2.8436, Train: 12.29%, Valid: 11.97%, Test: 10.96%, Best Valid: 91.57%, Best Test: 92.34%
Epoch: 300, Loss: 0.9717, Train: 55.30%, Valid: 52.26%, Test: 53.68%, Best Valid: 91.57%, Best Test: 92.34%
Epoch: 400, Loss: 0.0647, Train: 71.79%, Valid: 70.10%, Test: 70.99%, Best Valid: 91.57%, Best Test: 92.34%
Epoch: 500, Loss: 0.0499, Train: 76.34%, Valid: 74.66%, Test: 75.71%, Best Valid: 91.57%, Best Test: 92.34%
Epoch: 600, Loss: 0.0207, Train: 80.65%, Valid: 78.81%, Test: 79.14%, Best Valid: 91.57%, Best Test: 92.34%
Epoch: 700, Loss: 0.0320, Train: 81.99%, Valid: 80.01%, Test: 80.26%, Best Valid: 91.57%, Best Test: 92.34%
Epoch: 800, Loss: 0.0190, Train: 84.74%, Valid: 82.54%, Test: 83.45%, Best Valid: 91.57%, Best Test: 92.34%
Epoch: 900, Loss: 0.0165, Train: 86.29%, Valid: 84.64%, Test: 85.36%, Best Valid: 91.57%, Best Test: 92.34%
Epoch: 1000, Loss: 0.0513, Train: 85.87%, Valid: 84.67%, Test: 85.14%, Best Valid: 91.57%, Best Test: 92.34%
Epoch: 1100, Loss: 0.0359, Train: 86.64%, Valid: 84.83%, Test: 86.29%, Best Valid: 91.57%, Best Test: 92.34%
Epoch: 1200, Loss: 0.0076, Train: 88.60%, Valid: 87.18%, Test: 87.49%, Best Valid: 91.57%, Best Test: 92.34%
Epoch: 1300, Loss: 0.0132, Train: 88.65%, Valid: 87.23%, Test: 87.68%, Best Valid: 91.57%, Best Test: 92.34%
Epoch: 1400, Loss: 0.0119, Train: 88.89%, Valid: 87.07%, Test: 87.05%, Best Valid: 91.57%, Best Test: 92.34%
Epoch: 1500, Loss: 0.0042, Train: 89.02%, Valid: 87.81%, Test: 87.81%, Best Valid: 91.57%, Best Test: 92.34%
Run 08:
Highest Train: 92.89
Highest Valid: 91.57
Highest Test: 92.67
Chosen epoch: 81
Final Train: 92.59
Final Test: 92.34
Label budget: 50/class -> 750 train nodes
Pre-training MLP for 500 epochs to generate co-occurrence matrix...
MLP pre-training complete. Penalty matrix frozen.
Epoch: 00, Loss: 3.0289, Train: 2.37%, Valid: 2.51%, Test: 2.07%, Best Valid: 2.51%, Best Test: 2.07%
Switching Polynormer to global attention phase.
Epoch: 100, Loss: 2.8434, Train: 1.99%, Valid: 2.07%, Test: 2.07%, Best Valid: 90.75%, Best Test: 92.20%
Epoch: 200, Loss: 0.0210, Train: 89.19%, Valid: 87.81%, Test: 89.07%, Best Valid: 90.75%, Best Test: 92.20%
Epoch: 300, Loss: 0.0030, Train: 92.25%, Valid: 90.94%, Test: 92.26%, Best Valid: 91.13%, Best Test: 92.45%
Epoch: 400, Loss: 0.0306, Train: 89.14%, Valid: 86.80%, Test: 88.58%, Best Valid: 91.16%, Best Test: 92.34%
Epoch: 500, Loss: 0.0210, Train: 91.83%, Valid: 90.51%, Test: 92.15%, Best Valid: 91.16%, Best Test: 92.34%
Epoch: 600, Loss: 0.0008, Train: 91.96%, Valid: 90.37%, Test: 91.77%, Best Valid: 91.63%, Best Test: 93.05%
Epoch: 700, Loss: 0.0007, Train: 92.80%, Valid: 91.03%, Test: 92.48%, Best Valid: 91.63%, Best Test: 93.05%
Epoch: 800, Loss: 0.0043, Train: 92.16%, Valid: 90.89%, Test: 92.12%, Best Valid: 91.63%, Best Test: 93.05%
Epoch: 900, Loss: 0.0165, Train: 91.64%, Valid: 90.37%, Test: 91.82%, Best Valid: 91.63%, Best Test: 93.05%
Epoch: 1000, Loss: 0.0022, Train: 91.94%, Valid: 90.81%, Test: 92.37%, Best Valid: 91.65%, Best Test: 92.78%
Epoch: 1100, Loss: 0.0147, Train: 92.25%, Valid: 90.70%, Test: 91.93%, Best Valid: 91.65%, Best Test: 92.78%
Epoch: 1200, Loss: 0.0047, Train: 89.84%, Valid: 87.92%, Test: 89.83%, Best Valid: 92.09%, Best Test: 92.69%
Epoch: 1300, Loss: 0.0056, Train: 91.79%, Valid: 90.64%, Test: 91.85%, Best Valid: 92.09%, Best Test: 92.69%
Epoch: 1400, Loss: 0.0015, Train: 91.64%, Valid: 90.53%, Test: 92.04%, Best Valid: 92.09%, Best Test: 92.69%
Epoch: 1500, Loss: 0.0018, Train: 92.26%, Valid: 90.32%, Test: 92.18%, Best Valid: 92.09%, Best Test: 92.69%
Run 09:
Highest Train: 93.24
Highest Valid: 92.09
Highest Test: 93.18
Chosen epoch: 1114
Final Train: 92.79
Final Test: 92.69
Label budget: 50/class -> 750 train nodes
Pre-training MLP for 500 epochs to generate co-occurrence matrix...
MLP pre-training complete. Penalty matrix frozen.
Epoch: 00, Loss: 3.0554, Train: 8.03%, Valid: 7.69%, Test: 7.61%, Best Valid: 7.69%, Best Test: 7.61%
Switching Polynormer to global attention phase.
Epoch: 100, Loss: 2.8435, Train: 11.11%, Valid: 10.91%, Test: 11.21%, Best Valid: 91.71%, Best Test: 93.13%
Epoch: 200, Loss: 0.1767, Train: 87.12%, Valid: 85.60%, Test: 86.40%, Best Valid: 91.71%, Best Test: 93.13%
Epoch: 300, Loss: 0.0181, Train: 89.64%, Valid: 87.75%, Test: 88.90%, Best Valid: 91.71%, Best Test: 93.13%
Epoch: 400, Loss: 0.0141, Train: 91.82%, Valid: 90.62%, Test: 91.79%, Best Valid: 91.71%, Best Test: 93.13%
Epoch: 500, Loss: 0.0024, Train: 91.45%, Valid: 90.10%, Test: 91.28%, Best Valid: 91.73%, Best Test: 92.12%
Epoch: 600, Loss: 0.0007, Train: 91.91%, Valid: 90.70%, Test: 92.09%, Best Valid: 91.73%, Best Test: 92.12%
Epoch: 700, Loss: 0.0048, Train: 91.74%, Valid: 90.43%, Test: 91.74%, Best Valid: 91.73%, Best Test: 92.12%
Epoch: 800, Loss: 0.0108, Train: 91.84%, Valid: 90.53%, Test: 91.98%, Best Valid: 91.73%, Best Test: 92.12%
Epoch: 900, Loss: 0.0015, Train: 92.54%, Valid: 91.43%, Test: 93.10%, Best Valid: 91.93%, Best Test: 92.78%
Epoch: 1000, Loss: 0.0064, Train: 91.09%, Valid: 89.61%, Test: 91.74%, Best Valid: 91.93%, Best Test: 92.78%
Epoch: 1100, Loss: 0.0027, Train: 91.88%, Valid: 90.26%, Test: 91.93%, Best Valid: 91.93%, Best Test: 92.78%
Epoch: 1200, Loss: 0.0026, Train: 91.07%, Valid: 89.83%, Test: 91.03%, Best Valid: 91.93%, Best Test: 92.78%
Epoch: 1300, Loss: 0.0043, Train: 91.70%, Valid: 90.34%, Test: 91.49%, Best Valid: 91.93%, Best Test: 92.78%
Epoch: 1400, Loss: 0.0482, Train: 91.39%, Valid: 89.80%, Test: 90.76%, Best Valid: 91.93%, Best Test: 92.78%
Epoch: 1500, Loss: 0.0005, Train: 93.06%, Valid: 91.52%, Test: 92.61%, Best Valid: 91.93%, Best Test: 92.78%
Run 10:
Highest Train: 93.28
Highest Valid: 91.93
Highest Test: 93.40
Chosen epoch: 892
Final Train: 92.66
Final Test: 92.78
All runs:
Highest Train: 93.11 ± 0.30
Highest Test: 93.06 ± 0.36
Highest Valid: 91.91 ± 0.40
  Final Train: 92.79 ± 0.39
   Final Test: 92.66 ± 0.40
Saving results to ../results/lowlabel/coauthor-cs/polynormer.csv
--- mlp_reg | lambda=0.1 ---
