Thu Aug  6 11:31:00 2026       
+-----------------------------------------------------------------------------------------+
| NVIDIA-SMI 580.159.04             Driver Version: 580.159.04     CUDA Version: 13.0     |
+-----------------------------------------+------------------------+----------------------+
| GPU  Name                 Persistence-M | Bus-Id          Disp.A | Volatile Uncorr. ECC |
| Fan  Temp   Perf          Pwr:Usage/Cap |           Memory-Usage | GPU-Util  Compute M. |
|                                         |                        |               MIG M. |
|=========================================+========================+======================|
|   0  NVIDIA A100-SXM4-80GB          On  |   00000000:01:00.0 Off |                   On |
| N/A   36C    P0            134W /  500W |   11533MiB /  81920MiB |     N/A      Default |
|                                         |                        |              Enabled |
+-----------------------------------------+------------------------+----------------------+
|   1  NVIDIA A100-SXM4-80GB          On  |   00000000:41:00.0 Off |                   On |
| N/A   35C    P0            126W /  500W |   11531MiB /  81920MiB |     N/A      Default |
|                                         |                        |              Enabled |
+-----------------------------------------+------------------------+----------------------+
|   2  NVIDIA A100-SXM4-80GB          On  |   00000000:81:00.0 Off |                   On |
| N/A   34C    P0             71W /  500W |     249MiB /  81920MiB |     N/A      Default |
|                                         |                        |              Enabled |
+-----------------------------------------+------------------------+----------------------+
|   3  NVIDIA A100-SXM4-80GB          On  |   00000000:C1:00.0 Off |                   On |
| N/A   31C    P0            113W /  500W |     837MiB /  81920MiB |     N/A      Default |
|                                         |                        |              Enabled |
+-----------------------------------------+------------------------+----------------------+

+-----------------------------------------------------------------------------------------+
| MIG devices:                                                                            |
+------------------+----------------------------------+-----------+-----------------------+
| GPU  GI  CI  MIG |              Shared Memory-Usage |        Vol|        Shared         |
|      ID  ID  Dev |                Shared BAR1-Usage | SM     Unc| CE ENC  DEC  OFA  JPG |
|                  |                                  |        ECC|                       |
|==================+==================================+===========+=======================|
|  2    3   0   0  |              71MiB / 19968MiB    | 28      0 |  2   0    1    0    0 |
|                  |               0MiB / 12271MiB    |           |                       |
+------------------+----------------------------------+-----------+-----------------------+

+-----------------------------------------------------------------------------------------+
| Processes:                                                                              |
|  GPU   GI   CI              PID   Type   Process name                        GPU Memory |
|        ID   ID                                                               Usage      |
|=========================================================================================|
|    0    3    0           603548      C   python                                11276MiB |
|    1    3    0           600791      C   python                                11274MiB |
|    3    5    0           586775      C   ...envs/torch-cuda-mm/bin/python        580MiB |
+-----------------------------------------------------------------------------------------+
Cell: amazon-computer / polynormer / budget 20 per class / group 0
python main.py --model polynormer --dataset amazon-computer --hidden_channels 64 --local_epochs 200 --global_epochs 1000 --lr 0.001 --runs 10 --local_layers 5 --global_layers 1 --weight_decay 5e-5 --dropout 0.7 --in_dropout 0.2 --num_heads 8 --save_model --device 0 --model_dir models/lowlabel_1161133_190 --train_per_class 20 --budget_tag 20
==========================================================
Low-label sweep: python main.py --model polynormer --dataset amazon-computer --hidden_channels 64 --local_epochs 200 --global_epochs 1000 --lr 0.001 --runs 10 --local_layers 5 --global_layers 1 --weight_decay 5e-5 --dropout 0.7 --in_dropout 0.2 --num_heads 8 --save_model --device 0 --model_dir models/lowlabel_1161133_190 --train_per_class 20 --budget_tag 20
result_dir=../results/lowlabel conditions=[baseline]
==========================================================
--- baseline ---
Namespace(aggregate='add', alpha=0.5, attention='gcn', beta=-1.0, bn=False, budget_tag='20', count_reg=False, count_smoothing=1.0, cpu=False, data_dir='../data/', dataset='amazon-computer', device=0, dim_inner=64, display_step=100, dropout=0.7, epochs=500, global_dropout=None, global_epochs=1000, global_layers=1, gnn='gcn', graph_weight=0.8, hidden_channels=64, hops=10, in_dropout=0.2, jk=False, label_num_per_class=20, lambda_val=0.5, layers=1, ln=False, local_epochs=200, local_gnn_type='GCN', local_layers=5, lr=0.001, metric='acc', mlp_epochs=500, mlp_reg=False, model='polynormer', model_dir='models/lowlabel_1161133_190', n_heads=8, num_centroids=4096, num_heads=8, oracle_reg=False, paired_seeds=True, pe_types='RWSE', penalty_transform='none', pre_linear=False, pre_ln=False, rand_split=False, rand_split_class=False, reg_start_epoch=10, reg_update_freq=5, res=False, resample_split_per_run=False, result_dir='../results/lowlabel', runs=10, save_model=True, save_result=False, seed=42, test_num=1000, tr_dropout=None, tr_layers=1, tr_weight_decay=None, train_per_class=20, train_prop=0.5, use_act=False, use_bn=False, use_graph=False, use_reg=False, use_residual=False, use_weight=False, valid_num=500, valid_per_class=0, valid_prop=0.25, weight_decay=5e-05)
amazon-computer
dataset amazon-computer | num nodes 13752 | num edge 491722 | num node feats 767 | num classes 10
MODEL: Polynormer(
  (h_lins): ModuleList(
    (0): Linear(in_features=512, out_features=512, bias=True)
    (1): Linear(in_features=512, out_features=512, bias=True)
    (2): Linear(in_features=512, out_features=512, bias=True)
    (3): Linear(in_features=512, out_features=512, bias=True)
    (4): Linear(in_features=512, out_features=512, bias=True)
  )
  (local_convs): ModuleList(
    (0): GATConv(512, 64, heads=8)
    (1): GATConv(512, 64, heads=8)
    (2): GATConv(512, 64, heads=8)
    (3): GATConv(512, 64, heads=8)
    (4): GATConv(512, 64, heads=8)
  )
  (lins): ModuleList(
    (0): Linear(in_features=512, out_features=512, bias=True)
    (1): Linear(in_features=512, out_features=512, bias=True)
    (2): Linear(in_features=512, out_features=512, bias=True)
    (3): Linear(in_features=512, out_features=512, bias=True)
    (4): Linear(in_features=512, out_features=512, bias=True)
  )
  (lns): ModuleList(
    (0): LayerNorm((512,), eps=1e-05, elementwise_affine=True)
    (1): LayerNorm((512,), eps=1e-05, elementwise_affine=True)
    (2): LayerNorm((512,), eps=1e-05, elementwise_affine=True)
    (3): LayerNorm((512,), eps=1e-05, elementwise_affine=True)
    (4): LayerNorm((512,), eps=1e-05, elementwise_affine=True)
  )
  (lin_in): Linear(in_features=767, out_features=512, bias=True)
  (ln): LayerNorm((512,), eps=1e-05, elementwise_affine=True)
  (global_attn): GlobalAttn(
    (h_lins): ModuleList(
      (0): Linear(in_features=512, out_features=512, bias=True)
    )
    (k_lins): ModuleList(
      (0): Linear(in_features=512, out_features=512, bias=True)
    )
    (v_lins): ModuleList(
      (0): Linear(in_features=512, out_features=512, bias=True)
    )
    (lns): ModuleList(
      (0): LayerNorm((512,), eps=1e-05, elementwise_affine=True)
    )
    (lin_out): Linear(in_features=512, out_features=512, bias=True)
  )
  (pred_local): Linear(in_features=512, out_features=10, bias=True)
  (pred_global): Linear(in_features=512, out_features=10, bias=True)
)
Label budget: 20/class -> 200 train nodes
Epoch: 00, Loss: 2.5476, Train: 3.84%, Valid: 3.75%, Test: 4.43%, Best Valid: 3.75%, Best Test: 4.43%
Epoch: 100, Loss: 2.3616, Train: 3.36%, Valid: 4.00%, Test: 3.64%, Best Valid: 16.33%, Best Test: 14.69%
Switching Polynormer to global attention phase.
Epoch: 200, Loss: 2.3610, Train: 35.06%, Valid: 35.56%, Test: 34.53%, Best Valid: 59.02%, Best Test: 59.36%
Epoch: 300, Loss: 0.2857, Train: 67.13%, Valid: 69.24%, Test: 69.14%, Best Valid: 75.35%, Best Test: 75.90%
Epoch: 400, Loss: 0.0573, Train: 67.83%, Valid: 70.22%, Test: 69.21%, Best Valid: 75.85%, Best Test: 76.15%
Epoch: 500, Loss: 0.1110, Train: 68.67%, Valid: 69.82%, Test: 70.88%, Best Valid: 79.71%, Best Test: 80.44%
Epoch: 600, Loss: 0.0250, Train: 73.29%, Valid: 74.62%, Test: 74.70%, Best Valid: 79.71%, Best Test: 80.44%
Epoch: 700, Loss: 0.0126, Train: 73.22%, Valid: 74.62%, Test: 75.03%, Best Valid: 79.71%, Best Test: 80.44%
Epoch: 800, Loss: 0.0219, Train: 72.57%, Valid: 73.45%, Test: 72.92%, Best Valid: 80.91%, Best Test: 81.39%
Epoch: 900, Loss: 0.0379, Train: 76.39%, Valid: 77.24%, Test: 76.74%, Best Valid: 81.20%, Best Test: 80.99%
Epoch: 1000, Loss: 0.0022, Train: 74.06%, Valid: 75.09%, Test: 75.57%, Best Valid: 81.20%, Best Test: 80.99%
Epoch: 1100, Loss: 0.0319, Train: 79.95%, Valid: 81.24%, Test: 81.35%, Best Valid: 81.24%, Best Test: 81.35%
Run 01:
Highest Train: 82.54
Highest Valid: 82.65
Highest Test: 83.28
Chosen epoch: 1160
Final Train: 82.47
Final Test: 83.24
Label budget: 20/class -> 200 train nodes
Epoch: 00, Loss: 2.5036, Train: 2.13%, Valid: 2.58%, Test: 2.25%, Best Valid: 2.58%, Best Test: 2.25%
Epoch: 100, Loss: 2.3644, Train: 5.30%, Valid: 5.42%, Test: 5.78%, Best Valid: 36.18%, Best Test: 38.53%
Switching Polynormer to global attention phase.
Epoch: 200, Loss: 2.3026, Train: 3.84%, Valid: 3.75%, Test: 4.43%, Best Valid: 78.55%, Best Test: 78.66%
Epoch: 300, Loss: 0.2986, Train: 73.78%, Valid: 74.25%, Test: 74.15%, Best Valid: 78.65%, Best Test: 78.12%
Epoch: 400, Loss: 0.0656, Train: 75.59%, Valid: 76.04%, Test: 76.44%, Best Valid: 81.16%, Best Test: 80.88%
Epoch: 500, Loss: 0.1043, Train: 81.20%, Valid: 80.47%, Test: 81.79%, Best Valid: 81.71%, Best Test: 82.59%
Epoch: 600, Loss: 0.0634, Train: 73.93%, Valid: 74.58%, Test: 74.34%, Best Valid: 81.78%, Best Test: 84.01%
Epoch: 700, Loss: 0.0337, Train: 79.34%, Valid: 78.98%, Test: 79.97%, Best Valid: 81.78%, Best Test: 84.01%
Epoch: 800, Loss: 0.0538, Train: 80.37%, Valid: 80.04%, Test: 80.41%, Best Valid: 82.04%, Best Test: 82.62%
Epoch: 900, Loss: 0.0265, Train: 78.94%, Valid: 77.67%, Test: 79.57%, Best Valid: 82.04%, Best Test: 82.62%
Epoch: 1000, Loss: 0.0728, Train: 80.72%, Valid: 80.40%, Test: 81.42%, Best Valid: 82.04%, Best Test: 82.62%
Epoch: 1100, Loss: 0.0236, Train: 81.14%, Valid: 80.95%, Test: 81.06%, Best Valid: 82.04%, Best Test: 82.62%
Run 02:
Highest Train: 83.00
Highest Valid: 82.04
Highest Test: 84.08
Chosen epoch: 777
Final Train: 82.26
Final Test: 82.62
Label budget: 20/class -> 200 train nodes
Epoch: 00, Loss: 2.4886, Train: 10.57%, Valid: 9.49%, Test: 10.11%, Best Valid: 9.49%, Best Test: 10.11%
Epoch: 100, Loss: 2.3721, Train: 10.70%, Valid: 9.56%, Test: 10.03%, Best Valid: 40.51%, Best Test: 42.28%
Switching Polynormer to global attention phase.
Epoch: 200, Loss: 2.3026, Train: 6.04%, Valid: 6.25%, Test: 5.38%, Best Valid: 65.45%, Best Test: 65.32%
Epoch: 300, Loss: 0.3292, Train: 73.43%, Valid: 74.00%, Test: 74.41%, Best Valid: 80.44%, Best Test: 82.48%
Epoch: 400, Loss: 0.2722, Train: 82.92%, Valid: 82.36%, Test: 84.51%, Best Valid: 83.02%, Best Test: 84.95%
Epoch: 500, Loss: 0.0492, Train: 78.46%, Valid: 79.16%, Test: 80.33%, Best Valid: 84.55%, Best Test: 86.51%
Epoch: 600, Loss: 0.0532, Train: 81.44%, Valid: 81.49%, Test: 83.02%, Best Valid: 84.55%, Best Test: 86.51%
Epoch: 700, Loss: 0.0335, Train: 79.09%, Valid: 79.35%, Test: 79.93%, Best Valid: 84.55%, Best Test: 86.51%
Epoch: 800, Loss: 0.0073, Train: 77.26%, Valid: 78.18%, Test: 78.52%, Best Valid: 84.87%, Best Test: 86.37%
Epoch: 900, Loss: 0.0273, Train: 81.13%, Valid: 81.96%, Test: 82.73%, Best Valid: 84.87%, Best Test: 86.37%
Epoch: 1000, Loss: 0.0097, Train: 81.01%, Valid: 81.45%, Test: 83.24%, Best Valid: 84.87%, Best Test: 86.37%
Epoch: 1100, Loss: 0.0229, Train: 79.63%, Valid: 79.56%, Test: 81.90%, Best Valid: 84.87%, Best Test: 86.37%
Run 03:
Highest Train: 84.79
Highest Valid: 84.87
Highest Test: 86.91
Chosen epoch: 781
Final Train: 84.26
Final Test: 86.37
Label budget: 20/class -> 200 train nodes
Epoch: 00, Loss: 2.6442, Train: 3.83%, Valid: 3.78%, Test: 4.43%, Best Valid: 3.78%, Best Test: 4.43%
Epoch: 100, Loss: 2.3035, Train: 2.22%, Valid: 2.29%, Test: 2.44%, Best Valid: 36.18%, Best Test: 38.53%
Switching Polynormer to global attention phase.
Epoch: 200, Loss: 2.3026, Train: 15.79%, Valid: 16.33%, Test: 14.69%, Best Valid: 63.38%, Best Test: 65.61%
Epoch: 300, Loss: 0.3573, Train: 71.01%, Valid: 71.09%, Test: 72.01%, Best Valid: 75.45%, Best Test: 74.95%
Epoch: 400, Loss: 0.2012, Train: 74.00%, Valid: 73.67%, Test: 74.55%, Best Valid: 76.25%, Best Test: 76.59%
Epoch: 500, Loss: 0.0634, Train: 73.60%, Valid: 73.78%, Test: 73.68%, Best Valid: 76.44%, Best Test: 75.54%
Epoch: 600, Loss: 0.0432, Train: 75.24%, Valid: 74.98%, Test: 75.46%, Best Valid: 77.60%, Best Test: 77.10%
Epoch: 700, Loss: 0.0408, Train: 75.72%, Valid: 76.04%, Test: 76.41%, Best Valid: 77.60%, Best Test: 77.10%
Epoch: 800, Loss: 0.0544, Train: 73.53%, Valid: 73.85%, Test: 73.65%, Best Valid: 78.22%, Best Test: 78.59%
Epoch: 900, Loss: 0.0218, Train: 77.58%, Valid: 77.45%, Test: 77.97%, Best Valid: 78.22%, Best Test: 78.59%
Epoch: 1000, Loss: 0.0385, Train: 76.85%, Valid: 76.69%, Test: 76.92%, Best Valid: 78.87%, Best Test: 79.28%
Epoch: 1100, Loss: 0.0770, Train: 77.38%, Valid: 76.36%, Test: 77.43%, Best Valid: 78.91%, Best Test: 79.68%
Run 04:
Highest Train: 79.15
Highest Valid: 78.91
Highest Test: 79.68
Chosen epoch: 1029
Final Train: 78.92
Final Test: 79.68
Label budget: 20/class -> 200 train nodes
Epoch: 00, Loss: 2.5564, Train: 3.42%, Valid: 4.11%, Test: 3.67%, Best Valid: 4.11%, Best Test: 3.67%
Epoch: 100, Loss: 2.3266, Train: 3.36%, Valid: 4.00%, Test: 3.64%, Best Valid: 36.33%, Best Test: 38.89%
Switching Polynormer to global attention phase.
Epoch: 200, Loss: 2.3026, Train: 2.18%, Valid: 2.29%, Test: 2.36%, Best Valid: 61.02%, Best Test: 63.47%
Epoch: 300, Loss: 0.3469, Train: 70.36%, Valid: 70.29%, Test: 71.43%, Best Valid: 74.73%, Best Test: 76.19%
Epoch: 400, Loss: 0.1793, Train: 73.89%, Valid: 74.76%, Test: 75.03%, Best Valid: 76.36%, Best Test: 76.74%
Epoch: 500, Loss: 0.0785, Train: 77.74%, Valid: 76.91%, Test: 78.01%, Best Valid: 77.96%, Best Test: 79.43%
Epoch: 600, Loss: 0.0581, Train: 75.37%, Valid: 75.16%, Test: 76.30%, Best Valid: 77.96%, Best Test: 79.43%
Epoch: 700, Loss: 0.0545, Train: 78.96%, Valid: 78.69%, Test: 79.90%, Best Valid: 79.13%, Best Test: 80.73%
Epoch: 800, Loss: 0.0467, Train: 76.48%, Valid: 76.11%, Test: 77.46%, Best Valid: 79.13%, Best Test: 80.73%
Epoch: 900, Loss: 0.0173, Train: 79.09%, Valid: 78.80%, Test: 79.90%, Best Valid: 79.75%, Best Test: 81.24%
Epoch: 1000, Loss: 0.0666, Train: 74.11%, Valid: 74.58%, Test: 75.25%, Best Valid: 79.75%, Best Test: 81.24%
Epoch: 1100, Loss: 0.0464, Train: 78.45%, Valid: 78.29%, Test: 79.68%, Best Valid: 79.93%, Best Test: 80.48%
Run 05:
Highest Train: 80.63
Highest Valid: 79.93
Highest Test: 81.53
Chosen epoch: 1006
Final Train: 79.78
Final Test: 80.48
Label budget: 20/class -> 200 train nodes
Epoch: 00, Loss: 2.5328, Train: 10.62%, Valid: 9.56%, Test: 10.03%, Best Valid: 9.56%, Best Test: 10.03%
Epoch: 100, Loss: 2.2933, Train: 15.84%, Valid: 16.33%, Test: 14.72%, Best Valid: 37.42%, Best Test: 39.48%
Switching Polynormer to global attention phase.
Epoch: 200, Loss: 2.3026, Train: 2.18%, Valid: 2.29%, Test: 2.36%, Best Valid: 66.44%, Best Test: 67.18%
Epoch: 300, Loss: 0.3576, Train: 66.49%, Valid: 66.76%, Test: 67.14%, Best Valid: 73.09%, Best Test: 74.34%
Epoch: 400, Loss: 0.1642, Train: 68.65%, Valid: 68.95%, Test: 69.25%, Best Valid: 75.56%, Best Test: 76.05%
Epoch: 500, Loss: 0.1104, Train: 69.08%, Valid: 69.93%, Test: 69.07%, Best Valid: 77.24%, Best Test: 76.37%
Epoch: 600, Loss: 0.0608, Train: 74.27%, Valid: 73.89%, Test: 74.34%, Best Valid: 79.35%, Best Test: 79.24%
Epoch: 700, Loss: 0.0119, Train: 78.03%, Valid: 77.75%, Test: 78.44%, Best Valid: 79.35%, Best Test: 79.24%
Epoch: 800, Loss: 0.0260, Train: 74.35%, Valid: 74.84%, Test: 74.05%, Best Valid: 79.35%, Best Test: 79.24%
Epoch: 900, Loss: 0.0856, Train: 74.49%, Valid: 74.22%, Test: 75.14%, Best Valid: 79.35%, Best Test: 79.24%
Epoch: 1000, Loss: 0.0199, Train: 78.34%, Valid: 77.64%, Test: 78.01%, Best Valid: 79.35%, Best Test: 79.24%
Epoch: 1100, Loss: 0.0241, Train: 67.76%, Valid: 67.93%, Test: 66.09%, Best Valid: 81.93%, Best Test: 82.12%
Run 06:
Highest Train: 81.93
Highest Valid: 81.93
Highest Test: 82.12
Chosen epoch: 1092
Final Train: 81.93
Final Test: 82.12
Label budget: 20/class -> 200 train nodes
Epoch: 00, Loss: 2.5456, Train: 7.60%, Valid: 7.05%, Test: 7.27%, Best Valid: 7.05%, Best Test: 7.27%
Epoch: 100, Loss: 2.3373, Train: 15.79%, Valid: 16.33%, Test: 14.69%, Best Valid: 36.51%, Best Test: 38.60%
Switching Polynormer to global attention phase.
Epoch: 200, Loss: 2.3026, Train: 1.96%, Valid: 2.55%, Test: 2.14%, Best Valid: 64.33%, Best Test: 64.34%
Epoch: 300, Loss: 0.3169, Train: 74.60%, Valid: 73.93%, Test: 74.74%, Best Valid: 78.69%, Best Test: 80.15%
Epoch: 400, Loss: 0.1201, Train: 78.04%, Valid: 77.53%, Test: 78.08%, Best Valid: 80.15%, Best Test: 80.77%
Epoch: 500, Loss: 0.0920, Train: 75.38%, Valid: 75.05%, Test: 76.41%, Best Valid: 81.60%, Best Test: 82.08%
Epoch: 600, Loss: 0.0496, Train: 78.26%, Valid: 78.22%, Test: 78.23%, Best Valid: 81.96%, Best Test: 82.84%
Epoch: 700, Loss: 0.0599, Train: 80.98%, Valid: 80.69%, Test: 81.24%, Best Valid: 81.96%, Best Test: 82.84%
Epoch: 800, Loss: 0.0135, Train: 77.35%, Valid: 76.62%, Test: 78.01%, Best Valid: 81.96%, Best Test: 82.84%
Epoch: 900, Loss: 0.0118, Train: 78.89%, Valid: 78.44%, Test: 80.23%, Best Valid: 81.96%, Best Test: 82.84%
Epoch: 1000, Loss: 0.0519, Train: 80.46%, Valid: 79.93%, Test: 80.73%, Best Valid: 81.96%, Best Test: 82.84%
Epoch: 1100, Loss: 0.3119, Train: 72.15%, Valid: 71.27%, Test: 72.52%, Best Valid: 81.96%, Best Test: 82.84%
Run 07:
Highest Train: 82.41
Highest Valid: 81.96
Highest Test: 82.84
Chosen epoch: 508
Final Train: 82.41
Final Test: 82.84
Label budget: 20/class -> 200 train nodes
Epoch: 00, Loss: 2.5485, Train: 15.79%, Valid: 16.33%, Test: 14.72%, Best Valid: 16.33%, Best Test: 14.72%
Epoch: 100, Loss: 2.3149, Train: 37.61%, Valid: 36.18%, Test: 38.53%, Best Valid: 36.33%, Best Test: 38.75%
Switching Polynormer to global attention phase.
Epoch: 200, Loss: 2.3026, Train: 15.50%, Valid: 16.00%, Test: 15.38%, Best Valid: 51.42%, Best Test: 51.18%
Epoch: 300, Loss: 0.3702, Train: 69.98%, Valid: 69.82%, Test: 72.74%, Best Valid: 73.42%, Best Test: 74.05%
Epoch: 400, Loss: 0.1735, Train: 77.58%, Valid: 77.75%, Test: 78.52%, Best Valid: 78.87%, Best Test: 80.37%
Epoch: 500, Loss: 0.0480, Train: 79.11%, Valid: 78.07%, Test: 79.83%, Best Valid: 80.25%, Best Test: 80.66%
Epoch: 600, Loss: 0.0590, Train: 80.51%, Valid: 79.67%, Test: 82.19%, Best Valid: 80.98%, Best Test: 81.82%
Epoch: 700, Loss: 0.0451, Train: 78.16%, Valid: 77.53%, Test: 79.10%, Best Valid: 81.27%, Best Test: 82.33%
Epoch: 800, Loss: 0.0193, Train: 81.25%, Valid: 80.80%, Test: 82.33%, Best Valid: 81.67%, Best Test: 82.48%
Epoch: 900, Loss: 0.0027, Train: 79.63%, Valid: 79.38%, Test: 81.28%, Best Valid: 81.96%, Best Test: 83.17%
Epoch: 1000, Loss: 0.0253, Train: 82.95%, Valid: 82.76%, Test: 83.90%, Best Valid: 82.76%, Best Test: 83.90%
Epoch: 1100, Loss: 0.0033, Train: 82.03%, Valid: 81.09%, Test: 83.39%, Best Valid: 83.24%, Best Test: 83.72%
Run 08:
Highest Train: 83.32
Highest Valid: 83.24
Highest Test: 84.73
Chosen epoch: 1001
Final Train: 83.32
Final Test: 83.72
Label budget: 20/class -> 200 train nodes
Epoch: 00, Loss: 2.6041, Train: 3.87%, Valid: 3.78%, Test: 4.43%, Best Valid: 3.78%, Best Test: 4.43%
Epoch: 100, Loss: 2.3286, Train: 2.18%, Valid: 2.29%, Test: 2.36%, Best Valid: 37.89%, Best Test: 40.57%
Switching Polynormer to global attention phase.
Epoch: 200, Loss: 2.3026, Train: 15.50%, Valid: 16.00%, Test: 15.38%, Best Valid: 69.93%, Best Test: 69.17%
Epoch: 300, Loss: 0.2541, Train: 75.99%, Valid: 77.49%, Test: 76.63%, Best Valid: 77.96%, Best Test: 77.57%
Epoch: 400, Loss: 0.2717, Train: 74.02%, Valid: 75.85%, Test: 74.66%, Best Valid: 81.78%, Best Test: 82.08%
Epoch: 500, Loss: 0.0987, Train: 80.39%, Valid: 80.44%, Test: 80.59%, Best Valid: 81.78%, Best Test: 82.08%
Epoch: 600, Loss: 0.0416, Train: 81.26%, Valid: 81.96%, Test: 82.66%, Best Valid: 82.11%, Best Test: 82.48%
Epoch: 700, Loss: 0.0554, Train: 79.28%, Valid: 80.07%, Test: 80.73%, Best Valid: 82.95%, Best Test: 83.64%
Epoch: 800, Loss: 0.0320, Train: 78.74%, Valid: 79.24%, Test: 79.50%, Best Valid: 82.95%, Best Test: 83.64%
Epoch: 900, Loss: 0.0882, Train: 80.33%, Valid: 80.40%, Test: 80.88%, Best Valid: 82.95%, Best Test: 83.64%
Epoch: 1000, Loss: 0.0015, Train: 77.46%, Valid: 78.40%, Test: 77.94%, Best Valid: 82.95%, Best Test: 83.64%
Epoch: 1100, Loss: 0.0020, Train: 80.97%, Valid: 81.96%, Test: 82.62%, Best Valid: 82.95%, Best Test: 83.64%
Run 09:
Highest Train: 82.46
Highest Valid: 82.95
Highest Test: 83.64
Chosen epoch: 609
Final Train: 82.41
Final Test: 83.64
Label budget: 20/class -> 200 train nodes
Epoch: 00, Loss: 2.6904, Train: 15.50%, Valid: 16.00%, Test: 15.38%, Best Valid: 16.00%, Best Test: 15.38%
Epoch: 100, Loss: 2.3095, Train: 10.62%, Valid: 9.53%, Test: 10.03%, Best Valid: 17.56%, Best Test: 16.03%
Switching Polynormer to global attention phase.
Epoch: 200, Loss: 2.3026, Train: 10.62%, Valid: 9.53%, Test: 10.03%, Best Valid: 64.44%, Best Test: 65.29%
Epoch: 300, Loss: 0.4700, Train: 47.13%, Valid: 47.42%, Test: 47.40%, Best Valid: 64.44%, Best Test: 65.29%
Epoch: 400, Loss: 0.1883, Train: 74.58%, Valid: 74.73%, Test: 74.55%, Best Valid: 76.36%, Best Test: 75.94%
Epoch: 500, Loss: 0.0664, Train: 75.08%, Valid: 74.84%, Test: 76.12%, Best Valid: 76.95%, Best Test: 78.12%
Epoch: 600, Loss: 0.0322, Train: 72.27%, Valid: 72.76%, Test: 73.97%, Best Valid: 77.64%, Best Test: 79.61%
Epoch: 700, Loss: 0.0462, Train: 73.19%, Valid: 73.64%, Test: 74.77%, Best Valid: 78.62%, Best Test: 80.41%
Epoch: 800, Loss: 0.0321, Train: 66.80%, Valid: 67.35%, Test: 67.58%, Best Valid: 78.62%, Best Test: 80.41%
Epoch: 900, Loss: 0.0046, Train: 72.72%, Valid: 72.76%, Test: 74.08%, Best Valid: 78.62%, Best Test: 80.41%
Epoch: 1000, Loss: 0.0033, Train: 70.60%, Valid: 70.69%, Test: 71.61%, Best Valid: 78.62%, Best Test: 80.41%
Epoch: 1100, Loss: 0.0231, Train: 75.74%, Valid: 75.42%, Test: 77.54%, Best Valid: 78.62%, Best Test: 80.41%
Run 10:
Highest Train: 79.21
Highest Valid: 78.62
Highest Test: 80.63
Chosen epoch: 645
Final Train: 79.21
Final Test: 80.41
All runs:
Highest Train: 81.95 ± 1.79
Highest Test: 82.94 ± 2.10
Highest Valid: 81.71 ± 1.99
  Final Train: 81.70 ± 1.79
   Final Test: 82.51 ± 1.97
Saving results to ../results/lowlabel/amazon-computer/polynormer.csv
Low-label sweep completed.
Task 190 done.
