Fri Aug 14 15:18:23 2026       
+-----------------------------------------------------------------------------------------+
| NVIDIA-SMI 580.159.04             Driver Version: 580.159.04     CUDA Version: 13.0     |
+-----------------------------------------+------------------------+----------------------+
| GPU  Name                 Persistence-M | Bus-Id          Disp.A | Volatile Uncorr. ECC |
| Fan  Temp   Perf          Pwr:Usage/Cap |           Memory-Usage | GPU-Util  Compute M. |
|                                         |                        |               MIG M. |
|=========================================+========================+======================|
|   0  NVIDIA A100-SXM4-80GB          On  |   00000000:01:00.0 Off |                   On |
| N/A   57C    P0            257W /  500W |   38843MiB /  81920MiB |     N/A      Default |
|                                         |                        |              Enabled |
+-----------------------------------------+------------------------+----------------------+
|   1  NVIDIA A100-SXM4-80GB          On  |   00000000:41:00.0 Off |                   On |
| N/A   48C    P0            236W /  500W |   39279MiB /  81920MiB |     N/A      Default |
|                                         |                        |              Enabled |
+-----------------------------------------+------------------------+----------------------+
|   2  NVIDIA A100-SXM4-80GB          On  |   00000000:81:00.0 Off |                   On |
| N/A   58C    P0            283W /  500W |   39947MiB /  81920MiB |     N/A      Default |
|                                         |                        |              Enabled |
+-----------------------------------------+------------------------+----------------------+
|   3  NVIDIA A100-SXM4-80GB          On  |   00000000:C1:00.0 Off |                   On |
| N/A   47C    P0            273W /  500W |   23463MiB /  81920MiB |     N/A      Default |
|                                         |                        |              Enabled |
+-----------------------------------------+------------------------+----------------------+

+-----------------------------------------------------------------------------------------+
| MIG devices:                                                                            |
+------------------+----------------------------------+-----------+-----------------------+
| GPU  GI  CI  MIG |              Shared Memory-Usage |        Vol|        Shared         |
|      ID  ID  Dev |                Shared BAR1-Usage | SM     Unc| CE ENC  DEC  OFA  JPG |
|                  |                                  |        ECC|                       |
|==================+==================================+===========+=======================|
|  0    5   0   0  |              71MiB / 19968MiB    | 28      0 |  2   0    1    0    0 |
|                  |               0MiB / 12271MiB    |           |                       |
+------------------+----------------------------------+-----------+-----------------------+

+-----------------------------------------------------------------------------------------+
| Processes:                                                                              |
|  GPU   GI   CI              PID   Type   Process name                        GPU Memory |
|        ID   ID                                                               Usage      |
|=========================================================================================|
|    1   13    0          1181099      C   ...ware/symmetrix-env/bin/python        836MiB |
|    1   14    0          1181106      C   ...ware/symmetrix-env/bin/python       1008MiB |
|    1    1    0          1194552      C   python                                37100MiB |
|    2    9    0          1181096      C   ...ware/symmetrix-env/bin/python       1136MiB |
|    2   10    0          1181104      C   ...ware/symmetrix-env/bin/python       1376MiB |
|    2    2    0          1194803      C   python                                37100MiB |
|    3   13    0          1181107      C   ...ware/symmetrix-env/bin/python       1696MiB |
|    3   14    0          1181108      C   ...ware/symmetrix-env/bin/python       2278MiB |
|    3    1    0          1195382      C   python                                19156MiB |
+-----------------------------------------------------------------------------------------+
Cell: citeseer / gcn / budget 10 per class / group 3
python main.py --gnn gcn --dataset citeseer --lr 0.001 --local_layers 2 --hidden_channels 512 --weight_decay 0.01 --dropout 0.5 --rand_split_class --valid_num 500 --test_num 1000 --seed 123 --device 0 --runs 5 --runs 10 --label_num_per_class 10 --resample_split_per_run --budget_tag 10
==========================================================
Low-label sweep: python main.py --gnn gcn --dataset citeseer --lr 0.001 --local_layers 2 --hidden_channels 512 --weight_decay 0.01 --dropout 0.5 --rand_split_class --valid_num 500 --test_num 1000 --seed 123 --device 0 --runs 5 --runs 10 --label_num_per_class 10 --resample_split_per_run --budget_tag 10
result_dir=results/lowlabel conditions=[oracle]
==========================================================
--- oracle_reg | lambda=0.01 ---
    (already completed — requeue resume, skipping)
--- oracle_reg | lambda=0.05 ---
    (already completed — requeue resume, skipping)
--- oracle_reg | lambda=0.1 ---
    (already completed — requeue resume, skipping)
--- oracle_reg | lambda=0.2 ---
    (already completed — requeue resume, skipping)
--- oracle_reg | lambda=0.4 ---
    (already completed — requeue resume, skipping)
--- oracle_reg | lambda=0.8 ---
    (already completed — requeue resume, skipping)
--- oracle_reg | lambda=1.6 ---
    (already completed — requeue resume, skipping)
Low-label sweep completed.
Task 63 done.
