Wed Sep  9 18:20:24 2026       
+-----------------------------------------------------------------------------------------+
| NVIDIA-SMI 580.159.04             Driver Version: 580.159.04     CUDA Version: 13.0     |
+-----------------------------------------+------------------------+----------------------+
| GPU  Name                 Persistence-M | Bus-Id          Disp.A | Volatile Uncorr. ECC |
| Fan  Temp   Perf          Pwr:Usage/Cap |           Memory-Usage | GPU-Util  Compute M. |
|                                         |                        |               MIG M. |
|=========================================+========================+======================|
|   0  NVIDIA A100-SXM4-80GB          On  |   00000000:01:00.0 Off |                   On |
| N/A   50C    P0            243W /  500W |   42896MiB /  81920MiB |     N/A      Default |
|                                         |                        |              Enabled |
+-----------------------------------------+------------------------+----------------------+
|   1  NVIDIA A100-SXM4-80GB          On  |   00000000:41:00.0 Off |                   On |
| N/A   40C    P0            173W /  500W |   40098MiB /  81920MiB |     N/A      Default |
|                                         |                        |              Enabled |
+-----------------------------------------+------------------------+----------------------+
|   2  NVIDIA A100-SXM4-80GB          On  |   00000000:81:00.0 Off |                   On |
| N/A   52C    P0            241W /  500W |   48032MiB /  81920MiB |     N/A      Default |
|                                         |                        |              Enabled |
+-----------------------------------------+------------------------+----------------------+
|   3  NVIDIA A100-SXM4-80GB          On  |   00000000:C1:00.0 Off |                   On |
| N/A   35C    P0            148W /  500W |    6401MiB /  81920MiB |     N/A      Default |
|                                         |                        |              Enabled |
+-----------------------------------------+------------------------+----------------------+

+-----------------------------------------------------------------------------------------+
| MIG devices:                                                                            |
+------------------+----------------------------------+-----------+-----------------------+
| GPU  GI  CI  MIG |              Shared Memory-Usage |        Vol|        Shared         |
|      ID  ID  Dev |                Shared BAR1-Usage | SM     Unc| CE ENC  DEC  OFA  JPG |
|                  |                                  |        ECC|                       |
|==================+==================================+===========+=======================|
|  1    3   0   0  |              71MiB / 19968MiB    | 28      0 |  2   0    1    0    0 |
|                  |               0MiB / 12271MiB    |           |                       |
+------------------+----------------------------------+-----------+-----------------------+

+-----------------------------------------------------------------------------------------+
| Processes:                                                                              |
|  GPU   GI   CI              PID   Type   Process name                        GPU Memory |
|        ID   ID                                                               Usage      |
|=========================================================================================|
|    0    1    0           265204      C   ...nda3/envs/spot_nsf/bin/python      39840MiB |
|    0    5    0           348219      C   python                                 2790MiB |
|    2    3    0           309854      C   python                                 7926MiB |
|    2    2    0           311874      C   ...nda3/envs/spot_nsf/bin/python      39840MiB |
|    3    5    0           311737      C   python                                 6144MiB |
+-----------------------------------------------------------------------------------------+
Control cell: citeseer / polynormer / budget 10 per class / homophily -> results/lowlabel
python main.py --model polynormer --dataset citeseer --lr 0.001 --hidden_channels 64 --dropout 0.5 --weight_decay 0.0005 --num_heads 8 --runs 10 --device 0 --result_dir ../results/lowlabel --model_dir models/lowlabel_ctrl_1214892_25 --paired_seeds --rand_split_class --valid_num 500 --test_num 1000 --seed 123 --local_layers 7 --global_layers 2 --local_epochs 100 --global_epochs 1000 --beta -1.0 --in_dropout 0.2 --save_model --label_num_per_class 10 --resample_split_per_run  --budget_tag 10
==========================================================
Low-label sweep: python main.py --model polynormer --dataset citeseer --lr 0.001 --hidden_channels 64 --dropout 0.5 --weight_decay 0.0005 --num_heads 8 --runs 10 --device 0 --result_dir ../results/lowlabel --model_dir models/lowlabel_ctrl_1214892_25 --paired_seeds --rand_split_class --valid_num 500 --test_num 1000 --seed 123 --local_layers 7 --global_layers 2 --local_epochs 100 --global_epochs 1000 --beta -1.0 --in_dropout 0.2 --save_model --label_num_per_class 10 --resample_split_per_run  --budget_tag 10
result_dir=../results/lowlabel conditions=[homophily]
==========================================================
--- mlp_reg/homophily control | lambda=0.01 ---
    (already completed — requeue resume, skipping)
--- mlp_reg/homophily control | lambda=0.05 ---
    (already completed — requeue resume, skipping)
--- mlp_reg/homophily control | lambda=0.1 ---
    (already completed — requeue resume, skipping)
--- mlp_reg/homophily control | lambda=0.2 ---
    (already completed — requeue resume, skipping)
--- mlp_reg/homophily control | lambda=0.4 ---
    (already completed — requeue resume, skipping)
--- mlp_reg/homophily control | lambda=0.8 ---
    (already completed — requeue resume, skipping)
--- mlp_reg/homophily control | lambda=1.6 ---
    (already completed — requeue resume, skipping)
Low-label sweep completed.
Task 25 done.
