Fri Aug  7 07:46:44 2026       
+-----------------------------------------------------------------------------------------+
| NVIDIA-SMI 580.159.04             Driver Version: 580.159.04     CUDA Version: 13.0     |
+-----------------------------------------+------------------------+----------------------+
| GPU  Name                 Persistence-M | Bus-Id          Disp.A | Volatile Uncorr. ECC |
| Fan  Temp   Perf          Pwr:Usage/Cap |           Memory-Usage | GPU-Util  Compute M. |
|                                         |                        |               MIG M. |
|=========================================+========================+======================|
|   0  NVIDIA A100-SXM4-80GB          On  |   00000000:01:00.0 Off |                   On |
| N/A   39C    P0            116W /  500W |    4564MiB /  81920MiB |     N/A      Default |
|                                         |                        |              Enabled |
+-----------------------------------------+------------------------+----------------------+
|   1  NVIDIA A100-SXM4-80GB          On  |   00000000:41:00.0 Off |                   On |
| N/A   41C    P0            156W /  500W |   17852MiB /  81920MiB |     N/A      Default |
|                                         |                        |              Enabled |
+-----------------------------------------+------------------------+----------------------+
|   2  NVIDIA A100-SXM4-80GB          On  |   00000000:81:00.0 Off |                   On |
| N/A   48C    P0            182W /  500W |   13799MiB /  81920MiB |     N/A      Default |
|                                         |                        |              Enabled |
+-----------------------------------------+------------------------+----------------------+
|   3  NVIDIA A100-SXM4-80GB          On  |   00000000:C1:00.0 Off |                   On |
| N/A   35C    P0            140W /  500W |    2821MiB /  81920MiB |     N/A      Default |
|                                         |                        |              Enabled |
+-----------------------------------------+------------------------+----------------------+

+-----------------------------------------------------------------------------------------+
| MIG devices:                                                                            |
+------------------+----------------------------------+-----------+-----------------------+
| GPU  GI  CI  MIG |              Shared Memory-Usage |        Vol|        Shared         |
|      ID  ID  Dev |                Shared BAR1-Usage | SM     Unc| CE ENC  DEC  OFA  JPG |
|                  |                                  |        ECC|                       |
|==================+==================================+===========+=======================|
|  0    3   0   0  |              71MiB / 19968MiB    | 28      0 |  2   0    1    0    0 |
|                  |               0MiB / 12271MiB    |           |                       |
+------------------+----------------------------------+-----------+-----------------------+

+-----------------------------------------------------------------------------------------+
| Processes:                                                                              |
|  GPU   GI   CI              PID   Type   Process name                        GPU Memory |
|        ID   ID                                                               Usage      |
|=========================================================================================|
|    1   10    0           742139      C   ...ware/symmetrix-env/bin/python       1764MiB |
|    1    9    0           742140      C   ...ware/symmetrix-env/bin/python       9254MiB |
|    1    3    0          3143784      C   python                                 6530MiB |
|    2    9    0           759676      C   ...ware/symmetrix-env/bin/python       3554MiB |
|    2    2    0           762217      C   ....conda/envs/lmflow/bin/python       7408MiB |
|    2    3    0          3797184      C   python                                 2564MiB |
|    3    5    0          3797684      C   python                                 2564MiB |
+-----------------------------------------------------------------------------------------+
Cell: coauthor-cs / polynormer / budget 5 per class / group 1
python main.py --model polynormer --dataset coauthor-cs --hidden_channels 64 --local_epochs 100 --global_epochs 1500 --lr 0.001 --runs 10 --local_layers 5 --global_layers 2 --weight_decay 5e-4 --dropout 0.3 --in_dropout 0.1 --num_heads 8 --save_model --device 0 --model_dir models/lowlabel_1161133_231 --train_per_class 5 --budget_tag 5
==========================================================
Low-label sweep: python main.py --model polynormer --dataset coauthor-cs --hidden_channels 64 --local_epochs 100 --global_epochs 1500 --lr 0.001 --runs 10 --local_layers 5 --global_layers 2 --weight_decay 5e-4 --dropout 0.3 --in_dropout 0.1 --num_heads 8 --save_model --device 0 --model_dir models/lowlabel_1161133_231 --train_per_class 5 --budget_tag 5
result_dir=../results/lowlabel conditions=[count]
==========================================================
--- count_reg | lambda=0.01 ---
