Fri Aug 21 10:24:58 2026       
+-----------------------------------------------------------------------------------------+
| NVIDIA-SMI 580.159.04             Driver Version: 580.159.04     CUDA Version: 13.0     |
+-----------------------------------------+------------------------+----------------------+
| GPU  Name                 Persistence-M | Bus-Id          Disp.A | Volatile Uncorr. ECC |
| Fan  Temp   Perf          Pwr:Usage/Cap |           Memory-Usage | GPU-Util  Compute M. |
|                                         |                        |               MIG M. |
|=========================================+========================+======================|
|   0  NVIDIA A100-SXM4-80GB          On  |   00000000:01:00.0 Off |                   On |
| N/A   35C    P0            105W /  500W |    1150MiB /  81920MiB |     N/A      Default |
|                                         |                        |              Enabled |
+-----------------------------------------+------------------------+----------------------+
|   1  NVIDIA A100-SXM4-80GB          On  |   00000000:41:00.0 Off |                   On |
| N/A   36C    P0            131W /  500W |   10871MiB /  81920MiB |     N/A      Default |
|                                         |                        |              Enabled |
+-----------------------------------------+------------------------+----------------------+
|   2  NVIDIA A100-SXM4-80GB          On  |   00000000:81:00.0 Off |                   On |
| N/A   32C    P0             51W /  500W |     249MiB /  81920MiB |     N/A      Default |
|                                         |                        |              Enabled |
+-----------------------------------------+------------------------+----------------------+
|   3  NVIDIA A100-SXM4-80GB          On  |   00000000:C1:00.0 Off |                   On |
| N/A   27C    P0             49W /  500W |     249MiB /  81920MiB |     N/A      Default |
|                                         |                        |              Enabled |
+-----------------------------------------+------------------------+----------------------+

+-----------------------------------------------------------------------------------------+
| MIG devices:                                                                            |
+------------------+----------------------------------+-----------+-----------------------+
| GPU  GI  CI  MIG |              Shared Memory-Usage |        Vol|        Shared         |
|      ID  ID  Dev |                Shared BAR1-Usage | SM     Unc| CE ENC  DEC  OFA  JPG |
|                  |                                  |        ECC|                       |
|==================+==================================+===========+=======================|
|  0    5   0   0  |              71MiB / 19968MiB    | 28      0 |  2   0    1    0    0 |
|                  |               0MiB / 12271MiB    |           |                       |
+------------------+----------------------------------+-----------+-----------------------+

+-----------------------------------------------------------------------------------------+
| Processes:                                                                              |
|  GPU   GI   CI              PID   Type   Process name                        GPU Memory |
|        ID   ID                                                               Usage      |
|=========================================================================================|
|    1    3    0          2242174      C   python                                10614MiB |
+-----------------------------------------------------------------------------------------+
Cell: pubmed / polynormer / budget 5 per class / group 3
python main.py --model polynormer --dataset pubmed --lr 0.001 --hidden_channels 64 --dropout 0.5 --weight_decay 0.0005 --num_heads 8 --runs 10 --device 0 --result_dir ../results/lowlabel --model_dir models/lowlabel_1178246_133 --paired_seeds --rand_split_class --valid_num 500 --test_num 1000 --seed 123 --local_layers 3 --global_layers 1 --local_epochs 100 --global_epochs 1000 --beta -1.0 --in_dropout 0.2 --save_model --label_num_per_class 5 --resample_split_per_run --budget_tag 5
==========================================================
Low-label sweep: python main.py --model polynormer --dataset pubmed --lr 0.001 --hidden_channels 64 --dropout 0.5 --weight_decay 0.0005 --num_heads 8 --runs 10 --device 0 --result_dir ../results/lowlabel --model_dir models/lowlabel_1178246_133 --paired_seeds --rand_split_class --valid_num 500 --test_num 1000 --seed 123 --local_layers 3 --global_layers 1 --local_epochs 100 --global_epochs 1000 --beta -1.0 --in_dropout 0.2 --save_model --label_num_per_class 5 --resample_split_per_run --budget_tag 5
result_dir=../results/lowlabel conditions=[oracle]
==========================================================
--- oracle_reg | lambda=0.01 ---
    (already completed — requeue resume, skipping)
--- oracle_reg | lambda=0.05 ---
    (already completed — requeue resume, skipping)
--- oracle_reg | lambda=0.1 ---
    (already completed — requeue resume, skipping)
--- oracle_reg | lambda=0.2 ---
    (already completed — requeue resume, skipping)
--- oracle_reg | lambda=0.4 ---
    (already completed — requeue resume, skipping)
--- oracle_reg | lambda=0.8 ---
Namespace(aggregate='add', alpha=0.5, attention='gcn', beta=-1.0, bn=False, budget_tag='5', count_reg=False, count_smoothing=1.0, cpu=False, data_dir='../data/', dataset='pubmed', device=0, dim_inner=64, display_step=100, dropout=0.5, epochs=500, global_dropout=None, global_epochs=1000, global_layers=1, gnn='gcn', graph_weight=0.8, hidden_channels=64, hops=10, in_dropout=0.2, jk=False, label_num_per_class=5, lambda_val=0.8, layers=1, ln=False, local_epochs=100, local_gnn_type='GCN', local_layers=3, lr=0.001, metric='acc', mlp_epochs=500, mlp_reg=False, model='polynormer', model_dir='models/lowlabel_1178246_133', n_heads=8, num_centroids=4096, num_heads=8, oracle_reg=True, paired_seeds=True, pe_types='RWSE', penalty_transform='none', pre_linear=False, pre_ln=False, rand_split=False, rand_split_class=True, reg_start_epoch=10, reg_update_freq=5, res=False, resample_split_per_run=True, result_dir='../results/lowlabel', runs=10, save_model=True, save_result=False, seed=123, test_num=1000, tr_dropout=None, tr_layers=1, tr_weight_decay=None, train_per_class=0, train_prop=0.5, use_act=False, use_bn=False, use_graph=False, use_reg=True, use_residual=False, use_weight=False, valid_num=500, valid_per_class=0, valid_prop=0.25, weight_decay=0.0005)
pubmed
Num nodes: 19717
train:torch.Size([15]), valid:torch.Size([500]), test:torch.Size([1000])
dataset pubmed | num nodes 19717 | num edge 88648 | num node feats 500 | num classes 3
MODEL: Polynormer(
  (h_lins): ModuleList(
    (0): Linear(in_features=512, out_features=512, bias=True)
    (1): Linear(in_features=512, out_features=512, bias=True)
    (2): Linear(in_features=512, out_features=512, bias=True)
  )
  (local_convs): ModuleList(
    (0): GATConv(512, 64, heads=8)
    (1): GATConv(512, 64, heads=8)
    (2): GATConv(512, 64, heads=8)
  )
  (lins): ModuleList(
    (0): Linear(in_features=512, out_features=512, bias=True)
    (1): Linear(in_features=512, out_features=512, bias=True)
    (2): Linear(in_features=512, out_features=512, bias=True)
  )
  (lns): ModuleList(
    (0): LayerNorm((512,), eps=1e-05, elementwise_affine=True)
    (1): LayerNorm((512,), eps=1e-05, elementwise_affine=True)
    (2): LayerNorm((512,), eps=1e-05, elementwise_affine=True)
  )
  (lin_in): Linear(in_features=500, out_features=512, bias=True)
  (ln): LayerNorm((512,), eps=1e-05, elementwise_affine=True)
  (global_attn): GlobalAttn(
    (h_lins): ModuleList(
      (0): Linear(in_features=512, out_features=512, bias=True)
    )
    (k_lins): ModuleList(
      (0): Linear(in_features=512, out_features=512, bias=True)
    )
    (v_lins): ModuleList(
      (0): Linear(in_features=512, out_features=512, bias=True)
    )
    (lns): ModuleList(
      (0): LayerNorm((512,), eps=1e-05, elementwise_affine=True)
    )
    (lin_out): Linear(in_features=512, out_features=512, bias=True)
  )
  (pred_local): Linear(in_features=512, out_features=3, bias=True)
  (pred_global): Linear(in_features=512, out_features=3, bias=True)
)
train:torch.Size([15]), valid:torch.Size([500]), test:torch.Size([1000])
Computing oracle penalty matrix from true labels...
Oracle penalty matrix frozen.
Epoch: 00, Loss: 1.9298, Train: 40.00%, Valid: 39.40%, Test: 37.60%, Best Valid: 39.40%, Best Test: 37.60%
Switching Polynormer to global attention phase.
Epoch: 100, Loss: 1.9242, Train: 33.33%, Valid: 40.40%, Test: 38.80%, Best Valid: 43.60%, Best Test: 42.90%
Epoch: 200, Loss: 0.0006, Train: 100.00%, Valid: 40.80%, Test: 39.30%, Best Valid: 43.60%, Best Test: 42.90%
Epoch: 300, Loss: 0.0006, Train: 100.00%, Valid: 40.40%, Test: 39.30%, Best Valid: 43.60%, Best Test: 42.90%
Epoch: 400, Loss: 0.0001, Train: 100.00%, Valid: 45.60%, Test: 46.00%, Best Valid: 49.40%, Best Test: 50.10%
Epoch: 500, Loss: 0.0000, Train: 100.00%, Valid: 42.20%, Test: 42.30%, Best Valid: 52.40%, Best Test: 56.70%
Epoch: 600, Loss: 0.0003, Train: 100.00%, Valid: 60.40%, Test: 62.80%, Best Valid: 62.00%, Best Test: 66.20%
Epoch: 700, Loss: 0.0000, Train: 100.00%, Valid: 56.00%, Test: 61.60%, Best Valid: 62.00%, Best Test: 66.20%
Epoch: 800, Loss: 0.0001, Train: 100.00%, Valid: 57.60%, Test: 62.30%, Best Valid: 62.00%, Best Test: 66.20%
Epoch: 900, Loss: 0.0000, Train: 100.00%, Valid: 56.60%, Test: 59.20%, Best Valid: 62.00%, Best Test: 66.20%
Epoch: 1000, Loss: 0.0001, Train: 100.00%, Valid: 60.20%, Test: 62.20%, Best Valid: 62.00%, Best Test: 66.20%
Run 01:
Highest Train: 100.00
Highest Valid: 62.00
Highest Test: 66.20
Chosen epoch: 559
Final Train: 100.00
Final Test: 66.20
train:torch.Size([15]), valid:torch.Size([500]), test:torch.Size([1000])
Computing oracle penalty matrix from true labels...
Oracle penalty matrix frozen.
Epoch: 00, Loss: 2.3449, Train: 33.33%, Valid: 36.60%, Test: 39.70%, Best Valid: 36.60%, Best Test: 39.70%
Switching Polynormer to global attention phase.
Epoch: 100, Loss: 1.9767, Train: 33.33%, Valid: 36.60%, Test: 39.90%, Best Valid: 38.00%, Best Test: 41.00%
Epoch: 200, Loss: 0.0002, Train: 100.00%, Valid: 38.40%, Test: 42.00%, Best Valid: 40.20%, Best Test: 44.00%
Epoch: 300, Loss: 0.0002, Train: 100.00%, Valid: 37.20%, Test: 40.80%, Best Valid: 40.20%, Best Test: 44.00%
Epoch: 400, Loss: 0.0002, Train: 100.00%, Valid: 37.40%, Test: 40.90%, Best Valid: 40.20%, Best Test: 44.00%
Epoch: 500, Loss: 0.0000, Train: 100.00%, Valid: 38.40%, Test: 42.20%, Best Valid: 40.20%, Best Test: 44.00%
Epoch: 600, Loss: 0.0000, Train: 100.00%, Valid: 39.20%, Test: 42.50%, Best Valid: 40.20%, Best Test: 44.00%
Epoch: 700, Loss: 0.0000, Train: 100.00%, Valid: 40.00%, Test: 43.10%, Best Valid: 40.80%, Best Test: 44.90%
Epoch: 800, Loss: 0.0001, Train: 100.00%, Valid: 41.20%, Test: 44.20%, Best Valid: 41.20%, Best Test: 44.10%
Epoch: 900, Loss: 0.0045, Train: 100.00%, Valid: 41.20%, Test: 44.80%, Best Valid: 41.40%, Best Test: 44.50%
Epoch: 1000, Loss: 0.0001, Train: 100.00%, Valid: 43.40%, Test: 46.90%, Best Valid: 43.40%, Best Test: 46.90%
Run 02:
Highest Train: 100.00
Highest Valid: 44.00
Highest Test: 47.70
Chosen epoch: 1006
Final Train: 100.00
Final Test: 47.50
train:torch.Size([15]), valid:torch.Size([500]), test:torch.Size([1000])
Computing oracle penalty matrix from true labels...
Oracle penalty matrix frozen.
Epoch: 00, Loss: 2.1305, Train: 33.33%, Valid: 39.20%, Test: 41.80%, Best Valid: 39.20%, Best Test: 41.80%
Switching Polynormer to global attention phase.
Epoch: 100, Loss: 1.9737, Train: 33.33%, Valid: 39.20%, Test: 41.80%, Best Valid: 40.80%, Best Test: 42.90%
Epoch: 200, Loss: 0.0000, Train: 100.00%, Valid: 43.40%, Test: 43.80%, Best Valid: 47.80%, Best Test: 50.50%
Epoch: 300, Loss: 0.0000, Train: 100.00%, Valid: 42.80%, Test: 44.90%, Best Valid: 47.80%, Best Test: 50.50%
Epoch: 400, Loss: 0.0000, Train: 100.00%, Valid: 44.00%, Test: 46.40%, Best Valid: 47.80%, Best Test: 50.50%
Epoch: 500, Loss: 0.0000, Train: 100.00%, Valid: 44.00%, Test: 46.60%, Best Valid: 47.80%, Best Test: 50.50%
Epoch: 600, Loss: 0.0000, Train: 100.00%, Valid: 44.20%, Test: 46.40%, Best Valid: 47.80%, Best Test: 50.50%
Epoch: 700, Loss: 0.0003, Train: 100.00%, Valid: 46.00%, Test: 48.80%, Best Valid: 47.80%, Best Test: 50.50%
Epoch: 800, Loss: 0.0002, Train: 100.00%, Valid: 46.80%, Test: 50.60%, Best Valid: 47.80%, Best Test: 50.50%
Epoch: 900, Loss: 0.0003, Train: 100.00%, Valid: 46.00%, Test: 48.80%, Best Valid: 47.80%, Best Test: 50.50%
Epoch: 1000, Loss: 0.0000, Train: 100.00%, Valid: 42.40%, Test: 44.10%, Best Valid: 53.40%, Best Test: 54.20%
Run 03:
Highest Train: 100.00
Highest Valid: 53.40
Highest Test: 54.20
Chosen epoch: 909
Final Train: 80.00
Final Test: 54.20
train:torch.Size([15]), valid:torch.Size([500]), test:torch.Size([1000])
Computing oracle penalty matrix from true labels...
Oracle penalty matrix frozen.
Epoch: 00, Loss: 2.1943, Train: 40.00%, Valid: 46.80%, Test: 40.90%, Best Valid: 46.80%, Best Test: 40.90%
Switching Polynormer to global attention phase.
Epoch: 100, Loss: 1.9847, Train: 33.33%, Valid: 32.40%, Test: 40.60%, Best Valid: 46.80%, Best Test: 40.90%
Epoch: 200, Loss: 0.0001, Train: 100.00%, Valid: 34.00%, Test: 42.40%, Best Valid: 46.80%, Best Test: 40.90%
Epoch: 300, Loss: 0.0000, Train: 100.00%, Valid: 33.40%, Test: 42.10%, Best Valid: 46.80%, Best Test: 40.90%
Epoch: 400, Loss: 0.0001, Train: 100.00%, Valid: 36.00%, Test: 42.60%, Best Valid: 46.80%, Best Test: 40.90%
Epoch: 500, Loss: 0.0008, Train: 100.00%, Valid: 42.40%, Test: 46.60%, Best Valid: 46.80%, Best Test: 40.90%
Epoch: 600, Loss: 0.0002, Train: 100.00%, Valid: 43.00%, Test: 47.30%, Best Valid: 46.80%, Best Test: 40.90%
Epoch: 700, Loss: 0.0001, Train: 100.00%, Valid: 44.40%, Test: 48.60%, Best Valid: 46.80%, Best Test: 40.90%
Epoch: 800, Loss: 0.0001, Train: 100.00%, Valid: 45.20%, Test: 48.00%, Best Valid: 46.80%, Best Test: 40.90%
Epoch: 900, Loss: 0.0004, Train: 100.00%, Valid: 46.00%, Test: 48.70%, Best Valid: 46.80%, Best Test: 40.90%
Epoch: 1000, Loss: 0.0001, Train: 100.00%, Valid: 46.60%, Test: 48.80%, Best Valid: 46.80%, Best Test: 40.90%
Run 04:
Highest Train: 100.00
Highest Valid: 46.80
Highest Test: 49.10
Chosen epoch: 0
Final Train: 40.00
Final Test: 40.90
train:torch.Size([15]), valid:torch.Size([500]), test:torch.Size([1000])
Computing oracle penalty matrix from true labels...
Oracle penalty matrix frozen.
Epoch: 00, Loss: 1.9804, Train: 33.33%, Valid: 22.00%, Test: 21.20%, Best Valid: 22.00%, Best Test: 21.20%
Switching Polynormer to global attention phase.
Epoch: 100, Loss: 1.9744, Train: 33.33%, Valid: 40.80%, Test: 40.50%, Best Valid: 40.80%, Best Test: 40.50%
Epoch: 200, Loss: 0.0000, Train: 100.00%, Valid: 28.20%, Test: 24.80%, Best Valid: 47.20%, Best Test: 45.20%
Epoch: 300, Loss: 0.0000, Train: 100.00%, Valid: 27.00%, Test: 24.00%, Best Valid: 47.20%, Best Test: 45.20%
Epoch: 400, Loss: 0.0000, Train: 100.00%, Valid: 28.60%, Test: 26.50%, Best Valid: 54.80%, Best Test: 53.80%
Epoch: 500, Loss: 0.0000, Train: 100.00%, Valid: 29.00%, Test: 26.00%, Best Valid: 62.80%, Best Test: 61.30%
Epoch: 600, Loss: 0.0000, Train: 100.00%, Valid: 40.40%, Test: 39.10%, Best Valid: 62.80%, Best Test: 61.30%
Epoch: 700, Loss: 0.0000, Train: 100.00%, Valid: 43.00%, Test: 41.40%, Best Valid: 62.80%, Best Test: 61.30%
Epoch: 800, Loss: 0.0000, Train: 100.00%, Valid: 44.20%, Test: 42.70%, Best Valid: 62.80%, Best Test: 61.30%
Epoch: 900, Loss: 0.0001, Train: 100.00%, Valid: 45.60%, Test: 44.90%, Best Valid: 62.80%, Best Test: 61.30%
Epoch: 1000, Loss: 0.0000, Train: 100.00%, Valid: 63.20%, Test: 63.80%, Best Valid: 64.60%, Best Test: 65.40%
Run 05:
Highest Train: 100.00
Highest Valid: 66.00
Highest Test: 65.80
Chosen epoch: 1014
Final Train: 100.00
Final Test: 65.20
train:torch.Size([15]), valid:torch.Size([500]), test:torch.Size([1000])
Computing oracle penalty matrix from true labels...
Oracle penalty matrix frozen.
Epoch: 00, Loss: 2.1665, Train: 33.33%, Valid: 42.20%, Test: 42.20%, Best Valid: 42.20%, Best Test: 42.20%
Switching Polynormer to global attention phase.
Epoch: 100, Loss: 1.9775, Train: 33.33%, Valid: 42.20%, Test: 42.20%, Best Valid: 49.80%, Best Test: 52.40%
Epoch: 200, Loss: 0.0000, Train: 100.00%, Valid: 45.40%, Test: 45.70%, Best Valid: 63.00%, Best Test: 66.30%
Epoch: 300, Loss: 0.0000, Train: 100.00%, Valid: 54.00%, Test: 55.00%, Best Valid: 64.80%, Best Test: 67.10%
Epoch: 400, Loss: 0.0000, Train: 100.00%, Valid: 54.80%, Test: 54.90%, Best Valid: 65.80%, Best Test: 69.70%
Epoch: 500, Loss: 0.0000, Train: 100.00%, Valid: 66.00%, Test: 69.10%, Best Valid: 67.00%, Best Test: 69.00%
Epoch: 600, Loss: 0.0002, Train: 100.00%, Valid: 53.40%, Test: 54.70%, Best Valid: 67.00%, Best Test: 69.00%
Epoch: 700, Loss: 0.0000, Train: 100.00%, Valid: 59.40%, Test: 61.60%, Best Valid: 67.00%, Best Test: 69.00%
Epoch: 800, Loss: 0.0001, Train: 100.00%, Valid: 60.80%, Test: 62.00%, Best Valid: 67.00%, Best Test: 69.00%
Epoch: 900, Loss: 0.0000, Train: 100.00%, Valid: 61.60%, Test: 62.50%, Best Valid: 67.00%, Best Test: 69.00%
Epoch: 1000, Loss: 0.0003, Train: 100.00%, Valid: 62.20%, Test: 63.30%, Best Valid: 67.00%, Best Test: 69.00%
Run 06:
Highest Train: 100.00
Highest Valid: 67.00
Highest Test: 70.30
Chosen epoch: 474
Final Train: 100.00
Final Test: 69.00
train:torch.Size([15]), valid:torch.Size([500]), test:torch.Size([1000])
Computing oracle penalty matrix from true labels...
Oracle penalty matrix frozen.
Epoch: 00, Loss: 2.3160, Train: 46.67%, Valid: 43.20%, Test: 42.30%, Best Valid: 43.20%, Best Test: 42.30%
Switching Polynormer to global attention phase.
Epoch: 100, Loss: 1.9830, Train: 66.67%, Valid: 45.20%, Test: 47.20%, Best Valid: 50.20%, Best Test: 51.00%
Epoch: 200, Loss: 0.0000, Train: 100.00%, Valid: 52.60%, Test: 53.80%, Best Valid: 58.00%, Best Test: 59.40%
Epoch: 300, Loss: 0.0024, Train: 100.00%, Valid: 46.20%, Test: 47.00%, Best Valid: 63.00%, Best Test: 61.70%
Epoch: 400, Loss: 0.0000, Train: 100.00%, Valid: 47.40%, Test: 48.40%, Best Valid: 63.00%, Best Test: 61.70%
Epoch: 500, Loss: 0.0001, Train: 100.00%, Valid: 49.80%, Test: 49.20%, Best Valid: 63.00%, Best Test: 61.70%
Epoch: 600, Loss: 0.0001, Train: 100.00%, Valid: 50.60%, Test: 51.10%, Best Valid: 63.00%, Best Test: 61.70%
Epoch: 700, Loss: 0.0003, Train: 100.00%, Valid: 51.40%, Test: 52.90%, Best Valid: 63.00%, Best Test: 61.70%
Epoch: 800, Loss: 0.0000, Train: 100.00%, Valid: 52.00%, Test: 54.70%, Best Valid: 63.00%, Best Test: 61.70%
Epoch: 900, Loss: 0.0001, Train: 100.00%, Valid: 55.60%, Test: 60.10%, Best Valid: 63.00%, Best Test: 61.70%
Epoch: 1000, Loss: 0.0047, Train: 100.00%, Valid: 57.60%, Test: 59.60%, Best Valid: 63.00%, Best Test: 61.70%
Run 07:
Highest Train: 100.00
Highest Valid: 64.80
Highest Test: 65.50
Chosen epoch: 1074
Final Train: 100.00
Final Test: 63.30
train:torch.Size([15]), valid:torch.Size([500]), test:torch.Size([1000])
Computing oracle penalty matrix from true labels...
Oracle penalty matrix frozen.
Epoch: 00, Loss: 2.1320, Train: 33.33%, Valid: 42.80%, Test: 40.40%, Best Valid: 42.80%, Best Test: 40.40%
Switching Polynormer to global attention phase.
Epoch: 100, Loss: 1.9635, Train: 33.33%, Valid: 42.80%, Test: 40.40%, Best Valid: 47.20%, Best Test: 45.60%
Epoch: 200, Loss: 0.0001, Train: 100.00%, Valid: 50.20%, Test: 49.10%, Best Valid: 51.40%, Best Test: 52.00%
Epoch: 300, Loss: 0.0000, Train: 100.00%, Valid: 44.60%, Test: 41.90%, Best Valid: 51.40%, Best Test: 52.00%
Epoch: 400, Loss: 0.0000, Train: 100.00%, Valid: 46.00%, Test: 43.20%, Best Valid: 51.40%, Best Test: 52.00%
Epoch: 500, Loss: 0.0000, Train: 100.00%, Valid: 48.00%, Test: 45.20%, Best Valid: 59.20%, Best Test: 58.30%
Epoch: 600, Loss: 0.0000, Train: 100.00%, Valid: 59.80%, Test: 55.70%, Best Valid: 59.80%, Best Test: 56.00%
Epoch: 700, Loss: 0.0000, Train: 100.00%, Valid: 58.60%, Test: 58.40%, Best Valid: 59.80%, Best Test: 56.00%
Epoch: 800, Loss: 0.0001, Train: 100.00%, Valid: 57.60%, Test: 60.10%, Best Valid: 59.80%, Best Test: 56.00%
Epoch: 900, Loss: 0.0000, Train: 100.00%, Valid: 54.60%, Test: 53.50%, Best Valid: 59.80%, Best Test: 56.00%
Epoch: 1000, Loss: 0.0001, Train: 100.00%, Valid: 55.40%, Test: 55.50%, Best Valid: 59.80%, Best Test: 56.00%
Run 08:
Highest Train: 100.00
Highest Valid: 59.80
Highest Test: 60.20
Chosen epoch: 594
Final Train: 100.00
Final Test: 56.00
train:torch.Size([15]), valid:torch.Size([500]), test:torch.Size([1000])
Computing oracle penalty matrix from true labels...
Oracle penalty matrix frozen.
Epoch: 00, Loss: 2.2584, Train: 40.00%, Valid: 41.40%, Test: 42.40%, Best Valid: 41.40%, Best Test: 42.40%
Switching Polynormer to global attention phase.
Epoch: 100, Loss: 1.9775, Train: 33.33%, Valid: 39.60%, Test: 41.30%, Best Valid: 47.80%, Best Test: 48.20%
Epoch: 200, Loss: 0.0003, Train: 100.00%, Valid: 39.40%, Test: 41.80%, Best Valid: 64.20%, Best Test: 65.50%
Epoch: 300, Loss: 0.0000, Train: 100.00%, Valid: 40.00%, Test: 42.40%, Best Valid: 64.20%, Best Test: 65.50%
Epoch: 400, Loss: 0.0000, Train: 100.00%, Valid: 40.20%, Test: 42.40%, Best Valid: 64.20%, Best Test: 65.50%
Epoch: 500, Loss: 0.0000, Train: 100.00%, Valid: 40.20%, Test: 42.40%, Best Valid: 64.20%, Best Test: 65.50%
Epoch: 600, Loss: 0.0000, Train: 100.00%, Valid: 40.20%, Test: 42.40%, Best Valid: 64.20%, Best Test: 65.50%
Epoch: 700, Loss: 0.0000, Train: 100.00%, Valid: 40.20%, Test: 42.40%, Best Valid: 64.20%, Best Test: 65.50%
Epoch: 800, Loss: 0.0001, Train: 100.00%, Valid: 40.40%, Test: 42.40%, Best Valid: 64.20%, Best Test: 65.50%
Epoch: 900, Loss: 0.0000, Train: 100.00%, Valid: 40.40%, Test: 42.40%, Best Valid: 64.20%, Best Test: 65.50%
Epoch: 1000, Loss: 0.0003, Train: 100.00%, Valid: 40.40%, Test: 42.50%, Best Valid: 64.20%, Best Test: 65.50%
Run 09:
Highest Train: 100.00
Highest Valid: 64.20
Highest Test: 65.90
Chosen epoch: 160
Final Train: 100.00
Final Test: 65.50
train:torch.Size([15]), valid:torch.Size([500]), test:torch.Size([1000])
Computing oracle penalty matrix from true labels...
Oracle penalty matrix frozen.
Epoch: 00, Loss: 1.9151, Train: 33.33%, Valid: 41.00%, Test: 38.50%, Best Valid: 41.00%, Best Test: 38.50%
Switching Polynormer to global attention phase.
Epoch: 100, Loss: 1.9756, Train: 33.33%, Valid: 41.60%, Test: 40.50%, Best Valid: 46.00%, Best Test: 45.40%
Epoch: 200, Loss: 0.0000, Train: 100.00%, Valid: 42.20%, Test: 41.60%, Best Valid: 46.00%, Best Test: 45.40%
Epoch: 300, Loss: 0.0002, Train: 100.00%, Valid: 42.80%, Test: 42.50%, Best Valid: 58.80%, Best Test: 56.40%
Epoch: 400, Loss: 0.0000, Train: 100.00%, Valid: 44.80%, Test: 44.30%, Best Valid: 58.80%, Best Test: 56.40%
Epoch: 500, Loss: 0.0000, Train: 100.00%, Valid: 46.60%, Test: 46.40%, Best Valid: 58.80%, Best Test: 56.40%
Epoch: 600, Loss: 0.0002, Train: 100.00%, Valid: 50.80%, Test: 50.30%, Best Valid: 58.80%, Best Test: 56.40%
Epoch: 700, Loss: 0.0000, Train: 100.00%, Valid: 52.80%, Test: 51.50%, Best Valid: 58.80%, Best Test: 56.40%
Epoch: 800, Loss: 0.0002, Train: 100.00%, Valid: 55.60%, Test: 53.20%, Best Valid: 58.80%, Best Test: 56.40%
Epoch: 900, Loss: 0.0002, Train: 100.00%, Valid: 52.40%, Test: 51.00%, Best Valid: 58.80%, Best Test: 56.40%
Epoch: 1000, Loss: 0.0006, Train: 100.00%, Valid: 54.20%, Test: 51.70%, Best Valid: 58.80%, Best Test: 56.40%
Run 10:
Highest Train: 100.00
Highest Valid: 58.80
Highest Test: 56.50
Chosen epoch: 260
Final Train: 100.00
Final Test: 56.40
All runs:
Highest Train: 100.00 ± 0.00
Highest Test: 60.14 ± 7.88
Highest Valid: 58.68 ± 8.08
  Final Train: 92.00 ± 19.32
   Final Test: 58.42 ± 9.11
Saving results to ../results/lowlabel/pubmed/polynormer.csv
--- oracle_reg | lambda=1.6 ---
Namespace(aggregate='add', alpha=0.5, attention='gcn', beta=-1.0, bn=False, budget_tag='5', count_reg=False, count_smoothing=1.0, cpu=False, data_dir='../data/', dataset='pubmed', device=0, dim_inner=64, display_step=100, dropout=0.5, epochs=500, global_dropout=None, global_epochs=1000, global_layers=1, gnn='gcn', graph_weight=0.8, hidden_channels=64, hops=10, in_dropout=0.2, jk=False, label_num_per_class=5, lambda_val=1.6, layers=1, ln=False, local_epochs=100, local_gnn_type='GCN', local_layers=3, lr=0.001, metric='acc', mlp_epochs=500, mlp_reg=False, model='polynormer', model_dir='models/lowlabel_1178246_133', n_heads=8, num_centroids=4096, num_heads=8, oracle_reg=True, paired_seeds=True, pe_types='RWSE', penalty_transform='none', pre_linear=False, pre_ln=False, rand_split=False, rand_split_class=True, reg_start_epoch=10, reg_update_freq=5, res=False, resample_split_per_run=True, result_dir='../results/lowlabel', runs=10, save_model=True, save_result=False, seed=123, test_num=1000, tr_dropout=None, tr_layers=1, tr_weight_decay=None, train_per_class=0, train_prop=0.5, use_act=False, use_bn=False, use_graph=False, use_reg=True, use_residual=False, use_weight=False, valid_num=500, valid_per_class=0, valid_prop=0.25, weight_decay=0.0005)
pubmed
Num nodes: 19717
train:torch.Size([15]), valid:torch.Size([500]), test:torch.Size([1000])
dataset pubmed | num nodes 19717 | num edge 88648 | num node feats 500 | num classes 3
MODEL: Polynormer(
  (h_lins): ModuleList(
    (0): Linear(in_features=512, out_features=512, bias=True)
    (1): Linear(in_features=512, out_features=512, bias=True)
    (2): Linear(in_features=512, out_features=512, bias=True)
  )
  (local_convs): ModuleList(
    (0): GATConv(512, 64, heads=8)
    (1): GATConv(512, 64, heads=8)
    (2): GATConv(512, 64, heads=8)
  )
  (lins): ModuleList(
    (0): Linear(in_features=512, out_features=512, bias=True)
    (1): Linear(in_features=512, out_features=512, bias=True)
    (2): Linear(in_features=512, out_features=512, bias=True)
  )
  (lns): ModuleList(
    (0): LayerNorm((512,), eps=1e-05, elementwise_affine=True)
    (1): LayerNorm((512,), eps=1e-05, elementwise_affine=True)
    (2): LayerNorm((512,), eps=1e-05, elementwise_affine=True)
  )
  (lin_in): Linear(in_features=500, out_features=512, bias=True)
  (ln): LayerNorm((512,), eps=1e-05, elementwise_affine=True)
  (global_attn): GlobalAttn(
    (h_lins): ModuleList(
      (0): Linear(in_features=512, out_features=512, bias=True)
    )
    (k_lins): ModuleList(
      (0): Linear(in_features=512, out_features=512, bias=True)
    )
    (v_lins): ModuleList(
      (0): Linear(in_features=512, out_features=512, bias=True)
    )
    (lns): ModuleList(
      (0): LayerNorm((512,), eps=1e-05, elementwise_affine=True)
    )
    (lin_out): Linear(in_features=512, out_features=512, bias=True)
  )
  (pred_local): Linear(in_features=512, out_features=3, bias=True)
  (pred_global): Linear(in_features=512, out_features=3, bias=True)
)
train:torch.Size([15]), valid:torch.Size([500]), test:torch.Size([1000])
Computing oracle penalty matrix from true labels...
Oracle penalty matrix frozen.
Epoch: 00, Loss: 2.7874, Train: 33.33%, Valid: 37.60%, Test: 35.10%, Best Valid: 37.60%, Best Test: 35.10%
Switching Polynormer to global attention phase.
Epoch: 100, Loss: 2.7987, Train: 33.33%, Valid: 40.40%, Test: 38.80%, Best Valid: 46.60%, Best Test: 44.50%
Epoch: 200, Loss: 0.0004, Train: 100.00%, Valid: 40.40%, Test: 39.10%, Best Valid: 46.60%, Best Test: 44.50%
Epoch: 300, Loss: 0.0001, Train: 100.00%, Valid: 40.80%, Test: 40.70%, Best Valid: 46.60%, Best Test: 44.50%
Epoch: 400, Loss: 0.0047, Train: 100.00%, Valid: 41.60%, Test: 40.10%, Best Valid: 46.60%, Best Test: 44.50%
Epoch: 500, Loss: 0.0003, Train: 100.00%, Valid: 41.20%, Test: 40.40%, Best Valid: 46.60%, Best Test: 44.50%
Epoch: 600, Loss: 0.0030, Train: 100.00%, Valid: 41.20%, Test: 40.30%, Best Valid: 46.60%, Best Test: 44.50%
Epoch: 700, Loss: 0.0000, Train: 100.00%, Valid: 42.00%, Test: 41.50%, Best Valid: 46.60%, Best Test: 44.50%
Epoch: 800, Loss: 0.0000, Train: 100.00%, Valid: 42.40%, Test: 45.40%, Best Valid: 46.60%, Best Test: 44.50%
Epoch: 900, Loss: 0.0001, Train: 100.00%, Valid: 43.20%, Test: 46.20%, Best Valid: 46.60%, Best Test: 44.50%
Epoch: 1000, Loss: 0.0001, Train: 100.00%, Valid: 43.60%, Test: 47.20%, Best Valid: 46.60%, Best Test: 44.50%
Run 01:
Highest Train: 100.00
Highest Valid: 62.00
Highest Test: 64.40
Chosen epoch: 1099
Final Train: 100.00
Final Test: 64.40
train:torch.Size([15]), valid:torch.Size([500]), test:torch.Size([1000])
Computing oracle penalty matrix from true labels...
Oracle penalty matrix frozen.
Epoch: 00, Loss: 3.3870, Train: 33.33%, Valid: 36.60%, Test: 39.90%, Best Valid: 36.60%, Best Test: 39.90%
Switching Polynormer to global attention phase.
Epoch: 100, Loss: 2.8564, Train: 33.33%, Valid: 36.60%, Test: 39.90%, Best Valid: 38.00%, Best Test: 41.40%
Epoch: 200, Loss: 0.0000, Train: 100.00%, Valid: 37.80%, Test: 42.10%, Best Valid: 44.40%, Best Test: 45.90%
Epoch: 300, Loss: 0.0000, Train: 100.00%, Valid: 44.00%, Test: 46.30%, Best Valid: 44.40%, Best Test: 45.90%
Epoch: 400, Loss: 0.0000, Train: 100.00%, Valid: 39.20%, Test: 43.00%, Best Valid: 44.40%, Best Test: 45.90%
Epoch: 500, Loss: 0.0000, Train: 100.00%, Valid: 39.40%, Test: 43.60%, Best Valid: 44.40%, Best Test: 45.90%
Epoch: 600, Loss: 0.0000, Train: 100.00%, Valid: 40.40%, Test: 43.90%, Best Valid: 44.40%, Best Test: 45.90%
Epoch: 700, Loss: 0.0000, Train: 100.00%, Valid: 41.20%, Test: 44.40%, Best Valid: 44.40%, Best Test: 45.90%
Epoch: 800, Loss: 0.0000, Train: 100.00%, Valid: 42.40%, Test: 45.90%, Best Valid: 44.40%, Best Test: 45.90%
Epoch: 900, Loss: 0.0000, Train: 100.00%, Valid: 37.60%, Test: 40.40%, Best Valid: 44.40%, Best Test: 45.90%
Epoch: 1000, Loss: 0.0000, Train: 100.00%, Valid: 37.60%, Test: 40.90%, Best Valid: 44.40%, Best Test: 45.90%
Run 02:
Highest Train: 100.00
Highest Valid: 44.40
Highest Test: 46.70
Chosen epoch: 142
Final Train: 93.33
Final Test: 45.90
train:torch.Size([15]), valid:torch.Size([500]), test:torch.Size([1000])
Computing oracle penalty matrix from true labels...
Oracle penalty matrix frozen.
Epoch: 00, Loss: 3.0774, Train: 33.33%, Valid: 39.20%, Test: 41.80%, Best Valid: 39.20%, Best Test: 41.80%
Switching Polynormer to global attention phase.
Epoch: 100, Loss: 2.8440, Train: 33.33%, Valid: 39.20%, Test: 41.80%, Best Valid: 40.20%, Best Test: 42.40%
Epoch: 200, Loss: 0.0002, Train: 100.00%, Valid: 39.60%, Test: 42.10%, Best Valid: 40.60%, Best Test: 40.70%
Epoch: 300, Loss: 0.0006, Train: 100.00%, Valid: 39.80%, Test: 41.90%, Best Valid: 40.60%, Best Test: 40.70%
Epoch: 400, Loss: 0.4488, Train: 100.00%, Valid: 43.00%, Test: 45.00%, Best Valid: 49.80%, Best Test: 51.70%
Epoch: 500, Loss: 0.0000, Train: 100.00%, Valid: 40.40%, Test: 41.40%, Best Valid: 49.80%, Best Test: 51.70%
Epoch: 600, Loss: 0.0000, Train: 100.00%, Valid: 40.20%, Test: 41.50%, Best Valid: 49.80%, Best Test: 51.70%
Epoch: 700, Loss: 0.0001, Train: 100.00%, Valid: 40.40%, Test: 43.10%, Best Valid: 58.40%, Best Test: 56.70%
Epoch: 800, Loss: 0.0003, Train: 100.00%, Valid: 46.40%, Test: 46.40%, Best Valid: 58.40%, Best Test: 56.70%
Epoch: 900, Loss: 0.0001, Train: 100.00%, Valid: 48.00%, Test: 49.80%, Best Valid: 58.40%, Best Test: 56.70%
Epoch: 1000, Loss: 0.0000, Train: 100.00%, Valid: 53.20%, Test: 52.50%, Best Valid: 58.40%, Best Test: 56.70%
Run 03:
Highest Train: 100.00
Highest Valid: 58.40
Highest Test: 58.30
Chosen epoch: 680
Final Train: 100.00
Final Test: 56.70
train:torch.Size([15]), valid:torch.Size([500]), test:torch.Size([1000])
Computing oracle penalty matrix from true labels...
Oracle penalty matrix frozen.
Epoch: 00, Loss: 3.1695, Train: 40.00%, Valid: 35.20%, Test: 30.40%, Best Valid: 35.20%, Best Test: 30.40%
Switching Polynormer to global attention phase.
Epoch: 100, Loss: 2.8359, Train: 33.33%, Valid: 32.40%, Test: 40.60%, Best Valid: 35.20%, Best Test: 30.40%
Epoch: 200, Loss: 0.0000, Train: 100.00%, Valid: 32.80%, Test: 41.00%, Best Valid: 35.20%, Best Test: 30.40%
Epoch: 300, Loss: 0.0005, Train: 100.00%, Valid: 32.80%, Test: 41.40%, Best Valid: 35.20%, Best Test: 30.40%
Epoch: 400, Loss: 0.0001, Train: 100.00%, Valid: 34.40%, Test: 41.80%, Best Valid: 35.20%, Best Test: 30.40%
Epoch: 500, Loss: 0.0002, Train: 100.00%, Valid: 34.80%, Test: 41.80%, Best Valid: 35.20%, Best Test: 30.40%
Epoch: 600, Loss: 0.0005, Train: 100.00%, Valid: 35.20%, Test: 42.30%, Best Valid: 35.40%, Best Test: 42.10%
Epoch: 700, Loss: 0.0002, Train: 100.00%, Valid: 36.20%, Test: 42.80%, Best Valid: 36.20%, Best Test: 42.80%
Epoch: 800, Loss: 0.0003, Train: 100.00%, Valid: 36.40%, Test: 43.10%, Best Valid: 36.80%, Best Test: 43.20%
Epoch: 900, Loss: 0.0006, Train: 100.00%, Valid: 33.00%, Test: 41.10%, Best Valid: 51.00%, Best Test: 56.10%
Epoch: 1000, Loss: 0.0001, Train: 100.00%, Valid: 48.40%, Test: 52.30%, Best Valid: 51.00%, Best Test: 56.10%
Run 04:
Highest Train: 100.00
Highest Valid: 51.00
Highest Test: 56.20
Chosen epoch: 873
Final Train: 100.00
Final Test: 56.10
train:torch.Size([15]), valid:torch.Size([500]), test:torch.Size([1000])
Computing oracle penalty matrix from true labels...
Oracle penalty matrix frozen.
Epoch: 00, Loss: 2.8606, Train: 33.33%, Valid: 21.40%, Test: 20.00%, Best Valid: 21.40%, Best Test: 20.00%
Switching Polynormer to global attention phase.
Epoch: 100, Loss: 2.8552, Train: 33.33%, Valid: 40.80%, Test: 40.50%, Best Valid: 40.80%, Best Test: 40.50%
Epoch: 200, Loss: 0.0000, Train: 100.00%, Valid: 44.80%, Test: 42.50%, Best Valid: 51.60%, Best Test: 49.40%
Epoch: 300, Loss: 0.0003, Train: 100.00%, Valid: 54.00%, Test: 52.10%, Best Valid: 54.40%, Best Test: 52.10%
Epoch: 400, Loss: 0.0001, Train: 100.00%, Valid: 49.40%, Test: 47.80%, Best Valid: 59.60%, Best Test: 56.40%
Epoch: 500, Loss: 0.0002, Train: 100.00%, Valid: 51.40%, Test: 48.90%, Best Valid: 59.60%, Best Test: 56.40%
Epoch: 600, Loss: 0.0001, Train: 100.00%, Valid: 65.60%, Test: 61.80%, Best Valid: 65.80%, Best Test: 61.80%
Epoch: 700, Loss: 0.0000, Train: 100.00%, Valid: 65.40%, Test: 61.60%, Best Valid: 65.80%, Best Test: 61.80%
Epoch: 800, Loss: 0.0003, Train: 100.00%, Valid: 64.40%, Test: 59.90%, Best Valid: 65.80%, Best Test: 61.80%
Epoch: 900, Loss: 0.0001, Train: 100.00%, Valid: 52.40%, Test: 49.60%, Best Valid: 65.80%, Best Test: 61.80%
Epoch: 1000, Loss: 0.0001, Train: 100.00%, Valid: 57.20%, Test: 53.60%, Best Valid: 65.80%, Best Test: 61.80%
Run 05:
Highest Train: 100.00
Highest Valid: 65.80
Highest Test: 61.90
Chosen epoch: 599
Final Train: 100.00
Final Test: 61.80
train:torch.Size([15]), valid:torch.Size([500]), test:torch.Size([1000])
Computing oracle penalty matrix from true labels...
Oracle penalty matrix frozen.
Epoch: 00, Loss: 3.1294, Train: 33.33%, Valid: 42.20%, Test: 42.20%, Best Valid: 42.20%, Best Test: 42.20%
Switching Polynormer to global attention phase.
Epoch: 100, Loss: 2.8564, Train: 33.33%, Valid: 42.20%, Test: 42.20%, Best Valid: 45.60%, Best Test: 45.70%
Epoch: 200, Loss: 0.0000, Train: 100.00%, Valid: 50.00%, Test: 51.10%, Best Valid: 52.60%, Best Test: 53.40%
Epoch: 300, Loss: 0.0000, Train: 100.00%, Valid: 47.60%, Test: 49.40%, Best Valid: 52.60%, Best Test: 53.40%
Epoch: 400, Loss: 0.0000, Train: 100.00%, Valid: 50.60%, Test: 51.70%, Best Valid: 52.60%, Best Test: 53.40%
Epoch: 500, Loss: 0.0000, Train: 100.00%, Valid: 56.20%, Test: 58.20%, Best Valid: 60.40%, Best Test: 61.90%
Epoch: 600, Loss: 0.0000, Train: 100.00%, Valid: 58.80%, Test: 61.20%, Best Valid: 60.40%, Best Test: 61.90%
Epoch: 700, Loss: 0.0000, Train: 100.00%, Valid: 53.00%, Test: 55.40%, Best Valid: 60.40%, Best Test: 61.90%
Epoch: 800, Loss: 0.0000, Train: 100.00%, Valid: 55.00%, Test: 56.90%, Best Valid: 60.40%, Best Test: 61.90%
Epoch: 900, Loss: 0.0000, Train: 100.00%, Valid: 57.20%, Test: 59.10%, Best Valid: 60.40%, Best Test: 61.90%
Epoch: 1000, Loss: 0.0002, Train: 100.00%, Valid: 58.20%, Test: 61.20%, Best Valid: 60.40%, Best Test: 61.90%
Run 06:
Highest Train: 100.00
Highest Valid: 60.40
Highest Test: 63.70
Chosen epoch: 433
Final Train: 100.00
Final Test: 61.90
train:torch.Size([15]), valid:torch.Size([500]), test:torch.Size([1000])
Computing oracle penalty matrix from true labels...
Oracle penalty matrix frozen.
Epoch: 00, Loss: 3.3453, Train: 40.00%, Valid: 40.00%, Test: 41.10%, Best Valid: 40.00%, Best Test: 41.10%
Switching Polynormer to global attention phase.
Epoch: 100, Loss: 2.8564, Train: 33.33%, Valid: 39.20%, Test: 40.50%, Best Valid: 43.00%, Best Test: 44.40%
Epoch: 200, Loss: 0.0000, Train: 100.00%, Valid: 55.00%, Test: 55.30%, Best Valid: 59.80%, Best Test: 59.10%
Epoch: 300, Loss: 0.0000, Train: 100.00%, Valid: 42.80%, Test: 43.70%, Best Valid: 59.80%, Best Test: 59.10%
Epoch: 400, Loss: 0.0000, Train: 100.00%, Valid: 43.80%, Test: 45.00%, Best Valid: 59.80%, Best Test: 59.10%
Epoch: 500, Loss: 0.0000, Train: 100.00%, Valid: 44.60%, Test: 46.00%, Best Valid: 59.80%, Best Test: 59.10%
Epoch: 600, Loss: 0.0000, Train: 100.00%, Valid: 44.60%, Test: 46.90%, Best Valid: 59.80%, Best Test: 59.10%
Epoch: 700, Loss: 0.0000, Train: 100.00%, Valid: 46.40%, Test: 47.80%, Best Valid: 59.80%, Best Test: 59.10%
Epoch: 800, Loss: 0.0001, Train: 100.00%, Valid: 47.00%, Test: 48.80%, Best Valid: 59.80%, Best Test: 59.10%
Epoch: 900, Loss: 0.0000, Train: 100.00%, Valid: 48.20%, Test: 49.20%, Best Valid: 66.80%, Best Test: 65.30%
Epoch: 1000, Loss: 0.0000, Train: 100.00%, Valid: 49.20%, Test: 49.90%, Best Valid: 66.80%, Best Test: 65.30%
Run 07:
Highest Train: 100.00
Highest Valid: 66.80
Highest Test: 67.70
Chosen epoch: 824
Final Train: 100.00
Final Test: 65.30
train:torch.Size([15]), valid:torch.Size([500]), test:torch.Size([1000])
Computing oracle penalty matrix from true labels...
Oracle penalty matrix frozen.
Epoch: 00, Loss: 3.0795, Train: 33.33%, Valid: 42.80%, Test: 40.40%, Best Valid: 42.80%, Best Test: 40.40%
Switching Polynormer to global attention phase.
Epoch: 100, Loss: 2.8564, Train: 33.33%, Valid: 42.80%, Test: 40.40%, Best Valid: 44.80%, Best Test: 41.70%
Epoch: 200, Loss: 0.0000, Train: 100.00%, Valid: 46.40%, Test: 45.10%, Best Valid: 56.00%, Best Test: 56.20%
Epoch: 300, Loss: 0.0000, Train: 100.00%, Valid: 46.20%, Test: 45.20%, Best Valid: 56.00%, Best Test: 56.20%
Epoch: 400, Loss: 0.0000, Train: 100.00%, Valid: 44.00%, Test: 41.30%, Best Valid: 56.00%, Best Test: 56.20%
Epoch: 500, Loss: 0.0000, Train: 100.00%, Valid: 46.80%, Test: 43.70%, Best Valid: 56.00%, Best Test: 56.20%
Epoch: 600, Loss: 0.0000, Train: 100.00%, Valid: 51.80%, Test: 49.00%, Best Valid: 56.00%, Best Test: 56.20%
Epoch: 700, Loss: 0.0000, Train: 100.00%, Valid: 53.80%, Test: 49.60%, Best Valid: 56.00%, Best Test: 56.20%
Epoch: 800, Loss: 0.0000, Train: 100.00%, Valid: 44.20%, Test: 41.20%, Best Valid: 56.00%, Best Test: 56.20%
Epoch: 900, Loss: 0.0000, Train: 100.00%, Valid: 44.40%, Test: 41.40%, Best Valid: 56.00%, Best Test: 56.20%
Epoch: 1000, Loss: 0.0000, Train: 100.00%, Valid: 44.40%, Test: 41.70%, Best Valid: 56.00%, Best Test: 56.20%
Run 08:
Highest Train: 100.00
Highest Valid: 56.00
Highest Test: 56.20
Chosen epoch: 164
Final Train: 100.00
Final Test: 56.20
train:torch.Size([15]), valid:torch.Size([500]), test:torch.Size([1000])
Computing oracle penalty matrix from true labels...
Oracle penalty matrix frozen.
Epoch: 00, Loss: 3.2622, Train: 33.33%, Valid: 39.60%, Test: 41.30%, Best Valid: 39.60%, Best Test: 41.30%
Switching Polynormer to global attention phase.
Epoch: 100, Loss: 2.8588, Train: 33.33%, Valid: 39.60%, Test: 41.30%, Best Valid: 42.60%, Best Test: 44.00%
Epoch: 200, Loss: 0.0003, Train: 100.00%, Valid: 39.80%, Test: 42.30%, Best Valid: 51.00%, Best Test: 49.10%
Epoch: 300, Loss: 0.0000, Train: 100.00%, Valid: 41.20%, Test: 43.60%, Best Valid: 51.00%, Best Test: 49.10%
Epoch: 400, Loss: 0.0000, Train: 100.00%, Valid: 42.40%, Test: 44.30%, Best Valid: 51.00%, Best Test: 49.10%
Epoch: 500, Loss: 0.0000, Train: 100.00%, Valid: 44.00%, Test: 46.10%, Best Valid: 51.00%, Best Test: 49.10%
Epoch: 600, Loss: 0.0000, Train: 100.00%, Valid: 42.60%, Test: 44.10%, Best Valid: 51.00%, Best Test: 49.10%
Epoch: 700, Loss: 0.0002, Train: 100.00%, Valid: 42.00%, Test: 44.30%, Best Valid: 51.00%, Best Test: 49.10%
Epoch: 800, Loss: 0.0001, Train: 100.00%, Valid: 42.60%, Test: 44.70%, Best Valid: 51.00%, Best Test: 49.10%
Epoch: 900, Loss: 0.0001, Train: 100.00%, Valid: 43.80%, Test: 45.60%, Best Valid: 51.00%, Best Test: 49.10%
Epoch: 1000, Loss: 0.0005, Train: 100.00%, Valid: 44.20%, Test: 45.70%, Best Valid: 51.00%, Best Test: 49.10%
Run 09:
Highest Train: 100.00
Highest Valid: 51.00
Highest Test: 51.50
Chosen epoch: 141
Final Train: 100.00
Final Test: 49.10
train:torch.Size([15]), valid:torch.Size([500]), test:torch.Size([1000])
Computing oracle penalty matrix from true labels...
Oracle penalty matrix frozen.
Epoch: 00, Loss: 2.7662, Train: 33.33%, Valid: 41.60%, Test: 40.30%, Best Valid: 41.60%, Best Test: 40.30%
Switching Polynormer to global attention phase.
Epoch: 100, Loss: 2.8564, Train: 33.33%, Valid: 41.60%, Test: 40.50%, Best Valid: 53.40%, Best Test: 52.10%
Epoch: 200, Loss: 0.0000, Train: 100.00%, Valid: 44.20%, Test: 44.00%, Best Valid: 60.00%, Best Test: 58.20%
Epoch: 300, Loss: 0.0000, Train: 100.00%, Valid: 45.40%, Test: 45.20%, Best Valid: 60.00%, Best Test: 58.20%
Epoch: 400, Loss: 0.0000, Train: 100.00%, Valid: 47.60%, Test: 46.40%, Best Valid: 60.00%, Best Test: 58.20%
Epoch: 500, Loss: 1.9286, Train: 93.33%, Valid: 58.80%, Test: 56.90%, Best Valid: 60.00%, Best Test: 58.20%
Epoch: 600, Loss: 0.0000, Train: 100.00%, Valid: 47.20%, Test: 46.20%, Best Valid: 60.00%, Best Test: 58.20%
Epoch: 700, Loss: 0.0000, Train: 100.00%, Valid: 48.40%, Test: 48.10%, Best Valid: 60.00%, Best Test: 58.20%
Epoch: 800, Loss: 0.0000, Train: 100.00%, Valid: 46.60%, Test: 45.30%, Best Valid: 60.00%, Best Test: 58.20%
Epoch: 900, Loss: 0.0002, Train: 100.00%, Valid: 55.20%, Test: 53.10%, Best Valid: 62.00%, Best Test: 59.90%
Epoch: 1000, Loss: 0.0000, Train: 100.00%, Valid: 57.60%, Test: 56.20%, Best Valid: 62.00%, Best Test: 59.90%
Run 10:
Highest Train: 100.00
Highest Valid: 62.00
Highest Test: 59.90
Chosen epoch: 834
Final Train: 100.00
Final Test: 59.90
All runs:
Highest Train: 100.00 ± 0.00
Highest Test: 58.65 ± 6.31
Highest Valid: 57.78 ± 7.17
  Final Train: 99.33 ± 2.11
   Final Test: 57.73 ± 6.33
Saving results to ../results/lowlabel/pubmed/polynormer.csv
Low-label sweep completed.
Task 133 done.
