Wed Aug 12 17:42:18 2026       
+-----------------------------------------------------------------------------------------+
| NVIDIA-SMI 580.159.04             Driver Version: 580.159.04     CUDA Version: 13.0     |
+-----------------------------------------+------------------------+----------------------+
| GPU  Name                 Persistence-M | Bus-Id          Disp.A | Volatile Uncorr. ECC |
| Fan  Temp   Perf          Pwr:Usage/Cap |           Memory-Usage | GPU-Util  Compute M. |
|                                         |                        |               MIG M. |
|=========================================+========================+======================|
|   0  NVIDIA A100-SXM4-80GB          On  |   00000000:01:00.0 Off |                   On |
| N/A   34C    P0             67W /  500W |     964MiB /  81920MiB |     N/A      Default |
|                                         |                        |              Enabled |
+-----------------------------------------+------------------------+----------------------+
|   1  NVIDIA A100-SXM4-80GB          On  |   00000000:41:00.0 Off |                   On |
| N/A   34C    P0            134W /  500W |    2228MiB /  81920MiB |     N/A      Default |
|                                         |                        |              Enabled |
+-----------------------------------------+------------------------+----------------------+
|   2  NVIDIA A100-SXM4-80GB          On  |   00000000:81:00.0 Off |                   On |
| N/A   33C    P0             64W /  500W |     964MiB /  81920MiB |     N/A      Default |
|                                         |                        |              Enabled |
+-----------------------------------------+------------------------+----------------------+
|   3  NVIDIA A100-SXM4-80GB          On  |   00000000:C1:00.0 Off |                   On |
| N/A   34C    P0            133W /  500W |    1513MiB /  81920MiB |     N/A      Default |
|                                         |                        |              Enabled |
+-----------------------------------------+------------------------+----------------------+

+-----------------------------------------------------------------------------------------+
| MIG devices:                                                                            |
+------------------+----------------------------------+-----------+-----------------------+
| GPU  GI  CI  MIG |              Shared Memory-Usage |        Vol|        Shared         |
|      ID  ID  Dev |                Shared BAR1-Usage | SM     Unc| CE ENC  DEC  OFA  JPG |
|                  |                                  |        ECC|                       |
|==================+==================================+===========+=======================|
|  0    5   0   0  |              71MiB / 19968MiB    | 28      0 |  2   0    1    0    0 |
|                  |               0MiB / 12271MiB    |           |                       |
+------------------+----------------------------------+-----------+-----------------------+

+-----------------------------------------------------------------------------------------+
| Processes:                                                                              |
|  GPU   GI   CI              PID   Type   Process name                        GPU Memory |
|        ID   ID                                                               Usage      |
|=========================================================================================|
|    1    1    0           499443      C   python                                  706MiB |
|    1    5    0           508403      C   python                                 1256MiB |
|    2    2    0           499445      C   python                                  706MiB |
|    3    5    0           514886      C   python                                 1256MiB |
+-----------------------------------------------------------------------------------------+
Cell: pubmed / polynormer / budget 2 per class / group 1
python main.py --model polynormer --dataset pubmed --lr 0.001 --hidden_channels 64 --dropout 0.5 --weight_decay 0.0005 --num_heads 8 --runs 10 --device 0 --result_dir ../results/lowlabel --model_dir models/lowlabel_1171808_126 --paired_seeds --rand_split_class --valid_num 500 --test_num 1000 --seed 123 --local_layers 3 --global_layers 1 --local_epochs 100 --global_epochs 1000 --beta -1.0 --in_dropout 0.2 --save_model --label_num_per_class 2 --resample_split_per_run --budget_tag 2
==========================================================
Low-label sweep: python main.py --model polynormer --dataset pubmed --lr 0.001 --hidden_channels 64 --dropout 0.5 --weight_decay 0.0005 --num_heads 8 --runs 10 --device 0 --result_dir ../results/lowlabel --model_dir models/lowlabel_1171808_126 --paired_seeds --rand_split_class --valid_num 500 --test_num 1000 --seed 123 --local_layers 3 --global_layers 1 --local_epochs 100 --global_epochs 1000 --beta -1.0 --in_dropout 0.2 --save_model --label_num_per_class 2 --resample_split_per_run --budget_tag 2
result_dir=../results/lowlabel conditions=[count]
==========================================================
--- count_reg | lambda=0.01 ---
    (already completed — requeue resume, skipping)
--- count_reg | lambda=0.05 ---
    (already completed — requeue resume, skipping)
--- count_reg | lambda=0.1 ---
Namespace(aggregate='add', alpha=0.5, attention='gcn', beta=-1.0, bn=False, budget_tag='2', count_reg=True, count_smoothing=1.0, cpu=False, data_dir='../data/', dataset='pubmed', device=0, dim_inner=64, display_step=100, dropout=0.5, epochs=500, global_dropout=None, global_epochs=1000, global_layers=1, gnn='gcn', graph_weight=0.8, hidden_channels=64, hops=10, in_dropout=0.2, jk=False, label_num_per_class=2, lambda_val=0.1, layers=1, ln=False, local_epochs=100, local_gnn_type='GCN', local_layers=3, lr=0.001, metric='acc', mlp_epochs=500, mlp_reg=False, model='polynormer', model_dir='models/lowlabel_1171808_126', n_heads=8, num_centroids=4096, num_heads=8, oracle_reg=False, paired_seeds=True, pe_types='RWSE', penalty_transform='none', pre_linear=False, pre_ln=False, rand_split=False, rand_split_class=True, reg_start_epoch=10, reg_update_freq=5, res=False, resample_split_per_run=True, result_dir='../results/lowlabel', runs=10, save_model=True, save_result=False, seed=123, test_num=1000, tr_dropout=None, tr_layers=1, tr_weight_decay=None, train_per_class=0, train_prop=0.5, use_act=False, use_bn=False, use_graph=False, use_reg=True, use_residual=False, use_weight=False, valid_num=500, valid_per_class=0, valid_prop=0.25, weight_decay=0.0005)
pubmed
Num nodes: 19717
train:torch.Size([6]), valid:torch.Size([500]), test:torch.Size([1000])
dataset pubmed | num nodes 19717 | num edge 88648 | num node feats 500 | num classes 3
MODEL: Polynormer(
  (h_lins): ModuleList(
    (0): Linear(in_features=512, out_features=512, bias=True)
    (1): Linear(in_features=512, out_features=512, bias=True)
    (2): Linear(in_features=512, out_features=512, bias=True)
  )
  (local_convs): ModuleList(
    (0): GATConv(512, 64, heads=8)
    (1): GATConv(512, 64, heads=8)
    (2): GATConv(512, 64, heads=8)
  )
  (lins): ModuleList(
    (0): Linear(in_features=512, out_features=512, bias=True)
    (1): Linear(in_features=512, out_features=512, bias=True)
    (2): Linear(in_features=512, out_features=512, bias=True)
  )
  (lns): ModuleList(
    (0): LayerNorm((512,), eps=1e-05, elementwise_affine=True)
    (1): LayerNorm((512,), eps=1e-05, elementwise_affine=True)
    (2): LayerNorm((512,), eps=1e-05, elementwise_affine=True)
  )
  (lin_in): Linear(in_features=500, out_features=512, bias=True)
  (ln): LayerNorm((512,), eps=1e-05, elementwise_affine=True)
  (global_attn): GlobalAttn(
    (h_lins): ModuleList(
      (0): Linear(in_features=512, out_features=512, bias=True)
    )
    (k_lins): ModuleList(
      (0): Linear(in_features=512, out_features=512, bias=True)
    )
    (v_lins): ModuleList(
      (0): Linear(in_features=512, out_features=512, bias=True)
    )
    (lns): ModuleList(
      (0): LayerNorm((512,), eps=1e-05, elementwise_affine=True)
    )
    (lin_out): Linear(in_features=512, out_features=512, bias=True)
  )
  (pred_local): Linear(in_features=512, out_features=3, bias=True)
  (pred_global): Linear(in_features=512, out_features=3, bias=True)
)
train:torch.Size([6]), valid:torch.Size([500]), test:torch.Size([1000])
Counting co-occurrence on train-train edges (leakage-free estimator)...
Count penalty frozen (0 train-train edges).
Epoch: 00, Loss: 0.8529, Train: 33.33%, Valid: 38.80%, Test: 40.10%, Best Valid: 38.80%, Best Test: 40.10%
Switching Polynormer to global attention phase.
Epoch: 100, Loss: 1.3982, Train: 100.00%, Valid: 47.00%, Test: 51.40%, Best Valid: 66.80%, Best Test: 65.40%
Epoch: 200, Loss: 0.0000, Train: 100.00%, Valid: 62.20%, Test: 63.00%, Best Valid: 66.80%, Best Test: 65.40%
Epoch: 300, Loss: 0.0000, Train: 100.00%, Valid: 63.00%, Test: 63.10%, Best Valid: 66.80%, Best Test: 65.40%
Epoch: 400, Loss: 0.0001, Train: 100.00%, Valid: 64.40%, Test: 63.70%, Best Valid: 66.80%, Best Test: 65.40%
Epoch: 500, Loss: 0.0001, Train: 100.00%, Valid: 65.40%, Test: 65.40%, Best Valid: 66.80%, Best Test: 65.40%
Epoch: 600, Loss: 0.0002, Train: 100.00%, Valid: 63.80%, Test: 63.90%, Best Valid: 66.80%, Best Test: 65.40%
Epoch: 700, Loss: 0.0000, Train: 100.00%, Valid: 62.40%, Test: 62.20%, Best Valid: 66.80%, Best Test: 65.40%
Epoch: 800, Loss: 0.0001, Train: 100.00%, Valid: 58.40%, Test: 61.20%, Best Valid: 66.80%, Best Test: 65.40%
Epoch: 900, Loss: 0.0000, Train: 100.00%, Valid: 50.00%, Test: 50.90%, Best Valid: 66.80%, Best Test: 65.40%
Epoch: 1000, Loss: 0.0000, Train: 100.00%, Valid: 56.20%, Test: 53.60%, Best Valid: 66.80%, Best Test: 65.40%
Run 01:
Highest Train: 100.00
Highest Valid: 66.80
Highest Test: 66.20
Chosen epoch: 77
Final Train: 100.00
Final Test: 65.40
train:torch.Size([6]), valid:torch.Size([500]), test:torch.Size([1000])
Counting co-occurrence on train-train edges (leakage-free estimator)...
Count penalty frozen (0 train-train edges).
Epoch: 00, Loss: 1.3444, Train: 33.33%, Valid: 42.60%, Test: 40.10%, Best Valid: 42.60%, Best Test: 40.10%
Switching Polynormer to global attention phase.
Epoch: 100, Loss: 1.2249, Train: 33.33%, Valid: 37.00%, Test: 40.00%, Best Valid: 50.60%, Best Test: 47.00%
Epoch: 200, Loss: 0.0001, Train: 100.00%, Valid: 45.40%, Test: 44.00%, Best Valid: 50.60%, Best Test: 47.00%
Epoch: 300, Loss: 0.0000, Train: 100.00%, Valid: 47.80%, Test: 47.10%, Best Valid: 51.80%, Best Test: 49.40%
Epoch: 400, Loss: 0.0000, Train: 100.00%, Valid: 49.00%, Test: 47.90%, Best Valid: 51.80%, Best Test: 49.40%
Epoch: 500, Loss: 0.0000, Train: 100.00%, Valid: 49.00%, Test: 47.50%, Best Valid: 51.80%, Best Test: 49.40%
Epoch: 600, Loss: 0.0000, Train: 100.00%, Valid: 48.80%, Test: 47.70%, Best Valid: 51.80%, Best Test: 49.40%
Epoch: 700, Loss: 0.0001, Train: 100.00%, Valid: 58.00%, Test: 53.00%, Best Valid: 58.40%, Best Test: 53.00%
Epoch: 800, Loss: 0.0002, Train: 100.00%, Valid: 57.00%, Test: 52.10%, Best Valid: 58.40%, Best Test: 53.00%
Epoch: 900, Loss: 0.0000, Train: 100.00%, Valid: 54.60%, Test: 50.50%, Best Valid: 58.40%, Best Test: 53.00%
Epoch: 1000, Loss: 0.0000, Train: 100.00%, Valid: 41.80%, Test: 43.40%, Best Valid: 58.40%, Best Test: 53.00%
Run 02:
Highest Train: 100.00
Highest Valid: 58.40
Highest Test: 53.20
Chosen epoch: 694
Final Train: 100.00
Final Test: 53.00
train:torch.Size([6]), valid:torch.Size([500]), test:torch.Size([1000])
Counting co-occurrence on train-train edges (leakage-free estimator)...
Count penalty frozen (0 train-train edges).
Epoch: 00, Loss: 1.4344, Train: 33.33%, Valid: 39.60%, Test: 41.90%, Best Valid: 39.60%, Best Test: 41.90%
Switching Polynormer to global attention phase.
Epoch: 100, Loss: 1.2109, Train: 33.33%, Valid: 39.60%, Test: 41.90%, Best Valid: 59.40%, Best Test: 56.70%
Epoch: 200, Loss: 0.0000, Train: 100.00%, Valid: 53.00%, Test: 52.10%, Best Valid: 59.40%, Best Test: 56.70%
Epoch: 300, Loss: 0.0000, Train: 100.00%, Valid: 53.00%, Test: 52.70%, Best Valid: 59.40%, Best Test: 56.70%
Epoch: 400, Loss: 0.0002, Train: 100.00%, Valid: 42.40%, Test: 42.40%, Best Valid: 59.40%, Best Test: 56.70%
Epoch: 500, Loss: 0.0000, Train: 100.00%, Valid: 47.20%, Test: 48.00%, Best Valid: 59.40%, Best Test: 56.70%
Epoch: 600, Loss: 0.0001, Train: 100.00%, Valid: 43.60%, Test: 45.30%, Best Valid: 59.40%, Best Test: 56.70%
Epoch: 700, Loss: 0.0000, Train: 100.00%, Valid: 47.40%, Test: 48.10%, Best Valid: 59.40%, Best Test: 56.70%
Epoch: 800, Loss: 0.0000, Train: 100.00%, Valid: 46.60%, Test: 47.30%, Best Valid: 59.40%, Best Test: 56.70%
Epoch: 900, Loss: 0.0000, Train: 100.00%, Valid: 49.00%, Test: 48.10%, Best Valid: 59.40%, Best Test: 56.70%
Epoch: 1000, Loss: 0.0001, Train: 100.00%, Valid: 47.60%, Test: 46.60%, Best Valid: 59.40%, Best Test: 56.70%
Run 03:
Highest Train: 100.00
Highest Valid: 61.20
Highest Test: 60.30
Chosen epoch: 1079
Final Train: 100.00
Final Test: 60.30
train:torch.Size([6]), valid:torch.Size([500]), test:torch.Size([1000])
Counting co-occurrence on train-train edges (leakage-free estimator)...
Count penalty frozen (0 train-train edges).
Epoch: 00, Loss: 1.4230, Train: 33.33%, Valid: 42.40%, Test: 38.60%, Best Valid: 42.40%, Best Test: 38.60%
Switching Polynormer to global attention phase.
Epoch: 100, Loss: 1.2162, Train: 33.33%, Valid: 40.40%, Test: 40.40%, Best Valid: 52.00%, Best Test: 52.40%
Epoch: 200, Loss: 0.0000, Train: 100.00%, Valid: 51.00%, Test: 55.40%, Best Valid: 52.60%, Best Test: 55.80%
Epoch: 300, Loss: 0.0000, Train: 100.00%, Valid: 51.00%, Test: 55.10%, Best Valid: 52.60%, Best Test: 55.80%
Epoch: 400, Loss: 0.0003, Train: 100.00%, Valid: 53.00%, Test: 55.60%, Best Valid: 53.00%, Best Test: 55.60%
Epoch: 500, Loss: 0.0000, Train: 100.00%, Valid: 46.60%, Test: 47.30%, Best Valid: 53.80%, Best Test: 53.50%
Epoch: 600, Loss: 0.3277, Train: 100.00%, Valid: 42.20%, Test: 45.30%, Best Valid: 55.00%, Best Test: 51.40%
Epoch: 700, Loss: 0.0000, Train: 100.00%, Valid: 49.00%, Test: 47.80%, Best Valid: 55.00%, Best Test: 51.40%
Epoch: 800, Loss: 0.0000, Train: 100.00%, Valid: 50.00%, Test: 48.60%, Best Valid: 55.00%, Best Test: 51.40%
Epoch: 900, Loss: 0.0000, Train: 100.00%, Valid: 46.40%, Test: 51.60%, Best Valid: 55.00%, Best Test: 51.40%
Epoch: 1000, Loss: 0.0000, Train: 100.00%, Valid: 48.20%, Test: 51.10%, Best Valid: 55.00%, Best Test: 51.40%
Run 04:
Highest Train: 100.00
Highest Valid: 55.00
Highest Test: 56.60
Chosen epoch: 532
Final Train: 100.00
Final Test: 51.40
train:torch.Size([6]), valid:torch.Size([500]), test:torch.Size([1000])
Counting co-occurrence on train-train edges (leakage-free estimator)...
Count penalty frozen (0 train-train edges).
Epoch: 00, Loss: 1.2090, Train: 66.67%, Valid: 29.40%, Test: 26.50%, Best Valid: 29.40%, Best Test: 26.50%
Switching Polynormer to global attention phase.
Epoch: 100, Loss: 1.2056, Train: 83.33%, Valid: 39.80%, Test: 41.10%, Best Valid: 65.60%, Best Test: 62.10%
Epoch: 200, Loss: 0.0007, Train: 100.00%, Valid: 58.60%, Test: 56.20%, Best Valid: 65.60%, Best Test: 62.10%
Epoch: 300, Loss: 0.0001, Train: 100.00%, Valid: 61.40%, Test: 64.90%, Best Valid: 65.60%, Best Test: 62.10%
Epoch: 400, Loss: 0.0000, Train: 100.00%, Valid: 61.00%, Test: 64.90%, Best Valid: 65.60%, Best Test: 62.10%
Epoch: 500, Loss: 0.0000, Train: 100.00%, Valid: 60.00%, Test: 62.80%, Best Valid: 65.60%, Best Test: 62.10%
Epoch: 600, Loss: 0.0000, Train: 100.00%, Valid: 60.20%, Test: 60.30%, Best Valid: 65.60%, Best Test: 62.10%
Epoch: 700, Loss: 0.0000, Train: 100.00%, Valid: 48.00%, Test: 48.80%, Best Valid: 65.60%, Best Test: 62.10%
Epoch: 800, Loss: 0.0000, Train: 100.00%, Valid: 44.60%, Test: 45.50%, Best Valid: 65.60%, Best Test: 62.10%
Epoch: 900, Loss: 0.0000, Train: 100.00%, Valid: 46.80%, Test: 48.30%, Best Valid: 65.60%, Best Test: 62.10%
Epoch: 1000, Loss: 0.0000, Train: 100.00%, Valid: 54.00%, Test: 51.60%, Best Valid: 65.60%, Best Test: 62.10%
Run 05:
Highest Train: 100.00
Highest Valid: 65.60
Highest Test: 67.10
Chosen epoch: 23
Final Train: 100.00
Final Test: 62.10
train:torch.Size([6]), valid:torch.Size([500]), test:torch.Size([1000])
Counting co-occurrence on train-train edges (leakage-free estimator)...
Count penalty frozen (0 train-train edges).
Epoch: 00, Loss: 1.4899, Train: 33.33%, Valid: 37.80%, Test: 39.10%, Best Valid: 37.80%, Best Test: 39.10%
Switching Polynormer to global attention phase.
Epoch: 100, Loss: 1.2085, Train: 33.33%, Valid: 37.80%, Test: 38.90%, Best Valid: 68.60%, Best Test: 70.10%
Epoch: 200, Loss: 0.0000, Train: 100.00%, Valid: 66.80%, Test: 68.50%, Best Valid: 68.60%, Best Test: 70.10%
Epoch: 300, Loss: 0.0001, Train: 100.00%, Valid: 67.80%, Test: 69.20%, Best Valid: 68.60%, Best Test: 70.10%
Epoch: 400, Loss: 0.0002, Train: 100.00%, Valid: 66.40%, Test: 69.50%, Best Valid: 68.60%, Best Test: 70.10%
Epoch: 500, Loss: 0.0000, Train: 100.00%, Valid: 66.80%, Test: 69.40%, Best Valid: 68.60%, Best Test: 70.10%
Epoch: 600, Loss: 1.1226, Train: 33.33%, Valid: 21.40%, Test: 20.00%, Best Valid: 68.60%, Best Test: 70.10%
Epoch: 700, Loss: 0.0000, Train: 100.00%, Valid: 51.20%, Test: 51.20%, Best Valid: 68.60%, Best Test: 70.10%
Epoch: 800, Loss: 0.0000, Train: 100.00%, Valid: 53.40%, Test: 55.60%, Best Valid: 68.60%, Best Test: 70.10%
Epoch: 900, Loss: 0.0000, Train: 100.00%, Valid: 56.40%, Test: 58.80%, Best Valid: 68.60%, Best Test: 70.10%
Epoch: 1000, Loss: 0.0000, Train: 100.00%, Valid: 56.60%, Test: 59.00%, Best Valid: 68.60%, Best Test: 70.10%
Run 06:
Highest Train: 100.00
Highest Valid: 68.60
Highest Test: 70.70
Chosen epoch: 69
Final Train: 100.00
Final Test: 70.10
train:torch.Size([6]), valid:torch.Size([500]), test:torch.Size([1000])
Counting co-occurrence on train-train edges (leakage-free estimator)...
Count penalty frozen (0 train-train edges).
Epoch: 00, Loss: 1.2106, Train: 66.67%, Valid: 44.80%, Test: 40.80%, Best Valid: 44.80%, Best Test: 40.80%
Switching Polynormer to global attention phase.
Epoch: 100, Loss: 1.2081, Train: 33.33%, Valid: 22.60%, Test: 20.70%, Best Valid: 57.60%, Best Test: 55.90%
Epoch: 200, Loss: 0.0000, Train: 100.00%, Valid: 48.60%, Test: 50.40%, Best Valid: 57.60%, Best Test: 55.90%
Epoch: 300, Loss: 0.0001, Train: 100.00%, Valid: 51.00%, Test: 52.20%, Best Valid: 57.60%, Best Test: 55.90%
Epoch: 400, Loss: 0.0000, Train: 100.00%, Valid: 53.20%, Test: 53.20%, Best Valid: 57.60%, Best Test: 55.90%
Epoch: 500, Loss: 0.0003, Train: 100.00%, Valid: 52.60%, Test: 54.00%, Best Valid: 57.60%, Best Test: 55.90%
Epoch: 600, Loss: 0.0000, Train: 100.00%, Valid: 50.40%, Test: 49.40%, Best Valid: 57.60%, Best Test: 55.90%
Epoch: 700, Loss: 0.0005, Train: 100.00%, Valid: 46.60%, Test: 47.70%, Best Valid: 57.60%, Best Test: 55.90%
Epoch: 800, Loss: 0.0000, Train: 100.00%, Valid: 44.00%, Test: 44.50%, Best Valid: 57.60%, Best Test: 55.90%
Epoch: 900, Loss: 0.0000, Train: 100.00%, Valid: 43.40%, Test: 45.00%, Best Valid: 57.60%, Best Test: 55.90%
Epoch: 1000, Loss: 0.0000, Train: 100.00%, Valid: 46.80%, Test: 47.20%, Best Valid: 57.60%, Best Test: 55.90%
Run 07:
Highest Train: 100.00
Highest Valid: 57.60
Highest Test: 56.70
Chosen epoch: 44
Final Train: 100.00
Final Test: 55.90
train:torch.Size([6]), valid:torch.Size([500]), test:torch.Size([1000])
Counting co-occurrence on train-train edges (leakage-free estimator)...
Count penalty frozen (0 train-train edges).
Epoch: 00, Loss: 1.2734, Train: 33.33%, Valid: 40.40%, Test: 41.10%, Best Valid: 40.40%, Best Test: 41.10%
Switching Polynormer to global attention phase.
Epoch: 100, Loss: 1.2085, Train: 33.33%, Valid: 39.40%, Test: 40.30%, Best Valid: 66.60%, Best Test: 62.50%
Epoch: 200, Loss: 0.0073, Train: 100.00%, Valid: 47.00%, Test: 48.00%, Best Valid: 66.60%, Best Test: 62.50%
Epoch: 300, Loss: 0.0000, Train: 100.00%, Valid: 53.60%, Test: 57.10%, Best Valid: 66.60%, Best Test: 62.50%
Epoch: 400, Loss: 0.0000, Train: 100.00%, Valid: 40.80%, Test: 42.60%, Best Valid: 66.60%, Best Test: 62.50%
Epoch: 500, Loss: 0.0000, Train: 100.00%, Valid: 41.00%, Test: 42.70%, Best Valid: 66.60%, Best Test: 62.50%
Epoch: 600, Loss: 0.0000, Train: 100.00%, Valid: 41.20%, Test: 43.10%, Best Valid: 66.60%, Best Test: 62.50%
Epoch: 700, Loss: 0.0000, Train: 100.00%, Valid: 41.40%, Test: 43.40%, Best Valid: 66.60%, Best Test: 62.50%
Epoch: 800, Loss: 0.0000, Train: 100.00%, Valid: 53.60%, Test: 54.00%, Best Valid: 66.60%, Best Test: 62.50%
Epoch: 900, Loss: 0.0000, Train: 100.00%, Valid: 54.80%, Test: 54.90%, Best Valid: 66.60%, Best Test: 62.50%
Epoch: 1000, Loss: 0.0000, Train: 100.00%, Valid: 53.20%, Test: 53.90%, Best Valid: 66.60%, Best Test: 62.50%
Run 08:
Highest Train: 100.00
Highest Valid: 66.60
Highest Test: 63.80
Chosen epoch: 66
Final Train: 100.00
Final Test: 62.50
train:torch.Size([6]), valid:torch.Size([500]), test:torch.Size([1000])
Counting co-occurrence on train-train edges (leakage-free estimator)...
Count penalty frozen (0 train-train edges).
Epoch: 00, Loss: 1.4972, Train: 33.33%, Valid: 21.60%, Test: 21.80%, Best Valid: 21.60%, Best Test: 21.80%
Switching Polynormer to global attention phase.
Epoch: 100, Loss: 1.2085, Train: 33.33%, Valid: 20.60%, Test: 20.30%, Best Valid: 63.60%, Best Test: 66.90%
Epoch: 200, Loss: 0.0000, Train: 100.00%, Valid: 58.00%, Test: 60.60%, Best Valid: 63.60%, Best Test: 66.90%
Epoch: 300, Loss: 0.0000, Train: 100.00%, Valid: 59.60%, Test: 61.80%, Best Valid: 63.60%, Best Test: 66.90%
Epoch: 400, Loss: 0.0000, Train: 100.00%, Valid: 58.00%, Test: 61.10%, Best Valid: 63.60%, Best Test: 66.90%
Epoch: 500, Loss: 0.0000, Train: 100.00%, Valid: 58.80%, Test: 61.70%, Best Valid: 63.60%, Best Test: 66.90%
Epoch: 600, Loss: 0.0022, Train: 100.00%, Valid: 50.40%, Test: 53.20%, Best Valid: 63.60%, Best Test: 66.90%
Epoch: 700, Loss: 0.0000, Train: 100.00%, Valid: 53.60%, Test: 52.90%, Best Valid: 63.60%, Best Test: 66.90%
Epoch: 800, Loss: 0.0000, Train: 100.00%, Valid: 53.00%, Test: 53.80%, Best Valid: 63.60%, Best Test: 66.90%
Epoch: 900, Loss: 0.0000, Train: 100.00%, Valid: 52.20%, Test: 54.20%, Best Valid: 63.60%, Best Test: 66.90%
Epoch: 1000, Loss: 0.0000, Train: 100.00%, Valid: 51.80%, Test: 51.60%, Best Valid: 63.60%, Best Test: 66.90%
Run 09:
Highest Train: 100.00
Highest Valid: 63.60
Highest Test: 67.30
Chosen epoch: 74
Final Train: 100.00
Final Test: 66.90
train:torch.Size([6]), valid:torch.Size([500]), test:torch.Size([1000])
Counting co-occurrence on train-train edges (leakage-free estimator)...
Count penalty frozen (0 train-train edges).
Epoch: 00, Loss: 1.1071, Train: 50.00%, Valid: 28.00%, Test: 25.70%, Best Valid: 28.00%, Best Test: 25.70%
Switching Polynormer to global attention phase.
Epoch: 100, Loss: 1.2085, Train: 33.33%, Valid: 36.00%, Test: 41.10%, Best Valid: 66.60%, Best Test: 62.30%
Epoch: 200, Loss: 0.0001, Train: 100.00%, Valid: 55.80%, Test: 55.00%, Best Valid: 66.80%, Best Test: 64.10%
Epoch: 300, Loss: 0.0000, Train: 100.00%, Valid: 59.40%, Test: 57.80%, Best Valid: 66.80%, Best Test: 64.10%
Epoch: 400, Loss: 0.0000, Train: 100.00%, Valid: 62.60%, Test: 59.20%, Best Valid: 66.80%, Best Test: 64.10%
Epoch: 500, Loss: 0.0000, Train: 100.00%, Valid: 64.20%, Test: 62.00%, Best Valid: 66.80%, Best Test: 64.10%
Epoch: 600, Loss: 0.0000, Train: 100.00%, Valid: 63.80%, Test: 61.20%, Best Valid: 66.80%, Best Test: 64.10%
Epoch: 700, Loss: 0.0000, Train: 100.00%, Valid: 63.60%, Test: 60.30%, Best Valid: 66.80%, Best Test: 64.10%
Epoch: 800, Loss: 0.0000, Train: 100.00%, Valid: 63.20%, Test: 60.10%, Best Valid: 66.80%, Best Test: 64.10%
Epoch: 900, Loss: 0.0000, Train: 100.00%, Valid: 62.80%, Test: 59.50%, Best Valid: 66.80%, Best Test: 64.10%
Epoch: 1000, Loss: 0.0001, Train: 100.00%, Valid: 59.60%, Test: 58.60%, Best Valid: 66.80%, Best Test: 64.10%
Run 10:
Highest Train: 100.00
Highest Valid: 66.80
Highest Test: 64.10
Chosen epoch: 113
Final Train: 100.00
Final Test: 64.10
All runs:
Highest Train: 100.00 ± 0.00
Highest Test: 62.60 ± 5.67
Highest Valid: 63.02 ± 4.69
  Final Train: 100.00 ± 0.00
   Final Test: 61.17 ± 6.08
Saving results to ../results/lowlabel/pubmed/polynormer.csv
--- count_reg | lambda=0.2 ---
Namespace(aggregate='add', alpha=0.5, attention='gcn', beta=-1.0, bn=False, budget_tag='2', count_reg=True, count_smoothing=1.0, cpu=False, data_dir='../data/', dataset='pubmed', device=0, dim_inner=64, display_step=100, dropout=0.5, epochs=500, global_dropout=None, global_epochs=1000, global_layers=1, gnn='gcn', graph_weight=0.8, hidden_channels=64, hops=10, in_dropout=0.2, jk=False, label_num_per_class=2, lambda_val=0.2, layers=1, ln=False, local_epochs=100, local_gnn_type='GCN', local_layers=3, lr=0.001, metric='acc', mlp_epochs=500, mlp_reg=False, model='polynormer', model_dir='models/lowlabel_1171808_126', n_heads=8, num_centroids=4096, num_heads=8, oracle_reg=False, paired_seeds=True, pe_types='RWSE', penalty_transform='none', pre_linear=False, pre_ln=False, rand_split=False, rand_split_class=True, reg_start_epoch=10, reg_update_freq=5, res=False, resample_split_per_run=True, result_dir='../results/lowlabel', runs=10, save_model=True, save_result=False, seed=123, test_num=1000, tr_dropout=None, tr_layers=1, tr_weight_decay=None, train_per_class=0, train_prop=0.5, use_act=False, use_bn=False, use_graph=False, use_reg=True, use_residual=False, use_weight=False, valid_num=500, valid_per_class=0, valid_prop=0.25, weight_decay=0.0005)
pubmed
Num nodes: 19717
train:torch.Size([6]), valid:torch.Size([500]), test:torch.Size([1000])
dataset pubmed | num nodes 19717 | num edge 88648 | num node feats 500 | num classes 3
MODEL: Polynormer(
  (h_lins): ModuleList(
    (0): Linear(in_features=512, out_features=512, bias=True)
    (1): Linear(in_features=512, out_features=512, bias=True)
    (2): Linear(in_features=512, out_features=512, bias=True)
  )
  (local_convs): ModuleList(
    (0): GATConv(512, 64, heads=8)
    (1): GATConv(512, 64, heads=8)
    (2): GATConv(512, 64, heads=8)
  )
  (lins): ModuleList(
    (0): Linear(in_features=512, out_features=512, bias=True)
    (1): Linear(in_features=512, out_features=512, bias=True)
    (2): Linear(in_features=512, out_features=512, bias=True)
  )
  (lns): ModuleList(
    (0): LayerNorm((512,), eps=1e-05, elementwise_affine=True)
    (1): LayerNorm((512,), eps=1e-05, elementwise_affine=True)
    (2): LayerNorm((512,), eps=1e-05, elementwise_affine=True)
  )
  (lin_in): Linear(in_features=500, out_features=512, bias=True)
  (ln): LayerNorm((512,), eps=1e-05, elementwise_affine=True)
  (global_attn): GlobalAttn(
    (h_lins): ModuleList(
      (0): Linear(in_features=512, out_features=512, bias=True)
    )
    (k_lins): ModuleList(
      (0): Linear(in_features=512, out_features=512, bias=True)
    )
    (v_lins): ModuleList(
      (0): Linear(in_features=512, out_features=512, bias=True)
    )
    (lns): ModuleList(
      (0): LayerNorm((512,), eps=1e-05, elementwise_affine=True)
    )
    (lin_out): Linear(in_features=512, out_features=512, bias=True)
  )
  (pred_local): Linear(in_features=512, out_features=3, bias=True)
  (pred_global): Linear(in_features=512, out_features=3, bias=True)
)
train:torch.Size([6]), valid:torch.Size([500]), test:torch.Size([1000])
Counting co-occurrence on train-train edges (leakage-free estimator)...
Count penalty frozen (0 train-train edges).
Epoch: 00, Loss: 0.9305, Train: 33.33%, Valid: 38.80%, Test: 40.10%, Best Valid: 38.80%, Best Test: 40.10%
Switching Polynormer to global attention phase.
Epoch: 100, Loss: 1.5253, Train: 100.00%, Valid: 47.00%, Test: 51.40%, Best Valid: 66.80%, Best Test: 65.40%
Epoch: 200, Loss: 0.0000, Train: 100.00%, Valid: 62.20%, Test: 63.00%, Best Valid: 66.80%, Best Test: 65.40%
Epoch: 300, Loss: 0.0000, Train: 100.00%, Valid: 63.00%, Test: 63.10%, Best Valid: 66.80%, Best Test: 65.40%
Epoch: 400, Loss: 0.0001, Train: 100.00%, Valid: 64.40%, Test: 63.70%, Best Valid: 66.80%, Best Test: 65.40%
Epoch: 500, Loss: 0.0001, Train: 100.00%, Valid: 65.40%, Test: 65.40%, Best Valid: 66.80%, Best Test: 65.40%
Epoch: 600, Loss: 0.0002, Train: 100.00%, Valid: 63.80%, Test: 63.90%, Best Valid: 66.80%, Best Test: 65.40%
Epoch: 700, Loss: 0.0000, Train: 100.00%, Valid: 62.40%, Test: 62.70%, Best Valid: 66.80%, Best Test: 65.40%
Epoch: 800, Loss: 0.0001, Train: 100.00%, Valid: 57.00%, Test: 60.70%, Best Valid: 66.80%, Best Test: 65.40%
Epoch: 900, Loss: 0.0000, Train: 100.00%, Valid: 55.80%, Test: 51.80%, Best Valid: 66.80%, Best Test: 65.40%
Epoch: 1000, Loss: 0.0000, Train: 100.00%, Valid: 58.00%, Test: 58.70%, Best Valid: 66.80%, Best Test: 65.40%
Run 01:
Highest Train: 100.00
Highest Valid: 66.80
Highest Test: 66.20
Chosen epoch: 77
Final Train: 100.00
Final Test: 65.40
train:torch.Size([6]), valid:torch.Size([500]), test:torch.Size([1000])
Counting co-occurrence on train-train edges (leakage-free estimator)...
Count penalty frozen (0 train-train edges).
Epoch: 00, Loss: 1.4666, Train: 33.33%, Valid: 42.60%, Test: 40.10%, Best Valid: 42.60%, Best Test: 40.10%
Switching Polynormer to global attention phase.
Epoch: 100, Loss: 1.3363, Train: 33.33%, Valid: 37.00%, Test: 40.00%, Best Valid: 50.60%, Best Test: 47.00%
Epoch: 200, Loss: 0.0000, Train: 100.00%, Valid: 42.80%, Test: 43.50%, Best Valid: 50.60%, Best Test: 47.00%
Epoch: 300, Loss: 0.0004, Train: 100.00%, Valid: 50.40%, Test: 48.50%, Best Valid: 50.60%, Best Test: 47.00%
Epoch: 400, Loss: 0.0000, Train: 100.00%, Valid: 51.00%, Test: 48.40%, Best Valid: 51.80%, Best Test: 48.70%
Epoch: 500, Loss: 0.0000, Train: 100.00%, Valid: 47.80%, Test: 46.20%, Best Valid: 51.80%, Best Test: 48.70%
Epoch: 600, Loss: 0.0000, Train: 100.00%, Valid: 48.60%, Test: 46.10%, Best Valid: 51.80%, Best Test: 48.70%
Epoch: 700, Loss: 0.0000, Train: 100.00%, Valid: 49.00%, Test: 43.70%, Best Valid: 51.80%, Best Test: 48.70%
Epoch: 800, Loss: 0.0003, Train: 100.00%, Valid: 48.80%, Test: 44.80%, Best Valid: 51.80%, Best Test: 48.70%
Epoch: 900, Loss: 0.0000, Train: 100.00%, Valid: 47.60%, Test: 46.30%, Best Valid: 51.80%, Best Test: 48.70%
Epoch: 1000, Loss: 0.0000, Train: 100.00%, Valid: 48.60%, Test: 46.40%, Best Valid: 51.80%, Best Test: 48.70%
Run 02:
Highest Train: 100.00
Highest Valid: 51.80
Highest Test: 49.00
Chosen epoch: 345
Final Train: 100.00
Final Test: 48.70
train:torch.Size([6]), valid:torch.Size([500]), test:torch.Size([1000])
Counting co-occurrence on train-train edges (leakage-free estimator)...
Count penalty frozen (0 train-train edges).
Epoch: 00, Loss: 1.5648, Train: 33.33%, Valid: 39.60%, Test: 41.90%, Best Valid: 39.60%, Best Test: 41.90%
Switching Polynormer to global attention phase.
Epoch: 100, Loss: 1.3209, Train: 33.33%, Valid: 39.60%, Test: 41.90%, Best Valid: 58.40%, Best Test: 56.80%
Epoch: 200, Loss: 2.1222, Train: 100.00%, Valid: 45.20%, Test: 43.90%, Best Valid: 59.20%, Best Test: 57.50%
Epoch: 300, Loss: 0.0000, Train: 100.00%, Valid: 50.00%, Test: 50.60%, Best Valid: 59.20%, Best Test: 57.50%
Epoch: 400, Loss: 0.0000, Train: 100.00%, Valid: 50.60%, Test: 50.80%, Best Valid: 59.20%, Best Test: 57.50%
Epoch: 500, Loss: 0.0000, Train: 100.00%, Valid: 51.00%, Test: 50.50%, Best Valid: 59.20%, Best Test: 57.50%
Epoch: 600, Loss: 0.0000, Train: 100.00%, Valid: 51.00%, Test: 50.70%, Best Valid: 59.20%, Best Test: 57.50%
Epoch: 700, Loss: 0.0000, Train: 100.00%, Valid: 50.20%, Test: 50.50%, Best Valid: 59.20%, Best Test: 57.50%
Epoch: 800, Loss: 0.0000, Train: 100.00%, Valid: 49.60%, Test: 50.00%, Best Valid: 59.20%, Best Test: 57.50%
Epoch: 900, Loss: 0.0000, Train: 100.00%, Valid: 50.00%, Test: 49.80%, Best Valid: 59.20%, Best Test: 57.50%
Epoch: 1000, Loss: 0.0000, Train: 100.00%, Valid: 49.40%, Test: 48.90%, Best Valid: 59.20%, Best Test: 57.50%
Run 03:
Highest Train: 100.00
Highest Valid: 59.20
Highest Test: 58.70
Chosen epoch: 133
Final Train: 100.00
Final Test: 57.50
train:torch.Size([6]), valid:torch.Size([500]), test:torch.Size([1000])
Counting co-occurrence on train-train edges (leakage-free estimator)...
Count penalty frozen (0 train-train edges).
Epoch: 00, Loss: 1.5524, Train: 33.33%, Valid: 42.40%, Test: 38.60%, Best Valid: 42.40%, Best Test: 38.60%
Switching Polynormer to global attention phase.
Epoch: 100, Loss: 1.3268, Train: 33.33%, Valid: 40.40%, Test: 40.40%, Best Valid: 52.00%, Best Test: 52.40%
Epoch: 200, Loss: 0.0000, Train: 100.00%, Valid: 51.00%, Test: 55.50%, Best Valid: 52.60%, Best Test: 55.80%
Epoch: 300, Loss: 0.0000, Train: 100.00%, Valid: 51.00%, Test: 55.10%, Best Valid: 52.60%, Best Test: 55.80%
Epoch: 400, Loss: 0.0002, Train: 100.00%, Valid: 52.80%, Test: 55.60%, Best Valid: 52.80%, Best Test: 55.60%
Epoch: 500, Loss: 0.0026, Train: 100.00%, Valid: 46.60%, Test: 48.40%, Best Valid: 53.20%, Best Test: 55.50%
Epoch: 600, Loss: 0.0000, Train: 100.00%, Valid: 48.00%, Test: 49.90%, Best Valid: 53.20%, Best Test: 55.50%
Epoch: 700, Loss: 0.0000, Train: 100.00%, Valid: 48.40%, Test: 49.80%, Best Valid: 53.20%, Best Test: 55.50%
Epoch: 800, Loss: 0.0000, Train: 100.00%, Valid: 48.40%, Test: 50.70%, Best Valid: 53.20%, Best Test: 55.50%
Epoch: 900, Loss: 0.0000, Train: 100.00%, Valid: 49.00%, Test: 51.30%, Best Valid: 53.20%, Best Test: 55.50%
Epoch: 1000, Loss: 0.0000, Train: 100.00%, Valid: 48.00%, Test: 51.50%, Best Valid: 53.20%, Best Test: 55.50%
Run 04:
Highest Train: 100.00
Highest Valid: 53.20
Highest Test: 56.60
Chosen epoch: 402
Final Train: 100.00
Final Test: 55.50
train:torch.Size([6]), valid:torch.Size([500]), test:torch.Size([1000])
Counting co-occurrence on train-train edges (leakage-free estimator)...
Count penalty frozen (0 train-train edges).
Epoch: 00, Loss: 1.3189, Train: 66.67%, Valid: 29.40%, Test: 26.50%, Best Valid: 29.40%, Best Test: 26.50%
Switching Polynormer to global attention phase.
Epoch: 100, Loss: 1.3152, Train: 83.33%, Valid: 39.80%, Test: 41.10%, Best Valid: 65.60%, Best Test: 62.10%
Epoch: 200, Loss: 0.0008, Train: 100.00%, Valid: 58.60%, Test: 56.20%, Best Valid: 65.60%, Best Test: 62.10%
Epoch: 300, Loss: 0.0002, Train: 100.00%, Valid: 61.60%, Test: 65.30%, Best Valid: 65.60%, Best Test: 62.10%
Epoch: 400, Loss: 0.0000, Train: 100.00%, Valid: 61.20%, Test: 64.90%, Best Valid: 65.60%, Best Test: 62.10%
Epoch: 500, Loss: 0.0000, Train: 100.00%, Valid: 60.40%, Test: 63.00%, Best Valid: 65.60%, Best Test: 62.10%
Epoch: 600, Loss: 0.0001, Train: 100.00%, Valid: 60.20%, Test: 60.80%, Best Valid: 65.60%, Best Test: 62.10%
Epoch: 700, Loss: 0.0000, Train: 100.00%, Valid: 55.40%, Test: 56.20%, Best Valid: 65.60%, Best Test: 62.10%
Epoch: 800, Loss: 0.0053, Train: 100.00%, Valid: 39.40%, Test: 42.30%, Best Valid: 65.60%, Best Test: 62.10%
Epoch: 900, Loss: 0.0000, Train: 100.00%, Valid: 51.20%, Test: 49.30%, Best Valid: 65.60%, Best Test: 62.10%
Epoch: 1000, Loss: 0.0005, Train: 100.00%, Valid: 55.20%, Test: 52.60%, Best Valid: 65.60%, Best Test: 62.10%
Run 05:
Highest Train: 100.00
Highest Valid: 65.60
Highest Test: 67.10
Chosen epoch: 23
Final Train: 100.00
Final Test: 62.10
train:torch.Size([6]), valid:torch.Size([500]), test:torch.Size([1000])
Counting co-occurrence on train-train edges (leakage-free estimator)...
Count penalty frozen (0 train-train edges).
Epoch: 00, Loss: 1.6254, Train: 33.33%, Valid: 37.80%, Test: 39.10%, Best Valid: 37.80%, Best Test: 39.10%
Switching Polynormer to global attention phase.
Epoch: 100, Loss: 1.3183, Train: 33.33%, Valid: 37.80%, Test: 38.90%, Best Valid: 68.60%, Best Test: 70.10%
Epoch: 200, Loss: 0.0000, Train: 100.00%, Valid: 67.00%, Test: 68.20%, Best Valid: 68.60%, Best Test: 70.10%
Epoch: 300, Loss: 0.0002, Train: 100.00%, Valid: 67.00%, Test: 69.00%, Best Valid: 68.60%, Best Test: 70.10%
Epoch: 400, Loss: 0.0002, Train: 100.00%, Valid: 65.80%, Test: 69.10%, Best Valid: 68.60%, Best Test: 70.10%
Epoch: 500, Loss: 0.0000, Train: 100.00%, Valid: 66.00%, Test: 68.80%, Best Valid: 68.60%, Best Test: 70.10%
Epoch: 600, Loss: 0.3806, Train: 100.00%, Valid: 56.20%, Test: 57.30%, Best Valid: 68.60%, Best Test: 70.10%
Epoch: 700, Loss: 0.0000, Train: 100.00%, Valid: 62.20%, Test: 63.60%, Best Valid: 68.60%, Best Test: 70.10%
Epoch: 800, Loss: 0.0000, Train: 100.00%, Valid: 64.60%, Test: 65.10%, Best Valid: 68.60%, Best Test: 70.10%
Epoch: 900, Loss: 0.0000, Train: 100.00%, Valid: 63.80%, Test: 64.10%, Best Valid: 68.60%, Best Test: 70.10%
Epoch: 1000, Loss: 0.0000, Train: 100.00%, Valid: 62.40%, Test: 63.20%, Best Valid: 68.60%, Best Test: 70.10%
Run 06:
Highest Train: 100.00
Highest Valid: 68.60
Highest Test: 70.70
Chosen epoch: 69
Final Train: 100.00
Final Test: 70.10
train:torch.Size([6]), valid:torch.Size([500]), test:torch.Size([1000])
Counting co-occurrence on train-train edges (leakage-free estimator)...
Count penalty frozen (0 train-train edges).
Epoch: 00, Loss: 1.3207, Train: 66.67%, Valid: 44.80%, Test: 40.80%, Best Valid: 44.80%, Best Test: 40.80%
Switching Polynormer to global attention phase.
Epoch: 100, Loss: 1.3179, Train: 33.33%, Valid: 22.60%, Test: 20.70%, Best Valid: 57.60%, Best Test: 55.90%
Epoch: 200, Loss: 0.0000, Train: 100.00%, Valid: 48.60%, Test: 50.40%, Best Valid: 57.60%, Best Test: 55.90%
Epoch: 300, Loss: 0.0001, Train: 100.00%, Valid: 51.00%, Test: 52.20%, Best Valid: 57.60%, Best Test: 55.90%
Epoch: 400, Loss: 0.0000, Train: 100.00%, Valid: 53.20%, Test: 53.20%, Best Valid: 57.60%, Best Test: 55.90%
Epoch: 500, Loss: 0.0005, Train: 100.00%, Valid: 53.80%, Test: 53.80%, Best Valid: 57.60%, Best Test: 55.90%
Epoch: 600, Loss: 0.0000, Train: 100.00%, Valid: 46.00%, Test: 45.30%, Best Valid: 57.60%, Best Test: 55.90%
Epoch: 700, Loss: 0.0000, Train: 100.00%, Valid: 45.40%, Test: 44.80%, Best Valid: 57.60%, Best Test: 55.90%
Epoch: 800, Loss: 0.0000, Train: 100.00%, Valid: 44.60%, Test: 44.20%, Best Valid: 57.60%, Best Test: 55.90%
Epoch: 900, Loss: 0.0000, Train: 100.00%, Valid: 44.20%, Test: 43.60%, Best Valid: 57.60%, Best Test: 55.90%
Epoch: 1000, Loss: 0.0000, Train: 100.00%, Valid: 43.80%, Test: 43.00%, Best Valid: 57.60%, Best Test: 55.90%
Run 07:
Highest Train: 100.00
Highest Valid: 57.60
Highest Test: 55.90
Chosen epoch: 44
Final Train: 100.00
Final Test: 55.90
train:torch.Size([6]), valid:torch.Size([500]), test:torch.Size([1000])
Counting co-occurrence on train-train edges (leakage-free estimator)...
Count penalty frozen (0 train-train edges).
Epoch: 00, Loss: 1.3892, Train: 33.33%, Valid: 40.40%, Test: 41.10%, Best Valid: 40.40%, Best Test: 41.10%
Switching Polynormer to global attention phase.
Epoch: 100, Loss: 1.3183, Train: 33.33%, Valid: 39.40%, Test: 40.30%, Best Valid: 66.60%, Best Test: 62.50%
Epoch: 200, Loss: 0.0000, Train: 100.00%, Valid: 62.60%, Test: 59.10%, Best Valid: 66.60%, Best Test: 62.50%
Epoch: 300, Loss: 0.0003, Train: 100.00%, Valid: 63.00%, Test: 60.10%, Best Valid: 66.60%, Best Test: 62.50%
Epoch: 400, Loss: 0.0001, Train: 100.00%, Valid: 59.20%, Test: 55.70%, Best Valid: 66.60%, Best Test: 62.50%
Epoch: 500, Loss: 0.0197, Train: 100.00%, Valid: 53.80%, Test: 51.90%, Best Valid: 68.00%, Best Test: 66.60%
Epoch: 600, Loss: 0.0000, Train: 100.00%, Valid: 59.00%, Test: 60.60%, Best Valid: 68.00%, Best Test: 66.60%
Epoch: 700, Loss: 0.0000, Train: 100.00%, Valid: 57.40%, Test: 59.00%, Best Valid: 68.00%, Best Test: 66.60%
Epoch: 800, Loss: 0.0045, Train: 66.67%, Valid: 54.00%, Test: 53.20%, Best Valid: 68.00%, Best Test: 66.60%
Epoch: 900, Loss: 0.0000, Train: 100.00%, Valid: 58.80%, Test: 54.70%, Best Valid: 68.00%, Best Test: 66.60%
Epoch: 1000, Loss: 0.0000, Train: 100.00%, Valid: 58.40%, Test: 56.10%, Best Valid: 68.00%, Best Test: 66.60%
Run 08:
Highest Train: 100.00
Highest Valid: 68.00
Highest Test: 67.30
Chosen epoch: 473
Final Train: 100.00
Final Test: 66.60
train:torch.Size([6]), valid:torch.Size([500]), test:torch.Size([1000])
Counting co-occurrence on train-train edges (leakage-free estimator)...
Count penalty frozen (0 train-train edges).
Epoch: 00, Loss: 1.6333, Train: 33.33%, Valid: 21.60%, Test: 21.80%, Best Valid: 21.60%, Best Test: 21.80%
Switching Polynormer to global attention phase.
Epoch: 100, Loss: 1.3183, Train: 33.33%, Valid: 20.60%, Test: 20.30%, Best Valid: 63.60%, Best Test: 66.90%
Epoch: 200, Loss: 0.0000, Train: 100.00%, Valid: 48.00%, Test: 49.70%, Best Valid: 63.60%, Best Test: 66.90%
Epoch: 300, Loss: 0.0000, Train: 100.00%, Valid: 47.20%, Test: 48.80%, Best Valid: 63.60%, Best Test: 66.90%
Epoch: 400, Loss: 0.0000, Train: 100.00%, Valid: 46.60%, Test: 47.70%, Best Valid: 63.60%, Best Test: 66.90%
Epoch: 500, Loss: 0.0001, Train: 100.00%, Valid: 61.00%, Test: 62.40%, Best Valid: 63.60%, Best Test: 66.90%
Epoch: 600, Loss: 0.0000, Train: 100.00%, Valid: 59.20%, Test: 63.90%, Best Valid: 63.60%, Best Test: 66.90%
Epoch: 700, Loss: 0.0000, Train: 100.00%, Valid: 59.40%, Test: 64.40%, Best Valid: 63.60%, Best Test: 66.90%
Epoch: 800, Loss: 0.0000, Train: 100.00%, Valid: 60.00%, Test: 65.10%, Best Valid: 63.60%, Best Test: 66.90%
Epoch: 900, Loss: 0.0000, Train: 100.00%, Valid: 60.60%, Test: 64.90%, Best Valid: 63.60%, Best Test: 66.90%
Epoch: 1000, Loss: 0.0001, Train: 100.00%, Valid: 60.60%, Test: 64.90%, Best Valid: 63.60%, Best Test: 66.90%
Run 09:
Highest Train: 100.00
Highest Valid: 63.60
Highest Test: 67.30
Chosen epoch: 74
Final Train: 100.00
Final Test: 66.90
train:torch.Size([6]), valid:torch.Size([500]), test:torch.Size([1000])
Counting co-occurrence on train-train edges (leakage-free estimator)...
Count penalty frozen (0 train-train edges).
Epoch: 00, Loss: 1.2078, Train: 50.00%, Valid: 28.00%, Test: 25.70%, Best Valid: 28.00%, Best Test: 25.70%
Switching Polynormer to global attention phase.
Epoch: 100, Loss: 1.3184, Train: 33.33%, Valid: 36.00%, Test: 41.10%, Best Valid: 66.60%, Best Test: 62.30%
Epoch: 200, Loss: 0.0001, Train: 100.00%, Valid: 56.40%, Test: 53.90%, Best Valid: 67.00%, Best Test: 62.30%
Epoch: 300, Loss: 0.0000, Train: 100.00%, Valid: 52.40%, Test: 50.00%, Best Valid: 67.00%, Best Test: 62.30%
Epoch: 400, Loss: 0.0000, Train: 100.00%, Valid: 52.80%, Test: 50.60%, Best Valid: 67.00%, Best Test: 62.30%
Epoch: 500, Loss: 0.0000, Train: 100.00%, Valid: 53.00%, Test: 50.80%, Best Valid: 67.00%, Best Test: 62.30%
Epoch: 600, Loss: 0.0000, Train: 100.00%, Valid: 53.20%, Test: 50.70%, Best Valid: 67.00%, Best Test: 62.30%
Epoch: 700, Loss: 0.0000, Train: 100.00%, Valid: 54.00%, Test: 52.50%, Best Valid: 67.00%, Best Test: 62.30%
Epoch: 800, Loss: 0.0000, Train: 100.00%, Valid: 54.80%, Test: 53.40%, Best Valid: 67.00%, Best Test: 62.30%
Epoch: 900, Loss: 0.0007, Train: 100.00%, Valid: 54.20%, Test: 52.70%, Best Valid: 67.00%, Best Test: 62.30%
Epoch: 1000, Loss: 0.0000, Train: 100.00%, Valid: 53.80%, Test: 52.80%, Best Valid: 67.00%, Best Test: 62.30%
Run 10:
Highest Train: 100.00
Highest Valid: 67.00
Highest Test: 64.10
Chosen epoch: 176
Final Train: 100.00
Final Test: 62.30
All runs:
Highest Train: 100.00 ± 0.00
Highest Test: 62.29 ± 6.87
Highest Valid: 62.14 ± 6.25
  Final Train: 100.00 ± 0.00
   Final Test: 61.10 ± 6.59
Saving results to ../results/lowlabel/pubmed/polynormer.csv
--- count_reg | lambda=0.4 ---
Namespace(aggregate='add', alpha=0.5, attention='gcn', beta=-1.0, bn=False, budget_tag='2', count_reg=True, count_smoothing=1.0, cpu=False, data_dir='../data/', dataset='pubmed', device=0, dim_inner=64, display_step=100, dropout=0.5, epochs=500, global_dropout=None, global_epochs=1000, global_layers=1, gnn='gcn', graph_weight=0.8, hidden_channels=64, hops=10, in_dropout=0.2, jk=False, label_num_per_class=2, lambda_val=0.4, layers=1, ln=False, local_epochs=100, local_gnn_type='GCN', local_layers=3, lr=0.001, metric='acc', mlp_epochs=500, mlp_reg=False, model='polynormer', model_dir='models/lowlabel_1171808_126', n_heads=8, num_centroids=4096, num_heads=8, oracle_reg=False, paired_seeds=True, pe_types='RWSE', penalty_transform='none', pre_linear=False, pre_ln=False, rand_split=False, rand_split_class=True, reg_start_epoch=10, reg_update_freq=5, res=False, resample_split_per_run=True, result_dir='../results/lowlabel', runs=10, save_model=True, save_result=False, seed=123, test_num=1000, tr_dropout=None, tr_layers=1, tr_weight_decay=None, train_per_class=0, train_prop=0.5, use_act=False, use_bn=False, use_graph=False, use_reg=True, use_residual=False, use_weight=False, valid_num=500, valid_per_class=0, valid_prop=0.25, weight_decay=0.0005)
pubmed
Num nodes: 19717
train:torch.Size([6]), valid:torch.Size([500]), test:torch.Size([1000])
dataset pubmed | num nodes 19717 | num edge 88648 | num node feats 500 | num classes 3
MODEL: Polynormer(
  (h_lins): ModuleList(
    (0): Linear(in_features=512, out_features=512, bias=True)
    (1): Linear(in_features=512, out_features=512, bias=True)
    (2): Linear(in_features=512, out_features=512, bias=True)
  )
  (local_convs): ModuleList(
    (0): GATConv(512, 64, heads=8)
    (1): GATConv(512, 64, heads=8)
    (2): GATConv(512, 64, heads=8)
  )
  (lins): ModuleList(
    (0): Linear(in_features=512, out_features=512, bias=True)
    (1): Linear(in_features=512, out_features=512, bias=True)
    (2): Linear(in_features=512, out_features=512, bias=True)
  )
  (lns): ModuleList(
    (0): LayerNorm((512,), eps=1e-05, elementwise_affine=True)
    (1): LayerNorm((512,), eps=1e-05, elementwise_affine=True)
    (2): LayerNorm((512,), eps=1e-05, elementwise_affine=True)
  )
  (lin_in): Linear(in_features=500, out_features=512, bias=True)
  (ln): LayerNorm((512,), eps=1e-05, elementwise_affine=True)
  (global_attn): GlobalAttn(
    (h_lins): ModuleList(
      (0): Linear(in_features=512, out_features=512, bias=True)
    )
    (k_lins): ModuleList(
      (0): Linear(in_features=512, out_features=512, bias=True)
    )
    (v_lins): ModuleList(
      (0): Linear(in_features=512, out_features=512, bias=True)
    )
    (lns): ModuleList(
      (0): LayerNorm((512,), eps=1e-05, elementwise_affine=True)
    )
    (lin_out): Linear(in_features=512, out_features=512, bias=True)
  )
  (pred_local): Linear(in_features=512, out_features=3, bias=True)
  (pred_global): Linear(in_features=512, out_features=3, bias=True)
)
train:torch.Size([6]), valid:torch.Size([500]), test:torch.Size([1000])
Counting co-occurrence on train-train edges (leakage-free estimator)...
Count penalty frozen (0 train-train edges).
Epoch: 00, Loss: 1.0855, Train: 33.33%, Valid: 38.80%, Test: 40.10%, Best Valid: 38.80%, Best Test: 40.10%
Switching Polynormer to global attention phase.
Epoch: 100, Loss: 1.7726, Train: 100.00%, Valid: 43.40%, Test: 45.40%, Best Valid: 66.80%, Best Test: 65.80%
Epoch: 200, Loss: 0.0000, Train: 100.00%, Valid: 57.80%, Test: 59.30%, Best Valid: 67.60%, Best Test: 66.60%
Epoch: 300, Loss: 0.0000, Train: 100.00%, Valid: 59.00%, Test: 60.60%, Best Valid: 67.60%, Best Test: 66.60%
Epoch: 400, Loss: 0.0001, Train: 100.00%, Valid: 61.40%, Test: 60.70%, Best Valid: 67.60%, Best Test: 66.60%
Epoch: 500, Loss: 0.0001, Train: 100.00%, Valid: 62.80%, Test: 62.60%, Best Valid: 67.60%, Best Test: 66.60%
Epoch: 600, Loss: 0.0002, Train: 100.00%, Valid: 60.80%, Test: 61.40%, Best Valid: 67.60%, Best Test: 66.60%
Epoch: 700, Loss: 0.0002, Train: 100.00%, Valid: 60.40%, Test: 61.70%, Best Valid: 67.60%, Best Test: 66.60%
Epoch: 800, Loss: 0.0001, Train: 100.00%, Valid: 57.20%, Test: 60.20%, Best Valid: 67.60%, Best Test: 66.60%
Epoch: 900, Loss: 4.0748, Train: 100.00%, Valid: 42.40%, Test: 41.30%, Best Valid: 67.60%, Best Test: 66.60%
Epoch: 1000, Loss: 0.0000, Train: 100.00%, Valid: 42.80%, Test: 43.80%, Best Valid: 67.60%, Best Test: 66.60%
Run 01:
Highest Train: 100.00
Highest Valid: 67.60
Highest Test: 66.60
Chosen epoch: 103
Final Train: 100.00
Final Test: 66.60
train:torch.Size([6]), valid:torch.Size([500]), test:torch.Size([1000])
Counting co-occurrence on train-train edges (leakage-free estimator)...
Count penalty frozen (0 train-train edges).
Epoch: 00, Loss: 1.7110, Train: 33.33%, Valid: 42.60%, Test: 40.10%, Best Valid: 42.60%, Best Test: 40.10%
Switching Polynormer to global attention phase.
Epoch: 100, Loss: 1.5590, Train: 33.33%, Valid: 37.00%, Test: 40.00%, Best Valid: 50.60%, Best Test: 47.00%
Epoch: 200, Loss: 0.0000, Train: 100.00%, Valid: 42.80%, Test: 43.40%, Best Valid: 50.60%, Best Test: 47.00%
Epoch: 300, Loss: 0.0005, Train: 100.00%, Valid: 50.20%, Test: 48.20%, Best Valid: 50.60%, Best Test: 47.00%
Epoch: 400, Loss: 0.0000, Train: 100.00%, Valid: 51.00%, Test: 48.30%, Best Valid: 52.00%, Best Test: 48.60%
Epoch: 500, Loss: 0.0000, Train: 100.00%, Valid: 47.80%, Test: 46.10%, Best Valid: 52.00%, Best Test: 48.60%
Epoch: 600, Loss: 0.0000, Train: 100.00%, Valid: 48.40%, Test: 46.40%, Best Valid: 52.00%, Best Test: 48.60%
Epoch: 700, Loss: 0.0000, Train: 100.00%, Valid: 48.40%, Test: 43.30%, Best Valid: 52.00%, Best Test: 48.60%
Epoch: 800, Loss: 0.0004, Train: 100.00%, Valid: 49.00%, Test: 44.60%, Best Valid: 52.00%, Best Test: 48.60%
Epoch: 900, Loss: 0.0000, Train: 100.00%, Valid: 48.00%, Test: 46.20%, Best Valid: 52.00%, Best Test: 48.60%
Epoch: 1000, Loss: 0.0000, Train: 100.00%, Valid: 49.00%, Test: 46.30%, Best Valid: 52.00%, Best Test: 48.60%
Run 02:
Highest Train: 100.00
Highest Valid: 52.00
Highest Test: 49.10
Chosen epoch: 394
Final Train: 100.00
Final Test: 48.60
train:torch.Size([6]), valid:torch.Size([500]), test:torch.Size([1000])
Counting co-occurrence on train-train edges (leakage-free estimator)...
Count penalty frozen (0 train-train edges).
Epoch: 00, Loss: 1.8256, Train: 33.33%, Valid: 39.60%, Test: 41.90%, Best Valid: 39.60%, Best Test: 41.90%
Switching Polynormer to global attention phase.
Epoch: 100, Loss: 1.5407, Train: 33.33%, Valid: 39.60%, Test: 41.90%, Best Valid: 58.80%, Best Test: 56.20%
Epoch: 200, Loss: 0.0000, Train: 100.00%, Valid: 52.00%, Test: 51.10%, Best Valid: 60.80%, Best Test: 59.60%
Epoch: 300, Loss: 0.0000, Train: 100.00%, Valid: 46.20%, Test: 48.50%, Best Valid: 60.80%, Best Test: 59.60%
Epoch: 400, Loss: 0.0000, Train: 100.00%, Valid: 45.80%, Test: 47.90%, Best Valid: 60.80%, Best Test: 59.60%
Epoch: 500, Loss: 0.0000, Train: 100.00%, Valid: 45.80%, Test: 47.40%, Best Valid: 60.80%, Best Test: 59.60%
Epoch: 600, Loss: 0.0002, Train: 100.00%, Valid: 45.20%, Test: 46.80%, Best Valid: 60.80%, Best Test: 59.60%
Epoch: 700, Loss: 0.0000, Train: 100.00%, Valid: 44.60%, Test: 46.10%, Best Valid: 60.80%, Best Test: 59.60%
Epoch: 800, Loss: 0.0001, Train: 100.00%, Valid: 44.80%, Test: 46.50%, Best Valid: 60.80%, Best Test: 59.60%
Epoch: 900, Loss: 0.0001, Train: 100.00%, Valid: 48.80%, Test: 50.90%, Best Valid: 60.80%, Best Test: 59.60%
Epoch: 1000, Loss: 0.0005, Train: 100.00%, Valid: 58.00%, Test: 58.50%, Best Valid: 60.80%, Best Test: 59.60%
Run 03:
Highest Train: 100.00
Highest Valid: 60.80
Highest Test: 60.40
Chosen epoch: 187
Final Train: 100.00
Final Test: 59.60
train:torch.Size([6]), valid:torch.Size([500]), test:torch.Size([1000])
Counting co-occurrence on train-train edges (leakage-free estimator)...
Count penalty frozen (0 train-train edges).
Epoch: 00, Loss: 1.8111, Train: 33.33%, Valid: 42.40%, Test: 38.60%, Best Valid: 42.40%, Best Test: 38.60%
Switching Polynormer to global attention phase.
Epoch: 100, Loss: 1.5479, Train: 33.33%, Valid: 40.40%, Test: 40.40%, Best Valid: 52.00%, Best Test: 52.40%
Epoch: 200, Loss: 0.0000, Train: 100.00%, Valid: 51.00%, Test: 55.40%, Best Valid: 52.60%, Best Test: 55.80%
Epoch: 300, Loss: 0.0000, Train: 100.00%, Valid: 51.00%, Test: 55.10%, Best Valid: 52.60%, Best Test: 55.80%
Epoch: 400, Loss: 0.0003, Train: 100.00%, Valid: 53.00%, Test: 55.60%, Best Valid: 53.00%, Best Test: 55.60%
Epoch: 500, Loss: 0.0000, Train: 100.00%, Valid: 46.40%, Test: 47.40%, Best Valid: 54.20%, Best Test: 53.30%
Epoch: 600, Loss: 0.0000, Train: 100.00%, Valid: 51.60%, Test: 54.80%, Best Valid: 56.00%, Best Test: 59.20%
Epoch: 700, Loss: 0.0000, Train: 100.00%, Valid: 50.40%, Test: 54.40%, Best Valid: 56.00%, Best Test: 59.20%
Epoch: 800, Loss: 0.0000, Train: 100.00%, Valid: 50.80%, Test: 50.40%, Best Valid: 56.00%, Best Test: 59.20%
Epoch: 900, Loss: 0.0000, Train: 100.00%, Valid: 52.40%, Test: 52.50%, Best Valid: 56.00%, Best Test: 59.20%
Epoch: 1000, Loss: 0.0000, Train: 100.00%, Valid: 52.60%, Test: 53.60%, Best Valid: 56.00%, Best Test: 59.20%
Run 04:
Highest Train: 100.00
Highest Valid: 56.00
Highest Test: 59.20
Chosen epoch: 524
Final Train: 100.00
Final Test: 59.20
train:torch.Size([6]), valid:torch.Size([500]), test:torch.Size([1000])
Counting co-occurrence on train-train edges (leakage-free estimator)...
Count penalty frozen (0 train-train edges).
Epoch: 00, Loss: 1.5388, Train: 66.67%, Valid: 29.40%, Test: 26.50%, Best Valid: 29.40%, Best Test: 26.50%
Switching Polynormer to global attention phase.
Epoch: 100, Loss: 1.5344, Train: 83.33%, Valid: 39.80%, Test: 41.10%, Best Valid: 65.60%, Best Test: 62.10%
Epoch: 200, Loss: 0.0009, Train: 100.00%, Valid: 58.60%, Test: 56.30%, Best Valid: 65.60%, Best Test: 62.10%
Epoch: 300, Loss: 0.0002, Train: 100.00%, Valid: 59.40%, Test: 62.60%, Best Valid: 65.60%, Best Test: 62.10%
Epoch: 400, Loss: 0.0000, Train: 100.00%, Valid: 59.80%, Test: 60.80%, Best Valid: 65.60%, Best Test: 62.10%
Epoch: 500, Loss: 0.0000, Train: 100.00%, Valid: 58.40%, Test: 58.20%, Best Valid: 65.60%, Best Test: 62.10%
Epoch: 600, Loss: 0.0000, Train: 100.00%, Valid: 59.40%, Test: 58.70%, Best Valid: 65.60%, Best Test: 62.10%
Epoch: 700, Loss: 0.0000, Train: 100.00%, Valid: 56.60%, Test: 58.40%, Best Valid: 65.60%, Best Test: 62.10%
Epoch: 800, Loss: 0.0019, Train: 100.00%, Valid: 52.60%, Test: 52.90%, Best Valid: 65.60%, Best Test: 62.10%
Epoch: 900, Loss: 0.0000, Train: 100.00%, Valid: 52.60%, Test: 52.70%, Best Valid: 65.60%, Best Test: 62.10%
Epoch: 1000, Loss: 0.0000, Train: 100.00%, Valid: 61.80%, Test: 62.50%, Best Valid: 67.00%, Best Test: 64.20%
Run 05:
Highest Train: 100.00
Highest Valid: 67.00
Highest Test: 67.30
Chosen epoch: 983
Final Train: 100.00
Final Test: 64.20
train:torch.Size([6]), valid:torch.Size([500]), test:torch.Size([1000])
Counting co-occurrence on train-train edges (leakage-free estimator)...
Count penalty frozen (0 train-train edges).
Epoch: 00, Loss: 1.8963, Train: 33.33%, Valid: 37.80%, Test: 39.10%, Best Valid: 37.80%, Best Test: 39.10%
Switching Polynormer to global attention phase.
Epoch: 100, Loss: 1.5380, Train: 33.33%, Valid: 37.80%, Test: 38.90%, Best Valid: 68.60%, Best Test: 70.10%
Epoch: 200, Loss: 0.0000, Train: 100.00%, Valid: 66.00%, Test: 68.10%, Best Valid: 68.60%, Best Test: 70.10%
Epoch: 300, Loss: 0.0001, Train: 100.00%, Valid: 67.60%, Test: 69.50%, Best Valid: 68.60%, Best Test: 70.10%
Epoch: 400, Loss: 0.0002, Train: 100.00%, Valid: 66.00%, Test: 68.50%, Best Valid: 68.60%, Best Test: 70.10%
Epoch: 500, Loss: 0.0001, Train: 100.00%, Valid: 65.80%, Test: 63.60%, Best Valid: 68.60%, Best Test: 70.10%
Epoch: 600, Loss: 0.0000, Train: 100.00%, Valid: 65.00%, Test: 65.40%, Best Valid: 68.60%, Best Test: 70.10%
Epoch: 700, Loss: 0.0000, Train: 100.00%, Valid: 61.80%, Test: 62.00%, Best Valid: 68.60%, Best Test: 70.10%
Epoch: 800, Loss: 0.0000, Train: 100.00%, Valid: 57.80%, Test: 59.90%, Best Valid: 68.60%, Best Test: 70.10%
Epoch: 900, Loss: 0.0000, Train: 100.00%, Valid: 60.60%, Test: 60.60%, Best Valid: 68.60%, Best Test: 70.10%
Epoch: 1000, Loss: 0.0000, Train: 100.00%, Valid: 49.20%, Test: 52.30%, Best Valid: 68.60%, Best Test: 70.10%
Run 06:
Highest Train: 100.00
Highest Valid: 68.60
Highest Test: 70.70
Chosen epoch: 69
Final Train: 100.00
Final Test: 70.10
train:torch.Size([6]), valid:torch.Size([500]), test:torch.Size([1000])
Counting co-occurrence on train-train edges (leakage-free estimator)...
Count penalty frozen (0 train-train edges).
Epoch: 00, Loss: 1.5408, Train: 66.67%, Valid: 44.80%, Test: 40.80%, Best Valid: 44.80%, Best Test: 40.80%
Switching Polynormer to global attention phase.
Epoch: 100, Loss: 1.5376, Train: 33.33%, Valid: 22.60%, Test: 20.70%, Best Valid: 57.80%, Best Test: 55.90%
Epoch: 200, Loss: 0.0000, Train: 100.00%, Valid: 47.40%, Test: 50.90%, Best Valid: 57.80%, Best Test: 55.90%
Epoch: 300, Loss: 0.0000, Train: 100.00%, Valid: 50.60%, Test: 51.90%, Best Valid: 57.80%, Best Test: 55.90%
Epoch: 400, Loss: 0.0001, Train: 100.00%, Valid: 53.00%, Test: 52.10%, Best Valid: 57.80%, Best Test: 55.90%
Epoch: 500, Loss: 0.0002, Train: 100.00%, Valid: 51.60%, Test: 53.00%, Best Valid: 57.80%, Best Test: 55.90%
Epoch: 600, Loss: 0.0000, Train: 100.00%, Valid: 54.20%, Test: 53.50%, Best Valid: 57.80%, Best Test: 55.90%
Epoch: 700, Loss: 0.0000, Train: 100.00%, Valid: 41.00%, Test: 44.90%, Best Valid: 57.80%, Best Test: 55.90%
Epoch: 800, Loss: 0.0000, Train: 100.00%, Valid: 47.40%, Test: 48.70%, Best Valid: 57.80%, Best Test: 55.90%
Epoch: 900, Loss: 0.0001, Train: 100.00%, Valid: 48.20%, Test: 48.70%, Best Valid: 57.80%, Best Test: 55.90%
Epoch: 1000, Loss: 0.0000, Train: 100.00%, Valid: 51.00%, Test: 50.90%, Best Valid: 57.80%, Best Test: 55.90%
Run 07:
Highest Train: 100.00
Highest Valid: 57.80
Highest Test: 55.90
Chosen epoch: 44
Final Train: 100.00
Final Test: 55.90
train:torch.Size([6]), valid:torch.Size([500]), test:torch.Size([1000])
Counting co-occurrence on train-train edges (leakage-free estimator)...
Count penalty frozen (0 train-train edges).
Epoch: 00, Loss: 1.6207, Train: 33.33%, Valid: 40.40%, Test: 41.10%, Best Valid: 40.40%, Best Test: 41.10%
Switching Polynormer to global attention phase.
Epoch: 100, Loss: 1.5380, Train: 33.33%, Valid: 39.40%, Test: 40.30%, Best Valid: 67.00%, Best Test: 61.90%
Epoch: 200, Loss: 0.0000, Train: 100.00%, Valid: 57.00%, Test: 53.40%, Best Valid: 67.00%, Best Test: 61.90%
Epoch: 300, Loss: 3.4421, Train: 100.00%, Valid: 41.00%, Test: 42.50%, Best Valid: 67.00%, Best Test: 61.90%
Epoch: 400, Loss: 0.0000, Train: 100.00%, Valid: 62.60%, Test: 60.20%, Best Valid: 67.00%, Best Test: 61.90%
Epoch: 500, Loss: 0.0000, Train: 100.00%, Valid: 61.40%, Test: 55.90%, Best Valid: 67.00%, Best Test: 61.90%
Epoch: 600, Loss: 0.0000, Train: 100.00%, Valid: 56.60%, Test: 51.70%, Best Valid: 67.00%, Best Test: 61.90%
Epoch: 700, Loss: 0.0000, Train: 100.00%, Valid: 49.40%, Test: 44.70%, Best Valid: 67.00%, Best Test: 61.90%
Epoch: 800, Loss: 0.0000, Train: 100.00%, Valid: 48.60%, Test: 46.60%, Best Valid: 67.00%, Best Test: 61.90%
Epoch: 900, Loss: 0.0000, Train: 100.00%, Valid: 53.40%, Test: 53.10%, Best Valid: 67.00%, Best Test: 61.90%
Epoch: 1000, Loss: 0.0000, Train: 100.00%, Valid: 55.00%, Test: 53.60%, Best Valid: 67.00%, Best Test: 61.90%
Run 08:
Highest Train: 100.00
Highest Valid: 67.00
Highest Test: 63.80
Chosen epoch: 64
Final Train: 100.00
Final Test: 61.90
train:torch.Size([6]), valid:torch.Size([500]), test:torch.Size([1000])
Counting co-occurrence on train-train edges (leakage-free estimator)...
Count penalty frozen (0 train-train edges).
Epoch: 00, Loss: 1.9055, Train: 33.33%, Valid: 21.60%, Test: 21.80%, Best Valid: 21.60%, Best Test: 21.80%
Switching Polynormer to global attention phase.
Epoch: 100, Loss: 1.5381, Train: 33.33%, Valid: 20.60%, Test: 20.30%, Best Valid: 63.60%, Best Test: 66.80%
Epoch: 200, Loss: 0.0000, Train: 100.00%, Valid: 55.20%, Test: 53.90%, Best Valid: 63.60%, Best Test: 66.80%
Epoch: 300, Loss: 0.0000, Train: 100.00%, Valid: 55.80%, Test: 53.50%, Best Valid: 63.60%, Best Test: 66.80%
Epoch: 400, Loss: 0.0001, Train: 100.00%, Valid: 55.20%, Test: 55.90%, Best Valid: 63.60%, Best Test: 66.80%
Epoch: 500, Loss: 0.0005, Train: 100.00%, Valid: 56.80%, Test: 57.00%, Best Valid: 63.60%, Best Test: 66.80%
Epoch: 600, Loss: 0.0000, Train: 100.00%, Valid: 59.60%, Test: 61.90%, Best Valid: 63.60%, Best Test: 66.80%
Epoch: 700, Loss: 0.0000, Train: 100.00%, Valid: 58.40%, Test: 60.90%, Best Valid: 63.60%, Best Test: 66.80%
Epoch: 800, Loss: 0.0000, Train: 100.00%, Valid: 57.40%, Test: 60.20%, Best Valid: 63.60%, Best Test: 66.80%
Epoch: 900, Loss: 0.0001, Train: 100.00%, Valid: 57.60%, Test: 57.80%, Best Valid: 63.60%, Best Test: 66.80%
Epoch: 1000, Loss: 0.5358, Train: 100.00%, Valid: 24.40%, Test: 23.70%, Best Valid: 63.60%, Best Test: 66.80%
Run 09:
Highest Train: 100.00
Highest Valid: 63.60
Highest Test: 67.40
Chosen epoch: 74
Final Train: 100.00
Final Test: 66.80
train:torch.Size([6]), valid:torch.Size([500]), test:torch.Size([1000])
Counting co-occurrence on train-train edges (leakage-free estimator)...
Count penalty frozen (0 train-train edges).
Epoch: 00, Loss: 1.4091, Train: 50.00%, Valid: 28.00%, Test: 25.70%, Best Valid: 28.00%, Best Test: 25.70%
Switching Polynormer to global attention phase.
Epoch: 100, Loss: 1.5381, Train: 33.33%, Valid: 36.00%, Test: 41.10%, Best Valid: 66.60%, Best Test: 62.30%
Epoch: 200, Loss: 0.0020, Train: 100.00%, Valid: 35.40%, Test: 33.70%, Best Valid: 66.80%, Best Test: 64.10%
Epoch: 300, Loss: 0.0000, Train: 100.00%, Valid: 58.00%, Test: 56.70%, Best Valid: 66.80%, Best Test: 64.10%
Epoch: 400, Loss: 0.0000, Train: 100.00%, Valid: 58.40%, Test: 56.80%, Best Valid: 66.80%, Best Test: 64.10%
Epoch: 500, Loss: 0.0000, Train: 100.00%, Valid: 58.60%, Test: 56.80%, Best Valid: 66.80%, Best Test: 64.10%
Epoch: 600, Loss: 0.0000, Train: 100.00%, Valid: 58.40%, Test: 56.60%, Best Valid: 66.80%, Best Test: 64.10%
Epoch: 700, Loss: 0.0000, Train: 100.00%, Valid: 58.40%, Test: 56.70%, Best Valid: 66.80%, Best Test: 64.10%
Epoch: 800, Loss: 0.0000, Train: 100.00%, Valid: 58.60%, Test: 57.10%, Best Valid: 66.80%, Best Test: 64.10%
Epoch: 900, Loss: 0.0002, Train: 100.00%, Valid: 58.80%, Test: 58.20%, Best Valid: 66.80%, Best Test: 64.10%
Epoch: 1000, Loss: 0.0000, Train: 100.00%, Valid: 58.60%, Test: 58.40%, Best Valid: 66.80%, Best Test: 64.10%
Run 10:
Highest Train: 100.00
Highest Valid: 66.80
Highest Test: 64.10
Chosen epoch: 113
Final Train: 100.00
Final Test: 64.10
All runs:
Highest Train: 100.00 ± 0.00
Highest Test: 62.45 ± 6.44
Highest Valid: 62.72 ± 5.78
  Final Train: 100.00 ± 0.00
   Final Test: 61.70 ± 6.22
Saving results to ../results/lowlabel/pubmed/polynormer.csv
--- count_reg | lambda=0.8 ---
Namespace(aggregate='add', alpha=0.5, attention='gcn', beta=-1.0, bn=False, budget_tag='2', count_reg=True, count_smoothing=1.0, cpu=False, data_dir='../data/', dataset='pubmed', device=0, dim_inner=64, display_step=100, dropout=0.5, epochs=500, global_dropout=None, global_epochs=1000, global_layers=1, gnn='gcn', graph_weight=0.8, hidden_channels=64, hops=10, in_dropout=0.2, jk=False, label_num_per_class=2, lambda_val=0.8, layers=1, ln=False, local_epochs=100, local_gnn_type='GCN', local_layers=3, lr=0.001, metric='acc', mlp_epochs=500, mlp_reg=False, model='polynormer', model_dir='models/lowlabel_1171808_126', n_heads=8, num_centroids=4096, num_heads=8, oracle_reg=False, paired_seeds=True, pe_types='RWSE', penalty_transform='none', pre_linear=False, pre_ln=False, rand_split=False, rand_split_class=True, reg_start_epoch=10, reg_update_freq=5, res=False, resample_split_per_run=True, result_dir='../results/lowlabel', runs=10, save_model=True, save_result=False, seed=123, test_num=1000, tr_dropout=None, tr_layers=1, tr_weight_decay=None, train_per_class=0, train_prop=0.5, use_act=False, use_bn=False, use_graph=False, use_reg=True, use_residual=False, use_weight=False, valid_num=500, valid_per_class=0, valid_prop=0.25, weight_decay=0.0005)
pubmed
Num nodes: 19717
train:torch.Size([6]), valid:torch.Size([500]), test:torch.Size([1000])
dataset pubmed | num nodes 19717 | num edge 88648 | num node feats 500 | num classes 3
MODEL: Polynormer(
  (h_lins): ModuleList(
    (0): Linear(in_features=512, out_features=512, bias=True)
    (1): Linear(in_features=512, out_features=512, bias=True)
    (2): Linear(in_features=512, out_features=512, bias=True)
  )
  (local_convs): ModuleList(
    (0): GATConv(512, 64, heads=8)
    (1): GATConv(512, 64, heads=8)
    (2): GATConv(512, 64, heads=8)
  )
  (lins): ModuleList(
    (0): Linear(in_features=512, out_features=512, bias=True)
    (1): Linear(in_features=512, out_features=512, bias=True)
    (2): Linear(in_features=512, out_features=512, bias=True)
  )
  (lns): ModuleList(
    (0): LayerNorm((512,), eps=1e-05, elementwise_affine=True)
    (1): LayerNorm((512,), eps=1e-05, elementwise_affine=True)
    (2): LayerNorm((512,), eps=1e-05, elementwise_affine=True)
  )
  (lin_in): Linear(in_features=500, out_features=512, bias=True)
  (ln): LayerNorm((512,), eps=1e-05, elementwise_affine=True)
  (global_attn): GlobalAttn(
    (h_lins): ModuleList(
      (0): Linear(in_features=512, out_features=512, bias=True)
    )
    (k_lins): ModuleList(
      (0): Linear(in_features=512, out_features=512, bias=True)
    )
    (v_lins): ModuleList(
      (0): Linear(in_features=512, out_features=512, bias=True)
    )
    (lns): ModuleList(
      (0): LayerNorm((512,), eps=1e-05, elementwise_affine=True)
    )
    (lin_out): Linear(in_features=512, out_features=512, bias=True)
  )
  (pred_local): Linear(in_features=512, out_features=3, bias=True)
  (pred_global): Linear(in_features=512, out_features=3, bias=True)
)
train:torch.Size([6]), valid:torch.Size([500]), test:torch.Size([1000])
Counting co-occurrence on train-train edges (leakage-free estimator)...
Count penalty frozen (0 train-train edges).
Epoch: 00, Loss: 1.3957, Train: 33.33%, Valid: 38.80%, Test: 40.10%, Best Valid: 38.80%, Best Test: 40.10%
Switching Polynormer to global attention phase.
Epoch: 100, Loss: 2.2941, Train: 100.00%, Valid: 51.20%, Test: 53.50%, Best Valid: 67.40%, Best Test: 66.40%
Epoch: 200, Loss: 0.0000, Train: 100.00%, Valid: 60.20%, Test: 61.20%, Best Valid: 67.40%, Best Test: 66.40%
Epoch: 300, Loss: 0.0000, Train: 100.00%, Valid: 60.80%, Test: 61.00%, Best Valid: 67.40%, Best Test: 66.40%
Epoch: 400, Loss: 0.0002, Train: 100.00%, Valid: 61.80%, Test: 61.90%, Best Valid: 67.40%, Best Test: 66.40%
Epoch: 500, Loss: 0.0001, Train: 100.00%, Valid: 64.00%, Test: 64.30%, Best Valid: 67.40%, Best Test: 66.40%
Epoch: 600, Loss: 0.0002, Train: 100.00%, Valid: 64.40%, Test: 62.80%, Best Valid: 67.40%, Best Test: 66.40%
Epoch: 700, Loss: 0.0000, Train: 100.00%, Valid: 60.80%, Test: 62.20%, Best Valid: 67.40%, Best Test: 66.40%
Epoch: 800, Loss: 0.0003, Train: 100.00%, Valid: 57.00%, Test: 60.50%, Best Valid: 67.40%, Best Test: 66.40%
Epoch: 900, Loss: 2.1407, Train: 100.00%, Valid: 39.80%, Test: 40.20%, Best Valid: 67.40%, Best Test: 66.40%
Epoch: 1000, Loss: 0.0000, Train: 100.00%, Valid: 39.60%, Test: 40.30%, Best Valid: 67.40%, Best Test: 66.40%
Run 01:
Highest Train: 100.00
Highest Valid: 67.40
Highest Test: 66.80
Chosen epoch: 80
Final Train: 100.00
Final Test: 66.40
train:torch.Size([6]), valid:torch.Size([500]), test:torch.Size([1000])
Counting co-occurrence on train-train edges (leakage-free estimator)...
Count penalty frozen (0 train-train edges).
Epoch: 00, Loss: 2.1999, Train: 33.33%, Valid: 42.60%, Test: 40.10%, Best Valid: 42.60%, Best Test: 40.10%
Switching Polynormer to global attention phase.
Epoch: 100, Loss: 2.0044, Train: 33.33%, Valid: 37.00%, Test: 40.00%, Best Valid: 50.60%, Best Test: 47.00%
Epoch: 200, Loss: 0.0002, Train: 100.00%, Valid: 45.60%, Test: 44.30%, Best Valid: 50.60%, Best Test: 47.00%
Epoch: 300, Loss: 0.0000, Train: 100.00%, Valid: 48.00%, Test: 46.20%, Best Valid: 52.20%, Best Test: 49.30%
Epoch: 400, Loss: 0.0000, Train: 100.00%, Valid: 49.00%, Test: 47.80%, Best Valid: 52.20%, Best Test: 49.30%
Epoch: 500, Loss: 0.0000, Train: 100.00%, Valid: 48.60%, Test: 46.90%, Best Valid: 52.20%, Best Test: 49.30%
Epoch: 600, Loss: 0.0000, Train: 100.00%, Valid: 49.20%, Test: 47.90%, Best Valid: 52.20%, Best Test: 49.30%
Epoch: 700, Loss: 0.0058, Train: 100.00%, Valid: 50.20%, Test: 47.60%, Best Valid: 55.80%, Best Test: 51.90%
Epoch: 800, Loss: 0.0000, Train: 100.00%, Valid: 46.00%, Test: 44.00%, Best Valid: 55.80%, Best Test: 51.90%
Epoch: 900, Loss: 0.0000, Train: 100.00%, Valid: 54.00%, Test: 48.60%, Best Valid: 55.80%, Best Test: 51.90%
Epoch: 1000, Loss: 0.0000, Train: 100.00%, Valid: 45.20%, Test: 43.50%, Best Valid: 55.80%, Best Test: 51.90%
Run 02:
Highest Train: 100.00
Highest Valid: 55.80
Highest Test: 52.50
Chosen epoch: 688
Final Train: 100.00
Final Test: 51.90
train:torch.Size([6]), valid:torch.Size([500]), test:torch.Size([1000])
Counting co-occurrence on train-train edges (leakage-free estimator)...
Count penalty frozen (0 train-train edges).
Epoch: 00, Loss: 2.3473, Train: 33.33%, Valid: 39.60%, Test: 41.90%, Best Valid: 39.60%, Best Test: 41.90%
Switching Polynormer to global attention phase.
Epoch: 100, Loss: 1.9813, Train: 33.33%, Valid: 39.60%, Test: 41.90%, Best Valid: 58.40%, Best Test: 56.80%
Epoch: 200, Loss: 3.3822, Train: 100.00%, Valid: 43.80%, Test: 43.30%, Best Valid: 59.00%, Best Test: 55.60%
Epoch: 300, Loss: 0.0004, Train: 100.00%, Valid: 30.80%, Test: 30.00%, Best Valid: 59.00%, Best Test: 55.60%
Epoch: 400, Loss: 0.0000, Train: 100.00%, Valid: 44.60%, Test: 42.40%, Best Valid: 59.00%, Best Test: 55.60%
Epoch: 500, Loss: 0.0000, Train: 100.00%, Valid: 53.60%, Test: 54.80%, Best Valid: 59.00%, Best Test: 55.60%
Epoch: 600, Loss: 0.0000, Train: 100.00%, Valid: 54.80%, Test: 55.90%, Best Valid: 59.00%, Best Test: 55.60%
Epoch: 700, Loss: 0.0000, Train: 100.00%, Valid: 55.80%, Test: 57.20%, Best Valid: 59.00%, Best Test: 55.60%
Epoch: 800, Loss: 0.0000, Train: 100.00%, Valid: 56.20%, Test: 56.40%, Best Valid: 59.00%, Best Test: 55.60%
Epoch: 900, Loss: 0.0000, Train: 100.00%, Valid: 57.80%, Test: 56.60%, Best Valid: 59.00%, Best Test: 55.60%
Epoch: 1000, Loss: 0.0000, Train: 100.00%, Valid: 58.20%, Test: 56.60%, Best Valid: 59.00%, Best Test: 55.60%
Run 03:
Highest Train: 100.00
Highest Valid: 59.00
Highest Test: 59.20
Chosen epoch: 130
Final Train: 100.00
Final Test: 55.60
train:torch.Size([6]), valid:torch.Size([500]), test:torch.Size([1000])
Counting co-occurrence on train-train edges (leakage-free estimator)...
Count penalty frozen (0 train-train edges).
Epoch: 00, Loss: 2.3286, Train: 33.33%, Valid: 42.40%, Test: 38.60%, Best Valid: 42.40%, Best Test: 38.60%
Switching Polynormer to global attention phase.
Epoch: 100, Loss: 1.9902, Train: 33.33%, Valid: 40.40%, Test: 40.40%, Best Valid: 52.00%, Best Test: 52.40%
Epoch: 200, Loss: 0.0000, Train: 100.00%, Valid: 51.00%, Test: 55.40%, Best Valid: 52.60%, Best Test: 55.80%
Epoch: 300, Loss: 0.0000, Train: 100.00%, Valid: 51.00%, Test: 55.10%, Best Valid: 52.60%, Best Test: 55.80%
Epoch: 400, Loss: 0.0003, Train: 100.00%, Valid: 52.80%, Test: 55.50%, Best Valid: 52.80%, Best Test: 55.50%
Epoch: 500, Loss: 0.0000, Train: 100.00%, Valid: 53.20%, Test: 57.70%, Best Valid: 55.60%, Best Test: 58.10%
Epoch: 600, Loss: 0.0000, Train: 100.00%, Valid: 44.60%, Test: 47.10%, Best Valid: 55.60%, Best Test: 58.10%
Epoch: 700, Loss: 0.0000, Train: 100.00%, Valid: 44.60%, Test: 48.00%, Best Valid: 55.60%, Best Test: 58.10%
Epoch: 800, Loss: 0.0000, Train: 100.00%, Valid: 44.80%, Test: 48.00%, Best Valid: 55.60%, Best Test: 58.10%
Epoch: 900, Loss: 0.0000, Train: 100.00%, Valid: 44.80%, Test: 48.20%, Best Valid: 55.60%, Best Test: 58.10%
Epoch: 1000, Loss: 0.0000, Train: 100.00%, Valid: 46.80%, Test: 50.50%, Best Valid: 55.60%, Best Test: 58.10%
Run 04:
Highest Train: 100.00
Highest Valid: 55.60
Highest Test: 59.00
Chosen epoch: 476
Final Train: 100.00
Final Test: 58.10
train:torch.Size([6]), valid:torch.Size([500]), test:torch.Size([1000])
Counting co-occurrence on train-train edges (leakage-free estimator)...
Count penalty frozen (0 train-train edges).
Epoch: 00, Loss: 1.9784, Train: 66.67%, Valid: 29.40%, Test: 26.50%, Best Valid: 29.40%, Best Test: 26.50%
Switching Polynormer to global attention phase.
Epoch: 100, Loss: 1.9728, Train: 83.33%, Valid: 39.80%, Test: 41.10%, Best Valid: 65.60%, Best Test: 62.10%
Epoch: 200, Loss: 0.0012, Train: 100.00%, Valid: 58.40%, Test: 55.80%, Best Valid: 65.60%, Best Test: 62.10%
Epoch: 300, Loss: 0.0002, Train: 100.00%, Valid: 62.40%, Test: 64.70%, Best Valid: 65.60%, Best Test: 62.10%
Epoch: 400, Loss: 0.0000, Train: 100.00%, Valid: 59.00%, Test: 66.70%, Best Valid: 65.60%, Best Test: 62.10%
Epoch: 500, Loss: 0.0000, Train: 100.00%, Valid: 58.80%, Test: 64.90%, Best Valid: 65.60%, Best Test: 62.10%
Epoch: 600, Loss: 0.0001, Train: 100.00%, Valid: 60.40%, Test: 60.70%, Best Valid: 65.60%, Best Test: 62.10%
Epoch: 700, Loss: 0.0000, Train: 100.00%, Valid: 59.40%, Test: 63.30%, Best Valid: 65.60%, Best Test: 62.10%
Epoch: 800, Loss: 0.0001, Train: 100.00%, Valid: 58.60%, Test: 63.60%, Best Valid: 65.60%, Best Test: 62.10%
Epoch: 900, Loss: 0.0002, Train: 100.00%, Valid: 58.20%, Test: 63.80%, Best Valid: 65.60%, Best Test: 62.10%
Epoch: 1000, Loss: 0.0000, Train: 100.00%, Valid: 57.20%, Test: 56.80%, Best Valid: 65.60%, Best Test: 62.10%
Run 05:
Highest Train: 100.00
Highest Valid: 65.60
Highest Test: 67.30
Chosen epoch: 23
Final Train: 100.00
Final Test: 62.10
train:torch.Size([6]), valid:torch.Size([500]), test:torch.Size([1000])
Counting co-occurrence on train-train edges (leakage-free estimator)...
Count penalty frozen (0 train-train edges).
Epoch: 00, Loss: 2.4381, Train: 33.33%, Valid: 37.80%, Test: 39.10%, Best Valid: 37.80%, Best Test: 39.10%
Switching Polynormer to global attention phase.
Epoch: 100, Loss: 1.9775, Train: 33.33%, Valid: 37.80%, Test: 38.90%, Best Valid: 68.60%, Best Test: 70.10%
Epoch: 200, Loss: 0.0000, Train: 100.00%, Valid: 66.00%, Test: 68.10%, Best Valid: 68.60%, Best Test: 70.10%
Epoch: 300, Loss: 0.0002, Train: 100.00%, Valid: 67.60%, Test: 69.50%, Best Valid: 68.60%, Best Test: 70.10%
Epoch: 400, Loss: 0.0003, Train: 100.00%, Valid: 65.80%, Test: 68.50%, Best Valid: 68.60%, Best Test: 70.10%
Epoch: 500, Loss: 0.0001, Train: 100.00%, Valid: 67.80%, Test: 68.70%, Best Valid: 68.60%, Best Test: 70.10%
Epoch: 600, Loss: 0.0826, Train: 100.00%, Valid: 42.00%, Test: 39.10%, Best Valid: 68.60%, Best Test: 70.10%
Epoch: 700, Loss: 0.0000, Train: 100.00%, Valid: 63.20%, Test: 66.80%, Best Valid: 68.60%, Best Test: 70.10%
Epoch: 800, Loss: 0.0000, Train: 100.00%, Valid: 62.00%, Test: 62.20%, Best Valid: 68.60%, Best Test: 70.10%
Epoch: 900, Loss: 0.0000, Train: 100.00%, Valid: 59.80%, Test: 61.60%, Best Valid: 68.60%, Best Test: 70.10%
Epoch: 1000, Loss: 0.0000, Train: 100.00%, Valid: 60.20%, Test: 63.00%, Best Valid: 68.60%, Best Test: 70.10%
Run 06:
Highest Train: 100.00
Highest Valid: 68.60
Highest Test: 70.70
Chosen epoch: 69
Final Train: 100.00
Final Test: 70.10
train:torch.Size([6]), valid:torch.Size([500]), test:torch.Size([1000])
Counting co-occurrence on train-train edges (leakage-free estimator)...
Count penalty frozen (0 train-train edges).
Epoch: 00, Loss: 1.9810, Train: 66.67%, Valid: 44.80%, Test: 40.80%, Best Valid: 44.80%, Best Test: 40.80%
Switching Polynormer to global attention phase.
Epoch: 100, Loss: 1.9769, Train: 33.33%, Valid: 22.60%, Test: 20.70%, Best Valid: 57.80%, Best Test: 55.90%
Epoch: 200, Loss: 0.0000, Train: 100.00%, Valid: 47.40%, Test: 50.90%, Best Valid: 57.80%, Best Test: 55.90%
Epoch: 300, Loss: 0.0000, Train: 100.00%, Valid: 50.60%, Test: 51.90%, Best Valid: 57.80%, Best Test: 55.90%
Epoch: 400, Loss: 0.0001, Train: 100.00%, Valid: 53.00%, Test: 52.10%, Best Valid: 57.80%, Best Test: 55.90%
Epoch: 500, Loss: 0.0002, Train: 100.00%, Valid: 51.60%, Test: 52.90%, Best Valid: 57.80%, Best Test: 55.90%
Epoch: 600, Loss: 0.0001, Train: 100.00%, Valid: 55.20%, Test: 53.40%, Best Valid: 57.80%, Best Test: 55.90%
Epoch: 700, Loss: 0.0000, Train: 100.00%, Valid: 41.20%, Test: 44.50%, Best Valid: 57.80%, Best Test: 55.90%
Epoch: 800, Loss: 0.0000, Train: 100.00%, Valid: 40.60%, Test: 45.20%, Best Valid: 57.80%, Best Test: 55.90%
Epoch: 900, Loss: 0.1906, Train: 100.00%, Valid: 39.20%, Test: 35.60%, Best Valid: 57.80%, Best Test: 55.90%
Epoch: 1000, Loss: 0.0000, Train: 100.00%, Valid: 36.60%, Test: 34.90%, Best Valid: 57.80%, Best Test: 55.90%
Run 07:
Highest Train: 100.00
Highest Valid: 57.80
Highest Test: 55.90
Chosen epoch: 44
Final Train: 100.00
Final Test: 55.90
train:torch.Size([6]), valid:torch.Size([500]), test:torch.Size([1000])
Counting co-occurrence on train-train edges (leakage-free estimator)...
Count penalty frozen (0 train-train edges).
Epoch: 00, Loss: 2.0838, Train: 33.33%, Valid: 40.40%, Test: 41.10%, Best Valid: 40.40%, Best Test: 41.10%
Switching Polynormer to global attention phase.
Epoch: 100, Loss: 1.9775, Train: 33.33%, Valid: 39.40%, Test: 40.30%, Best Valid: 66.60%, Best Test: 62.50%
Epoch: 200, Loss: 0.0000, Train: 100.00%, Valid: 62.60%, Test: 59.10%, Best Valid: 66.60%, Best Test: 62.50%
Epoch: 300, Loss: 0.0004, Train: 100.00%, Valid: 63.00%, Test: 60.10%, Best Valid: 66.60%, Best Test: 62.50%
Epoch: 400, Loss: 0.0002, Train: 100.00%, Valid: 58.80%, Test: 55.60%, Best Valid: 66.60%, Best Test: 62.50%
Epoch: 500, Loss: 0.0266, Train: 100.00%, Valid: 67.80%, Test: 67.70%, Best Valid: 68.60%, Best Test: 67.30%
Epoch: 600, Loss: 0.0000, Train: 100.00%, Valid: 54.80%, Test: 52.10%, Best Valid: 68.60%, Best Test: 67.30%
Epoch: 700, Loss: 0.0000, Train: 100.00%, Valid: 64.00%, Test: 63.70%, Best Valid: 69.40%, Best Test: 65.70%
Epoch: 800, Loss: 0.0000, Train: 100.00%, Valid: 57.60%, Test: 56.10%, Best Valid: 69.40%, Best Test: 65.70%
Epoch: 900, Loss: 0.0000, Train: 100.00%, Valid: 59.20%, Test: 59.30%, Best Valid: 69.40%, Best Test: 65.70%
Epoch: 1000, Loss: 0.0000, Train: 100.00%, Valid: 61.40%, Test: 58.70%, Best Valid: 69.40%, Best Test: 65.70%
Run 08:
Highest Train: 100.00
Highest Valid: 69.40
Highest Test: 67.90
Chosen epoch: 668
Final Train: 100.00
Final Test: 65.70
train:torch.Size([6]), valid:torch.Size([500]), test:torch.Size([1000])
Counting co-occurrence on train-train edges (leakage-free estimator)...
Count penalty frozen (0 train-train edges).
Epoch: 00, Loss: 2.4500, Train: 33.33%, Valid: 21.60%, Test: 21.80%, Best Valid: 21.60%, Best Test: 21.80%
Switching Polynormer to global attention phase.
Epoch: 100, Loss: 1.9775, Train: 33.33%, Valid: 20.60%, Test: 20.30%, Best Valid: 63.60%, Best Test: 66.90%
Epoch: 200, Loss: 0.0000, Train: 100.00%, Valid: 48.00%, Test: 49.70%, Best Valid: 63.60%, Best Test: 66.90%
Epoch: 300, Loss: 0.0000, Train: 100.00%, Valid: 47.20%, Test: 48.80%, Best Valid: 63.60%, Best Test: 66.90%
Epoch: 400, Loss: 0.0000, Train: 100.00%, Valid: 46.60%, Test: 47.70%, Best Valid: 63.60%, Best Test: 66.90%
Epoch: 500, Loss: 0.0001, Train: 100.00%, Valid: 60.40%, Test: 62.50%, Best Valid: 63.60%, Best Test: 66.90%
Epoch: 600, Loss: 0.0000, Train: 100.00%, Valid: 59.40%, Test: 63.00%, Best Valid: 63.60%, Best Test: 66.90%
Epoch: 700, Loss: 0.0000, Train: 100.00%, Valid: 59.60%, Test: 62.10%, Best Valid: 63.60%, Best Test: 66.90%
Epoch: 800, Loss: 0.0001, Train: 100.00%, Valid: 60.20%, Test: 61.50%, Best Valid: 63.60%, Best Test: 66.90%
Epoch: 900, Loss: 0.0000, Train: 100.00%, Valid: 60.00%, Test: 61.60%, Best Valid: 63.60%, Best Test: 66.90%
Epoch: 1000, Loss: 0.0002, Train: 100.00%, Valid: 59.40%, Test: 60.60%, Best Valid: 63.60%, Best Test: 66.90%
Run 09:
Highest Train: 100.00
Highest Valid: 63.60
Highest Test: 67.30
Chosen epoch: 74
Final Train: 100.00
Final Test: 66.90
train:torch.Size([6]), valid:torch.Size([500]), test:torch.Size([1000])
Counting co-occurrence on train-train edges (leakage-free estimator)...
Count penalty frozen (0 train-train edges).
Epoch: 00, Loss: 1.8117, Train: 50.00%, Valid: 28.00%, Test: 25.70%, Best Valid: 28.00%, Best Test: 25.70%
Switching Polynormer to global attention phase.
Epoch: 100, Loss: 1.9775, Train: 33.33%, Valid: 36.00%, Test: 41.10%, Best Valid: 66.60%, Best Test: 62.30%
Epoch: 200, Loss: 0.0000, Train: 100.00%, Valid: 57.20%, Test: 54.90%, Best Valid: 66.80%, Best Test: 64.10%
Epoch: 300, Loss: 0.0000, Train: 100.00%, Valid: 61.20%, Test: 59.80%, Best Valid: 66.80%, Best Test: 64.10%
Epoch: 400, Loss: 0.0000, Train: 100.00%, Valid: 61.20%, Test: 59.70%, Best Valid: 66.80%, Best Test: 64.10%
Epoch: 500, Loss: 0.0000, Train: 100.00%, Valid: 61.00%, Test: 60.00%, Best Valid: 66.80%, Best Test: 64.10%
Epoch: 600, Loss: 0.0000, Train: 100.00%, Valid: 60.80%, Test: 59.90%, Best Valid: 66.80%, Best Test: 64.10%
Epoch: 700, Loss: 0.0000, Train: 100.00%, Valid: 60.00%, Test: 59.90%, Best Valid: 66.80%, Best Test: 64.10%
Epoch: 800, Loss: 0.0000, Train: 100.00%, Valid: 60.00%, Test: 59.60%, Best Valid: 66.80%, Best Test: 64.10%
Epoch: 900, Loss: 0.0000, Train: 100.00%, Valid: 60.00%, Test: 59.30%, Best Valid: 66.80%, Best Test: 64.10%
Epoch: 1000, Loss: 0.0000, Train: 100.00%, Valid: 59.80%, Test: 59.30%, Best Valid: 66.80%, Best Test: 64.10%
Run 10:
Highest Train: 100.00
Highest Valid: 66.80
Highest Test: 64.10
Chosen epoch: 113
Final Train: 100.00
Final Test: 64.10
All runs:
Highest Train: 100.00 ± 0.00
Highest Test: 63.07 ± 6.03
Highest Valid: 62.96 ± 5.40
  Final Train: 100.00 ± 0.00
   Final Test: 61.68 ± 5.98
Saving results to ../results/lowlabel/pubmed/polynormer.csv
--- count_reg | lambda=1.6 ---
Namespace(aggregate='add', alpha=0.5, attention='gcn', beta=-1.0, bn=False, budget_tag='2', count_reg=True, count_smoothing=1.0, cpu=False, data_dir='../data/', dataset='pubmed', device=0, dim_inner=64, display_step=100, dropout=0.5, epochs=500, global_dropout=None, global_epochs=1000, global_layers=1, gnn='gcn', graph_weight=0.8, hidden_channels=64, hops=10, in_dropout=0.2, jk=False, label_num_per_class=2, lambda_val=1.6, layers=1, ln=False, local_epochs=100, local_gnn_type='GCN', local_layers=3, lr=0.001, metric='acc', mlp_epochs=500, mlp_reg=False, model='polynormer', model_dir='models/lowlabel_1171808_126', n_heads=8, num_centroids=4096, num_heads=8, oracle_reg=False, paired_seeds=True, pe_types='RWSE', penalty_transform='none', pre_linear=False, pre_ln=False, rand_split=False, rand_split_class=True, reg_start_epoch=10, reg_update_freq=5, res=False, resample_split_per_run=True, result_dir='../results/lowlabel', runs=10, save_model=True, save_result=False, seed=123, test_num=1000, tr_dropout=None, tr_layers=1, tr_weight_decay=None, train_per_class=0, train_prop=0.5, use_act=False, use_bn=False, use_graph=False, use_reg=True, use_residual=False, use_weight=False, valid_num=500, valid_per_class=0, valid_prop=0.25, weight_decay=0.0005)
pubmed
Num nodes: 19717
train:torch.Size([6]), valid:torch.Size([500]), test:torch.Size([1000])
dataset pubmed | num nodes 19717 | num edge 88648 | num node feats 500 | num classes 3
MODEL: Polynormer(
  (h_lins): ModuleList(
    (0): Linear(in_features=512, out_features=512, bias=True)
    (1): Linear(in_features=512, out_features=512, bias=True)
    (2): Linear(in_features=512, out_features=512, bias=True)
  )
  (local_convs): ModuleList(
    (0): GATConv(512, 64, heads=8)
    (1): GATConv(512, 64, heads=8)
    (2): GATConv(512, 64, heads=8)
  )
  (lins): ModuleList(
    (0): Linear(in_features=512, out_features=512, bias=True)
    (1): Linear(in_features=512, out_features=512, bias=True)
    (2): Linear(in_features=512, out_features=512, bias=True)
  )
  (lns): ModuleList(
    (0): LayerNorm((512,), eps=1e-05, elementwise_affine=True)
    (1): LayerNorm((512,), eps=1e-05, elementwise_affine=True)
    (2): LayerNorm((512,), eps=1e-05, elementwise_affine=True)
  )
  (lin_in): Linear(in_features=500, out_features=512, bias=True)
  (ln): LayerNorm((512,), eps=1e-05, elementwise_affine=True)
  (global_attn): GlobalAttn(
    (h_lins): ModuleList(
      (0): Linear(in_features=512, out_features=512, bias=True)
    )
    (k_lins): ModuleList(
      (0): Linear(in_features=512, out_features=512, bias=True)
    )
    (v_lins): ModuleList(
      (0): Linear(in_features=512, out_features=512, bias=True)
    )
    (lns): ModuleList(
      (0): LayerNorm((512,), eps=1e-05, elementwise_affine=True)
    )
    (lin_out): Linear(in_features=512, out_features=512, bias=True)
  )
  (pred_local): Linear(in_features=512, out_features=3, bias=True)
  (pred_global): Linear(in_features=512, out_features=3, bias=True)
)
train:torch.Size([6]), valid:torch.Size([500]), test:torch.Size([1000])
Counting co-occurrence on train-train edges (leakage-free estimator)...
Count penalty frozen (0 train-train edges).
Epoch: 00, Loss: 2.0160, Train: 33.33%, Valid: 38.80%, Test: 40.10%, Best Valid: 38.80%, Best Test: 40.10%
Switching Polynormer to global attention phase.
Epoch: 100, Loss: 3.3048, Train: 100.00%, Valid: 47.00%, Test: 51.40%, Best Valid: 66.80%, Best Test: 65.40%
Epoch: 200, Loss: 0.0000, Train: 100.00%, Valid: 62.20%, Test: 63.00%, Best Valid: 67.40%, Best Test: 65.30%
Epoch: 300, Loss: 0.0001, Train: 100.00%, Valid: 63.00%, Test: 63.10%, Best Valid: 67.40%, Best Test: 65.30%
Epoch: 400, Loss: 0.0003, Train: 100.00%, Valid: 64.60%, Test: 63.70%, Best Valid: 67.40%, Best Test: 65.30%
Epoch: 500, Loss: 0.0002, Train: 100.00%, Valid: 65.20%, Test: 65.30%, Best Valid: 67.40%, Best Test: 65.30%
Epoch: 600, Loss: 0.0003, Train: 100.00%, Valid: 64.00%, Test: 63.70%, Best Valid: 67.40%, Best Test: 65.30%
Epoch: 700, Loss: 0.0001, Train: 100.00%, Valid: 63.20%, Test: 63.10%, Best Valid: 67.40%, Best Test: 65.30%
Epoch: 800, Loss: 0.0003, Train: 100.00%, Valid: 61.00%, Test: 62.10%, Best Valid: 67.40%, Best Test: 65.30%
Epoch: 900, Loss: 4.5852, Train: 100.00%, Valid: 49.60%, Test: 50.70%, Best Valid: 67.40%, Best Test: 65.30%
Epoch: 1000, Loss: 0.0000, Train: 100.00%, Valid: 48.60%, Test: 48.10%, Best Valid: 67.40%, Best Test: 65.30%
Run 01:
Highest Train: 100.00
Highest Valid: 67.40
Highest Test: 66.00
Chosen epoch: 104
Final Train: 100.00
Final Test: 65.30
train:torch.Size([6]), valid:torch.Size([500]), test:torch.Size([1000])
Counting co-occurrence on train-train edges (leakage-free estimator)...
Count penalty frozen (0 train-train edges).
Epoch: 00, Loss: 3.1776, Train: 33.33%, Valid: 42.60%, Test: 40.10%, Best Valid: 42.60%, Best Test: 40.10%
Switching Polynormer to global attention phase.
Epoch: 100, Loss: 2.8952, Train: 33.33%, Valid: 37.00%, Test: 40.00%, Best Valid: 50.60%, Best Test: 47.00%
Epoch: 200, Loss: 0.0002, Train: 100.00%, Valid: 46.40%, Test: 44.60%, Best Valid: 50.60%, Best Test: 47.00%
Epoch: 300, Loss: 0.0007, Train: 100.00%, Valid: 50.20%, Test: 47.90%, Best Valid: 51.20%, Best Test: 48.80%
Epoch: 400, Loss: 0.0000, Train: 100.00%, Valid: 51.20%, Test: 48.50%, Best Valid: 51.20%, Best Test: 48.80%
Epoch: 500, Loss: 0.0000, Train: 100.00%, Valid: 44.20%, Test: 45.70%, Best Valid: 52.20%, Best Test: 49.00%
Epoch: 600, Loss: 0.0000, Train: 100.00%, Valid: 45.80%, Test: 45.70%, Best Valid: 52.20%, Best Test: 49.00%
Epoch: 700, Loss: 0.0000, Train: 100.00%, Valid: 38.20%, Test: 38.50%, Best Valid: 52.20%, Best Test: 49.00%
Epoch: 800, Loss: 0.0001, Train: 100.00%, Valid: 48.00%, Test: 47.10%, Best Valid: 52.20%, Best Test: 49.00%
Epoch: 900, Loss: 0.0000, Train: 100.00%, Valid: 52.00%, Test: 52.50%, Best Valid: 56.40%, Best Test: 51.80%
Epoch: 1000, Loss: 0.5046, Train: 100.00%, Valid: 44.00%, Test: 40.60%, Best Valid: 59.20%, Best Test: 54.10%
Run 02:
Highest Train: 100.00
Highest Valid: 59.20
Highest Test: 54.10
Chosen epoch: 982
Final Train: 100.00
Final Test: 54.10
train:torch.Size([6]), valid:torch.Size([500]), test:torch.Size([1000])
Counting co-occurrence on train-train edges (leakage-free estimator)...
Count penalty frozen (0 train-train edges).
Epoch: 00, Loss: 3.3905, Train: 33.33%, Valid: 39.60%, Test: 41.90%, Best Valid: 39.60%, Best Test: 41.90%
Switching Polynormer to global attention phase.
Epoch: 100, Loss: 2.8619, Train: 33.33%, Valid: 39.60%, Test: 41.90%, Best Valid: 59.00%, Best Test: 56.80%
Epoch: 200, Loss: 0.0004, Train: 100.00%, Valid: 53.40%, Test: 52.60%, Best Valid: 59.00%, Best Test: 56.80%
Epoch: 300, Loss: 0.0000, Train: 100.00%, Valid: 46.00%, Test: 47.90%, Best Valid: 59.00%, Best Test: 56.80%
Epoch: 400, Loss: 0.0000, Train: 100.00%, Valid: 46.00%, Test: 47.20%, Best Valid: 59.00%, Best Test: 56.80%
Epoch: 500, Loss: 0.0000, Train: 100.00%, Valid: 57.20%, Test: 58.00%, Best Valid: 59.00%, Best Test: 56.80%
Epoch: 600, Loss: 0.0000, Train: 100.00%, Valid: 58.60%, Test: 57.00%, Best Valid: 59.20%, Best Test: 57.80%
Epoch: 700, Loss: 0.0000, Train: 100.00%, Valid: 57.60%, Test: 54.90%, Best Valid: 59.20%, Best Test: 57.80%
Epoch: 800, Loss: 0.0000, Train: 100.00%, Valid: 57.80%, Test: 55.00%, Best Valid: 59.20%, Best Test: 57.80%
Epoch: 900, Loss: 0.0000, Train: 100.00%, Valid: 55.60%, Test: 54.30%, Best Valid: 59.20%, Best Test: 57.80%
Epoch: 1000, Loss: 0.0001, Train: 100.00%, Valid: 53.40%, Test: 54.50%, Best Valid: 59.20%, Best Test: 57.80%
Run 03:
Highest Train: 100.00
Highest Valid: 59.80
Highest Test: 59.00
Chosen epoch: 1052
Final Train: 100.00
Final Test: 58.20
train:torch.Size([6]), valid:torch.Size([500]), test:torch.Size([1000])
Counting co-occurrence on train-train edges (leakage-free estimator)...
Count penalty frozen (0 train-train edges).
Epoch: 00, Loss: 3.3635, Train: 33.33%, Valid: 42.40%, Test: 38.60%, Best Valid: 42.40%, Best Test: 38.60%
Switching Polynormer to global attention phase.
Epoch: 100, Loss: 2.8747, Train: 33.33%, Valid: 40.40%, Test: 40.40%, Best Valid: 52.00%, Best Test: 52.40%
Epoch: 200, Loss: 0.0000, Train: 100.00%, Valid: 51.00%, Test: 55.50%, Best Valid: 52.60%, Best Test: 55.80%
Epoch: 300, Loss: 0.0000, Train: 100.00%, Valid: 51.00%, Test: 55.10%, Best Valid: 52.60%, Best Test: 55.80%
Epoch: 400, Loss: 0.0005, Train: 100.00%, Valid: 52.80%, Test: 55.40%, Best Valid: 52.80%, Best Test: 55.40%
Epoch: 500, Loss: 0.0000, Train: 100.00%, Valid: 55.20%, Test: 57.10%, Best Valid: 56.60%, Best Test: 57.20%
Epoch: 600, Loss: 0.0001, Train: 100.00%, Valid: 54.60%, Test: 57.60%, Best Valid: 56.60%, Best Test: 57.20%
Epoch: 700, Loss: 0.0000, Train: 100.00%, Valid: 34.80%, Test: 39.10%, Best Valid: 56.60%, Best Test: 57.20%
Epoch: 800, Loss: 0.0000, Train: 100.00%, Valid: 38.60%, Test: 44.30%, Best Valid: 56.60%, Best Test: 57.20%
Epoch: 900, Loss: 0.0000, Train: 100.00%, Valid: 38.60%, Test: 39.80%, Best Valid: 56.60%, Best Test: 57.20%
Epoch: 1000, Loss: 0.0000, Train: 100.00%, Valid: 39.20%, Test: 40.60%, Best Valid: 56.60%, Best Test: 57.20%
Run 04:
Highest Train: 100.00
Highest Valid: 56.60
Highest Test: 58.40
Chosen epoch: 488
Final Train: 100.00
Final Test: 57.20
train:torch.Size([6]), valid:torch.Size([500]), test:torch.Size([1000])
Counting co-occurrence on train-train edges (leakage-free estimator)...
Count penalty frozen (0 train-train edges).
Epoch: 00, Loss: 2.8577, Train: 66.67%, Valid: 29.40%, Test: 26.50%, Best Valid: 29.40%, Best Test: 26.50%
Switching Polynormer to global attention phase.
Epoch: 100, Loss: 2.8496, Train: 83.33%, Valid: 39.80%, Test: 41.10%, Best Valid: 65.60%, Best Test: 62.10%
Epoch: 200, Loss: 0.0017, Train: 100.00%, Valid: 56.00%, Test: 53.80%, Best Valid: 65.60%, Best Test: 62.10%
Epoch: 300, Loss: 0.0002, Train: 100.00%, Valid: 61.60%, Test: 65.20%, Best Valid: 65.60%, Best Test: 62.10%
Epoch: 400, Loss: 0.0000, Train: 100.00%, Valid: 60.80%, Test: 62.60%, Best Valid: 65.60%, Best Test: 62.10%
Epoch: 500, Loss: 0.0000, Train: 100.00%, Valid: 60.20%, Test: 60.50%, Best Valid: 65.60%, Best Test: 62.10%
Epoch: 600, Loss: 0.0001, Train: 100.00%, Valid: 60.00%, Test: 59.50%, Best Valid: 65.60%, Best Test: 62.10%
Epoch: 700, Loss: 0.0001, Train: 100.00%, Valid: 59.60%, Test: 61.90%, Best Valid: 65.60%, Best Test: 62.10%
Epoch: 800, Loss: 0.0004, Train: 100.00%, Valid: 58.80%, Test: 65.00%, Best Valid: 65.60%, Best Test: 62.10%
Epoch: 900, Loss: 0.0001, Train: 100.00%, Valid: 59.40%, Test: 58.90%, Best Valid: 65.60%, Best Test: 62.10%
Epoch: 1000, Loss: 0.0000, Train: 100.00%, Valid: 48.80%, Test: 46.40%, Best Valid: 65.60%, Best Test: 62.10%
Run 05:
Highest Train: 100.00
Highest Valid: 65.60
Highest Test: 67.80
Chosen epoch: 23
Final Train: 100.00
Final Test: 62.10
train:torch.Size([6]), valid:torch.Size([500]), test:torch.Size([1000])
Counting co-occurrence on train-train edges (leakage-free estimator)...
Count penalty frozen (0 train-train edges).
Epoch: 00, Loss: 3.5217, Train: 33.33%, Valid: 37.80%, Test: 39.10%, Best Valid: 37.80%, Best Test: 39.10%
Switching Polynormer to global attention phase.
Epoch: 100, Loss: 2.8564, Train: 33.33%, Valid: 37.80%, Test: 38.90%, Best Valid: 68.60%, Best Test: 70.10%
Epoch: 200, Loss: 0.0000, Train: 100.00%, Valid: 67.20%, Test: 69.80%, Best Valid: 68.60%, Best Test: 70.10%
Epoch: 300, Loss: 0.0000, Train: 100.00%, Valid: 58.00%, Test: 61.10%, Best Valid: 68.60%, Best Test: 70.10%
Epoch: 400, Loss: 0.0001, Train: 100.00%, Valid: 46.80%, Test: 46.60%, Best Valid: 68.60%, Best Test: 70.10%
Epoch: 500, Loss: 0.0000, Train: 100.00%, Valid: 67.20%, Test: 66.50%, Best Valid: 68.60%, Best Test: 70.10%
Epoch: 600, Loss: 0.0000, Train: 100.00%, Valid: 40.60%, Test: 42.10%, Best Valid: 68.60%, Best Test: 70.10%
Epoch: 700, Loss: 0.0000, Train: 100.00%, Valid: 41.00%, Test: 42.20%, Best Valid: 68.60%, Best Test: 70.10%
Epoch: 800, Loss: 0.0000, Train: 100.00%, Valid: 41.20%, Test: 42.60%, Best Valid: 68.60%, Best Test: 70.10%
Epoch: 900, Loss: 0.0000, Train: 100.00%, Valid: 41.00%, Test: 42.60%, Best Valid: 68.60%, Best Test: 70.10%
Epoch: 1000, Loss: 0.0000, Train: 100.00%, Valid: 55.80%, Test: 58.70%, Best Valid: 68.60%, Best Test: 70.10%
Run 06:
Highest Train: 100.00
Highest Valid: 68.60
Highest Test: 70.70
Chosen epoch: 68
Final Train: 100.00
Final Test: 70.10
train:torch.Size([6]), valid:torch.Size([500]), test:torch.Size([1000])
Counting co-occurrence on train-train edges (leakage-free estimator)...
Count penalty frozen (0 train-train edges).
Epoch: 00, Loss: 2.8614, Train: 66.67%, Valid: 44.80%, Test: 40.80%, Best Valid: 44.80%, Best Test: 40.80%
Switching Polynormer to global attention phase.
Epoch: 100, Loss: 2.8555, Train: 33.33%, Valid: 22.60%, Test: 20.70%, Best Valid: 57.60%, Best Test: 55.90%
Epoch: 200, Loss: 0.0000, Train: 100.00%, Valid: 48.60%, Test: 50.40%, Best Valid: 57.60%, Best Test: 55.90%
Epoch: 300, Loss: 0.0001, Train: 100.00%, Valid: 51.00%, Test: 52.20%, Best Valid: 57.60%, Best Test: 55.90%
Epoch: 400, Loss: 0.0001, Train: 100.00%, Valid: 53.20%, Test: 53.20%, Best Valid: 57.60%, Best Test: 55.90%
Epoch: 500, Loss: 0.0010, Train: 100.00%, Valid: 53.60%, Test: 53.60%, Best Valid: 57.60%, Best Test: 55.90%
Epoch: 600, Loss: 0.0001, Train: 100.00%, Valid: 55.40%, Test: 50.90%, Best Valid: 57.60%, Best Test: 55.90%
Epoch: 700, Loss: 0.0000, Train: 100.00%, Valid: 54.00%, Test: 53.80%, Best Valid: 57.60%, Best Test: 55.90%
Epoch: 800, Loss: 0.0000, Train: 100.00%, Valid: 57.00%, Test: 53.50%, Best Valid: 57.60%, Best Test: 55.90%
Epoch: 900, Loss: 0.0000, Train: 100.00%, Valid: 49.20%, Test: 50.20%, Best Valid: 57.60%, Best Test: 55.90%
Epoch: 1000, Loss: 0.0000, Train: 100.00%, Valid: 52.00%, Test: 47.30%, Best Valid: 57.60%, Best Test: 55.90%
Run 07:
Highest Train: 100.00
Highest Valid: 57.60
Highest Test: 56.10
Chosen epoch: 44
Final Train: 100.00
Final Test: 55.90
train:torch.Size([6]), valid:torch.Size([500]), test:torch.Size([1000])
Counting co-occurrence on train-train edges (leakage-free estimator)...
Count penalty frozen (0 train-train edges).
Epoch: 00, Loss: 3.0099, Train: 33.33%, Valid: 40.40%, Test: 41.10%, Best Valid: 40.40%, Best Test: 41.10%
Switching Polynormer to global attention phase.
Epoch: 100, Loss: 2.8564, Train: 33.33%, Valid: 39.40%, Test: 40.30%, Best Valid: 66.60%, Best Test: 62.60%
Epoch: 200, Loss: 0.0182, Train: 100.00%, Valid: 60.00%, Test: 59.50%, Best Valid: 66.60%, Best Test: 62.60%
Epoch: 300, Loss: 0.0000, Train: 100.00%, Valid: 59.00%, Test: 56.30%, Best Valid: 66.60%, Best Test: 62.60%
Epoch: 400, Loss: 0.0000, Train: 100.00%, Valid: 60.00%, Test: 57.00%, Best Valid: 66.60%, Best Test: 62.60%
Epoch: 500, Loss: 0.0000, Train: 100.00%, Valid: 59.80%, Test: 57.30%, Best Valid: 66.60%, Best Test: 62.60%
Epoch: 600, Loss: 0.0000, Train: 100.00%, Valid: 59.20%, Test: 56.00%, Best Valid: 66.60%, Best Test: 62.60%
Epoch: 700, Loss: 0.0000, Train: 100.00%, Valid: 59.00%, Test: 54.70%, Best Valid: 66.60%, Best Test: 62.60%
Epoch: 800, Loss: 0.0000, Train: 100.00%, Valid: 57.40%, Test: 54.20%, Best Valid: 66.60%, Best Test: 62.60%
Epoch: 900, Loss: 0.0000, Train: 100.00%, Valid: 55.60%, Test: 54.40%, Best Valid: 66.60%, Best Test: 62.60%
Epoch: 1000, Loss: 0.0000, Train: 100.00%, Valid: 54.60%, Test: 54.20%, Best Valid: 66.60%, Best Test: 62.60%
Run 08:
Highest Train: 100.00
Highest Valid: 66.60
Highest Test: 64.90
Chosen epoch: 66
Final Train: 100.00
Final Test: 62.60
train:torch.Size([6]), valid:torch.Size([500]), test:torch.Size([1000])
Counting co-occurrence on train-train edges (leakage-free estimator)...
Count penalty frozen (0 train-train edges).
Epoch: 00, Loss: 3.5388, Train: 33.33%, Valid: 21.60%, Test: 21.80%, Best Valid: 21.60%, Best Test: 21.80%
Switching Polynormer to global attention phase.
Epoch: 100, Loss: 2.8564, Train: 33.33%, Valid: 20.60%, Test: 20.30%, Best Valid: 63.60%, Best Test: 66.90%
Epoch: 200, Loss: 0.0000, Train: 100.00%, Valid: 48.00%, Test: 49.80%, Best Valid: 63.60%, Best Test: 66.90%
Epoch: 300, Loss: 0.0000, Train: 100.00%, Valid: 47.20%, Test: 48.70%, Best Valid: 63.60%, Best Test: 66.90%
Epoch: 400, Loss: 0.0000, Train: 100.00%, Valid: 46.60%, Test: 47.70%, Best Valid: 63.60%, Best Test: 66.90%
Epoch: 500, Loss: 0.0001, Train: 100.00%, Valid: 59.20%, Test: 62.20%, Best Valid: 63.60%, Best Test: 66.90%
Epoch: 600, Loss: 0.0002, Train: 100.00%, Valid: 59.60%, Test: 63.90%, Best Valid: 63.60%, Best Test: 66.90%
Epoch: 700, Loss: 0.0000, Train: 100.00%, Valid: 60.80%, Test: 64.20%, Best Valid: 63.60%, Best Test: 66.90%
Epoch: 800, Loss: 0.0001, Train: 100.00%, Valid: 60.60%, Test: 64.10%, Best Valid: 63.60%, Best Test: 66.90%
Epoch: 900, Loss: 0.0000, Train: 100.00%, Valid: 60.00%, Test: 63.50%, Best Valid: 63.60%, Best Test: 66.90%
Epoch: 1000, Loss: 0.0002, Train: 100.00%, Valid: 60.60%, Test: 63.70%, Best Valid: 63.60%, Best Test: 66.90%
Run 09:
Highest Train: 100.00
Highest Valid: 63.60
Highest Test: 67.30
Chosen epoch: 74
Final Train: 100.00
Final Test: 66.90
train:torch.Size([6]), valid:torch.Size([500]), test:torch.Size([1000])
Counting co-occurrence on train-train edges (leakage-free estimator)...
Count penalty frozen (0 train-train edges).
Epoch: 00, Loss: 2.6169, Train: 50.00%, Valid: 28.00%, Test: 25.70%, Best Valid: 28.00%, Best Test: 25.70%
Switching Polynormer to global attention phase.
Epoch: 100, Loss: 2.8564, Train: 33.33%, Valid: 36.00%, Test: 41.10%, Best Valid: 66.60%, Best Test: 62.30%
Epoch: 200, Loss: 0.0000, Train: 100.00%, Valid: 58.40%, Test: 58.20%, Best Valid: 66.80%, Best Test: 64.10%
Epoch: 300, Loss: 0.0000, Train: 100.00%, Valid: 50.80%, Test: 47.50%, Best Valid: 66.80%, Best Test: 64.10%
Epoch: 400, Loss: 0.0000, Train: 100.00%, Valid: 50.80%, Test: 47.70%, Best Valid: 66.80%, Best Test: 64.10%
Epoch: 500, Loss: 0.0024, Train: 100.00%, Valid: 51.00%, Test: 48.20%, Best Valid: 66.80%, Best Test: 64.10%
Epoch: 600, Loss: 0.0000, Train: 100.00%, Valid: 58.80%, Test: 55.80%, Best Valid: 66.80%, Best Test: 64.10%
Epoch: 700, Loss: 0.0000, Train: 100.00%, Valid: 57.60%, Test: 56.30%, Best Valid: 66.80%, Best Test: 64.10%
Epoch: 800, Loss: 0.0001, Train: 100.00%, Valid: 57.60%, Test: 56.20%, Best Valid: 66.80%, Best Test: 64.10%
Epoch: 900, Loss: 0.0000, Train: 100.00%, Valid: 55.20%, Test: 51.90%, Best Valid: 66.80%, Best Test: 64.10%
Epoch: 1000, Loss: 0.0000, Train: 100.00%, Valid: 54.60%, Test: 51.90%, Best Valid: 66.80%, Best Test: 64.10%
Run 10:
Highest Train: 100.00
Highest Valid: 66.80
Highest Test: 64.10
Chosen epoch: 113
Final Train: 100.00
Final Test: 64.10
All runs:
Highest Train: 100.00 ± 0.00
Highest Test: 62.84 ± 5.56
Highest Valid: 63.18 ± 4.47
  Final Train: 100.00 ± 0.00
   Final Test: 61.65 ± 5.18
Saving results to ../results/lowlabel/pubmed/polynormer.csv
Low-label sweep completed.
Task 126 done.
