Fri Aug  7 17:23:12 2026       
+-----------------------------------------------------------------------------------------+
| NVIDIA-SMI 580.159.04             Driver Version: 580.159.04     CUDA Version: 13.0     |
+-----------------------------------------+------------------------+----------------------+
| GPU  Name                 Persistence-M | Bus-Id          Disp.A | Volatile Uncorr. ECC |
| Fan  Temp   Perf          Pwr:Usage/Cap |           Memory-Usage | GPU-Util  Compute M. |
|                                         |                        |               MIG M. |
|=========================================+========================+======================|
|   0  NVIDIA A100-SXM4-80GB          On  |   00000000:01:00.0 Off |                   On |
| N/A   56C    P0            251W /  500W |   46149MiB /  81920MiB |     N/A      Default |
|                                         |                        |              Enabled |
+-----------------------------------------+------------------------+----------------------+
|   1  NVIDIA A100-SXM4-80GB          On  |   00000000:41:00.0 Off |                   On |
| N/A   43C    P0            204W /  500W |   39049MiB /  81920MiB |     N/A      Default |
|                                         |                        |              Enabled |
+-----------------------------------------+------------------------+----------------------+
|   2  NVIDIA A100-SXM4-80GB          On  |   00000000:81:00.0 Off |                   On |
| N/A   46C    P0            147W /  500W |    8010MiB /  81920MiB |     N/A      Default |
|                                         |                        |              Enabled |
+-----------------------------------------+------------------------+----------------------+
|   3  NVIDIA A100-SXM4-80GB          On  |   00000000:C1:00.0 Off |                   On |
| N/A   35C    P0            127W /  500W |    6783MiB /  81920MiB |     N/A      Default |
|                                         |                        |              Enabled |
+-----------------------------------------+------------------------+----------------------+

+-----------------------------------------------------------------------------------------+
| MIG devices:                                                                            |
+------------------+----------------------------------+-----------+-----------------------+
| GPU  GI  CI  MIG |              Shared Memory-Usage |        Vol|        Shared         |
|      ID  ID  Dev |                Shared BAR1-Usage | SM     Unc| CE ENC  DEC  OFA  JPG |
|                  |                                  |        ECC|                       |
|==================+==================================+===========+=======================|
|  1    5   0   0  |              71MiB / 19968MiB    | 28      0 |  2   0    1    0    0 |
|                  |               0MiB / 12271MiB    |           |                       |
+------------------+----------------------------------+-----------+-----------------------+

+-----------------------------------------------------------------------------------------+
| Processes:                                                                              |
|  GPU   GI   CI              PID   Type   Process name                        GPU Memory |
|        ID   ID                                                               Usage      |
|=========================================================================================|
|    0   13    0          2485351      C   ...ware/symmetrix-env/bin/python        572MiB |
|    0   14    0          2485352      C   ...ware/symmetrix-env/bin/python        646MiB |
|    0    5    0          2571963      C   python                                 6544MiB |
|    0    1    0          3373568      C   python                                38106MiB |
|    2    3    0          2959745      C   python                                 6542MiB |
|    2    2    0          3378487      C   ...da3/envs/torch312/bin/python3       1202MiB |
|    3    5    0          2797796      C   python                                 6526MiB |
+-----------------------------------------------------------------------------------------+
Cell: wikics / gcn / budget 5 per class / group 0
python main.py --gnn gcn --dataset wikics --hidden_channels 256 --epochs 1000 --lr 0.001 --runs 3 --local_layers 3 --weight_decay 0.0 --dropout 0.5 --device 0 --ln --runs 10 --train_per_class 5 --budget_tag 5
==========================================================
Low-label sweep: python main.py --gnn gcn --dataset wikics --hidden_channels 256 --epochs 1000 --lr 0.001 --runs 3 --local_layers 3 --weight_decay 0.0 --dropout 0.5 --device 0 --ln --runs 10 --train_per_class 5 --budget_tag 5
result_dir=results/lowlabel conditions=[baseline]
==========================================================
--- baseline ---
Namespace(bn=False, budget_tag='5', count_reg=False, count_smoothing=1.0, cpu=False, data_dir='./data/', dataset='wikics', device=0, display_step=100, dropout=0.5, epochs=1000, gnn='gcn', hidden_channels=256, jk=False, label_num_per_class=20, lambda_val=0.5, ln=True, local_layers=3, lr=0.001, metric='acc', mlp_epochs=500, mlp_reg=False, model='MPNN', model_dir='models', num_heads=1, oracle_reg=False, paired_seeds=True, penalty_transform='none', pre_linear=False, pre_ln=False, rand_split=False, rand_split_class=False, reg_start_epoch=10, reg_update_freq=5, res=False, resample_split_per_run=False, result_dir='results/lowlabel', runs=10, save_model=False, seed=42, test_num=1000, train_per_class=5, train_prop=0.5, use_reg=False, valid_num=500, valid_per_class=0, valid_prop=0.25, weight_decay=0.0)
wikics
dataset wikics | num nodes 11701 | num edge 431726 | num node feats 300 | num classes 10
MODEL: MPNNs(
  (h_lins): ModuleList()
  (local_convs): ModuleList(
    (0): GCNConv(300, 256)
    (1): GCNConv(256, 256)
    (2): GCNConv(256, 256)
  )
  (lins): ModuleList(
    (0): Linear(in_features=300, out_features=256, bias=True)
    (1): Linear(in_features=256, out_features=256, bias=True)
    (2): Linear(in_features=256, out_features=256, bias=True)
  )
  (lns): ModuleList(
    (0): LayerNorm((256,), eps=1e-05, elementwise_affine=True)
    (1): LayerNorm((256,), eps=1e-05, elementwise_affine=True)
    (2): LayerNorm((256,), eps=1e-05, elementwise_affine=True)
  )
  (bns): ModuleList(
    (0): BatchNorm1d(256, eps=1e-05, momentum=0.1, affine=True, track_running_stats=True)
    (1): BatchNorm1d(256, eps=1e-05, momentum=0.1, affine=True, track_running_stats=True)
    (2): BatchNorm1d(256, eps=1e-05, momentum=0.1, affine=True, track_running_stats=True)
  )
  (lin_in): Linear(in_features=300, out_features=256, bias=True)
  (pred_local): Linear(in_features=256, out_features=10, bias=True)
)
Label budget: 5/class -> 50 train nodes
Epoch: 00, Loss: 2.4793, Train: 11.90%, Valid: 13.69%, Test: 13.82%, Best Valid: 13.69%, Best Test: 13.82%
Epoch: 100, Loss: 0.0286, Train: 72.59%, Valid: 71.75%, Test: 70.81%, Best Valid: 72.11%, Best Test: 70.91%
Epoch: 200, Loss: 0.0070, Train: 72.76%, Valid: 71.44%, Test: 70.72%, Best Valid: 72.28%, Best Test: 70.87%
Epoch: 300, Loss: 0.0040, Train: 72.59%, Valid: 71.81%, Test: 70.55%, Best Valid: 72.35%, Best Test: 71.71%
Epoch: 400, Loss: 0.0038, Train: 72.24%, Valid: 71.73%, Test: 70.72%, Best Valid: 72.35%, Best Test: 71.71%
Epoch: 500, Loss: 0.0020, Train: 72.24%, Valid: 71.58%, Test: 70.65%, Best Valid: 72.35%, Best Test: 71.71%
Epoch: 600, Loss: 0.0007, Train: 72.76%, Valid: 71.82%, Test: 70.86%, Best Valid: 72.35%, Best Test: 71.71%
Epoch: 700, Loss: 0.0009, Train: 72.07%, Valid: 71.50%, Test: 70.50%, Best Valid: 72.35%, Best Test: 71.71%
Epoch: 800, Loss: 0.0007, Train: 72.93%, Valid: 72.28%, Test: 71.35%, Best Valid: 72.35%, Best Test: 71.71%
Epoch: 900, Loss: 0.0009, Train: 72.41%, Valid: 71.29%, Test: 70.70%, Best Valid: 72.35%, Best Test: 71.71%
Run 01:
Highest Train: 73.79
Highest Valid: 72.35
Highest Test: 71.76
Chosen epoch: 254
Final Train: 73.10
Final Test: 71.71
Label budget: 5/class -> 50 train nodes
Epoch: 00, Loss: 2.4262, Train: 15.00%, Valid: 15.32%, Test: 15.29%, Best Valid: 15.32%, Best Test: 15.29%
Epoch: 100, Loss: 0.0299, Train: 66.03%, Valid: 64.49%, Test: 63.67%, Best Valid: 67.18%, Best Test: 65.93%
Epoch: 200, Loss: 0.0116, Train: 64.14%, Valid: 63.90%, Test: 62.75%, Best Valid: 67.18%, Best Test: 65.93%
Epoch: 300, Loss: 0.0023, Train: 63.79%, Valid: 63.67%, Test: 62.44%, Best Valid: 67.18%, Best Test: 65.93%
Epoch: 400, Loss: 0.0023, Train: 63.62%, Valid: 63.39%, Test: 62.41%, Best Valid: 67.18%, Best Test: 65.93%
Epoch: 500, Loss: 0.0021, Train: 63.62%, Valid: 64.32%, Test: 63.06%, Best Valid: 67.18%, Best Test: 65.93%
Epoch: 600, Loss: 0.0007, Train: 63.28%, Valid: 62.99%, Test: 61.88%, Best Valid: 67.18%, Best Test: 65.93%
Epoch: 700, Loss: 0.0009, Train: 65.86%, Valid: 65.76%, Test: 65.11%, Best Valid: 67.39%, Best Test: 66.77%
Epoch: 800, Loss: 0.0009, Train: 65.86%, Valid: 65.38%, Test: 64.60%, Best Valid: 67.39%, Best Test: 66.77%
Epoch: 900, Loss: 0.0007, Train: 65.52%, Valid: 65.38%, Test: 64.43%, Best Valid: 67.39%, Best Test: 66.77%
Run 02:
Highest Train: 68.10
Highest Valid: 67.39
Highest Test: 66.77
Chosen epoch: 630
Final Train: 67.41
Final Test: 66.77
Label budget: 5/class -> 50 train nodes
Epoch: 00, Loss: 2.5572, Train: 2.76%, Valid: 2.69%, Test: 2.63%, Best Valid: 2.69%, Best Test: 2.63%
Epoch: 100, Loss: 0.0521, Train: 64.48%, Valid: 61.09%, Test: 59.67%, Best Valid: 68.32%, Best Test: 66.55%
Epoch: 200, Loss: 0.0084, Train: 63.79%, Valid: 61.55%, Test: 59.60%, Best Valid: 68.32%, Best Test: 66.55%
Epoch: 300, Loss: 0.0031, Train: 61.21%, Valid: 59.67%, Test: 57.89%, Best Valid: 68.32%, Best Test: 66.55%
Epoch: 400, Loss: 0.0019, Train: 62.59%, Valid: 59.82%, Test: 58.12%, Best Valid: 68.32%, Best Test: 66.55%
Epoch: 500, Loss: 0.0012, Train: 63.62%, Valid: 61.66%, Test: 59.60%, Best Valid: 68.32%, Best Test: 66.55%
Epoch: 600, Loss: 0.0010, Train: 63.79%, Valid: 61.45%, Test: 59.45%, Best Valid: 68.32%, Best Test: 66.55%
Epoch: 700, Loss: 0.0006, Train: 62.59%, Valid: 60.85%, Test: 58.90%, Best Valid: 68.32%, Best Test: 66.55%
Epoch: 800, Loss: 0.0010, Train: 62.93%, Valid: 60.85%, Test: 58.97%, Best Valid: 68.32%, Best Test: 66.55%
Epoch: 900, Loss: 0.0004, Train: 59.66%, Valid: 58.10%, Test: 56.64%, Best Valid: 68.32%, Best Test: 66.55%
Run 03:
Highest Train: 70.00
Highest Valid: 68.32
Highest Test: 66.55
Chosen epoch: 47
Final Train: 68.97
Final Test: 66.55
Label budget: 5/class -> 50 train nodes
Epoch: 00, Loss: 2.4212, Train: 12.59%, Valid: 13.59%, Test: 13.61%, Best Valid: 13.59%, Best Test: 13.61%
Epoch: 100, Loss: 0.0259, Train: 65.86%, Valid: 63.69%, Test: 62.48%, Best Valid: 68.28%, Best Test: 67.42%
Epoch: 200, Loss: 0.0072, Train: 66.03%, Valid: 64.13%, Test: 63.14%, Best Valid: 68.28%, Best Test: 67.42%
Epoch: 300, Loss: 0.0022, Train: 64.48%, Valid: 63.01%, Test: 61.98%, Best Valid: 68.28%, Best Test: 67.42%
Epoch: 400, Loss: 0.0025, Train: 64.66%, Valid: 62.40%, Test: 61.52%, Best Valid: 68.28%, Best Test: 67.42%
Epoch: 500, Loss: 0.0012, Train: 65.52%, Valid: 63.05%, Test: 62.31%, Best Valid: 68.28%, Best Test: 67.42%
Epoch: 600, Loss: 0.0006, Train: 64.66%, Valid: 61.79%, Test: 60.80%, Best Valid: 68.28%, Best Test: 67.42%
Epoch: 700, Loss: 0.0006, Train: 64.48%, Valid: 62.04%, Test: 60.80%, Best Valid: 68.28%, Best Test: 67.42%
Epoch: 800, Loss: 0.0005, Train: 65.17%, Valid: 62.42%, Test: 61.30%, Best Valid: 68.28%, Best Test: 67.42%
Epoch: 900, Loss: 0.0003, Train: 66.90%, Valid: 63.75%, Test: 62.84%, Best Valid: 68.28%, Best Test: 67.42%
Run 04:
Highest Train: 68.97
Highest Valid: 68.28
Highest Test: 67.42
Chosen epoch: 26
Final Train: 68.62
Final Test: 67.42
Label budget: 5/class -> 50 train nodes
Epoch: 00, Loss: 2.5161, Train: 15.86%, Valid: 16.12%, Test: 15.92%, Best Valid: 16.12%, Best Test: 15.92%
Epoch: 100, Loss: 0.0262, Train: 67.59%, Valid: 65.53%, Test: 65.16%, Best Valid: 67.54%, Best Test: 66.48%
Epoch: 200, Loss: 0.0071, Train: 67.24%, Valid: 65.62%, Test: 64.97%, Best Valid: 67.54%, Best Test: 66.48%
Epoch: 300, Loss: 0.0037, Train: 66.90%, Valid: 65.07%, Test: 64.61%, Best Valid: 67.54%, Best Test: 66.48%
Epoch: 400, Loss: 0.0028, Train: 67.76%, Valid: 65.91%, Test: 65.49%, Best Valid: 67.54%, Best Test: 66.48%
Epoch: 500, Loss: 0.0012, Train: 66.38%, Valid: 64.47%, Test: 63.76%, Best Valid: 67.54%, Best Test: 66.48%
Epoch: 600, Loss: 0.0034, Train: 66.72%, Valid: 64.28%, Test: 64.19%, Best Valid: 70.82%, Best Test: 70.77%
Epoch: 700, Loss: 0.0016, Train: 68.10%, Valid: 65.72%, Test: 65.32%, Best Valid: 70.82%, Best Test: 70.77%
Epoch: 800, Loss: 0.0009, Train: 68.10%, Valid: 65.64%, Test: 65.42%, Best Valid: 70.82%, Best Test: 70.77%
Epoch: 900, Loss: 0.0007, Train: 67.59%, Valid: 65.95%, Test: 65.42%, Best Valid: 70.82%, Best Test: 70.77%
Run 05:
Highest Train: 72.07
Highest Valid: 70.82
Highest Test: 70.77
Chosen epoch: 558
Final Train: 72.07
Final Test: 70.77
Label budget: 5/class -> 50 train nodes
Epoch: 00, Loss: 2.3771, Train: 13.28%, Valid: 14.16%, Test: 14.35%, Best Valid: 14.16%, Best Test: 14.35%
Epoch: 100, Loss: 0.0601, Train: 70.17%, Valid: 67.50%, Test: 67.18%, Best Valid: 69.70%, Best Test: 69.63%
Epoch: 200, Loss: 0.0142, Train: 71.38%, Valid: 68.85%, Test: 68.96%, Best Valid: 69.70%, Best Test: 69.63%
Epoch: 300, Loss: 0.0031, Train: 70.86%, Valid: 68.34%, Test: 68.33%, Best Valid: 69.70%, Best Test: 69.63%
Epoch: 400, Loss: 0.0024, Train: 70.17%, Valid: 67.65%, Test: 67.80%, Best Valid: 69.70%, Best Test: 69.63%
Epoch: 500, Loss: 0.0013, Train: 70.17%, Valid: 67.46%, Test: 66.79%, Best Valid: 69.70%, Best Test: 69.63%
Epoch: 600, Loss: 0.0015, Train: 71.03%, Valid: 67.48%, Test: 67.57%, Best Valid: 69.70%, Best Test: 69.63%
Epoch: 700, Loss: 0.0008, Train: 70.34%, Valid: 67.82%, Test: 68.02%, Best Valid: 69.70%, Best Test: 69.63%
Epoch: 800, Loss: 0.0015, Train: 69.31%, Valid: 67.39%, Test: 67.28%, Best Valid: 69.70%, Best Test: 69.63%
Epoch: 900, Loss: 0.0004, Train: 70.17%, Valid: 67.54%, Test: 67.64%, Best Valid: 69.70%, Best Test: 69.63%
Run 06:
Highest Train: 71.90
Highest Valid: 69.70
Highest Test: 69.63
Chosen epoch: 79
Final Train: 70.17
Final Test: 69.63
Label budget: 5/class -> 50 train nodes
Epoch: 00, Loss: 2.5047, Train: 13.10%, Valid: 11.87%, Test: 12.26%, Best Valid: 11.87%, Best Test: 12.26%
Epoch: 100, Loss: 0.0479, Train: 68.10%, Valid: 64.20%, Test: 64.14%, Best Valid: 69.70%, Best Test: 68.55%
Epoch: 200, Loss: 0.0105, Train: 69.83%, Valid: 65.36%, Test: 65.04%, Best Valid: 69.70%, Best Test: 68.55%
Epoch: 300, Loss: 0.0019, Train: 69.83%, Valid: 65.17%, Test: 65.38%, Best Valid: 69.70%, Best Test: 68.55%
Epoch: 400, Loss: 0.0019, Train: 69.66%, Valid: 65.24%, Test: 65.09%, Best Valid: 69.70%, Best Test: 68.55%
Epoch: 500, Loss: 0.0014, Train: 69.66%, Valid: 65.47%, Test: 65.33%, Best Valid: 69.70%, Best Test: 68.55%
Epoch: 600, Loss: 0.0007, Train: 69.66%, Valid: 65.64%, Test: 65.42%, Best Valid: 69.70%, Best Test: 68.55%
Epoch: 700, Loss: 0.0008, Train: 69.83%, Valid: 65.07%, Test: 65.04%, Best Valid: 69.70%, Best Test: 68.55%
Epoch: 800, Loss: 0.0006, Train: 69.83%, Valid: 64.96%, Test: 65.01%, Best Valid: 69.70%, Best Test: 68.55%
Epoch: 900, Loss: 0.0089, Train: 69.14%, Valid: 65.79%, Test: 64.97%, Best Valid: 69.70%, Best Test: 68.55%
Run 07:
Highest Train: 73.62
Highest Valid: 69.70
Highest Test: 68.62
Chosen epoch: 38
Final Train: 72.93
Final Test: 68.55
Label budget: 5/class -> 50 train nodes
Epoch: 00, Loss: 2.4200, Train: 12.76%, Valid: 13.84%, Test: 13.84%, Best Valid: 13.84%, Best Test: 13.84%
Epoch: 100, Loss: 0.0565, Train: 56.38%, Valid: 52.45%, Test: 51.63%, Best Valid: 58.17%, Best Test: 57.19%
Epoch: 200, Loss: 0.0145, Train: 56.03%, Valid: 53.43%, Test: 52.44%, Best Valid: 58.17%, Best Test: 57.19%
Epoch: 300, Loss: 0.0033, Train: 56.03%, Valid: 53.70%, Test: 52.64%, Best Valid: 58.17%, Best Test: 57.19%
Epoch: 400, Loss: 0.0024, Train: 55.69%, Valid: 53.13%, Test: 52.61%, Best Valid: 58.17%, Best Test: 57.19%
Epoch: 500, Loss: 0.0008, Train: 55.17%, Valid: 53.07%, Test: 51.94%, Best Valid: 58.17%, Best Test: 57.19%
Epoch: 600, Loss: 0.0009, Train: 55.17%, Valid: 53.41%, Test: 52.47%, Best Valid: 58.17%, Best Test: 57.19%
Epoch: 700, Loss: 0.0014, Train: 57.41%, Valid: 56.67%, Test: 55.53%, Best Valid: 62.02%, Best Test: 61.43%
Epoch: 800, Loss: 0.0006, Train: 56.55%, Valid: 54.97%, Test: 53.93%, Best Valid: 62.02%, Best Test: 61.43%
Epoch: 900, Loss: 0.0003, Train: 56.72%, Valid: 55.21%, Test: 53.94%, Best Valid: 62.02%, Best Test: 61.43%
Run 08:
Highest Train: 62.59
Highest Valid: 62.02
Highest Test: 61.43
Chosen epoch: 651
Final Train: 62.59
Final Test: 61.43
Label budget: 5/class -> 50 train nodes
Epoch: 00, Loss: 2.4331, Train: 9.14%, Valid: 7.30%, Test: 7.47%, Best Valid: 7.30%, Best Test: 7.47%
Epoch: 100, Loss: 0.0280, Train: 67.59%, Valid: 61.96%, Test: 61.45%, Best Valid: 67.39%, Best Test: 66.67%
Epoch: 200, Loss: 0.0072, Train: 67.07%, Valid: 62.08%, Test: 61.71%, Best Valid: 67.39%, Best Test: 66.67%
Epoch: 300, Loss: 0.0043, Train: 66.90%, Valid: 61.64%, Test: 61.28%, Best Valid: 67.39%, Best Test: 66.67%
Epoch: 400, Loss: 0.0031, Train: 66.72%, Valid: 61.83%, Test: 61.43%, Best Valid: 67.39%, Best Test: 66.67%
Epoch: 500, Loss: 0.0010, Train: 66.90%, Valid: 61.91%, Test: 61.54%, Best Valid: 67.39%, Best Test: 66.67%
Epoch: 600, Loss: 0.0017, Train: 67.24%, Valid: 61.87%, Test: 61.48%, Best Valid: 67.39%, Best Test: 66.67%
Epoch: 700, Loss: 0.0015, Train: 66.90%, Valid: 61.95%, Test: 61.48%, Best Valid: 67.39%, Best Test: 66.67%
Epoch: 800, Loss: 0.0007, Train: 66.55%, Valid: 61.47%, Test: 61.06%, Best Valid: 67.39%, Best Test: 66.67%
Epoch: 900, Loss: 0.0002, Train: 66.72%, Valid: 61.49%, Test: 60.99%, Best Valid: 67.39%, Best Test: 66.67%
Run 09:
Highest Train: 73.28
Highest Valid: 67.39
Highest Test: 67.04
Chosen epoch: 44
Final Train: 73.28
Final Test: 66.67
Label budget: 5/class -> 50 train nodes
Epoch: 00, Loss: 2.4157, Train: 15.52%, Valid: 16.36%, Test: 16.37%, Best Valid: 16.36%, Best Test: 16.37%
Epoch: 100, Loss: 0.0411, Train: 62.93%, Valid: 58.74%, Test: 58.63%, Best Valid: 61.68%, Best Test: 61.86%
Epoch: 200, Loss: 0.0125, Train: 62.93%, Valid: 58.38%, Test: 58.32%, Best Valid: 61.68%, Best Test: 61.86%
Epoch: 300, Loss: 0.0039, Train: 63.45%, Valid: 59.63%, Test: 59.24%, Best Valid: 61.68%, Best Test: 61.86%
Epoch: 400, Loss: 0.0035, Train: 62.59%, Valid: 59.20%, Test: 58.97%, Best Valid: 61.68%, Best Test: 61.86%
Epoch: 500, Loss: 0.0013, Train: 63.62%, Valid: 59.69%, Test: 59.50%, Best Valid: 61.68%, Best Test: 61.86%
Epoch: 600, Loss: 0.0168, Train: 59.48%, Valid: 55.10%, Test: 54.83%, Best Valid: 67.56%, Best Test: 66.82%
Epoch: 700, Loss: 0.0022, Train: 64.83%, Valid: 61.22%, Test: 60.92%, Best Valid: 67.56%, Best Test: 66.82%
Epoch: 800, Loss: 0.0015, Train: 65.34%, Valid: 60.47%, Test: 60.48%, Best Valid: 67.56%, Best Test: 66.82%
Epoch: 900, Loss: 0.0007, Train: 63.62%, Valid: 60.16%, Test: 60.12%, Best Valid: 67.56%, Best Test: 66.82%
Run 10:
Highest Train: 72.41
Highest Valid: 67.56
Highest Test: 66.82
Chosen epoch: 581
Final Train: 72.41
Final Test: 66.82
All runs:
Highest Train: 70.67 ± 3.45
Highest Test: 67.68 ± 2.85
Highest Valid: 68.35 ± 2.76
  Final Train: 70.16 ± 3.39
   Final Test: 67.63 ± 2.85
Saving results to results/lowlabel/wikics/MPNN_gcn.csv
Low-label sweep completed.
Task 255 done.
