Fri Aug 14 15:34:54 2026       
+-----------------------------------------------------------------------------------------+
| NVIDIA-SMI 580.159.04             Driver Version: 580.159.04     CUDA Version: 13.0     |
+-----------------------------------------+------------------------+----------------------+
| GPU  Name                 Persistence-M | Bus-Id          Disp.A | Volatile Uncorr. ECC |
| Fan  Temp   Perf          Pwr:Usage/Cap |           Memory-Usage | GPU-Util  Compute M. |
|                                         |                        |               MIG M. |
|=========================================+========================+======================|
|   0  NVIDIA A100-SXM4-80GB          On  |   00000000:01:00.0 Off |                   On |
| N/A   57C    P0            260W /  500W |   38781MiB /  81920MiB |     N/A      Default |
|                                         |                        |              Enabled |
+-----------------------------------------+------------------------+----------------------+
|   1  NVIDIA A100-SXM4-80GB          On  |   00000000:41:00.0 Off |                   On |
| N/A   48C    P0            243W /  500W |   39287MiB /  81920MiB |     N/A      Default |
|                                         |                        |              Enabled |
+-----------------------------------------+------------------------+----------------------+
|   2  NVIDIA A100-SXM4-80GB          On  |   00000000:81:00.0 Off |                   On |
| N/A   59C    P0            269W /  500W |   39987MiB /  81920MiB |     N/A      Default |
|                                         |                        |              Enabled |
+-----------------------------------------+------------------------+----------------------+
|   3  NVIDIA A100-SXM4-80GB          On  |   00000000:C1:00.0 Off |                   On |
| N/A   47C    P0            267W /  500W |   23583MiB /  81920MiB |     N/A      Default |
|                                         |                        |              Enabled |
+-----------------------------------------+------------------------+----------------------+

+-----------------------------------------------------------------------------------------+
| MIG devices:                                                                            |
+------------------+----------------------------------+-----------+-----------------------+
| GPU  GI  CI  MIG |              Shared Memory-Usage |        Vol|        Shared         |
|      ID  ID  Dev |                Shared BAR1-Usage | SM     Unc| CE ENC  DEC  OFA  JPG |
|                  |                                  |        ECC|                       |
|==================+==================================+===========+=======================|
|  0    5   0   0  |              71MiB / 19968MiB    | 28      0 |  2   0    1    0    0 |
|                  |               0MiB / 12271MiB    |           |                       |
+------------------+----------------------------------+-----------+-----------------------+

+-----------------------------------------------------------------------------------------+
| Processes:                                                                              |
|  GPU   GI   CI              PID   Type   Process name                        GPU Memory |
|        ID   ID                                                               Usage      |
|=========================================================================================|
|    1   13    0          1181099      C   ...ware/symmetrix-env/bin/python        856MiB |
|    1   14    0          1181106      C   ...ware/symmetrix-env/bin/python        996MiB |
|    1    1    0          1194552      C   python                                37100MiB |
|    2    9    0          1181096      C   ...ware/symmetrix-env/bin/python       1136MiB |
|    2   10    0          1181104      C   ...ware/symmetrix-env/bin/python       1416MiB |
|    2    2    0          1194803      C   python                                37100MiB |
|    3   13    0          1181107      C   ...ware/symmetrix-env/bin/python       1736MiB |
|    3   14    0          1181108      C   ...ware/symmetrix-env/bin/python       2358MiB |
|    3    1    0          1195382      C   python                                19156MiB |
+-----------------------------------------------------------------------------------------+
Cell: citeseer / polynormer / budget 50 per class / group 4
shuffle group only runs at budgets 2 and 5 — nothing to do.
