Thu Sep 10 14:23:13 2026       
+-----------------------------------------------------------------------------------------+
| NVIDIA-SMI 580.159.04             Driver Version: 580.159.04     CUDA Version: 13.0     |
+-----------------------------------------+------------------------+----------------------+
| GPU  Name                 Persistence-M | Bus-Id          Disp.A | Volatile Uncorr. ECC |
| Fan  Temp   Perf          Pwr:Usage/Cap |           Memory-Usage | GPU-Util  Compute M. |
|                                         |                        |               MIG M. |
|=========================================+========================+======================|
|   0  NVIDIA A100-SXM4-80GB          On  |   00000000:01:00.0 Off |                   On |
| N/A   28C    P0             52W /  500W |     249MiB /  81920MiB |     N/A      Default |
|                                         |                        |              Enabled |
+-----------------------------------------+------------------------+----------------------+
|   1  NVIDIA A100-SXM4-80GB          On  |   00000000:41:00.0 Off |                   On |
| N/A   34C    P0            105W /  500W |   36422MiB /  81920MiB |     N/A      Default |
|                                         |                        |              Enabled |
+-----------------------------------------+------------------------+----------------------+
|   2  NVIDIA A100-SXM4-80GB          On  |   00000000:81:00.0 Off |                   On |
| N/A   46C    P0            208W /  500W |   20814MiB /  81920MiB |     N/A      Default |
|                                         |                        |              Enabled |
+-----------------------------------------+------------------------+----------------------+
|   3  NVIDIA A100-SXM4-80GB          On  |   00000000:C1:00.0 Off |                   On |
| N/A   25C    P0             49W /  500W |     249MiB /  81920MiB |     N/A      Default |
|                                         |                        |              Enabled |
+-----------------------------------------+------------------------+----------------------+

+-----------------------------------------------------------------------------------------+
| MIG devices:                                                                            |
+------------------+----------------------------------+-----------+-----------------------+
| GPU  GI  CI  MIG |              Shared Memory-Usage |        Vol|        Shared         |
|      ID  ID  Dev |                Shared BAR1-Usage | SM     Unc| CE ENC  DEC  OFA  JPG |
|                  |                                  |        ECC|                       |
|==================+==================================+===========+=======================|
|  0    5   0   0  |              71MiB / 19968MiB    | 28      0 |  2   0    1    0    0 |
|                  |               0MiB / 12271MiB    |           |                       |
+------------------+----------------------------------+-----------+-----------------------+

+-----------------------------------------------------------------------------------------+
| Processes:                                                                              |
|  GPU   GI   CI              PID   Type   Process name                        GPU Memory |
|        ID   ID                                                               Usage      |
|=========================================================================================|
|    1    3    0           378421      C   python                                 1934MiB |
|    1    2    0           669241      C   .../geller/tb439/env2/bin/python      34222MiB |
|    2    2    0           684775      C   python                                12624MiB |
|    2    3    0           739923      C   python                                 7924MiB |
+-----------------------------------------------------------------------------------------+
Control cell: amazon-ratings / gcn / budget 20 per class / mlp -> results/lowlabel_mv
python main.py --gnn gcn --dataset amazon-ratings --hidden_channels 512 --epochs 2500 --lr 0.001 --runs 3 --local_layers 4 --weight_decay 0.0 --dropout 0.5 --device 0 --bn --res --runs 10 --train_per_class 20 --valid_per_class 20 --budget_tag 20
==========================================================
Low-label sweep: python main.py --gnn gcn --dataset amazon-ratings --hidden_channels 512 --epochs 2500 --lr 0.001 --runs 3 --local_layers 4 --weight_decay 0.0 --dropout 0.5 --device 0 --bn --res --runs 10 --train_per_class 20 --valid_per_class 20 --budget_tag 20
result_dir=results/lowlabel_mv conditions=[mlp]
==========================================================
--- mlp_reg | lambda=0.01 ---
    (already completed — requeue resume, skipping)
--- mlp_reg | lambda=0.05 ---
    (already completed — requeue resume, skipping)
--- mlp_reg | lambda=0.1 ---
    (already completed — requeue resume, skipping)
--- mlp_reg | lambda=0.2 ---
