Thu Aug 13 09:30:08 2026       
+-----------------------------------------------------------------------------------------+
| NVIDIA-SMI 580.159.04             Driver Version: 580.159.04     CUDA Version: 13.0     |
+-----------------------------------------+------------------------+----------------------+
| GPU  Name                 Persistence-M | Bus-Id          Disp.A | Volatile Uncorr. ECC |
| Fan  Temp   Perf          Pwr:Usage/Cap |           Memory-Usage | GPU-Util  Compute M. |
|                                         |                        |               MIG M. |
|=========================================+========================+======================|
|   0  NVIDIA A100-SXM4-80GB          On  |   00000000:01:00.0 Off |                   On |
| N/A   53C    P0            257W /  500W |   41782MiB /  81920MiB |     N/A      Default |
|                                         |                        |              Enabled |
+-----------------------------------------+------------------------+----------------------+
|   1  NVIDIA A100-SXM4-80GB          On  |   00000000:41:00.0 Off |                   On |
| N/A   42C    P0            168W /  500W |   39528MiB /  81920MiB |     N/A      Default |
|                                         |                        |              Enabled |
+-----------------------------------------+------------------------+----------------------+
|   2  NVIDIA A100-SXM4-80GB          On  |   00000000:81:00.0 Off |                   On |
| N/A   51C    P0            198W /  500W |   39528MiB /  81920MiB |     N/A      Default |
|                                         |                        |              Enabled |
+-----------------------------------------+------------------------+----------------------+
|   3  NVIDIA A100-SXM4-80GB          On  |   00000000:C1:00.0 Off |                   On |
| N/A   44C    P0            234W /  500W |   41452MiB /  81920MiB |     N/A      Default |
|                                         |                        |              Enabled |
+-----------------------------------------+------------------------+----------------------+

+-----------------------------------------------------------------------------------------+
| MIG devices:                                                                            |
+------------------+----------------------------------+-----------+-----------------------+
| GPU  GI  CI  MIG |              Shared Memory-Usage |        Vol|        Shared         |
|      ID  ID  Dev |                Shared BAR1-Usage | SM     Unc| CE ENC  DEC  OFA  JPG |
|                  |                                  |        ECC|                       |
|==================+==================================+===========+=======================|
|  1    3   0   0  |              71MiB / 19968MiB    | 28      0 |  2   0    1    0    0 |
|                  |               0MiB / 12271MiB    |           |                       |
+------------------+----------------------------------+-----------+-----------------------+

+-----------------------------------------------------------------------------------------+
| Processes:                                                                              |
|  GPU   GI   CI              PID   Type   Process name                        GPU Memory |
|        ID   ID                                                               Usage      |
|=========================================================================================|
|    0    2    0           496671      C   python                                39270MiB |
|    0    3    0          1181573      C   python                                 2246MiB |
|    2    2    0           496702      C   python                                39270MiB |
|    3    1    0           496703      C   python                                39270MiB |
|    3    5    0          1183822      C   python                                 1916MiB |
+-----------------------------------------------------------------------------------------+
Cell: wikics / gcn / budget 5 per class / group 0
python main.py --gnn gcn --dataset wikics --hidden_channels 256 --epochs 1000 --lr 0.001 --runs 3 --local_layers 3 --weight_decay 0.0 --dropout 0.5 --device 0 --ln --runs 10 --train_per_class 5 --budget_tag 5
==========================================================
Low-label sweep: python main.py --gnn gcn --dataset wikics --hidden_channels 256 --epochs 1000 --lr 0.001 --runs 3 --local_layers 3 --weight_decay 0.0 --dropout 0.5 --device 0 --ln --runs 10 --train_per_class 5 --budget_tag 5
result_dir=results/lowlabel conditions=[baseline]
==========================================================
--- baseline ---
    (already completed — requeue resume, skipping)
Low-label sweep completed.
Task 255 done.
