Thu Aug 13 08:20:27 2026       
+-----------------------------------------------------------------------------------------+
| NVIDIA-SMI 580.159.04             Driver Version: 580.159.04     CUDA Version: 13.0     |
+-----------------------------------------+------------------------+----------------------+
| GPU  Name                 Persistence-M | Bus-Id          Disp.A | Volatile Uncorr. ECC |
| Fan  Temp   Perf          Pwr:Usage/Cap |           Memory-Usage | GPU-Util  Compute M. |
|                                         |                        |               MIG M. |
|=========================================+========================+======================|
|   0  NVIDIA A100-SXM4-80GB          On  |   00000000:01:00.0 Off |                   On |
| N/A   50C    P0            198W /  500W |   39528MiB /  81920MiB |     N/A      Default |
|                                         |                        |              Enabled |
+-----------------------------------------+------------------------+----------------------+
|   1  NVIDIA A100-SXM4-80GB          On  |   00000000:41:00.0 Off |                   On |
| N/A   49C    P0            246W /  500W |   42104MiB /  81920MiB |     N/A      Default |
|                                         |                        |              Enabled |
+-----------------------------------------+------------------------+----------------------+
|   2  NVIDIA A100-SXM4-80GB          On  |   00000000:81:00.0 Off |                   On |
| N/A   52C    P0            204W /  500W |   39742MiB /  81920MiB |     N/A      Default |
|                                         |                        |              Enabled |
+-----------------------------------------+------------------------+----------------------+
|   3  NVIDIA A100-SXM4-80GB          On  |   00000000:C1:00.0 Off |                   On |
| N/A   46C    P0            249W /  500W |   42106MiB /  81920MiB |     N/A      Default |
|                                         |                        |              Enabled |
+-----------------------------------------+------------------------+----------------------+

+-----------------------------------------------------------------------------------------+
| MIG devices:                                                                            |
+------------------+----------------------------------+-----------+-----------------------+
| GPU  GI  CI  MIG |              Shared Memory-Usage |        Vol|        Shared         |
|      ID  ID  Dev |                Shared BAR1-Usage | SM     Unc| CE ENC  DEC  OFA  JPG |
|                  |                                  |        ECC|                       |
|==================+==================================+===========+=======================|
|  0    3   0   0  |              71MiB / 19968MiB    | 28      0 |  2   0    1    0    0 |
|                  |               0MiB / 12271MiB    |           |                       |
+------------------+----------------------------------+-----------+-----------------------+

+-----------------------------------------------------------------------------------------+
| Processes:                                                                              |
|  GPU   GI   CI              PID   Type   Process name                        GPU Memory |
|        ID   ID                                                               Usage      |
|=========================================================================================|
|    1    2    0           496670      C   python                                39270MiB |
|    1    3    0          1143491      C   python                                 2568MiB |
|    2    2    0           496702      C   python                                39270MiB |
|    2    3    0           803155      C   ...88/conda/envs/py39/bin/python        206MiB |
|    3    1    0           496703      C   python                                39270MiB |
|    3    5    0          1140949      C   python                                 2570MiB |
+-----------------------------------------------------------------------------------------+
Cell: wikics / gcn / budget 2 per class / group 1
python main.py --gnn gcn --dataset wikics --hidden_channels 256 --epochs 1000 --lr 0.001 --runs 3 --local_layers 3 --weight_decay 0.0 --dropout 0.5 --device 0 --ln --runs 10 --train_per_class 2 --budget_tag 2
==========================================================
Low-label sweep: python main.py --gnn gcn --dataset wikics --hidden_channels 256 --epochs 1000 --lr 0.001 --runs 3 --local_layers 3 --weight_decay 0.0 --dropout 0.5 --device 0 --ln --runs 10 --train_per_class 2 --budget_tag 2
result_dir=results/lowlabel conditions=[count]
==========================================================
--- count_reg | lambda=0.01 ---
    (already completed — requeue resume, skipping)
--- count_reg | lambda=0.05 ---
    (already completed — requeue resume, skipping)
--- count_reg | lambda=0.1 ---
    (already completed — requeue resume, skipping)
--- count_reg | lambda=0.2 ---
    (already completed — requeue resume, skipping)
--- count_reg | lambda=0.4 ---
    (already completed — requeue resume, skipping)
--- count_reg | lambda=0.8 ---
    (already completed — requeue resume, skipping)
--- count_reg | lambda=1.6 ---
Namespace(bn=False, budget_tag='2', count_reg=True, count_smoothing=1.0, cpu=False, data_dir='./data/', dataset='wikics', device=0, display_step=100, dropout=0.5, epochs=1000, gnn='gcn', hidden_channels=256, jk=False, label_num_per_class=20, lambda_val=1.6, ln=True, local_layers=3, lr=0.001, metric='acc', mlp_epochs=500, mlp_reg=False, model='MPNN', model_dir='models', num_heads=1, oracle_reg=False, paired_seeds=True, penalty_transform='none', pre_linear=False, pre_ln=False, rand_split=False, rand_split_class=False, reg_start_epoch=10, reg_update_freq=5, res=False, resample_split_per_run=False, result_dir='results/lowlabel', runs=10, save_model=False, seed=42, test_num=1000, train_per_class=2, train_prop=0.5, use_reg=True, valid_num=500, valid_per_class=0, valid_prop=0.25, weight_decay=0.0)
wikics
dataset wikics | num nodes 11701 | num edge 431726 | num node feats 300 | num classes 10
MODEL: MPNNs(
  (h_lins): ModuleList()
  (local_convs): ModuleList(
    (0): GCNConv(300, 256)
    (1): GCNConv(256, 256)
    (2): GCNConv(256, 256)
  )
  (lins): ModuleList(
    (0): Linear(in_features=300, out_features=256, bias=True)
    (1): Linear(in_features=256, out_features=256, bias=True)
    (2): Linear(in_features=256, out_features=256, bias=True)
  )
  (lns): ModuleList(
    (0): LayerNorm((256,), eps=1e-05, elementwise_affine=True)
    (1): LayerNorm((256,), eps=1e-05, elementwise_affine=True)
    (2): LayerNorm((256,), eps=1e-05, elementwise_affine=True)
  )
  (bns): ModuleList(
    (0): BatchNorm1d(256, eps=1e-05, momentum=0.1, affine=True, track_running_stats=True)
    (1): BatchNorm1d(256, eps=1e-05, momentum=0.1, affine=True, track_running_stats=True)
    (2): BatchNorm1d(256, eps=1e-05, momentum=0.1, affine=True, track_running_stats=True)
  )
  (lin_in): Linear(in_features=300, out_features=256, bias=True)
  (pred_local): Linear(in_features=256, out_features=10, bias=True)
)
Label budget: 2/class -> 20 train nodes
Counting co-occurrence on train-train edges (leakage-free estimator)...
Count penalty frozen (0 train-train edges).
Epoch: 00, Loss: 6.2472, Train: 17.76%, Valid: 17.58%, Test: 17.62%, Best Valid: 17.58%, Best Test: 17.62%
Epoch: 100, Loss: 0.0768, Train: 47.59%, Valid: 46.78%, Test: 47.14%, Best Valid: 51.86%, Best Test: 50.61%
Epoch: 200, Loss: 0.0202, Train: 46.55%, Valid: 45.87%, Test: 46.33%, Best Valid: 51.86%, Best Test: 50.61%
Epoch: 300, Loss: 0.0168, Train: 46.03%, Valid: 45.16%, Test: 45.61%, Best Valid: 51.86%, Best Test: 50.61%
Epoch: 400, Loss: 0.0143, Train: 46.21%, Valid: 45.53%, Test: 45.78%, Best Valid: 51.86%, Best Test: 50.61%
Epoch: 500, Loss: 0.0058, Train: 46.38%, Valid: 45.87%, Test: 46.23%, Best Valid: 51.86%, Best Test: 50.61%
Epoch: 600, Loss: 0.0053, Train: 45.86%, Valid: 44.90%, Test: 45.54%, Best Valid: 51.86%, Best Test: 50.61%
Epoch: 700, Loss: 0.0041, Train: 45.52%, Valid: 44.73%, Test: 45.10%, Best Valid: 51.86%, Best Test: 50.61%
Epoch: 800, Loss: 0.0012, Train: 46.21%, Valid: 45.32%, Test: 45.87%, Best Valid: 51.86%, Best Test: 50.61%
Epoch: 900, Loss: 0.0016, Train: 45.69%, Valid: 45.20%, Test: 45.54%, Best Valid: 51.86%, Best Test: 50.61%
Run 01:
Highest Train: 53.97
Highest Valid: 51.86
Highest Test: 51.53
Chosen epoch: 44
Final Train: 53.97
Final Test: 50.61
Label budget: 2/class -> 20 train nodes
Counting co-occurrence on train-train edges (leakage-free estimator)...
Count penalty frozen (0 train-train edges).
Epoch: 00, Loss: 6.2457, Train: 13.45%, Valid: 14.35%, Test: 14.01%, Best Valid: 14.35%, Best Test: 14.01%
Epoch: 100, Loss: 0.0524, Train: 53.62%, Valid: 53.55%, Test: 52.33%, Best Valid: 55.31%, Best Test: 53.65%
Epoch: 200, Loss: 0.0131, Train: 53.97%, Valid: 53.72%, Test: 51.84%, Best Valid: 55.31%, Best Test: 53.65%
Epoch: 300, Loss: 0.0051, Train: 53.28%, Valid: 53.30%, Test: 51.84%, Best Valid: 55.31%, Best Test: 53.65%
Epoch: 400, Loss: 0.0057, Train: 52.41%, Valid: 52.65%, Test: 51.50%, Best Valid: 55.31%, Best Test: 53.65%
Epoch: 500, Loss: 0.0036, Train: 53.45%, Valid: 53.05%, Test: 51.75%, Best Valid: 55.31%, Best Test: 53.65%
Epoch: 600, Loss: 0.0032, Train: 53.28%, Valid: 53.15%, Test: 51.74%, Best Valid: 55.31%, Best Test: 53.65%
Epoch: 700, Loss: 0.0032, Train: 53.28%, Valid: 53.01%, Test: 51.60%, Best Valid: 55.31%, Best Test: 53.65%
Epoch: 800, Loss: 0.0015, Train: 51.72%, Valid: 52.58%, Test: 51.17%, Best Valid: 55.31%, Best Test: 53.65%
Epoch: 900, Loss: 0.0036, Train: 53.28%, Valid: 53.24%, Test: 52.10%, Best Valid: 55.31%, Best Test: 53.65%
Run 02:
Highest Train: 55.86
Highest Valid: 55.31
Highest Test: 53.91
Chosen epoch: 74
Final Train: 55.17
Final Test: 53.65
Label budget: 2/class -> 20 train nodes
Counting co-occurrence on train-train edges (leakage-free estimator)...
Count penalty frozen (2 train-train edges).
Epoch: 00, Loss: 6.5912, Train: 4.31%, Valid: 4.51%, Test: 4.60%, Best Valid: 4.51%, Best Test: 4.60%
Epoch: 100, Loss: 0.0985, Train: 43.97%, Valid: 43.67%, Test: 42.07%, Best Valid: 45.92%, Best Test: 43.89%
Epoch: 200, Loss: 0.0442, Train: 42.59%, Valid: 42.87%, Test: 41.94%, Best Valid: 45.92%, Best Test: 43.89%
Epoch: 300, Loss: 0.0203, Train: 41.72%, Valid: 41.81%, Test: 41.17%, Best Valid: 45.92%, Best Test: 43.89%
Epoch: 400, Loss: 0.0123, Train: 41.55%, Valid: 42.76%, Test: 41.65%, Best Valid: 45.92%, Best Test: 43.89%
Epoch: 500, Loss: 0.0040, Train: 40.34%, Valid: 41.60%, Test: 40.79%, Best Valid: 45.92%, Best Test: 43.89%
Epoch: 600, Loss: 0.0057, Train: 40.86%, Valid: 42.42%, Test: 41.42%, Best Valid: 45.92%, Best Test: 43.89%
Epoch: 700, Loss: 0.0022, Train: 40.34%, Valid: 42.24%, Test: 41.23%, Best Valid: 45.92%, Best Test: 43.89%
Epoch: 800, Loss: 0.0036, Train: 41.38%, Valid: 42.61%, Test: 41.71%, Best Valid: 45.92%, Best Test: 43.89%
Epoch: 900, Loss: 0.0014, Train: 40.17%, Valid: 42.23%, Test: 41.20%, Best Valid: 45.92%, Best Test: 43.89%
Run 03:
Highest Train: 46.03
Highest Valid: 45.92
Highest Test: 43.95
Chosen epoch: 45
Final Train: 46.03
Final Test: 43.89
Label budget: 2/class -> 20 train nodes
Counting co-occurrence on train-train edges (leakage-free estimator)...
Count penalty frozen (0 train-train edges).
Epoch: 00, Loss: 6.1773, Train: 30.34%, Valid: 31.29%, Test: 30.60%, Best Valid: 31.29%, Best Test: 30.60%
Epoch: 100, Loss: 0.0966, Train: 48.62%, Valid: 46.47%, Test: 44.64%, Best Valid: 52.43%, Best Test: 52.37%
Epoch: 200, Loss: 0.0205, Train: 46.90%, Valid: 45.01%, Test: 43.12%, Best Valid: 52.43%, Best Test: 52.37%
Epoch: 300, Loss: 0.0071, Train: 45.69%, Valid: 43.93%, Test: 42.38%, Best Valid: 52.43%, Best Test: 52.37%
Epoch: 400, Loss: 0.0102, Train: 46.38%, Valid: 44.50%, Test: 42.89%, Best Valid: 52.43%, Best Test: 52.37%
Epoch: 500, Loss: 0.0055, Train: 46.90%, Valid: 44.39%, Test: 42.69%, Best Valid: 52.43%, Best Test: 52.37%
Epoch: 600, Loss: 0.0032, Train: 46.55%, Valid: 44.86%, Test: 42.98%, Best Valid: 52.43%, Best Test: 52.37%
Epoch: 700, Loss: 0.0013, Train: 46.03%, Valid: 43.97%, Test: 42.35%, Best Valid: 52.43%, Best Test: 52.37%
Epoch: 800, Loss: 0.0008, Train: 46.21%, Valid: 44.03%, Test: 42.33%, Best Valid: 52.43%, Best Test: 52.37%
Epoch: 900, Loss: 0.0011, Train: 45.86%, Valid: 44.14%, Test: 42.23%, Best Valid: 52.43%, Best Test: 52.37%
Run 04:
Highest Train: 52.93
Highest Valid: 52.43
Highest Test: 52.37
Chosen epoch: 17
Final Train: 52.41
Final Test: 52.37
Label budget: 2/class -> 20 train nodes
Counting co-occurrence on train-train edges (leakage-free estimator)...
Count penalty frozen (0 train-train edges).
Epoch: 00, Loss: 6.4050, Train: 8.62%, Valid: 9.84%, Test: 9.78%, Best Valid: 9.84%, Best Test: 9.78%
Epoch: 100, Loss: 0.0992, Train: 54.83%, Valid: 53.38%, Test: 53.14%, Best Valid: 55.92%, Best Test: 54.87%
Epoch: 200, Loss: 0.0181, Train: 55.00%, Valid: 53.85%, Test: 53.36%, Best Valid: 56.43%, Best Test: 56.06%
Epoch: 300, Loss: 0.0118, Train: 54.48%, Valid: 53.19%, Test: 52.49%, Best Valid: 56.43%, Best Test: 56.06%
Epoch: 400, Loss: 0.0031, Train: 54.14%, Valid: 53.28%, Test: 52.74%, Best Valid: 56.43%, Best Test: 56.06%
Epoch: 500, Loss: 0.0034, Train: 53.45%, Valid: 52.50%, Test: 51.92%, Best Valid: 56.43%, Best Test: 56.06%
Epoch: 600, Loss: 0.0033, Train: 54.83%, Valid: 52.96%, Test: 52.42%, Best Valid: 56.43%, Best Test: 56.06%
Epoch: 700, Loss: 0.0043, Train: 54.48%, Valid: 53.20%, Test: 52.56%, Best Valid: 56.43%, Best Test: 56.06%
Epoch: 800, Loss: 0.0042, Train: 54.31%, Valid: 52.90%, Test: 52.45%, Best Valid: 56.43%, Best Test: 56.06%
Epoch: 900, Loss: 0.0010, Train: 53.97%, Valid: 52.77%, Test: 52.21%, Best Valid: 56.43%, Best Test: 56.06%
Run 05:
Highest Train: 58.62
Highest Valid: 56.43
Highest Test: 56.20
Chosen epoch: 146
Final Train: 58.28
Final Test: 56.06
Label budget: 2/class -> 20 train nodes
Counting co-occurrence on train-train edges (leakage-free estimator)...
Count penalty frozen (0 train-train edges).
Epoch: 00, Loss: 6.1078, Train: 17.07%, Valid: 17.88%, Test: 18.68%, Best Valid: 17.88%, Best Test: 18.68%
Epoch: 100, Loss: 0.1889, Train: 59.14%, Valid: 59.69%, Test: 59.04%, Best Valid: 59.69%, Best Test: 59.04%
Epoch: 200, Loss: 0.0587, Train: 57.93%, Valid: 58.32%, Test: 57.60%, Best Valid: 60.11%, Best Test: 59.35%
Epoch: 300, Loss: 0.0137, Train: 58.62%, Valid: 58.57%, Test: 57.62%, Best Valid: 60.11%, Best Test: 59.35%
Epoch: 400, Loss: 0.0078, Train: 57.76%, Valid: 57.22%, Test: 56.49%, Best Valid: 60.11%, Best Test: 59.35%
Epoch: 500, Loss: 0.0028, Train: 58.79%, Valid: 58.12%, Test: 57.24%, Best Valid: 60.11%, Best Test: 59.35%
Epoch: 600, Loss: 0.0046, Train: 58.62%, Valid: 57.64%, Test: 56.95%, Best Valid: 60.11%, Best Test: 59.35%
Epoch: 700, Loss: 0.0034, Train: 57.93%, Valid: 57.22%, Test: 56.42%, Best Valid: 60.11%, Best Test: 59.35%
Epoch: 800, Loss: 0.0074, Train: 58.28%, Valid: 56.54%, Test: 55.64%, Best Valid: 60.11%, Best Test: 59.35%
Epoch: 900, Loss: 0.0013, Train: 58.28%, Valid: 57.11%, Test: 56.18%, Best Valid: 60.11%, Best Test: 59.35%
Run 06:
Highest Train: 60.17
Highest Valid: 60.11
Highest Test: 59.36
Chosen epoch: 188
Final Train: 60.00
Final Test: 59.35
Label budget: 2/class -> 20 train nodes
Counting co-occurrence on train-train edges (leakage-free estimator)...
Count penalty frozen (4 train-train edges).
Epoch: 00, Loss: 6.4720, Train: 10.00%, Valid: 9.65%, Test: 9.97%, Best Valid: 9.65%, Best Test: 9.97%
Epoch: 100, Loss: 0.0323, Train: 65.34%, Valid: 64.62%, Test: 63.55%, Best Valid: 64.98%, Best Test: 63.81%
Epoch: 200, Loss: 0.0277, Train: 66.38%, Valid: 63.96%, Test: 63.26%, Best Valid: 64.98%, Best Test: 63.81%
Epoch: 300, Loss: 0.0067, Train: 65.86%, Valid: 64.09%, Test: 63.19%, Best Valid: 64.98%, Best Test: 63.81%
Epoch: 400, Loss: 0.0082, Train: 66.21%, Valid: 64.49%, Test: 63.55%, Best Valid: 64.98%, Best Test: 63.81%
Epoch: 500, Loss: 0.0044, Train: 66.21%, Valid: 64.03%, Test: 63.28%, Best Valid: 64.98%, Best Test: 63.81%
Epoch: 600, Loss: 0.0019, Train: 66.21%, Valid: 64.07%, Test: 63.18%, Best Valid: 64.98%, Best Test: 63.81%
Epoch: 700, Loss: 0.0014, Train: 66.03%, Valid: 64.32%, Test: 63.42%, Best Valid: 64.98%, Best Test: 63.81%
Epoch: 800, Loss: 0.0014, Train: 66.21%, Valid: 64.03%, Test: 63.30%, Best Valid: 64.98%, Best Test: 63.81%
Epoch: 900, Loss: 0.0010, Train: 65.86%, Valid: 64.03%, Test: 63.16%, Best Valid: 64.98%, Best Test: 63.81%
Run 07:
Highest Train: 66.90
Highest Valid: 64.98
Highest Test: 64.20
Chosen epoch: 67
Final Train: 66.21
Final Test: 63.81
Label budget: 2/class -> 20 train nodes
Counting co-occurrence on train-train edges (leakage-free estimator)...
Count penalty frozen (0 train-train edges).
Epoch: 00, Loss: 6.5139, Train: 6.72%, Valid: 6.71%, Test: 6.48%, Best Valid: 6.71%, Best Test: 6.48%
Epoch: 100, Loss: 0.1088, Train: 44.14%, Valid: 44.80%, Test: 44.01%, Best Valid: 46.62%, Best Test: 45.58%
Epoch: 200, Loss: 0.0441, Train: 42.93%, Valid: 43.84%, Test: 43.30%, Best Valid: 46.62%, Best Test: 45.58%
Epoch: 300, Loss: 0.0246, Train: 43.62%, Valid: 44.56%, Test: 43.85%, Best Valid: 46.62%, Best Test: 45.58%
Epoch: 400, Loss: 0.0078, Train: 44.14%, Valid: 43.82%, Test: 43.18%, Best Valid: 46.62%, Best Test: 45.58%
Epoch: 500, Loss: 1.1369, Train: 45.86%, Valid: 44.94%, Test: 46.06%, Best Valid: 46.62%, Best Test: 45.58%
Epoch: 600, Loss: 0.0044, Train: 44.31%, Valid: 43.59%, Test: 42.79%, Best Valid: 48.12%, Best Test: 48.37%
Epoch: 700, Loss: 0.0032, Train: 41.38%, Valid: 42.83%, Test: 41.35%, Best Valid: 48.12%, Best Test: 48.37%
Epoch: 800, Loss: 0.0018, Train: 42.93%, Valid: 43.12%, Test: 42.16%, Best Valid: 48.12%, Best Test: 48.37%
Epoch: 900, Loss: 0.0019, Train: 42.93%, Valid: 42.70%, Test: 41.42%, Best Valid: 48.12%, Best Test: 48.37%
Run 08:
Highest Train: 50.34
Highest Valid: 48.12
Highest Test: 48.37
Chosen epoch: 502
Final Train: 50.34
Final Test: 48.37
Label budget: 2/class -> 20 train nodes
Counting co-occurrence on train-train edges (leakage-free estimator)...
Count penalty frozen (0 train-train edges).
Epoch: 00, Loss: 6.2856, Train: 13.79%, Valid: 12.95%, Test: 13.75%, Best Valid: 12.95%, Best Test: 13.75%
Epoch: 100, Loss: 0.0808, Train: 55.34%, Valid: 52.64%, Test: 52.03%, Best Valid: 54.78%, Best Test: 53.53%
Epoch: 200, Loss: 0.0190, Train: 56.72%, Valid: 53.89%, Test: 53.57%, Best Valid: 54.85%, Best Test: 54.01%
Epoch: 300, Loss: 0.0052, Train: 55.52%, Valid: 53.15%, Test: 52.85%, Best Valid: 54.85%, Best Test: 54.01%
Epoch: 400, Loss: 0.0100, Train: 55.69%, Valid: 53.32%, Test: 52.69%, Best Valid: 54.85%, Best Test: 54.01%
Epoch: 500, Loss: 0.0035, Train: 54.83%, Valid: 53.53%, Test: 52.35%, Best Valid: 54.85%, Best Test: 54.01%
Epoch: 600, Loss: 0.0020, Train: 59.48%, Valid: 55.97%, Test: 55.29%, Best Valid: 56.94%, Best Test: 55.91%
Epoch: 700, Loss: 0.0026, Train: 59.14%, Valid: 55.20%, Test: 54.51%, Best Valid: 56.94%, Best Test: 55.91%
Epoch: 800, Loss: 0.0125, Train: 59.31%, Valid: 55.61%, Test: 54.64%, Best Valid: 56.94%, Best Test: 55.91%
Epoch: 900, Loss: 0.0008, Train: 60.00%, Valid: 55.08%, Test: 54.20%, Best Valid: 56.94%, Best Test: 55.91%
Run 09:
Highest Train: 60.69
Highest Valid: 56.94
Highest Test: 55.91
Chosen epoch: 518
Final Train: 59.83
Final Test: 55.91
Label budget: 2/class -> 20 train nodes
Counting co-occurrence on train-train edges (leakage-free estimator)...
Count penalty frozen (2 train-train edges).
Epoch: 00, Loss: 6.5815, Train: 12.41%, Valid: 12.78%, Test: 12.72%, Best Valid: 12.78%, Best Test: 12.72%
Epoch: 100, Loss: 0.2174, Train: 33.97%, Valid: 29.83%, Test: 30.31%, Best Valid: 34.95%, Best Test: 35.39%
Epoch: 200, Loss: 0.0416, Train: 36.03%, Valid: 31.63%, Test: 32.12%, Best Valid: 34.95%, Best Test: 35.39%
Epoch: 300, Loss: 0.0193, Train: 35.17%, Valid: 31.49%, Test: 32.22%, Best Valid: 34.95%, Best Test: 35.39%
Epoch: 400, Loss: 0.0089, Train: 34.48%, Valid: 30.62%, Test: 31.45%, Best Valid: 34.95%, Best Test: 35.39%
Epoch: 500, Loss: 0.0098, Train: 33.28%, Valid: 29.39%, Test: 29.84%, Best Valid: 34.95%, Best Test: 35.39%
Epoch: 600, Loss: 0.0061, Train: 34.31%, Valid: 29.88%, Test: 30.17%, Best Valid: 34.95%, Best Test: 35.39%
Epoch: 700, Loss: 0.0119, Train: 33.62%, Valid: 29.73%, Test: 29.88%, Best Valid: 34.95%, Best Test: 35.39%
Epoch: 800, Loss: 0.0050, Train: 34.31%, Valid: 30.02%, Test: 30.56%, Best Valid: 34.95%, Best Test: 35.39%
Epoch: 900, Loss: 0.0032, Train: 34.14%, Valid: 30.32%, Test: 30.77%, Best Valid: 34.95%, Best Test: 35.39%
Run 10:
Highest Train: 38.79
Highest Valid: 34.95
Highest Test: 35.63
Chosen epoch: 76
Final Train: 37.76
Final Test: 35.39
All runs:
Highest Train: 54.43 ± 8.04
Highest Test: 52.14 ± 8.07
Highest Valid: 52.70 ± 8.35
  Final Train: 54.00 ± 8.04
   Final Test: 51.94 ± 8.06
Saving results to results/lowlabel/wikics/MPNN_gcn.csv
Low-label sweep completed.
Task 251 done.
