Thu Aug 13 15:34:55 2026       
+-----------------------------------------------------------------------------------------+
| NVIDIA-SMI 580.159.04             Driver Version: 580.159.04     CUDA Version: 13.0     |
+-----------------------------------------+------------------------+----------------------+
| GPU  Name                 Persistence-M | Bus-Id          Disp.A | Volatile Uncorr. ECC |
| Fan  Temp   Perf          Pwr:Usage/Cap |           Memory-Usage | GPU-Util  Compute M. |
|                                         |                        |               MIG M. |
|=========================================+========================+======================|
|   0  NVIDIA A100-SXM4-80GB          On  |   00000000:01:00.0 Off |                   On |
| N/A   57C    P0            238W /  500W |   41195MiB /  81920MiB |     N/A      Default |
|                                         |                        |              Enabled |
+-----------------------------------------+------------------------+----------------------+
|   1  NVIDIA A100-SXM4-80GB          On  |   00000000:41:00.0 Off |                   On |
| N/A   53C    P0            275W /  500W |   47699MiB /  81920MiB |     N/A      Default |
|                                         |                        |              Enabled |
+-----------------------------------------+------------------------+----------------------+
|   2  NVIDIA A100-SXM4-80GB          On  |   00000000:81:00.0 Off |                   On |
| N/A   62C    P0            273W /  500W |   47831MiB /  81920MiB |     N/A      Default |
|                                         |                        |              Enabled |
+-----------------------------------------+------------------------+----------------------+
|   3  NVIDIA A100-SXM4-80GB          On  |   00000000:C1:00.0 Off |                   On |
| N/A   50C    P0            249W /  500W |   55271MiB /  81920MiB |     N/A      Default |
|                                         |                        |              Enabled |
+-----------------------------------------+------------------------+----------------------+

+-----------------------------------------------------------------------------------------+
| MIG devices:                                                                            |
+------------------+----------------------------------+-----------+-----------------------+
| GPU  GI  CI  MIG |              Shared Memory-Usage |        Vol|        Shared         |
|      ID  ID  Dev |                Shared BAR1-Usage | SM     Unc| CE ENC  DEC  OFA  JPG |
|                  |                                  |        ECC|                       |
|==================+==================================+===========+=======================|
|  0    5   0   0  |              71MiB / 19968MiB    | 28      0 |  2   0    1    0    0 |
|                  |               0MiB / 12271MiB    |           |                       |
+------------------+----------------------------------+-----------+-----------------------+

+-----------------------------------------------------------------------------------------+
| Processes:                                                                              |
|  GPU   GI   CI              PID   Type   Process name                        GPU Memory |
|        ID   ID                                                               Usage      |
|=========================================================================================|
|    1    1    0           252240      C   python                                39270MiB |
|    1    5    0           326894      C   python                                 6528MiB |
|    1   14    0           335942      C   ...ware/symmetrix-env/bin/python        794MiB |
|    1   13    0           335945      C   ...ware/symmetrix-env/bin/python        794MiB |
|    2    2    0           252242      C   python                                39270MiB |
|    2    9    0           335936      C   ...ware/symmetrix-env/bin/python        946MiB |
|    2   10    0           335948      C   ...ware/symmetrix-env/bin/python        794MiB |
|    2    3    0           357908      C   python                                 6540MiB |
|    3    1    0           252238      C   python                                39270MiB |
|    3    5    0           332886      C   python                                 6528MiB |
|    3   14    0           335939      C   ...ware/symmetrix-env/bin/python       8214MiB |
|    3   13    0           335947      C   ...ware/symmetrix-env/bin/python        946MiB |
+-----------------------------------------------------------------------------------------+
Cell: amazon-ratings / gcn / budget 50 per class / group 4
shuffle group only runs at budgets 2 and 5 — nothing to do.
