Sun Aug 16 10:11:31 2026       
+-----------------------------------------------------------------------------------------+
| NVIDIA-SMI 580.159.04             Driver Version: 580.159.04     CUDA Version: 13.0     |
+-----------------------------------------+------------------------+----------------------+
| GPU  Name                 Persistence-M | Bus-Id          Disp.A | Volatile Uncorr. ECC |
| Fan  Temp   Perf          Pwr:Usage/Cap |           Memory-Usage | GPU-Util  Compute M. |
|                                         |                        |               MIG M. |
|=========================================+========================+======================|
|   0  NVIDIA A100-SXM4-80GB          On  |   00000000:01:00.0 Off |                   On |
| N/A   58C    P0            227W /  500W |   38473MiB /  81920MiB |     N/A      Default |
|                                         |                        |              Enabled |
+-----------------------------------------+------------------------+----------------------+
|   1  NVIDIA A100-SXM4-80GB          On  |   00000000:41:00.0 Off |                   On |
| N/A   48C    P0            241W /  500W |   40827MiB /  81920MiB |     N/A      Default |
|                                         |                        |              Enabled |
+-----------------------------------------+------------------------+----------------------+
|   2  NVIDIA A100-SXM4-80GB          On  |   00000000:81:00.0 Off |                   On |
| N/A   56C    P0            261W /  500W |   41147MiB /  81920MiB |     N/A      Default |
|                                         |                        |              Enabled |
+-----------------------------------------+------------------------+----------------------+
|   3  NVIDIA A100-SXM4-80GB          On  |   00000000:C1:00.0 Off |                   On |
| N/A   49C    P0            192W /  500W |   41187MiB /  81920MiB |     N/A      Default |
|                                         |                        |              Enabled |
+-----------------------------------------+------------------------+----------------------+

+-----------------------------------------------------------------------------------------+
| MIG devices:                                                                            |
+------------------+----------------------------------+-----------+-----------------------+
| GPU  GI  CI  MIG |              Shared Memory-Usage |        Vol|        Shared         |
|      ID  ID  Dev |                Shared BAR1-Usage | SM     Unc| CE ENC  DEC  OFA  JPG |
|                  |                                  |        ECC|                       |
|==================+==================================+===========+=======================|
|  0    5   0   0  |              71MiB / 19968MiB    | 28      0 |  2   0    1    0    0 |
|                  |               0MiB / 12271MiB    |           |                       |
+------------------+----------------------------------+-----------+-----------------------+

+-----------------------------------------------------------------------------------------+
| Processes:                                                                              |
|  GPU   GI   CI              PID   Type   Process name                        GPU Memory |
|        ID   ID                                                               Usage      |
|=========================================================================================|
|    1   10    0          1052602      C   ...ware/symmetrix-env/bin/python       1796MiB |
|    1    9    0          1052610      C   ...ware/symmetrix-env/bin/python       1596MiB |
|    1    2    0          2108210      C   python                                37100MiB |
|    2   10    0          1052605      C   ...ware/symmetrix-env/bin/python       1896MiB |
|    2    9    0          1052612      C   ...ware/symmetrix-env/bin/python       1848MiB |
|    2    2    0          2108209      C   python                                37100MiB |
|    3   13    0          1052601      C   ...ware/symmetrix-env/bin/python       1876MiB |
|    3   14    0          1052609      C   ...ware/symmetrix-env/bin/python       1876MiB |
|    3    1    0          2117348      C   python                                37100MiB |
+-----------------------------------------------------------------------------------------+
Matched-val cell: amazon-ratings / gcn / budget 2 per class / group 0
python main.py --gnn gcn --dataset amazon-ratings --hidden_channels 512 --epochs 2500 --lr 0.001 --runs 3 --local_layers 4 --weight_decay 0.0 --dropout 0.5 --device 0 --bn --res --runs 10 --train_per_class 2 --valid_per_class 2 --budget_tag 2
==========================================================
Low-label sweep: python main.py --gnn gcn --dataset amazon-ratings --hidden_channels 512 --epochs 2500 --lr 0.001 --runs 3 --local_layers 4 --weight_decay 0.0 --dropout 0.5 --device 0 --bn --res --runs 10 --train_per_class 2 --valid_per_class 2 --budget_tag 2
result_dir=results/lowlabel_mv conditions=[baseline]
==========================================================
--- baseline ---
Namespace(bn=True, budget_tag='2', count_reg=False, count_smoothing=1.0, cpu=False, data_dir='./data/', dataset='amazon-ratings', device=0, display_step=100, dropout=0.5, epochs=2500, gnn='gcn', hidden_channels=512, jk=False, label_num_per_class=20, lambda_val=0.5, ln=False, local_layers=4, lr=0.001, metric='acc', mlp_epochs=500, mlp_reg=False, model='MPNN', model_dir='models', num_heads=1, oracle_reg=False, paired_seeds=True, penalty_transform='none', pre_linear=False, pre_ln=False, rand_split=False, rand_split_class=False, reg_start_epoch=10, reg_update_freq=5, res=True, resample_split_per_run=False, result_dir='results/lowlabel_mv', runs=10, save_model=False, seed=42, test_num=1000, train_per_class=2, train_prop=0.5, use_reg=False, valid_num=500, valid_per_class=2, valid_prop=0.25, weight_decay=0.0)
amazon-ratings
dataset amazon-ratings | num nodes 24492 | num edge 93050 | num node feats 300 | num classes 5
MODEL: MPNNs(
  (h_lins): ModuleList()
  (local_convs): ModuleList(
    (0): GCNConv(300, 512)
    (1): GCNConv(512, 512)
    (2): GCNConv(512, 512)
    (3): GCNConv(512, 512)
  )
  (lins): ModuleList(
    (0): Linear(in_features=300, out_features=512, bias=True)
    (1): Linear(in_features=512, out_features=512, bias=True)
    (2): Linear(in_features=512, out_features=512, bias=True)
    (3): Linear(in_features=512, out_features=512, bias=True)
  )
  (lns): ModuleList(
    (0): LayerNorm((512,), eps=1e-05, elementwise_affine=True)
    (1): LayerNorm((512,), eps=1e-05, elementwise_affine=True)
    (2): LayerNorm((512,), eps=1e-05, elementwise_affine=True)
    (3): LayerNorm((512,), eps=1e-05, elementwise_affine=True)
  )
  (bns): ModuleList(
    (0): BatchNorm1d(512, eps=1e-05, momentum=0.1, affine=True, track_running_stats=True)
    (1): BatchNorm1d(512, eps=1e-05, momentum=0.1, affine=True, track_running_stats=True)
    (2): BatchNorm1d(512, eps=1e-05, momentum=0.1, affine=True, track_running_stats=True)
    (3): BatchNorm1d(512, eps=1e-05, momentum=0.1, affine=True, track_running_stats=True)
  )
  (lin_in): Linear(in_features=300, out_features=512, bias=True)
  (pred_local): Linear(in_features=512, out_features=5, bias=True)
)
Label budget: 2/class -> 10 train nodes
Matched-budget validation: 10 valid nodes
Epoch: 00, Loss: 1.7133, Train: 24.03%, Valid: 20.00%, Test: 23.70%, Best Valid: 20.00%, Best Test: 23.70%
Epoch: 100, Loss: 0.0000, Train: 20.64%, Valid: 20.00%, Test: 20.90%, Best Valid: 30.00%, Best Test: 27.65%
Epoch: 200, Loss: 0.0000, Train: 20.70%, Valid: 20.00%, Test: 20.99%, Best Valid: 30.00%, Best Test: 27.65%
Epoch: 300, Loss: 0.0000, Train: 20.94%, Valid: 20.00%, Test: 21.28%, Best Valid: 30.00%, Best Test: 27.65%
Epoch: 400, Loss: 0.0000, Train: 20.99%, Valid: 20.00%, Test: 21.22%, Best Valid: 30.00%, Best Test: 27.65%
Epoch: 500, Loss: 0.0000, Train: 21.01%, Valid: 20.00%, Test: 21.35%, Best Valid: 30.00%, Best Test: 27.65%
Epoch: 600, Loss: 0.0000, Train: 20.99%, Valid: 20.00%, Test: 21.26%, Best Valid: 30.00%, Best Test: 27.65%
Epoch: 700, Loss: 0.0000, Train: 21.04%, Valid: 20.00%, Test: 21.23%, Best Valid: 30.00%, Best Test: 27.65%
Epoch: 800, Loss: 0.0000, Train: 21.06%, Valid: 20.00%, Test: 21.31%, Best Valid: 30.00%, Best Test: 27.65%
Epoch: 900, Loss: 0.0000, Train: 20.96%, Valid: 20.00%, Test: 21.22%, Best Valid: 30.00%, Best Test: 27.65%
Epoch: 1000, Loss: 0.0000, Train: 21.04%, Valid: 20.00%, Test: 21.30%, Best Valid: 30.00%, Best Test: 27.65%
Epoch: 1100, Loss: 0.0000, Train: 21.08%, Valid: 20.00%, Test: 21.28%, Best Valid: 30.00%, Best Test: 27.65%
Epoch: 1200, Loss: 0.0000, Train: 21.08%, Valid: 20.00%, Test: 21.35%, Best Valid: 30.00%, Best Test: 27.65%
Epoch: 1300, Loss: 0.0000, Train: 21.08%, Valid: 20.00%, Test: 21.44%, Best Valid: 30.00%, Best Test: 27.65%
Epoch: 1400, Loss: 0.0000, Train: 21.16%, Valid: 20.00%, Test: 21.48%, Best Valid: 30.00%, Best Test: 27.65%
Epoch: 1500, Loss: 0.0000, Train: 21.21%, Valid: 20.00%, Test: 21.46%, Best Valid: 30.00%, Best Test: 27.65%
Epoch: 1600, Loss: 0.0000, Train: 21.17%, Valid: 20.00%, Test: 21.46%, Best Valid: 30.00%, Best Test: 27.65%
Epoch: 1700, Loss: 0.0000, Train: 21.08%, Valid: 20.00%, Test: 21.46%, Best Valid: 30.00%, Best Test: 27.65%
Epoch: 1800, Loss: 0.0000, Train: 21.17%, Valid: 20.00%, Test: 21.46%, Best Valid: 30.00%, Best Test: 27.65%
Epoch: 1900, Loss: 0.0000, Train: 21.16%, Valid: 20.00%, Test: 21.43%, Best Valid: 30.00%, Best Test: 27.65%
Epoch: 2000, Loss: 0.0000, Train: 21.17%, Valid: 20.00%, Test: 21.51%, Best Valid: 30.00%, Best Test: 27.65%
Epoch: 2100, Loss: 0.0000, Train: 21.16%, Valid: 20.00%, Test: 21.49%, Best Valid: 30.00%, Best Test: 27.65%
Epoch: 2200, Loss: 0.0000, Train: 21.19%, Valid: 20.00%, Test: 21.57%, Best Valid: 30.00%, Best Test: 27.65%
Epoch: 2300, Loss: 0.0000, Train: 21.16%, Valid: 20.00%, Test: 21.54%, Best Valid: 30.00%, Best Test: 27.65%
Epoch: 2400, Loss: 0.0000, Train: 21.17%, Valid: 20.00%, Test: 21.57%, Best Valid: 30.00%, Best Test: 27.65%
Run 01:
Highest Train: 35.38
Highest Valid: 30.00
Highest Test: 35.34
Chosen epoch: 3
Final Train: 28.18
Final Test: 27.65
Label budget: 2/class -> 10 train nodes
Matched-budget validation: 10 valid nodes
Epoch: 00, Loss: 1.8011, Train: 8.95%, Valid: 20.00%, Test: 8.93%, Best Valid: 20.00%, Best Test: 8.93%
Epoch: 100, Loss: 0.0000, Train: 22.02%, Valid: 20.00%, Test: 22.70%, Best Valid: 30.00%, Best Test: 24.84%
Epoch: 200, Loss: 0.0000, Train: 22.05%, Valid: 20.00%, Test: 22.51%, Best Valid: 30.00%, Best Test: 24.84%
Epoch: 300, Loss: 0.0000, Train: 21.94%, Valid: 20.00%, Test: 22.41%, Best Valid: 30.00%, Best Test: 24.84%
Epoch: 400, Loss: 0.0000, Train: 21.97%, Valid: 20.00%, Test: 22.42%, Best Valid: 30.00%, Best Test: 24.84%
Epoch: 500, Loss: 0.0000, Train: 22.02%, Valid: 20.00%, Test: 22.36%, Best Valid: 30.00%, Best Test: 24.84%
Epoch: 600, Loss: 0.0000, Train: 21.94%, Valid: 20.00%, Test: 22.41%, Best Valid: 30.00%, Best Test: 24.84%
Epoch: 700, Loss: 0.0000, Train: 21.93%, Valid: 20.00%, Test: 22.44%, Best Valid: 30.00%, Best Test: 24.84%
Epoch: 800, Loss: 0.0000, Train: 21.98%, Valid: 20.00%, Test: 22.41%, Best Valid: 30.00%, Best Test: 24.84%
Epoch: 900, Loss: 0.0000, Train: 21.92%, Valid: 20.00%, Test: 22.49%, Best Valid: 30.00%, Best Test: 24.84%
Epoch: 1000, Loss: 0.0000, Train: 21.99%, Valid: 20.00%, Test: 22.44%, Best Valid: 30.00%, Best Test: 24.84%
Epoch: 1100, Loss: 0.0000, Train: 21.91%, Valid: 20.00%, Test: 22.47%, Best Valid: 30.00%, Best Test: 24.84%
Epoch: 1200, Loss: 0.0000, Train: 21.89%, Valid: 20.00%, Test: 22.42%, Best Valid: 30.00%, Best Test: 24.84%
Epoch: 1300, Loss: 0.0001, Train: 21.86%, Valid: 20.00%, Test: 22.39%, Best Valid: 30.00%, Best Test: 24.84%
Epoch: 1400, Loss: 0.0000, Train: 21.88%, Valid: 20.00%, Test: 22.41%, Best Valid: 30.00%, Best Test: 24.84%
Epoch: 1500, Loss: 0.0000, Train: 21.86%, Valid: 20.00%, Test: 22.36%, Best Valid: 30.00%, Best Test: 24.84%
Epoch: 1600, Loss: 0.0000, Train: 21.84%, Valid: 20.00%, Test: 22.36%, Best Valid: 30.00%, Best Test: 24.84%
Epoch: 1700, Loss: 0.0000, Train: 21.84%, Valid: 20.00%, Test: 22.33%, Best Valid: 30.00%, Best Test: 24.84%
Epoch: 1800, Loss: 0.0000, Train: 21.72%, Valid: 20.00%, Test: 22.36%, Best Valid: 30.00%, Best Test: 24.84%
Epoch: 1900, Loss: 0.0000, Train: 21.72%, Valid: 20.00%, Test: 22.34%, Best Valid: 30.00%, Best Test: 24.84%
Epoch: 2000, Loss: 0.0000, Train: 21.73%, Valid: 20.00%, Test: 22.31%, Best Valid: 30.00%, Best Test: 24.84%
Epoch: 2100, Loss: 0.0000, Train: 21.70%, Valid: 20.00%, Test: 22.16%, Best Valid: 30.00%, Best Test: 24.84%
Epoch: 2200, Loss: 0.0000, Train: 21.71%, Valid: 20.00%, Test: 22.26%, Best Valid: 30.00%, Best Test: 24.84%
Epoch: 2300, Loss: 0.0000, Train: 21.57%, Valid: 20.00%, Test: 22.13%, Best Valid: 30.00%, Best Test: 24.84%
Epoch: 2400, Loss: 0.0000, Train: 21.63%, Valid: 20.00%, Test: 22.36%, Best Valid: 30.00%, Best Test: 24.84%
Run 02:
Highest Train: 26.25
Highest Valid: 30.00
Highest Test: 26.98
Chosen epoch: 44
Final Train: 25.19
Final Test: 24.84
Label budget: 2/class -> 10 train nodes
Matched-budget validation: 10 valid nodes
Epoch: 00, Loss: 2.0058, Train: 25.27%, Valid: 10.00%, Test: 24.17%, Best Valid: 10.00%, Best Test: 24.17%
Epoch: 100, Loss: 0.0001, Train: 22.90%, Valid: 20.00%, Test: 22.57%, Best Valid: 30.00%, Best Test: 12.02%
Epoch: 200, Loss: 0.0001, Train: 22.69%, Valid: 20.00%, Test: 22.21%, Best Valid: 30.00%, Best Test: 12.02%
Epoch: 300, Loss: 0.0000, Train: 22.64%, Valid: 20.00%, Test: 22.24%, Best Valid: 30.00%, Best Test: 12.02%
Epoch: 400, Loss: 0.0000, Train: 22.64%, Valid: 20.00%, Test: 22.23%, Best Valid: 30.00%, Best Test: 12.02%
Epoch: 500, Loss: 0.0000, Train: 22.67%, Valid: 20.00%, Test: 22.18%, Best Valid: 30.00%, Best Test: 12.02%
Epoch: 600, Loss: 0.0000, Train: 22.56%, Valid: 20.00%, Test: 22.13%, Best Valid: 30.00%, Best Test: 12.02%
Epoch: 700, Loss: 0.0000, Train: 22.52%, Valid: 20.00%, Test: 22.11%, Best Valid: 30.00%, Best Test: 12.02%
Epoch: 800, Loss: 0.0000, Train: 22.53%, Valid: 20.00%, Test: 22.08%, Best Valid: 30.00%, Best Test: 12.02%
Epoch: 900, Loss: 0.0000, Train: 22.54%, Valid: 20.00%, Test: 22.05%, Best Valid: 30.00%, Best Test: 12.02%
Epoch: 1000, Loss: 0.0000, Train: 22.46%, Valid: 20.00%, Test: 22.08%, Best Valid: 30.00%, Best Test: 12.02%
Epoch: 1100, Loss: 0.0000, Train: 22.42%, Valid: 20.00%, Test: 21.98%, Best Valid: 30.00%, Best Test: 12.02%
Epoch: 1200, Loss: 0.0000, Train: 22.48%, Valid: 20.00%, Test: 22.00%, Best Valid: 30.00%, Best Test: 12.02%
Epoch: 1300, Loss: 0.0000, Train: 22.41%, Valid: 20.00%, Test: 21.97%, Best Valid: 30.00%, Best Test: 12.02%
Epoch: 1400, Loss: 0.0000, Train: 22.40%, Valid: 20.00%, Test: 22.05%, Best Valid: 30.00%, Best Test: 12.02%
Epoch: 1500, Loss: 0.0000, Train: 22.39%, Valid: 20.00%, Test: 22.06%, Best Valid: 30.00%, Best Test: 12.02%
Epoch: 1600, Loss: 0.0000, Train: 22.42%, Valid: 20.00%, Test: 22.11%, Best Valid: 30.00%, Best Test: 12.02%
Epoch: 1700, Loss: 0.0000, Train: 22.46%, Valid: 20.00%, Test: 22.03%, Best Valid: 30.00%, Best Test: 12.02%
Epoch: 1800, Loss: 0.0000, Train: 22.43%, Valid: 20.00%, Test: 21.98%, Best Valid: 30.00%, Best Test: 12.02%
Epoch: 1900, Loss: 0.0000, Train: 22.39%, Valid: 20.00%, Test: 21.98%, Best Valid: 30.00%, Best Test: 12.02%
Epoch: 2000, Loss: 0.0000, Train: 22.33%, Valid: 20.00%, Test: 21.97%, Best Valid: 30.00%, Best Test: 12.02%
Epoch: 2100, Loss: 0.0000, Train: 22.34%, Valid: 20.00%, Test: 21.97%, Best Valid: 30.00%, Best Test: 12.02%
Epoch: 2200, Loss: 0.0000, Train: 22.37%, Valid: 20.00%, Test: 22.00%, Best Valid: 30.00%, Best Test: 12.02%
Epoch: 2300, Loss: 0.0000, Train: 22.33%, Valid: 20.00%, Test: 22.02%, Best Valid: 30.00%, Best Test: 12.02%
Epoch: 2400, Loss: 0.0000, Train: 22.31%, Valid: 20.00%, Test: 22.03%, Best Valid: 30.00%, Best Test: 12.02%
Run 03:
Highest Train: 35.30
Highest Valid: 30.00
Highest Test: 35.69
Chosen epoch: 7
Final Train: 11.51
Final Test: 12.02
Label budget: 2/class -> 10 train nodes
Matched-budget validation: 10 valid nodes
Epoch: 00, Loss: 1.7220, Train: 16.95%, Valid: 20.00%, Test: 16.59%, Best Valid: 20.00%, Best Test: 16.59%
Epoch: 100, Loss: 0.0000, Train: 21.69%, Valid: 20.00%, Test: 21.62%, Best Valid: 40.00%, Best Test: 15.43%
Epoch: 200, Loss: 0.0000, Train: 21.63%, Valid: 30.00%, Test: 21.67%, Best Valid: 40.00%, Best Test: 15.43%
Epoch: 300, Loss: 0.0000, Train: 21.77%, Valid: 30.00%, Test: 21.61%, Best Valid: 40.00%, Best Test: 15.43%
Epoch: 400, Loss: 0.0000, Train: 21.80%, Valid: 20.00%, Test: 21.71%, Best Valid: 40.00%, Best Test: 15.43%
Epoch: 500, Loss: 0.0000, Train: 21.72%, Valid: 20.00%, Test: 21.84%, Best Valid: 40.00%, Best Test: 15.43%
Epoch: 600, Loss: 0.0000, Train: 21.84%, Valid: 20.00%, Test: 21.74%, Best Valid: 40.00%, Best Test: 15.43%
Epoch: 700, Loss: 0.0000, Train: 21.85%, Valid: 20.00%, Test: 21.69%, Best Valid: 40.00%, Best Test: 15.43%
Epoch: 800, Loss: 0.0000, Train: 21.84%, Valid: 30.00%, Test: 21.56%, Best Valid: 40.00%, Best Test: 15.43%
Epoch: 900, Loss: 0.0000, Train: 21.79%, Valid: 20.00%, Test: 21.57%, Best Valid: 40.00%, Best Test: 15.43%
Epoch: 1000, Loss: 0.0000, Train: 21.80%, Valid: 20.00%, Test: 21.61%, Best Valid: 40.00%, Best Test: 15.43%
Epoch: 1100, Loss: 0.0000, Train: 21.77%, Valid: 20.00%, Test: 21.54%, Best Valid: 40.00%, Best Test: 15.43%
Epoch: 1200, Loss: 0.0000, Train: 21.70%, Valid: 20.00%, Test: 21.54%, Best Valid: 40.00%, Best Test: 15.43%
Epoch: 1300, Loss: 0.0000, Train: 21.79%, Valid: 20.00%, Test: 21.57%, Best Valid: 40.00%, Best Test: 15.43%
Epoch: 1400, Loss: 0.0000, Train: 21.71%, Valid: 20.00%, Test: 21.56%, Best Valid: 40.00%, Best Test: 15.43%
Epoch: 1500, Loss: 0.0000, Train: 21.71%, Valid: 20.00%, Test: 21.61%, Best Valid: 40.00%, Best Test: 15.43%
Epoch: 1600, Loss: 0.0000, Train: 21.73%, Valid: 20.00%, Test: 21.61%, Best Valid: 40.00%, Best Test: 15.43%
Epoch: 1700, Loss: 0.0000, Train: 21.69%, Valid: 20.00%, Test: 21.66%, Best Valid: 40.00%, Best Test: 15.43%
Epoch: 1800, Loss: 0.0000, Train: 21.71%, Valid: 20.00%, Test: 21.66%, Best Valid: 40.00%, Best Test: 15.43%
Epoch: 1900, Loss: 0.0000, Train: 21.74%, Valid: 20.00%, Test: 21.64%, Best Valid: 40.00%, Best Test: 15.43%
Epoch: 2000, Loss: 0.0000, Train: 21.70%, Valid: 20.00%, Test: 21.67%, Best Valid: 40.00%, Best Test: 15.43%
Epoch: 2100, Loss: 0.0000, Train: 21.75%, Valid: 20.00%, Test: 21.64%, Best Valid: 40.00%, Best Test: 15.43%
Epoch: 2200, Loss: 0.0000, Train: 21.75%, Valid: 20.00%, Test: 21.62%, Best Valid: 40.00%, Best Test: 15.43%
Epoch: 2300, Loss: 0.0000, Train: 21.79%, Valid: 20.00%, Test: 21.61%, Best Valid: 40.00%, Best Test: 15.43%
Epoch: 2400, Loss: 0.0000, Train: 21.81%, Valid: 20.00%, Test: 21.62%, Best Valid: 40.00%, Best Test: 15.43%
Run 04:
Highest Train: 34.97
Highest Valid: 40.00
Highest Test: 34.97
Chosen epoch: 55
Final Train: 16.20
Final Test: 15.43
Label budget: 2/class -> 10 train nodes
Matched-budget validation: 10 valid nodes
Epoch: 00, Loss: 1.5461, Train: 4.34%, Valid: 20.00%, Test: 4.34%, Best Valid: 20.00%, Best Test: 4.34%
Epoch: 100, Loss: 0.0000, Train: 18.23%, Valid: 10.00%, Test: 17.82%, Best Valid: 30.00%, Best Test: 18.88%
Epoch: 200, Loss: 0.0000, Train: 18.28%, Valid: 10.00%, Test: 17.75%, Best Valid: 30.00%, Best Test: 18.88%
Epoch: 300, Loss: 0.0000, Train: 18.30%, Valid: 10.00%, Test: 17.83%, Best Valid: 30.00%, Best Test: 18.88%
Epoch: 400, Loss: 0.0000, Train: 18.36%, Valid: 10.00%, Test: 17.90%, Best Valid: 30.00%, Best Test: 18.88%
Epoch: 500, Loss: 0.0000, Train: 18.37%, Valid: 10.00%, Test: 17.97%, Best Valid: 30.00%, Best Test: 18.88%
Epoch: 600, Loss: 0.0000, Train: 18.39%, Valid: 10.00%, Test: 18.05%, Best Valid: 30.00%, Best Test: 18.88%
Epoch: 700, Loss: 0.0000, Train: 18.47%, Valid: 10.00%, Test: 18.08%, Best Valid: 30.00%, Best Test: 18.88%
Epoch: 800, Loss: 0.0000, Train: 18.54%, Valid: 10.00%, Test: 18.21%, Best Valid: 30.00%, Best Test: 18.88%
Epoch: 900, Loss: 0.0000, Train: 18.50%, Valid: 10.00%, Test: 18.13%, Best Valid: 30.00%, Best Test: 18.88%
Epoch: 1000, Loss: 0.0000, Train: 18.54%, Valid: 10.00%, Test: 18.11%, Best Valid: 30.00%, Best Test: 18.88%
Epoch: 1100, Loss: 0.0000, Train: 18.53%, Valid: 10.00%, Test: 18.18%, Best Valid: 30.00%, Best Test: 18.88%
Epoch: 1200, Loss: 0.0000, Train: 18.55%, Valid: 10.00%, Test: 18.16%, Best Valid: 30.00%, Best Test: 18.88%
Epoch: 1300, Loss: 0.0000, Train: 18.60%, Valid: 10.00%, Test: 18.29%, Best Valid: 30.00%, Best Test: 18.88%
Epoch: 1400, Loss: 0.0000, Train: 18.53%, Valid: 10.00%, Test: 18.42%, Best Valid: 30.00%, Best Test: 18.88%
Epoch: 1500, Loss: 0.0000, Train: 18.55%, Valid: 10.00%, Test: 18.47%, Best Valid: 30.00%, Best Test: 18.88%
Epoch: 1600, Loss: 0.0000, Train: 18.56%, Valid: 10.00%, Test: 18.49%, Best Valid: 30.00%, Best Test: 18.88%
Epoch: 1700, Loss: 0.0000, Train: 18.56%, Valid: 10.00%, Test: 18.47%, Best Valid: 30.00%, Best Test: 18.88%
Epoch: 1800, Loss: 0.0000, Train: 18.62%, Valid: 10.00%, Test: 18.50%, Best Valid: 30.00%, Best Test: 18.88%
Epoch: 1900, Loss: 0.0000, Train: 18.62%, Valid: 10.00%, Test: 18.46%, Best Valid: 30.00%, Best Test: 18.88%
Epoch: 2000, Loss: 0.0000, Train: 18.63%, Valid: 10.00%, Test: 18.46%, Best Valid: 30.00%, Best Test: 18.88%
Epoch: 2100, Loss: 0.0000, Train: 18.68%, Valid: 10.00%, Test: 18.42%, Best Valid: 30.00%, Best Test: 18.88%
Epoch: 2200, Loss: 0.0000, Train: 18.68%, Valid: 10.00%, Test: 18.44%, Best Valid: 30.00%, Best Test: 18.88%
Epoch: 2300, Loss: 0.0000, Train: 18.75%, Valid: 10.00%, Test: 18.47%, Best Valid: 30.00%, Best Test: 18.88%
Epoch: 2400, Loss: 0.0000, Train: 18.75%, Valid: 10.00%, Test: 18.49%, Best Valid: 30.00%, Best Test: 18.88%
Run 05:
Highest Train: 26.23
Highest Valid: 30.00
Highest Test: 26.18
Chosen epoch: 18
Final Train: 19.44
Final Test: 18.88
Label budget: 2/class -> 10 train nodes
Matched-budget validation: 10 valid nodes
Epoch: 00, Loss: 1.8049, Train: 8.96%, Valid: 20.00%, Test: 8.93%, Best Valid: 20.00%, Best Test: 8.93%
Epoch: 100, Loss: 0.0001, Train: 16.81%, Valid: 30.00%, Test: 17.16%, Best Valid: 40.00%, Best Test: 16.66%
Epoch: 200, Loss: 0.0000, Train: 16.80%, Valid: 30.00%, Test: 16.87%, Best Valid: 40.00%, Best Test: 16.66%
Epoch: 300, Loss: 0.0000, Train: 16.86%, Valid: 30.00%, Test: 16.90%, Best Valid: 40.00%, Best Test: 16.66%
Epoch: 400, Loss: 0.0000, Train: 16.85%, Valid: 40.00%, Test: 16.89%, Best Valid: 40.00%, Best Test: 16.66%
Epoch: 500, Loss: 0.0000, Train: 16.80%, Valid: 40.00%, Test: 16.97%, Best Valid: 40.00%, Best Test: 16.66%
Epoch: 600, Loss: 0.0000, Train: 16.68%, Valid: 40.00%, Test: 17.03%, Best Valid: 40.00%, Best Test: 16.66%
Epoch: 700, Loss: 0.0000, Train: 16.70%, Valid: 40.00%, Test: 17.08%, Best Valid: 40.00%, Best Test: 16.66%
Epoch: 800, Loss: 0.0000, Train: 16.65%, Valid: 40.00%, Test: 17.15%, Best Valid: 40.00%, Best Test: 16.66%
Epoch: 900, Loss: 0.0000, Train: 16.63%, Valid: 40.00%, Test: 17.12%, Best Valid: 40.00%, Best Test: 16.66%
Epoch: 1000, Loss: 0.0000, Train: 16.62%, Valid: 40.00%, Test: 17.00%, Best Valid: 40.00%, Best Test: 16.66%
Epoch: 1100, Loss: 0.0000, Train: 16.67%, Valid: 30.00%, Test: 16.90%, Best Valid: 40.00%, Best Test: 16.66%
Epoch: 1200, Loss: 0.0001, Train: 16.64%, Valid: 30.00%, Test: 16.89%, Best Valid: 40.00%, Best Test: 16.66%
Epoch: 1300, Loss: 0.0000, Train: 16.60%, Valid: 30.00%, Test: 16.76%, Best Valid: 40.00%, Best Test: 16.66%
Epoch: 1400, Loss: 0.0000, Train: 16.66%, Valid: 30.00%, Test: 16.63%, Best Valid: 40.00%, Best Test: 16.66%
Epoch: 1500, Loss: 0.0000, Train: 16.63%, Valid: 30.00%, Test: 16.63%, Best Valid: 40.00%, Best Test: 16.66%
Epoch: 1600, Loss: 0.0000, Train: 16.63%, Valid: 30.00%, Test: 16.59%, Best Valid: 40.00%, Best Test: 16.66%
Epoch: 1700, Loss: 0.0000, Train: 16.59%, Valid: 30.00%, Test: 16.66%, Best Valid: 40.00%, Best Test: 16.66%
Epoch: 1800, Loss: 0.0000, Train: 16.58%, Valid: 40.00%, Test: 16.59%, Best Valid: 40.00%, Best Test: 16.66%
Epoch: 1900, Loss: 0.0000, Train: 16.55%, Valid: 30.00%, Test: 16.63%, Best Valid: 40.00%, Best Test: 16.66%
Epoch: 2000, Loss: 0.0000, Train: 16.54%, Valid: 40.00%, Test: 16.51%, Best Valid: 40.00%, Best Test: 16.66%
Epoch: 2100, Loss: 0.0000, Train: 16.52%, Valid: 40.00%, Test: 16.51%, Best Valid: 40.00%, Best Test: 16.66%
Epoch: 2200, Loss: 0.0000, Train: 16.48%, Valid: 40.00%, Test: 16.45%, Best Valid: 40.00%, Best Test: 16.66%
Epoch: 2300, Loss: 0.0000, Train: 16.49%, Valid: 40.00%, Test: 16.40%, Best Valid: 40.00%, Best Test: 16.66%
Epoch: 2400, Loss: 0.0000, Train: 16.46%, Valid: 40.00%, Test: 16.45%, Best Valid: 40.00%, Best Test: 16.66%
Run 06:
Highest Train: 22.68
Highest Valid: 40.00
Highest Test: 22.98
Chosen epoch: 74
Final Train: 16.90
Final Test: 16.66
Label budget: 2/class -> 10 train nodes
Matched-budget validation: 10 valid nodes
Epoch: 00, Loss: 1.8037, Train: 36.78%, Valid: 20.00%, Test: 36.80%, Best Valid: 20.00%, Best Test: 36.80%
Epoch: 100, Loss: 0.0001, Train: 18.36%, Valid: 10.00%, Test: 19.42%, Best Valid: 20.00%, Best Test: 36.80%
Epoch: 200, Loss: 0.0001, Train: 18.33%, Valid: 0.00%, Test: 19.53%, Best Valid: 20.00%, Best Test: 36.80%
Epoch: 300, Loss: 0.0000, Train: 18.46%, Valid: 10.00%, Test: 19.63%, Best Valid: 20.00%, Best Test: 36.80%
Epoch: 400, Loss: 0.0000, Train: 18.37%, Valid: 0.00%, Test: 19.52%, Best Valid: 20.00%, Best Test: 36.80%
Epoch: 500, Loss: 0.0000, Train: 18.31%, Valid: 0.00%, Test: 19.52%, Best Valid: 20.00%, Best Test: 36.80%
Epoch: 600, Loss: 0.0000, Train: 18.31%, Valid: 0.00%, Test: 19.50%, Best Valid: 20.00%, Best Test: 36.80%
Epoch: 700, Loss: 0.0000, Train: 18.36%, Valid: 10.00%, Test: 19.58%, Best Valid: 20.00%, Best Test: 36.80%
Epoch: 800, Loss: 0.0001, Train: 18.30%, Valid: 10.00%, Test: 19.58%, Best Valid: 20.00%, Best Test: 36.80%
Epoch: 900, Loss: 0.0000, Train: 18.23%, Valid: 10.00%, Test: 19.57%, Best Valid: 20.00%, Best Test: 36.80%
Epoch: 1000, Loss: 0.0000, Train: 18.22%, Valid: 10.00%, Test: 19.55%, Best Valid: 20.00%, Best Test: 36.80%
Epoch: 1100, Loss: 0.0000, Train: 18.35%, Valid: 0.00%, Test: 19.58%, Best Valid: 20.00%, Best Test: 36.80%
Epoch: 1200, Loss: 0.0000, Train: 18.37%, Valid: 0.00%, Test: 19.57%, Best Valid: 20.00%, Best Test: 36.80%
Epoch: 1300, Loss: 0.0000, Train: 18.33%, Valid: 0.00%, Test: 19.58%, Best Valid: 20.00%, Best Test: 36.80%
Epoch: 1400, Loss: 0.0000, Train: 18.39%, Valid: 0.00%, Test: 19.48%, Best Valid: 20.00%, Best Test: 36.80%
Epoch: 1500, Loss: 0.0000, Train: 18.29%, Valid: 0.00%, Test: 19.47%, Best Valid: 20.00%, Best Test: 36.80%
Epoch: 1600, Loss: 0.0000, Train: 18.41%, Valid: 0.00%, Test: 19.58%, Best Valid: 20.00%, Best Test: 36.80%
Epoch: 1700, Loss: 0.0000, Train: 18.39%, Valid: 0.00%, Test: 19.55%, Best Valid: 20.00%, Best Test: 36.80%
Epoch: 1800, Loss: 0.0000, Train: 18.37%, Valid: 0.00%, Test: 19.57%, Best Valid: 20.00%, Best Test: 36.80%
Epoch: 1900, Loss: 0.0000, Train: 18.44%, Valid: 0.00%, Test: 19.65%, Best Valid: 20.00%, Best Test: 36.80%
Epoch: 2000, Loss: 0.0000, Train: 18.52%, Valid: 0.00%, Test: 19.61%, Best Valid: 20.00%, Best Test: 36.80%
Epoch: 2100, Loss: 0.0000, Train: 18.54%, Valid: 0.00%, Test: 19.63%, Best Valid: 20.00%, Best Test: 36.80%
Epoch: 2200, Loss: 0.0000, Train: 18.54%, Valid: 0.00%, Test: 19.65%, Best Valid: 20.00%, Best Test: 36.80%
Epoch: 2300, Loss: 0.0000, Train: 18.54%, Valid: 0.00%, Test: 19.58%, Best Valid: 20.00%, Best Test: 36.80%
Epoch: 2400, Loss: 0.0000, Train: 18.56%, Valid: 0.00%, Test: 19.55%, Best Valid: 20.00%, Best Test: 36.80%
Run 07:
Highest Train: 36.78
Highest Valid: 20.00
Highest Test: 36.80
Chosen epoch: 0
Final Train: 36.78
Final Test: 36.80
Label budget: 2/class -> 10 train nodes
Matched-budget validation: 10 valid nodes
Epoch: 00, Loss: 1.7127, Train: 8.75%, Valid: 20.00%, Test: 8.70%, Best Valid: 20.00%, Best Test: 8.70%
Epoch: 100, Loss: 0.0000, Train: 18.18%, Valid: 40.00%, Test: 17.82%, Best Valid: 40.00%, Best Test: 17.52%
Epoch: 200, Loss: 0.0000, Train: 18.32%, Valid: 40.00%, Test: 17.92%, Best Valid: 40.00%, Best Test: 17.52%
Epoch: 300, Loss: 0.0000, Train: 18.37%, Valid: 40.00%, Test: 17.87%, Best Valid: 40.00%, Best Test: 17.52%
Epoch: 400, Loss: 0.0000, Train: 18.44%, Valid: 40.00%, Test: 17.85%, Best Valid: 40.00%, Best Test: 17.52%
Epoch: 500, Loss: 0.0000, Train: 18.54%, Valid: 40.00%, Test: 17.93%, Best Valid: 40.00%, Best Test: 17.52%
Epoch: 600, Loss: 0.0000, Train: 18.58%, Valid: 40.00%, Test: 17.95%, Best Valid: 40.00%, Best Test: 17.52%
Epoch: 700, Loss: 0.0000, Train: 18.53%, Valid: 40.00%, Test: 18.01%, Best Valid: 40.00%, Best Test: 17.52%
Epoch: 800, Loss: 0.0000, Train: 18.52%, Valid: 40.00%, Test: 17.98%, Best Valid: 40.00%, Best Test: 17.52%
Epoch: 900, Loss: 0.0000, Train: 18.56%, Valid: 40.00%, Test: 18.08%, Best Valid: 40.00%, Best Test: 17.52%
Epoch: 1000, Loss: 0.0000, Train: 18.59%, Valid: 40.00%, Test: 18.10%, Best Valid: 40.00%, Best Test: 17.52%
Epoch: 1100, Loss: 0.0000, Train: 18.59%, Valid: 40.00%, Test: 18.11%, Best Valid: 40.00%, Best Test: 17.52%
Epoch: 1200, Loss: 0.0000, Train: 18.65%, Valid: 40.00%, Test: 18.23%, Best Valid: 40.00%, Best Test: 17.52%
Epoch: 1300, Loss: 0.0000, Train: 18.64%, Valid: 40.00%, Test: 18.23%, Best Valid: 40.00%, Best Test: 17.52%
Epoch: 1400, Loss: 0.0000, Train: 18.66%, Valid: 40.00%, Test: 18.21%, Best Valid: 40.00%, Best Test: 17.52%
Epoch: 1500, Loss: 0.0000, Train: 18.67%, Valid: 40.00%, Test: 18.21%, Best Valid: 40.00%, Best Test: 17.52%
Epoch: 1600, Loss: 0.0000, Train: 18.65%, Valid: 40.00%, Test: 18.21%, Best Valid: 40.00%, Best Test: 17.52%
Epoch: 1700, Loss: 0.0000, Train: 18.68%, Valid: 40.00%, Test: 18.23%, Best Valid: 40.00%, Best Test: 17.52%
Epoch: 1800, Loss: 0.0000, Train: 18.69%, Valid: 40.00%, Test: 18.23%, Best Valid: 40.00%, Best Test: 17.52%
Epoch: 1900, Loss: 0.0000, Train: 18.75%, Valid: 40.00%, Test: 18.23%, Best Valid: 40.00%, Best Test: 17.52%
Epoch: 2000, Loss: 0.0000, Train: 18.77%, Valid: 40.00%, Test: 18.21%, Best Valid: 40.00%, Best Test: 17.52%
Epoch: 2100, Loss: 0.0000, Train: 18.74%, Valid: 40.00%, Test: 18.21%, Best Valid: 40.00%, Best Test: 17.52%
Epoch: 2200, Loss: 0.0000, Train: 18.78%, Valid: 40.00%, Test: 18.31%, Best Valid: 40.00%, Best Test: 17.52%
Epoch: 2300, Loss: 0.0000, Train: 18.72%, Valid: 40.00%, Test: 18.36%, Best Valid: 40.00%, Best Test: 17.52%
Epoch: 2400, Loss: 0.0000, Train: 18.73%, Valid: 40.00%, Test: 18.32%, Best Valid: 40.00%, Best Test: 17.52%
Run 08:
Highest Train: 18.81
Highest Valid: 40.00
Highest Test: 18.41
Chosen epoch: 86
Final Train: 17.86
Final Test: 17.52
Label budget: 2/class -> 10 train nodes
Matched-budget validation: 10 valid nodes
Epoch: 00, Loss: 1.7727, Train: 5.64%, Valid: 20.00%, Test: 5.45%, Best Valid: 20.00%, Best Test: 5.45%
Epoch: 100, Loss: 0.0000, Train: 22.15%, Valid: 20.00%, Test: 21.62%, Best Valid: 30.00%, Best Test: 21.84%
Epoch: 200, Loss: 0.0000, Train: 22.03%, Valid: 20.00%, Test: 21.38%, Best Valid: 30.00%, Best Test: 21.84%
Epoch: 300, Loss: 0.0000, Train: 22.15%, Valid: 20.00%, Test: 21.43%, Best Valid: 30.00%, Best Test: 21.84%
Epoch: 400, Loss: 0.0000, Train: 22.19%, Valid: 20.00%, Test: 21.43%, Best Valid: 30.00%, Best Test: 21.84%
Epoch: 500, Loss: 0.0000, Train: 22.22%, Valid: 20.00%, Test: 21.44%, Best Valid: 30.00%, Best Test: 21.84%
Epoch: 600, Loss: 0.0000, Train: 22.20%, Valid: 20.00%, Test: 21.43%, Best Valid: 30.00%, Best Test: 21.84%
Epoch: 700, Loss: 0.0000, Train: 22.28%, Valid: 20.00%, Test: 21.53%, Best Valid: 30.00%, Best Test: 21.84%
Epoch: 800, Loss: 0.0000, Train: 22.27%, Valid: 20.00%, Test: 21.57%, Best Valid: 30.00%, Best Test: 21.84%
Epoch: 900, Loss: 0.0000, Train: 22.33%, Valid: 20.00%, Test: 21.64%, Best Valid: 30.00%, Best Test: 21.84%
Epoch: 1000, Loss: 0.0000, Train: 22.30%, Valid: 20.00%, Test: 21.59%, Best Valid: 30.00%, Best Test: 21.84%
Epoch: 1100, Loss: 0.0000, Train: 22.32%, Valid: 20.00%, Test: 21.57%, Best Valid: 30.00%, Best Test: 21.84%
Epoch: 1200, Loss: 0.0000, Train: 22.29%, Valid: 20.00%, Test: 21.69%, Best Valid: 30.00%, Best Test: 21.84%
Epoch: 1300, Loss: 0.0000, Train: 22.30%, Valid: 20.00%, Test: 21.74%, Best Valid: 30.00%, Best Test: 21.84%
Epoch: 1400, Loss: 0.0000, Train: 22.32%, Valid: 20.00%, Test: 21.69%, Best Valid: 30.00%, Best Test: 21.84%
Epoch: 1500, Loss: 0.0000, Train: 22.35%, Valid: 20.00%, Test: 21.79%, Best Valid: 30.00%, Best Test: 21.84%
Epoch: 1600, Loss: 0.0000, Train: 22.42%, Valid: 20.00%, Test: 21.84%, Best Valid: 30.00%, Best Test: 21.84%
Epoch: 1700, Loss: 0.0000, Train: 22.47%, Valid: 20.00%, Test: 21.82%, Best Valid: 30.00%, Best Test: 21.84%
Epoch: 1800, Loss: 0.0000, Train: 22.47%, Valid: 20.00%, Test: 21.85%, Best Valid: 30.00%, Best Test: 21.84%
Epoch: 1900, Loss: 0.0000, Train: 22.43%, Valid: 20.00%, Test: 21.93%, Best Valid: 30.00%, Best Test: 21.84%
Epoch: 2000, Loss: 0.0000, Train: 22.44%, Valid: 20.00%, Test: 21.82%, Best Valid: 30.00%, Best Test: 21.84%
Epoch: 2100, Loss: 0.0000, Train: 22.52%, Valid: 20.00%, Test: 22.02%, Best Valid: 30.00%, Best Test: 21.84%
Epoch: 2200, Loss: 0.0000, Train: 22.48%, Valid: 20.00%, Test: 22.02%, Best Valid: 30.00%, Best Test: 21.84%
Epoch: 2300, Loss: 0.0000, Train: 22.46%, Valid: 20.00%, Test: 22.00%, Best Valid: 30.00%, Best Test: 21.84%
Epoch: 2400, Loss: 0.0000, Train: 22.45%, Valid: 20.00%, Test: 22.00%, Best Valid: 30.00%, Best Test: 21.84%
Run 09:
Highest Train: 28.45
Highest Valid: 30.00
Highest Test: 28.97
Chosen epoch: 1
Final Train: 21.52
Final Test: 21.84
Label budget: 2/class -> 10 train nodes
Matched-budget validation: 10 valid nodes
Epoch: 00, Loss: 1.7090, Train: 25.27%, Valid: 10.00%, Test: 25.56%, Best Valid: 10.00%, Best Test: 25.56%
Epoch: 100, Loss: 0.0000, Train: 23.15%, Valid: 10.00%, Test: 23.09%, Best Valid: 20.00%, Best Test: 26.98%
Epoch: 200, Loss: 0.0000, Train: 23.12%, Valid: 10.00%, Test: 23.14%, Best Valid: 20.00%, Best Test: 26.98%
Epoch: 300, Loss: 0.0000, Train: 23.08%, Valid: 10.00%, Test: 23.19%, Best Valid: 20.00%, Best Test: 26.98%
Epoch: 400, Loss: 0.0000, Train: 22.98%, Valid: 10.00%, Test: 23.11%, Best Valid: 20.00%, Best Test: 26.98%
Epoch: 500, Loss: 0.0000, Train: 22.95%, Valid: 10.00%, Test: 23.01%, Best Valid: 20.00%, Best Test: 26.98%
Epoch: 600, Loss: 0.0000, Train: 22.92%, Valid: 10.00%, Test: 23.03%, Best Valid: 20.00%, Best Test: 26.98%
Epoch: 700, Loss: 0.0000, Train: 23.00%, Valid: 10.00%, Test: 23.08%, Best Valid: 20.00%, Best Test: 26.98%
Epoch: 800, Loss: 0.0000, Train: 23.00%, Valid: 10.00%, Test: 22.96%, Best Valid: 20.00%, Best Test: 26.98%
Epoch: 900, Loss: 0.0000, Train: 23.08%, Valid: 10.00%, Test: 23.14%, Best Valid: 20.00%, Best Test: 26.98%
Epoch: 1000, Loss: 0.0000, Train: 23.01%, Valid: 10.00%, Test: 23.06%, Best Valid: 20.00%, Best Test: 26.98%
Epoch: 1100, Loss: 0.0000, Train: 22.96%, Valid: 10.00%, Test: 23.06%, Best Valid: 20.00%, Best Test: 26.98%
Epoch: 1200, Loss: 0.0000, Train: 22.94%, Valid: 10.00%, Test: 23.13%, Best Valid: 20.00%, Best Test: 26.98%
Epoch: 1300, Loss: 0.0000, Train: 22.88%, Valid: 10.00%, Test: 23.08%, Best Valid: 20.00%, Best Test: 26.98%
Epoch: 1400, Loss: 0.0000, Train: 22.84%, Valid: 10.00%, Test: 23.11%, Best Valid: 20.00%, Best Test: 26.98%
Epoch: 1500, Loss: 0.0000, Train: 22.76%, Valid: 10.00%, Test: 23.01%, Best Valid: 20.00%, Best Test: 26.98%
Epoch: 1600, Loss: 0.0000, Train: 22.69%, Valid: 10.00%, Test: 22.93%, Best Valid: 20.00%, Best Test: 26.98%
Epoch: 1700, Loss: 0.0000, Train: 22.70%, Valid: 10.00%, Test: 23.00%, Best Valid: 20.00%, Best Test: 26.98%
Epoch: 1800, Loss: 0.0000, Train: 22.69%, Valid: 10.00%, Test: 23.00%, Best Valid: 20.00%, Best Test: 26.98%
Epoch: 1900, Loss: 0.0000, Train: 22.67%, Valid: 10.00%, Test: 22.98%, Best Valid: 20.00%, Best Test: 26.98%
Epoch: 2000, Loss: 0.0000, Train: 22.73%, Valid: 10.00%, Test: 22.95%, Best Valid: 20.00%, Best Test: 26.98%
Epoch: 2100, Loss: 0.0000, Train: 22.72%, Valid: 10.00%, Test: 23.09%, Best Valid: 20.00%, Best Test: 26.98%
Epoch: 2200, Loss: 0.0000, Train: 22.71%, Valid: 10.00%, Test: 23.09%, Best Valid: 20.00%, Best Test: 26.98%
Epoch: 2300, Loss: 0.0000, Train: 22.69%, Valid: 10.00%, Test: 23.08%, Best Valid: 20.00%, Best Test: 26.98%
Epoch: 2400, Loss: 0.0000, Train: 22.67%, Valid: 10.00%, Test: 23.08%, Best Valid: 20.00%, Best Test: 26.98%
Run 10:
Highest Train: 26.94
Highest Valid: 20.00
Highest Test: 27.06
Chosen epoch: 1
Final Train: 26.87
Final Test: 26.98
All runs:
Highest Train: 29.18 ± 6.15
Highest Test: 29.34 ± 6.19
Highest Valid: 31.00 ± 7.38
  Final Train: 22.04 ± 7.33
   Final Test: 21.86 ± 7.34
Saving results to results/lowlabel_mv/amazon-ratings/MPNN_gcn.csv
Low-label sweep completed.
Task 48 done.
