Thu Aug  6 03:27:36 2026       
+-----------------------------------------------------------------------------------------+
| NVIDIA-SMI 580.159.04             Driver Version: 580.159.04     CUDA Version: 13.0     |
+-----------------------------------------+------------------------+----------------------+
| GPU  Name                 Persistence-M | Bus-Id          Disp.A | Volatile Uncorr. ECC |
| Fan  Temp   Perf          Pwr:Usage/Cap |           Memory-Usage | GPU-Util  Compute M. |
|                                         |                        |               MIG M. |
|=========================================+========================+======================|
|   0  NVIDIA A100-SXM4-80GB          On  |   00000000:01:00.0 Off |                   On |
| N/A   38C    P0            150W /  500W |    1417MiB /  81920MiB |     N/A      Default |
|                                         |                        |              Enabled |
+-----------------------------------------+------------------------+----------------------+
|   1  NVIDIA A100-SXM4-80GB          On  |   00000000:41:00.0 Off |                   On |
| N/A   46C    P0            214W /  500W |   30136MiB /  81920MiB |     N/A      Default |
|                                         |                        |              Enabled |
+-----------------------------------------+------------------------+----------------------+
|   2  NVIDIA A100-SXM4-80GB          On  |   00000000:81:00.0 Off |                   On |
| N/A   48C    P0            195W /  500W |   27202MiB /  81920MiB |     N/A      Default |
|                                         |                        |              Enabled |
+-----------------------------------------+------------------------+----------------------+
|   3  NVIDIA A100-SXM4-80GB          On  |   00000000:C1:00.0 Off |                   On |
| N/A   39C    P0            185W /  500W |   39528MiB /  81920MiB |     N/A      Default |
|                                         |                        |              Enabled |
+-----------------------------------------+------------------------+----------------------+

+-----------------------------------------------------------------------------------------+
| MIG devices:                                                                            |
+------------------+----------------------------------+-----------+-----------------------+
| GPU  GI  CI  MIG |              Shared Memory-Usage |        Vol|        Shared         |
|      ID  ID  Dev |                Shared BAR1-Usage | SM     Unc| CE ENC  DEC  OFA  JPG |
|                  |                                  |        ECC|                       |
|==================+==================================+===========+=======================|
|  3    5   0   0  |              71MiB / 19968MiB    | 28      0 |  2   0    1    0    0 |
|                  |               0MiB / 12271MiB    |           |                       |
+------------------+----------------------------------+-----------+-----------------------+

+-----------------------------------------------------------------------------------------+
| Processes:                                                                              |
|  GPU   GI   CI              PID   Type   Process name                        GPU Memory |
|        ID   ID                                                               Usage      |
|=========================================================================================|
|    0    5    0          1798071      C   python                                 1160MiB |
|    1    1    0           446462      C   python                                25890MiB |
|    1    5    0          1797365      C   python                                 3980MiB |
|    2    2    0           446461      C   python                                25890MiB |
|    2    3    0          1794761      C   ...yground/CAST/.venv/bin/python       1046MiB |
+-----------------------------------------------------------------------------------------+
Cell: amazon-computer / gcn / budget 20 per class / group 0
python main.py --gnn gcn --dataset amazon-computer --hidden_channels 512 --epochs 1000 --lr 0.001 --runs 3 --local_layers 3 --weight_decay 5e-5 --dropout 0.5 --device 0 --ln --runs 10 --train_per_class 20 --budget_tag 20
==========================================================
Low-label sweep: python main.py --gnn gcn --dataset amazon-computer --hidden_channels 512 --epochs 1000 --lr 0.001 --runs 3 --local_layers 3 --weight_decay 5e-5 --dropout 0.5 --device 0 --ln --runs 10 --train_per_class 20 --budget_tag 20
result_dir=results/lowlabel conditions=[baseline]
==========================================================
--- baseline ---
Namespace(bn=False, budget_tag='20', count_reg=False, count_smoothing=1.0, cpu=False, data_dir='./data/', dataset='amazon-computer', device=0, display_step=100, dropout=0.5, epochs=1000, gnn='gcn', hidden_channels=512, jk=False, label_num_per_class=20, lambda_val=0.5, ln=True, local_layers=3, lr=0.001, metric='acc', mlp_epochs=500, mlp_reg=False, model='MPNN', model_dir='models', num_heads=1, oracle_reg=False, paired_seeds=True, penalty_transform='none', pre_linear=False, pre_ln=False, rand_split=False, rand_split_class=False, reg_start_epoch=10, reg_update_freq=5, res=False, resample_split_per_run=False, result_dir='results/lowlabel', runs=10, save_model=False, seed=42, test_num=1000, train_per_class=20, train_prop=0.5, use_reg=False, valid_num=500, valid_per_class=0, valid_prop=0.25, weight_decay=5e-05)
amazon-computer
dataset amazon-computer | num nodes 13752 | num edge 491722 | num node feats 767 | num classes 10
MODEL: MPNNs(
  (h_lins): ModuleList()
  (local_convs): ModuleList(
    (0): GCNConv(767, 512)
    (1): GCNConv(512, 512)
    (2): GCNConv(512, 512)
  )
  (lins): ModuleList(
    (0): Linear(in_features=767, out_features=512, bias=True)
    (1): Linear(in_features=512, out_features=512, bias=True)
    (2): Linear(in_features=512, out_features=512, bias=True)
  )
  (lns): ModuleList(
    (0): LayerNorm((512,), eps=1e-05, elementwise_affine=True)
    (1): LayerNorm((512,), eps=1e-05, elementwise_affine=True)
    (2): LayerNorm((512,), eps=1e-05, elementwise_affine=True)
  )
  (bns): ModuleList(
    (0): BatchNorm1d(512, eps=1e-05, momentum=0.1, affine=True, track_running_stats=True)
    (1): BatchNorm1d(512, eps=1e-05, momentum=0.1, affine=True, track_running_stats=True)
    (2): BatchNorm1d(512, eps=1e-05, momentum=0.1, affine=True, track_running_stats=True)
  )
  (lin_in): Linear(in_features=767, out_features=512, bias=True)
  (pred_local): Linear(in_features=512, out_features=10, bias=True)
)
Label budget: 20/class -> 200 train nodes
Epoch: 00, Loss: 2.5083, Train: 9.96%, Valid: 10.73%, Test: 10.80%, Best Valid: 10.73%, Best Test: 10.80%
Epoch: 100, Loss: 0.0691, Train: 68.82%, Valid: 69.64%, Test: 69.61%, Best Valid: 85.49%, Best Test: 85.86%
Epoch: 200, Loss: 0.0293, Train: 83.46%, Valid: 83.13%, Test: 85.35%, Best Valid: 85.82%, Best Test: 86.51%
Epoch: 300, Loss: 0.0264, Train: 81.00%, Valid: 81.53%, Test: 82.55%, Best Valid: 85.82%, Best Test: 86.51%
Epoch: 400, Loss: 0.0104, Train: 82.87%, Valid: 83.35%, Test: 84.22%, Best Valid: 85.82%, Best Test: 86.51%
Epoch: 500, Loss: 0.0094, Train: 83.82%, Valid: 84.25%, Test: 84.66%, Best Valid: 85.82%, Best Test: 86.51%
Epoch: 600, Loss: 0.0944, Train: 77.14%, Valid: 78.58%, Test: 78.84%, Best Valid: 85.82%, Best Test: 86.51%
Epoch: 700, Loss: 0.0343, Train: 80.60%, Valid: 81.53%, Test: 82.08%, Best Valid: 85.82%, Best Test: 86.51%
Epoch: 800, Loss: 0.0189, Train: 81.98%, Valid: 82.40%, Test: 83.02%, Best Valid: 85.82%, Best Test: 86.51%
Epoch: 900, Loss: 0.0102, Train: 83.48%, Valid: 84.33%, Test: 84.08%, Best Valid: 85.82%, Best Test: 86.51%
Run 01:
Highest Train: 85.55
Highest Valid: 85.82
Highest Test: 87.28
Chosen epoch: 168
Final Train: 85.37
Final Test: 86.51
Label budget: 20/class -> 200 train nodes
Epoch: 00, Loss: 2.3748, Train: 5.65%, Valid: 5.31%, Test: 6.11%, Best Valid: 5.31%, Best Test: 6.11%
Epoch: 100, Loss: 0.0518, Train: 79.08%, Valid: 78.00%, Test: 78.99%, Best Valid: 83.45%, Best Test: 84.33%
Epoch: 200, Loss: 0.0537, Train: 82.20%, Valid: 81.93%, Test: 83.06%, Best Valid: 83.93%, Best Test: 83.57%
Epoch: 300, Loss: 0.7425, Train: 68.13%, Valid: 68.58%, Test: 68.01%, Best Valid: 83.93%, Best Test: 83.57%
Epoch: 400, Loss: 0.0064, Train: 81.78%, Valid: 81.67%, Test: 82.77%, Best Valid: 84.22%, Best Test: 85.64%
Epoch: 500, Loss: 0.0188, Train: 82.15%, Valid: 82.76%, Test: 82.84%, Best Valid: 84.22%, Best Test: 85.64%
Epoch: 600, Loss: 0.0006, Train: 81.40%, Valid: 81.09%, Test: 82.01%, Best Valid: 84.22%, Best Test: 85.64%
Epoch: 700, Loss: 0.0005, Train: 81.95%, Valid: 81.71%, Test: 82.59%, Best Valid: 84.22%, Best Test: 85.64%
Epoch: 800, Loss: 0.0004, Train: 80.69%, Valid: 80.73%, Test: 81.10%, Best Valid: 84.22%, Best Test: 85.64%
Epoch: 900, Loss: 0.0224, Train: 79.38%, Valid: 79.09%, Test: 79.83%, Best Valid: 84.29%, Best Test: 86.19%
Run 02:
Highest Train: 85.06
Highest Valid: 84.29
Highest Test: 86.19
Chosen epoch: 865
Final Train: 85.06
Final Test: 86.19
Label budget: 20/class -> 200 train nodes
Epoch: 00, Loss: 2.3839, Train: 15.79%, Valid: 16.29%, Test: 14.69%, Best Valid: 16.29%, Best Test: 14.69%
Epoch: 100, Loss: 0.1211, Train: 85.41%, Valid: 84.87%, Test: 85.93%, Best Valid: 85.85%, Best Test: 87.82%
Epoch: 200, Loss: 0.1189, Train: 85.53%, Valid: 86.11%, Test: 87.64%, Best Valid: 86.62%, Best Test: 86.91%
Epoch: 300, Loss: 0.0305, Train: 84.15%, Valid: 84.58%, Test: 85.24%, Best Valid: 86.62%, Best Test: 86.91%
Epoch: 400, Loss: 0.0447, Train: 83.77%, Valid: 84.95%, Test: 84.88%, Best Valid: 86.62%, Best Test: 86.91%
Epoch: 500, Loss: 0.0364, Train: 84.26%, Valid: 84.98%, Test: 85.28%, Best Valid: 86.62%, Best Test: 86.91%
Epoch: 600, Loss: 0.0145, Train: 82.50%, Valid: 82.76%, Test: 83.57%, Best Valid: 86.62%, Best Test: 86.91%
Epoch: 700, Loss: 0.0355, Train: 83.61%, Valid: 84.91%, Test: 85.24%, Best Valid: 86.62%, Best Test: 86.91%
Epoch: 800, Loss: 0.0043, Train: 82.51%, Valid: 83.53%, Test: 83.82%, Best Valid: 86.62%, Best Test: 86.91%
Epoch: 900, Loss: 0.0056, Train: 84.22%, Valid: 84.80%, Test: 85.35%, Best Valid: 86.62%, Best Test: 86.91%
Run 03:
Highest Train: 86.52
Highest Valid: 86.62
Highest Test: 87.93
Chosen epoch: 131
Final Train: 85.75
Final Test: 86.91
Label budget: 20/class -> 200 train nodes
Epoch: 00, Loss: 2.4930, Train: 4.63%, Valid: 5.09%, Test: 4.76%, Best Valid: 5.09%, Best Test: 4.76%
Epoch: 100, Loss: 0.0397, Train: 79.52%, Valid: 78.55%, Test: 79.28%, Best Valid: 83.64%, Best Test: 84.37%
Epoch: 200, Loss: 0.0290, Train: 80.56%, Valid: 80.40%, Test: 81.32%, Best Valid: 84.11%, Best Test: 84.84%
Epoch: 300, Loss: 0.3370, Train: 71.00%, Valid: 71.38%, Test: 71.36%, Best Valid: 84.11%, Best Test: 84.84%
Epoch: 400, Loss: 0.0018, Train: 82.21%, Valid: 81.27%, Test: 82.59%, Best Valid: 84.44%, Best Test: 85.02%
Epoch: 500, Loss: 0.0009, Train: 82.45%, Valid: 81.96%, Test: 83.21%, Best Valid: 84.44%, Best Test: 85.02%
Epoch: 600, Loss: 0.0006, Train: 81.71%, Valid: 81.31%, Test: 82.73%, Best Valid: 84.44%, Best Test: 85.02%
Epoch: 700, Loss: 0.0079, Train: 80.68%, Valid: 79.89%, Test: 81.35%, Best Valid: 84.44%, Best Test: 85.02%
Epoch: 800, Loss: 0.0118, Train: 81.36%, Valid: 80.69%, Test: 82.04%, Best Valid: 84.44%, Best Test: 85.02%
Epoch: 900, Loss: 0.0011, Train: 81.92%, Valid: 80.95%, Test: 82.37%, Best Valid: 84.44%, Best Test: 85.02%
Run 04:
Highest Train: 85.08
Highest Valid: 84.44
Highest Test: 86.11
Chosen epoch: 328
Final Train: 84.89
Final Test: 85.02
Label budget: 20/class -> 200 train nodes
Epoch: 00, Loss: 2.5033, Train: 42.60%, Valid: 42.51%, Test: 43.11%, Best Valid: 42.51%, Best Test: 43.11%
Epoch: 100, Loss: 0.1021, Train: 78.91%, Valid: 79.05%, Test: 79.46%, Best Valid: 82.62%, Best Test: 83.10%
Epoch: 200, Loss: 0.0209, Train: 79.23%, Valid: 79.49%, Test: 80.01%, Best Valid: 82.73%, Best Test: 82.92%
Epoch: 300, Loss: 0.0148, Train: 77.18%, Valid: 78.00%, Test: 77.90%, Best Valid: 82.73%, Best Test: 82.92%
Epoch: 400, Loss: 0.2650, Train: 80.34%, Valid: 79.20%, Test: 81.82%, Best Valid: 82.73%, Best Test: 82.92%
Epoch: 500, Loss: 0.0240, Train: 79.06%, Valid: 79.96%, Test: 79.61%, Best Valid: 82.73%, Best Test: 82.92%
Epoch: 600, Loss: 0.0020, Train: 79.09%, Valid: 79.93%, Test: 80.23%, Best Valid: 82.73%, Best Test: 82.92%
Epoch: 700, Loss: 0.0172, Train: 80.38%, Valid: 80.55%, Test: 81.21%, Best Valid: 83.24%, Best Test: 85.21%
Epoch: 800, Loss: 0.0013, Train: 79.77%, Valid: 80.44%, Test: 80.59%, Best Valid: 83.24%, Best Test: 85.21%
Epoch: 900, Loss: 0.0005, Train: 79.60%, Valid: 80.44%, Test: 80.77%, Best Valid: 83.24%, Best Test: 85.21%
Run 05:
Highest Train: 83.61
Highest Valid: 83.24
Highest Test: 85.21
Chosen epoch: 695
Final Train: 83.61
Final Test: 85.21
Label budget: 20/class -> 200 train nodes
Epoch: 00, Loss: 2.5014, Train: 15.50%, Valid: 16.04%, Test: 15.41%, Best Valid: 16.04%, Best Test: 15.41%
Epoch: 100, Loss: 0.0743, Train: 80.77%, Valid: 81.27%, Test: 81.72%, Best Valid: 83.38%, Best Test: 84.08%
Epoch: 200, Loss: 0.0473, Train: 82.00%, Valid: 82.25%, Test: 83.72%, Best Valid: 84.58%, Best Test: 84.44%
Epoch: 300, Loss: 0.0172, Train: 80.80%, Valid: 81.75%, Test: 82.01%, Best Valid: 84.80%, Best Test: 85.46%
Epoch: 400, Loss: 0.0062, Train: 79.94%, Valid: 80.84%, Test: 81.79%, Best Valid: 84.80%, Best Test: 85.46%
Epoch: 500, Loss: 0.0019, Train: 81.24%, Valid: 81.89%, Test: 82.66%, Best Valid: 84.80%, Best Test: 85.46%
Epoch: 600, Loss: 0.0011, Train: 80.41%, Valid: 81.16%, Test: 81.75%, Best Valid: 84.80%, Best Test: 85.46%
Epoch: 700, Loss: 0.0310, Train: 82.62%, Valid: 83.38%, Test: 84.19%, Best Valid: 84.80%, Best Test: 85.46%
Epoch: 800, Loss: 0.0162, Train: 81.38%, Valid: 82.58%, Test: 82.84%, Best Valid: 84.80%, Best Test: 85.46%
Epoch: 900, Loss: 0.0034, Train: 76.78%, Valid: 77.27%, Test: 78.55%, Best Valid: 85.35%, Best Test: 86.01%
Run 06:
Highest Train: 85.09
Highest Valid: 85.35
Highest Test: 86.04
Chosen epoch: 834
Final Train: 84.94
Final Test: 86.01
Label budget: 20/class -> 200 train nodes
Epoch: 00, Loss: 2.3947, Train: 9.22%, Valid: 9.02%, Test: 10.51%, Best Valid: 9.02%, Best Test: 10.51%
Epoch: 100, Loss: 0.0409, Train: 83.67%, Valid: 83.67%, Test: 85.93%, Best Valid: 85.13%, Best Test: 86.55%
Epoch: 200, Loss: 0.1743, Train: 77.09%, Valid: 77.38%, Test: 78.37%, Best Valid: 85.78%, Best Test: 87.57%
Epoch: 300, Loss: 0.0067, Train: 83.23%, Valid: 83.09%, Test: 85.28%, Best Valid: 85.78%, Best Test: 87.57%
Epoch: 400, Loss: 0.0117, Train: 83.83%, Valid: 83.89%, Test: 86.26%, Best Valid: 85.78%, Best Test: 87.57%
Epoch: 500, Loss: 0.0172, Train: 84.46%, Valid: 84.51%, Test: 86.62%, Best Valid: 85.89%, Best Test: 87.53%
Epoch: 600, Loss: 0.0011, Train: 84.44%, Valid: 84.33%, Test: 86.80%, Best Valid: 85.89%, Best Test: 87.53%
Epoch: 700, Loss: 0.0003, Train: 83.82%, Valid: 83.42%, Test: 85.90%, Best Valid: 85.89%, Best Test: 87.53%
Epoch: 800, Loss: 0.0002, Train: 83.88%, Valid: 83.35%, Test: 86.04%, Best Valid: 85.89%, Best Test: 87.53%
Epoch: 900, Loss: 0.0002, Train: 83.70%, Valid: 83.42%, Test: 85.90%, Best Valid: 85.89%, Best Test: 87.53%
Run 07:
Highest Train: 85.77
Highest Valid: 85.89
Highest Test: 87.75
Chosen epoch: 460
Final Train: 85.50
Final Test: 87.53
Label budget: 20/class -> 200 train nodes
Epoch: 00, Loss: 2.4350, Train: 37.46%, Valid: 36.07%, Test: 38.39%, Best Valid: 36.07%, Best Test: 38.39%
Epoch: 100, Loss: 0.1744, Train: 81.88%, Valid: 81.20%, Test: 83.13%, Best Valid: 83.75%, Best Test: 85.53%
Epoch: 200, Loss: 0.1013, Train: 83.01%, Valid: 83.31%, Test: 84.84%, Best Valid: 84.76%, Best Test: 86.08%
Epoch: 300, Loss: 0.2051, Train: 81.15%, Valid: 80.95%, Test: 83.28%, Best Valid: 84.76%, Best Test: 86.08%
Epoch: 400, Loss: 0.0717, Train: 83.53%, Valid: 83.24%, Test: 84.99%, Best Valid: 84.91%, Best Test: 86.55%
Epoch: 500, Loss: 0.0494, Train: 82.60%, Valid: 82.73%, Test: 84.44%, Best Valid: 84.91%, Best Test: 86.55%
Epoch: 600, Loss: 0.0616, Train: 78.03%, Valid: 78.44%, Test: 79.68%, Best Valid: 84.91%, Best Test: 86.55%
Epoch: 700, Loss: 0.0193, Train: 83.66%, Valid: 84.33%, Test: 86.19%, Best Valid: 85.09%, Best Test: 86.33%
Epoch: 800, Loss: 0.0690, Train: 80.31%, Valid: 80.55%, Test: 82.22%, Best Valid: 85.09%, Best Test: 86.33%
Epoch: 900, Loss: 0.0089, Train: 83.82%, Valid: 84.11%, Test: 85.50%, Best Valid: 85.16%, Best Test: 86.62%
Run 08:
Highest Train: 85.10
Highest Valid: 85.16
Highest Test: 86.77
Chosen epoch: 809
Final Train: 85.10
Final Test: 86.62
Label budget: 20/class -> 200 train nodes
Epoch: 00, Loss: 2.5118, Train: 6.77%, Valid: 6.84%, Test: 6.25%, Best Valid: 6.84%, Best Test: 6.25%
Epoch: 100, Loss: 0.0889, Train: 79.59%, Valid: 80.62%, Test: 80.48%, Best Valid: 84.18%, Best Test: 84.81%
Epoch: 200, Loss: 0.0660, Train: 80.89%, Valid: 82.36%, Test: 83.13%, Best Valid: 84.91%, Best Test: 84.59%
Epoch: 300, Loss: 0.0574, Train: 76.94%, Valid: 78.25%, Test: 79.50%, Best Valid: 84.91%, Best Test: 84.59%
Epoch: 400, Loss: 0.0527, Train: 78.98%, Valid: 80.80%, Test: 79.64%, Best Valid: 84.91%, Best Test: 84.59%
Epoch: 500, Loss: 0.0241, Train: 79.78%, Valid: 79.96%, Test: 80.73%, Best Valid: 84.91%, Best Test: 84.59%
Epoch: 600, Loss: 0.0034, Train: 80.15%, Valid: 81.82%, Test: 82.19%, Best Valid: 84.91%, Best Test: 84.59%
Epoch: 700, Loss: 0.0039, Train: 79.41%, Valid: 80.69%, Test: 81.17%, Best Valid: 84.91%, Best Test: 84.59%
Epoch: 800, Loss: 0.2405, Train: 66.17%, Valid: 66.18%, Test: 66.70%, Best Valid: 84.91%, Best Test: 84.59%
Epoch: 900, Loss: 0.0209, Train: 79.29%, Valid: 80.87%, Test: 81.72%, Best Valid: 84.91%, Best Test: 84.59%
Run 09:
Highest Train: 83.99
Highest Valid: 84.91
Highest Test: 85.93
Chosen epoch: 113
Final Train: 83.32
Final Test: 84.59
Label budget: 20/class -> 200 train nodes
Epoch: 00, Loss: 2.4951, Train: 2.08%, Valid: 2.58%, Test: 2.25%, Best Valid: 2.58%, Best Test: 2.25%
Epoch: 100, Loss: 0.2955, Train: 52.11%, Valid: 53.05%, Test: 53.00%, Best Valid: 82.87%, Best Test: 83.79%
Epoch: 200, Loss: 0.1024, Train: 79.97%, Valid: 81.42%, Test: 81.39%, Best Valid: 83.67%, Best Test: 84.62%
Epoch: 300, Loss: 0.1795, Train: 75.45%, Valid: 75.67%, Test: 76.01%, Best Valid: 83.67%, Best Test: 84.62%
Epoch: 400, Loss: 0.1678, Train: 76.03%, Valid: 77.24%, Test: 77.21%, Best Valid: 83.78%, Best Test: 85.24%
Epoch: 500, Loss: 0.0248, Train: 77.40%, Valid: 79.05%, Test: 78.59%, Best Valid: 83.78%, Best Test: 85.24%
Epoch: 600, Loss: 0.0068, Train: 78.68%, Valid: 79.96%, Test: 79.64%, Best Valid: 83.78%, Best Test: 85.24%
Epoch: 700, Loss: 0.0136, Train: 79.06%, Valid: 80.22%, Test: 80.48%, Best Valid: 83.78%, Best Test: 85.24%
Epoch: 800, Loss: 0.0154, Train: 78.56%, Valid: 79.64%, Test: 79.75%, Best Valid: 83.78%, Best Test: 85.24%
Epoch: 900, Loss: 0.0628, Train: 81.12%, Valid: 81.02%, Test: 83.21%, Best Valid: 83.78%, Best Test: 85.24%
Run 10:
Highest Train: 83.44
Highest Valid: 83.78
Highest Test: 85.24
Chosen epoch: 334
Final Train: 83.44
Final Test: 85.24
All runs:
Highest Train: 84.92 ± 0.97
Highest Test: 86.44 ± 0.96
Highest Valid: 84.95 ± 1.03
  Final Train: 84.70 ± 0.90
   Final Test: 85.98 ± 0.94
Saving results to results/lowlabel/amazon-computer/MPNN_gcn.csv
Low-label sweep completed.
Task 165 done.
