Sat Aug  8 17:47:08 2026       
+-----------------------------------------------------------------------------------------+
| NVIDIA-SMI 580.159.04             Driver Version: 580.159.04     CUDA Version: 13.0     |
+-----------------------------------------+------------------------+----------------------+
| GPU  Name                 Persistence-M | Bus-Id          Disp.A | Volatile Uncorr. ECC |
| Fan  Temp   Perf          Pwr:Usage/Cap |           Memory-Usage | GPU-Util  Compute M. |
|                                         |                        |               MIG M. |
|=========================================+========================+======================|
|   0  NVIDIA A100-SXM4-80GB          On  |   00000000:01:00.0 Off |                   On |
| N/A   58C    P0            268W /  500W |   52677MiB /  81920MiB |     N/A      Default |
|                                         |                        |              Enabled |
+-----------------------------------------+------------------------+----------------------+
|   1  NVIDIA A100-SXM4-80GB          On  |   00000000:41:00.0 Off |                   On |
| N/A   51C    P0            267W /  500W |   44437MiB /  81920MiB |     N/A      Default |
|                                         |                        |              Enabled |
+-----------------------------------------+------------------------+----------------------+
|   2  NVIDIA A100-SXM4-80GB          On  |   00000000:81:00.0 Off |                   On |
| N/A   50C    P0            104W /  500W |    7491MiB /  81920MiB |     N/A      Default |
|                                         |                        |              Enabled |
+-----------------------------------------+------------------------+----------------------+
|   3  NVIDIA A100-SXM4-80GB          On  |   00000000:C1:00.0 Off |                   On |
| N/A   45C    P0            208W /  500W |   41904MiB /  81920MiB |     N/A      Default |
|                                         |                        |              Enabled |
+-----------------------------------------+------------------------+----------------------+

+-----------------------------------------------------------------------------------------+
| MIG devices:                                                                            |
+------------------+----------------------------------+-----------+-----------------------+
| GPU  GI  CI  MIG |              Shared Memory-Usage |        Vol|        Shared         |
|      ID  ID  Dev |                Shared BAR1-Usage | SM     Unc| CE ENC  DEC  OFA  JPG |
|                  |                                  |        ECC|                       |
|==================+==================================+===========+=======================|
|  2    3   0   0  |              71MiB / 19968MiB    | 28      0 |  2   0    1    0    0 |
|                  |               0MiB / 12271MiB    |           |                       |
+------------------+----------------------------------+-----------+-----------------------+

+-----------------------------------------------------------------------------------------+
| Processes:                                                                              |
|  GPU   GI   CI              PID   Type   Process name                        GPU Memory |
|        ID   ID                                                               Usage      |
|=========================================================================================|
|    0    3    0           371827      C   python                                 2700MiB |
|    0   10    0           740369      C   ...ware/symmetrix-env/bin/python       8178MiB |
|    0    9    0           740370      C   ...ware/symmetrix-env/bin/python       2216MiB |
|    0    2    0          4062632      C   python                                39270MiB |
|    1    3    0           374660      C   python                                 2700MiB |
|    1   10    0           742139      C   ...ware/symmetrix-env/bin/python       2194MiB |
|    1    2    0          4058001      C   python                                39270MiB |
|    3    5    0           372338      C   python                                 2368MiB |
|    3    1    0          4058657      C   python                                39270MiB |
+-----------------------------------------------------------------------------------------+
Cell: amazon-ratings / gcn / budget 50 per class / group 0
python main.py --gnn gcn --dataset amazon-ratings --hidden_channels 512 --epochs 2500 --lr 0.001 --runs 3 --local_layers 4 --weight_decay 0.0 --dropout 0.5 --device 0 --bn --res --runs 10 --train_per_class 50 --budget_tag 50
==========================================================
Low-label sweep: python main.py --gnn gcn --dataset amazon-ratings --hidden_channels 512 --epochs 2500 --lr 0.001 --runs 3 --local_layers 4 --weight_decay 0.0 --dropout 0.5 --device 0 --bn --res --runs 10 --train_per_class 50 --budget_tag 50
result_dir=results/lowlabel conditions=[baseline]
==========================================================
--- baseline ---
Namespace(bn=True, budget_tag='50', count_reg=False, count_smoothing=1.0, cpu=False, data_dir='./data/', dataset='amazon-ratings', device=0, display_step=100, dropout=0.5, epochs=2500, gnn='gcn', hidden_channels=512, jk=False, label_num_per_class=20, lambda_val=0.5, ln=False, local_layers=4, lr=0.001, metric='acc', mlp_epochs=500, mlp_reg=False, model='MPNN', model_dir='models', num_heads=1, oracle_reg=False, paired_seeds=True, penalty_transform='none', pre_linear=False, pre_ln=False, rand_split=False, rand_split_class=False, reg_start_epoch=10, reg_update_freq=5, res=True, resample_split_per_run=False, result_dir='results/lowlabel', runs=10, save_model=False, seed=42, test_num=1000, train_per_class=50, train_prop=0.5, use_reg=False, valid_num=500, valid_per_class=0, valid_prop=0.25, weight_decay=0.0)
amazon-ratings
dataset amazon-ratings | num nodes 24492 | num edge 93050 | num node feats 300 | num classes 5
MODEL: MPNNs(
  (h_lins): ModuleList()
  (local_convs): ModuleList(
    (0): GCNConv(300, 512)
    (1): GCNConv(512, 512)
    (2): GCNConv(512, 512)
    (3): GCNConv(512, 512)
  )
  (lins): ModuleList(
    (0): Linear(in_features=300, out_features=512, bias=True)
    (1): Linear(in_features=512, out_features=512, bias=True)
    (2): Linear(in_features=512, out_features=512, bias=True)
    (3): Linear(in_features=512, out_features=512, bias=True)
  )
  (lns): ModuleList(
    (0): LayerNorm((512,), eps=1e-05, elementwise_affine=True)
    (1): LayerNorm((512,), eps=1e-05, elementwise_affine=True)
    (2): LayerNorm((512,), eps=1e-05, elementwise_affine=True)
    (3): LayerNorm((512,), eps=1e-05, elementwise_affine=True)
  )
  (bns): ModuleList(
    (0): BatchNorm1d(512, eps=1e-05, momentum=0.1, affine=True, track_running_stats=True)
    (1): BatchNorm1d(512, eps=1e-05, momentum=0.1, affine=True, track_running_stats=True)
    (2): BatchNorm1d(512, eps=1e-05, momentum=0.1, affine=True, track_running_stats=True)
    (3): BatchNorm1d(512, eps=1e-05, momentum=0.1, affine=True, track_running_stats=True)
  )
  (lin_in): Linear(in_features=300, out_features=512, bias=True)
  (pred_local): Linear(in_features=512, out_features=5, bias=True)
)
Label budget: 50/class -> 250 train nodes
Epoch: 00, Loss: 1.6910, Train: 36.63%, Valid: 36.55%, Test: 36.65%, Best Valid: 36.55%, Best Test: 36.65%
Epoch: 100, Loss: 0.0039, Train: 23.48%, Valid: 20.97%, Test: 20.71%, Best Valid: 36.55%, Best Test: 36.65%
Epoch: 200, Loss: 0.0007, Train: 23.80%, Valid: 21.15%, Test: 21.41%, Best Valid: 36.55%, Best Test: 36.65%
Epoch: 300, Loss: 0.0008, Train: 26.25%, Valid: 23.65%, Test: 23.83%, Best Valid: 36.55%, Best Test: 36.65%
Epoch: 400, Loss: 0.0007, Train: 24.20%, Valid: 20.90%, Test: 21.95%, Best Valid: 36.55%, Best Test: 36.65%
Epoch: 500, Loss: 0.0003, Train: 23.66%, Valid: 20.71%, Test: 20.97%, Best Valid: 36.55%, Best Test: 36.65%
Epoch: 600, Loss: 0.0387, Train: 19.96%, Valid: 18.24%, Test: 17.21%, Best Valid: 36.55%, Best Test: 36.65%
Epoch: 700, Loss: 0.0008, Train: 25.49%, Valid: 22.59%, Test: 22.95%, Best Valid: 36.55%, Best Test: 36.65%
Epoch: 800, Loss: 0.0001, Train: 25.00%, Valid: 22.23%, Test: 22.93%, Best Valid: 36.55%, Best Test: 36.65%
Epoch: 900, Loss: 0.0001, Train: 25.83%, Valid: 23.19%, Test: 23.93%, Best Valid: 36.55%, Best Test: 36.65%
Epoch: 1000, Loss: 0.0001, Train: 25.76%, Valid: 23.01%, Test: 23.31%, Best Valid: 36.55%, Best Test: 36.65%
Epoch: 1100, Loss: 0.0001, Train: 25.15%, Valid: 22.39%, Test: 22.91%, Best Valid: 36.55%, Best Test: 36.65%
Epoch: 1200, Loss: 0.0014, Train: 25.17%, Valid: 22.47%, Test: 23.19%, Best Valid: 36.55%, Best Test: 36.65%
Epoch: 1300, Loss: 0.0000, Train: 25.50%, Valid: 23.01%, Test: 23.22%, Best Valid: 36.55%, Best Test: 36.65%
Epoch: 1400, Loss: 0.0000, Train: 25.69%, Valid: 22.75%, Test: 22.67%, Best Valid: 36.55%, Best Test: 36.65%
Epoch: 1500, Loss: 0.0000, Train: 25.45%, Valid: 22.59%, Test: 22.31%, Best Valid: 36.55%, Best Test: 36.65%
Epoch: 1600, Loss: 0.0003, Train: 26.40%, Valid: 23.01%, Test: 23.55%, Best Valid: 36.55%, Best Test: 36.65%
Epoch: 1700, Loss: 0.0004, Train: 26.91%, Valid: 23.94%, Test: 24.32%, Best Valid: 36.55%, Best Test: 36.65%
Epoch: 1800, Loss: 0.0002, Train: 25.91%, Valid: 23.21%, Test: 23.19%, Best Valid: 36.55%, Best Test: 36.65%
Epoch: 1900, Loss: 0.0012, Train: 26.22%, Valid: 23.11%, Test: 24.09%, Best Valid: 36.55%, Best Test: 36.65%
Epoch: 2000, Loss: 0.0000, Train: 25.64%, Valid: 22.90%, Test: 23.57%, Best Valid: 36.55%, Best Test: 36.65%
Epoch: 2100, Loss: 0.0000, Train: 25.85%, Valid: 23.08%, Test: 23.73%, Best Valid: 36.55%, Best Test: 36.65%
Epoch: 2200, Loss: 0.0000, Train: 25.85%, Valid: 23.19%, Test: 23.68%, Best Valid: 36.55%, Best Test: 36.65%
Epoch: 2300, Loss: 0.0000, Train: 26.13%, Valid: 23.08%, Test: 23.63%, Best Valid: 36.55%, Best Test: 36.65%
Epoch: 2400, Loss: 0.0002, Train: 25.91%, Valid: 22.90%, Test: 23.50%, Best Valid: 36.55%, Best Test: 36.65%
Run 01:
Highest Train: 36.63
Highest Valid: 36.55
Highest Test: 36.65
Chosen epoch: 0
Final Train: 36.63
Final Test: 36.65
Label budget: 50/class -> 250 train nodes
Epoch: 00, Loss: 1.7484, Train: 11.50%, Valid: 11.50%, Test: 11.74%, Best Valid: 11.50%, Best Test: 11.74%
Epoch: 100, Loss: 0.0057, Train: 24.60%, Valid: 22.91%, Test: 23.63%, Best Valid: 30.39%, Best Test: 31.26%
Epoch: 200, Loss: 0.0009, Train: 27.31%, Valid: 25.48%, Test: 25.49%, Best Valid: 30.39%, Best Test: 31.26%
Epoch: 300, Loss: 0.0019, Train: 28.73%, Valid: 26.46%, Test: 27.40%, Best Valid: 30.39%, Best Test: 31.26%
Epoch: 400, Loss: 0.0022, Train: 25.48%, Valid: 23.66%, Test: 24.14%, Best Valid: 30.39%, Best Test: 31.26%
Epoch: 500, Loss: 0.0008, Train: 24.11%, Valid: 21.93%, Test: 22.86%, Best Valid: 31.10%, Best Test: 31.31%
Epoch: 600, Loss: 0.0011, Train: 25.04%, Valid: 23.00%, Test: 23.99%, Best Valid: 31.10%, Best Test: 31.31%
Epoch: 700, Loss: 0.0031, Train: 25.73%, Valid: 23.13%, Test: 23.75%, Best Valid: 31.10%, Best Test: 31.31%
Epoch: 800, Loss: 0.0112, Train: 28.03%, Valid: 26.85%, Test: 26.87%, Best Valid: 31.10%, Best Test: 31.31%
Epoch: 900, Loss: 0.0005, Train: 24.69%, Valid: 22.78%, Test: 23.39%, Best Valid: 31.10%, Best Test: 31.31%
Epoch: 1000, Loss: 0.0002, Train: 26.16%, Valid: 24.43%, Test: 24.64%, Best Valid: 31.10%, Best Test: 31.31%
Epoch: 1100, Loss: 0.0006, Train: 25.27%, Valid: 23.19%, Test: 22.98%, Best Valid: 31.10%, Best Test: 31.31%
Epoch: 1200, Loss: 0.0010, Train: 23.76%, Valid: 22.23%, Test: 22.36%, Best Valid: 31.10%, Best Test: 31.31%
Epoch: 1300, Loss: 0.0102, Train: 25.91%, Valid: 24.78%, Test: 23.98%, Best Valid: 31.10%, Best Test: 31.31%
Epoch: 1400, Loss: 0.0001, Train: 24.05%, Valid: 22.03%, Test: 22.34%, Best Valid: 31.10%, Best Test: 31.31%
Epoch: 1500, Loss: 0.0001, Train: 25.10%, Valid: 23.32%, Test: 24.14%, Best Valid: 31.10%, Best Test: 31.31%
Epoch: 1600, Loss: 0.0001, Train: 24.94%, Valid: 23.11%, Test: 23.76%, Best Valid: 31.10%, Best Test: 31.31%
Epoch: 1700, Loss: 0.0000, Train: 25.01%, Valid: 23.32%, Test: 23.73%, Best Valid: 31.10%, Best Test: 31.31%
Epoch: 1800, Loss: 0.0000, Train: 24.87%, Valid: 23.21%, Test: 23.52%, Best Valid: 31.10%, Best Test: 31.31%
Epoch: 1900, Loss: 0.0000, Train: 24.86%, Valid: 22.96%, Test: 23.53%, Best Valid: 31.10%, Best Test: 31.31%
Epoch: 2000, Loss: 0.0000, Train: 24.93%, Valid: 22.96%, Test: 23.57%, Best Valid: 31.10%, Best Test: 31.31%
Epoch: 2100, Loss: 0.0000, Train: 24.89%, Valid: 22.83%, Test: 23.47%, Best Valid: 31.10%, Best Test: 31.31%
Epoch: 2200, Loss: 0.0000, Train: 24.84%, Valid: 22.86%, Test: 23.44%, Best Valid: 31.10%, Best Test: 31.31%
Epoch: 2300, Loss: 0.0000, Train: 24.81%, Valid: 22.83%, Test: 23.45%, Best Valid: 31.10%, Best Test: 31.31%
Epoch: 2400, Loss: 0.0000, Train: 24.75%, Valid: 22.86%, Test: 23.39%, Best Valid: 31.10%, Best Test: 31.31%
Run 02:
Highest Train: 32.60
Highest Valid: 31.10
Highest Test: 31.44
Chosen epoch: 422
Final Train: 32.60
Final Test: 31.31
Label budget: 50/class -> 250 train nodes
Epoch: 00, Loss: 1.7365, Train: 30.90%, Valid: 31.26%, Test: 30.54%, Best Valid: 31.26%, Best Test: 30.54%
Epoch: 100, Loss: 0.0077, Train: 26.40%, Valid: 25.74%, Test: 25.41%, Best Valid: 31.26%, Best Test: 30.54%
Epoch: 200, Loss: 0.0075, Train: 23.99%, Valid: 23.21%, Test: 23.03%, Best Valid: 31.26%, Best Test: 30.54%
Epoch: 300, Loss: 0.0007, Train: 22.52%, Valid: 21.59%, Test: 21.36%, Best Valid: 31.26%, Best Test: 30.54%
Epoch: 400, Loss: 0.0005, Train: 25.85%, Valid: 24.38%, Test: 23.84%, Best Valid: 31.26%, Best Test: 30.54%
Epoch: 500, Loss: 0.0157, Train: 20.57%, Valid: 19.58%, Test: 18.91%, Best Valid: 31.26%, Best Test: 30.54%
Epoch: 600, Loss: 0.0006, Train: 25.43%, Valid: 23.63%, Test: 23.81%, Best Valid: 31.26%, Best Test: 30.54%
Epoch: 700, Loss: 0.0002, Train: 24.96%, Valid: 22.77%, Test: 22.95%, Best Valid: 31.26%, Best Test: 30.54%
Epoch: 800, Loss: 0.0001, Train: 25.02%, Valid: 23.17%, Test: 23.96%, Best Valid: 31.26%, Best Test: 30.54%
Epoch: 900, Loss: 0.0001, Train: 25.39%, Valid: 23.34%, Test: 24.35%, Best Valid: 31.26%, Best Test: 30.54%
Epoch: 1000, Loss: 0.0000, Train: 25.57%, Valid: 23.47%, Test: 24.06%, Best Valid: 31.26%, Best Test: 30.54%
Epoch: 1100, Loss: 0.0000, Train: 25.46%, Valid: 23.31%, Test: 23.89%, Best Valid: 31.26%, Best Test: 30.54%
Epoch: 1200, Loss: 0.0000, Train: 25.36%, Valid: 23.49%, Test: 23.93%, Best Valid: 31.26%, Best Test: 30.54%
Epoch: 1300, Loss: 0.0000, Train: 25.67%, Valid: 23.98%, Test: 24.02%, Best Valid: 31.26%, Best Test: 30.54%
Epoch: 1400, Loss: 0.0000, Train: 25.38%, Valid: 23.47%, Test: 23.52%, Best Valid: 31.26%, Best Test: 30.54%
Epoch: 1500, Loss: 0.0000, Train: 24.96%, Valid: 23.14%, Test: 23.32%, Best Valid: 31.26%, Best Test: 30.54%
Epoch: 1600, Loss: 0.0000, Train: 25.01%, Valid: 23.19%, Test: 23.42%, Best Valid: 31.26%, Best Test: 30.54%
Epoch: 1700, Loss: 0.0000, Train: 25.09%, Valid: 23.27%, Test: 23.71%, Best Valid: 31.26%, Best Test: 30.54%
Epoch: 1800, Loss: 0.0000, Train: 25.28%, Valid: 23.31%, Test: 23.70%, Best Valid: 31.26%, Best Test: 30.54%
Epoch: 1900, Loss: 0.0000, Train: 25.10%, Valid: 23.09%, Test: 23.53%, Best Valid: 31.26%, Best Test: 30.54%
Epoch: 2000, Loss: 0.0000, Train: 25.16%, Valid: 23.62%, Test: 23.75%, Best Valid: 31.26%, Best Test: 30.54%
Epoch: 2100, Loss: 0.0000, Train: 25.21%, Valid: 23.50%, Test: 23.89%, Best Valid: 31.26%, Best Test: 30.54%
Epoch: 2200, Loss: 0.0003, Train: 25.28%, Valid: 23.62%, Test: 24.15%, Best Valid: 31.26%, Best Test: 30.54%
Epoch: 2300, Loss: 0.0020, Train: 25.22%, Valid: 23.35%, Test: 23.40%, Best Valid: 31.31%, Best Test: 31.03%
Epoch: 2400, Loss: 0.0003, Train: 22.73%, Valid: 22.34%, Test: 21.17%, Best Valid: 31.31%, Best Test: 31.03%
Run 03:
Highest Train: 32.39
Highest Valid: 31.31
Highest Test: 31.03
Chosen epoch: 2245
Final Train: 32.39
Final Test: 31.03
Label budget: 50/class -> 250 train nodes
Epoch: 00, Loss: 1.7312, Train: 13.65%, Valid: 12.59%, Test: 12.72%, Best Valid: 12.59%, Best Test: 12.72%
Epoch: 100, Loss: 0.0102, Train: 23.99%, Valid: 21.79%, Test: 20.68%, Best Valid: 35.72%, Best Test: 36.39%
Epoch: 200, Loss: 0.0012, Train: 24.38%, Valid: 21.92%, Test: 21.38%, Best Valid: 35.72%, Best Test: 36.39%
Epoch: 300, Loss: 0.0002, Train: 24.45%, Valid: 21.97%, Test: 21.56%, Best Valid: 35.72%, Best Test: 36.39%
Epoch: 400, Loss: 0.0093, Train: 28.55%, Valid: 26.16%, Test: 25.85%, Best Valid: 35.72%, Best Test: 36.39%
Epoch: 500, Loss: 0.0080, Train: 22.82%, Valid: 21.39%, Test: 20.45%, Best Valid: 35.72%, Best Test: 36.39%
Epoch: 600, Loss: 0.0010, Train: 22.75%, Valid: 21.46%, Test: 20.04%, Best Valid: 35.72%, Best Test: 36.39%
Epoch: 700, Loss: 0.0002, Train: 25.27%, Valid: 23.11%, Test: 22.60%, Best Valid: 35.72%, Best Test: 36.39%
Epoch: 800, Loss: 0.0001, Train: 25.37%, Valid: 23.16%, Test: 23.19%, Best Valid: 35.72%, Best Test: 36.39%
Epoch: 900, Loss: 0.0000, Train: 25.69%, Valid: 23.88%, Test: 23.22%, Best Valid: 35.72%, Best Test: 36.39%
Epoch: 1000, Loss: 0.0001, Train: 26.22%, Valid: 23.58%, Test: 23.44%, Best Valid: 35.72%, Best Test: 36.39%
Epoch: 1100, Loss: 0.0001, Train: 22.47%, Valid: 20.92%, Test: 20.12%, Best Valid: 35.72%, Best Test: 36.39%
Epoch: 1200, Loss: 0.0001, Train: 25.79%, Valid: 23.26%, Test: 22.65%, Best Valid: 35.72%, Best Test: 36.39%
Epoch: 1300, Loss: 0.0000, Train: 25.75%, Valid: 23.63%, Test: 22.65%, Best Valid: 35.72%, Best Test: 36.39%
Epoch: 1400, Loss: 0.0000, Train: 25.71%, Valid: 23.32%, Test: 22.64%, Best Valid: 35.72%, Best Test: 36.39%
Epoch: 1500, Loss: 0.0000, Train: 25.64%, Valid: 23.31%, Test: 22.67%, Best Valid: 35.72%, Best Test: 36.39%
Epoch: 1600, Loss: 0.0000, Train: 25.69%, Valid: 23.13%, Test: 22.60%, Best Valid: 35.72%, Best Test: 36.39%
Epoch: 1700, Loss: 0.0000, Train: 25.55%, Valid: 23.04%, Test: 22.08%, Best Valid: 35.72%, Best Test: 36.39%
Epoch: 1800, Loss: 0.0000, Train: 25.84%, Valid: 23.21%, Test: 22.55%, Best Valid: 35.72%, Best Test: 36.39%
Epoch: 1900, Loss: 0.0000, Train: 25.85%, Valid: 23.57%, Test: 22.93%, Best Valid: 35.72%, Best Test: 36.39%
Epoch: 2000, Loss: 0.0295, Train: 24.49%, Valid: 21.90%, Test: 21.39%, Best Valid: 35.72%, Best Test: 36.39%
Epoch: 2100, Loss: 0.0006, Train: 24.20%, Valid: 22.55%, Test: 22.06%, Best Valid: 35.72%, Best Test: 36.39%
Epoch: 2200, Loss: 0.0023, Train: 25.49%, Valid: 23.68%, Test: 23.17%, Best Valid: 35.72%, Best Test: 36.39%
Epoch: 2300, Loss: 0.0000, Train: 25.11%, Valid: 23.29%, Test: 23.08%, Best Valid: 35.72%, Best Test: 36.39%
Epoch: 2400, Loss: 0.0000, Train: 25.18%, Valid: 23.32%, Test: 22.98%, Best Valid: 35.72%, Best Test: 36.39%
Run 04:
Highest Train: 36.04
Highest Valid: 35.72
Highest Test: 36.39
Chosen epoch: 2
Final Train: 36.04
Final Test: 36.39
Label budget: 50/class -> 250 train nodes
Epoch: 00, Loss: 1.7323, Train: 4.34%, Valid: 4.33%, Test: 4.33%, Best Valid: 4.33%, Best Test: 4.33%
Epoch: 100, Loss: 0.0027, Train: 29.08%, Valid: 27.65%, Test: 28.55%, Best Valid: 30.34%, Best Test: 29.94%
Epoch: 200, Loss: 0.0015, Train: 27.88%, Valid: 26.64%, Test: 26.91%, Best Valid: 30.34%, Best Test: 29.94%
Epoch: 300, Loss: 0.0019, Train: 27.34%, Valid: 25.62%, Test: 25.97%, Best Valid: 30.34%, Best Test: 29.94%
Epoch: 400, Loss: 0.0008, Train: 27.32%, Valid: 25.90%, Test: 26.26%, Best Valid: 30.34%, Best Test: 29.94%
Epoch: 500, Loss: 0.0007, Train: 27.63%, Valid: 25.93%, Test: 27.26%, Best Valid: 30.34%, Best Test: 29.94%
Epoch: 600, Loss: 0.0006, Train: 25.27%, Valid: 24.04%, Test: 24.42%, Best Valid: 30.34%, Best Test: 29.94%
Epoch: 700, Loss: 0.0149, Train: 24.79%, Valid: 23.01%, Test: 24.20%, Best Valid: 30.38%, Best Test: 30.18%
Epoch: 800, Loss: 0.0005, Train: 26.89%, Valid: 24.79%, Test: 24.87%, Best Valid: 30.38%, Best Test: 30.18%
Epoch: 900, Loss: 0.0001, Train: 27.90%, Valid: 25.95%, Test: 26.69%, Best Valid: 30.38%, Best Test: 30.18%
Epoch: 1000, Loss: 0.0001, Train: 27.54%, Valid: 25.56%, Test: 26.47%, Best Valid: 30.38%, Best Test: 30.18%
Epoch: 1100, Loss: 0.0000, Train: 27.45%, Valid: 25.62%, Test: 26.38%, Best Valid: 30.38%, Best Test: 30.18%
Epoch: 1200, Loss: 0.0000, Train: 27.72%, Valid: 26.00%, Test: 26.70%, Best Valid: 30.38%, Best Test: 30.18%
Epoch: 1300, Loss: 0.0000, Train: 28.04%, Valid: 26.34%, Test: 26.78%, Best Valid: 30.38%, Best Test: 30.18%
Epoch: 1400, Loss: 0.0000, Train: 27.40%, Valid: 26.02%, Test: 26.34%, Best Valid: 30.38%, Best Test: 30.18%
Epoch: 1500, Loss: 0.0000, Train: 27.42%, Valid: 25.80%, Test: 26.36%, Best Valid: 30.38%, Best Test: 30.18%
Epoch: 1600, Loss: 0.0000, Train: 27.58%, Valid: 26.07%, Test: 26.67%, Best Valid: 30.38%, Best Test: 30.18%
Epoch: 1700, Loss: 0.0051, Train: 27.86%, Valid: 26.90%, Test: 27.63%, Best Valid: 30.38%, Best Test: 30.18%
Epoch: 1800, Loss: 0.0009, Train: 26.16%, Valid: 24.71%, Test: 23.71%, Best Valid: 31.95%, Best Test: 31.98%
Epoch: 1900, Loss: 0.0003, Train: 26.60%, Valid: 25.02%, Test: 24.79%, Best Valid: 31.95%, Best Test: 31.98%
Epoch: 2000, Loss: 0.0000, Train: 26.74%, Valid: 24.82%, Test: 25.09%, Best Valid: 31.95%, Best Test: 31.98%
Epoch: 2100, Loss: 0.0001, Train: 27.34%, Valid: 25.74%, Test: 25.20%, Best Valid: 31.95%, Best Test: 31.98%
Epoch: 2200, Loss: 0.0000, Train: 26.50%, Valid: 24.94%, Test: 24.84%, Best Valid: 31.95%, Best Test: 31.98%
Epoch: 2300, Loss: 0.0003, Train: 26.60%, Valid: 24.99%, Test: 24.86%, Best Valid: 31.95%, Best Test: 31.98%
Epoch: 2400, Loss: 0.0005, Train: 26.24%, Valid: 24.58%, Test: 24.60%, Best Valid: 31.95%, Best Test: 31.98%
Run 05:
Highest Train: 33.31
Highest Valid: 31.95
Highest Test: 31.98
Chosen epoch: 1718
Final Train: 33.31
Final Test: 31.98
Label budget: 50/class -> 250 train nodes
Epoch: 00, Loss: 1.7378, Train: 9.55%, Valid: 9.46%, Test: 9.29%, Best Valid: 9.46%, Best Test: 9.29%
Epoch: 100, Loss: 0.0039, Train: 27.94%, Valid: 27.27%, Test: 27.21%, Best Valid: 36.63%, Best Test: 36.47%
Epoch: 200, Loss: 0.0014, Train: 28.03%, Valid: 27.13%, Test: 26.78%, Best Valid: 36.63%, Best Test: 36.47%
Epoch: 300, Loss: 0.0012, Train: 29.21%, Valid: 28.25%, Test: 27.86%, Best Valid: 36.63%, Best Test: 36.47%
Epoch: 400, Loss: 0.0044, Train: 26.42%, Valid: 25.27%, Test: 24.33%, Best Valid: 36.63%, Best Test: 36.47%
Epoch: 500, Loss: 0.0008, Train: 28.32%, Valid: 27.06%, Test: 28.29%, Best Valid: 36.63%, Best Test: 36.47%
Epoch: 600, Loss: 0.0015, Train: 27.13%, Valid: 26.90%, Test: 26.28%, Best Valid: 36.63%, Best Test: 36.47%
Epoch: 700, Loss: 0.0001, Train: 26.61%, Valid: 25.93%, Test: 25.36%, Best Valid: 36.63%, Best Test: 36.47%
Epoch: 800, Loss: 0.0005, Train: 26.87%, Valid: 26.08%, Test: 25.49%, Best Valid: 36.63%, Best Test: 36.47%
Epoch: 900, Loss: 0.0000, Train: 26.90%, Valid: 26.11%, Test: 25.43%, Best Valid: 36.63%, Best Test: 36.47%
Epoch: 1000, Loss: 0.0004, Train: 26.30%, Valid: 25.54%, Test: 24.71%, Best Valid: 36.63%, Best Test: 36.47%
Epoch: 1100, Loss: 0.0017, Train: 26.96%, Valid: 26.65%, Test: 26.07%, Best Valid: 36.63%, Best Test: 36.47%
Epoch: 1200, Loss: 0.0002, Train: 26.37%, Valid: 26.05%, Test: 26.41%, Best Valid: 36.63%, Best Test: 36.47%
Epoch: 1300, Loss: 0.0054, Train: 26.51%, Valid: 25.69%, Test: 26.39%, Best Valid: 36.63%, Best Test: 36.47%
Epoch: 1400, Loss: 0.0008, Train: 26.52%, Valid: 25.62%, Test: 26.08%, Best Valid: 36.63%, Best Test: 36.47%
Epoch: 1500, Loss: 0.0051, Train: 30.61%, Valid: 30.07%, Test: 30.21%, Best Valid: 36.63%, Best Test: 36.47%
Epoch: 1600, Loss: 0.0050, Train: 28.73%, Valid: 27.80%, Test: 27.85%, Best Valid: 36.63%, Best Test: 36.47%
Epoch: 1700, Loss: 0.0001, Train: 27.38%, Valid: 26.36%, Test: 26.11%, Best Valid: 36.63%, Best Test: 36.47%
Epoch: 1800, Loss: 0.0001, Train: 27.09%, Valid: 26.18%, Test: 25.98%, Best Valid: 36.63%, Best Test: 36.47%
Epoch: 1900, Loss: 0.0000, Train: 27.36%, Valid: 26.80%, Test: 27.08%, Best Valid: 36.63%, Best Test: 36.47%
Epoch: 2000, Loss: 0.0001, Train: 27.36%, Valid: 27.09%, Test: 27.00%, Best Valid: 36.63%, Best Test: 36.47%
Epoch: 2100, Loss: 0.0000, Train: 27.19%, Valid: 26.39%, Test: 26.96%, Best Valid: 36.63%, Best Test: 36.47%
Epoch: 2200, Loss: 0.0000, Train: 27.24%, Valid: 26.39%, Test: 27.00%, Best Valid: 36.63%, Best Test: 36.47%
Epoch: 2300, Loss: 0.0000, Train: 27.18%, Valid: 26.49%, Test: 27.06%, Best Valid: 36.63%, Best Test: 36.47%
Epoch: 2400, Loss: 0.0000, Train: 27.04%, Valid: 26.65%, Test: 26.82%, Best Valid: 36.63%, Best Test: 36.47%
Run 06:
Highest Train: 36.47
Highest Valid: 36.63
Highest Test: 36.52
Chosen epoch: 19
Final Train: 36.47
Final Test: 36.47
Label budget: 50/class -> 250 train nodes
Epoch: 00, Loss: 1.7382, Train: 36.71%, Valid: 36.73%, Test: 36.78%, Best Valid: 36.73%, Best Test: 36.78%
Epoch: 100, Loss: 0.0018, Train: 26.82%, Valid: 25.64%, Test: 26.00%, Best Valid: 36.73%, Best Test: 36.78%
Epoch: 200, Loss: 0.0005, Train: 25.04%, Valid: 23.27%, Test: 24.40%, Best Valid: 36.73%, Best Test: 36.78%
Epoch: 300, Loss: 0.0005, Train: 28.33%, Valid: 27.52%, Test: 27.63%, Best Valid: 36.73%, Best Test: 36.78%
Epoch: 400, Loss: 0.0001, Train: 26.00%, Valid: 24.61%, Test: 25.80%, Best Valid: 36.73%, Best Test: 36.78%
Epoch: 500, Loss: 0.0003, Train: 24.87%, Valid: 24.30%, Test: 24.45%, Best Valid: 36.73%, Best Test: 36.78%
Epoch: 600, Loss: 0.0254, Train: 18.20%, Valid: 17.00%, Test: 18.26%, Best Valid: 36.73%, Best Test: 36.78%
Epoch: 700, Loss: 0.0050, Train: 24.65%, Valid: 23.60%, Test: 24.22%, Best Valid: 36.73%, Best Test: 36.78%
Epoch: 800, Loss: 0.0001, Train: 28.13%, Valid: 26.85%, Test: 27.14%, Best Valid: 36.73%, Best Test: 36.78%
Epoch: 900, Loss: 0.0001, Train: 24.65%, Valid: 23.03%, Test: 23.86%, Best Valid: 36.73%, Best Test: 36.78%
Epoch: 1000, Loss: 0.0001, Train: 24.82%, Valid: 23.60%, Test: 24.40%, Best Valid: 36.73%, Best Test: 36.78%
Epoch: 1100, Loss: 0.0001, Train: 25.04%, Valid: 23.34%, Test: 24.48%, Best Valid: 36.73%, Best Test: 36.78%
Epoch: 1200, Loss: 0.0000, Train: 25.16%, Valid: 23.14%, Test: 24.73%, Best Valid: 36.73%, Best Test: 36.78%
Epoch: 1300, Loss: 0.0001, Train: 25.53%, Valid: 23.27%, Test: 24.84%, Best Valid: 36.73%, Best Test: 36.78%
Epoch: 1400, Loss: 0.0000, Train: 25.36%, Valid: 23.49%, Test: 24.79%, Best Valid: 36.73%, Best Test: 36.78%
Epoch: 1500, Loss: 0.0037, Train: 21.97%, Valid: 21.33%, Test: 21.28%, Best Valid: 36.73%, Best Test: 36.78%
Epoch: 1600, Loss: 0.0016, Train: 24.39%, Valid: 23.16%, Test: 24.24%, Best Valid: 36.73%, Best Test: 36.78%
Epoch: 1700, Loss: 0.0064, Train: 18.59%, Valid: 17.34%, Test: 17.61%, Best Valid: 36.73%, Best Test: 36.78%
Epoch: 1800, Loss: 0.0011, Train: 24.76%, Valid: 24.07%, Test: 23.70%, Best Valid: 36.73%, Best Test: 36.78%
Epoch: 1900, Loss: 0.0003, Train: 25.37%, Valid: 24.91%, Test: 24.58%, Best Valid: 36.73%, Best Test: 36.78%
Epoch: 2000, Loss: 0.0001, Train: 26.09%, Valid: 25.35%, Test: 25.00%, Best Valid: 36.73%, Best Test: 36.78%
Epoch: 2100, Loss: 0.0000, Train: 25.90%, Valid: 25.45%, Test: 25.54%, Best Valid: 36.73%, Best Test: 36.78%
Epoch: 2200, Loss: 0.0000, Train: 26.20%, Valid: 25.49%, Test: 25.45%, Best Valid: 36.73%, Best Test: 36.78%
Epoch: 2300, Loss: 0.0003, Train: 27.05%, Valid: 26.28%, Test: 26.70%, Best Valid: 36.73%, Best Test: 36.78%
Epoch: 2400, Loss: 0.0001, Train: 25.82%, Valid: 24.30%, Test: 25.09%, Best Valid: 36.73%, Best Test: 36.78%
Run 07:
Highest Train: 36.71
Highest Valid: 36.73
Highest Test: 36.78
Chosen epoch: 0
Final Train: 36.71
Final Test: 36.78
Label budget: 50/class -> 250 train nodes
Epoch: 00, Loss: 1.7499, Train: 8.43%, Valid: 8.98%, Test: 8.46%, Best Valid: 8.98%, Best Test: 8.46%
Epoch: 100, Loss: 0.0178, Train: 29.27%, Valid: 28.03%, Test: 29.04%, Best Valid: 36.78%, Best Test: 36.78%
Epoch: 200, Loss: 0.0009, Train: 29.05%, Valid: 27.63%, Test: 28.14%, Best Valid: 36.78%, Best Test: 36.78%
Epoch: 300, Loss: 0.0007, Train: 28.23%, Valid: 27.42%, Test: 28.16%, Best Valid: 36.78%, Best Test: 36.78%
Epoch: 400, Loss: 0.0004, Train: 28.38%, Valid: 27.06%, Test: 29.15%, Best Valid: 36.78%, Best Test: 36.78%
Epoch: 500, Loss: 0.0005, Train: 26.76%, Valid: 26.00%, Test: 26.03%, Best Valid: 36.78%, Best Test: 36.78%
Epoch: 600, Loss: 0.0013, Train: 28.54%, Valid: 27.14%, Test: 28.06%, Best Valid: 36.78%, Best Test: 36.78%
Epoch: 700, Loss: 0.0062, Train: 27.89%, Valid: 26.83%, Test: 27.21%, Best Valid: 36.78%, Best Test: 36.78%
Epoch: 800, Loss: 0.0001, Train: 27.36%, Valid: 26.20%, Test: 27.09%, Best Valid: 36.78%, Best Test: 36.78%
Epoch: 900, Loss: 0.0078, Train: 26.91%, Valid: 25.82%, Test: 26.28%, Best Valid: 36.78%, Best Test: 36.78%
Epoch: 1000, Loss: 0.0001, Train: 27.56%, Valid: 26.77%, Test: 27.36%, Best Valid: 36.78%, Best Test: 36.78%
Epoch: 1100, Loss: 0.0000, Train: 28.07%, Valid: 27.27%, Test: 27.76%, Best Valid: 36.78%, Best Test: 36.78%
Epoch: 1200, Loss: 0.0004, Train: 28.29%, Valid: 27.55%, Test: 27.81%, Best Valid: 36.78%, Best Test: 36.78%
Epoch: 1300, Loss: 0.0000, Train: 27.94%, Valid: 26.83%, Test: 27.63%, Best Valid: 36.78%, Best Test: 36.78%
Epoch: 1400, Loss: 0.0005, Train: 27.04%, Valid: 25.76%, Test: 26.42%, Best Valid: 36.78%, Best Test: 36.78%
Epoch: 1500, Loss: 0.0030, Train: 25.67%, Valid: 24.20%, Test: 24.82%, Best Valid: 36.78%, Best Test: 36.78%
Epoch: 1600, Loss: 0.0006, Train: 26.13%, Valid: 24.64%, Test: 26.41%, Best Valid: 36.78%, Best Test: 36.78%
Epoch: 1700, Loss: 0.0001, Train: 27.32%, Valid: 26.03%, Test: 27.29%, Best Valid: 36.78%, Best Test: 36.78%
Epoch: 1800, Loss: 0.0000, Train: 27.69%, Valid: 26.54%, Test: 27.50%, Best Valid: 36.78%, Best Test: 36.78%
Epoch: 1900, Loss: 0.0000, Train: 27.27%, Valid: 26.52%, Test: 27.63%, Best Valid: 36.78%, Best Test: 36.78%
Epoch: 2000, Loss: 0.0000, Train: 27.28%, Valid: 26.56%, Test: 27.70%, Best Valid: 36.78%, Best Test: 36.78%
Epoch: 2100, Loss: 0.0000, Train: 27.33%, Valid: 26.26%, Test: 27.54%, Best Valid: 36.78%, Best Test: 36.78%
Epoch: 2200, Loss: 0.0000, Train: 27.44%, Valid: 26.49%, Test: 27.63%, Best Valid: 36.78%, Best Test: 36.78%
Epoch: 2300, Loss: 0.0000, Train: 27.49%, Valid: 26.60%, Test: 27.81%, Best Valid: 36.78%, Best Test: 36.78%
Epoch: 2400, Loss: 0.0000, Train: 27.24%, Valid: 26.42%, Test: 27.45%, Best Valid: 36.78%, Best Test: 36.78%
Run 08:
Highest Train: 36.79
Highest Valid: 36.78
Highest Test: 36.78
Chosen epoch: 6
Final Train: 36.76
Final Test: 36.78
Label budget: 50/class -> 250 train nodes
Epoch: 00, Loss: 1.7663, Train: 5.10%, Valid: 5.06%, Test: 5.14%, Best Valid: 5.06%, Best Test: 5.14%
Epoch: 100, Loss: 0.0013, Train: 27.37%, Valid: 26.11%, Test: 24.92%, Best Valid: 35.85%, Best Test: 35.46%
Epoch: 200, Loss: 0.0083, Train: 26.01%, Valid: 24.04%, Test: 23.44%, Best Valid: 35.85%, Best Test: 35.46%
Epoch: 300, Loss: 0.0009, Train: 28.14%, Valid: 26.57%, Test: 26.21%, Best Valid: 35.85%, Best Test: 35.46%
Epoch: 400, Loss: 0.0045, Train: 24.77%, Valid: 22.70%, Test: 22.75%, Best Valid: 35.85%, Best Test: 35.46%
Epoch: 500, Loss: 0.0013, Train: 23.80%, Valid: 22.03%, Test: 21.08%, Best Valid: 35.85%, Best Test: 35.46%
Epoch: 600, Loss: 0.0016, Train: 24.72%, Valid: 22.85%, Test: 21.84%, Best Valid: 35.85%, Best Test: 35.46%
Epoch: 700, Loss: 0.0006, Train: 25.13%, Valid: 23.39%, Test: 22.95%, Best Valid: 35.85%, Best Test: 35.46%
Epoch: 800, Loss: 0.0171, Train: 24.96%, Valid: 23.55%, Test: 22.29%, Best Valid: 35.85%, Best Test: 35.46%
Epoch: 900, Loss: 0.0006, Train: 23.59%, Valid: 21.69%, Test: 20.64%, Best Valid: 35.85%, Best Test: 35.46%
Epoch: 1000, Loss: 0.0008, Train: 24.52%, Valid: 22.85%, Test: 22.02%, Best Valid: 35.85%, Best Test: 35.46%
Epoch: 1100, Loss: 0.0013, Train: 21.71%, Valid: 19.45%, Test: 18.88%, Best Valid: 35.85%, Best Test: 35.46%
Epoch: 1200, Loss: 0.0018, Train: 24.55%, Valid: 22.68%, Test: 22.21%, Best Valid: 35.85%, Best Test: 35.46%
Epoch: 1300, Loss: 0.0000, Train: 24.05%, Valid: 22.13%, Test: 21.95%, Best Valid: 35.85%, Best Test: 35.46%
Epoch: 1400, Loss: 0.0000, Train: 24.10%, Valid: 22.10%, Test: 21.69%, Best Valid: 35.85%, Best Test: 35.46%
Epoch: 1500, Loss: 0.0000, Train: 24.10%, Valid: 22.06%, Test: 21.67%, Best Valid: 35.85%, Best Test: 35.46%
Epoch: 1600, Loss: 0.0000, Train: 24.24%, Valid: 22.13%, Test: 21.77%, Best Valid: 35.85%, Best Test: 35.46%
Epoch: 1700, Loss: 0.0000, Train: 24.19%, Valid: 22.26%, Test: 21.85%, Best Valid: 35.85%, Best Test: 35.46%
Epoch: 1800, Loss: 0.0000, Train: 24.38%, Valid: 22.42%, Test: 21.75%, Best Valid: 35.85%, Best Test: 35.46%
Epoch: 1900, Loss: 0.0001, Train: 24.43%, Valid: 22.41%, Test: 22.05%, Best Valid: 35.85%, Best Test: 35.46%
Epoch: 2000, Loss: 0.0000, Train: 25.63%, Valid: 23.68%, Test: 23.22%, Best Valid: 35.85%, Best Test: 35.46%
Epoch: 2100, Loss: 0.0002, Train: 24.21%, Valid: 23.01%, Test: 22.02%, Best Valid: 35.85%, Best Test: 35.46%
Epoch: 2200, Loss: 0.0000, Train: 24.67%, Valid: 22.83%, Test: 22.77%, Best Valid: 35.85%, Best Test: 35.46%
Epoch: 2300, Loss: 0.0123, Train: 23.49%, Valid: 21.97%, Test: 20.51%, Best Valid: 35.85%, Best Test: 35.46%
Epoch: 2400, Loss: 0.0016, Train: 25.43%, Valid: 24.71%, Test: 23.35%, Best Valid: 35.85%, Best Test: 35.46%
Run 09:
Highest Train: 35.24
Highest Valid: 35.85
Highest Test: 35.46
Chosen epoch: 2
Final Train: 35.24
Final Test: 35.46
Label budget: 50/class -> 250 train nodes
Epoch: 00, Loss: 1.8194, Train: 23.67%, Valid: 24.02%, Test: 23.47%, Best Valid: 24.02%, Best Test: 23.47%
Epoch: 100, Loss: 0.0039, Train: 29.66%, Valid: 28.53%, Test: 28.40%, Best Valid: 36.78%, Best Test: 37.84%
Epoch: 200, Loss: 0.0009, Train: 27.99%, Valid: 26.60%, Test: 26.83%, Best Valid: 36.78%, Best Test: 37.84%
Epoch: 300, Loss: 0.0007, Train: 27.31%, Valid: 26.16%, Test: 25.92%, Best Valid: 36.78%, Best Test: 37.84%
Epoch: 400, Loss: 0.0002, Train: 28.14%, Valid: 27.58%, Test: 27.40%, Best Valid: 36.78%, Best Test: 37.84%
Epoch: 500, Loss: 0.0003, Train: 25.81%, Valid: 25.30%, Test: 25.12%, Best Valid: 36.78%, Best Test: 37.84%
Epoch: 600, Loss: 0.0001, Train: 27.18%, Valid: 26.60%, Test: 26.29%, Best Valid: 36.78%, Best Test: 37.84%
Epoch: 700, Loss: 0.0000, Train: 27.07%, Valid: 26.41%, Test: 26.05%, Best Valid: 36.78%, Best Test: 37.84%
Epoch: 800, Loss: 0.0224, Train: 30.41%, Valid: 29.02%, Test: 29.20%, Best Valid: 36.78%, Best Test: 37.84%
Epoch: 900, Loss: 0.0001, Train: 26.22%, Valid: 25.20%, Test: 24.86%, Best Valid: 36.78%, Best Test: 37.84%
Epoch: 1000, Loss: 0.0001, Train: 26.85%, Valid: 26.36%, Test: 25.61%, Best Valid: 36.78%, Best Test: 37.84%
Epoch: 1100, Loss: 0.0002, Train: 27.03%, Valid: 26.44%, Test: 26.02%, Best Valid: 36.78%, Best Test: 37.84%
Epoch: 1200, Loss: 0.0000, Train: 26.98%, Valid: 26.28%, Test: 25.87%, Best Valid: 36.78%, Best Test: 37.84%
Epoch: 1300, Loss: 0.0000, Train: 27.02%, Valid: 26.46%, Test: 25.92%, Best Valid: 36.78%, Best Test: 37.84%
Epoch: 1400, Loss: 0.0000, Train: 27.04%, Valid: 26.46%, Test: 26.03%, Best Valid: 36.78%, Best Test: 37.84%
Epoch: 1500, Loss: 0.0000, Train: 27.06%, Valid: 26.34%, Test: 26.07%, Best Valid: 36.78%, Best Test: 37.84%
Epoch: 1600, Loss: 0.0000, Train: 26.74%, Valid: 25.77%, Test: 25.15%, Best Valid: 36.78%, Best Test: 37.84%
Epoch: 1700, Loss: 0.0000, Train: 27.05%, Valid: 26.20%, Test: 26.18%, Best Valid: 36.78%, Best Test: 37.84%
Epoch: 1800, Loss: 0.0000, Train: 27.03%, Valid: 26.26%, Test: 26.16%, Best Valid: 36.78%, Best Test: 37.84%
Epoch: 1900, Loss: 0.0000, Train: 27.07%, Valid: 26.28%, Test: 26.18%, Best Valid: 36.78%, Best Test: 37.84%
Epoch: 2000, Loss: 0.0000, Train: 27.02%, Valid: 26.25%, Test: 26.08%, Best Valid: 36.78%, Best Test: 37.84%
Epoch: 2100, Loss: 0.0000, Train: 27.15%, Valid: 25.90%, Test: 26.16%, Best Valid: 36.78%, Best Test: 37.84%
Epoch: 2200, Loss: 0.0000, Train: 26.97%, Valid: 25.92%, Test: 26.18%, Best Valid: 36.78%, Best Test: 37.84%
Epoch: 2300, Loss: 0.0000, Train: 27.05%, Valid: 25.92%, Test: 26.11%, Best Valid: 36.78%, Best Test: 37.84%
Epoch: 2400, Loss: 0.0000, Train: 27.09%, Valid: 26.10%, Test: 26.11%, Best Valid: 36.78%, Best Test: 37.84%
Run 10:
Highest Train: 37.85
Highest Valid: 36.78
Highest Test: 37.92
Chosen epoch: 13
Final Train: 37.82
Final Test: 37.84
All runs:
Highest Train: 35.40 ± 1.94
Highest Test: 35.09 ± 2.57
Highest Valid: 34.94 ± 2.44
  Final Train: 35.40 ± 1.94
   Final Test: 35.07 ± 2.58
Saving results to results/lowlabel/amazon-ratings/MPNN_gcn.csv
Low-label sweep completed.
Task 320 done.
