Tue Sep  1 23:14:42 2026       
+-----------------------------------------------------------------------------------------+
| NVIDIA-SMI 580.159.04             Driver Version: 580.159.04     CUDA Version: 13.0     |
+-----------------------------------------+------------------------+----------------------+
| GPU  Name                 Persistence-M | Bus-Id          Disp.A | Volatile Uncorr. ECC |
| Fan  Temp   Perf          Pwr:Usage/Cap |           Memory-Usage | GPU-Util  Compute M. |
|                                         |                        |               MIG M. |
|=========================================+========================+======================|
|   0  NVIDIA A100-SXM4-80GB          On  |   00000000:01:00.0 Off |                   On |
| N/A   56C    P0            196W /  500W |    6467MiB /  81920MiB |     N/A      Default |
|                                         |                        |              Enabled |
+-----------------------------------------+------------------------+----------------------+
|   1  NVIDIA A100-SXM4-80GB          On  |   00000000:41:00.0 Off |                   On |
| N/A   37C    P0            115W /  500W |    1300MiB /  81920MiB |     N/A      Default |
|                                         |                        |              Enabled |
+-----------------------------------------+------------------------+----------------------+
|   2  NVIDIA A100-SXM4-80GB          On  |   00000000:81:00.0 Off |                   On |
| N/A   58C    P0            299W /  500W |   24113MiB /  81920MiB |     N/A      Default |
|                                         |                        |              Enabled |
+-----------------------------------------+------------------------+----------------------+
|   3  NVIDIA A100-SXM4-80GB          On  |   00000000:C1:00.0 Off |                   On |
| N/A   46C    P0            242W /  500W |   22621MiB /  81920MiB |     N/A      Default |
|                                         |                        |              Enabled |
+-----------------------------------------+------------------------+----------------------+

+-----------------------------------------------------------------------------------------+
| MIG devices:                                                                            |
+------------------+----------------------------------+-----------+-----------------------+
| GPU  GI  CI  MIG |              Shared Memory-Usage |        Vol|        Shared         |
|      ID  ID  Dev |                Shared BAR1-Usage | SM     Unc| CE ENC  DEC  OFA  JPG |
|                  |                                  |        ECC|                       |
|==================+==================================+===========+=======================|
|  3    5   0   0  |              71MiB / 19968MiB    | 28      0 |  2   0    1    0    0 |
|                  |               0MiB / 12271MiB    |           |                       |
+------------------+----------------------------------+-----------+-----------------------+

+-----------------------------------------------------------------------------------------+
| Processes:                                                                              |
|  GPU   GI   CI              PID   Type   Process name                        GPU Memory |
|        ID   ID                                                               Usage      |
|=========================================================================================|
|    0   13    0            69936      C   ...ware/symmetrix-env/bin/python        508MiB |
|    0   14    0            69944      C   ...ware/symmetrix-env/bin/python        540MiB |
|    0    1    0           179474      C   python                                 3618MiB |
|    0    5    0           193416      C   python                                 1552MiB |
|    1   10    0            69947      C   ...ware/symmetrix-env/bin/python        528MiB |
|    1    9    0            69948      C   ...ware/symmetrix-env/bin/python        508MiB |
|    2   10    0            69941      C   ...ware/symmetrix-env/bin/python        548MiB |
|    2    9    0            69945      C   ...ware/symmetrix-env/bin/python        528MiB |
|    2    2    0           143115      C   python                                21206MiB |
|    2    3    0           193218      C   python                                 1550MiB |
+-----------------------------------------------------------------------------------------+
Control cell: citeseer / gcn / budget 10 per class / mlp -> results/lowlabel_mv
python main.py --gnn gcn --dataset citeseer --lr 0.001 --local_layers 2 --hidden_channels 512 --weight_decay 0.01 --dropout 0.5 --rand_split_class --valid_num 500 --test_num 1000 --seed 123 --device 0 --runs 5 --runs 10 --label_num_per_class 10 --resample_split_per_run --valid_per_class 10 --budget_tag 10
==========================================================
Low-label sweep: python main.py --gnn gcn --dataset citeseer --lr 0.001 --local_layers 2 --hidden_channels 512 --weight_decay 0.01 --dropout 0.5 --rand_split_class --valid_num 500 --test_num 1000 --seed 123 --device 0 --runs 5 --runs 10 --label_num_per_class 10 --resample_split_per_run --valid_per_class 10 --budget_tag 10
result_dir=results/lowlabel_mv conditions=[mlp]
==========================================================
--- mlp_reg | lambda=0.01 ---
Namespace(bn=False, budget_tag='10', cooc_file='', count_reg=False, count_smoothing=1.0, cpu=False, data_dir='./data/', dataset='citeseer', device=0, display_step=100, dropout=0.5, epochs=500, gnn='gcn', hidden_channels=512, jk=False, label_num_per_class=10, lambda_val=0.01, ln=False, local_layers=2, lr=0.001, metric='acc', mlp_epochs=500, mlp_reg=True, model='MPNN', model_dir='models', num_heads=1, oracle_reg=False, paired_seeds=True, penalty_transform='none', pre_linear=False, pre_ln=False, rand_split=False, rand_split_class=True, reg_start_epoch=10, reg_update_freq=5, res=False, resample_split_per_run=True, result_dir='results/lowlabel_mv', runs=10, save_model=False, seed=123, source_mode='keep', test_num=1000, train_per_class=0, train_prop=0.5, use_reg=True, valid_num=500, valid_per_class=10, valid_prop=0.25, weight_decay=0.01, year_split=0)
citeseer
Num nodes: 3327
train:torch.Size([60]), valid:torch.Size([500]), test:torch.Size([1000])
dataset citeseer | num nodes 3327 | num edge 9104 | num node feats 3703 | num classes 6
MODEL: MPNNs(
  (h_lins): ModuleList()
  (local_convs): ModuleList(
    (0): GCNConv(3703, 512)
    (1): GCNConv(512, 512)
  )
  (lins): ModuleList(
    (0): Linear(in_features=3703, out_features=512, bias=True)
    (1): Linear(in_features=512, out_features=512, bias=True)
  )
  (lns): ModuleList(
    (0): LayerNorm((512,), eps=1e-05, elementwise_affine=True)
    (1): LayerNorm((512,), eps=1e-05, elementwise_affine=True)
  )
  (bns): ModuleList(
    (0): BatchNorm1d(512, eps=1e-05, momentum=0.1, affine=True, track_running_stats=True)
    (1): BatchNorm1d(512, eps=1e-05, momentum=0.1, affine=True, track_running_stats=True)
  )
  (lin_in): Linear(in_features=3703, out_features=512, bias=True)
  (pred_local): Linear(in_features=512, out_features=6, bias=True)
)
train:torch.Size([60]), valid:torch.Size([500]), test:torch.Size([1000])
Matched-budget validation: 60 valid nodes
Pre-training MLP for 500 epochs to generate co-occurrence matrix...
MLP pre-training complete. Penalty matrix frozen.
Epoch: 00, Loss: 1.8080, Train: 36.67%, Valid: 15.00%, Test: 18.00%, Best Valid: 15.00%, Best Test: 18.00%
Epoch: 100, Loss: 0.0567, Train: 100.00%, Valid: 65.00%, Test: 67.70%, Best Valid: 68.33%, Best Test: 65.20%
Epoch: 200, Loss: 0.0406, Train: 100.00%, Valid: 63.33%, Test: 68.00%, Best Valid: 68.33%, Best Test: 65.20%
Epoch: 300, Loss: 0.0435, Train: 100.00%, Valid: 65.00%, Test: 67.90%, Best Valid: 68.33%, Best Test: 65.20%
Epoch: 400, Loss: 0.0420, Train: 100.00%, Valid: 61.67%, Test: 66.20%, Best Valid: 68.33%, Best Test: 65.20%
Run 01:
Highest Train: 100.00
Highest Valid: 68.33
Highest Test: 69.40
Chosen epoch: 27
Final Train: 100.00
Final Test: 65.20
train:torch.Size([60]), valid:torch.Size([500]), test:torch.Size([1000])
Matched-budget validation: 60 valid nodes
Pre-training MLP for 500 epochs to generate co-occurrence matrix...
MLP pre-training complete. Penalty matrix frozen.
Epoch: 00, Loss: 1.8049, Train: 63.33%, Valid: 25.00%, Test: 31.80%, Best Valid: 25.00%, Best Test: 31.80%
Epoch: 100, Loss: 0.0475, Train: 100.00%, Valid: 60.00%, Test: 65.80%, Best Valid: 73.33%, Best Test: 66.30%
Epoch: 200, Loss: 0.0323, Train: 100.00%, Valid: 61.67%, Test: 65.80%, Best Valid: 73.33%, Best Test: 66.30%
Epoch: 300, Loss: 0.0343, Train: 100.00%, Valid: 63.33%, Test: 65.70%, Best Valid: 73.33%, Best Test: 66.30%
Epoch: 400, Loss: 0.0404, Train: 100.00%, Valid: 61.67%, Test: 65.50%, Best Valid: 73.33%, Best Test: 66.30%
Run 02:
Highest Train: 100.00
Highest Valid: 73.33
Highest Test: 67.10
Chosen epoch: 33
Final Train: 100.00
Final Test: 66.30
train:torch.Size([60]), valid:torch.Size([500]), test:torch.Size([1000])
Matched-budget validation: 60 valid nodes
Pre-training MLP for 500 epochs to generate co-occurrence matrix...
MLP pre-training complete. Penalty matrix frozen.
Epoch: 00, Loss: 1.8106, Train: 26.67%, Valid: 20.00%, Test: 22.10%, Best Valid: 20.00%, Best Test: 22.10%
Epoch: 100, Loss: 0.0483, Train: 100.00%, Valid: 53.33%, Test: 66.20%, Best Valid: 55.00%, Best Test: 59.10%
Epoch: 200, Loss: 0.0390, Train: 100.00%, Valid: 50.00%, Test: 65.50%, Best Valid: 55.00%, Best Test: 59.10%
Epoch: 300, Loss: 0.0326, Train: 100.00%, Valid: 46.67%, Test: 64.00%, Best Valid: 55.00%, Best Test: 59.10%
Epoch: 400, Loss: 0.0355, Train: 100.00%, Valid: 50.00%, Test: 65.80%, Best Valid: 55.00%, Best Test: 59.10%
Run 03:
Highest Train: 100.00
Highest Valid: 55.00
Highest Test: 66.40
Chosen epoch: 15
Final Train: 98.33
Final Test: 59.10
train:torch.Size([60]), valid:torch.Size([500]), test:torch.Size([1000])
Matched-budget validation: 60 valid nodes
Pre-training MLP for 500 epochs to generate co-occurrence matrix...
MLP pre-training complete. Penalty matrix frozen.
Epoch: 00, Loss: 1.8021, Train: 50.00%, Valid: 31.67%, Test: 22.70%, Best Valid: 31.67%, Best Test: 22.70%
Epoch: 100, Loss: 0.0418, Train: 100.00%, Valid: 61.67%, Test: 66.00%, Best Valid: 65.00%, Best Test: 63.30%
Epoch: 200, Loss: 0.0390, Train: 100.00%, Valid: 60.00%, Test: 65.80%, Best Valid: 65.00%, Best Test: 63.30%
Epoch: 300, Loss: 0.0347, Train: 100.00%, Valid: 60.00%, Test: 65.40%, Best Valid: 65.00%, Best Test: 63.30%
Epoch: 400, Loss: 0.0299, Train: 100.00%, Valid: 58.33%, Test: 65.70%, Best Valid: 65.00%, Best Test: 63.30%
Run 04:
Highest Train: 100.00
Highest Valid: 65.00
Highest Test: 67.10
Chosen epoch: 19
Final Train: 95.00
Final Test: 63.30
train:torch.Size([60]), valid:torch.Size([500]), test:torch.Size([1000])
Matched-budget validation: 60 valid nodes
Pre-training MLP for 500 epochs to generate co-occurrence matrix...
MLP pre-training complete. Penalty matrix frozen.
Epoch: 00, Loss: 1.8109, Train: 31.67%, Valid: 16.67%, Test: 19.60%, Best Valid: 16.67%, Best Test: 19.60%
Epoch: 100, Loss: 0.0544, Train: 100.00%, Valid: 60.00%, Test: 68.60%, Best Valid: 63.33%, Best Test: 63.30%
Epoch: 200, Loss: 0.0421, Train: 100.00%, Valid: 60.00%, Test: 68.80%, Best Valid: 63.33%, Best Test: 63.30%
Epoch: 300, Loss: 0.0351, Train: 100.00%, Valid: 60.00%, Test: 69.10%, Best Valid: 63.33%, Best Test: 63.30%
Epoch: 400, Loss: 0.0307, Train: 100.00%, Valid: 60.00%, Test: 68.80%, Best Valid: 63.33%, Best Test: 63.30%
Run 05:
Highest Train: 100.00
Highest Valid: 63.33
Highest Test: 69.60
Chosen epoch: 13
Final Train: 98.33
Final Test: 63.30
train:torch.Size([60]), valid:torch.Size([500]), test:torch.Size([1000])
Matched-budget validation: 60 valid nodes
Pre-training MLP for 500 epochs to generate co-occurrence matrix...
MLP pre-training complete. Penalty matrix frozen.
Epoch: 00, Loss: 1.8094, Train: 36.67%, Valid: 25.00%, Test: 14.80%, Best Valid: 25.00%, Best Test: 14.80%
Epoch: 100, Loss: 0.0569, Train: 100.00%, Valid: 63.33%, Test: 65.20%, Best Valid: 70.00%, Best Test: 54.10%
Epoch: 200, Loss: 0.0343, Train: 100.00%, Valid: 63.33%, Test: 65.90%, Best Valid: 70.00%, Best Test: 54.10%
Epoch: 300, Loss: 0.0377, Train: 100.00%, Valid: 65.00%, Test: 66.00%, Best Valid: 70.00%, Best Test: 54.10%
Epoch: 400, Loss: 0.0386, Train: 100.00%, Valid: 66.67%, Test: 65.20%, Best Valid: 70.00%, Best Test: 54.10%
Run 06:
Highest Train: 100.00
Highest Valid: 70.00
Highest Test: 67.10
Chosen epoch: 7
Final Train: 100.00
Final Test: 54.10
train:torch.Size([60]), valid:torch.Size([500]), test:torch.Size([1000])
Matched-budget validation: 60 valid nodes
Pre-training MLP for 500 epochs to generate co-occurrence matrix...
MLP pre-training complete. Penalty matrix frozen.
Epoch: 00, Loss: 1.8153, Train: 48.33%, Valid: 21.67%, Test: 22.80%, Best Valid: 21.67%, Best Test: 22.80%
Epoch: 100, Loss: 0.0486, Train: 100.00%, Valid: 55.00%, Test: 66.00%, Best Valid: 56.67%, Best Test: 64.20%
Epoch: 200, Loss: 0.0417, Train: 100.00%, Valid: 53.33%, Test: 66.50%, Best Valid: 56.67%, Best Test: 64.20%
Epoch: 300, Loss: 0.0382, Train: 100.00%, Valid: 53.33%, Test: 66.60%, Best Valid: 58.33%, Best Test: 66.60%
Epoch: 400, Loss: 0.0423, Train: 100.00%, Valid: 55.00%, Test: 66.40%, Best Valid: 58.33%, Best Test: 66.60%
Run 07:
Highest Train: 100.00
Highest Valid: 58.33
Highest Test: 67.50
Chosen epoch: 242
Final Train: 100.00
Final Test: 66.60
train:torch.Size([60]), valid:torch.Size([500]), test:torch.Size([1000])
Matched-budget validation: 60 valid nodes
Pre-training MLP for 500 epochs to generate co-occurrence matrix...
MLP pre-training complete. Penalty matrix frozen.
Epoch: 00, Loss: 1.8026, Train: 45.00%, Valid: 23.33%, Test: 18.80%, Best Valid: 23.33%, Best Test: 18.80%
Epoch: 100, Loss: 0.0596, Train: 100.00%, Valid: 53.33%, Test: 64.20%, Best Valid: 61.67%, Best Test: 66.60%
Epoch: 200, Loss: 0.0361, Train: 100.00%, Valid: 53.33%, Test: 63.60%, Best Valid: 61.67%, Best Test: 66.60%
Epoch: 300, Loss: 0.0425, Train: 100.00%, Valid: 55.00%, Test: 62.60%, Best Valid: 61.67%, Best Test: 66.60%
Epoch: 400, Loss: 0.0371, Train: 100.00%, Valid: 55.00%, Test: 62.30%, Best Valid: 61.67%, Best Test: 66.60%
Run 08:
Highest Train: 100.00
Highest Valid: 61.67
Highest Test: 68.40
Chosen epoch: 21
Final Train: 100.00
Final Test: 66.60
train:torch.Size([60]), valid:torch.Size([500]), test:torch.Size([1000])
Matched-budget validation: 60 valid nodes
Pre-training MLP for 500 epochs to generate co-occurrence matrix...
MLP pre-training complete. Penalty matrix frozen.
Epoch: 00, Loss: 1.8068, Train: 40.00%, Valid: 20.00%, Test: 20.70%, Best Valid: 20.00%, Best Test: 20.70%
Epoch: 100, Loss: 0.0541, Train: 100.00%, Valid: 63.33%, Test: 70.30%, Best Valid: 66.67%, Best Test: 69.60%
Epoch: 200, Loss: 0.0365, Train: 100.00%, Valid: 63.33%, Test: 70.20%, Best Valid: 66.67%, Best Test: 69.60%
Epoch: 300, Loss: 0.0361, Train: 100.00%, Valid: 63.33%, Test: 69.80%, Best Valid: 66.67%, Best Test: 69.60%
Epoch: 400, Loss: 0.0372, Train: 100.00%, Valid: 65.00%, Test: 69.80%, Best Valid: 66.67%, Best Test: 69.60%
Run 09:
Highest Train: 100.00
Highest Valid: 66.67
Highest Test: 70.90
Chosen epoch: 46
Final Train: 100.00
Final Test: 69.60
train:torch.Size([60]), valid:torch.Size([500]), test:torch.Size([1000])
Matched-budget validation: 60 valid nodes
Pre-training MLP for 500 epochs to generate co-occurrence matrix...
MLP pre-training complete. Penalty matrix frozen.
Epoch: 00, Loss: 1.8057, Train: 61.67%, Valid: 35.00%, Test: 26.40%, Best Valid: 35.00%, Best Test: 26.40%
Epoch: 100, Loss: 0.0464, Train: 100.00%, Valid: 71.67%, Test: 66.80%, Best Valid: 76.67%, Best Test: 65.20%
Epoch: 200, Loss: 0.0416, Train: 100.00%, Valid: 71.67%, Test: 67.00%, Best Valid: 76.67%, Best Test: 65.20%
Epoch: 300, Loss: 0.0375, Train: 100.00%, Valid: 71.67%, Test: 67.60%, Best Valid: 76.67%, Best Test: 65.20%
Epoch: 400, Loss: 0.0329, Train: 100.00%, Valid: 71.67%, Test: 68.60%, Best Valid: 76.67%, Best Test: 65.20%
Run 10:
Highest Train: 100.00
Highest Valid: 76.67
Highest Test: 68.90
Chosen epoch: 31
Final Train: 100.00
Final Test: 65.20
All runs:
Highest Train: 100.00 ± 0.00
Highest Test: 68.24 ± 1.44
Highest Valid: 65.83 ± 6.63
  Final Train: 99.17 ± 1.62
   Final Test: 63.93 ± 4.42
Saving results to results/lowlabel_mv/citeseer/MPNN_gcn.csv
--- mlp_reg | lambda=0.05 ---
Namespace(bn=False, budget_tag='10', cooc_file='', count_reg=False, count_smoothing=1.0, cpu=False, data_dir='./data/', dataset='citeseer', device=0, display_step=100, dropout=0.5, epochs=500, gnn='gcn', hidden_channels=512, jk=False, label_num_per_class=10, lambda_val=0.05, ln=False, local_layers=2, lr=0.001, metric='acc', mlp_epochs=500, mlp_reg=True, model='MPNN', model_dir='models', num_heads=1, oracle_reg=False, paired_seeds=True, penalty_transform='none', pre_linear=False, pre_ln=False, rand_split=False, rand_split_class=True, reg_start_epoch=10, reg_update_freq=5, res=False, resample_split_per_run=True, result_dir='results/lowlabel_mv', runs=10, save_model=False, seed=123, source_mode='keep', test_num=1000, train_per_class=0, train_prop=0.5, use_reg=True, valid_num=500, valid_per_class=10, valid_prop=0.25, weight_decay=0.01, year_split=0)
citeseer
Num nodes: 3327
train:torch.Size([60]), valid:torch.Size([500]), test:torch.Size([1000])
dataset citeseer | num nodes 3327 | num edge 9104 | num node feats 3703 | num classes 6
MODEL: MPNNs(
  (h_lins): ModuleList()
  (local_convs): ModuleList(
    (0): GCNConv(3703, 512)
    (1): GCNConv(512, 512)
  )
  (lins): ModuleList(
    (0): Linear(in_features=3703, out_features=512, bias=True)
    (1): Linear(in_features=512, out_features=512, bias=True)
  )
  (lns): ModuleList(
    (0): LayerNorm((512,), eps=1e-05, elementwise_affine=True)
    (1): LayerNorm((512,), eps=1e-05, elementwise_affine=True)
  )
  (bns): ModuleList(
    (0): BatchNorm1d(512, eps=1e-05, momentum=0.1, affine=True, track_running_stats=True)
    (1): BatchNorm1d(512, eps=1e-05, momentum=0.1, affine=True, track_running_stats=True)
  )
  (lin_in): Linear(in_features=3703, out_features=512, bias=True)
  (pred_local): Linear(in_features=512, out_features=6, bias=True)
)
train:torch.Size([60]), valid:torch.Size([500]), test:torch.Size([1000])
Matched-budget validation: 60 valid nodes
Pre-training MLP for 500 epochs to generate co-occurrence matrix...
MLP pre-training complete. Penalty matrix frozen.
Epoch: 00, Loss: 1.8796, Train: 36.67%, Valid: 15.00%, Test: 18.30%, Best Valid: 15.00%, Best Test: 18.30%
Epoch: 100, Loss: 0.0589, Train: 100.00%, Valid: 65.00%, Test: 67.70%, Best Valid: 68.33%, Best Test: 65.00%
Epoch: 200, Loss: 0.0421, Train: 100.00%, Valid: 63.33%, Test: 68.00%, Best Valid: 68.33%, Best Test: 65.00%
Epoch: 300, Loss: 0.0449, Train: 100.00%, Valid: 65.00%, Test: 68.00%, Best Valid: 68.33%, Best Test: 65.00%
Epoch: 400, Loss: 0.0433, Train: 100.00%, Valid: 61.67%, Test: 66.10%, Best Valid: 68.33%, Best Test: 65.00%
Run 01:
Highest Train: 100.00
Highest Valid: 68.33
Highest Test: 69.40
Chosen epoch: 26
Final Train: 98.33
Final Test: 65.00
train:torch.Size([60]), valid:torch.Size([500]), test:torch.Size([1000])
Matched-budget validation: 60 valid nodes
Pre-training MLP for 500 epochs to generate co-occurrence matrix...
MLP pre-training complete. Penalty matrix frozen.
Epoch: 00, Loss: 1.8764, Train: 63.33%, Valid: 25.00%, Test: 31.80%, Best Valid: 25.00%, Best Test: 31.80%
Epoch: 100, Loss: 0.0493, Train: 100.00%, Valid: 60.00%, Test: 65.90%, Best Valid: 73.33%, Best Test: 66.40%
Epoch: 200, Loss: 0.0335, Train: 100.00%, Valid: 61.67%, Test: 65.80%, Best Valid: 73.33%, Best Test: 66.40%
Epoch: 300, Loss: 0.0357, Train: 100.00%, Valid: 63.33%, Test: 65.80%, Best Valid: 73.33%, Best Test: 66.40%
Epoch: 400, Loss: 0.0417, Train: 100.00%, Valid: 61.67%, Test: 65.50%, Best Valid: 73.33%, Best Test: 66.40%
Run 02:
Highest Train: 100.00
Highest Valid: 73.33
Highest Test: 67.20
Chosen epoch: 33
Final Train: 100.00
Final Test: 66.40
train:torch.Size([60]), valid:torch.Size([500]), test:torch.Size([1000])
Matched-budget validation: 60 valid nodes
Pre-training MLP for 500 epochs to generate co-occurrence matrix...
MLP pre-training complete. Penalty matrix frozen.
Epoch: 00, Loss: 1.8823, Train: 26.67%, Valid: 20.00%, Test: 22.10%, Best Valid: 20.00%, Best Test: 22.10%
Epoch: 100, Loss: 0.0503, Train: 100.00%, Valid: 53.33%, Test: 66.20%, Best Valid: 56.67%, Best Test: 63.50%
Epoch: 200, Loss: 0.0405, Train: 100.00%, Valid: 50.00%, Test: 65.50%, Best Valid: 56.67%, Best Test: 63.50%
Epoch: 300, Loss: 0.0338, Train: 100.00%, Valid: 46.67%, Test: 64.10%, Best Valid: 56.67%, Best Test: 63.50%
Epoch: 400, Loss: 0.0369, Train: 100.00%, Valid: 50.00%, Test: 65.80%, Best Valid: 56.67%, Best Test: 63.50%
Run 03:
Highest Train: 100.00
Highest Valid: 56.67
Highest Test: 66.40
Chosen epoch: 19
Final Train: 98.33
Final Test: 63.50
train:torch.Size([60]), valid:torch.Size([500]), test:torch.Size([1000])
Matched-budget validation: 60 valid nodes
Pre-training MLP for 500 epochs to generate co-occurrence matrix...
MLP pre-training complete. Penalty matrix frozen.
Epoch: 00, Loss: 1.8735, Train: 50.00%, Valid: 31.67%, Test: 22.70%, Best Valid: 31.67%, Best Test: 22.70%
Epoch: 100, Loss: 0.0435, Train: 100.00%, Valid: 61.67%, Test: 66.00%, Best Valid: 65.00%, Best Test: 61.10%
Epoch: 200, Loss: 0.0404, Train: 100.00%, Valid: 60.00%, Test: 65.80%, Best Valid: 65.00%, Best Test: 61.10%
Epoch: 300, Loss: 0.0360, Train: 100.00%, Valid: 60.00%, Test: 65.40%, Best Valid: 65.00%, Best Test: 61.10%
Epoch: 400, Loss: 0.0311, Train: 100.00%, Valid: 58.33%, Test: 65.70%, Best Valid: 65.00%, Best Test: 61.10%
Run 04:
Highest Train: 100.00
Highest Valid: 65.00
Highest Test: 67.10
Chosen epoch: 17
Final Train: 95.00
Final Test: 61.10
train:torch.Size([60]), valid:torch.Size([500]), test:torch.Size([1000])
Matched-budget validation: 60 valid nodes
Pre-training MLP for 500 epochs to generate co-occurrence matrix...
MLP pre-training complete. Penalty matrix frozen.
Epoch: 00, Loss: 1.8826, Train: 31.67%, Valid: 16.67%, Test: 19.60%, Best Valid: 16.67%, Best Test: 19.60%
Epoch: 100, Loss: 0.0566, Train: 100.00%, Valid: 60.00%, Test: 68.50%, Best Valid: 63.33%, Best Test: 63.40%
Epoch: 200, Loss: 0.0438, Train: 100.00%, Valid: 60.00%, Test: 68.90%, Best Valid: 63.33%, Best Test: 63.40%
Epoch: 300, Loss: 0.0366, Train: 100.00%, Valid: 60.00%, Test: 69.10%, Best Valid: 63.33%, Best Test: 63.40%
Epoch: 400, Loss: 0.0319, Train: 100.00%, Valid: 60.00%, Test: 68.80%, Best Valid: 63.33%, Best Test: 63.40%
Run 05:
Highest Train: 100.00
Highest Valid: 63.33
Highest Test: 69.60
Chosen epoch: 13
Final Train: 98.33
Final Test: 63.40
train:torch.Size([60]), valid:torch.Size([500]), test:torch.Size([1000])
Matched-budget validation: 60 valid nodes
Pre-training MLP for 500 epochs to generate co-occurrence matrix...
MLP pre-training complete. Penalty matrix frozen.
Epoch: 00, Loss: 1.8810, Train: 36.67%, Valid: 25.00%, Test: 15.00%, Best Valid: 25.00%, Best Test: 15.00%
Epoch: 100, Loss: 0.0592, Train: 100.00%, Valid: 63.33%, Test: 65.30%, Best Valid: 70.00%, Best Test: 55.10%
Epoch: 200, Loss: 0.0357, Train: 100.00%, Valid: 63.33%, Test: 65.80%, Best Valid: 70.00%, Best Test: 55.10%
Epoch: 300, Loss: 0.0393, Train: 100.00%, Valid: 65.00%, Test: 66.30%, Best Valid: 70.00%, Best Test: 55.10%
Epoch: 400, Loss: 0.0403, Train: 100.00%, Valid: 66.67%, Test: 65.20%, Best Valid: 70.00%, Best Test: 55.10%
Run 06:
Highest Train: 100.00
Highest Valid: 70.00
Highest Test: 67.10
Chosen epoch: 7
Final Train: 100.00
Final Test: 55.10
train:torch.Size([60]), valid:torch.Size([500]), test:torch.Size([1000])
Matched-budget validation: 60 valid nodes
Pre-training MLP for 500 epochs to generate co-occurrence matrix...
MLP pre-training complete. Penalty matrix frozen.
Epoch: 00, Loss: 1.8872, Train: 48.33%, Valid: 21.67%, Test: 22.70%, Best Valid: 21.67%, Best Test: 22.70%
Epoch: 100, Loss: 0.0505, Train: 100.00%, Valid: 55.00%, Test: 66.00%, Best Valid: 58.33%, Best Test: 65.10%
Epoch: 200, Loss: 0.0433, Train: 100.00%, Valid: 53.33%, Test: 66.50%, Best Valid: 58.33%, Best Test: 65.10%
Epoch: 300, Loss: 0.0397, Train: 100.00%, Valid: 53.33%, Test: 66.60%, Best Valid: 58.33%, Best Test: 65.10%
Epoch: 400, Loss: 0.0439, Train: 100.00%, Valid: 55.00%, Test: 66.30%, Best Valid: 58.33%, Best Test: 65.10%
Run 07:
Highest Train: 100.00
Highest Valid: 58.33
Highest Test: 67.50
Chosen epoch: 19
Final Train: 100.00
Final Test: 65.10
train:torch.Size([60]), valid:torch.Size([500]), test:torch.Size([1000])
Matched-budget validation: 60 valid nodes
Pre-training MLP for 500 epochs to generate co-occurrence matrix...
MLP pre-training complete. Penalty matrix frozen.
Epoch: 00, Loss: 1.8740, Train: 45.00%, Valid: 26.67%, Test: 19.80%, Best Valid: 26.67%, Best Test: 19.80%
Epoch: 100, Loss: 0.0621, Train: 100.00%, Valid: 53.33%, Test: 64.20%, Best Valid: 61.67%, Best Test: 66.40%
Epoch: 200, Loss: 0.0377, Train: 100.00%, Valid: 53.33%, Test: 63.60%, Best Valid: 61.67%, Best Test: 66.40%
Epoch: 300, Loss: 0.0445, Train: 100.00%, Valid: 55.00%, Test: 62.40%, Best Valid: 61.67%, Best Test: 66.40%
Epoch: 400, Loss: 0.0385, Train: 100.00%, Valid: 55.00%, Test: 62.30%, Best Valid: 61.67%, Best Test: 66.40%
Run 08:
Highest Train: 100.00
Highest Valid: 61.67
Highest Test: 67.60
Chosen epoch: 21
Final Train: 100.00
Final Test: 66.40
train:torch.Size([60]), valid:torch.Size([500]), test:torch.Size([1000])
Matched-budget validation: 60 valid nodes
Pre-training MLP for 500 epochs to generate co-occurrence matrix...
MLP pre-training complete. Penalty matrix frozen.
Epoch: 00, Loss: 1.8784, Train: 40.00%, Valid: 20.00%, Test: 20.60%, Best Valid: 20.00%, Best Test: 20.60%
Epoch: 100, Loss: 0.0563, Train: 100.00%, Valid: 63.33%, Test: 70.30%, Best Valid: 66.67%, Best Test: 69.90%
Epoch: 200, Loss: 0.0378, Train: 100.00%, Valid: 63.33%, Test: 70.20%, Best Valid: 66.67%, Best Test: 69.90%
Epoch: 300, Loss: 0.0374, Train: 100.00%, Valid: 63.33%, Test: 69.90%, Best Valid: 66.67%, Best Test: 69.90%
Epoch: 400, Loss: 0.0388, Train: 100.00%, Valid: 65.00%, Test: 70.10%, Best Valid: 66.67%, Best Test: 69.90%
Run 09:
Highest Train: 100.00
Highest Valid: 66.67
Highest Test: 70.90
Chosen epoch: 46
Final Train: 100.00
Final Test: 69.90
train:torch.Size([60]), valid:torch.Size([500]), test:torch.Size([1000])
Matched-budget validation: 60 valid nodes
Pre-training MLP for 500 epochs to generate co-occurrence matrix...
MLP pre-training complete. Penalty matrix frozen.
Epoch: 00, Loss: 1.8772, Train: 61.67%, Valid: 35.00%, Test: 26.40%, Best Valid: 35.00%, Best Test: 26.40%
Epoch: 100, Loss: 0.0483, Train: 100.00%, Valid: 71.67%, Test: 66.80%, Best Valid: 76.67%, Best Test: 65.20%
Epoch: 200, Loss: 0.0432, Train: 100.00%, Valid: 71.67%, Test: 67.00%, Best Valid: 76.67%, Best Test: 65.20%
Epoch: 300, Loss: 0.0390, Train: 100.00%, Valid: 71.67%, Test: 67.60%, Best Valid: 76.67%, Best Test: 65.20%
Epoch: 400, Loss: 0.0343, Train: 100.00%, Valid: 71.67%, Test: 68.60%, Best Valid: 76.67%, Best Test: 65.20%
Run 10:
Highest Train: 100.00
Highest Valid: 76.67
Highest Test: 68.90
Chosen epoch: 31
Final Train: 100.00
Final Test: 65.20
All runs:
Highest Train: 100.00 ± 0.00
Highest Test: 68.17 ± 1.44
Highest Valid: 66.00 ± 6.34
  Final Train: 99.00 ± 1.61
   Final Test: 64.11 ± 3.92
Saving results to results/lowlabel_mv/citeseer/MPNN_gcn.csv
--- mlp_reg | lambda=0.1 ---
Namespace(bn=False, budget_tag='10', cooc_file='', count_reg=False, count_smoothing=1.0, cpu=False, data_dir='./data/', dataset='citeseer', device=0, display_step=100, dropout=0.5, epochs=500, gnn='gcn', hidden_channels=512, jk=False, label_num_per_class=10, lambda_val=0.1, ln=False, local_layers=2, lr=0.001, metric='acc', mlp_epochs=500, mlp_reg=True, model='MPNN', model_dir='models', num_heads=1, oracle_reg=False, paired_seeds=True, penalty_transform='none', pre_linear=False, pre_ln=False, rand_split=False, rand_split_class=True, reg_start_epoch=10, reg_update_freq=5, res=False, resample_split_per_run=True, result_dir='results/lowlabel_mv', runs=10, save_model=False, seed=123, source_mode='keep', test_num=1000, train_per_class=0, train_prop=0.5, use_reg=True, valid_num=500, valid_per_class=10, valid_prop=0.25, weight_decay=0.01, year_split=0)
citeseer
Num nodes: 3327
train:torch.Size([60]), valid:torch.Size([500]), test:torch.Size([1000])
dataset citeseer | num nodes 3327 | num edge 9104 | num node feats 3703 | num classes 6
MODEL: MPNNs(
  (h_lins): ModuleList()
  (local_convs): ModuleList(
    (0): GCNConv(3703, 512)
    (1): GCNConv(512, 512)
  )
  (lins): ModuleList(
    (0): Linear(in_features=3703, out_features=512, bias=True)
    (1): Linear(in_features=512, out_features=512, bias=True)
  )
  (lns): ModuleList(
    (0): LayerNorm((512,), eps=1e-05, elementwise_affine=True)
    (1): LayerNorm((512,), eps=1e-05, elementwise_affine=True)
  )
  (bns): ModuleList(
    (0): BatchNorm1d(512, eps=1e-05, momentum=0.1, affine=True, track_running_stats=True)
    (1): BatchNorm1d(512, eps=1e-05, momentum=0.1, affine=True, track_running_stats=True)
  )
  (lin_in): Linear(in_features=3703, out_features=512, bias=True)
  (pred_local): Linear(in_features=512, out_features=6, bias=True)
)
train:torch.Size([60]), valid:torch.Size([500]), test:torch.Size([1000])
Matched-budget validation: 60 valid nodes
Pre-training MLP for 500 epochs to generate co-occurrence matrix...
MLP pre-training complete. Penalty matrix frozen.
Epoch: 00, Loss: 1.9691, Train: 35.00%, Valid: 15.00%, Test: 18.30%, Best Valid: 15.00%, Best Test: 18.30%
Epoch: 100, Loss: 0.0618, Train: 100.00%, Valid: 63.33%, Test: 67.70%, Best Valid: 68.33%, Best Test: 65.20%
Epoch: 200, Loss: 0.0440, Train: 100.00%, Valid: 63.33%, Test: 68.10%, Best Valid: 68.33%, Best Test: 65.20%
Epoch: 300, Loss: 0.0469, Train: 100.00%, Valid: 65.00%, Test: 68.00%, Best Valid: 68.33%, Best Test: 65.20%
Epoch: 400, Loss: 0.0457, Train: 100.00%, Valid: 63.33%, Test: 66.20%, Best Valid: 68.33%, Best Test: 65.20%
Run 01:
Highest Train: 100.00
Highest Valid: 68.33
Highest Test: 69.40
Chosen epoch: 26
Final Train: 98.33
Final Test: 65.20
train:torch.Size([60]), valid:torch.Size([500]), test:torch.Size([1000])
Matched-budget validation: 60 valid nodes
Pre-training MLP for 500 epochs to generate co-occurrence matrix...
MLP pre-training complete. Penalty matrix frozen.
Epoch: 00, Loss: 1.9657, Train: 63.33%, Valid: 25.00%, Test: 31.40%, Best Valid: 25.00%, Best Test: 31.40%
Epoch: 100, Loss: 0.0516, Train: 100.00%, Valid: 60.00%, Test: 65.80%, Best Valid: 73.33%, Best Test: 66.30%
Epoch: 200, Loss: 0.0352, Train: 100.00%, Valid: 61.67%, Test: 65.70%, Best Valid: 73.33%, Best Test: 66.30%
Epoch: 300, Loss: 0.0372, Train: 100.00%, Valid: 63.33%, Test: 65.80%, Best Valid: 73.33%, Best Test: 66.30%
Epoch: 400, Loss: 0.0441, Train: 100.00%, Valid: 61.67%, Test: 65.50%, Best Valid: 73.33%, Best Test: 66.30%
Run 02:
Highest Train: 100.00
Highest Valid: 73.33
Highest Test: 67.20
Chosen epoch: 33
Final Train: 100.00
Final Test: 66.30
train:torch.Size([60]), valid:torch.Size([500]), test:torch.Size([1000])
Matched-budget validation: 60 valid nodes
Pre-training MLP for 500 epochs to generate co-occurrence matrix...
MLP pre-training complete. Penalty matrix frozen.
Epoch: 00, Loss: 1.9719, Train: 28.33%, Valid: 20.00%, Test: 22.10%, Best Valid: 20.00%, Best Test: 22.10%
Epoch: 100, Loss: 0.0527, Train: 100.00%, Valid: 53.33%, Test: 66.10%, Best Valid: 56.67%, Best Test: 63.10%
Epoch: 200, Loss: 0.0423, Train: 100.00%, Valid: 50.00%, Test: 65.50%, Best Valid: 56.67%, Best Test: 63.10%
Epoch: 300, Loss: 0.0353, Train: 100.00%, Valid: 46.67%, Test: 63.90%, Best Valid: 56.67%, Best Test: 63.10%
Epoch: 400, Loss: 0.0388, Train: 100.00%, Valid: 50.00%, Test: 65.90%, Best Valid: 56.67%, Best Test: 63.10%
Run 03:
Highest Train: 100.00
Highest Valid: 56.67
Highest Test: 66.50
Chosen epoch: 19
Final Train: 98.33
Final Test: 63.10
train:torch.Size([60]), valid:torch.Size([500]), test:torch.Size([1000])
Matched-budget validation: 60 valid nodes
Pre-training MLP for 500 epochs to generate co-occurrence matrix...
MLP pre-training complete. Penalty matrix frozen.
Epoch: 00, Loss: 1.9627, Train: 50.00%, Valid: 31.67%, Test: 22.50%, Best Valid: 31.67%, Best Test: 22.50%
Epoch: 100, Loss: 0.0457, Train: 100.00%, Valid: 61.67%, Test: 66.00%, Best Valid: 65.00%, Best Test: 62.80%
Epoch: 200, Loss: 0.0425, Train: 100.00%, Valid: 60.00%, Test: 66.00%, Best Valid: 65.00%, Best Test: 62.80%
Epoch: 300, Loss: 0.0378, Train: 100.00%, Valid: 60.00%, Test: 65.40%, Best Valid: 65.00%, Best Test: 62.80%
Epoch: 400, Loss: 0.0327, Train: 100.00%, Valid: 60.00%, Test: 65.70%, Best Valid: 65.00%, Best Test: 62.80%
Run 04:
Highest Train: 100.00
Highest Valid: 65.00
Highest Test: 67.00
Chosen epoch: 19
Final Train: 95.00
Final Test: 62.80
train:torch.Size([60]), valid:torch.Size([500]), test:torch.Size([1000])
Matched-budget validation: 60 valid nodes
Pre-training MLP for 500 epochs to generate co-occurrence matrix...
MLP pre-training complete. Penalty matrix frozen.
Epoch: 00, Loss: 1.9722, Train: 31.67%, Valid: 16.67%, Test: 19.60%, Best Valid: 16.67%, Best Test: 19.60%
Epoch: 100, Loss: 0.0592, Train: 100.00%, Valid: 60.00%, Test: 68.70%, Best Valid: 63.33%, Best Test: 63.50%
Epoch: 200, Loss: 0.0458, Train: 100.00%, Valid: 60.00%, Test: 68.80%, Best Valid: 63.33%, Best Test: 63.50%
Epoch: 300, Loss: 0.0381, Train: 100.00%, Valid: 60.00%, Test: 69.10%, Best Valid: 63.33%, Best Test: 63.50%
Epoch: 400, Loss: 0.0335, Train: 100.00%, Valid: 60.00%, Test: 69.10%, Best Valid: 63.33%, Best Test: 63.50%
Run 05:
Highest Train: 100.00
Highest Valid: 63.33
Highest Test: 69.60
Chosen epoch: 13
Final Train: 98.33
Final Test: 63.50
train:torch.Size([60]), valid:torch.Size([500]), test:torch.Size([1000])
Matched-budget validation: 60 valid nodes
Pre-training MLP for 500 epochs to generate co-occurrence matrix...
MLP pre-training complete. Penalty matrix frozen.
Epoch: 00, Loss: 1.9706, Train: 36.67%, Valid: 25.00%, Test: 15.10%, Best Valid: 25.00%, Best Test: 15.10%
Epoch: 100, Loss: 0.0620, Train: 100.00%, Valid: 63.33%, Test: 65.50%, Best Valid: 71.67%, Best Test: 55.70%
Epoch: 200, Loss: 0.0374, Train: 100.00%, Valid: 63.33%, Test: 65.80%, Best Valid: 71.67%, Best Test: 55.70%
Epoch: 300, Loss: 0.0412, Train: 100.00%, Valid: 65.00%, Test: 66.20%, Best Valid: 71.67%, Best Test: 55.70%
Epoch: 400, Loss: 0.0419, Train: 100.00%, Valid: 66.67%, Test: 65.20%, Best Valid: 71.67%, Best Test: 55.70%
Run 06:
Highest Train: 100.00
Highest Valid: 71.67
Highest Test: 67.10
Chosen epoch: 7
Final Train: 100.00
Final Test: 55.70
train:torch.Size([60]), valid:torch.Size([500]), test:torch.Size([1000])
Matched-budget validation: 60 valid nodes
Pre-training MLP for 500 epochs to generate co-occurrence matrix...
MLP pre-training complete. Penalty matrix frozen.
Epoch: 00, Loss: 1.9771, Train: 48.33%, Valid: 21.67%, Test: 22.70%, Best Valid: 21.67%, Best Test: 22.70%
Epoch: 100, Loss: 0.0529, Train: 100.00%, Valid: 55.00%, Test: 66.00%, Best Valid: 58.33%, Best Test: 64.90%
Epoch: 200, Loss: 0.0454, Train: 100.00%, Valid: 53.33%, Test: 66.40%, Best Valid: 58.33%, Best Test: 64.90%
Epoch: 300, Loss: 0.0416, Train: 100.00%, Valid: 53.33%, Test: 66.50%, Best Valid: 58.33%, Best Test: 64.90%
Epoch: 400, Loss: 0.0460, Train: 100.00%, Valid: 55.00%, Test: 66.30%, Best Valid: 58.33%, Best Test: 64.90%
Run 07:
Highest Train: 100.00
Highest Valid: 58.33
Highest Test: 67.50
Chosen epoch: 19
Final Train: 100.00
Final Test: 64.90
train:torch.Size([60]), valid:torch.Size([500]), test:torch.Size([1000])
Matched-budget validation: 60 valid nodes
Pre-training MLP for 500 epochs to generate co-occurrence matrix...
MLP pre-training complete. Penalty matrix frozen.
Epoch: 00, Loss: 1.9633, Train: 45.00%, Valid: 26.67%, Test: 19.80%, Best Valid: 26.67%, Best Test: 19.80%
Epoch: 100, Loss: 0.0651, Train: 100.00%, Valid: 53.33%, Test: 64.20%, Best Valid: 61.67%, Best Test: 66.70%
Epoch: 200, Loss: 0.0394, Train: 100.00%, Valid: 53.33%, Test: 63.60%, Best Valid: 61.67%, Best Test: 66.70%
Epoch: 300, Loss: 0.0465, Train: 100.00%, Valid: 55.00%, Test: 62.10%, Best Valid: 61.67%, Best Test: 66.70%
Epoch: 400, Loss: 0.0404, Train: 100.00%, Valid: 55.00%, Test: 62.20%, Best Valid: 61.67%, Best Test: 66.70%
Run 08:
Highest Train: 100.00
Highest Valid: 61.67
Highest Test: 67.40
Chosen epoch: 21
Final Train: 100.00
Final Test: 66.70
train:torch.Size([60]), valid:torch.Size([500]), test:torch.Size([1000])
Matched-budget validation: 60 valid nodes
Pre-training MLP for 500 epochs to generate co-occurrence matrix...
MLP pre-training complete. Penalty matrix frozen.
Epoch: 00, Loss: 1.9678, Train: 40.00%, Valid: 21.67%, Test: 20.40%, Best Valid: 21.67%, Best Test: 20.40%
Epoch: 100, Loss: 0.0591, Train: 100.00%, Valid: 63.33%, Test: 70.30%, Best Valid: 66.67%, Best Test: 70.00%
Epoch: 200, Loss: 0.0395, Train: 100.00%, Valid: 63.33%, Test: 70.40%, Best Valid: 66.67%, Best Test: 70.00%
Epoch: 300, Loss: 0.0391, Train: 100.00%, Valid: 63.33%, Test: 69.80%, Best Valid: 66.67%, Best Test: 70.00%
Epoch: 400, Loss: 0.0405, Train: 100.00%, Valid: 65.00%, Test: 70.10%, Best Valid: 66.67%, Best Test: 70.00%
Run 09:
Highest Train: 100.00
Highest Valid: 66.67
Highest Test: 71.10
Chosen epoch: 46
Final Train: 100.00
Final Test: 70.00
train:torch.Size([60]), valid:torch.Size([500]), test:torch.Size([1000])
Matched-budget validation: 60 valid nodes
Pre-training MLP for 500 epochs to generate co-occurrence matrix...
MLP pre-training complete. Penalty matrix frozen.
Epoch: 00, Loss: 1.9666, Train: 61.67%, Valid: 35.00%, Test: 26.60%, Best Valid: 35.00%, Best Test: 26.60%
Epoch: 100, Loss: 0.0505, Train: 100.00%, Valid: 71.67%, Test: 66.90%, Best Valid: 76.67%, Best Test: 65.00%
Epoch: 200, Loss: 0.0454, Train: 100.00%, Valid: 71.67%, Test: 67.00%, Best Valid: 76.67%, Best Test: 65.00%
Epoch: 300, Loss: 0.0408, Train: 100.00%, Valid: 71.67%, Test: 67.60%, Best Valid: 76.67%, Best Test: 65.00%
Epoch: 400, Loss: 0.0360, Train: 100.00%, Valid: 71.67%, Test: 68.50%, Best Valid: 76.67%, Best Test: 65.00%
Run 10:
Highest Train: 100.00
Highest Valid: 76.67
Highest Test: 68.90
Chosen epoch: 31
Final Train: 100.00
Final Test: 65.00
All runs:
Highest Train: 100.00 ± 0.00
Highest Test: 68.17 ± 1.49
Highest Valid: 66.17 ± 6.48
  Final Train: 99.00 ± 1.61
   Final Test: 64.32 ± 3.68
Saving results to results/lowlabel_mv/citeseer/MPNN_gcn.csv
--- mlp_reg | lambda=0.2 ---
Namespace(bn=False, budget_tag='10', cooc_file='', count_reg=False, count_smoothing=1.0, cpu=False, data_dir='./data/', dataset='citeseer', device=0, display_step=100, dropout=0.5, epochs=500, gnn='gcn', hidden_channels=512, jk=False, label_num_per_class=10, lambda_val=0.2, ln=False, local_layers=2, lr=0.001, metric='acc', mlp_epochs=500, mlp_reg=True, model='MPNN', model_dir='models', num_heads=1, oracle_reg=False, paired_seeds=True, penalty_transform='none', pre_linear=False, pre_ln=False, rand_split=False, rand_split_class=True, reg_start_epoch=10, reg_update_freq=5, res=False, resample_split_per_run=True, result_dir='results/lowlabel_mv', runs=10, save_model=False, seed=123, source_mode='keep', test_num=1000, train_per_class=0, train_prop=0.5, use_reg=True, valid_num=500, valid_per_class=10, valid_prop=0.25, weight_decay=0.01, year_split=0)
citeseer
Num nodes: 3327
train:torch.Size([60]), valid:torch.Size([500]), test:torch.Size([1000])
dataset citeseer | num nodes 3327 | num edge 9104 | num node feats 3703 | num classes 6
MODEL: MPNNs(
  (h_lins): ModuleList()
  (local_convs): ModuleList(
    (0): GCNConv(3703, 512)
    (1): GCNConv(512, 512)
  )
  (lins): ModuleList(
    (0): Linear(in_features=3703, out_features=512, bias=True)
    (1): Linear(in_features=512, out_features=512, bias=True)
  )
  (lns): ModuleList(
    (0): LayerNorm((512,), eps=1e-05, elementwise_affine=True)
    (1): LayerNorm((512,), eps=1e-05, elementwise_affine=True)
  )
  (bns): ModuleList(
    (0): BatchNorm1d(512, eps=1e-05, momentum=0.1, affine=True, track_running_stats=True)
    (1): BatchNorm1d(512, eps=1e-05, momentum=0.1, affine=True, track_running_stats=True)
  )
  (lin_in): Linear(in_features=3703, out_features=512, bias=True)
  (pred_local): Linear(in_features=512, out_features=6, bias=True)
)
train:torch.Size([60]), valid:torch.Size([500]), test:torch.Size([1000])
Matched-budget validation: 60 valid nodes
Pre-training MLP for 500 epochs to generate co-occurrence matrix...
MLP pre-training complete. Penalty matrix frozen.
Epoch: 00, Loss: 2.1481, Train: 33.33%, Valid: 15.00%, Test: 18.20%, Best Valid: 15.00%, Best Test: 18.20%
Epoch: 100, Loss: 0.0673, Train: 100.00%, Valid: 63.33%, Test: 67.70%, Best Valid: 68.33%, Best Test: 65.40%
Epoch: 200, Loss: 0.0481, Train: 100.00%, Valid: 65.00%, Test: 68.00%, Best Valid: 68.33%, Best Test: 65.40%
Epoch: 300, Loss: 0.0515, Train: 100.00%, Valid: 65.00%, Test: 68.20%, Best Valid: 68.33%, Best Test: 65.40%
Epoch: 400, Loss: 0.0498, Train: 100.00%, Valid: 63.33%, Test: 66.60%, Best Valid: 68.33%, Best Test: 65.40%
Run 01:
Highest Train: 100.00
Highest Valid: 68.33
Highest Test: 69.30
Chosen epoch: 34
Final Train: 100.00
Final Test: 65.40
train:torch.Size([60]), valid:torch.Size([500]), test:torch.Size([1000])
Matched-budget validation: 60 valid nodes
Pre-training MLP for 500 epochs to generate co-occurrence matrix...
MLP pre-training complete. Penalty matrix frozen.
Epoch: 00, Loss: 2.1444, Train: 63.33%, Valid: 25.00%, Test: 31.30%, Best Valid: 25.00%, Best Test: 31.30%
Epoch: 100, Loss: 0.0562, Train: 100.00%, Valid: 60.00%, Test: 66.00%, Best Valid: 71.67%, Best Test: 66.30%
Epoch: 200, Loss: 0.0383, Train: 100.00%, Valid: 61.67%, Test: 65.80%, Best Valid: 71.67%, Best Test: 66.30%
Epoch: 300, Loss: 0.0407, Train: 100.00%, Valid: 61.67%, Test: 65.50%, Best Valid: 71.67%, Best Test: 66.30%
Epoch: 400, Loss: 0.0480, Train: 100.00%, Valid: 61.67%, Test: 65.40%, Best Valid: 71.67%, Best Test: 66.30%
Run 02:
Highest Train: 100.00
Highest Valid: 71.67
Highest Test: 67.20
Chosen epoch: 33
Final Train: 100.00
Final Test: 66.30
train:torch.Size([60]), valid:torch.Size([500]), test:torch.Size([1000])
Matched-budget validation: 60 valid nodes
Pre-training MLP for 500 epochs to generate co-occurrence matrix...
MLP pre-training complete. Penalty matrix frozen.
Epoch: 00, Loss: 2.1512, Train: 28.33%, Valid: 20.00%, Test: 22.00%, Best Valid: 20.00%, Best Test: 22.00%
Epoch: 100, Loss: 0.0573, Train: 100.00%, Valid: 53.33%, Test: 65.80%, Best Valid: 53.33%, Best Test: 65.80%
Epoch: 200, Loss: 0.0459, Train: 100.00%, Valid: 50.00%, Test: 65.60%, Best Valid: 53.33%, Best Test: 65.80%
Epoch: 300, Loss: 0.0385, Train: 100.00%, Valid: 46.67%, Test: 64.00%, Best Valid: 53.33%, Best Test: 65.80%
Epoch: 400, Loss: 0.0423, Train: 100.00%, Valid: 48.33%, Test: 65.90%, Best Valid: 53.33%, Best Test: 65.80%
Run 03:
Highest Train: 100.00
Highest Valid: 53.33
Highest Test: 66.70
Chosen epoch: 100
Final Train: 100.00
Final Test: 65.80
train:torch.Size([60]), valid:torch.Size([500]), test:torch.Size([1000])
Matched-budget validation: 60 valid nodes
Pre-training MLP for 500 epochs to generate co-occurrence matrix...
MLP pre-training complete. Penalty matrix frozen.
Epoch: 00, Loss: 2.1411, Train: 51.67%, Valid: 31.67%, Test: 22.70%, Best Valid: 31.67%, Best Test: 22.70%
Epoch: 100, Loss: 0.0497, Train: 100.00%, Valid: 61.67%, Test: 65.90%, Best Valid: 65.00%, Best Test: 62.30%
Epoch: 200, Loss: 0.0463, Train: 100.00%, Valid: 60.00%, Test: 66.10%, Best Valid: 65.00%, Best Test: 62.30%
Epoch: 300, Loss: 0.0412, Train: 100.00%, Valid: 60.00%, Test: 65.40%, Best Valid: 65.00%, Best Test: 62.30%
Epoch: 400, Loss: 0.0355, Train: 100.00%, Valid: 60.00%, Test: 65.70%, Best Valid: 65.00%, Best Test: 62.30%
Run 04:
Highest Train: 100.00
Highest Valid: 65.00
Highest Test: 67.00
Chosen epoch: 19
Final Train: 95.00
Final Test: 62.30
train:torch.Size([60]), valid:torch.Size([500]), test:torch.Size([1000])
Matched-budget validation: 60 valid nodes
Pre-training MLP for 500 epochs to generate co-occurrence matrix...
MLP pre-training complete. Penalty matrix frozen.
Epoch: 00, Loss: 2.1515, Train: 31.67%, Valid: 16.67%, Test: 19.80%, Best Valid: 16.67%, Best Test: 19.80%
Epoch: 100, Loss: 0.0646, Train: 100.00%, Valid: 60.00%, Test: 68.60%, Best Valid: 63.33%, Best Test: 63.50%
Epoch: 200, Loss: 0.0500, Train: 100.00%, Valid: 60.00%, Test: 69.00%, Best Valid: 63.33%, Best Test: 63.50%
Epoch: 300, Loss: 0.0418, Train: 100.00%, Valid: 60.00%, Test: 69.10%, Best Valid: 63.33%, Best Test: 63.50%
Epoch: 400, Loss: 0.0363, Train: 100.00%, Valid: 60.00%, Test: 68.70%, Best Valid: 63.33%, Best Test: 63.50%
Run 05:
Highest Train: 100.00
Highest Valid: 63.33
Highest Test: 69.70
Chosen epoch: 13
Final Train: 98.33
Final Test: 63.50
train:torch.Size([60]), valid:torch.Size([500]), test:torch.Size([1000])
Matched-budget validation: 60 valid nodes
Pre-training MLP for 500 epochs to generate co-occurrence matrix...
MLP pre-training complete. Penalty matrix frozen.
Epoch: 00, Loss: 2.1497, Train: 36.67%, Valid: 23.33%, Test: 15.60%, Best Valid: 23.33%, Best Test: 15.60%
Epoch: 100, Loss: 0.0676, Train: 100.00%, Valid: 63.33%, Test: 65.60%, Best Valid: 71.67%, Best Test: 56.40%
Epoch: 200, Loss: 0.0408, Train: 100.00%, Valid: 63.33%, Test: 65.70%, Best Valid: 71.67%, Best Test: 56.40%
Epoch: 300, Loss: 0.0449, Train: 100.00%, Valid: 65.00%, Test: 66.20%, Best Valid: 71.67%, Best Test: 56.40%
Epoch: 400, Loss: 0.0457, Train: 100.00%, Valid: 66.67%, Test: 65.20%, Best Valid: 71.67%, Best Test: 56.40%
Run 06:
Highest Train: 100.00
Highest Valid: 71.67
Highest Test: 67.60
Chosen epoch: 7
Final Train: 100.00
Final Test: 56.40
train:torch.Size([60]), valid:torch.Size([500]), test:torch.Size([1000])
Matched-budget validation: 60 valid nodes
Pre-training MLP for 500 epochs to generate co-occurrence matrix...
MLP pre-training complete. Penalty matrix frozen.
Epoch: 00, Loss: 2.1568, Train: 48.33%, Valid: 21.67%, Test: 22.80%, Best Valid: 21.67%, Best Test: 22.80%
Epoch: 100, Loss: 0.0577, Train: 100.00%, Valid: 55.00%, Test: 66.00%, Best Valid: 56.67%, Best Test: 65.00%
Epoch: 200, Loss: 0.0494, Train: 100.00%, Valid: 53.33%, Test: 66.50%, Best Valid: 56.67%, Best Test: 65.00%
Epoch: 300, Loss: 0.0454, Train: 100.00%, Valid: 53.33%, Test: 66.70%, Best Valid: 58.33%, Best Test: 66.60%
Epoch: 400, Loss: 0.0501, Train: 100.00%, Valid: 55.00%, Test: 66.40%, Best Valid: 58.33%, Best Test: 66.60%
Run 07:
Highest Train: 100.00
Highest Valid: 58.33
Highest Test: 67.60
Chosen epoch: 242
Final Train: 100.00
Final Test: 66.60
train:torch.Size([60]), valid:torch.Size([500]), test:torch.Size([1000])
Matched-budget validation: 60 valid nodes
Pre-training MLP for 500 epochs to generate co-occurrence matrix...
MLP pre-training complete. Penalty matrix frozen.
Epoch: 00, Loss: 2.1417, Train: 45.00%, Valid: 26.67%, Test: 19.40%, Best Valid: 26.67%, Best Test: 19.40%
Epoch: 100, Loss: 0.0709, Train: 100.00%, Valid: 53.33%, Test: 64.20%, Best Valid: 61.67%, Best Test: 66.20%
Epoch: 200, Loss: 0.0429, Train: 100.00%, Valid: 53.33%, Test: 63.20%, Best Valid: 61.67%, Best Test: 66.20%
Epoch: 300, Loss: 0.0506, Train: 100.00%, Valid: 55.00%, Test: 62.30%, Best Valid: 61.67%, Best Test: 66.20%
Epoch: 400, Loss: 0.0442, Train: 100.00%, Valid: 55.00%, Test: 62.20%, Best Valid: 61.67%, Best Test: 66.20%
Run 08:
Highest Train: 100.00
Highest Valid: 61.67
Highest Test: 67.30
Chosen epoch: 21
Final Train: 100.00
Final Test: 66.20
train:torch.Size([60]), valid:torch.Size([500]), test:torch.Size([1000])
Matched-budget validation: 60 valid nodes
Pre-training MLP for 500 epochs to generate co-occurrence matrix...
MLP pre-training complete. Penalty matrix frozen.
Epoch: 00, Loss: 2.1467, Train: 41.67%, Valid: 21.67%, Test: 19.20%, Best Valid: 21.67%, Best Test: 19.20%
Epoch: 100, Loss: 0.0644, Train: 100.00%, Valid: 63.33%, Test: 70.20%, Best Valid: 66.67%, Best Test: 70.00%
Epoch: 200, Loss: 0.0431, Train: 100.00%, Valid: 63.33%, Test: 70.50%, Best Valid: 68.33%, Best Test: 71.00%
Epoch: 300, Loss: 0.0427, Train: 100.00%, Valid: 63.33%, Test: 69.80%, Best Valid: 68.33%, Best Test: 71.00%
Epoch: 400, Loss: 0.0441, Train: 100.00%, Valid: 65.00%, Test: 70.30%, Best Valid: 68.33%, Best Test: 71.00%
Run 09:
Highest Train: 100.00
Highest Valid: 68.33
Highest Test: 71.00
Chosen epoch: 184
Final Train: 100.00
Final Test: 71.00
train:torch.Size([60]), valid:torch.Size([500]), test:torch.Size([1000])
Matched-budget validation: 60 valid nodes
Pre-training MLP for 500 epochs to generate co-occurrence matrix...
MLP pre-training complete. Penalty matrix frozen.
Epoch: 00, Loss: 2.1453, Train: 61.67%, Valid: 35.00%, Test: 26.90%, Best Valid: 35.00%, Best Test: 26.90%
Epoch: 100, Loss: 0.0550, Train: 100.00%, Valid: 71.67%, Test: 66.60%, Best Valid: 76.67%, Best Test: 64.90%
Epoch: 200, Loss: 0.0494, Train: 100.00%, Valid: 71.67%, Test: 67.00%, Best Valid: 76.67%, Best Test: 64.90%
Epoch: 300, Loss: 0.0444, Train: 100.00%, Valid: 71.67%, Test: 67.60%, Best Valid: 76.67%, Best Test: 64.90%
Epoch: 400, Loss: 0.0391, Train: 100.00%, Valid: 71.67%, Test: 68.60%, Best Valid: 76.67%, Best Test: 64.90%
Run 10:
Highest Train: 100.00
Highest Valid: 76.67
Highest Test: 68.90
Chosen epoch: 31
Final Train: 100.00
Final Test: 64.90
All runs:
Highest Train: 100.00 ± 0.00
Highest Test: 68.23 ± 1.41
Highest Valid: 65.83 ± 6.95
  Final Train: 99.33 ± 1.61
   Final Test: 64.84 ± 3.74
Saving results to results/lowlabel_mv/citeseer/MPNN_gcn.csv
--- mlp_reg | lambda=0.4 ---
Namespace(bn=False, budget_tag='10', cooc_file='', count_reg=False, count_smoothing=1.0, cpu=False, data_dir='./data/', dataset='citeseer', device=0, display_step=100, dropout=0.5, epochs=500, gnn='gcn', hidden_channels=512, jk=False, label_num_per_class=10, lambda_val=0.4, ln=False, local_layers=2, lr=0.001, metric='acc', mlp_epochs=500, mlp_reg=True, model='MPNN', model_dir='models', num_heads=1, oracle_reg=False, paired_seeds=True, penalty_transform='none', pre_linear=False, pre_ln=False, rand_split=False, rand_split_class=True, reg_start_epoch=10, reg_update_freq=5, res=False, resample_split_per_run=True, result_dir='results/lowlabel_mv', runs=10, save_model=False, seed=123, source_mode='keep', test_num=1000, train_per_class=0, train_prop=0.5, use_reg=True, valid_num=500, valid_per_class=10, valid_prop=0.25, weight_decay=0.01, year_split=0)
citeseer
Num nodes: 3327
train:torch.Size([60]), valid:torch.Size([500]), test:torch.Size([1000])
dataset citeseer | num nodes 3327 | num edge 9104 | num node feats 3703 | num classes 6
MODEL: MPNNs(
  (h_lins): ModuleList()
  (local_convs): ModuleList(
    (0): GCNConv(3703, 512)
    (1): GCNConv(512, 512)
  )
  (lins): ModuleList(
    (0): Linear(in_features=3703, out_features=512, bias=True)
    (1): Linear(in_features=512, out_features=512, bias=True)
  )
  (lns): ModuleList(
    (0): LayerNorm((512,), eps=1e-05, elementwise_affine=True)
    (1): LayerNorm((512,), eps=1e-05, elementwise_affine=True)
  )
  (bns): ModuleList(
    (0): BatchNorm1d(512, eps=1e-05, momentum=0.1, affine=True, track_running_stats=True)
    (1): BatchNorm1d(512, eps=1e-05, momentum=0.1, affine=True, track_running_stats=True)
  )
  (lin_in): Linear(in_features=3703, out_features=512, bias=True)
  (pred_local): Linear(in_features=512, out_features=6, bias=True)
)
train:torch.Size([60]), valid:torch.Size([500]), test:torch.Size([1000])
Matched-budget validation: 60 valid nodes
Pre-training MLP for 500 epochs to generate co-occurrence matrix...
MLP pre-training complete. Penalty matrix frozen.
Epoch: 00, Loss: 2.5061, Train: 31.67%, Valid: 16.67%, Test: 18.00%, Best Valid: 16.67%, Best Test: 18.00%
Epoch: 100, Loss: 0.0783, Train: 100.00%, Valid: 65.00%, Test: 67.80%, Best Valid: 66.67%, Best Test: 65.30%
Epoch: 200, Loss: 0.0561, Train: 100.00%, Valid: 65.00%, Test: 68.30%, Best Valid: 66.67%, Best Test: 65.30%
Epoch: 300, Loss: 0.0598, Train: 100.00%, Valid: 65.00%, Test: 68.10%, Best Valid: 66.67%, Best Test: 65.30%
Epoch: 400, Loss: 0.0581, Train: 100.00%, Valid: 63.33%, Test: 66.60%, Best Valid: 68.33%, Best Test: 66.60%
Run 01:
Highest Train: 100.00
Highest Valid: 68.33
Highest Test: 69.50
Chosen epoch: 395
Final Train: 100.00
Final Test: 66.60
train:torch.Size([60]), valid:torch.Size([500]), test:torch.Size([1000])
Matched-budget validation: 60 valid nodes
Pre-training MLP for 500 epochs to generate co-occurrence matrix...
MLP pre-training complete. Penalty matrix frozen.
Epoch: 00, Loss: 2.5018, Train: 65.00%, Valid: 23.33%, Test: 30.60%, Best Valid: 23.33%, Best Test: 30.60%
Epoch: 100, Loss: 0.0654, Train: 100.00%, Valid: 61.67%, Test: 66.00%, Best Valid: 71.67%, Best Test: 66.40%
Epoch: 200, Loss: 0.0447, Train: 100.00%, Valid: 61.67%, Test: 65.70%, Best Valid: 71.67%, Best Test: 66.40%
Epoch: 300, Loss: 0.0474, Train: 100.00%, Valid: 61.67%, Test: 65.40%, Best Valid: 71.67%, Best Test: 66.40%
Epoch: 400, Loss: 0.0558, Train: 100.00%, Valid: 61.67%, Test: 65.50%, Best Valid: 71.67%, Best Test: 66.40%
Run 02:
Highest Train: 100.00
Highest Valid: 71.67
Highest Test: 67.10
Chosen epoch: 33
Final Train: 100.00
Final Test: 66.40
train:torch.Size([60]), valid:torch.Size([500]), test:torch.Size([1000])
Matched-budget validation: 60 valid nodes
Pre-training MLP for 500 epochs to generate co-occurrence matrix...
MLP pre-training complete. Penalty matrix frozen.
Epoch: 00, Loss: 2.5097, Train: 26.67%, Valid: 18.33%, Test: 22.00%, Best Valid: 18.33%, Best Test: 22.00%
Epoch: 100, Loss: 0.0669, Train: 100.00%, Valid: 51.67%, Test: 65.60%, Best Valid: 51.67%, Best Test: 64.40%
Epoch: 200, Loss: 0.0535, Train: 100.00%, Valid: 50.00%, Test: 65.40%, Best Valid: 51.67%, Best Test: 64.40%
Epoch: 300, Loss: 0.0447, Train: 100.00%, Valid: 46.67%, Test: 63.70%, Best Valid: 53.33%, Best Test: 64.90%
Epoch: 400, Loss: 0.0494, Train: 100.00%, Valid: 48.33%, Test: 66.10%, Best Valid: 53.33%, Best Test: 64.90%
Run 03:
Highest Train: 100.00
Highest Valid: 53.33
Highest Test: 66.50
Chosen epoch: 223
Final Train: 100.00
Final Test: 64.90
train:torch.Size([60]), valid:torch.Size([500]), test:torch.Size([1000])
Matched-budget validation: 60 valid nodes
Pre-training MLP for 500 epochs to generate co-occurrence matrix...
MLP pre-training complete. Penalty matrix frozen.
Epoch: 00, Loss: 2.4980, Train: 53.33%, Valid: 31.67%, Test: 22.10%, Best Valid: 31.67%, Best Test: 22.10%
Epoch: 100, Loss: 0.0580, Train: 100.00%, Valid: 61.67%, Test: 65.80%, Best Valid: 65.00%, Best Test: 65.30%
Epoch: 200, Loss: 0.0540, Train: 100.00%, Valid: 60.00%, Test: 66.10%, Best Valid: 65.00%, Best Test: 65.30%
Epoch: 300, Loss: 0.0480, Train: 100.00%, Valid: 60.00%, Test: 65.30%, Best Valid: 65.00%, Best Test: 65.30%
Epoch: 400, Loss: 0.0414, Train: 100.00%, Valid: 60.00%, Test: 65.90%, Best Valid: 65.00%, Best Test: 65.30%
Run 04:
Highest Train: 100.00
Highest Valid: 65.00
Highest Test: 66.80
Chosen epoch: 21
Final Train: 100.00
Final Test: 65.30
train:torch.Size([60]), valid:torch.Size([500]), test:torch.Size([1000])
Matched-budget validation: 60 valid nodes
Pre-training MLP for 500 epochs to generate co-occurrence matrix...
MLP pre-training complete. Penalty matrix frozen.
Epoch: 00, Loss: 2.5101, Train: 30.00%, Valid: 16.67%, Test: 19.70%, Best Valid: 16.67%, Best Test: 19.70%
Epoch: 100, Loss: 0.0752, Train: 100.00%, Valid: 60.00%, Test: 68.60%, Best Valid: 63.33%, Best Test: 63.50%
Epoch: 200, Loss: 0.0581, Train: 100.00%, Valid: 60.00%, Test: 69.20%, Best Valid: 63.33%, Best Test: 63.50%
Epoch: 300, Loss: 0.0484, Train: 100.00%, Valid: 58.33%, Test: 69.00%, Best Valid: 63.33%, Best Test: 63.50%
Epoch: 400, Loss: 0.0424, Train: 100.00%, Valid: 60.00%, Test: 69.30%, Best Valid: 63.33%, Best Test: 63.50%
Run 05:
Highest Train: 100.00
Highest Valid: 63.33
Highest Test: 69.90
Chosen epoch: 13
Final Train: 98.33
Final Test: 63.50
train:torch.Size([60]), valid:torch.Size([500]), test:torch.Size([1000])
Matched-budget validation: 60 valid nodes
Pre-training MLP for 500 epochs to generate co-occurrence matrix...
MLP pre-training complete. Penalty matrix frozen.
Epoch: 00, Loss: 2.5080, Train: 36.67%, Valid: 23.33%, Test: 16.30%, Best Valid: 23.33%, Best Test: 16.30%
Epoch: 100, Loss: 0.0787, Train: 100.00%, Valid: 63.33%, Test: 65.60%, Best Valid: 70.00%, Best Test: 57.50%
Epoch: 200, Loss: 0.0475, Train: 100.00%, Valid: 63.33%, Test: 65.70%, Best Valid: 70.00%, Best Test: 57.50%
Epoch: 300, Loss: 0.0522, Train: 100.00%, Valid: 65.00%, Test: 66.20%, Best Valid: 70.00%, Best Test: 57.50%
Epoch: 400, Loss: 0.0525, Train: 100.00%, Valid: 66.67%, Test: 65.50%, Best Valid: 70.00%, Best Test: 57.50%
Run 06:
Highest Train: 100.00
Highest Valid: 70.00
Highest Test: 67.30
Chosen epoch: 7
Final Train: 100.00
Final Test: 57.50
train:torch.Size([60]), valid:torch.Size([500]), test:torch.Size([1000])
Matched-budget validation: 60 valid nodes
Pre-training MLP for 500 epochs to generate co-occurrence matrix...
MLP pre-training complete. Penalty matrix frozen.
Epoch: 00, Loss: 2.5163, Train: 48.33%, Valid: 21.67%, Test: 22.80%, Best Valid: 21.67%, Best Test: 22.80%
Epoch: 100, Loss: 0.0671, Train: 100.00%, Valid: 56.67%, Test: 66.00%, Best Valid: 56.67%, Best Test: 65.40%
Epoch: 200, Loss: 0.0574, Train: 100.00%, Valid: 53.33%, Test: 66.60%, Best Valid: 56.67%, Best Test: 65.40%
Epoch: 300, Loss: 0.0528, Train: 100.00%, Valid: 53.33%, Test: 66.80%, Best Valid: 58.33%, Best Test: 66.60%
Epoch: 400, Loss: 0.0583, Train: 100.00%, Valid: 55.00%, Test: 66.40%, Best Valid: 58.33%, Best Test: 66.60%
Run 07:
Highest Train: 100.00
Highest Valid: 58.33
Highest Test: 67.60
Chosen epoch: 242
Final Train: 100.00
Final Test: 66.60
train:torch.Size([60]), valid:torch.Size([500]), test:torch.Size([1000])
Matched-budget validation: 60 valid nodes
Pre-training MLP for 500 epochs to generate co-occurrence matrix...
MLP pre-training complete. Penalty matrix frozen.
Epoch: 00, Loss: 2.4987, Train: 45.00%, Valid: 25.00%, Test: 17.90%, Best Valid: 25.00%, Best Test: 17.90%
Epoch: 100, Loss: 0.0824, Train: 100.00%, Valid: 53.33%, Test: 64.10%, Best Valid: 60.00%, Best Test: 66.60%
Epoch: 200, Loss: 0.0499, Train: 100.00%, Valid: 53.33%, Test: 63.10%, Best Valid: 60.00%, Best Test: 66.60%
Epoch: 300, Loss: 0.0584, Train: 100.00%, Valid: 55.00%, Test: 61.80%, Best Valid: 60.00%, Best Test: 66.60%
Epoch: 400, Loss: 0.0513, Train: 100.00%, Valid: 55.00%, Test: 62.20%, Best Valid: 60.00%, Best Test: 66.60%
Run 08:
Highest Train: 100.00
Highest Valid: 60.00
Highest Test: 66.60
Chosen epoch: 19
Final Train: 100.00
Final Test: 66.60
train:torch.Size([60]), valid:torch.Size([500]), test:torch.Size([1000])
Matched-budget validation: 60 valid nodes
Pre-training MLP for 500 epochs to generate co-occurrence matrix...
MLP pre-training complete. Penalty matrix frozen.
Epoch: 00, Loss: 2.5045, Train: 40.00%, Valid: 20.00%, Test: 18.90%, Best Valid: 20.00%, Best Test: 18.90%
Epoch: 100, Loss: 0.0750, Train: 100.00%, Valid: 63.33%, Test: 70.50%, Best Valid: 66.67%, Best Test: 69.90%
Epoch: 200, Loss: 0.0502, Train: 100.00%, Valid: 65.00%, Test: 70.60%, Best Valid: 66.67%, Best Test: 69.90%
Epoch: 300, Loss: 0.0498, Train: 100.00%, Valid: 63.33%, Test: 69.80%, Best Valid: 66.67%, Best Test: 69.90%
Epoch: 400, Loss: 0.0513, Train: 100.00%, Valid: 65.00%, Test: 70.40%, Best Valid: 66.67%, Best Test: 69.90%
Run 09:
Highest Train: 100.00
Highest Valid: 66.67
Highest Test: 71.10
Chosen epoch: 48
Final Train: 100.00
Final Test: 69.90
train:torch.Size([60]), valid:torch.Size([500]), test:torch.Size([1000])
Matched-budget validation: 60 valid nodes
Pre-training MLP for 500 epochs to generate co-occurrence matrix...
MLP pre-training complete. Penalty matrix frozen.
Epoch: 00, Loss: 2.5029, Train: 63.33%, Valid: 35.00%, Test: 27.30%, Best Valid: 35.00%, Best Test: 27.30%
Epoch: 100, Loss: 0.0638, Train: 100.00%, Valid: 71.67%, Test: 66.80%, Best Valid: 76.67%, Best Test: 64.90%
Epoch: 200, Loss: 0.0576, Train: 100.00%, Valid: 71.67%, Test: 67.20%, Best Valid: 76.67%, Best Test: 64.90%
Epoch: 300, Loss: 0.0517, Train: 100.00%, Valid: 71.67%, Test: 68.00%, Best Valid: 76.67%, Best Test: 64.90%
Epoch: 400, Loss: 0.0454, Train: 100.00%, Valid: 71.67%, Test: 68.50%, Best Valid: 76.67%, Best Test: 64.90%
Run 10:
Highest Train: 100.00
Highest Valid: 76.67
Highest Test: 68.80
Chosen epoch: 31
Final Train: 100.00
Final Test: 64.90
All runs:
Highest Train: 100.00 ± 0.00
Highest Test: 68.12 ± 1.60
Highest Valid: 65.33 ± 6.89
  Final Train: 99.83 ± 0.53
   Final Test: 65.22 ± 3.19
Saving results to results/lowlabel_mv/citeseer/MPNN_gcn.csv
--- mlp_reg | lambda=0.8 ---
Namespace(bn=False, budget_tag='10', cooc_file='', count_reg=False, count_smoothing=1.0, cpu=False, data_dir='./data/', dataset='citeseer', device=0, display_step=100, dropout=0.5, epochs=500, gnn='gcn', hidden_channels=512, jk=False, label_num_per_class=10, lambda_val=0.8, ln=False, local_layers=2, lr=0.001, metric='acc', mlp_epochs=500, mlp_reg=True, model='MPNN', model_dir='models', num_heads=1, oracle_reg=False, paired_seeds=True, penalty_transform='none', pre_linear=False, pre_ln=False, rand_split=False, rand_split_class=True, reg_start_epoch=10, reg_update_freq=5, res=False, resample_split_per_run=True, result_dir='results/lowlabel_mv', runs=10, save_model=False, seed=123, source_mode='keep', test_num=1000, train_per_class=0, train_prop=0.5, use_reg=True, valid_num=500, valid_per_class=10, valid_prop=0.25, weight_decay=0.01, year_split=0)
citeseer
Num nodes: 3327
train:torch.Size([60]), valid:torch.Size([500]), test:torch.Size([1000])
dataset citeseer | num nodes 3327 | num edge 9104 | num node feats 3703 | num classes 6
MODEL: MPNNs(
  (h_lins): ModuleList()
  (local_convs): ModuleList(
    (0): GCNConv(3703, 512)
    (1): GCNConv(512, 512)
  )
  (lins): ModuleList(
    (0): Linear(in_features=3703, out_features=512, bias=True)
    (1): Linear(in_features=512, out_features=512, bias=True)
  )
  (lns): ModuleList(
    (0): LayerNorm((512,), eps=1e-05, elementwise_affine=True)
    (1): LayerNorm((512,), eps=1e-05, elementwise_affine=True)
  )
  (bns): ModuleList(
    (0): BatchNorm1d(512, eps=1e-05, momentum=0.1, affine=True, track_running_stats=True)
    (1): BatchNorm1d(512, eps=1e-05, momentum=0.1, affine=True, track_running_stats=True)
  )
  (lin_in): Linear(in_features=3703, out_features=512, bias=True)
  (pred_local): Linear(in_features=512, out_features=6, bias=True)
)
train:torch.Size([60]), valid:torch.Size([500]), test:torch.Size([1000])
Matched-budget validation: 60 valid nodes
Pre-training MLP for 500 epochs to generate co-occurrence matrix...
MLP pre-training complete. Penalty matrix frozen.
Epoch: 00, Loss: 3.2222, Train: 26.67%, Valid: 16.67%, Test: 19.20%, Best Valid: 16.67%, Best Test: 19.20%
Epoch: 100, Loss: 0.1011, Train: 100.00%, Valid: 65.00%, Test: 67.90%, Best Valid: 68.33%, Best Test: 65.50%
Epoch: 200, Loss: 0.0720, Train: 100.00%, Valid: 66.67%, Test: 68.20%, Best Valid: 68.33%, Best Test: 65.50%
Epoch: 300, Loss: 0.0762, Train: 100.00%, Valid: 65.00%, Test: 68.30%, Best Valid: 68.33%, Best Test: 65.50%
Epoch: 400, Loss: 0.0736, Train: 100.00%, Valid: 61.67%, Test: 67.00%, Best Valid: 68.33%, Best Test: 65.50%
Run 01:
Highest Train: 100.00
Highest Valid: 68.33
Highest Test: 69.50
Chosen epoch: 25
Final Train: 100.00
Final Test: 65.50
train:torch.Size([60]), valid:torch.Size([500]), test:torch.Size([1000])
Matched-budget validation: 60 valid nodes
Pre-training MLP for 500 epochs to generate co-occurrence matrix...
MLP pre-training complete. Penalty matrix frozen.
Epoch: 00, Loss: 3.2166, Train: 65.00%, Valid: 23.33%, Test: 31.40%, Best Valid: 23.33%, Best Test: 31.40%
Epoch: 100, Loss: 0.0835, Train: 100.00%, Valid: 61.67%, Test: 66.00%, Best Valid: 70.00%, Best Test: 65.00%
Epoch: 200, Loss: 0.0572, Train: 100.00%, Valid: 61.67%, Test: 65.90%, Best Valid: 70.00%, Best Test: 65.00%
Epoch: 300, Loss: 0.0604, Train: 100.00%, Valid: 61.67%, Test: 65.10%, Best Valid: 70.00%, Best Test: 65.00%
Epoch: 400, Loss: 0.0709, Train: 100.00%, Valid: 63.33%, Test: 65.60%, Best Valid: 70.00%, Best Test: 65.00%
Run 02:
Highest Train: 100.00
Highest Valid: 70.00
Highest Test: 67.00
Chosen epoch: 24
Final Train: 100.00
Final Test: 65.00
train:torch.Size([60]), valid:torch.Size([500]), test:torch.Size([1000])
Matched-budget validation: 60 valid nodes
Pre-training MLP for 500 epochs to generate co-occurrence matrix...
MLP pre-training complete. Penalty matrix frozen.
Epoch: 00, Loss: 3.2268, Train: 25.00%, Valid: 18.33%, Test: 21.80%, Best Valid: 18.33%, Best Test: 21.80%
Epoch: 100, Loss: 0.0860, Train: 100.00%, Valid: 51.67%, Test: 65.50%, Best Valid: 51.67%, Best Test: 63.60%
Epoch: 200, Loss: 0.0688, Train: 100.00%, Valid: 50.00%, Test: 65.20%, Best Valid: 51.67%, Best Test: 63.60%
Epoch: 300, Loss: 0.0573, Train: 100.00%, Valid: 46.67%, Test: 63.50%, Best Valid: 55.00%, Best Test: 64.80%
Epoch: 400, Loss: 0.0632, Train: 100.00%, Valid: 50.00%, Test: 66.30%, Best Valid: 55.00%, Best Test: 64.80%
Run 03:
Highest Train: 100.00
Highest Valid: 55.00
Highest Test: 66.30
Chosen epoch: 279
Final Train: 100.00
Final Test: 64.80
train:torch.Size([60]), valid:torch.Size([500]), test:torch.Size([1000])
Matched-budget validation: 60 valid nodes
Pre-training MLP for 500 epochs to generate co-occurrence matrix...
MLP pre-training complete. Penalty matrix frozen.
Epoch: 00, Loss: 3.2117, Train: 53.33%, Valid: 33.33%, Test: 22.20%, Best Valid: 33.33%, Best Test: 22.20%
Epoch: 100, Loss: 0.0745, Train: 100.00%, Valid: 61.67%, Test: 65.70%, Best Valid: 63.33%, Best Test: 59.60%
Epoch: 200, Loss: 0.0695, Train: 100.00%, Valid: 60.00%, Test: 66.30%, Best Valid: 63.33%, Best Test: 59.60%
Epoch: 300, Loss: 0.0613, Train: 100.00%, Valid: 60.00%, Test: 65.30%, Best Valid: 63.33%, Best Test: 59.60%
Epoch: 400, Loss: 0.0535, Train: 100.00%, Valid: 60.00%, Test: 65.70%, Best Valid: 63.33%, Best Test: 59.60%
Run 04:
Highest Train: 100.00
Highest Valid: 63.33
Highest Test: 67.00
Chosen epoch: 21
Final Train: 100.00
Final Test: 59.60
train:torch.Size([60]), valid:torch.Size([500]), test:torch.Size([1000])
Matched-budget validation: 60 valid nodes
Pre-training MLP for 500 epochs to generate co-occurrence matrix...
MLP pre-training complete. Penalty matrix frozen.
Epoch: 00, Loss: 3.2273, Train: 30.00%, Valid: 16.67%, Test: 19.70%, Best Valid: 16.67%, Best Test: 19.70%
Epoch: 100, Loss: 0.0965, Train: 100.00%, Valid: 60.00%, Test: 68.80%, Best Valid: 63.33%, Best Test: 63.60%
Epoch: 200, Loss: 0.0742, Train: 100.00%, Valid: 60.00%, Test: 69.30%, Best Valid: 63.33%, Best Test: 63.60%
Epoch: 300, Loss: 0.0621, Train: 100.00%, Valid: 58.33%, Test: 69.50%, Best Valid: 63.33%, Best Test: 63.60%
Epoch: 400, Loss: 0.0543, Train: 100.00%, Valid: 60.00%, Test: 69.40%, Best Valid: 63.33%, Best Test: 63.60%
Run 05:
Highest Train: 100.00
Highest Valid: 63.33
Highest Test: 70.00
Chosen epoch: 13
Final Train: 98.33
Final Test: 63.60
train:torch.Size([60]), valid:torch.Size([500]), test:torch.Size([1000])
Matched-budget validation: 60 valid nodes
Pre-training MLP for 500 epochs to generate co-occurrence matrix...
MLP pre-training complete. Penalty matrix frozen.
Epoch: 00, Loss: 3.2246, Train: 38.33%, Valid: 28.33%, Test: 17.70%, Best Valid: 28.33%, Best Test: 17.70%
Epoch: 100, Loss: 0.1010, Train: 100.00%, Valid: 63.33%, Test: 65.70%, Best Valid: 66.67%, Best Test: 62.10%
Epoch: 200, Loss: 0.0610, Train: 100.00%, Valid: 63.33%, Test: 66.00%, Best Valid: 66.67%, Best Test: 62.10%
Epoch: 300, Loss: 0.0667, Train: 100.00%, Valid: 65.00%, Test: 66.80%, Best Valid: 66.67%, Best Test: 62.10%
Epoch: 400, Loss: 0.0676, Train: 100.00%, Valid: 63.33%, Test: 65.80%, Best Valid: 66.67%, Best Test: 62.10%
Run 06:
Highest Train: 100.00
Highest Valid: 66.67
Highest Test: 68.00
Chosen epoch: 11
Final Train: 98.33
Final Test: 62.10
train:torch.Size([60]), valid:torch.Size([500]), test:torch.Size([1000])
Matched-budget validation: 60 valid nodes
Pre-training MLP for 500 epochs to generate co-occurrence matrix...
MLP pre-training complete. Penalty matrix frozen.
Epoch: 00, Loss: 3.2352, Train: 48.33%, Valid: 21.67%, Test: 22.80%, Best Valid: 21.67%, Best Test: 22.80%
Epoch: 100, Loss: 0.0859, Train: 100.00%, Valid: 56.67%, Test: 66.00%, Best Valid: 56.67%, Best Test: 65.20%
Epoch: 200, Loss: 0.0735, Train: 100.00%, Valid: 53.33%, Test: 66.80%, Best Valid: 56.67%, Best Test: 65.20%
Epoch: 300, Loss: 0.0676, Train: 100.00%, Valid: 53.33%, Test: 66.70%, Best Valid: 58.33%, Best Test: 66.50%
Epoch: 400, Loss: 0.0747, Train: 100.00%, Valid: 55.00%, Test: 66.50%, Best Valid: 58.33%, Best Test: 66.50%
Run 07:
Highest Train: 100.00
Highest Valid: 58.33
Highest Test: 67.70
Chosen epoch: 242
Final Train: 100.00
Final Test: 66.50
train:torch.Size([60]), valid:torch.Size([500]), test:torch.Size([1000])
Matched-budget validation: 60 valid nodes
Pre-training MLP for 500 epochs to generate co-occurrence matrix...
MLP pre-training complete. Penalty matrix frozen.
Epoch: 00, Loss: 3.2126, Train: 46.67%, Valid: 25.00%, Test: 15.90%, Best Valid: 25.00%, Best Test: 15.90%
Epoch: 100, Loss: 0.1055, Train: 100.00%, Valid: 53.33%, Test: 63.50%, Best Valid: 56.67%, Best Test: 64.20%
Epoch: 200, Loss: 0.0640, Train: 100.00%, Valid: 53.33%, Test: 62.90%, Best Valid: 56.67%, Best Test: 64.20%
Epoch: 300, Loss: 0.0753, Train: 100.00%, Valid: 55.00%, Test: 61.80%, Best Valid: 56.67%, Best Test: 64.20%
Epoch: 400, Loss: 0.0656, Train: 100.00%, Valid: 55.00%, Test: 61.50%, Best Valid: 56.67%, Best Test: 64.20%
Run 08:
Highest Train: 100.00
Highest Valid: 56.67
Highest Test: 64.80
Chosen epoch: 20
Final Train: 100.00
Final Test: 64.20
train:torch.Size([60]), valid:torch.Size([500]), test:torch.Size([1000])
Matched-budget validation: 60 valid nodes
Pre-training MLP for 500 epochs to generate co-occurrence matrix...
MLP pre-training complete. Penalty matrix frozen.
Epoch: 00, Loss: 3.2201, Train: 41.67%, Valid: 16.67%, Test: 19.10%, Best Valid: 16.67%, Best Test: 19.10%
Epoch: 100, Loss: 0.0957, Train: 100.00%, Valid: 63.33%, Test: 70.80%, Best Valid: 65.00%, Best Test: 68.60%
Epoch: 200, Loss: 0.0643, Train: 100.00%, Valid: 63.33%, Test: 70.90%, Best Valid: 66.67%, Best Test: 69.90%
Epoch: 300, Loss: 0.0642, Train: 100.00%, Valid: 63.33%, Test: 70.60%, Best Valid: 66.67%, Best Test: 69.90%
Epoch: 400, Loss: 0.0654, Train: 100.00%, Valid: 63.33%, Test: 70.50%, Best Valid: 68.33%, Best Test: 70.70%
Run 09:
Highest Train: 100.00
Highest Valid: 68.33
Highest Test: 71.30
Chosen epoch: 344
Final Train: 100.00
Final Test: 70.70
train:torch.Size([60]), valid:torch.Size([500]), test:torch.Size([1000])
Matched-budget validation: 60 valid nodes
Pre-training MLP for 500 epochs to generate co-occurrence matrix...
MLP pre-training complete. Penalty matrix frozen.
Epoch: 00, Loss: 3.2180, Train: 61.67%, Valid: 33.33%, Test: 27.10%, Best Valid: 33.33%, Best Test: 27.10%
Epoch: 100, Loss: 0.0818, Train: 100.00%, Valid: 71.67%, Test: 67.00%, Best Valid: 76.67%, Best Test: 65.30%
Epoch: 200, Loss: 0.0738, Train: 100.00%, Valid: 71.67%, Test: 67.30%, Best Valid: 76.67%, Best Test: 65.30%
Epoch: 300, Loss: 0.0660, Train: 100.00%, Valid: 71.67%, Test: 67.90%, Best Valid: 76.67%, Best Test: 65.30%
Epoch: 400, Loss: 0.0581, Train: 100.00%, Valid: 71.67%, Test: 68.60%, Best Valid: 76.67%, Best Test: 65.30%
Run 10:
Highest Train: 100.00
Highest Valid: 76.67
Highest Test: 68.80
Chosen epoch: 31
Final Train: 100.00
Final Test: 65.30
All runs:
Highest Train: 100.00 ± 0.00
Highest Test: 68.04 ± 1.91
Highest Valid: 64.67 ± 6.70
  Final Train: 99.67 ± 0.70
   Final Test: 64.73 ± 2.88
Saving results to results/lowlabel_mv/citeseer/MPNN_gcn.csv
--- mlp_reg | lambda=1.6 ---
Namespace(bn=False, budget_tag='10', cooc_file='', count_reg=False, count_smoothing=1.0, cpu=False, data_dir='./data/', dataset='citeseer', device=0, display_step=100, dropout=0.5, epochs=500, gnn='gcn', hidden_channels=512, jk=False, label_num_per_class=10, lambda_val=1.6, ln=False, local_layers=2, lr=0.001, metric='acc', mlp_epochs=500, mlp_reg=True, model='MPNN', model_dir='models', num_heads=1, oracle_reg=False, paired_seeds=True, penalty_transform='none', pre_linear=False, pre_ln=False, rand_split=False, rand_split_class=True, reg_start_epoch=10, reg_update_freq=5, res=False, resample_split_per_run=True, result_dir='results/lowlabel_mv', runs=10, save_model=False, seed=123, source_mode='keep', test_num=1000, train_per_class=0, train_prop=0.5, use_reg=True, valid_num=500, valid_per_class=10, valid_prop=0.25, weight_decay=0.01, year_split=0)
citeseer
Num nodes: 3327
train:torch.Size([60]), valid:torch.Size([500]), test:torch.Size([1000])
dataset citeseer | num nodes 3327 | num edge 9104 | num node feats 3703 | num classes 6
MODEL: MPNNs(
  (h_lins): ModuleList()
  (local_convs): ModuleList(
    (0): GCNConv(3703, 512)
    (1): GCNConv(512, 512)
  )
  (lins): ModuleList(
    (0): Linear(in_features=3703, out_features=512, bias=True)
    (1): Linear(in_features=512, out_features=512, bias=True)
  )
  (lns): ModuleList(
    (0): LayerNorm((512,), eps=1e-05, elementwise_affine=True)
    (1): LayerNorm((512,), eps=1e-05, elementwise_affine=True)
  )
  (bns): ModuleList(
    (0): BatchNorm1d(512, eps=1e-05, momentum=0.1, affine=True, track_running_stats=True)
    (1): BatchNorm1d(512, eps=1e-05, momentum=0.1, affine=True, track_running_stats=True)
  )
  (lin_in): Linear(in_features=3703, out_features=512, bias=True)
  (pred_local): Linear(in_features=512, out_features=6, bias=True)
)
train:torch.Size([60]), valid:torch.Size([500]), test:torch.Size([1000])
Matched-budget validation: 60 valid nodes
Pre-training MLP for 500 epochs to generate co-occurrence matrix...
MLP pre-training complete. Penalty matrix frozen.
Epoch: 00, Loss: 4.6543, Train: 21.67%, Valid: 16.67%, Test: 19.30%, Best Valid: 16.67%, Best Test: 19.30%
Epoch: 100, Loss: 0.1467, Train: 100.00%, Valid: 65.00%, Test: 67.70%, Best Valid: 68.33%, Best Test: 65.10%
Epoch: 200, Loss: 0.1041, Train: 100.00%, Valid: 66.67%, Test: 68.90%, Best Valid: 68.33%, Best Test: 65.10%
Epoch: 300, Loss: 0.1087, Train: 100.00%, Valid: 65.00%, Test: 68.30%, Best Valid: 68.33%, Best Test: 65.10%
Epoch: 400, Loss: 0.1057, Train: 100.00%, Valid: 66.67%, Test: 68.00%, Best Valid: 68.33%, Best Test: 65.10%
Run 01:
Highest Train: 100.00
Highest Valid: 68.33
Highest Test: 70.00
Chosen epoch: 26
Final Train: 100.00
Final Test: 65.10
train:torch.Size([60]), valid:torch.Size([500]), test:torch.Size([1000])
Matched-budget validation: 60 valid nodes
Pre-training MLP for 500 epochs to generate co-occurrence matrix...
MLP pre-training complete. Penalty matrix frozen.
Epoch: 00, Loss: 4.6462, Train: 63.33%, Valid: 23.33%, Test: 30.90%, Best Valid: 23.33%, Best Test: 30.90%
Epoch: 100, Loss: 0.1194, Train: 100.00%, Valid: 61.67%, Test: 65.10%, Best Valid: 70.00%, Best Test: 65.60%
Epoch: 200, Loss: 0.0824, Train: 100.00%, Valid: 61.67%, Test: 65.30%, Best Valid: 70.00%, Best Test: 65.60%
Epoch: 300, Loss: 0.0863, Train: 100.00%, Valid: 61.67%, Test: 64.70%, Best Valid: 70.00%, Best Test: 65.60%
Epoch: 400, Loss: 0.1015, Train: 100.00%, Valid: 63.33%, Test: 65.40%, Best Valid: 70.00%, Best Test: 65.60%
Run 02:
Highest Train: 100.00
Highest Valid: 70.00
Highest Test: 66.80
Chosen epoch: 34
Final Train: 100.00
Final Test: 65.60
train:torch.Size([60]), valid:torch.Size([500]), test:torch.Size([1000])
Matched-budget validation: 60 valid nodes
Pre-training MLP for 500 epochs to generate co-occurrence matrix...
MLP pre-training complete. Penalty matrix frozen.
Epoch: 00, Loss: 4.6609, Train: 26.67%, Valid: 18.33%, Test: 21.70%, Best Valid: 18.33%, Best Test: 21.70%
Epoch: 100, Loss: 0.1241, Train: 100.00%, Valid: 50.00%, Test: 64.70%, Best Valid: 51.67%, Best Test: 62.90%
Epoch: 200, Loss: 0.0989, Train: 100.00%, Valid: 51.67%, Test: 64.90%, Best Valid: 53.33%, Best Test: 63.10%
Epoch: 300, Loss: 0.0820, Train: 100.00%, Valid: 48.33%, Test: 62.10%, Best Valid: 53.33%, Best Test: 63.10%
Epoch: 400, Loss: 0.0903, Train: 100.00%, Valid: 48.33%, Test: 64.50%, Best Valid: 55.00%, Best Test: 65.20%
Run 03:
Highest Train: 100.00
Highest Valid: 55.00
Highest Test: 65.90
Chosen epoch: 350
Final Train: 100.00
Final Test: 65.20
train:torch.Size([60]), valid:torch.Size([500]), test:torch.Size([1000])
Matched-budget validation: 60 valid nodes
Pre-training MLP for 500 epochs to generate co-occurrence matrix...
MLP pre-training complete. Penalty matrix frozen.
Epoch: 00, Loss: 4.6391, Train: 55.00%, Valid: 30.00%, Test: 19.80%, Best Valid: 30.00%, Best Test: 19.80%
Epoch: 100, Loss: 0.1090, Train: 100.00%, Valid: 61.67%, Test: 65.80%, Best Valid: 63.33%, Best Test: 64.70%
Epoch: 200, Loss: 0.1008, Train: 100.00%, Valid: 60.00%, Test: 66.20%, Best Valid: 63.33%, Best Test: 64.70%
Epoch: 300, Loss: 0.0883, Train: 100.00%, Valid: 60.00%, Test: 65.60%, Best Valid: 63.33%, Best Test: 64.70%
Epoch: 400, Loss: 0.0779, Train: 100.00%, Valid: 60.00%, Test: 65.40%, Best Valid: 63.33%, Best Test: 64.70%
Run 04:
Highest Train: 100.00
Highest Valid: 63.33
Highest Test: 67.00
Chosen epoch: 68
Final Train: 100.00
Final Test: 64.70
train:torch.Size([60]), valid:torch.Size([500]), test:torch.Size([1000])
Matched-budget validation: 60 valid nodes
Pre-training MLP for 500 epochs to generate co-occurrence matrix...
MLP pre-training complete. Penalty matrix frozen.
Epoch: 00, Loss: 4.6617, Train: 28.33%, Valid: 16.67%, Test: 20.00%, Best Valid: 16.67%, Best Test: 20.00%
Epoch: 100, Loss: 0.1383, Train: 100.00%, Valid: 60.00%, Test: 69.30%, Best Valid: 63.33%, Best Test: 64.50%
Epoch: 200, Loss: 0.1062, Train: 100.00%, Valid: 60.00%, Test: 69.40%, Best Valid: 63.33%, Best Test: 64.50%
Epoch: 300, Loss: 0.0894, Train: 100.00%, Valid: 58.33%, Test: 69.60%, Best Valid: 63.33%, Best Test: 64.50%
Epoch: 400, Loss: 0.0781, Train: 100.00%, Valid: 60.00%, Test: 69.60%, Best Valid: 63.33%, Best Test: 64.50%
Run 05:
Highest Train: 100.00
Highest Valid: 63.33
Highest Test: 70.30
Chosen epoch: 15
Final Train: 98.33
Final Test: 64.50
train:torch.Size([60]), valid:torch.Size([500]), test:torch.Size([1000])
Matched-budget validation: 60 valid nodes
Pre-training MLP for 500 epochs to generate co-occurrence matrix...
MLP pre-training complete. Penalty matrix frozen.
Epoch: 00, Loss: 4.6578, Train: 38.33%, Valid: 28.33%, Test: 18.60%, Best Valid: 28.33%, Best Test: 18.60%
Epoch: 100, Loss: 0.1438, Train: 100.00%, Valid: 63.33%, Test: 65.90%, Best Valid: 68.33%, Best Test: 67.90%
Epoch: 200, Loss: 0.0871, Train: 100.00%, Valid: 63.33%, Test: 65.90%, Best Valid: 68.33%, Best Test: 67.90%
Epoch: 300, Loss: 0.0971, Train: 100.00%, Valid: 65.00%, Test: 67.20%, Best Valid: 68.33%, Best Test: 67.90%
Epoch: 400, Loss: 0.0948, Train: 100.00%, Valid: 63.33%, Test: 66.30%, Best Valid: 68.33%, Best Test: 67.90%
Run 06:
Highest Train: 100.00
Highest Valid: 68.33
Highest Test: 68.30
Chosen epoch: 22
Final Train: 100.00
Final Test: 67.90
train:torch.Size([60]), valid:torch.Size([500]), test:torch.Size([1000])
Matched-budget validation: 60 valid nodes
Pre-training MLP for 500 epochs to generate co-occurrence matrix...
MLP pre-training complete. Penalty matrix frozen.
Epoch: 00, Loss: 4.6731, Train: 48.33%, Valid: 21.67%, Test: 22.90%, Best Valid: 21.67%, Best Test: 22.90%
Epoch: 100, Loss: 0.1235, Train: 100.00%, Valid: 56.67%, Test: 66.20%, Best Valid: 56.67%, Best Test: 64.20%
Epoch: 200, Loss: 0.1050, Train: 100.00%, Valid: 53.33%, Test: 67.10%, Best Valid: 56.67%, Best Test: 64.20%
Epoch: 300, Loss: 0.0971, Train: 100.00%, Valid: 53.33%, Test: 66.80%, Best Valid: 58.33%, Best Test: 66.00%
Epoch: 400, Loss: 0.1073, Train: 100.00%, Valid: 56.67%, Test: 66.80%, Best Valid: 58.33%, Best Test: 66.00%
Run 07:
Highest Train: 100.00
Highest Valid: 58.33
Highest Test: 67.70
Chosen epoch: 242
Final Train: 100.00
Final Test: 66.00
train:torch.Size([60]), valid:torch.Size([500]), test:torch.Size([1000])
Matched-budget validation: 60 valid nodes
Pre-training MLP for 500 epochs to generate co-occurrence matrix...
MLP pre-training complete. Penalty matrix frozen.
Epoch: 00, Loss: 4.6404, Train: 41.67%, Valid: 20.00%, Test: 12.80%, Best Valid: 20.00%, Best Test: 12.80%
Epoch: 100, Loss: 0.1517, Train: 100.00%, Valid: 53.33%, Test: 62.20%, Best Valid: 55.00%, Best Test: 60.10%
Epoch: 200, Loss: 0.0921, Train: 100.00%, Valid: 56.67%, Test: 61.80%, Best Valid: 56.67%, Best Test: 62.80%
Epoch: 300, Loss: 0.1075, Train: 100.00%, Valid: 56.67%, Test: 61.10%, Best Valid: 56.67%, Best Test: 62.80%
Epoch: 400, Loss: 0.0944, Train: 100.00%, Valid: 55.00%, Test: 60.90%, Best Valid: 58.33%, Best Test: 59.90%
Run 08:
Highest Train: 100.00
Highest Valid: 58.33
Highest Test: 64.60
Chosen epoch: 343
Final Train: 100.00
Final Test: 59.90
train:torch.Size([60]), valid:torch.Size([500]), test:torch.Size([1000])
Matched-budget validation: 60 valid nodes
Pre-training MLP for 500 epochs to generate co-occurrence matrix...
MLP pre-training complete. Penalty matrix frozen.
Epoch: 00, Loss: 4.6512, Train: 43.33%, Valid: 16.67%, Test: 18.60%, Best Valid: 16.67%, Best Test: 18.60%
Epoch: 100, Loss: 0.1365, Train: 100.00%, Valid: 63.33%, Test: 71.30%, Best Valid: 65.00%, Best Test: 71.00%
Epoch: 200, Loss: 0.0918, Train: 100.00%, Valid: 61.67%, Test: 70.70%, Best Valid: 66.67%, Best Test: 71.30%
Epoch: 300, Loss: 0.0925, Train: 100.00%, Valid: 61.67%, Test: 70.90%, Best Valid: 66.67%, Best Test: 71.30%
Epoch: 400, Loss: 0.0934, Train: 100.00%, Valid: 63.33%, Test: 70.40%, Best Valid: 66.67%, Best Test: 71.30%
Run 09:
Highest Train: 100.00
Highest Valid: 66.67
Highest Test: 71.40
Chosen epoch: 169
Final Train: 100.00
Final Test: 71.30
train:torch.Size([60]), valid:torch.Size([500]), test:torch.Size([1000])
Matched-budget validation: 60 valid nodes
Pre-training MLP for 500 epochs to generate co-occurrence matrix...
MLP pre-training complete. Penalty matrix frozen.
Epoch: 00, Loss: 4.6482, Train: 58.33%, Valid: 26.67%, Test: 25.90%, Best Valid: 26.67%, Best Test: 25.90%
Epoch: 100, Loss: 0.1166, Train: 100.00%, Valid: 71.67%, Test: 67.20%, Best Valid: 76.67%, Best Test: 65.50%
Epoch: 200, Loss: 0.1070, Train: 100.00%, Valid: 71.67%, Test: 67.50%, Best Valid: 76.67%, Best Test: 65.50%
Epoch: 300, Loss: 0.0949, Train: 100.00%, Valid: 71.67%, Test: 68.30%, Best Valid: 76.67%, Best Test: 65.50%
Epoch: 400, Loss: 0.0829, Train: 100.00%, Valid: 71.67%, Test: 67.90%, Best Valid: 76.67%, Best Test: 65.50%
Run 10:
Highest Train: 100.00
Highest Valid: 76.67
Highest Test: 68.90
Chosen epoch: 31
Final Train: 100.00
Final Test: 65.50
All runs:
Highest Train: 100.00 ± 0.00
Highest Test: 68.09 ± 2.11
Highest Valid: 64.83 ± 6.50
  Final Train: 99.83 ± 0.53
   Final Test: 65.57 ± 2.85
Saving results to results/lowlabel_mv/citeseer/MPNN_gcn.csv
Low-label sweep completed.
Task 19 done.
