Sat Aug 15 22:11:04 2026       
+-----------------------------------------------------------------------------------------+
| NVIDIA-SMI 580.159.04             Driver Version: 580.159.04     CUDA Version: 13.0     |
+-----------------------------------------+------------------------+----------------------+
| GPU  Name                 Persistence-M | Bus-Id          Disp.A | Volatile Uncorr. ECC |
| Fan  Temp   Perf          Pwr:Usage/Cap |           Memory-Usage | GPU-Util  Compute M. |
|                                         |                        |               MIG M. |
|=========================================+========================+======================|
|   0  NVIDIA A100-SXM4-80GB          On  |   00000000:01:00.0 Off |                   On |
| N/A   59C    P0            288W /  500W |   30789MiB /  81920MiB |     N/A      Default |
|                                         |                        |              Enabled |
+-----------------------------------------+------------------------+----------------------+
|   1  NVIDIA A100-SXM4-80GB          On  |   00000000:41:00.0 Off |                   On |
| N/A   47C    P0            251W /  500W |   22949MiB /  81920MiB |     N/A      Default |
|                                         |                        |              Enabled |
+-----------------------------------------+------------------------+----------------------+
|   2  NVIDIA A100-SXM4-80GB          On  |   00000000:81:00.0 Off |                   On |
| N/A   57C    P0            190W /  500W |   12603MiB /  81920MiB |     N/A      Default |
|                                         |                        |              Enabled |
+-----------------------------------------+------------------------+----------------------+
|   3  NVIDIA A100-SXM4-80GB          On  |   00000000:C1:00.0 Off |                   On |
| N/A   36C    P0            154W /  500W |    9836MiB /  81920MiB |     N/A      Default |
|                                         |                        |              Enabled |
+-----------------------------------------+------------------------+----------------------+

+-----------------------------------------------------------------------------------------+
| MIG devices:                                                                            |
+------------------+----------------------------------+-----------+-----------------------+
| GPU  GI  CI  MIG |              Shared Memory-Usage |        Vol|        Shared         |
|      ID  ID  Dev |                Shared BAR1-Usage | SM     Unc| CE ENC  DEC  OFA  JPG |
|                  |                                  |        ECC|                       |
|==================+==================================+===========+=======================|
|  1    5   0   0  |              71MiB / 19968MiB    | 28      0 |  2   0    1    0    0 |
|                  |               0MiB / 12271MiB    |           |                       |
+------------------+----------------------------------+-----------+-----------------------+

+-----------------------------------------------------------------------------------------+
| Processes:                                                                              |
|  GPU   GI   CI              PID   Type   Process name                        GPU Memory |
|        ID   ID                                                               Usage      |
|=========================================================================================|
|    0   13    0          1181102      C   ...ware/symmetrix-env/bin/python        836MiB |
|    0   14    0          1181105      C   ...ware/symmetrix-env/bin/python       1196MiB |
|    0    5    0          1786586      C   python3                                9262MiB |
|    0    1    0          1790294      C   python                                19154MiB |
|    2    9    0          1181096      C   ...ware/symmetrix-env/bin/python       2416MiB |
|    2   10    0          1181104      C   ...ware/symmetrix-env/bin/python       3026MiB |
|    2    2    0          1790318      C   python                                 6888MiB |
|    3   13    0          1181107      C   ...ware/symmetrix-env/bin/python       4132MiB |
|    3   14    0          1181108      C   ...ware/symmetrix-env/bin/python       5440MiB |
+-----------------------------------------------------------------------------------------+
Cell: roman-empire / polynormer / budget 10 per class / group 4
shuffle group only runs at budgets 2 and 5 — nothing to do.
