Thu Sep 10 12:30:25 2026       
+-----------------------------------------------------------------------------------------+
| NVIDIA-SMI 580.159.04             Driver Version: 580.159.04     CUDA Version: 13.0     |
+-----------------------------------------+------------------------+----------------------+
| GPU  Name                 Persistence-M | Bus-Id          Disp.A | Volatile Uncorr. ECC |
| Fan  Temp   Perf          Pwr:Usage/Cap |           Memory-Usage | GPU-Util  Compute M. |
|                                         |                        |               MIG M. |
|=========================================+========================+======================|
|   0  NVIDIA A100-SXM4-80GB          On  |   00000000:01:00.0 Off |                   On |
| N/A   46C    P0            149W /  500W |    8592MiB /  81920MiB |     N/A      Default |
|                                         |                        |              Enabled |
+-----------------------------------------+------------------------+----------------------+
|   1  NVIDIA A100-SXM4-80GB          On  |   00000000:41:00.0 Off |                   On |
| N/A   44C    P0            214W /  500W |   27118MiB /  81920MiB |     N/A      Default |
|                                         |                        |              Enabled |
+-----------------------------------------+------------------------+----------------------+
|   2  NVIDIA A100-SXM4-80GB          On  |   00000000:81:00.0 Off |                   On |
| N/A   52C    P0            211W /  500W |   17534MiB /  81920MiB |     N/A      Default |
|                                         |                        |              Enabled |
+-----------------------------------------+------------------------+----------------------+
|   3  NVIDIA A100-SXM4-80GB          On  |   00000000:C1:00.0 Off |                   On |
| N/A   43C    P0            216W /  500W |   25612MiB /  81920MiB |     N/A      Default |
|                                         |                        |              Enabled |
+-----------------------------------------+------------------------+----------------------+

+-----------------------------------------------------------------------------------------+
| MIG devices:                                                                            |
+------------------+----------------------------------+-----------+-----------------------+
| GPU  GI  CI  MIG |              Shared Memory-Usage |        Vol|        Shared         |
|      ID  ID  Dev |                Shared BAR1-Usage | SM     Unc| CE ENC  DEC  OFA  JPG |
|                  |                                  |        ECC|                       |
|==================+==================================+===========+=======================|
|  0    5   0   0  |              71MiB / 19968MiB    | 28      0 |  2   0    1    0    0 |
|                  |               0MiB / 12271MiB    |           |                       |
+------------------+----------------------------------+-----------+-----------------------+

+-----------------------------------------------------------------------------------------+
| Processes:                                                                              |
|  GPU   GI   CI              PID   Type   Process name                        GPU Memory |
|        ID   ID                                                               Usage      |
|=========================================================================================|
|    1    5    0           763372      C   python                                16778MiB |
|    1    1    0           870586      C   python                                10074MiB |
|    2    3    0           798687      C   python                                 7930MiB |
|    2    2    0           870633      C   python                                 9338MiB |
|    3    5    0           762397      C   python                                16778MiB |
|    3    1    0           870588      C   python                                 8568MiB |
+-----------------------------------------------------------------------------------------+
Control cell: amazon-ratings / polynormer / budget 10 per class / homophily -> results/lowlabel
python main.py --model polynormer --dataset amazon-ratings --hidden_channels 256 --local_epochs 200 --global_epochs 2500 --lr 0.001 --runs 10 --local_layers 10 --global_layers 1 --weight_decay 0.0 --dropout 0.3 --in_dropout 0.2 --num_heads 2 --save_model --device 0 --model_dir models/lowlabel_ctrl_1214892_105 --train_per_class 10  --budget_tag 10
==========================================================
Low-label sweep: python main.py --model polynormer --dataset amazon-ratings --hidden_channels 256 --local_epochs 200 --global_epochs 2500 --lr 0.001 --runs 10 --local_layers 10 --global_layers 1 --weight_decay 0.0 --dropout 0.3 --in_dropout 0.2 --num_heads 2 --save_model --device 0 --model_dir models/lowlabel_ctrl_1214892_105 --train_per_class 10  --budget_tag 10
result_dir=../results/lowlabel conditions=[homophily]
==========================================================
--- mlp_reg/homophily control | lambda=0.01 ---
