Wed Aug  5 20:33:31 2026       
+-----------------------------------------------------------------------------------------+
| NVIDIA-SMI 580.159.04             Driver Version: 580.159.04     CUDA Version: 13.0     |
+-----------------------------------------+------------------------+----------------------+
| GPU  Name                 Persistence-M | Bus-Id          Disp.A | Volatile Uncorr. ECC |
| Fan  Temp   Perf          Pwr:Usage/Cap |           Memory-Usage | GPU-Util  Compute M. |
|                                         |                        |               MIG M. |
|=========================================+========================+======================|
|   0  NVIDIA A100-SXM4-80GB          On  |   00000000:01:00.0 Off |                   On |
| N/A   45C    P0            199W /  500W |   21464MiB /  81920MiB |     N/A      Default |
|                                         |                        |              Enabled |
+-----------------------------------------+------------------------+----------------------+
|   1  NVIDIA A100-SXM4-80GB          On  |   00000000:41:00.0 Off |                   On |
| N/A   50C    P0            248W /  500W |   23412MiB /  81920MiB |     N/A      Default |
|                                         |                        |              Enabled |
+-----------------------------------------+------------------------+----------------------+
|   2  NVIDIA A100-SXM4-80GB          On  |   00000000:81:00.0 Off |                   On |
| N/A   61C    P0            269W /  500W |   23408MiB /  81920MiB |     N/A      Default |
|                                         |                        |              Enabled |
+-----------------------------------------+------------------------+----------------------+
|   3  NVIDIA A100-SXM4-80GB          On  |   00000000:C1:00.0 Off |                   On |
| N/A   34C    P0            134W /  500W |    2119MiB /  81920MiB |     N/A      Default |
|                                         |                        |              Enabled |
+-----------------------------------------+------------------------+----------------------+

+-----------------------------------------------------------------------------------------+
| MIG devices:                                                                            |
+------------------+----------------------------------+-----------+-----------------------+
| GPU  GI  CI  MIG |              Shared Memory-Usage |        Vol|        Shared         |
|      ID  ID  Dev |                Shared BAR1-Usage | SM     Unc| CE ENC  DEC  OFA  JPG |
|                  |                                  |        ECC|                       |
|==================+==================================+===========+=======================|
|  0    3   0   0  |              71MiB / 19968MiB    | 28      0 |  2   0    1    0    0 |
|                  |               0MiB / 12271MiB    |           |                       |
+------------------+----------------------------------+-----------+-----------------------+

+-----------------------------------------------------------------------------------------+
| Processes:                                                                              |
|  GPU   GI   CI              PID   Type   Process name                        GPU Memory |
|        ID   ID                                                               Usage      |
|=========================================================================================|
|    1    2    0            81652      C   python                                21206MiB |
|    1    3    0           150014      C   python                                 1940MiB |
|    2    2    0            81654      C   python                                21206MiB |
|    2    3    0           149341      C   python                                 1936MiB |
|    3    5    0           156528      C   python                                 1862MiB |
+-----------------------------------------------------------------------------------------+
Cell: pubmed / gcn / budget 5 per class / group 3
python main.py --gnn gcn --dataset pubmed --lr 0.005 --local_layers 2 --hidden_channels 256 --weight_decay 5e-4 --dropout 0.7 --rand_split_class --valid_num 500 --test_num 1000 --seed 123 --device 0 --runs 5 --runs 10 --label_num_per_class 5 --resample_split_per_run --budget_tag 5
==========================================================
Low-label sweep: python main.py --gnn gcn --dataset pubmed --lr 0.005 --local_layers 2 --hidden_channels 256 --weight_decay 5e-4 --dropout 0.7 --rand_split_class --valid_num 500 --test_num 1000 --seed 123 --device 0 --runs 5 --runs 10 --label_num_per_class 5 --resample_split_per_run --budget_tag 5
result_dir=results/lowlabel conditions=[oracle]
==========================================================
--- oracle_reg | lambda=0.01 ---
Namespace(bn=False, budget_tag='5', count_reg=False, count_smoothing=1.0, cpu=False, data_dir='./data/', dataset='pubmed', device=0, display_step=100, dropout=0.7, epochs=500, gnn='gcn', hidden_channels=256, jk=False, label_num_per_class=5, lambda_val=0.01, ln=False, local_layers=2, lr=0.005, metric='acc', mlp_epochs=500, mlp_reg=False, model='MPNN', model_dir='models', num_heads=1, oracle_reg=True, paired_seeds=True, penalty_transform='none', pre_linear=False, pre_ln=False, rand_split=False, rand_split_class=True, reg_start_epoch=10, reg_update_freq=5, res=False, resample_split_per_run=True, result_dir='results/lowlabel', runs=10, save_model=False, seed=123, test_num=1000, train_per_class=0, train_prop=0.5, use_reg=True, valid_num=500, valid_per_class=0, valid_prop=0.25, weight_decay=0.0005)
pubmed
Num nodes: 19717
train:torch.Size([15]), valid:torch.Size([500]), test:torch.Size([1000])
dataset pubmed | num nodes 19717 | num edge 88648 | num node feats 500 | num classes 3
MODEL: MPNNs(
  (h_lins): ModuleList()
  (local_convs): ModuleList(
    (0): GCNConv(500, 256)
    (1): GCNConv(256, 256)
  )
  (lins): ModuleList(
    (0): Linear(in_features=500, out_features=256, bias=True)
    (1): Linear(in_features=256, out_features=256, bias=True)
  )
  (lns): ModuleList(
    (0): LayerNorm((256,), eps=1e-05, elementwise_affine=True)
    (1): LayerNorm((256,), eps=1e-05, elementwise_affine=True)
  )
  (bns): ModuleList(
    (0): BatchNorm1d(256, eps=1e-05, momentum=0.1, affine=True, track_running_stats=True)
    (1): BatchNorm1d(256, eps=1e-05, momentum=0.1, affine=True, track_running_stats=True)
  )
  (lin_in): Linear(in_features=500, out_features=256, bias=True)
  (pred_local): Linear(in_features=256, out_features=3, bias=True)
)
train:torch.Size([15]), valid:torch.Size([500]), test:torch.Size([1000])
Computing oracle penalty matrix from true labels...
Oracle penalty matrix frozen.
Epoch: 00, Loss: 1.1111, Train: 33.33%, Valid: 40.40%, Test: 38.80%, Best Valid: 40.40%, Best Test: 38.80%
Epoch: 100, Loss: 0.0134, Train: 100.00%, Valid: 72.80%, Test: 72.80%, Best Valid: 76.80%, Best Test: 77.80%
Epoch: 200, Loss: 0.0150, Train: 100.00%, Valid: 76.00%, Test: 78.00%, Best Valid: 77.60%, Best Test: 78.60%
Epoch: 300, Loss: 0.0125, Train: 100.00%, Valid: 69.40%, Test: 68.90%, Best Valid: 77.60%, Best Test: 78.60%
Epoch: 400, Loss: 0.0082, Train: 100.00%, Valid: 72.40%, Test: 72.20%, Best Valid: 77.60%, Best Test: 78.60%
Run 01:
Highest Train: 100.00
Highest Valid: 77.60
Highest Test: 79.30
Chosen epoch: 199
Final Train: 100.00
Final Test: 78.60
train:torch.Size([15]), valid:torch.Size([500]), test:torch.Size([1000])
Computing oracle penalty matrix from true labels...
Oracle penalty matrix frozen.
Epoch: 00, Loss: 1.1089, Train: 33.33%, Valid: 36.60%, Test: 39.90%, Best Valid: 36.60%, Best Test: 39.90%
Epoch: 100, Loss: 0.0068, Train: 100.00%, Valid: 61.80%, Test: 58.50%, Best Valid: 67.60%, Best Test: 62.80%
Epoch: 200, Loss: 0.0028, Train: 100.00%, Valid: 55.80%, Test: 55.10%, Best Valid: 67.60%, Best Test: 62.80%
Epoch: 300, Loss: 0.0053, Train: 100.00%, Valid: 58.60%, Test: 57.90%, Best Valid: 67.60%, Best Test: 62.80%
Epoch: 400, Loss: 0.0048, Train: 100.00%, Valid: 46.60%, Test: 49.30%, Best Valid: 67.60%, Best Test: 62.80%
Run 02:
Highest Train: 100.00
Highest Valid: 67.60
Highest Test: 64.00
Chosen epoch: 21
Final Train: 100.00
Final Test: 62.80
train:torch.Size([15]), valid:torch.Size([500]), test:torch.Size([1000])
Computing oracle penalty matrix from true labels...
Oracle penalty matrix frozen.
Epoch: 00, Loss: 1.1126, Train: 33.33%, Valid: 39.20%, Test: 41.80%, Best Valid: 39.20%, Best Test: 41.80%
Epoch: 100, Loss: 0.0087, Train: 100.00%, Valid: 64.60%, Test: 62.20%, Best Valid: 69.20%, Best Test: 66.10%
Epoch: 200, Loss: 0.0138, Train: 100.00%, Valid: 63.80%, Test: 64.50%, Best Valid: 69.40%, Best Test: 66.60%
Epoch: 300, Loss: 0.0031, Train: 100.00%, Valid: 61.20%, Test: 62.50%, Best Valid: 69.40%, Best Test: 66.60%
Epoch: 400, Loss: 0.0017, Train: 100.00%, Valid: 57.40%, Test: 54.90%, Best Valid: 69.40%, Best Test: 66.60%
Run 03:
Highest Train: 100.00
Highest Valid: 69.40
Highest Test: 67.90
Chosen epoch: 108
Final Train: 100.00
Final Test: 66.60
train:torch.Size([15]), valid:torch.Size([500]), test:torch.Size([1000])
Computing oracle penalty matrix from true labels...
Oracle penalty matrix frozen.
Epoch: 00, Loss: 1.1092, Train: 33.33%, Valid: 23.00%, Test: 19.40%, Best Valid: 23.00%, Best Test: 19.40%
Epoch: 100, Loss: 0.0234, Train: 100.00%, Valid: 69.40%, Test: 65.70%, Best Valid: 72.80%, Best Test: 66.60%
Epoch: 200, Loss: 0.0275, Train: 100.00%, Valid: 61.60%, Test: 57.50%, Best Valid: 72.80%, Best Test: 66.60%
Epoch: 300, Loss: 0.0205, Train: 100.00%, Valid: 69.60%, Test: 66.00%, Best Valid: 73.20%, Best Test: 67.00%
Epoch: 400, Loss: 0.0025, Train: 100.00%, Valid: 73.00%, Test: 65.40%, Best Valid: 73.20%, Best Test: 67.00%
Run 04:
Highest Train: 100.00
Highest Valid: 74.00
Highest Test: 70.30
Chosen epoch: 442
Final Train: 100.00
Final Test: 68.80
train:torch.Size([15]), valid:torch.Size([500]), test:torch.Size([1000])
Computing oracle penalty matrix from true labels...
Oracle penalty matrix frozen.
Epoch: 00, Loss: 1.1103, Train: 33.33%, Valid: 37.80%, Test: 39.50%, Best Valid: 37.80%, Best Test: 39.50%
Epoch: 100, Loss: 0.0043, Train: 100.00%, Valid: 72.00%, Test: 71.70%, Best Valid: 73.80%, Best Test: 72.70%
Epoch: 200, Loss: 0.0064, Train: 100.00%, Valid: 72.20%, Test: 71.90%, Best Valid: 74.20%, Best Test: 72.30%
Epoch: 300, Loss: 0.0420, Train: 100.00%, Valid: 67.40%, Test: 67.10%, Best Valid: 74.20%, Best Test: 72.30%
Epoch: 400, Loss: 0.0012, Train: 100.00%, Valid: 69.60%, Test: 69.50%, Best Valid: 74.40%, Best Test: 73.20%
Run 05:
Highest Train: 100.00
Highest Valid: 74.40
Highest Test: 73.40
Chosen epoch: 369
Final Train: 100.00
Final Test: 73.20
train:torch.Size([15]), valid:torch.Size([500]), test:torch.Size([1000])
Computing oracle penalty matrix from true labels...
Oracle penalty matrix frozen.
Epoch: 00, Loss: 1.1099, Train: 33.33%, Valid: 21.20%, Test: 21.10%, Best Valid: 21.20%, Best Test: 21.10%
Epoch: 100, Loss: 0.0042, Train: 100.00%, Valid: 69.60%, Test: 72.90%, Best Valid: 73.20%, Best Test: 75.70%
Epoch: 200, Loss: 0.0042, Train: 100.00%, Valid: 72.00%, Test: 75.50%, Best Valid: 74.00%, Best Test: 75.50%
Epoch: 300, Loss: 0.0058, Train: 100.00%, Valid: 71.20%, Test: 70.70%, Best Valid: 74.00%, Best Test: 75.50%
Epoch: 400, Loss: 0.0035, Train: 100.00%, Valid: 71.80%, Test: 73.50%, Best Valid: 74.00%, Best Test: 75.50%
Run 06:
Highest Train: 100.00
Highest Valid: 74.20
Highest Test: 76.50
Chosen epoch: 447
Final Train: 100.00
Final Test: 75.40
train:torch.Size([15]), valid:torch.Size([500]), test:torch.Size([1000])
Computing oracle penalty matrix from true labels...
Oracle penalty matrix frozen.
Epoch: 00, Loss: 1.1113, Train: 46.67%, Valid: 40.60%, Test: 43.10%, Best Valid: 40.60%, Best Test: 43.10%
Epoch: 100, Loss: 0.0056, Train: 100.00%, Valid: 73.80%, Test: 75.20%, Best Valid: 75.40%, Best Test: 76.50%
Epoch: 200, Loss: 0.0224, Train: 100.00%, Valid: 73.00%, Test: 75.10%, Best Valid: 76.40%, Best Test: 76.20%
Epoch: 300, Loss: 0.0015, Train: 100.00%, Valid: 72.40%, Test: 72.20%, Best Valid: 76.40%, Best Test: 76.20%
Epoch: 400, Loss: 0.0178, Train: 100.00%, Valid: 74.60%, Test: 75.60%, Best Valid: 76.40%, Best Test: 76.20%
Run 07:
Highest Train: 100.00
Highest Valid: 76.40
Highest Test: 77.20
Chosen epoch: 124
Final Train: 100.00
Final Test: 76.20
train:torch.Size([15]), valid:torch.Size([500]), test:torch.Size([1000])
Computing oracle penalty matrix from true labels...
Oracle penalty matrix frozen.
Epoch: 00, Loss: 1.1133, Train: 33.33%, Valid: 42.80%, Test: 40.40%, Best Valid: 42.80%, Best Test: 40.40%
Epoch: 100, Loss: 0.0170, Train: 100.00%, Valid: 65.40%, Test: 67.20%, Best Valid: 72.60%, Best Test: 71.00%
Epoch: 200, Loss: 0.0048, Train: 100.00%, Valid: 69.60%, Test: 69.30%, Best Valid: 74.60%, Best Test: 74.30%
Epoch: 300, Loss: 0.0060, Train: 100.00%, Valid: 71.40%, Test: 70.80%, Best Valid: 74.60%, Best Test: 74.30%
Epoch: 400, Loss: 0.0040, Train: 100.00%, Valid: 68.60%, Test: 70.00%, Best Valid: 74.60%, Best Test: 74.30%
Run 08:
Highest Train: 100.00
Highest Valid: 74.60
Highest Test: 74.30
Chosen epoch: 131
Final Train: 100.00
Final Test: 74.30
train:torch.Size([15]), valid:torch.Size([500]), test:torch.Size([1000])
Computing oracle penalty matrix from true labels...
Oracle penalty matrix frozen.
Epoch: 00, Loss: 1.1100, Train: 33.33%, Valid: 38.80%, Test: 37.80%, Best Valid: 38.80%, Best Test: 37.80%
Epoch: 100, Loss: 0.0030, Train: 100.00%, Valid: 63.00%, Test: 67.00%, Best Valid: 70.00%, Best Test: 75.10%
Epoch: 200, Loss: 0.0032, Train: 100.00%, Valid: 64.60%, Test: 68.00%, Best Valid: 70.00%, Best Test: 75.10%
Epoch: 300, Loss: 0.0047, Train: 100.00%, Valid: 61.60%, Test: 63.90%, Best Valid: 70.00%, Best Test: 75.10%
Epoch: 400, Loss: 0.0051, Train: 100.00%, Valid: 65.20%, Test: 69.20%, Best Valid: 70.00%, Best Test: 75.10%
Run 09:
Highest Train: 100.00
Highest Valid: 70.00
Highest Test: 75.10
Chosen epoch: 23
Final Train: 100.00
Final Test: 75.10
train:torch.Size([15]), valid:torch.Size([500]), test:torch.Size([1000])
Computing oracle penalty matrix from true labels...
Oracle penalty matrix frozen.
Epoch: 00, Loss: 1.1100, Train: 33.33%, Valid: 41.40%, Test: 39.30%, Best Valid: 41.40%, Best Test: 39.30%
Epoch: 100, Loss: 0.0099, Train: 100.00%, Valid: 68.60%, Test: 65.10%, Best Valid: 73.80%, Best Test: 70.80%
Epoch: 200, Loss: 0.0070, Train: 100.00%, Valid: 68.20%, Test: 63.00%, Best Valid: 75.80%, Best Test: 71.50%
Epoch: 300, Loss: 0.0031, Train: 100.00%, Valid: 66.60%, Test: 63.40%, Best Valid: 75.80%, Best Test: 71.50%
Epoch: 400, Loss: 0.0027, Train: 100.00%, Valid: 67.60%, Test: 63.30%, Best Valid: 75.80%, Best Test: 71.50%
Run 10:
Highest Train: 100.00
Highest Valid: 75.80
Highest Test: 72.20
Chosen epoch: 186
Final Train: 100.00
Final Test: 71.50
All runs:
Highest Train: 100.00 ± 0.00
Highest Test: 73.02 ± 4.60
Highest Valid: 73.40 ± 3.28
  Final Train: 100.00 ± 0.00
   Final Test: 72.25 ± 4.86
Saving results to results/lowlabel/pubmed/MPNN_gcn.csv
--- oracle_reg | lambda=0.05 ---
Namespace(bn=False, budget_tag='5', count_reg=False, count_smoothing=1.0, cpu=False, data_dir='./data/', dataset='pubmed', device=0, display_step=100, dropout=0.7, epochs=500, gnn='gcn', hidden_channels=256, jk=False, label_num_per_class=5, lambda_val=0.05, ln=False, local_layers=2, lr=0.005, metric='acc', mlp_epochs=500, mlp_reg=False, model='MPNN', model_dir='models', num_heads=1, oracle_reg=True, paired_seeds=True, penalty_transform='none', pre_linear=False, pre_ln=False, rand_split=False, rand_split_class=True, reg_start_epoch=10, reg_update_freq=5, res=False, resample_split_per_run=True, result_dir='results/lowlabel', runs=10, save_model=False, seed=123, test_num=1000, train_per_class=0, train_prop=0.5, use_reg=True, valid_num=500, valid_per_class=0, valid_prop=0.25, weight_decay=0.0005)
pubmed
Num nodes: 19717
train:torch.Size([15]), valid:torch.Size([500]), test:torch.Size([1000])
dataset pubmed | num nodes 19717 | num edge 88648 | num node feats 500 | num classes 3
MODEL: MPNNs(
  (h_lins): ModuleList()
  (local_convs): ModuleList(
    (0): GCNConv(500, 256)
    (1): GCNConv(256, 256)
  )
  (lins): ModuleList(
    (0): Linear(in_features=500, out_features=256, bias=True)
    (1): Linear(in_features=256, out_features=256, bias=True)
  )
  (lns): ModuleList(
    (0): LayerNorm((256,), eps=1e-05, elementwise_affine=True)
    (1): LayerNorm((256,), eps=1e-05, elementwise_affine=True)
  )
  (bns): ModuleList(
    (0): BatchNorm1d(256, eps=1e-05, momentum=0.1, affine=True, track_running_stats=True)
    (1): BatchNorm1d(256, eps=1e-05, momentum=0.1, affine=True, track_running_stats=True)
  )
  (lin_in): Linear(in_features=500, out_features=256, bias=True)
  (pred_local): Linear(in_features=256, out_features=3, bias=True)
)
train:torch.Size([15]), valid:torch.Size([500]), test:torch.Size([1000])
Computing oracle penalty matrix from true labels...
Oracle penalty matrix frozen.
Epoch: 00, Loss: 1.1551, Train: 33.33%, Valid: 40.40%, Test: 38.80%, Best Valid: 40.40%, Best Test: 38.80%
Epoch: 100, Loss: 0.0157, Train: 100.00%, Valid: 74.20%, Test: 75.70%, Best Valid: 77.60%, Best Test: 79.60%
Epoch: 200, Loss: 0.0152, Train: 100.00%, Valid: 76.60%, Test: 78.00%, Best Valid: 78.20%, Best Test: 78.80%
Epoch: 300, Loss: 0.0296, Train: 100.00%, Valid: 67.60%, Test: 67.00%, Best Valid: 78.20%, Best Test: 78.80%
Epoch: 400, Loss: 0.0063, Train: 100.00%, Valid: 74.40%, Test: 74.60%, Best Valid: 78.20%, Best Test: 78.80%
Run 01:
Highest Train: 100.00
Highest Valid: 78.20
Highest Test: 79.60
Chosen epoch: 199
Final Train: 100.00
Final Test: 78.80
train:torch.Size([15]), valid:torch.Size([500]), test:torch.Size([1000])
Computing oracle penalty matrix from true labels...
Oracle penalty matrix frozen.
Epoch: 00, Loss: 1.1528, Train: 33.33%, Valid: 36.60%, Test: 39.90%, Best Valid: 36.60%, Best Test: 39.90%
Epoch: 100, Loss: 0.0096, Train: 100.00%, Valid: 60.20%, Test: 57.80%, Best Valid: 66.40%, Best Test: 62.70%
Epoch: 200, Loss: 0.0045, Train: 100.00%, Valid: 53.60%, Test: 54.70%, Best Valid: 66.40%, Best Test: 62.70%
Epoch: 300, Loss: 0.0062, Train: 100.00%, Valid: 54.00%, Test: 54.10%, Best Valid: 66.40%, Best Test: 62.70%
Epoch: 400, Loss: 0.0048, Train: 100.00%, Valid: 53.80%, Test: 53.20%, Best Valid: 67.00%, Best Test: 61.90%
Run 02:
Highest Train: 100.00
Highest Valid: 67.00
Highest Test: 64.30
Chosen epoch: 373
Final Train: 100.00
Final Test: 61.90
train:torch.Size([15]), valid:torch.Size([500]), test:torch.Size([1000])
Computing oracle penalty matrix from true labels...
Oracle penalty matrix frozen.
Epoch: 00, Loss: 1.1567, Train: 33.33%, Valid: 39.20%, Test: 41.80%, Best Valid: 39.20%, Best Test: 41.80%
Epoch: 100, Loss: 0.0085, Train: 100.00%, Valid: 66.00%, Test: 61.70%, Best Valid: 69.60%, Best Test: 66.80%
Epoch: 200, Loss: 0.0151, Train: 100.00%, Valid: 68.60%, Test: 66.50%, Best Valid: 70.00%, Best Test: 66.60%
Epoch: 300, Loss: 0.0031, Train: 100.00%, Valid: 65.20%, Test: 64.70%, Best Valid: 70.00%, Best Test: 66.60%
Epoch: 400, Loss: 0.0021, Train: 100.00%, Valid: 64.20%, Test: 63.40%, Best Valid: 70.00%, Best Test: 66.60%
Run 03:
Highest Train: 100.00
Highest Valid: 70.00
Highest Test: 67.60
Chosen epoch: 109
Final Train: 100.00
Final Test: 66.60
train:torch.Size([15]), valid:torch.Size([500]), test:torch.Size([1000])
Computing oracle penalty matrix from true labels...
Oracle penalty matrix frozen.
Epoch: 00, Loss: 1.1531, Train: 33.33%, Valid: 23.00%, Test: 19.40%, Best Valid: 23.00%, Best Test: 19.40%
Epoch: 100, Loss: 0.0271, Train: 100.00%, Valid: 64.00%, Test: 62.70%, Best Valid: 72.80%, Best Test: 66.00%
Epoch: 200, Loss: 0.0116, Train: 100.00%, Valid: 71.40%, Test: 65.70%, Best Valid: 73.00%, Best Test: 67.50%
Epoch: 300, Loss: 0.0088, Train: 100.00%, Valid: 69.40%, Test: 64.20%, Best Valid: 73.40%, Best Test: 68.50%
Epoch: 400, Loss: 0.0045, Train: 100.00%, Valid: 70.60%, Test: 63.90%, Best Valid: 73.80%, Best Test: 67.40%
Run 04:
Highest Train: 100.00
Highest Valid: 73.80
Highest Test: 71.50
Chosen epoch: 384
Final Train: 100.00
Final Test: 67.40
train:torch.Size([15]), valid:torch.Size([500]), test:torch.Size([1000])
Computing oracle penalty matrix from true labels...
Oracle penalty matrix frozen.
Epoch: 00, Loss: 1.1543, Train: 33.33%, Valid: 37.80%, Test: 39.50%, Best Valid: 37.80%, Best Test: 39.50%
Epoch: 100, Loss: 0.0043, Train: 100.00%, Valid: 71.80%, Test: 71.80%, Best Valid: 74.60%, Best Test: 71.90%
Epoch: 200, Loss: 0.0071, Train: 100.00%, Valid: 73.40%, Test: 72.30%, Best Valid: 74.60%, Best Test: 71.90%
Epoch: 300, Loss: 0.0415, Train: 100.00%, Valid: 67.40%, Test: 65.70%, Best Valid: 74.60%, Best Test: 71.90%
Epoch: 400, Loss: 0.0017, Train: 100.00%, Valid: 71.60%, Test: 69.70%, Best Valid: 74.60%, Best Test: 71.90%
Run 05:
Highest Train: 100.00
Highest Valid: 74.60
Highest Test: 73.70
Chosen epoch: 51
Final Train: 100.00
Final Test: 71.90
train:torch.Size([15]), valid:torch.Size([500]), test:torch.Size([1000])
Computing oracle penalty matrix from true labels...
Oracle penalty matrix frozen.
Epoch: 00, Loss: 1.1539, Train: 33.33%, Valid: 21.20%, Test: 21.10%, Best Valid: 21.20%, Best Test: 21.10%
Epoch: 100, Loss: 0.0039, Train: 100.00%, Valid: 72.20%, Test: 73.40%, Best Valid: 73.40%, Best Test: 76.30%
Epoch: 200, Loss: 0.0056, Train: 100.00%, Valid: 72.20%, Test: 75.20%, Best Valid: 73.80%, Best Test: 75.10%
Epoch: 300, Loss: 0.0041, Train: 100.00%, Valid: 73.20%, Test: 75.50%, Best Valid: 74.80%, Best Test: 75.60%
Epoch: 400, Loss: 0.0043, Train: 100.00%, Valid: 71.60%, Test: 74.10%, Best Valid: 74.80%, Best Test: 75.60%
Run 06:
Highest Train: 100.00
Highest Valid: 74.80
Highest Test: 76.70
Chosen epoch: 297
Final Train: 100.00
Final Test: 75.60
train:torch.Size([15]), valid:torch.Size([500]), test:torch.Size([1000])
Computing oracle penalty matrix from true labels...
Oracle penalty matrix frozen.
Epoch: 00, Loss: 1.1553, Train: 40.00%, Valid: 40.20%, Test: 42.70%, Best Valid: 40.20%, Best Test: 42.70%
Epoch: 100, Loss: 0.0071, Train: 100.00%, Valid: 74.40%, Test: 75.70%, Best Valid: 75.20%, Best Test: 76.50%
Epoch: 200, Loss: 0.0210, Train: 100.00%, Valid: 72.80%, Test: 74.70%, Best Valid: 76.20%, Best Test: 76.40%
Epoch: 300, Loss: 0.0022, Train: 100.00%, Valid: 72.60%, Test: 72.70%, Best Valid: 76.20%, Best Test: 76.40%
Epoch: 400, Loss: 0.0233, Train: 100.00%, Valid: 73.40%, Test: 75.30%, Best Valid: 76.20%, Best Test: 76.40%
Run 07:
Highest Train: 100.00
Highest Valid: 76.20
Highest Test: 77.30
Chosen epoch: 118
Final Train: 100.00
Final Test: 76.40
train:torch.Size([15]), valid:torch.Size([500]), test:torch.Size([1000])
Computing oracle penalty matrix from true labels...
Oracle penalty matrix frozen.
Epoch: 00, Loss: 1.1574, Train: 33.33%, Valid: 42.80%, Test: 40.40%, Best Valid: 42.80%, Best Test: 40.40%
Epoch: 100, Loss: 0.0139, Train: 100.00%, Valid: 67.00%, Test: 68.40%, Best Valid: 73.20%, Best Test: 71.10%
Epoch: 200, Loss: 0.0080, Train: 100.00%, Valid: 69.20%, Test: 68.70%, Best Valid: 73.60%, Best Test: 72.60%
Epoch: 300, Loss: 0.0051, Train: 100.00%, Valid: 71.60%, Test: 70.90%, Best Valid: 73.60%, Best Test: 72.60%
Epoch: 400, Loss: 0.0014, Train: 100.00%, Valid: 66.00%, Test: 67.70%, Best Valid: 73.60%, Best Test: 72.60%
Run 08:
Highest Train: 100.00
Highest Valid: 73.60
Highest Test: 73.80
Chosen epoch: 129
Final Train: 100.00
Final Test: 72.60
train:torch.Size([15]), valid:torch.Size([500]), test:torch.Size([1000])
Computing oracle penalty matrix from true labels...
Oracle penalty matrix frozen.
Epoch: 00, Loss: 1.1540, Train: 33.33%, Valid: 38.80%, Test: 37.80%, Best Valid: 38.80%, Best Test: 37.80%
Epoch: 100, Loss: 0.0027, Train: 100.00%, Valid: 65.80%, Test: 68.90%, Best Valid: 70.00%, Best Test: 74.90%
Epoch: 200, Loss: 0.0032, Train: 100.00%, Valid: 66.00%, Test: 68.50%, Best Valid: 70.00%, Best Test: 74.90%
Epoch: 300, Loss: 0.0066, Train: 100.00%, Valid: 63.20%, Test: 66.40%, Best Valid: 70.00%, Best Test: 74.90%
Epoch: 400, Loss: 0.0030, Train: 100.00%, Valid: 66.80%, Test: 71.70%, Best Valid: 70.00%, Best Test: 74.90%
Run 09:
Highest Train: 100.00
Highest Valid: 70.00
Highest Test: 75.10
Chosen epoch: 23
Final Train: 100.00
Final Test: 74.90
train:torch.Size([15]), valid:torch.Size([500]), test:torch.Size([1000])
Computing oracle penalty matrix from true labels...
Oracle penalty matrix frozen.
Epoch: 00, Loss: 1.1540, Train: 33.33%, Valid: 41.40%, Test: 39.30%, Best Valid: 41.40%, Best Test: 39.30%
Epoch: 100, Loss: 0.0129, Train: 100.00%, Valid: 68.60%, Test: 64.60%, Best Valid: 73.60%, Best Test: 70.10%
Epoch: 200, Loss: 0.0067, Train: 100.00%, Valid: 64.20%, Test: 61.30%, Best Valid: 76.40%, Best Test: 71.30%
Epoch: 300, Loss: 0.0074, Train: 100.00%, Valid: 64.80%, Test: 62.90%, Best Valid: 76.40%, Best Test: 71.30%
Epoch: 400, Loss: 0.0066, Train: 100.00%, Valid: 70.20%, Test: 64.40%, Best Valid: 76.40%, Best Test: 71.30%
Run 10:
Highest Train: 100.00
Highest Valid: 76.40
Highest Test: 71.90
Chosen epoch: 183
Final Train: 100.00
Final Test: 71.30
All runs:
Highest Train: 100.00 ± 0.00
Highest Test: 73.15 ± 4.59
Highest Valid: 73.46 ± 3.46
  Final Train: 100.00 ± 0.00
   Final Test: 71.74 ± 5.16
Saving results to results/lowlabel/pubmed/MPNN_gcn.csv
--- oracle_reg | lambda=0.1 ---
Namespace(bn=False, budget_tag='5', count_reg=False, count_smoothing=1.0, cpu=False, data_dir='./data/', dataset='pubmed', device=0, display_step=100, dropout=0.7, epochs=500, gnn='gcn', hidden_channels=256, jk=False, label_num_per_class=5, lambda_val=0.1, ln=False, local_layers=2, lr=0.005, metric='acc', mlp_epochs=500, mlp_reg=False, model='MPNN', model_dir='models', num_heads=1, oracle_reg=True, paired_seeds=True, penalty_transform='none', pre_linear=False, pre_ln=False, rand_split=False, rand_split_class=True, reg_start_epoch=10, reg_update_freq=5, res=False, resample_split_per_run=True, result_dir='results/lowlabel', runs=10, save_model=False, seed=123, test_num=1000, train_per_class=0, train_prop=0.5, use_reg=True, valid_num=500, valid_per_class=0, valid_prop=0.25, weight_decay=0.0005)
pubmed
Num nodes: 19717
train:torch.Size([15]), valid:torch.Size([500]), test:torch.Size([1000])
dataset pubmed | num nodes 19717 | num edge 88648 | num node feats 500 | num classes 3
MODEL: MPNNs(
  (h_lins): ModuleList()
  (local_convs): ModuleList(
    (0): GCNConv(500, 256)
    (1): GCNConv(256, 256)
  )
  (lins): ModuleList(
    (0): Linear(in_features=500, out_features=256, bias=True)
    (1): Linear(in_features=256, out_features=256, bias=True)
  )
  (lns): ModuleList(
    (0): LayerNorm((256,), eps=1e-05, elementwise_affine=True)
    (1): LayerNorm((256,), eps=1e-05, elementwise_affine=True)
  )
  (bns): ModuleList(
    (0): BatchNorm1d(256, eps=1e-05, momentum=0.1, affine=True, track_running_stats=True)
    (1): BatchNorm1d(256, eps=1e-05, momentum=0.1, affine=True, track_running_stats=True)
  )
  (lin_in): Linear(in_features=500, out_features=256, bias=True)
  (pred_local): Linear(in_features=256, out_features=3, bias=True)
)
train:torch.Size([15]), valid:torch.Size([500]), test:torch.Size([1000])
Computing oracle penalty matrix from true labels...
Oracle penalty matrix frozen.
Epoch: 00, Loss: 1.2101, Train: 33.33%, Valid: 40.40%, Test: 38.80%, Best Valid: 40.40%, Best Test: 38.80%
Epoch: 100, Loss: 0.0187, Train: 100.00%, Valid: 76.20%, Test: 76.10%, Best Valid: 78.40%, Best Test: 79.30%
Epoch: 200, Loss: 0.0126, Train: 100.00%, Valid: 78.00%, Test: 78.30%, Best Valid: 78.40%, Best Test: 79.30%
Epoch: 300, Loss: 0.0116, Train: 100.00%, Valid: 70.80%, Test: 70.20%, Best Valid: 78.40%, Best Test: 79.30%
Epoch: 400, Loss: 0.0121, Train: 100.00%, Valid: 75.40%, Test: 77.40%, Best Valid: 78.40%, Best Test: 79.30%
Run 01:
Highest Train: 100.00
Highest Valid: 78.40
Highest Test: 79.90
Chosen epoch: 30
Final Train: 100.00
Final Test: 79.30
train:torch.Size([15]), valid:torch.Size([500]), test:torch.Size([1000])
Computing oracle penalty matrix from true labels...
Oracle penalty matrix frozen.
Epoch: 00, Loss: 1.2077, Train: 33.33%, Valid: 36.60%, Test: 39.90%, Best Valid: 36.60%, Best Test: 39.90%
Epoch: 100, Loss: 0.0099, Train: 100.00%, Valid: 54.40%, Test: 55.20%, Best Valid: 63.80%, Best Test: 63.10%
Epoch: 200, Loss: 0.0048, Train: 100.00%, Valid: 55.60%, Test: 56.00%, Best Valid: 64.60%, Best Test: 59.60%
Epoch: 300, Loss: 0.0037, Train: 100.00%, Valid: 57.60%, Test: 57.00%, Best Valid: 64.60%, Best Test: 59.60%
Epoch: 400, Loss: 0.0065, Train: 100.00%, Valid: 53.80%, Test: 54.70%, Best Valid: 67.20%, Best Test: 62.00%
Run 02:
Highest Train: 100.00
Highest Valid: 67.20
Highest Test: 64.40
Chosen epoch: 376
Final Train: 100.00
Final Test: 62.00
train:torch.Size([15]), valid:torch.Size([500]), test:torch.Size([1000])
Computing oracle penalty matrix from true labels...
Oracle penalty matrix frozen.
Epoch: 00, Loss: 1.2118, Train: 33.33%, Valid: 39.20%, Test: 41.80%, Best Valid: 39.20%, Best Test: 41.80%
Epoch: 100, Loss: 0.0077, Train: 100.00%, Valid: 66.00%, Test: 62.40%, Best Valid: 69.00%, Best Test: 66.00%
Epoch: 200, Loss: 0.0099, Train: 100.00%, Valid: 67.40%, Test: 65.20%, Best Valid: 70.00%, Best Test: 66.40%
Epoch: 300, Loss: 0.0042, Train: 100.00%, Valid: 64.80%, Test: 65.60%, Best Valid: 70.00%, Best Test: 66.40%
Epoch: 400, Loss: 0.0028, Train: 100.00%, Valid: 61.20%, Test: 59.70%, Best Valid: 70.60%, Best Test: 69.00%
Run 03:
Highest Train: 100.00
Highest Valid: 70.60
Highest Test: 69.00
Chosen epoch: 368
Final Train: 100.00
Final Test: 69.00
train:torch.Size([15]), valid:torch.Size([500]), test:torch.Size([1000])
Computing oracle penalty matrix from true labels...
Oracle penalty matrix frozen.
Epoch: 00, Loss: 1.2080, Train: 33.33%, Valid: 23.00%, Test: 19.40%, Best Valid: 23.00%, Best Test: 19.40%
Epoch: 100, Loss: 0.0217, Train: 100.00%, Valid: 69.40%, Test: 65.80%, Best Valid: 73.60%, Best Test: 67.80%
Epoch: 200, Loss: 0.0190, Train: 100.00%, Valid: 69.00%, Test: 62.60%, Best Valid: 73.60%, Best Test: 67.80%
Epoch: 300, Loss: 0.0064, Train: 100.00%, Valid: 69.80%, Test: 65.30%, Best Valid: 73.60%, Best Test: 67.80%
Epoch: 400, Loss: 0.0051, Train: 100.00%, Valid: 71.40%, Test: 65.10%, Best Valid: 74.00%, Best Test: 66.80%
Run 04:
Highest Train: 100.00
Highest Valid: 74.00
Highest Test: 71.00
Chosen epoch: 330
Final Train: 100.00
Final Test: 66.80
train:torch.Size([15]), valid:torch.Size([500]), test:torch.Size([1000])
Computing oracle penalty matrix from true labels...
Oracle penalty matrix frozen.
Epoch: 00, Loss: 1.2093, Train: 33.33%, Valid: 37.80%, Test: 39.50%, Best Valid: 37.80%, Best Test: 39.50%
Epoch: 100, Loss: 0.0044, Train: 100.00%, Valid: 71.60%, Test: 71.90%, Best Valid: 74.20%, Best Test: 72.70%
Epoch: 200, Loss: 0.0080, Train: 100.00%, Valid: 71.40%, Test: 72.00%, Best Valid: 74.20%, Best Test: 72.70%
Epoch: 300, Loss: 0.0416, Train: 100.00%, Valid: 68.80%, Test: 68.10%, Best Valid: 74.20%, Best Test: 72.70%
Epoch: 400, Loss: 0.0025, Train: 100.00%, Valid: 66.00%, Test: 65.70%, Best Valid: 74.40%, Best Test: 73.50%
Run 05:
Highest Train: 100.00
Highest Valid: 74.40
Highest Test: 73.50
Chosen epoch: 368
Final Train: 100.00
Final Test: 73.50
train:torch.Size([15]), valid:torch.Size([500]), test:torch.Size([1000])
Computing oracle penalty matrix from true labels...
Oracle penalty matrix frozen.
Epoch: 00, Loss: 1.2088, Train: 33.33%, Valid: 21.20%, Test: 21.10%, Best Valid: 21.20%, Best Test: 21.10%
Epoch: 100, Loss: 0.0053, Train: 100.00%, Valid: 73.00%, Test: 73.60%, Best Valid: 73.20%, Best Test: 76.00%
Epoch: 200, Loss: 0.0058, Train: 100.00%, Valid: 73.80%, Test: 76.50%, Best Valid: 74.00%, Best Test: 76.20%
Epoch: 300, Loss: 0.0047, Train: 100.00%, Valid: 73.80%, Test: 75.80%, Best Valid: 74.40%, Best Test: 75.10%
Epoch: 400, Loss: 0.0066, Train: 100.00%, Valid: 72.40%, Test: 74.10%, Best Valid: 74.40%, Best Test: 75.10%
Run 06:
Highest Train: 100.00
Highest Valid: 74.40
Highest Test: 77.10
Chosen epoch: 296
Final Train: 100.00
Final Test: 75.10
train:torch.Size([15]), valid:torch.Size([500]), test:torch.Size([1000])
Computing oracle penalty matrix from true labels...
Oracle penalty matrix frozen.
Epoch: 00, Loss: 1.2103, Train: 33.33%, Valid: 39.40%, Test: 40.80%, Best Valid: 39.40%, Best Test: 40.80%
Epoch: 100, Loss: 0.0080, Train: 100.00%, Valid: 74.20%, Test: 75.40%, Best Valid: 75.20%, Best Test: 76.10%
Epoch: 200, Loss: 0.0225, Train: 100.00%, Valid: 74.20%, Test: 75.80%, Best Valid: 75.80%, Best Test: 77.00%
Epoch: 300, Loss: 0.0031, Train: 100.00%, Valid: 71.60%, Test: 72.50%, Best Valid: 76.20%, Best Test: 75.00%
Epoch: 400, Loss: 0.0338, Train: 100.00%, Valid: 72.40%, Test: 74.30%, Best Valid: 76.20%, Best Test: 75.00%
Run 07:
Highest Train: 100.00
Highest Valid: 76.60
Highest Test: 77.10
Chosen epoch: 450
Final Train: 100.00
Final Test: 76.10
train:torch.Size([15]), valid:torch.Size([500]), test:torch.Size([1000])
Computing oracle penalty matrix from true labels...
Oracle penalty matrix frozen.
Epoch: 00, Loss: 1.2125, Train: 33.33%, Valid: 42.80%, Test: 40.40%, Best Valid: 42.80%, Best Test: 40.40%
Epoch: 100, Loss: 0.0203, Train: 100.00%, Valid: 67.00%, Test: 68.00%, Best Valid: 73.00%, Best Test: 71.70%
Epoch: 200, Loss: 0.0064, Train: 100.00%, Valid: 68.20%, Test: 68.60%, Best Valid: 74.60%, Best Test: 74.00%
Epoch: 300, Loss: 0.0055, Train: 100.00%, Valid: 70.60%, Test: 70.30%, Best Valid: 74.60%, Best Test: 74.00%
Epoch: 400, Loss: 0.0348, Train: 100.00%, Valid: 69.20%, Test: 69.30%, Best Valid: 74.60%, Best Test: 74.00%
Run 08:
Highest Train: 100.00
Highest Valid: 74.60
Highest Test: 74.30
Chosen epoch: 132
Final Train: 100.00
Final Test: 74.00
train:torch.Size([15]), valid:torch.Size([500]), test:torch.Size([1000])
Computing oracle penalty matrix from true labels...
Oracle penalty matrix frozen.
Epoch: 00, Loss: 1.2089, Train: 33.33%, Valid: 38.80%, Test: 37.80%, Best Valid: 38.80%, Best Test: 37.80%
Epoch: 100, Loss: 0.0024, Train: 100.00%, Valid: 67.60%, Test: 70.40%, Best Valid: 70.00%, Best Test: 74.80%
Epoch: 200, Loss: 0.0057, Train: 100.00%, Valid: 67.20%, Test: 70.10%, Best Valid: 70.00%, Best Test: 74.80%
Epoch: 300, Loss: 0.0060, Train: 100.00%, Valid: 65.80%, Test: 67.50%, Best Valid: 70.00%, Best Test: 74.80%
Epoch: 400, Loss: 0.0042, Train: 100.00%, Valid: 68.00%, Test: 72.50%, Best Valid: 70.00%, Best Test: 74.80%
Run 09:
Highest Train: 100.00
Highest Valid: 70.00
Highest Test: 75.30
Chosen epoch: 23
Final Train: 100.00
Final Test: 74.80
train:torch.Size([15]), valid:torch.Size([500]), test:torch.Size([1000])
Computing oracle penalty matrix from true labels...
Oracle penalty matrix frozen.
Epoch: 00, Loss: 1.2089, Train: 33.33%, Valid: 41.40%, Test: 39.30%, Best Valid: 41.40%, Best Test: 39.30%
Epoch: 100, Loss: 0.0096, Train: 100.00%, Valid: 69.00%, Test: 64.80%, Best Valid: 73.80%, Best Test: 70.40%
Epoch: 200, Loss: 0.0124, Train: 100.00%, Valid: 67.80%, Test: 63.70%, Best Valid: 74.80%, Best Test: 71.00%
Epoch: 300, Loss: 0.0054, Train: 100.00%, Valid: 66.20%, Test: 62.80%, Best Valid: 74.80%, Best Test: 71.00%
Epoch: 400, Loss: 0.0048, Train: 100.00%, Valid: 69.60%, Test: 64.30%, Best Valid: 74.80%, Best Test: 71.00%
Run 10:
Highest Train: 100.00
Highest Valid: 74.80
Highest Test: 71.20
Chosen epoch: 188
Final Train: 100.00
Final Test: 71.00
All runs:
Highest Train: 100.00 ± 0.00
Highest Test: 73.28 ± 4.53
Highest Valid: 73.50 ± 3.31
  Final Train: 100.00 ± 0.00
   Final Test: 72.16 ± 5.06
Saving results to results/lowlabel/pubmed/MPNN_gcn.csv
--- oracle_reg | lambda=0.2 ---
Namespace(bn=False, budget_tag='5', count_reg=False, count_smoothing=1.0, cpu=False, data_dir='./data/', dataset='pubmed', device=0, display_step=100, dropout=0.7, epochs=500, gnn='gcn', hidden_channels=256, jk=False, label_num_per_class=5, lambda_val=0.2, ln=False, local_layers=2, lr=0.005, metric='acc', mlp_epochs=500, mlp_reg=False, model='MPNN', model_dir='models', num_heads=1, oracle_reg=True, paired_seeds=True, penalty_transform='none', pre_linear=False, pre_ln=False, rand_split=False, rand_split_class=True, reg_start_epoch=10, reg_update_freq=5, res=False, resample_split_per_run=True, result_dir='results/lowlabel', runs=10, save_model=False, seed=123, test_num=1000, train_per_class=0, train_prop=0.5, use_reg=True, valid_num=500, valid_per_class=0, valid_prop=0.25, weight_decay=0.0005)
pubmed
Num nodes: 19717
train:torch.Size([15]), valid:torch.Size([500]), test:torch.Size([1000])
dataset pubmed | num nodes 19717 | num edge 88648 | num node feats 500 | num classes 3
MODEL: MPNNs(
  (h_lins): ModuleList()
  (local_convs): ModuleList(
    (0): GCNConv(500, 256)
    (1): GCNConv(256, 256)
  )
  (lins): ModuleList(
    (0): Linear(in_features=500, out_features=256, bias=True)
    (1): Linear(in_features=256, out_features=256, bias=True)
  )
  (lns): ModuleList(
    (0): LayerNorm((256,), eps=1e-05, elementwise_affine=True)
    (1): LayerNorm((256,), eps=1e-05, elementwise_affine=True)
  )
  (bns): ModuleList(
    (0): BatchNorm1d(256, eps=1e-05, momentum=0.1, affine=True, track_running_stats=True)
    (1): BatchNorm1d(256, eps=1e-05, momentum=0.1, affine=True, track_running_stats=True)
  )
  (lin_in): Linear(in_features=500, out_features=256, bias=True)
  (pred_local): Linear(in_features=256, out_features=3, bias=True)
)
train:torch.Size([15]), valid:torch.Size([500]), test:torch.Size([1000])
Computing oracle penalty matrix from true labels...
Oracle penalty matrix frozen.
Epoch: 00, Loss: 1.3201, Train: 33.33%, Valid: 40.40%, Test: 38.80%, Best Valid: 40.40%, Best Test: 38.80%
Epoch: 100, Loss: 0.0243, Train: 100.00%, Valid: 76.60%, Test: 77.50%, Best Valid: 78.60%, Best Test: 78.70%
Epoch: 200, Loss: 0.0223, Train: 100.00%, Valid: 77.40%, Test: 79.10%, Best Valid: 78.80%, Best Test: 78.40%
Epoch: 300, Loss: 0.0292, Train: 100.00%, Valid: 70.20%, Test: 71.20%, Best Valid: 78.80%, Best Test: 78.40%
Epoch: 400, Loss: 0.0126, Train: 100.00%, Valid: 61.20%, Test: 62.90%, Best Valid: 78.80%, Best Test: 78.40%
Run 01:
Highest Train: 100.00
Highest Valid: 78.80
Highest Test: 79.20
Chosen epoch: 199
Final Train: 100.00
Final Test: 78.40
train:torch.Size([15]), valid:torch.Size([500]), test:torch.Size([1000])
Computing oracle penalty matrix from true labels...
Oracle penalty matrix frozen.
Epoch: 00, Loss: 1.3175, Train: 33.33%, Valid: 36.60%, Test: 39.90%, Best Valid: 36.60%, Best Test: 39.90%
Epoch: 100, Loss: 0.0107, Train: 100.00%, Valid: 49.40%, Test: 51.70%, Best Valid: 62.60%, Best Test: 60.60%
Epoch: 200, Loss: 0.0036, Train: 100.00%, Valid: 55.00%, Test: 55.10%, Best Valid: 63.40%, Best Test: 58.50%
Epoch: 300, Loss: 0.0038, Train: 100.00%, Valid: 55.20%, Test: 56.00%, Best Valid: 63.40%, Best Test: 58.50%
Epoch: 400, Loss: 0.0039, Train: 100.00%, Valid: 48.00%, Test: 50.60%, Best Valid: 64.40%, Best Test: 60.60%
Run 02:
Highest Train: 100.00
Highest Valid: 64.40
Highest Test: 62.10
Chosen epoch: 372
Final Train: 100.00
Final Test: 60.60
train:torch.Size([15]), valid:torch.Size([500]), test:torch.Size([1000])
Computing oracle penalty matrix from true labels...
Oracle penalty matrix frozen.
Epoch: 00, Loss: 1.3220, Train: 33.33%, Valid: 39.20%, Test: 41.80%, Best Valid: 39.20%, Best Test: 41.80%
Epoch: 100, Loss: 0.0099, Train: 100.00%, Valid: 65.60%, Test: 64.20%, Best Valid: 69.00%, Best Test: 66.50%
Epoch: 200, Loss: 0.0122, Train: 100.00%, Valid: 67.80%, Test: 66.50%, Best Valid: 69.80%, Best Test: 66.50%
Epoch: 300, Loss: 0.0088, Train: 100.00%, Valid: 67.60%, Test: 63.90%, Best Valid: 69.80%, Best Test: 66.50%
Epoch: 400, Loss: 0.0027, Train: 100.00%, Valid: 66.60%, Test: 65.10%, Best Valid: 69.80%, Best Test: 66.50%
Run 03:
Highest Train: 100.00
Highest Valid: 69.80
Highest Test: 68.10
Chosen epoch: 107
Final Train: 100.00
Final Test: 66.50
train:torch.Size([15]), valid:torch.Size([500]), test:torch.Size([1000])
Computing oracle penalty matrix from true labels...
Oracle penalty matrix frozen.
Epoch: 00, Loss: 1.3178, Train: 33.33%, Valid: 23.00%, Test: 19.50%, Best Valid: 23.00%, Best Test: 19.50%
Epoch: 100, Loss: 0.0240, Train: 100.00%, Valid: 66.60%, Test: 64.20%, Best Valid: 73.40%, Best Test: 68.80%
Epoch: 200, Loss: 0.0194, Train: 100.00%, Valid: 71.40%, Test: 65.70%, Best Valid: 74.20%, Best Test: 68.10%
Epoch: 300, Loss: 0.0095, Train: 100.00%, Valid: 70.00%, Test: 65.10%, Best Valid: 74.20%, Best Test: 68.10%
Epoch: 400, Loss: 0.0053, Train: 100.00%, Valid: 70.80%, Test: 63.20%, Best Valid: 75.00%, Best Test: 71.60%
Run 04:
Highest Train: 100.00
Highest Valid: 75.60
Highest Test: 71.60
Chosen epoch: 453
Final Train: 100.00
Final Test: 69.80
train:torch.Size([15]), valid:torch.Size([500]), test:torch.Size([1000])
Computing oracle penalty matrix from true labels...
Oracle penalty matrix frozen.
Epoch: 00, Loss: 1.3192, Train: 33.33%, Valid: 37.80%, Test: 39.50%, Best Valid: 37.80%, Best Test: 39.50%
Epoch: 100, Loss: 0.0036, Train: 100.00%, Valid: 71.60%, Test: 72.20%, Best Valid: 74.60%, Best Test: 72.00%
Epoch: 200, Loss: 0.0083, Train: 100.00%, Valid: 73.20%, Test: 72.60%, Best Valid: 74.60%, Best Test: 72.00%
Epoch: 300, Loss: 0.0218, Train: 100.00%, Valid: 70.40%, Test: 70.10%, Best Valid: 74.60%, Best Test: 72.00%
Epoch: 400, Loss: 0.0012, Train: 100.00%, Valid: 72.40%, Test: 71.90%, Best Valid: 74.60%, Best Test: 72.00%
Run 05:
Highest Train: 100.00
Highest Valid: 74.60
Highest Test: 73.20
Chosen epoch: 51
Final Train: 100.00
Final Test: 72.00
train:torch.Size([15]), valid:torch.Size([500]), test:torch.Size([1000])
Computing oracle penalty matrix from true labels...
Oracle penalty matrix frozen.
Epoch: 00, Loss: 1.3187, Train: 33.33%, Valid: 21.20%, Test: 21.10%, Best Valid: 21.20%, Best Test: 21.10%
Epoch: 100, Loss: 0.0046, Train: 100.00%, Valid: 72.20%, Test: 74.20%, Best Valid: 73.80%, Best Test: 76.10%
Epoch: 200, Loss: 0.0067, Train: 100.00%, Valid: 73.20%, Test: 75.70%, Best Valid: 74.80%, Best Test: 76.10%
Epoch: 300, Loss: 0.0048, Train: 100.00%, Valid: 74.40%, Test: 75.70%, Best Valid: 75.60%, Best Test: 75.70%
Epoch: 400, Loss: 0.0094, Train: 100.00%, Valid: 72.60%, Test: 74.30%, Best Valid: 75.60%, Best Test: 75.70%
Run 06:
Highest Train: 100.00
Highest Valid: 75.60
Highest Test: 76.80
Chosen epoch: 298
Final Train: 100.00
Final Test: 75.70
train:torch.Size([15]), valid:torch.Size([500]), test:torch.Size([1000])
Computing oracle penalty matrix from true labels...
Oracle penalty matrix frozen.
Epoch: 00, Loss: 1.3203, Train: 33.33%, Valid: 39.40%, Test: 40.80%, Best Valid: 39.40%, Best Test: 40.80%
Epoch: 100, Loss: 0.0070, Train: 100.00%, Valid: 75.00%, Test: 75.40%, Best Valid: 75.20%, Best Test: 76.30%
Epoch: 200, Loss: 0.0236, Train: 100.00%, Valid: 75.20%, Test: 76.20%, Best Valid: 76.40%, Best Test: 76.00%
Epoch: 300, Loss: 0.0022, Train: 100.00%, Valid: 70.60%, Test: 71.10%, Best Valid: 76.60%, Best Test: 75.50%
Epoch: 400, Loss: 0.0289, Train: 100.00%, Valid: 75.00%, Test: 74.80%, Best Valid: 76.60%, Best Test: 75.50%
Run 07:
Highest Train: 100.00
Highest Valid: 76.60
Highest Test: 77.10
Chosen epoch: 245
Final Train: 100.00
Final Test: 75.50
train:torch.Size([15]), valid:torch.Size([500]), test:torch.Size([1000])
Computing oracle penalty matrix from true labels...
Oracle penalty matrix frozen.
Epoch: 00, Loss: 1.3227, Train: 33.33%, Valid: 42.80%, Test: 40.40%, Best Valid: 42.80%, Best Test: 40.40%
Epoch: 100, Loss: 0.0174, Train: 100.00%, Valid: 68.80%, Test: 68.60%, Best Valid: 72.00%, Best Test: 71.20%
Epoch: 200, Loss: 0.0048, Train: 100.00%, Valid: 70.00%, Test: 69.30%, Best Valid: 74.00%, Best Test: 73.60%
Epoch: 300, Loss: 0.0096, Train: 100.00%, Valid: 71.60%, Test: 70.20%, Best Valid: 74.00%, Best Test: 73.60%
Epoch: 400, Loss: 0.0152, Train: 100.00%, Valid: 67.60%, Test: 67.60%, Best Valid: 74.00%, Best Test: 73.60%
Run 08:
Highest Train: 100.00
Highest Valid: 74.00
Highest Test: 74.50
Chosen epoch: 127
Final Train: 100.00
Final Test: 73.60
train:torch.Size([15]), valid:torch.Size([500]), test:torch.Size([1000])
Computing oracle penalty matrix from true labels...
Oracle penalty matrix frozen.
Epoch: 00, Loss: 1.3188, Train: 33.33%, Valid: 38.80%, Test: 37.80%, Best Valid: 38.80%, Best Test: 37.80%
Epoch: 100, Loss: 0.0028, Train: 100.00%, Valid: 68.00%, Test: 71.80%, Best Valid: 69.80%, Best Test: 74.80%
Epoch: 200, Loss: 0.0070, Train: 100.00%, Valid: 67.40%, Test: 70.30%, Best Valid: 69.80%, Best Test: 74.80%
Epoch: 300, Loss: 0.0060, Train: 100.00%, Valid: 66.20%, Test: 67.60%, Best Valid: 70.20%, Best Test: 72.80%
Epoch: 400, Loss: 0.0060, Train: 100.00%, Valid: 68.80%, Test: 71.10%, Best Valid: 70.80%, Best Test: 72.20%
Run 09:
Highest Train: 100.00
Highest Valid: 70.80
Highest Test: 75.10
Chosen epoch: 343
Final Train: 100.00
Final Test: 72.20
train:torch.Size([15]), valid:torch.Size([500]), test:torch.Size([1000])
Computing oracle penalty matrix from true labels...
Oracle penalty matrix frozen.
Epoch: 00, Loss: 1.3188, Train: 33.33%, Valid: 41.40%, Test: 39.30%, Best Valid: 41.40%, Best Test: 39.30%
Epoch: 100, Loss: 0.0123, Train: 100.00%, Valid: 69.00%, Test: 65.30%, Best Valid: 74.40%, Best Test: 70.50%
Epoch: 200, Loss: 0.0108, Train: 100.00%, Valid: 70.40%, Test: 64.50%, Best Valid: 74.40%, Best Test: 70.50%
Epoch: 300, Loss: 0.0044, Train: 100.00%, Valid: 67.00%, Test: 62.90%, Best Valid: 74.40%, Best Test: 70.50%
Epoch: 400, Loss: 0.0029, Train: 100.00%, Valid: 72.20%, Test: 66.00%, Best Valid: 74.40%, Best Test: 70.50%
Run 10:
Highest Train: 100.00
Highest Valid: 74.40
Highest Test: 71.40
Chosen epoch: 79
Final Train: 100.00
Final Test: 70.50
All runs:
Highest Train: 100.00 ± 0.00
Highest Test: 72.91 ± 4.98
Highest Valid: 73.46 ± 4.12
  Final Train: 100.00 ± 0.00
   Final Test: 71.48 ± 5.10
Saving results to results/lowlabel/pubmed/MPNN_gcn.csv
--- oracle_reg | lambda=0.4 ---
Namespace(bn=False, budget_tag='5', count_reg=False, count_smoothing=1.0, cpu=False, data_dir='./data/', dataset='pubmed', device=0, display_step=100, dropout=0.7, epochs=500, gnn='gcn', hidden_channels=256, jk=False, label_num_per_class=5, lambda_val=0.4, ln=False, local_layers=2, lr=0.005, metric='acc', mlp_epochs=500, mlp_reg=False, model='MPNN', model_dir='models', num_heads=1, oracle_reg=True, paired_seeds=True, penalty_transform='none', pre_linear=False, pre_ln=False, rand_split=False, rand_split_class=True, reg_start_epoch=10, reg_update_freq=5, res=False, resample_split_per_run=True, result_dir='results/lowlabel', runs=10, save_model=False, seed=123, test_num=1000, train_per_class=0, train_prop=0.5, use_reg=True, valid_num=500, valid_per_class=0, valid_prop=0.25, weight_decay=0.0005)
pubmed
Num nodes: 19717
train:torch.Size([15]), valid:torch.Size([500]), test:torch.Size([1000])
dataset pubmed | num nodes 19717 | num edge 88648 | num node feats 500 | num classes 3
MODEL: MPNNs(
  (h_lins): ModuleList()
  (local_convs): ModuleList(
    (0): GCNConv(500, 256)
    (1): GCNConv(256, 256)
  )
  (lins): ModuleList(
    (0): Linear(in_features=500, out_features=256, bias=True)
    (1): Linear(in_features=256, out_features=256, bias=True)
  )
  (lns): ModuleList(
    (0): LayerNorm((256,), eps=1e-05, elementwise_affine=True)
    (1): LayerNorm((256,), eps=1e-05, elementwise_affine=True)
  )
  (bns): ModuleList(
    (0): BatchNorm1d(256, eps=1e-05, momentum=0.1, affine=True, track_running_stats=True)
    (1): BatchNorm1d(256, eps=1e-05, momentum=0.1, affine=True, track_running_stats=True)
  )
  (lin_in): Linear(in_features=500, out_features=256, bias=True)
  (pred_local): Linear(in_features=256, out_features=3, bias=True)
)
train:torch.Size([15]), valid:torch.Size([500]), test:torch.Size([1000])
Computing oracle penalty matrix from true labels...
Oracle penalty matrix frozen.
Epoch: 00, Loss: 1.5401, Train: 33.33%, Valid: 40.40%, Test: 38.80%, Best Valid: 40.40%, Best Test: 38.80%
Epoch: 100, Loss: 0.0190, Train: 100.00%, Valid: 78.20%, Test: 78.20%, Best Valid: 78.40%, Best Test: 79.10%
Epoch: 200, Loss: 0.0165, Train: 100.00%, Valid: 77.60%, Test: 77.70%, Best Valid: 79.00%, Best Test: 78.90%
Epoch: 300, Loss: 0.0105, Train: 100.00%, Valid: 74.80%, Test: 74.00%, Best Valid: 79.00%, Best Test: 78.90%
Epoch: 400, Loss: 0.0079, Train: 100.00%, Valid: 77.00%, Test: 77.50%, Best Valid: 79.00%, Best Test: 78.90%
Run 01:
Highest Train: 100.00
Highest Valid: 79.00
Highest Test: 79.90
Chosen epoch: 140
Final Train: 100.00
Final Test: 78.90
train:torch.Size([15]), valid:torch.Size([500]), test:torch.Size([1000])
Computing oracle penalty matrix from true labels...
Oracle penalty matrix frozen.
Epoch: 00, Loss: 1.5370, Train: 33.33%, Valid: 36.60%, Test: 39.90%, Best Valid: 36.60%, Best Test: 39.90%
Epoch: 100, Loss: 0.0097, Train: 100.00%, Valid: 47.80%, Test: 49.20%, Best Valid: 52.20%, Best Test: 54.70%
Epoch: 200, Loss: 0.0056, Train: 100.00%, Valid: 50.40%, Test: 52.20%, Best Valid: 58.40%, Best Test: 56.40%
Epoch: 300, Loss: 0.0046, Train: 100.00%, Valid: 52.20%, Test: 51.00%, Best Valid: 58.40%, Best Test: 56.40%
Epoch: 400, Loss: 0.0080, Train: 100.00%, Valid: 48.20%, Test: 50.60%, Best Valid: 59.40%, Best Test: 57.90%
Run 02:
Highest Train: 100.00
Highest Valid: 64.80
Highest Test: 59.50
Chosen epoch: 467
Final Train: 100.00
Final Test: 59.40
train:torch.Size([15]), valid:torch.Size([500]), test:torch.Size([1000])
Computing oracle penalty matrix from true labels...
Oracle penalty matrix frozen.
Epoch: 00, Loss: 1.5423, Train: 33.33%, Valid: 39.20%, Test: 41.80%, Best Valid: 39.20%, Best Test: 41.80%
Epoch: 100, Loss: 0.0146, Train: 100.00%, Valid: 56.60%, Test: 57.50%, Best Valid: 68.40%, Best Test: 64.70%
Epoch: 200, Loss: 0.0154, Train: 100.00%, Valid: 64.60%, Test: 62.50%, Best Valid: 69.80%, Best Test: 67.00%
Epoch: 300, Loss: 0.0069, Train: 100.00%, Valid: 69.60%, Test: 65.70%, Best Valid: 70.00%, Best Test: 66.30%
Epoch: 400, Loss: 0.0036, Train: 100.00%, Valid: 67.40%, Test: 65.60%, Best Valid: 70.00%, Best Test: 66.30%
Run 03:
Highest Train: 100.00
Highest Valid: 70.00
Highest Test: 67.80
Chosen epoch: 259
Final Train: 100.00
Final Test: 66.30
train:torch.Size([15]), valid:torch.Size([500]), test:torch.Size([1000])
Computing oracle penalty matrix from true labels...
Oracle penalty matrix frozen.
Epoch: 00, Loss: 1.5374, Train: 33.33%, Valid: 23.00%, Test: 19.50%, Best Valid: 23.00%, Best Test: 19.50%
Epoch: 100, Loss: 0.0352, Train: 100.00%, Valid: 59.00%, Test: 61.10%, Best Valid: 74.60%, Best Test: 73.60%
Epoch: 200, Loss: 0.0204, Train: 100.00%, Valid: 73.80%, Test: 68.50%, Best Valid: 76.80%, Best Test: 72.90%
Epoch: 300, Loss: 0.0068, Train: 100.00%, Valid: 71.60%, Test: 66.10%, Best Valid: 77.40%, Best Test: 71.60%
Epoch: 400, Loss: 0.0134, Train: 100.00%, Valid: 72.00%, Test: 65.20%, Best Valid: 77.40%, Best Test: 71.60%
Run 04:
Highest Train: 100.00
Highest Valid: 77.40
Highest Test: 74.20
Chosen epoch: 232
Final Train: 100.00
Final Test: 71.60
train:torch.Size([15]), valid:torch.Size([500]), test:torch.Size([1000])
Computing oracle penalty matrix from true labels...
Oracle penalty matrix frozen.
Epoch: 00, Loss: 1.5390, Train: 33.33%, Valid: 37.80%, Test: 39.50%, Best Valid: 37.80%, Best Test: 39.50%
Epoch: 100, Loss: 0.0065, Train: 100.00%, Valid: 71.80%, Test: 71.90%, Best Valid: 74.80%, Best Test: 73.70%
Epoch: 200, Loss: 0.0143, Train: 100.00%, Valid: 71.00%, Test: 70.40%, Best Valid: 74.80%, Best Test: 73.70%
Epoch: 300, Loss: 0.0307, Train: 100.00%, Valid: 70.80%, Test: 70.00%, Best Valid: 74.80%, Best Test: 73.70%
Epoch: 400, Loss: 0.0033, Train: 100.00%, Valid: 72.20%, Test: 71.10%, Best Valid: 74.80%, Best Test: 73.70%
Run 05:
Highest Train: 100.00
Highest Valid: 74.80
Highest Test: 73.70
Chosen epoch: 45
Final Train: 100.00
Final Test: 73.70
train:torch.Size([15]), valid:torch.Size([500]), test:torch.Size([1000])
Computing oracle penalty matrix from true labels...
Oracle penalty matrix frozen.
Epoch: 00, Loss: 1.5385, Train: 33.33%, Valid: 21.20%, Test: 21.10%, Best Valid: 21.20%, Best Test: 21.10%
Epoch: 100, Loss: 0.0066, Train: 100.00%, Valid: 72.80%, Test: 74.10%, Best Valid: 74.40%, Best Test: 76.20%
Epoch: 200, Loss: 0.0063, Train: 100.00%, Valid: 73.40%, Test: 76.00%, Best Valid: 75.60%, Best Test: 76.80%
Epoch: 300, Loss: 0.0051, Train: 100.00%, Valid: 75.40%, Test: 76.20%, Best Valid: 76.40%, Best Test: 76.60%
Epoch: 400, Loss: 0.0091, Train: 100.00%, Valid: 74.80%, Test: 76.20%, Best Valid: 77.20%, Best Test: 76.30%
Run 06:
Highest Train: 100.00
Highest Valid: 77.20
Highest Test: 77.10
Chosen epoch: 340
Final Train: 100.00
Final Test: 76.30
train:torch.Size([15]), valid:torch.Size([500]), test:torch.Size([1000])
Computing oracle penalty matrix from true labels...
Oracle penalty matrix frozen.
Epoch: 00, Loss: 1.5404, Train: 33.33%, Valid: 39.20%, Test: 40.50%, Best Valid: 39.20%, Best Test: 40.50%
Epoch: 100, Loss: 0.0092, Train: 100.00%, Valid: 74.40%, Test: 76.40%, Best Valid: 75.40%, Best Test: 76.40%
Epoch: 200, Loss: 0.0277, Train: 100.00%, Valid: 74.40%, Test: 75.70%, Best Valid: 76.00%, Best Test: 75.50%
Epoch: 300, Loss: 0.0030, Train: 100.00%, Valid: 70.20%, Test: 71.20%, Best Valid: 76.00%, Best Test: 75.50%
Epoch: 400, Loss: 0.0209, Train: 100.00%, Valid: 70.40%, Test: 71.80%, Best Valid: 76.40%, Best Test: 76.30%
Run 07:
Highest Train: 100.00
Highest Valid: 76.40
Highest Test: 77.30
Chosen epoch: 345
Final Train: 100.00
Final Test: 76.30
train:torch.Size([15]), valid:torch.Size([500]), test:torch.Size([1000])
Computing oracle penalty matrix from true labels...
Oracle penalty matrix frozen.
Epoch: 00, Loss: 1.5432, Train: 33.33%, Valid: 42.80%, Test: 40.40%, Best Valid: 42.80%, Best Test: 40.40%
Epoch: 100, Loss: 0.0164, Train: 100.00%, Valid: 67.40%, Test: 68.10%, Best Valid: 71.60%, Best Test: 71.20%
Epoch: 200, Loss: 0.0038, Train: 100.00%, Valid: 67.40%, Test: 68.80%, Best Valid: 74.20%, Best Test: 74.60%
Epoch: 300, Loss: 0.0186, Train: 100.00%, Valid: 70.00%, Test: 70.20%, Best Valid: 74.20%, Best Test: 74.60%
Epoch: 400, Loss: 0.0137, Train: 100.00%, Valid: 71.40%, Test: 70.70%, Best Valid: 74.20%, Best Test: 74.60%
Run 08:
Highest Train: 100.00
Highest Valid: 74.20
Highest Test: 75.00
Chosen epoch: 129
Final Train: 100.00
Final Test: 74.60
train:torch.Size([15]), valid:torch.Size([500]), test:torch.Size([1000])
Computing oracle penalty matrix from true labels...
Oracle penalty matrix frozen.
Epoch: 00, Loss: 1.5386, Train: 33.33%, Valid: 38.80%, Test: 37.80%, Best Valid: 38.80%, Best Test: 37.80%
Epoch: 100, Loss: 0.0033, Train: 100.00%, Valid: 66.00%, Test: 71.70%, Best Valid: 69.80%, Best Test: 71.30%
Epoch: 200, Loss: 0.0066, Train: 100.00%, Valid: 64.40%, Test: 67.40%, Best Valid: 69.80%, Best Test: 71.30%
Epoch: 300, Loss: 0.0058, Train: 100.00%, Valid: 63.00%, Test: 66.30%, Best Valid: 70.80%, Best Test: 73.80%
Epoch: 400, Loss: 0.0042, Train: 100.00%, Valid: 67.40%, Test: 73.40%, Best Valid: 70.80%, Best Test: 73.80%
Run 09:
Highest Train: 100.00
Highest Valid: 71.20
Highest Test: 75.50
Chosen epoch: 410
Final Train: 100.00
Final Test: 71.90
train:torch.Size([15]), valid:torch.Size([500]), test:torch.Size([1000])
Computing oracle penalty matrix from true labels...
Oracle penalty matrix frozen.
Epoch: 00, Loss: 1.5386, Train: 33.33%, Valid: 41.40%, Test: 39.30%, Best Valid: 41.40%, Best Test: 39.30%
Epoch: 100, Loss: 0.0180, Train: 100.00%, Valid: 69.20%, Test: 67.40%, Best Valid: 74.60%, Best Test: 71.50%
Epoch: 200, Loss: 0.0123, Train: 100.00%, Valid: 67.20%, Test: 63.50%, Best Valid: 74.60%, Best Test: 71.50%
Epoch: 300, Loss: 0.0190, Train: 100.00%, Valid: 67.00%, Test: 63.60%, Best Valid: 74.60%, Best Test: 71.50%
Epoch: 400, Loss: 0.0336, Train: 100.00%, Valid: 67.00%, Test: 63.00%, Best Valid: 74.60%, Best Test: 71.50%
Run 10:
Highest Train: 100.00
Highest Valid: 74.60
Highest Test: 71.80
Chosen epoch: 79
Final Train: 100.00
Final Test: 71.50
All runs:
Highest Train: 100.00 ± 0.00
Highest Test: 73.18 ± 5.83
Highest Valid: 73.96 ± 4.24
  Final Train: 100.00 ± 0.00
   Final Test: 72.05 ± 5.64
Saving results to results/lowlabel/pubmed/MPNN_gcn.csv
--- oracle_reg | lambda=0.8 ---
Namespace(bn=False, budget_tag='5', count_reg=False, count_smoothing=1.0, cpu=False, data_dir='./data/', dataset='pubmed', device=0, display_step=100, dropout=0.7, epochs=500, gnn='gcn', hidden_channels=256, jk=False, label_num_per_class=5, lambda_val=0.8, ln=False, local_layers=2, lr=0.005, metric='acc', mlp_epochs=500, mlp_reg=False, model='MPNN', model_dir='models', num_heads=1, oracle_reg=True, paired_seeds=True, penalty_transform='none', pre_linear=False, pre_ln=False, rand_split=False, rand_split_class=True, reg_start_epoch=10, reg_update_freq=5, res=False, resample_split_per_run=True, result_dir='results/lowlabel', runs=10, save_model=False, seed=123, test_num=1000, train_per_class=0, train_prop=0.5, use_reg=True, valid_num=500, valid_per_class=0, valid_prop=0.25, weight_decay=0.0005)
pubmed
Num nodes: 19717
train:torch.Size([15]), valid:torch.Size([500]), test:torch.Size([1000])
dataset pubmed | num nodes 19717 | num edge 88648 | num node feats 500 | num classes 3
MODEL: MPNNs(
  (h_lins): ModuleList()
  (local_convs): ModuleList(
    (0): GCNConv(500, 256)
    (1): GCNConv(256, 256)
  )
  (lins): ModuleList(
    (0): Linear(in_features=500, out_features=256, bias=True)
    (1): Linear(in_features=256, out_features=256, bias=True)
  )
  (lns): ModuleList(
    (0): LayerNorm((256,), eps=1e-05, elementwise_affine=True)
    (1): LayerNorm((256,), eps=1e-05, elementwise_affine=True)
  )
  (bns): ModuleList(
    (0): BatchNorm1d(256, eps=1e-05, momentum=0.1, affine=True, track_running_stats=True)
    (1): BatchNorm1d(256, eps=1e-05, momentum=0.1, affine=True, track_running_stats=True)
  )
  (lin_in): Linear(in_features=500, out_features=256, bias=True)
  (pred_local): Linear(in_features=256, out_features=3, bias=True)
)
train:torch.Size([15]), valid:torch.Size([500]), test:torch.Size([1000])
Computing oracle penalty matrix from true labels...
Oracle penalty matrix frozen.
Epoch: 00, Loss: 1.9802, Train: 33.33%, Valid: 40.40%, Test: 38.80%, Best Valid: 40.40%, Best Test: 38.80%
Epoch: 100, Loss: 0.0130, Train: 100.00%, Valid: 48.60%, Test: 46.40%, Best Valid: 49.80%, Best Test: 46.90%
Epoch: 200, Loss: 0.0187, Train: 100.00%, Valid: 67.60%, Test: 67.80%, Best Valid: 69.20%, Best Test: 69.70%
Epoch: 300, Loss: 0.0177, Train: 100.00%, Valid: 75.80%, Test: 77.40%, Best Valid: 77.80%, Best Test: 77.50%
Epoch: 400, Loss: 0.0179, Train: 100.00%, Valid: 76.20%, Test: 76.40%, Best Valid: 78.60%, Best Test: 79.00%
Run 01:
Highest Train: 100.00
Highest Valid: 78.60
Highest Test: 79.80
Chosen epoch: 319
Final Train: 100.00
Final Test: 79.00
train:torch.Size([15]), valid:torch.Size([500]), test:torch.Size([1000])
Computing oracle penalty matrix from true labels...
Oracle penalty matrix frozen.
Epoch: 00, Loss: 1.9762, Train: 33.33%, Valid: 36.60%, Test: 39.90%, Best Valid: 36.60%, Best Test: 39.90%
Epoch: 100, Loss: 0.0162, Train: 100.00%, Valid: 40.20%, Test: 43.50%, Best Valid: 40.60%, Best Test: 42.80%
Epoch: 200, Loss: 0.0199, Train: 100.00%, Valid: 44.00%, Test: 47.10%, Best Valid: 45.60%, Best Test: 47.90%
Epoch: 300, Loss: 0.0185, Train: 100.00%, Valid: 45.00%, Test: 47.70%, Best Valid: 47.40%, Best Test: 49.80%
Epoch: 400, Loss: 0.0110, Train: 100.00%, Valid: 47.00%, Test: 48.50%, Best Valid: 48.80%, Best Test: 49.60%
Run 02:
Highest Train: 100.00
Highest Valid: 50.20
Highest Test: 51.20
Chosen epoch: 467
Final Train: 100.00
Final Test: 50.70
train:torch.Size([15]), valid:torch.Size([500]), test:torch.Size([1000])
Computing oracle penalty matrix from true labels...
Oracle penalty matrix frozen.
Epoch: 00, Loss: 1.9829, Train: 33.33%, Valid: 39.20%, Test: 41.80%, Best Valid: 39.20%, Best Test: 41.80%
Epoch: 100, Loss: 0.0258, Train: 100.00%, Valid: 39.80%, Test: 43.30%, Best Valid: 43.00%, Best Test: 44.50%
Epoch: 200, Loss: 0.0271, Train: 100.00%, Valid: 43.20%, Test: 45.60%, Best Valid: 43.20%, Best Test: 45.60%
Epoch: 300, Loss: 0.0129, Train: 100.00%, Valid: 40.20%, Test: 43.00%, Best Valid: 47.20%, Best Test: 48.00%
Epoch: 400, Loss: 0.0086, Train: 100.00%, Valid: 43.20%, Test: 44.70%, Best Valid: 47.20%, Best Test: 48.00%
Run 03:
Highest Train: 100.00
Highest Valid: 50.20
Highest Test: 48.80
Chosen epoch: 418
Final Train: 100.00
Final Test: 48.80
train:torch.Size([15]), valid:torch.Size([500]), test:torch.Size([1000])
Computing oracle penalty matrix from true labels...
Oracle penalty matrix frozen.
Epoch: 00, Loss: 1.9767, Train: 40.00%, Valid: 23.20%, Test: 19.90%, Best Valid: 23.20%, Best Test: 19.90%
Epoch: 100, Loss: 0.0208, Train: 100.00%, Valid: 38.00%, Test: 45.80%, Best Valid: 40.20%, Best Test: 46.60%
Epoch: 200, Loss: 0.0187, Train: 100.00%, Valid: 48.80%, Test: 52.20%, Best Valid: 48.80%, Best Test: 52.20%
Epoch: 300, Loss: 0.0131, Train: 100.00%, Valid: 55.60%, Test: 58.90%, Best Valid: 59.80%, Best Test: 61.00%
Epoch: 400, Loss: 0.0129, Train: 100.00%, Valid: 62.40%, Test: 62.80%, Best Valid: 63.20%, Best Test: 64.70%
Run 04:
Highest Train: 100.00
Highest Valid: 75.80
Highest Test: 73.70
Chosen epoch: 487
Final Train: 100.00
Final Test: 73.50
train:torch.Size([15]), valid:torch.Size([500]), test:torch.Size([1000])
Computing oracle penalty matrix from true labels...
Oracle penalty matrix frozen.
Epoch: 00, Loss: 1.9788, Train: 33.33%, Valid: 37.80%, Test: 39.50%, Best Valid: 37.80%, Best Test: 39.50%
Epoch: 100, Loss: 0.0071, Train: 100.00%, Valid: 75.80%, Test: 74.50%, Best Valid: 77.40%, Best Test: 75.90%
Epoch: 200, Loss: 0.0120, Train: 100.00%, Valid: 75.60%, Test: 73.30%, Best Valid: 77.40%, Best Test: 75.90%
Epoch: 300, Loss: 0.0278, Train: 100.00%, Valid: 71.20%, Test: 71.60%, Best Valid: 77.40%, Best Test: 75.90%
Epoch: 400, Loss: 0.0061, Train: 100.00%, Valid: 65.80%, Test: 66.90%, Best Valid: 77.40%, Best Test: 75.90%
Run 05:
Highest Train: 100.00
Highest Valid: 77.40
Highest Test: 76.20
Chosen epoch: 91
Final Train: 100.00
Final Test: 75.90
train:torch.Size([15]), valid:torch.Size([500]), test:torch.Size([1000])
Computing oracle penalty matrix from true labels...
Oracle penalty matrix frozen.
Epoch: 00, Loss: 1.9781, Train: 33.33%, Valid: 21.20%, Test: 21.10%, Best Valid: 21.20%, Best Test: 21.10%
Epoch: 100, Loss: 0.0053, Train: 100.00%, Valid: 62.80%, Test: 68.40%, Best Valid: 65.60%, Best Test: 69.70%
Epoch: 200, Loss: 0.0062, Train: 100.00%, Valid: 66.80%, Test: 70.60%, Best Valid: 73.40%, Best Test: 75.50%
Epoch: 300, Loss: 0.0071, Train: 100.00%, Valid: 70.20%, Test: 73.10%, Best Valid: 73.80%, Best Test: 74.40%
Epoch: 400, Loss: 0.0034, Train: 100.00%, Valid: 74.20%, Test: 75.60%, Best Valid: 75.40%, Best Test: 75.30%
Run 06:
Highest Train: 100.00
Highest Valid: 77.80
Highest Test: 77.20
Chosen epoch: 486
Final Train: 100.00
Final Test: 76.80
train:torch.Size([15]), valid:torch.Size([500]), test:torch.Size([1000])
Computing oracle penalty matrix from true labels...
Oracle penalty matrix frozen.
Epoch: 00, Loss: 1.9805, Train: 33.33%, Valid: 39.20%, Test: 40.50%, Best Valid: 39.20%, Best Test: 40.50%
Epoch: 100, Loss: 0.0157, Train: 100.00%, Valid: 61.00%, Test: 64.00%, Best Valid: 64.60%, Best Test: 66.30%
Epoch: 200, Loss: 0.0372, Train: 100.00%, Valid: 64.80%, Test: 66.50%, Best Valid: 68.80%, Best Test: 69.70%
Epoch: 300, Loss: 0.0037, Train: 100.00%, Valid: 75.80%, Test: 76.60%, Best Valid: 76.20%, Best Test: 76.00%
Epoch: 400, Loss: 0.0542, Train: 100.00%, Valid: 72.00%, Test: 72.50%, Best Valid: 76.60%, Best Test: 77.10%
Run 07:
Highest Train: 100.00
Highest Valid: 76.60
Highest Test: 77.30
Chosen epoch: 308
Final Train: 100.00
Final Test: 77.10
train:torch.Size([15]), valid:torch.Size([500]), test:torch.Size([1000])
Computing oracle penalty matrix from true labels...
Oracle penalty matrix frozen.
Epoch: 00, Loss: 1.9841, Train: 33.33%, Valid: 42.80%, Test: 40.40%, Best Valid: 42.80%, Best Test: 40.40%
Epoch: 100, Loss: 0.0186, Train: 100.00%, Valid: 64.40%, Test: 60.70%, Best Valid: 64.40%, Best Test: 60.70%
Epoch: 200, Loss: 0.0221, Train: 100.00%, Valid: 68.60%, Test: 69.00%, Best Valid: 69.60%, Best Test: 68.60%
Epoch: 300, Loss: 0.0213, Train: 100.00%, Valid: 70.60%, Test: 71.10%, Best Valid: 72.80%, Best Test: 72.90%
Epoch: 400, Loss: 0.0396, Train: 100.00%, Valid: 68.40%, Test: 69.50%, Best Valid: 72.80%, Best Test: 72.90%
Run 08:
Highest Train: 100.00
Highest Valid: 72.80
Highest Test: 73.60
Chosen epoch: 296
Final Train: 100.00
Final Test: 72.90
train:torch.Size([15]), valid:torch.Size([500]), test:torch.Size([1000])
Computing oracle penalty matrix from true labels...
Oracle penalty matrix frozen.
Epoch: 00, Loss: 1.9782, Train: 33.33%, Valid: 39.00%, Test: 37.80%, Best Valid: 39.00%, Best Test: 37.80%
Epoch: 100, Loss: 0.0061, Train: 100.00%, Valid: 51.80%, Test: 57.10%, Best Valid: 58.20%, Best Test: 61.10%
Epoch: 200, Loss: 0.0087, Train: 100.00%, Valid: 55.00%, Test: 59.10%, Best Valid: 58.20%, Best Test: 61.10%
Epoch: 300, Loss: 0.0124, Train: 100.00%, Valid: 51.40%, Test: 56.40%, Best Valid: 60.00%, Best Test: 63.50%
Epoch: 400, Loss: 0.0124, Train: 100.00%, Valid: 53.00%, Test: 57.50%, Best Valid: 61.40%, Best Test: 66.00%
Run 09:
Highest Train: 100.00
Highest Valid: 61.40
Highest Test: 66.20
Chosen epoch: 325
Final Train: 100.00
Final Test: 66.00
train:torch.Size([15]), valid:torch.Size([500]), test:torch.Size([1000])
Computing oracle penalty matrix from true labels...
Oracle penalty matrix frozen.
Epoch: 00, Loss: 1.9783, Train: 33.33%, Valid: 41.40%, Test: 39.30%, Best Valid: 41.40%, Best Test: 39.30%
Epoch: 100, Loss: 0.0160, Train: 100.00%, Valid: 72.40%, Test: 70.70%, Best Valid: 76.20%, Best Test: 72.10%
Epoch: 200, Loss: 0.0075, Train: 100.00%, Valid: 67.80%, Test: 64.40%, Best Valid: 76.20%, Best Test: 72.10%
Epoch: 300, Loss: 0.0072, Train: 100.00%, Valid: 65.00%, Test: 62.30%, Best Valid: 76.20%, Best Test: 72.10%
Epoch: 400, Loss: 0.0172, Train: 100.00%, Valid: 69.80%, Test: 63.40%, Best Valid: 76.20%, Best Test: 72.10%
Run 10:
Highest Train: 100.00
Highest Valid: 76.20
Highest Test: 72.60
Chosen epoch: 76
Final Train: 100.00
Final Test: 72.10
All runs:
Highest Train: 100.00 ± 0.00
Highest Test: 69.66 ± 11.00
Highest Valid: 69.70 ± 11.40
  Final Train: 100.00 ± 0.00
   Final Test: 69.28 ± 10.91
Saving results to results/lowlabel/pubmed/MPNN_gcn.csv
--- oracle_reg | lambda=1.6 ---
Namespace(bn=False, budget_tag='5', count_reg=False, count_smoothing=1.0, cpu=False, data_dir='./data/', dataset='pubmed', device=0, display_step=100, dropout=0.7, epochs=500, gnn='gcn', hidden_channels=256, jk=False, label_num_per_class=5, lambda_val=1.6, ln=False, local_layers=2, lr=0.005, metric='acc', mlp_epochs=500, mlp_reg=False, model='MPNN', model_dir='models', num_heads=1, oracle_reg=True, paired_seeds=True, penalty_transform='none', pre_linear=False, pre_ln=False, rand_split=False, rand_split_class=True, reg_start_epoch=10, reg_update_freq=5, res=False, resample_split_per_run=True, result_dir='results/lowlabel', runs=10, save_model=False, seed=123, test_num=1000, train_per_class=0, train_prop=0.5, use_reg=True, valid_num=500, valid_per_class=0, valid_prop=0.25, weight_decay=0.0005)
pubmed
Num nodes: 19717
train:torch.Size([15]), valid:torch.Size([500]), test:torch.Size([1000])
dataset pubmed | num nodes 19717 | num edge 88648 | num node feats 500 | num classes 3
MODEL: MPNNs(
  (h_lins): ModuleList()
  (local_convs): ModuleList(
    (0): GCNConv(500, 256)
    (1): GCNConv(256, 256)
  )
  (lins): ModuleList(
    (0): Linear(in_features=500, out_features=256, bias=True)
    (1): Linear(in_features=256, out_features=256, bias=True)
  )
  (lns): ModuleList(
    (0): LayerNorm((256,), eps=1e-05, elementwise_affine=True)
    (1): LayerNorm((256,), eps=1e-05, elementwise_affine=True)
  )
  (bns): ModuleList(
    (0): BatchNorm1d(256, eps=1e-05, momentum=0.1, affine=True, track_running_stats=True)
    (1): BatchNorm1d(256, eps=1e-05, momentum=0.1, affine=True, track_running_stats=True)
  )
  (lin_in): Linear(in_features=500, out_features=256, bias=True)
  (pred_local): Linear(in_features=256, out_features=3, bias=True)
)
train:torch.Size([15]), valid:torch.Size([500]), test:torch.Size([1000])
Computing oracle penalty matrix from true labels...
Oracle penalty matrix frozen.
Epoch: 00, Loss: 2.8603, Train: 33.33%, Valid: 40.40%, Test: 38.80%, Best Valid: 40.40%, Best Test: 38.80%
Epoch: 100, Loss: 0.0764, Train: 100.00%, Valid: 40.40%, Test: 39.80%, Best Valid: 40.60%, Best Test: 39.00%
Epoch: 200, Loss: 0.1036, Train: 100.00%, Valid: 40.80%, Test: 40.70%, Best Valid: 41.80%, Best Test: 41.70%
Epoch: 300, Loss: 0.0414, Train: 100.00%, Valid: 45.20%, Test: 44.60%, Best Valid: 47.80%, Best Test: 45.80%
Epoch: 400, Loss: 0.0375, Train: 100.00%, Valid: 44.80%, Test: 44.10%, Best Valid: 47.80%, Best Test: 45.80%
Run 01:
Highest Train: 100.00
Highest Valid: 47.80
Highest Test: 46.40
Chosen epoch: 275
Final Train: 100.00
Final Test: 45.80
train:torch.Size([15]), valid:torch.Size([500]), test:torch.Size([1000])
Computing oracle penalty matrix from true labels...
Oracle penalty matrix frozen.
Epoch: 00, Loss: 2.8545, Train: 33.33%, Valid: 36.60%, Test: 39.90%, Best Valid: 36.60%, Best Test: 39.90%
Epoch: 100, Loss: 0.0690, Train: 100.00%, Valid: 37.60%, Test: 39.90%, Best Valid: 37.60%, Best Test: 39.90%
Epoch: 200, Loss: 0.0689, Train: 100.00%, Valid: 38.20%, Test: 40.60%, Best Valid: 39.00%, Best Test: 41.10%
Epoch: 300, Loss: 0.0400, Train: 100.00%, Valid: 38.60%, Test: 41.50%, Best Valid: 39.00%, Best Test: 41.10%
Epoch: 400, Loss: 0.0635, Train: 100.00%, Valid: 38.80%, Test: 42.00%, Best Valid: 39.80%, Best Test: 42.20%
Run 02:
Highest Train: 100.00
Highest Valid: 41.40
Highest Test: 44.80
Chosen epoch: 483
Final Train: 100.00
Final Test: 44.80
train:torch.Size([15]), valid:torch.Size([500]), test:torch.Size([1000])
Computing oracle penalty matrix from true labels...
Oracle penalty matrix frozen.
Epoch: 00, Loss: 2.8642, Train: 33.33%, Valid: 39.20%, Test: 41.80%, Best Valid: 39.20%, Best Test: 41.80%
Epoch: 100, Loss: 0.0617, Train: 100.00%, Valid: 40.20%, Test: 42.00%, Best Valid: 40.40%, Best Test: 41.60%
Epoch: 200, Loss: 0.0901, Train: 100.00%, Valid: 40.40%, Test: 42.10%, Best Valid: 40.80%, Best Test: 42.10%
Epoch: 300, Loss: 0.0357, Train: 100.00%, Valid: 40.20%, Test: 42.30%, Best Valid: 40.80%, Best Test: 42.10%
Epoch: 400, Loss: 0.0352, Train: 100.00%, Valid: 39.80%, Test: 41.90%, Best Valid: 41.20%, Best Test: 42.60%
Run 03:
Highest Train: 100.00
Highest Valid: 41.60
Highest Test: 43.20
Chosen epoch: 491
Final Train: 100.00
Final Test: 43.00
train:torch.Size([15]), valid:torch.Size([500]), test:torch.Size([1000])
Computing oracle penalty matrix from true labels...
Oracle penalty matrix frozen.
Epoch: 00, Loss: 2.8553, Train: 40.00%, Valid: 26.00%, Test: 23.20%, Best Valid: 26.00%, Best Test: 23.20%
Epoch: 100, Loss: 0.1022, Train: 100.00%, Valid: 33.40%, Test: 41.60%, Best Valid: 34.00%, Best Test: 41.70%
Epoch: 200, Loss: 0.0148, Train: 100.00%, Valid: 34.40%, Test: 42.70%, Best Valid: 35.00%, Best Test: 42.20%
Epoch: 300, Loss: 0.0339, Train: 100.00%, Valid: 35.80%, Test: 43.00%, Best Valid: 36.00%, Best Test: 43.30%
Epoch: 400, Loss: 0.0590, Train: 100.00%, Valid: 38.20%, Test: 44.80%, Best Valid: 38.20%, Best Test: 44.90%
Run 04:
Highest Train: 100.00
Highest Valid: 38.80
Highest Test: 46.90
Chosen epoch: 449
Final Train: 100.00
Final Test: 46.90
train:torch.Size([15]), valid:torch.Size([500]), test:torch.Size([1000])
Computing oracle penalty matrix from true labels...
Oracle penalty matrix frozen.
Epoch: 00, Loss: 2.8582, Train: 40.00%, Valid: 42.60%, Test: 44.70%, Best Valid: 42.60%, Best Test: 44.70%
Epoch: 100, Loss: 0.0069, Train: 100.00%, Valid: 42.60%, Test: 42.60%, Best Valid: 43.20%, Best Test: 42.60%
Epoch: 200, Loss: 0.0301, Train: 100.00%, Valid: 43.00%, Test: 42.70%, Best Valid: 44.80%, Best Test: 43.40%
Epoch: 300, Loss: 0.0676, Train: 100.00%, Valid: 46.80%, Test: 44.00%, Best Valid: 47.00%, Best Test: 45.00%
Epoch: 400, Loss: 0.0067, Train: 100.00%, Valid: 44.60%, Test: 43.20%, Best Valid: 48.80%, Best Test: 46.20%
Run 05:
Highest Train: 100.00
Highest Valid: 51.00
Highest Test: 49.00
Chosen epoch: 498
Final Train: 100.00
Final Test: 49.00
train:torch.Size([15]), valid:torch.Size([500]), test:torch.Size([1000])
Computing oracle penalty matrix from true labels...
Oracle penalty matrix frozen.
Epoch: 00, Loss: 2.8572, Train: 33.33%, Valid: 21.20%, Test: 21.10%, Best Valid: 21.20%, Best Test: 21.10%
Epoch: 100, Loss: 0.0201, Train: 100.00%, Valid: 44.40%, Test: 45.90%, Best Valid: 52.40%, Best Test: 54.50%
Epoch: 200, Loss: 0.0211, Train: 100.00%, Valid: 46.60%, Test: 47.10%, Best Valid: 52.40%, Best Test: 54.50%
Epoch: 300, Loss: 0.0142, Train: 100.00%, Valid: 46.00%, Test: 46.90%, Best Valid: 52.40%, Best Test: 54.50%
Epoch: 400, Loss: 0.0139, Train: 100.00%, Valid: 47.80%, Test: 47.80%, Best Valid: 52.40%, Best Test: 54.50%
Run 06:
Highest Train: 100.00
Highest Valid: 52.40
Highest Test: 54.50
Chosen epoch: 1
Final Train: 66.67
Final Test: 54.50
train:torch.Size([15]), valid:torch.Size([500]), test:torch.Size([1000])
Computing oracle penalty matrix from true labels...
Oracle penalty matrix frozen.
Epoch: 00, Loss: 2.8607, Train: 33.33%, Valid: 39.20%, Test: 40.50%, Best Valid: 39.20%, Best Test: 40.50%
Epoch: 100, Loss: 0.0406, Train: 100.00%, Valid: 43.40%, Test: 42.90%, Best Valid: 45.00%, Best Test: 44.40%
Epoch: 200, Loss: 0.0547, Train: 100.00%, Valid: 47.60%, Test: 48.60%, Best Valid: 49.80%, Best Test: 51.70%
Epoch: 300, Loss: 0.0180, Train: 100.00%, Valid: 51.20%, Test: 53.80%, Best Valid: 51.80%, Best Test: 55.30%
Epoch: 400, Loss: 0.0432, Train: 100.00%, Valid: 54.40%, Test: 57.30%, Best Valid: 55.60%, Best Test: 59.20%
Run 07:
Highest Train: 100.00
Highest Valid: 60.00
Highest Test: 63.20
Chosen epoch: 462
Final Train: 100.00
Final Test: 63.20
train:torch.Size([15]), valid:torch.Size([500]), test:torch.Size([1000])
Computing oracle penalty matrix from true labels...
Oracle penalty matrix frozen.
Epoch: 00, Loss: 2.8659, Train: 33.33%, Valid: 42.80%, Test: 40.40%, Best Valid: 42.80%, Best Test: 40.40%
Epoch: 100, Loss: 0.0217, Train: 100.00%, Valid: 45.00%, Test: 42.50%, Best Valid: 45.00%, Best Test: 42.30%
Epoch: 200, Loss: 0.1288, Train: 100.00%, Valid: 45.60%, Test: 43.40%, Best Valid: 47.20%, Best Test: 44.50%
Epoch: 300, Loss: 0.0117, Train: 100.00%, Valid: 46.80%, Test: 43.70%, Best Valid: 47.80%, Best Test: 44.80%
Epoch: 400, Loss: 0.0445, Train: 100.00%, Valid: 47.40%, Test: 43.60%, Best Valid: 48.00%, Best Test: 45.00%
Run 08:
Highest Train: 100.00
Highest Valid: 49.60
Highest Test: 47.20
Chosen epoch: 426
Final Train: 100.00
Final Test: 46.80
train:torch.Size([15]), valid:torch.Size([500]), test:torch.Size([1000])
Computing oracle penalty matrix from true labels...
Oracle penalty matrix frozen.
Epoch: 00, Loss: 2.8575, Train: 33.33%, Valid: 41.40%, Test: 42.40%, Best Valid: 41.40%, Best Test: 42.40%
Epoch: 100, Loss: 0.0141, Train: 100.00%, Valid: 43.40%, Test: 44.90%, Best Valid: 43.40%, Best Test: 44.90%
Epoch: 200, Loss: 0.0189, Train: 100.00%, Valid: 44.00%, Test: 46.10%, Best Valid: 44.60%, Best Test: 46.60%
Epoch: 300, Loss: 0.0162, Train: 100.00%, Valid: 45.40%, Test: 48.10%, Best Valid: 45.60%, Best Test: 47.60%
Epoch: 400, Loss: 0.0241, Train: 100.00%, Valid: 46.20%, Test: 48.70%, Best Valid: 48.60%, Best Test: 51.30%
Run 09:
Highest Train: 100.00
Highest Valid: 51.00
Highest Test: 53.30
Chosen epoch: 479
Final Train: 100.00
Final Test: 53.20
train:torch.Size([15]), valid:torch.Size([500]), test:torch.Size([1000])
Computing oracle penalty matrix from true labels...
Oracle penalty matrix frozen.
Epoch: 00, Loss: 2.8575, Train: 33.33%, Valid: 41.40%, Test: 39.30%, Best Valid: 41.40%, Best Test: 39.30%
Epoch: 100, Loss: 0.0195, Train: 100.00%, Valid: 43.40%, Test: 42.60%, Best Valid: 63.40%, Best Test: 57.80%
Epoch: 200, Loss: 0.0231, Train: 100.00%, Valid: 44.60%, Test: 43.70%, Best Valid: 63.40%, Best Test: 57.80%
Epoch: 300, Loss: 0.0196, Train: 100.00%, Valid: 44.20%, Test: 42.80%, Best Valid: 63.40%, Best Test: 57.80%
Epoch: 400, Loss: 0.0135, Train: 100.00%, Valid: 44.80%, Test: 43.70%, Best Valid: 63.40%, Best Test: 57.80%
Run 10:
Highest Train: 100.00
Highest Valid: 63.40
Highest Test: 57.80
Chosen epoch: 3
Final Train: 66.67
Final Test: 57.80
All runs:
Highest Train: 100.00 ± 0.00
Highest Test: 50.63 ± 6.39
Highest Valid: 49.70 ± 7.90
  Final Train: 93.33 ± 14.05
   Final Test: 50.50 ± 6.48
Saving results to results/lowlabel/pubmed/MPNN_gcn.csv
Low-label sweep completed.
Task 108 done.
