Wed Aug  5 22:26:18 2026       
+-----------------------------------------------------------------------------------------+
| NVIDIA-SMI 580.159.04             Driver Version: 580.159.04     CUDA Version: 13.0     |
+-----------------------------------------+------------------------+----------------------+
| GPU  Name                 Persistence-M | Bus-Id          Disp.A | Volatile Uncorr. ECC |
| Fan  Temp   Perf          Pwr:Usage/Cap |           Memory-Usage | GPU-Util  Compute M. |
|                                         |                        |               MIG M. |
|=========================================+========================+======================|
|   0  NVIDIA A100-SXM4-80GB          On  |   00000000:01:00.0 Off |                   On |
| N/A   38C    P0            139W /  500W |    3711MiB /  81920MiB |     N/A      Default |
|                                         |                        |              Enabled |
+-----------------------------------------+------------------------+----------------------+
|   1  NVIDIA A100-SXM4-80GB          On  |   00000000:41:00.0 Off |                   On |
| N/A   36C    P0            145W /  500W |    9324MiB /  81920MiB |     N/A      Default |
|                                         |                        |              Enabled |
+-----------------------------------------+------------------------+----------------------+
|   2  NVIDIA A100-SXM4-80GB          On  |   00000000:81:00.0 Off |                   On |
| N/A   40C    P0            142W /  500W |    3711MiB /  81920MiB |     N/A      Default |
|                                         |                        |              Enabled |
+-----------------------------------------+------------------------+----------------------+
|   3  NVIDIA A100-SXM4-80GB          On  |   00000000:C1:00.0 Off |                   On |
| N/A   26C    P0             52W /  500W |     249MiB /  81920MiB |     N/A      Default |
|                                         |                        |              Enabled |
+-----------------------------------------+------------------------+----------------------+

+-----------------------------------------------------------------------------------------+
| MIG devices:                                                                            |
+------------------+----------------------------------+-----------+-----------------------+
| GPU  GI  CI  MIG |              Shared Memory-Usage |        Vol|        Shared         |
|      ID  ID  Dev |                Shared BAR1-Usage | SM     Unc| CE ENC  DEC  OFA  JPG |
|                  |                                  |        ECC|                       |
|==================+==================================+===========+=======================|
|  3    5   0   0  |              71MiB / 19968MiB    | 28      0 |  2   0    1    0    0 |
|                  |               0MiB / 12271MiB    |           |                       |
+------------------+----------------------------------+-----------+-----------------------+

+-----------------------------------------------------------------------------------------+
| Processes:                                                                              |
|  GPU   GI   CI              PID   Type   Process name                        GPU Memory |
|        ID   ID                                                               Usage      |
|=========================================================================================|
|    0    5    0           174500      C   python                                 3454MiB |
|    1    5    0           164416      C   python                                 3486MiB |
|    1    1    0           173265      C   ...text-to-lora/.venv/bin/python       5572MiB |
|    2    3    0           174711      C   python                                 3454MiB |
+-----------------------------------------------------------------------------------------+
Cell: pubmed / polynormer / budget 20 per class / group 0
python main.py --model polynormer --dataset pubmed --lr 0.001 --hidden_channels 64 --dropout 0.5 --weight_decay 0.0005 --num_heads 8 --runs 10 --device 0 --result_dir ../results/lowlabel --model_dir models/lowlabel_1161133_140 --paired_seeds --rand_split_class --valid_num 500 --test_num 1000 --seed 123 --local_layers 3 --global_layers 1 --local_epochs 100 --global_epochs 1000 --beta -1.0 --in_dropout 0.2 --save_model --label_num_per_class 20 --resample_split_per_run --budget_tag 20
==========================================================
Low-label sweep: python main.py --model polynormer --dataset pubmed --lr 0.001 --hidden_channels 64 --dropout 0.5 --weight_decay 0.0005 --num_heads 8 --runs 10 --device 0 --result_dir ../results/lowlabel --model_dir models/lowlabel_1161133_140 --paired_seeds --rand_split_class --valid_num 500 --test_num 1000 --seed 123 --local_layers 3 --global_layers 1 --local_epochs 100 --global_epochs 1000 --beta -1.0 --in_dropout 0.2 --save_model --label_num_per_class 20 --resample_split_per_run --budget_tag 20
result_dir=../results/lowlabel conditions=[baseline]
==========================================================
--- baseline ---
