Wed Aug  5 15:34:19 2026       
+-----------------------------------------------------------------------------------------+
| NVIDIA-SMI 580.159.04             Driver Version: 580.159.04     CUDA Version: 13.0     |
+-----------------------------------------+------------------------+----------------------+
| GPU  Name                 Persistence-M | Bus-Id          Disp.A | Volatile Uncorr. ECC |
| Fan  Temp   Perf          Pwr:Usage/Cap |           Memory-Usage | GPU-Util  Compute M. |
|                                         |                        |               MIG M. |
|=========================================+========================+======================|
|   0  NVIDIA A100-SXM4-80GB          On  |   00000000:01:00.0 Off |                   On |
| N/A   45C    P0            202W /  500W |   21464MiB /  81920MiB |     N/A      Default |
|                                         |                        |              Enabled |
+-----------------------------------------+------------------------+----------------------+
|   1  NVIDIA A100-SXM4-80GB          On  |   00000000:41:00.0 Off |                   On |
| N/A   41C    P0            152W /  500W |   21464MiB /  81920MiB |     N/A      Default |
|                                         |                        |              Enabled |
+-----------------------------------------+------------------------+----------------------+
|   2  NVIDIA A100-SXM4-80GB          On  |   00000000:81:00.0 Off |                   On |
| N/A   50C    P0            203W /  500W |   21464MiB /  81920MiB |     N/A      Default |
|                                         |                        |              Enabled |
+-----------------------------------------+------------------------+----------------------+
|   3  NVIDIA A100-SXM4-80GB          On  |   00000000:C1:00.0 Off |                   On |
| N/A   35C    P0            143W /  500W |    5354MiB /  81920MiB |     N/A      Default |
|                                         |                        |              Enabled |
+-----------------------------------------+------------------------+----------------------+

+-----------------------------------------------------------------------------------------+
| MIG devices:                                                                            |
+------------------+----------------------------------+-----------+-----------------------+
| GPU  GI  CI  MIG |              Shared Memory-Usage |        Vol|        Shared         |
|      ID  ID  Dev |                Shared BAR1-Usage | SM     Unc| CE ENC  DEC  OFA  JPG |
|                  |                                  |        ECC|                       |
|==================+==================================+===========+=======================|
|  1    3   0   0  |              71MiB / 19968MiB    | 28      0 |  2   0    1    0    0 |
|                  |               0MiB / 12271MiB    |           |                       |
+------------------+----------------------------------+-----------+-----------------------+

+-----------------------------------------------------------------------------------------+
| Processes:                                                                              |
|  GPU   GI   CI              PID   Type   Process name                        GPU Memory |
|        ID   ID                                                               Usage      |
|=========================================================================================|
|    0    2    0            31584      C   python                                21206MiB |
|    2    2    0            31583      C   python                                21206MiB |
|    3    1    0            39677      C   ...nda3/envs/spot_nsf/bin/python       5096MiB |
+-----------------------------------------------------------------------------------------+
Cell: cora / gcn / budget 2 per class / group 3
python main.py --gnn gcn --dataset cora --lr 0.001 --local_layers 3  --hidden_channels 512 --weight_decay 5e-4 --dropout 0.7 --rand_split_class --valid_num 500 --test_num 1000 --seed 123 --device 0 --runs 5 --runs 10 --label_num_per_class 2 --resample_split_per_run --budget_tag 2
==========================================================
Low-label sweep: python main.py --gnn gcn --dataset cora --lr 0.001 --local_layers 3  --hidden_channels 512 --weight_decay 5e-4 --dropout 0.7 --rand_split_class --valid_num 500 --test_num 1000 --seed 123 --device 0 --runs 5 --runs 10 --label_num_per_class 2 --resample_split_per_run --budget_tag 2
result_dir=results/lowlabel conditions=[oracle]
==========================================================
--- oracle_reg | lambda=0.01 ---
Namespace(bn=False, budget_tag='2', count_reg=False, count_smoothing=1.0, cpu=False, data_dir='./data/', dataset='cora', device=0, display_step=100, dropout=0.7, epochs=500, gnn='gcn', hidden_channels=512, jk=False, label_num_per_class=2, lambda_val=0.01, ln=False, local_layers=3, lr=0.001, metric='acc', mlp_epochs=500, mlp_reg=False, model='MPNN', model_dir='models', num_heads=1, oracle_reg=True, paired_seeds=True, penalty_transform='none', pre_linear=False, pre_ln=False, rand_split=False, rand_split_class=True, reg_start_epoch=10, reg_update_freq=5, res=False, resample_split_per_run=True, result_dir='results/lowlabel', runs=10, save_model=False, seed=123, test_num=1000, train_per_class=0, train_prop=0.5, use_reg=True, valid_num=500, valid_per_class=0, valid_prop=0.25, weight_decay=0.0005)
cora
Num nodes: 2708
train:torch.Size([14]), valid:torch.Size([500]), test:torch.Size([1000])
dataset cora | num nodes 2708 | num edge 10556 | num node feats 1433 | num classes 7
MODEL: MPNNs(
  (h_lins): ModuleList()
  (local_convs): ModuleList(
    (0): GCNConv(1433, 512)
    (1): GCNConv(512, 512)
    (2): GCNConv(512, 512)
  )
  (lins): ModuleList(
    (0): Linear(in_features=1433, out_features=512, bias=True)
    (1): Linear(in_features=512, out_features=512, bias=True)
    (2): Linear(in_features=512, out_features=512, bias=True)
  )
  (lns): ModuleList(
    (0): LayerNorm((512,), eps=1e-05, elementwise_affine=True)
    (1): LayerNorm((512,), eps=1e-05, elementwise_affine=True)
    (2): LayerNorm((512,), eps=1e-05, elementwise_affine=True)
  )
  (bns): ModuleList(
    (0): BatchNorm1d(512, eps=1e-05, momentum=0.1, affine=True, track_running_stats=True)
    (1): BatchNorm1d(512, eps=1e-05, momentum=0.1, affine=True, track_running_stats=True)
    (2): BatchNorm1d(512, eps=1e-05, momentum=0.1, affine=True, track_running_stats=True)
  )
  (lin_in): Linear(in_features=1433, out_features=512, bias=True)
  (pred_local): Linear(in_features=512, out_features=7, bias=True)
)
train:torch.Size([14]), valid:torch.Size([500]), test:torch.Size([1000])
Computing oracle penalty matrix from true labels...
Oracle penalty matrix frozen.
Epoch: 00, Loss: 1.9471, Train: 21.43%, Valid: 14.20%, Test: 13.80%, Best Valid: 14.20%, Best Test: 13.80%
Epoch: 100, Loss: 0.0023, Train: 100.00%, Valid: 71.40%, Test: 67.60%, Best Valid: 71.80%, Best Test: 68.00%
Epoch: 200, Loss: 0.0014, Train: 100.00%, Valid: 73.20%, Test: 68.70%, Best Valid: 74.20%, Best Test: 68.60%
Epoch: 300, Loss: 0.0014, Train: 100.00%, Valid: 71.60%, Test: 66.50%, Best Valid: 74.60%, Best Test: 69.60%
Epoch: 400, Loss: 0.0054, Train: 100.00%, Valid: 72.80%, Test: 68.20%, Best Valid: 75.40%, Best Test: 70.20%
Run 01:
Highest Train: 100.00
Highest Valid: 75.80
Highest Test: 70.80
Chosen epoch: 424
Final Train: 100.00
Final Test: 69.70
train:torch.Size([14]), valid:torch.Size([500]), test:torch.Size([1000])
Computing oracle penalty matrix from true labels...
Oracle penalty matrix frozen.
Epoch: 00, Loss: 1.9648, Train: 21.43%, Valid: 18.20%, Test: 14.20%, Best Valid: 18.20%, Best Test: 14.20%
Epoch: 100, Loss: 0.0007, Train: 100.00%, Valid: 53.40%, Test: 54.00%, Best Valid: 62.80%, Best Test: 64.10%
Epoch: 200, Loss: 0.0058, Train: 100.00%, Valid: 56.80%, Test: 55.40%, Best Valid: 62.80%, Best Test: 64.10%
Epoch: 300, Loss: 0.0048, Train: 100.00%, Valid: 59.40%, Test: 59.30%, Best Valid: 62.80%, Best Test: 64.10%
Epoch: 400, Loss: 0.0016, Train: 100.00%, Valid: 61.80%, Test: 59.90%, Best Valid: 62.80%, Best Test: 64.10%
Run 02:
Highest Train: 100.00
Highest Valid: 64.20
Highest Test: 64.70
Chosen epoch: 487
Final Train: 100.00
Final Test: 61.80
train:torch.Size([14]), valid:torch.Size([500]), test:torch.Size([1000])
Computing oracle penalty matrix from true labels...
Oracle penalty matrix frozen.
Epoch: 00, Loss: 1.9546, Train: 28.57%, Valid: 11.20%, Test: 9.80%, Best Valid: 11.20%, Best Test: 9.80%
Epoch: 100, Loss: 0.0023, Train: 100.00%, Valid: 56.00%, Test: 53.80%, Best Valid: 61.20%, Best Test: 59.40%
Epoch: 200, Loss: 0.0011, Train: 100.00%, Valid: 58.40%, Test: 59.60%, Best Valid: 61.20%, Best Test: 59.40%
Epoch: 300, Loss: 0.0008, Train: 100.00%, Valid: 52.60%, Test: 51.90%, Best Valid: 61.20%, Best Test: 59.40%
Epoch: 400, Loss: 0.0073, Train: 100.00%, Valid: 51.00%, Test: 51.30%, Best Valid: 61.20%, Best Test: 59.40%
Run 03:
Highest Train: 100.00
Highest Valid: 61.20
Highest Test: 60.60
Chosen epoch: 45
Final Train: 100.00
Final Test: 59.40
train:torch.Size([14]), valid:torch.Size([500]), test:torch.Size([1000])
Computing oracle penalty matrix from true labels...
Oracle penalty matrix frozen.
Epoch: 00, Loss: 1.9754, Train: 14.29%, Valid: 15.00%, Test: 12.30%, Best Valid: 15.00%, Best Test: 12.30%
Epoch: 100, Loss: 0.0003, Train: 100.00%, Valid: 49.40%, Test: 46.50%, Best Valid: 50.20%, Best Test: 48.30%
Epoch: 200, Loss: 0.0020, Train: 100.00%, Valid: 49.20%, Test: 47.50%, Best Valid: 50.20%, Best Test: 48.30%
Epoch: 300, Loss: 0.0011, Train: 100.00%, Valid: 51.60%, Test: 50.70%, Best Valid: 61.40%, Best Test: 59.80%
Epoch: 400, Loss: 0.0013, Train: 100.00%, Valid: 53.00%, Test: 52.80%, Best Valid: 61.40%, Best Test: 59.80%
Run 04:
Highest Train: 100.00
Highest Valid: 61.40
Highest Test: 60.20
Chosen epoch: 274
Final Train: 100.00
Final Test: 59.80
train:torch.Size([14]), valid:torch.Size([500]), test:torch.Size([1000])
Computing oracle penalty matrix from true labels...
Oracle penalty matrix frozen.
Epoch: 00, Loss: 1.9539, Train: 28.57%, Valid: 17.20%, Test: 21.60%, Best Valid: 17.20%, Best Test: 21.60%
Epoch: 100, Loss: 0.0029, Train: 100.00%, Valid: 60.00%, Test: 62.70%, Best Valid: 68.20%, Best Test: 67.80%
Epoch: 200, Loss: 0.0025, Train: 100.00%, Valid: 63.80%, Test: 66.10%, Best Valid: 68.20%, Best Test: 67.80%
Epoch: 300, Loss: 0.0026, Train: 100.00%, Valid: 61.80%, Test: 61.20%, Best Valid: 68.20%, Best Test: 67.80%
Epoch: 400, Loss: 0.0040, Train: 100.00%, Valid: 64.80%, Test: 67.20%, Best Valid: 68.20%, Best Test: 67.80%
Run 05:
Highest Train: 100.00
Highest Valid: 68.20
Highest Test: 68.30
Chosen epoch: 33
Final Train: 100.00
Final Test: 67.80
train:torch.Size([14]), valid:torch.Size([500]), test:torch.Size([1000])
Computing oracle penalty matrix from true labels...
Oracle penalty matrix frozen.
Epoch: 00, Loss: 1.9813, Train: 14.29%, Valid: 13.00%, Test: 11.50%, Best Valid: 13.00%, Best Test: 11.50%
Epoch: 100, Loss: 0.0033, Train: 100.00%, Valid: 61.20%, Test: 64.90%, Best Valid: 65.20%, Best Test: 67.90%
Epoch: 200, Loss: 0.0062, Train: 100.00%, Valid: 57.40%, Test: 60.20%, Best Valid: 65.20%, Best Test: 67.90%
Epoch: 300, Loss: 0.0017, Train: 100.00%, Valid: 59.00%, Test: 64.10%, Best Valid: 65.20%, Best Test: 67.90%
Epoch: 400, Loss: 0.0030, Train: 100.00%, Valid: 63.60%, Test: 69.40%, Best Valid: 65.20%, Best Test: 67.90%
Run 06:
Highest Train: 100.00
Highest Valid: 65.20
Highest Test: 70.80
Chosen epoch: 28
Final Train: 100.00
Final Test: 67.90
train:torch.Size([14]), valid:torch.Size([500]), test:torch.Size([1000])
Computing oracle penalty matrix from true labels...
Oracle penalty matrix frozen.
Epoch: 00, Loss: 1.9569, Train: 14.29%, Valid: 14.00%, Test: 16.90%, Best Valid: 14.00%, Best Test: 16.90%
Epoch: 100, Loss: 0.0025, Train: 100.00%, Valid: 54.40%, Test: 55.50%, Best Valid: 66.20%, Best Test: 67.60%
Epoch: 200, Loss: 0.0020, Train: 100.00%, Valid: 61.60%, Test: 63.60%, Best Valid: 66.20%, Best Test: 67.60%
Epoch: 300, Loss: 0.0011, Train: 100.00%, Valid: 57.00%, Test: 59.90%, Best Valid: 66.20%, Best Test: 67.60%
Epoch: 400, Loss: 0.0032, Train: 100.00%, Valid: 59.60%, Test: 61.50%, Best Valid: 66.20%, Best Test: 67.60%
Run 07:
Highest Train: 100.00
Highest Valid: 66.20
Highest Test: 67.60
Chosen epoch: 31
Final Train: 100.00
Final Test: 67.60
train:torch.Size([14]), valid:torch.Size([500]), test:torch.Size([1000])
Computing oracle penalty matrix from true labels...
Oracle penalty matrix frozen.
Epoch: 00, Loss: 1.9749, Train: 21.43%, Valid: 9.60%, Test: 10.10%, Best Valid: 9.60%, Best Test: 10.10%
Epoch: 100, Loss: 0.0006, Train: 100.00%, Valid: 52.80%, Test: 51.80%, Best Valid: 61.20%, Best Test: 59.20%
Epoch: 200, Loss: 0.0059, Train: 100.00%, Valid: 62.20%, Test: 60.60%, Best Valid: 63.00%, Best Test: 60.80%
Epoch: 300, Loss: 0.0065, Train: 100.00%, Valid: 51.20%, Test: 49.60%, Best Valid: 66.20%, Best Test: 62.50%
Epoch: 400, Loss: 0.0057, Train: 100.00%, Valid: 55.00%, Test: 54.30%, Best Valid: 66.20%, Best Test: 62.50%
Run 08:
Highest Train: 100.00
Highest Valid: 66.20
Highest Test: 63.10
Chosen epoch: 256
Final Train: 100.00
Final Test: 62.50
train:torch.Size([14]), valid:torch.Size([500]), test:torch.Size([1000])
Computing oracle penalty matrix from true labels...
Oracle penalty matrix frozen.
Epoch: 00, Loss: 1.9781, Train: 14.29%, Valid: 27.20%, Test: 29.30%, Best Valid: 27.20%, Best Test: 29.30%
Epoch: 100, Loss: 0.0015, Train: 100.00%, Valid: 53.40%, Test: 52.80%, Best Valid: 54.80%, Best Test: 54.20%
Epoch: 200, Loss: 0.0021, Train: 100.00%, Valid: 51.20%, Test: 52.70%, Best Valid: 56.80%, Best Test: 55.90%
Epoch: 300, Loss: 0.0045, Train: 100.00%, Valid: 53.80%, Test: 55.40%, Best Valid: 56.80%, Best Test: 55.90%
Epoch: 400, Loss: 0.0032, Train: 100.00%, Valid: 52.60%, Test: 53.90%, Best Valid: 57.80%, Best Test: 59.00%
Run 09:
Highest Train: 100.00
Highest Valid: 57.80
Highest Test: 59.40
Chosen epoch: 334
Final Train: 100.00
Final Test: 59.00
train:torch.Size([14]), valid:torch.Size([500]), test:torch.Size([1000])
Computing oracle penalty matrix from true labels...
Oracle penalty matrix frozen.
Epoch: 00, Loss: 1.9660, Train: 35.71%, Valid: 14.40%, Test: 12.50%, Best Valid: 14.40%, Best Test: 12.50%
Epoch: 100, Loss: 0.0004, Train: 100.00%, Valid: 57.20%, Test: 60.70%, Best Valid: 59.40%, Best Test: 60.30%
Epoch: 200, Loss: 0.0011, Train: 100.00%, Valid: 50.40%, Test: 56.00%, Best Valid: 59.40%, Best Test: 60.30%
Epoch: 300, Loss: 0.0018, Train: 100.00%, Valid: 51.20%, Test: 57.10%, Best Valid: 59.40%, Best Test: 60.30%
Epoch: 400, Loss: 0.0025, Train: 100.00%, Valid: 56.20%, Test: 60.50%, Best Valid: 59.40%, Best Test: 60.30%
Run 10:
Highest Train: 100.00
Highest Valid: 59.40
Highest Test: 62.70
Chosen epoch: 25
Final Train: 100.00
Final Test: 60.30
All runs:
Highest Train: 100.00 ± 0.00
Highest Test: 64.82 ± 4.31
Highest Valid: 64.56 ± 5.15
  Final Train: 100.00 ± 0.00
   Final Test: 63.58 ± 4.19
Saving results to results/lowlabel/cora/MPNN_gcn.csv
--- oracle_reg | lambda=0.05 ---
Namespace(bn=False, budget_tag='2', count_reg=False, count_smoothing=1.0, cpu=False, data_dir='./data/', dataset='cora', device=0, display_step=100, dropout=0.7, epochs=500, gnn='gcn', hidden_channels=512, jk=False, label_num_per_class=2, lambda_val=0.05, ln=False, local_layers=3, lr=0.001, metric='acc', mlp_epochs=500, mlp_reg=False, model='MPNN', model_dir='models', num_heads=1, oracle_reg=True, paired_seeds=True, penalty_transform='none', pre_linear=False, pre_ln=False, rand_split=False, rand_split_class=True, reg_start_epoch=10, reg_update_freq=5, res=False, resample_split_per_run=True, result_dir='results/lowlabel', runs=10, save_model=False, seed=123, test_num=1000, train_per_class=0, train_prop=0.5, use_reg=True, valid_num=500, valid_per_class=0, valid_prop=0.25, weight_decay=0.0005)
cora
Num nodes: 2708
train:torch.Size([14]), valid:torch.Size([500]), test:torch.Size([1000])
dataset cora | num nodes 2708 | num edge 10556 | num node feats 1433 | num classes 7
MODEL: MPNNs(
  (h_lins): ModuleList()
  (local_convs): ModuleList(
    (0): GCNConv(1433, 512)
    (1): GCNConv(512, 512)
    (2): GCNConv(512, 512)
  )
  (lins): ModuleList(
    (0): Linear(in_features=1433, out_features=512, bias=True)
    (1): Linear(in_features=512, out_features=512, bias=True)
    (2): Linear(in_features=512, out_features=512, bias=True)
  )
  (lns): ModuleList(
    (0): LayerNorm((512,), eps=1e-05, elementwise_affine=True)
    (1): LayerNorm((512,), eps=1e-05, elementwise_affine=True)
    (2): LayerNorm((512,), eps=1e-05, elementwise_affine=True)
  )
  (bns): ModuleList(
    (0): BatchNorm1d(512, eps=1e-05, momentum=0.1, affine=True, track_running_stats=True)
    (1): BatchNorm1d(512, eps=1e-05, momentum=0.1, affine=True, track_running_stats=True)
    (2): BatchNorm1d(512, eps=1e-05, momentum=0.1, affine=True, track_running_stats=True)
  )
  (lin_in): Linear(in_features=1433, out_features=512, bias=True)
  (pred_local): Linear(in_features=512, out_features=7, bias=True)
)
train:torch.Size([14]), valid:torch.Size([500]), test:torch.Size([1000])
Computing oracle penalty matrix from true labels...
Oracle penalty matrix frozen.
Epoch: 00, Loss: 2.0243, Train: 21.43%, Valid: 13.80%, Test: 12.90%, Best Valid: 13.80%, Best Test: 12.90%
Epoch: 100, Loss: 0.0025, Train: 100.00%, Valid: 72.40%, Test: 68.20%, Best Valid: 72.80%, Best Test: 66.90%
Epoch: 200, Loss: 0.0016, Train: 100.00%, Valid: 73.40%, Test: 69.30%, Best Valid: 74.00%, Best Test: 69.40%
Epoch: 300, Loss: 0.0014, Train: 100.00%, Valid: 72.00%, Test: 66.80%, Best Valid: 75.80%, Best Test: 70.10%
Epoch: 400, Loss: 0.0067, Train: 100.00%, Valid: 72.60%, Test: 68.20%, Best Valid: 75.80%, Best Test: 70.10%
Run 01:
Highest Train: 100.00
Highest Valid: 75.80
Highest Test: 71.40
Chosen epoch: 230
Final Train: 100.00
Final Test: 70.10
train:torch.Size([14]), valid:torch.Size([500]), test:torch.Size([1000])
Computing oracle penalty matrix from true labels...
Oracle penalty matrix frozen.
Epoch: 00, Loss: 2.0427, Train: 28.57%, Valid: 17.20%, Test: 16.20%, Best Valid: 17.20%, Best Test: 16.20%
Epoch: 100, Loss: 0.0007, Train: 100.00%, Valid: 54.40%, Test: 54.80%, Best Valid: 62.20%, Best Test: 63.50%
Epoch: 200, Loss: 0.0074, Train: 100.00%, Valid: 53.20%, Test: 53.80%, Best Valid: 62.20%, Best Test: 63.50%
Epoch: 300, Loss: 0.0068, Train: 100.00%, Valid: 61.00%, Test: 60.50%, Best Valid: 62.60%, Best Test: 61.90%
Epoch: 400, Loss: 0.0014, Train: 100.00%, Valid: 63.40%, Test: 60.50%, Best Valid: 63.40%, Best Test: 60.50%
Run 02:
Highest Train: 100.00
Highest Valid: 65.20
Highest Test: 64.20
Chosen epoch: 489
Final Train: 100.00
Final Test: 63.90
train:torch.Size([14]), valid:torch.Size([500]), test:torch.Size([1000])
Computing oracle penalty matrix from true labels...
Oracle penalty matrix frozen.
Epoch: 00, Loss: 2.0320, Train: 28.57%, Valid: 11.80%, Test: 10.60%, Best Valid: 11.80%, Best Test: 10.60%
Epoch: 100, Loss: 0.0024, Train: 100.00%, Valid: 55.80%, Test: 54.20%, Best Valid: 61.20%, Best Test: 58.60%
Epoch: 200, Loss: 0.0012, Train: 100.00%, Valid: 57.20%, Test: 58.70%, Best Valid: 61.20%, Best Test: 58.60%
Epoch: 300, Loss: 0.0010, Train: 100.00%, Valid: 52.40%, Test: 52.30%, Best Valid: 61.20%, Best Test: 58.60%
Epoch: 400, Loss: 0.0062, Train: 100.00%, Valid: 51.20%, Test: 53.30%, Best Valid: 61.20%, Best Test: 58.60%
Run 03:
Highest Train: 100.00
Highest Valid: 61.20
Highest Test: 60.20
Chosen epoch: 44
Final Train: 100.00
Final Test: 58.60
train:torch.Size([14]), valid:torch.Size([500]), test:torch.Size([1000])
Computing oracle penalty matrix from true labels...
Oracle penalty matrix frozen.
Epoch: 00, Loss: 2.0536, Train: 14.29%, Valid: 15.00%, Test: 12.20%, Best Valid: 15.00%, Best Test: 12.20%
Epoch: 100, Loss: 0.0003, Train: 100.00%, Valid: 49.00%, Test: 46.30%, Best Valid: 50.00%, Best Test: 47.00%
Epoch: 200, Loss: 0.0019, Train: 100.00%, Valid: 49.40%, Test: 48.30%, Best Valid: 50.00%, Best Test: 47.00%
Epoch: 300, Loss: 0.0011, Train: 100.00%, Valid: 51.40%, Test: 50.10%, Best Valid: 64.40%, Best Test: 63.10%
Epoch: 400, Loss: 0.0012, Train: 100.00%, Valid: 52.60%, Test: 52.10%, Best Valid: 64.40%, Best Test: 63.10%
Run 04:
Highest Train: 100.00
Highest Valid: 64.40
Highest Test: 63.20
Chosen epoch: 273
Final Train: 100.00
Final Test: 63.10
train:torch.Size([14]), valid:torch.Size([500]), test:torch.Size([1000])
Computing oracle penalty matrix from true labels...
Oracle penalty matrix frozen.
Epoch: 00, Loss: 2.0312, Train: 42.86%, Valid: 19.40%, Test: 23.30%, Best Valid: 19.40%, Best Test: 23.30%
Epoch: 100, Loss: 0.0018, Train: 100.00%, Valid: 60.20%, Test: 62.40%, Best Valid: 66.60%, Best Test: 65.30%
Epoch: 200, Loss: 0.0024, Train: 100.00%, Valid: 63.40%, Test: 63.80%, Best Valid: 66.60%, Best Test: 65.30%
Epoch: 300, Loss: 0.0026, Train: 100.00%, Valid: 61.40%, Test: 61.00%, Best Valid: 66.60%, Best Test: 65.30%
Epoch: 400, Loss: 0.0050, Train: 100.00%, Valid: 63.60%, Test: 65.20%, Best Valid: 66.60%, Best Test: 65.30%
Run 05:
Highest Train: 100.00
Highest Valid: 66.60
Highest Test: 67.70
Chosen epoch: 34
Final Train: 100.00
Final Test: 65.30
train:torch.Size([14]), valid:torch.Size([500]), test:torch.Size([1000])
Computing oracle penalty matrix from true labels...
Oracle penalty matrix frozen.
Epoch: 00, Loss: 2.0598, Train: 21.43%, Valid: 13.80%, Test: 11.80%, Best Valid: 13.80%, Best Test: 11.80%
Epoch: 100, Loss: 0.0044, Train: 100.00%, Valid: 62.40%, Test: 66.40%, Best Valid: 64.20%, Best Test: 68.30%
Epoch: 200, Loss: 0.0050, Train: 100.00%, Valid: 57.60%, Test: 60.40%, Best Valid: 64.20%, Best Test: 68.30%
Epoch: 300, Loss: 0.0018, Train: 100.00%, Valid: 59.00%, Test: 64.50%, Best Valid: 64.20%, Best Test: 68.30%
Epoch: 400, Loss: 0.0028, Train: 100.00%, Valid: 64.20%, Test: 69.80%, Best Valid: 65.40%, Best Test: 70.30%
Run 06:
Highest Train: 100.00
Highest Valid: 65.60
Highest Test: 71.10
Chosen epoch: 403
Final Train: 100.00
Final Test: 70.60
train:torch.Size([14]), valid:torch.Size([500]), test:torch.Size([1000])
Computing oracle penalty matrix from true labels...
Oracle penalty matrix frozen.
Epoch: 00, Loss: 2.0344, Train: 14.29%, Valid: 17.00%, Test: 17.60%, Best Valid: 17.00%, Best Test: 17.60%
Epoch: 100, Loss: 0.0014, Train: 100.00%, Valid: 54.40%, Test: 55.20%, Best Valid: 67.20%, Best Test: 68.50%
Epoch: 200, Loss: 0.0020, Train: 100.00%, Valid: 62.80%, Test: 63.10%, Best Valid: 67.20%, Best Test: 68.50%
Epoch: 300, Loss: 0.0011, Train: 100.00%, Valid: 57.60%, Test: 59.20%, Best Valid: 67.20%, Best Test: 68.50%
Epoch: 400, Loss: 0.0026, Train: 100.00%, Valid: 60.40%, Test: 61.90%, Best Valid: 67.20%, Best Test: 68.50%
Run 07:
Highest Train: 100.00
Highest Valid: 67.20
Highest Test: 68.50
Chosen epoch: 31
Final Train: 100.00
Final Test: 68.50
train:torch.Size([14]), valid:torch.Size([500]), test:torch.Size([1000])
Computing oracle penalty matrix from true labels...
Oracle penalty matrix frozen.
Epoch: 00, Loss: 2.0531, Train: 28.57%, Valid: 12.40%, Test: 12.20%, Best Valid: 12.40%, Best Test: 12.20%
Epoch: 100, Loss: 0.0008, Train: 100.00%, Valid: 49.80%, Test: 49.90%, Best Valid: 61.00%, Best Test: 57.90%
Epoch: 200, Loss: 0.0064, Train: 100.00%, Valid: 63.60%, Test: 60.70%, Best Valid: 64.00%, Best Test: 61.20%
Epoch: 300, Loss: 0.0047, Train: 100.00%, Valid: 53.00%, Test: 51.40%, Best Valid: 66.40%, Best Test: 63.40%
Epoch: 400, Loss: 0.0049, Train: 100.00%, Valid: 56.00%, Test: 55.60%, Best Valid: 66.40%, Best Test: 63.40%
Run 08:
Highest Train: 100.00
Highest Valid: 66.40
Highest Test: 64.50
Chosen epoch: 260
Final Train: 100.00
Final Test: 63.40
train:torch.Size([14]), valid:torch.Size([500]), test:torch.Size([1000])
Computing oracle penalty matrix from true labels...
Oracle penalty matrix frozen.
Epoch: 00, Loss: 2.0565, Train: 14.29%, Valid: 27.80%, Test: 30.00%, Best Valid: 27.80%, Best Test: 30.00%
Epoch: 100, Loss: 0.0017, Train: 100.00%, Valid: 58.00%, Test: 57.40%, Best Valid: 58.00%, Best Test: 57.70%
Epoch: 200, Loss: 0.0017, Train: 100.00%, Valid: 51.00%, Test: 52.50%, Best Valid: 59.40%, Best Test: 59.70%
Epoch: 300, Loss: 0.0039, Train: 100.00%, Valid: 55.20%, Test: 56.70%, Best Valid: 59.40%, Best Test: 59.70%
Epoch: 400, Loss: 0.0039, Train: 100.00%, Valid: 53.40%, Test: 54.60%, Best Valid: 59.40%, Best Test: 59.70%
Run 09:
Highest Train: 100.00
Highest Valid: 59.40
Highest Test: 61.30
Chosen epoch: 108
Final Train: 100.00
Final Test: 59.70
train:torch.Size([14]), valid:torch.Size([500]), test:torch.Size([1000])
Computing oracle penalty matrix from true labels...
Oracle penalty matrix frozen.
Epoch: 00, Loss: 2.0439, Train: 42.86%, Valid: 14.20%, Test: 13.40%, Best Valid: 14.20%, Best Test: 13.40%
Epoch: 100, Loss: 0.0004, Train: 100.00%, Valid: 56.20%, Test: 60.20%, Best Valid: 58.40%, Best Test: 60.60%
Epoch: 200, Loss: 0.0011, Train: 100.00%, Valid: 50.20%, Test: 55.30%, Best Valid: 58.40%, Best Test: 60.60%
Epoch: 300, Loss: 0.0025, Train: 100.00%, Valid: 52.20%, Test: 58.60%, Best Valid: 58.40%, Best Test: 60.60%
Epoch: 400, Loss: 0.0020, Train: 100.00%, Valid: 55.40%, Test: 60.30%, Best Valid: 58.40%, Best Test: 60.60%
Run 10:
Highest Train: 100.00
Highest Valid: 58.40
Highest Test: 62.10
Chosen epoch: 25
Final Train: 100.00
Final Test: 60.60
All runs:
Highest Train: 100.00 ± 0.00
Highest Test: 65.42 ± 4.02
Highest Valid: 65.02 ± 4.90
  Final Train: 100.00 ± 0.00
   Final Test: 64.38 ± 4.24
Saving results to results/lowlabel/cora/MPNN_gcn.csv
--- oracle_reg | lambda=0.1 ---
Namespace(bn=False, budget_tag='2', count_reg=False, count_smoothing=1.0, cpu=False, data_dir='./data/', dataset='cora', device=0, display_step=100, dropout=0.7, epochs=500, gnn='gcn', hidden_channels=512, jk=False, label_num_per_class=2, lambda_val=0.1, ln=False, local_layers=3, lr=0.001, metric='acc', mlp_epochs=500, mlp_reg=False, model='MPNN', model_dir='models', num_heads=1, oracle_reg=True, paired_seeds=True, penalty_transform='none', pre_linear=False, pre_ln=False, rand_split=False, rand_split_class=True, reg_start_epoch=10, reg_update_freq=5, res=False, resample_split_per_run=True, result_dir='results/lowlabel', runs=10, save_model=False, seed=123, test_num=1000, train_per_class=0, train_prop=0.5, use_reg=True, valid_num=500, valid_per_class=0, valid_prop=0.25, weight_decay=0.0005)
cora
Num nodes: 2708
train:torch.Size([14]), valid:torch.Size([500]), test:torch.Size([1000])
dataset cora | num nodes 2708 | num edge 10556 | num node feats 1433 | num classes 7
MODEL: MPNNs(
  (h_lins): ModuleList()
  (local_convs): ModuleList(
    (0): GCNConv(1433, 512)
    (1): GCNConv(512, 512)
    (2): GCNConv(512, 512)
  )
  (lins): ModuleList(
    (0): Linear(in_features=1433, out_features=512, bias=True)
    (1): Linear(in_features=512, out_features=512, bias=True)
    (2): Linear(in_features=512, out_features=512, bias=True)
  )
  (lns): ModuleList(
    (0): LayerNorm((512,), eps=1e-05, elementwise_affine=True)
    (1): LayerNorm((512,), eps=1e-05, elementwise_affine=True)
    (2): LayerNorm((512,), eps=1e-05, elementwise_affine=True)
  )
  (bns): ModuleList(
    (0): BatchNorm1d(512, eps=1e-05, momentum=0.1, affine=True, track_running_stats=True)
    (1): BatchNorm1d(512, eps=1e-05, momentum=0.1, affine=True, track_running_stats=True)
    (2): BatchNorm1d(512, eps=1e-05, momentum=0.1, affine=True, track_running_stats=True)
  )
  (lin_in): Linear(in_features=1433, out_features=512, bias=True)
  (pred_local): Linear(in_features=512, out_features=7, bias=True)
)
train:torch.Size([14]), valid:torch.Size([500]), test:torch.Size([1000])
Computing oracle penalty matrix from true labels...
Oracle penalty matrix frozen.
Epoch: 00, Loss: 2.1207, Train: 21.43%, Valid: 13.60%, Test: 12.30%, Best Valid: 13.60%, Best Test: 12.30%
Epoch: 100, Loss: 0.0022, Train: 100.00%, Valid: 72.40%, Test: 69.20%, Best Valid: 73.60%, Best Test: 68.80%
Epoch: 200, Loss: 0.0018, Train: 100.00%, Valid: 73.80%, Test: 69.10%, Best Valid: 74.00%, Best Test: 69.80%
Epoch: 300, Loss: 0.0012, Train: 100.00%, Valid: 73.00%, Test: 67.70%, Best Valid: 75.20%, Best Test: 70.30%
Epoch: 400, Loss: 0.0071, Train: 100.00%, Valid: 71.40%, Test: 68.20%, Best Valid: 75.60%, Best Test: 70.20%
Run 01:
Highest Train: 100.00
Highest Valid: 76.20
Highest Test: 72.10
Chosen epoch: 422
Final Train: 100.00
Final Test: 71.00
train:torch.Size([14]), valid:torch.Size([500]), test:torch.Size([1000])
Computing oracle penalty matrix from true labels...
Oracle penalty matrix frozen.
Epoch: 00, Loss: 2.1399, Train: 28.57%, Valid: 19.80%, Test: 18.80%, Best Valid: 19.80%, Best Test: 18.80%
Epoch: 100, Loss: 0.0007, Train: 100.00%, Valid: 57.40%, Test: 57.50%, Best Valid: 63.20%, Best Test: 65.00%
Epoch: 200, Loss: 0.0060, Train: 100.00%, Valid: 54.20%, Test: 53.20%, Best Valid: 64.00%, Best Test: 62.40%
Epoch: 300, Loss: 0.0057, Train: 100.00%, Valid: 59.80%, Test: 59.00%, Best Valid: 64.20%, Best Test: 61.90%
Epoch: 400, Loss: 0.0018, Train: 100.00%, Valid: 63.00%, Test: 60.20%, Best Valid: 64.20%, Best Test: 61.90%
Run 02:
Highest Train: 100.00
Highest Valid: 65.60
Highest Test: 65.20
Chosen epoch: 490
Final Train: 100.00
Final Test: 63.00
train:torch.Size([14]), valid:torch.Size([500]), test:torch.Size([1000])
Computing oracle penalty matrix from true labels...
Oracle penalty matrix frozen.
Epoch: 00, Loss: 2.1288, Train: 28.57%, Valid: 11.40%, Test: 12.00%, Best Valid: 11.40%, Best Test: 12.00%
Epoch: 100, Loss: 0.0023, Train: 100.00%, Valid: 55.00%, Test: 53.30%, Best Valid: 61.00%, Best Test: 58.40%
Epoch: 200, Loss: 0.0015, Train: 100.00%, Valid: 57.60%, Test: 57.80%, Best Valid: 61.00%, Best Test: 58.40%
Epoch: 300, Loss: 0.0010, Train: 100.00%, Valid: 54.00%, Test: 52.30%, Best Valid: 61.00%, Best Test: 58.40%
Epoch: 400, Loss: 0.0065, Train: 100.00%, Valid: 51.40%, Test: 53.40%, Best Valid: 61.00%, Best Test: 58.40%
Run 03:
Highest Train: 100.00
Highest Valid: 61.00
Highest Test: 60.40
Chosen epoch: 45
Final Train: 100.00
Final Test: 58.40
train:torch.Size([14]), valid:torch.Size([500]), test:torch.Size([1000])
Computing oracle penalty matrix from true labels...
Oracle penalty matrix frozen.
Epoch: 00, Loss: 2.1514, Train: 14.29%, Valid: 15.00%, Test: 12.30%, Best Valid: 15.00%, Best Test: 12.30%
Epoch: 100, Loss: 0.0003, Train: 100.00%, Valid: 48.80%, Test: 46.40%, Best Valid: 50.00%, Best Test: 48.20%
Epoch: 200, Loss: 0.0021, Train: 100.00%, Valid: 48.60%, Test: 47.00%, Best Valid: 51.00%, Best Test: 48.60%
Epoch: 300, Loss: 0.0013, Train: 100.00%, Valid: 51.40%, Test: 49.70%, Best Valid: 63.60%, Best Test: 62.20%
Epoch: 400, Loss: 0.0015, Train: 100.00%, Valid: 54.20%, Test: 52.90%, Best Valid: 63.60%, Best Test: 62.20%
Run 04:
Highest Train: 100.00
Highest Valid: 63.60
Highest Test: 63.00
Chosen epoch: 277
Final Train: 100.00
Final Test: 62.20
train:torch.Size([14]), valid:torch.Size([500]), test:torch.Size([1000])
Computing oracle penalty matrix from true labels...
Oracle penalty matrix frozen.
Epoch: 00, Loss: 2.1280, Train: 42.86%, Valid: 22.20%, Test: 25.60%, Best Valid: 22.20%, Best Test: 25.60%
Epoch: 100, Loss: 0.0018, Train: 100.00%, Valid: 59.00%, Test: 60.90%, Best Valid: 63.60%, Best Test: 62.00%
Epoch: 200, Loss: 0.0024, Train: 100.00%, Valid: 62.60%, Test: 64.50%, Best Valid: 63.60%, Best Test: 62.00%
Epoch: 300, Loss: 0.0030, Train: 100.00%, Valid: 62.20%, Test: 62.00%, Best Valid: 64.60%, Best Test: 65.40%
Epoch: 400, Loss: 0.0042, Train: 100.00%, Valid: 63.80%, Test: 65.70%, Best Valid: 66.20%, Best Test: 66.00%
Run 05:
Highest Train: 100.00
Highest Valid: 66.20
Highest Test: 66.50
Chosen epoch: 329
Final Train: 100.00
Final Test: 66.00
train:torch.Size([14]), valid:torch.Size([500]), test:torch.Size([1000])
Computing oracle penalty matrix from true labels...
Oracle penalty matrix frozen.
Epoch: 00, Loss: 2.1579, Train: 21.43%, Valid: 13.80%, Test: 11.60%, Best Valid: 13.80%, Best Test: 11.60%
Epoch: 100, Loss: 0.0030, Train: 100.00%, Valid: 61.00%, Test: 64.50%, Best Valid: 64.40%, Best Test: 68.30%
Epoch: 200, Loss: 0.0055, Train: 100.00%, Valid: 58.00%, Test: 62.30%, Best Valid: 64.40%, Best Test: 68.30%
Epoch: 300, Loss: 0.0023, Train: 100.00%, Valid: 59.40%, Test: 64.40%, Best Valid: 64.40%, Best Test: 68.30%
Epoch: 400, Loss: 0.0020, Train: 100.00%, Valid: 64.40%, Test: 69.30%, Best Valid: 65.40%, Best Test: 70.20%
Run 06:
Highest Train: 100.00
Highest Valid: 65.60
Highest Test: 70.50
Chosen epoch: 404
Final Train: 100.00
Final Test: 70.50
train:torch.Size([14]), valid:torch.Size([500]), test:torch.Size([1000])
Computing oracle penalty matrix from true labels...
Oracle penalty matrix frozen.
Epoch: 00, Loss: 2.1313, Train: 14.29%, Valid: 16.20%, Test: 18.20%, Best Valid: 16.20%, Best Test: 18.20%
Epoch: 100, Loss: 0.0018, Train: 100.00%, Valid: 56.80%, Test: 56.60%, Best Valid: 69.20%, Best Test: 70.00%
Epoch: 200, Loss: 0.0020, Train: 100.00%, Valid: 62.00%, Test: 62.60%, Best Valid: 69.20%, Best Test: 70.00%
Epoch: 300, Loss: 0.0012, Train: 100.00%, Valid: 59.20%, Test: 61.10%, Best Valid: 69.20%, Best Test: 70.00%
Epoch: 400, Loss: 0.0032, Train: 100.00%, Valid: 61.00%, Test: 62.70%, Best Valid: 69.20%, Best Test: 70.00%
Run 07:
Highest Train: 100.00
Highest Valid: 69.20
Highest Test: 70.00
Chosen epoch: 31
Final Train: 100.00
Final Test: 70.00
train:torch.Size([14]), valid:torch.Size([500]), test:torch.Size([1000])
Computing oracle penalty matrix from true labels...
Oracle penalty matrix frozen.
Epoch: 00, Loss: 2.1509, Train: 21.43%, Valid: 13.80%, Test: 11.90%, Best Valid: 13.80%, Best Test: 11.90%
Epoch: 100, Loss: 0.0006, Train: 100.00%, Valid: 52.20%, Test: 52.00%, Best Valid: 57.40%, Best Test: 55.60%
Epoch: 200, Loss: 0.0056, Train: 100.00%, Valid: 62.20%, Test: 60.30%, Best Valid: 62.80%, Best Test: 60.30%
Epoch: 300, Loss: 0.0040, Train: 100.00%, Valid: 53.40%, Test: 51.30%, Best Valid: 65.80%, Best Test: 61.10%
Epoch: 400, Loss: 0.0058, Train: 100.00%, Valid: 55.00%, Test: 54.30%, Best Valid: 65.80%, Best Test: 61.10%
Run 08:
Highest Train: 100.00
Highest Valid: 66.20
Highest Test: 64.50
Chosen epoch: 481
Final Train: 100.00
Final Test: 64.50
train:torch.Size([14]), valid:torch.Size([500]), test:torch.Size([1000])
Computing oracle penalty matrix from true labels...
Oracle penalty matrix frozen.
Epoch: 00, Loss: 2.1544, Train: 14.29%, Valid: 29.00%, Test: 31.10%, Best Valid: 29.00%, Best Test: 31.10%
Epoch: 100, Loss: 0.0017, Train: 100.00%, Valid: 55.80%, Test: 56.70%, Best Valid: 58.20%, Best Test: 60.20%
Epoch: 200, Loss: 0.0026, Train: 100.00%, Valid: 49.60%, Test: 51.70%, Best Valid: 59.00%, Best Test: 61.00%
Epoch: 300, Loss: 0.0035, Train: 100.00%, Valid: 54.00%, Test: 56.00%, Best Valid: 59.00%, Best Test: 61.00%
Epoch: 400, Loss: 0.0059, Train: 100.00%, Valid: 54.60%, Test: 55.30%, Best Valid: 59.00%, Best Test: 61.00%
Run 09:
Highest Train: 100.00
Highest Valid: 59.20
Highest Test: 61.00
Chosen epoch: 413
Final Train: 100.00
Final Test: 58.10
train:torch.Size([14]), valid:torch.Size([500]), test:torch.Size([1000])
Computing oracle penalty matrix from true labels...
Oracle penalty matrix frozen.
Epoch: 00, Loss: 2.1412, Train: 35.71%, Valid: 12.80%, Test: 14.10%, Best Valid: 12.80%, Best Test: 14.10%
Epoch: 100, Loss: 0.0006, Train: 100.00%, Valid: 55.20%, Test: 60.80%, Best Valid: 57.20%, Best Test: 59.90%
Epoch: 200, Loss: 0.0016, Train: 100.00%, Valid: 52.20%, Test: 55.50%, Best Valid: 57.20%, Best Test: 59.90%
Epoch: 300, Loss: 0.0024, Train: 100.00%, Valid: 54.20%, Test: 59.70%, Best Valid: 57.20%, Best Test: 59.90%
Epoch: 400, Loss: 0.0028, Train: 100.00%, Valid: 59.20%, Test: 62.60%, Best Valid: 59.60%, Best Test: 62.40%
Run 10:
Highest Train: 100.00
Highest Valid: 59.60
Highest Test: 62.60
Chosen epoch: 399
Final Train: 100.00
Final Test: 62.40
All runs:
Highest Train: 100.00 ± 0.00
Highest Test: 65.58 ± 4.11
Highest Valid: 65.24 ± 5.02
  Final Train: 100.00 ± 0.00
   Final Test: 64.61 ± 4.72
Saving results to results/lowlabel/cora/MPNN_gcn.csv
--- oracle_reg | lambda=0.2 ---
Namespace(bn=False, budget_tag='2', count_reg=False, count_smoothing=1.0, cpu=False, data_dir='./data/', dataset='cora', device=0, display_step=100, dropout=0.7, epochs=500, gnn='gcn', hidden_channels=512, jk=False, label_num_per_class=2, lambda_val=0.2, ln=False, local_layers=3, lr=0.001, metric='acc', mlp_epochs=500, mlp_reg=False, model='MPNN', model_dir='models', num_heads=1, oracle_reg=True, paired_seeds=True, penalty_transform='none', pre_linear=False, pre_ln=False, rand_split=False, rand_split_class=True, reg_start_epoch=10, reg_update_freq=5, res=False, resample_split_per_run=True, result_dir='results/lowlabel', runs=10, save_model=False, seed=123, test_num=1000, train_per_class=0, train_prop=0.5, use_reg=True, valid_num=500, valid_per_class=0, valid_prop=0.25, weight_decay=0.0005)
cora
Num nodes: 2708
train:torch.Size([14]), valid:torch.Size([500]), test:torch.Size([1000])
dataset cora | num nodes 2708 | num edge 10556 | num node feats 1433 | num classes 7
MODEL: MPNNs(
  (h_lins): ModuleList()
  (local_convs): ModuleList(
    (0): GCNConv(1433, 512)
    (1): GCNConv(512, 512)
    (2): GCNConv(512, 512)
  )
  (lins): ModuleList(
    (0): Linear(in_features=1433, out_features=512, bias=True)
    (1): Linear(in_features=512, out_features=512, bias=True)
    (2): Linear(in_features=512, out_features=512, bias=True)
  )
  (lns): ModuleList(
    (0): LayerNorm((512,), eps=1e-05, elementwise_affine=True)
    (1): LayerNorm((512,), eps=1e-05, elementwise_affine=True)
    (2): LayerNorm((512,), eps=1e-05, elementwise_affine=True)
  )
  (bns): ModuleList(
    (0): BatchNorm1d(512, eps=1e-05, momentum=0.1, affine=True, track_running_stats=True)
    (1): BatchNorm1d(512, eps=1e-05, momentum=0.1, affine=True, track_running_stats=True)
    (2): BatchNorm1d(512, eps=1e-05, momentum=0.1, affine=True, track_running_stats=True)
  )
  (lin_in): Linear(in_features=1433, out_features=512, bias=True)
  (pred_local): Linear(in_features=512, out_features=7, bias=True)
)
train:torch.Size([14]), valid:torch.Size([500]), test:torch.Size([1000])
Computing oracle penalty matrix from true labels...
Oracle penalty matrix frozen.
Epoch: 00, Loss: 2.3134, Train: 14.29%, Valid: 13.20%, Test: 11.90%, Best Valid: 13.20%, Best Test: 11.90%
Epoch: 100, Loss: 0.0016, Train: 100.00%, Valid: 73.00%, Test: 70.10%, Best Valid: 73.20%, Best Test: 69.90%
Epoch: 200, Loss: 0.0021, Train: 100.00%, Valid: 73.20%, Test: 70.40%, Best Valid: 74.80%, Best Test: 72.00%
Epoch: 300, Loss: 0.0016, Train: 100.00%, Valid: 71.20%, Test: 67.90%, Best Valid: 75.80%, Best Test: 71.10%
Epoch: 400, Loss: 0.0057, Train: 100.00%, Valid: 74.00%, Test: 70.70%, Best Valid: 76.60%, Best Test: 70.90%
Run 01:
Highest Train: 100.00
Highest Valid: 76.80
Highest Test: 73.50
Chosen epoch: 423
Final Train: 100.00
Final Test: 71.90
train:torch.Size([14]), valid:torch.Size([500]), test:torch.Size([1000])
Computing oracle penalty matrix from true labels...
Oracle penalty matrix frozen.
Epoch: 00, Loss: 2.3345, Train: 28.57%, Valid: 21.00%, Test: 21.00%, Best Valid: 21.00%, Best Test: 21.00%
Epoch: 100, Loss: 0.0007, Train: 100.00%, Valid: 58.40%, Test: 61.10%, Best Valid: 60.80%, Best Test: 62.50%
Epoch: 200, Loss: 0.0056, Train: 100.00%, Valid: 58.00%, Test: 58.20%, Best Valid: 63.40%, Best Test: 60.40%
Epoch: 300, Loss: 0.0087, Train: 100.00%, Valid: 61.80%, Test: 61.30%, Best Valid: 64.60%, Best Test: 62.80%
Epoch: 400, Loss: 0.0022, Train: 100.00%, Valid: 63.60%, Test: 61.50%, Best Valid: 64.60%, Best Test: 62.80%
Run 02:
Highest Train: 100.00
Highest Valid: 67.20
Highest Test: 64.70
Chosen epoch: 485
Final Train: 100.00
Final Test: 64.10
train:torch.Size([14]), valid:torch.Size([500]), test:torch.Size([1000])
Computing oracle penalty matrix from true labels...
Oracle penalty matrix frozen.
Epoch: 00, Loss: 2.3223, Train: 21.43%, Valid: 11.60%, Test: 12.50%, Best Valid: 11.60%, Best Test: 12.50%
Epoch: 100, Loss: 0.0022, Train: 100.00%, Valid: 54.00%, Test: 52.20%, Best Valid: 60.20%, Best Test: 59.20%
Epoch: 200, Loss: 0.0013, Train: 100.00%, Valid: 57.20%, Test: 57.80%, Best Valid: 61.00%, Best Test: 59.60%
Epoch: 300, Loss: 0.0012, Train: 100.00%, Valid: 53.20%, Test: 53.70%, Best Valid: 61.00%, Best Test: 59.60%
Epoch: 400, Loss: 0.0066, Train: 100.00%, Valid: 53.80%, Test: 56.00%, Best Valid: 61.00%, Best Test: 59.60%
Run 03:
Highest Train: 100.00
Highest Valid: 61.00
Highest Test: 60.50
Chosen epoch: 187
Final Train: 100.00
Final Test: 59.60
train:torch.Size([14]), valid:torch.Size([500]), test:torch.Size([1000])
Computing oracle penalty matrix from true labels...
Oracle penalty matrix frozen.
Epoch: 00, Loss: 2.3470, Train: 14.29%, Valid: 15.00%, Test: 12.20%, Best Valid: 15.00%, Best Test: 12.20%
Epoch: 100, Loss: 0.0004, Train: 100.00%, Valid: 49.20%, Test: 46.50%, Best Valid: 50.00%, Best Test: 47.20%
Epoch: 200, Loss: 0.0019, Train: 100.00%, Valid: 48.40%, Test: 47.70%, Best Valid: 50.60%, Best Test: 48.90%
Epoch: 300, Loss: 0.0015, Train: 100.00%, Valid: 49.60%, Test: 48.30%, Best Valid: 63.80%, Best Test: 64.40%
Epoch: 400, Loss: 0.0018, Train: 100.00%, Valid: 53.00%, Test: 51.10%, Best Valid: 63.80%, Best Test: 64.40%
Run 04:
Highest Train: 100.00
Highest Valid: 63.80
Highest Test: 65.00
Chosen epoch: 274
Final Train: 100.00
Final Test: 64.40
train:torch.Size([14]), valid:torch.Size([500]), test:torch.Size([1000])
Computing oracle penalty matrix from true labels...
Oracle penalty matrix frozen.
Epoch: 00, Loss: 2.3214, Train: 42.86%, Valid: 24.60%, Test: 26.50%, Best Valid: 24.60%, Best Test: 26.50%
Epoch: 100, Loss: 0.0019, Train: 100.00%, Valid: 54.20%, Test: 55.70%, Best Valid: 59.20%, Best Test: 58.60%
Epoch: 200, Loss: 0.0022, Train: 100.00%, Valid: 57.00%, Test: 59.70%, Best Valid: 59.20%, Best Test: 58.60%
Epoch: 300, Loss: 0.0022, Train: 100.00%, Valid: 61.20%, Test: 61.40%, Best Valid: 62.80%, Best Test: 61.40%
Epoch: 400, Loss: 0.0056, Train: 100.00%, Valid: 62.00%, Test: 62.70%, Best Valid: 66.00%, Best Test: 66.60%
Run 05:
Highest Train: 100.00
Highest Valid: 66.00
Highest Test: 66.90
Chosen epoch: 326
Final Train: 100.00
Final Test: 66.60
train:torch.Size([14]), valid:torch.Size([500]), test:torch.Size([1000])
Computing oracle penalty matrix from true labels...
Oracle penalty matrix frozen.
Epoch: 00, Loss: 2.3540, Train: 21.43%, Valid: 13.60%, Test: 11.30%, Best Valid: 13.60%, Best Test: 11.30%
Epoch: 100, Loss: 0.0045, Train: 100.00%, Valid: 59.20%, Test: 64.10%, Best Valid: 63.80%, Best Test: 67.70%
Epoch: 200, Loss: 0.0040, Train: 100.00%, Valid: 57.80%, Test: 62.90%, Best Valid: 63.80%, Best Test: 67.70%
Epoch: 300, Loss: 0.0030, Train: 100.00%, Valid: 60.40%, Test: 65.10%, Best Valid: 64.40%, Best Test: 68.20%
Epoch: 400, Loss: 0.0022, Train: 100.00%, Valid: 65.40%, Test: 68.70%, Best Valid: 66.80%, Best Test: 70.80%
Run 06:
Highest Train: 100.00
Highest Valid: 66.80
Highest Test: 71.10
Chosen epoch: 364
Final Train: 100.00
Final Test: 70.80
train:torch.Size([14]), valid:torch.Size([500]), test:torch.Size([1000])
Computing oracle penalty matrix from true labels...
Oracle penalty matrix frozen.
Epoch: 00, Loss: 2.3251, Train: 21.43%, Valid: 15.40%, Test: 17.60%, Best Valid: 15.40%, Best Test: 17.60%
Epoch: 100, Loss: 0.0013, Train: 100.00%, Valid: 60.20%, Test: 61.70%, Best Valid: 69.00%, Best Test: 70.40%
Epoch: 200, Loss: 0.0018, Train: 100.00%, Valid: 64.00%, Test: 64.50%, Best Valid: 69.00%, Best Test: 70.40%
Epoch: 300, Loss: 0.0014, Train: 100.00%, Valid: 61.40%, Test: 63.50%, Best Valid: 69.00%, Best Test: 70.40%
Epoch: 400, Loss: 0.0051, Train: 100.00%, Valid: 60.80%, Test: 64.30%, Best Valid: 69.00%, Best Test: 70.40%
Run 07:
Highest Train: 100.00
Highest Valid: 69.00
Highest Test: 71.40
Chosen epoch: 31
Final Train: 100.00
Final Test: 70.40
train:torch.Size([14]), valid:torch.Size([500]), test:torch.Size([1000])
Computing oracle penalty matrix from true labels...
Oracle penalty matrix frozen.
Epoch: 00, Loss: 2.3464, Train: 21.43%, Valid: 14.00%, Test: 12.20%, Best Valid: 14.00%, Best Test: 12.20%
Epoch: 100, Loss: 0.0007, Train: 100.00%, Valid: 50.80%, Test: 48.20%, Best Valid: 52.80%, Best Test: 49.50%
Epoch: 200, Loss: 0.0093, Train: 100.00%, Valid: 61.80%, Test: 59.10%, Best Valid: 61.80%, Best Test: 59.10%
Epoch: 300, Loss: 0.0040, Train: 100.00%, Valid: 51.00%, Test: 49.70%, Best Valid: 64.00%, Best Test: 61.30%
Epoch: 400, Loss: 0.0082, Train: 100.00%, Valid: 56.80%, Test: 55.40%, Best Valid: 64.80%, Best Test: 62.40%
Run 08:
Highest Train: 100.00
Highest Valid: 65.80
Highest Test: 64.60
Chosen epoch: 477
Final Train: 100.00
Final Test: 62.60
train:torch.Size([14]), valid:torch.Size([500]), test:torch.Size([1000])
Computing oracle penalty matrix from true labels...
Oracle penalty matrix frozen.
Epoch: 00, Loss: 2.3503, Train: 14.29%, Valid: 29.20%, Test: 31.60%, Best Valid: 29.20%, Best Test: 31.60%
Epoch: 100, Loss: 0.0033, Train: 100.00%, Valid: 56.60%, Test: 57.20%, Best Valid: 61.00%, Best Test: 61.80%
Epoch: 200, Loss: 0.0022, Train: 100.00%, Valid: 49.80%, Test: 51.70%, Best Valid: 61.00%, Best Test: 61.80%
Epoch: 300, Loss: 0.0036, Train: 100.00%, Valid: 55.00%, Test: 57.20%, Best Valid: 61.00%, Best Test: 61.80%
Epoch: 400, Loss: 0.0061, Train: 100.00%, Valid: 55.40%, Test: 56.10%, Best Valid: 61.00%, Best Test: 61.80%
Run 09:
Highest Train: 100.00
Highest Valid: 61.00
Highest Test: 63.50
Chosen epoch: 45
Final Train: 100.00
Final Test: 61.80
train:torch.Size([14]), valid:torch.Size([500]), test:torch.Size([1000])
Computing oracle penalty matrix from true labels...
Oracle penalty matrix frozen.
Epoch: 00, Loss: 2.3359, Train: 35.71%, Valid: 13.00%, Test: 14.20%, Best Valid: 13.00%, Best Test: 14.20%
Epoch: 100, Loss: 0.0006, Train: 100.00%, Valid: 54.80%, Test: 60.70%, Best Valid: 58.60%, Best Test: 60.50%
Epoch: 200, Loss: 0.0016, Train: 100.00%, Valid: 51.80%, Test: 54.80%, Best Valid: 58.60%, Best Test: 60.50%
Epoch: 300, Loss: 0.0035, Train: 100.00%, Valid: 57.20%, Test: 59.90%, Best Valid: 58.60%, Best Test: 60.50%
Epoch: 400, Loss: 0.0027, Train: 100.00%, Valid: 58.40%, Test: 62.60%, Best Valid: 58.60%, Best Test: 60.50%
Run 10:
Highest Train: 100.00
Highest Valid: 59.00
Highest Test: 62.60
Chosen epoch: 405
Final Train: 100.00
Final Test: 62.10
All runs:
Highest Train: 100.00 ± 0.00
Highest Test: 66.38 ± 4.26
Highest Valid: 65.64 ± 5.06
  Final Train: 100.00 ± 0.00
   Final Test: 65.43 ± 4.29
Saving results to results/lowlabel/cora/MPNN_gcn.csv
--- oracle_reg | lambda=0.4 ---
Namespace(bn=False, budget_tag='2', count_reg=False, count_smoothing=1.0, cpu=False, data_dir='./data/', dataset='cora', device=0, display_step=100, dropout=0.7, epochs=500, gnn='gcn', hidden_channels=512, jk=False, label_num_per_class=2, lambda_val=0.4, ln=False, local_layers=3, lr=0.001, metric='acc', mlp_epochs=500, mlp_reg=False, model='MPNN', model_dir='models', num_heads=1, oracle_reg=True, paired_seeds=True, penalty_transform='none', pre_linear=False, pre_ln=False, rand_split=False, rand_split_class=True, reg_start_epoch=10, reg_update_freq=5, res=False, resample_split_per_run=True, result_dir='results/lowlabel', runs=10, save_model=False, seed=123, test_num=1000, train_per_class=0, train_prop=0.5, use_reg=True, valid_num=500, valid_per_class=0, valid_prop=0.25, weight_decay=0.0005)
cora
Num nodes: 2708
train:torch.Size([14]), valid:torch.Size([500]), test:torch.Size([1000])
dataset cora | num nodes 2708 | num edge 10556 | num node feats 1433 | num classes 7
MODEL: MPNNs(
  (h_lins): ModuleList()
  (local_convs): ModuleList(
    (0): GCNConv(1433, 512)
    (1): GCNConv(512, 512)
    (2): GCNConv(512, 512)
  )
  (lins): ModuleList(
    (0): Linear(in_features=1433, out_features=512, bias=True)
    (1): Linear(in_features=512, out_features=512, bias=True)
    (2): Linear(in_features=512, out_features=512, bias=True)
  )
  (lns): ModuleList(
    (0): LayerNorm((512,), eps=1e-05, elementwise_affine=True)
    (1): LayerNorm((512,), eps=1e-05, elementwise_affine=True)
    (2): LayerNorm((512,), eps=1e-05, elementwise_affine=True)
  )
  (bns): ModuleList(
    (0): BatchNorm1d(512, eps=1e-05, momentum=0.1, affine=True, track_running_stats=True)
    (1): BatchNorm1d(512, eps=1e-05, momentum=0.1, affine=True, track_running_stats=True)
    (2): BatchNorm1d(512, eps=1e-05, momentum=0.1, affine=True, track_running_stats=True)
  )
  (lin_in): Linear(in_features=1433, out_features=512, bias=True)
  (pred_local): Linear(in_features=512, out_features=7, bias=True)
)
train:torch.Size([14]), valid:torch.Size([500]), test:torch.Size([1000])
Computing oracle penalty matrix from true labels...
Oracle penalty matrix frozen.
Epoch: 00, Loss: 2.6990, Train: 14.29%, Valid: 13.00%, Test: 11.40%, Best Valid: 13.00%, Best Test: 11.40%
Epoch: 100, Loss: 0.0020, Train: 100.00%, Valid: 69.40%, Test: 65.80%, Best Valid: 70.20%, Best Test: 66.00%
Epoch: 200, Loss: 0.0023, Train: 100.00%, Valid: 69.60%, Test: 68.00%, Best Valid: 70.80%, Best Test: 68.30%
Epoch: 300, Loss: 0.0015, Train: 100.00%, Valid: 67.60%, Test: 64.50%, Best Valid: 72.00%, Best Test: 70.70%
Epoch: 400, Loss: 0.0042, Train: 100.00%, Valid: 70.80%, Test: 68.80%, Best Valid: 74.80%, Best Test: 69.90%
Run 01:
Highest Train: 100.00
Highest Valid: 75.60
Highest Test: 71.60
Chosen epoch: 416
Final Train: 100.00
Final Test: 71.20
train:torch.Size([14]), valid:torch.Size([500]), test:torch.Size([1000])
Computing oracle penalty matrix from true labels...
Oracle penalty matrix frozen.
Epoch: 00, Loss: 2.7235, Train: 21.43%, Valid: 24.20%, Test: 23.70%, Best Valid: 24.20%, Best Test: 23.70%
Epoch: 100, Loss: 0.0013, Train: 100.00%, Valid: 24.40%, Test: 24.00%, Best Valid: 31.00%, Best Test: 31.60%
Epoch: 200, Loss: 0.0054, Train: 100.00%, Valid: 31.40%, Test: 29.50%, Best Valid: 31.40%, Best Test: 29.50%
Epoch: 300, Loss: 0.0121, Train: 100.00%, Valid: 33.40%, Test: 32.90%, Best Valid: 35.40%, Best Test: 37.60%
Epoch: 400, Loss: 0.0029, Train: 100.00%, Valid: 33.20%, Test: 33.60%, Best Valid: 35.40%, Best Test: 37.60%
Run 02:
Highest Train: 100.00
Highest Valid: 36.00
Highest Test: 37.60
Chosen epoch: 497
Final Train: 100.00
Final Test: 35.90
train:torch.Size([14]), valid:torch.Size([500]), test:torch.Size([1000])
Computing oracle penalty matrix from true labels...
Oracle penalty matrix frozen.
Epoch: 00, Loss: 2.7094, Train: 28.57%, Valid: 10.20%, Test: 12.10%, Best Valid: 10.20%, Best Test: 12.10%
Epoch: 100, Loss: 0.0043, Train: 100.00%, Valid: 48.60%, Test: 45.70%, Best Valid: 48.60%, Best Test: 45.70%
Epoch: 200, Loss: 0.0013, Train: 100.00%, Valid: 51.40%, Test: 51.40%, Best Valid: 51.40%, Best Test: 51.40%
Epoch: 300, Loss: 0.0018, Train: 100.00%, Valid: 51.40%, Test: 50.00%, Best Valid: 54.20%, Best Test: 52.70%
Epoch: 400, Loss: 0.0058, Train: 100.00%, Valid: 55.60%, Test: 55.60%, Best Valid: 56.80%, Best Test: 56.00%
Run 03:
Highest Train: 100.00
Highest Valid: 57.60
Highest Test: 58.50
Chosen epoch: 457
Final Train: 100.00
Final Test: 58.40
train:torch.Size([14]), valid:torch.Size([500]), test:torch.Size([1000])
Computing oracle penalty matrix from true labels...
Oracle penalty matrix frozen.
Epoch: 00, Loss: 2.7381, Train: 14.29%, Valid: 15.00%, Test: 12.20%, Best Valid: 15.00%, Best Test: 12.20%
Epoch: 100, Loss: 0.0003, Train: 100.00%, Valid: 45.00%, Test: 43.60%, Best Valid: 45.00%, Best Test: 43.10%
Epoch: 200, Loss: 0.0014, Train: 100.00%, Valid: 45.60%, Test: 43.80%, Best Valid: 45.80%, Best Test: 43.60%
Epoch: 300, Loss: 0.0019, Train: 100.00%, Valid: 45.40%, Test: 43.90%, Best Valid: 53.00%, Best Test: 50.20%
Epoch: 400, Loss: 0.0028, Train: 100.00%, Valid: 45.60%, Test: 44.20%, Best Valid: 53.00%, Best Test: 50.20%
Run 04:
Highest Train: 100.00
Highest Valid: 53.00
Highest Test: 50.30
Chosen epoch: 275
Final Train: 100.00
Final Test: 50.20
train:torch.Size([14]), valid:torch.Size([500]), test:torch.Size([1000])
Computing oracle penalty matrix from true labels...
Oracle penalty matrix frozen.
Epoch: 00, Loss: 2.7083, Train: 35.71%, Valid: 28.60%, Test: 27.60%, Best Valid: 28.60%, Best Test: 27.60%
Epoch: 100, Loss: 0.0021, Train: 100.00%, Valid: 26.40%, Test: 26.40%, Best Valid: 28.60%, Best Test: 27.60%
Epoch: 200, Loss: 0.0036, Train: 100.00%, Valid: 30.60%, Test: 30.50%, Best Valid: 31.80%, Best Test: 30.90%
Epoch: 300, Loss: 0.0024, Train: 100.00%, Valid: 38.80%, Test: 37.60%, Best Valid: 38.80%, Best Test: 37.60%
Epoch: 400, Loss: 0.0089, Train: 100.00%, Valid: 45.20%, Test: 45.20%, Best Valid: 47.40%, Best Test: 47.00%
Run 05:
Highest Train: 100.00
Highest Valid: 56.00
Highest Test: 55.40
Chosen epoch: 480
Final Train: 100.00
Final Test: 54.80
train:torch.Size([14]), valid:torch.Size([500]), test:torch.Size([1000])
Computing oracle penalty matrix from true labels...
Oracle penalty matrix frozen.
Epoch: 00, Loss: 2.7464, Train: 14.29%, Valid: 12.80%, Test: 11.40%, Best Valid: 12.80%, Best Test: 11.40%
Epoch: 100, Loss: 0.0041, Train: 100.00%, Valid: 59.80%, Test: 63.10%, Best Valid: 62.20%, Best Test: 64.10%
Epoch: 200, Loss: 0.0037, Train: 100.00%, Valid: 60.20%, Test: 64.20%, Best Valid: 63.00%, Best Test: 65.70%
Epoch: 300, Loss: 0.0021, Train: 100.00%, Valid: 62.20%, Test: 65.70%, Best Valid: 65.00%, Best Test: 68.70%
Epoch: 400, Loss: 0.0027, Train: 100.00%, Valid: 65.80%, Test: 69.20%, Best Valid: 65.80%, Best Test: 69.20%
Run 06:
Highest Train: 100.00
Highest Valid: 67.00
Highest Test: 69.80
Chosen epoch: 499
Final Train: 100.00
Final Test: 69.70
train:torch.Size([14]), valid:torch.Size([500]), test:torch.Size([1000])
Computing oracle penalty matrix from true labels...
Oracle penalty matrix frozen.
Epoch: 00, Loss: 2.7126, Train: 21.43%, Valid: 14.40%, Test: 16.60%, Best Valid: 14.40%, Best Test: 16.60%
Epoch: 100, Loss: 0.0018, Train: 100.00%, Valid: 35.00%, Test: 36.50%, Best Valid: 42.20%, Best Test: 42.00%
Epoch: 200, Loss: 0.0029, Train: 100.00%, Valid: 46.40%, Test: 48.60%, Best Valid: 46.60%, Best Test: 48.60%
Epoch: 300, Loss: 0.0014, Train: 100.00%, Valid: 47.20%, Test: 48.90%, Best Valid: 48.20%, Best Test: 49.80%
Epoch: 400, Loss: 0.0067, Train: 100.00%, Valid: 55.60%, Test: 55.90%, Best Valid: 57.80%, Best Test: 57.20%
Run 07:
Highest Train: 100.00
Highest Valid: 63.20
Highest Test: 63.00
Chosen epoch: 481
Final Train: 100.00
Final Test: 62.50
train:torch.Size([14]), valid:torch.Size([500]), test:torch.Size([1000])
Computing oracle penalty matrix from true labels...
Oracle penalty matrix frozen.
Epoch: 00, Loss: 2.7375, Train: 14.29%, Valid: 14.20%, Test: 12.40%, Best Valid: 14.20%, Best Test: 12.40%
Epoch: 100, Loss: 0.0020, Train: 100.00%, Valid: 18.00%, Test: 17.00%, Best Valid: 18.20%, Best Test: 16.90%
Epoch: 200, Loss: 0.0136, Train: 100.00%, Valid: 25.20%, Test: 23.10%, Best Valid: 25.20%, Best Test: 22.70%
Epoch: 300, Loss: 0.0050, Train: 100.00%, Valid: 27.40%, Test: 25.70%, Best Valid: 28.20%, Best Test: 26.00%
Epoch: 400, Loss: 0.0093, Train: 100.00%, Valid: 31.80%, Test: 29.20%, Best Valid: 33.80%, Best Test: 31.30%
Run 08:
Highest Train: 100.00
Highest Valid: 46.00
Highest Test: 42.40
Chosen epoch: 449
Final Train: 100.00
Final Test: 42.30
train:torch.Size([14]), valid:torch.Size([500]), test:torch.Size([1000])
Computing oracle penalty matrix from true labels...
Oracle penalty matrix frozen.
Epoch: 00, Loss: 2.7420, Train: 14.29%, Valid: 29.20%, Test: 31.50%, Best Valid: 29.20%, Best Test: 31.50%
Epoch: 100, Loss: 0.0022, Train: 100.00%, Valid: 58.40%, Test: 62.20%, Best Valid: 61.80%, Best Test: 62.00%
Epoch: 200, Loss: 0.0020, Train: 100.00%, Valid: 61.40%, Test: 64.00%, Best Valid: 66.40%, Best Test: 65.70%
Epoch: 300, Loss: 0.0022, Train: 100.00%, Valid: 65.40%, Test: 66.90%, Best Valid: 66.40%, Best Test: 65.70%
Epoch: 400, Loss: 0.0032, Train: 100.00%, Valid: 60.00%, Test: 58.20%, Best Valid: 66.40%, Best Test: 65.70%
Run 09:
Highest Train: 100.00
Highest Valid: 66.40
Highest Test: 67.40
Chosen epoch: 168
Final Train: 100.00
Final Test: 65.70
train:torch.Size([14]), valid:torch.Size([500]), test:torch.Size([1000])
Computing oracle penalty matrix from true labels...
Oracle penalty matrix frozen.
Epoch: 00, Loss: 2.7252, Train: 21.43%, Valid: 13.00%, Test: 14.30%, Best Valid: 13.00%, Best Test: 14.30%
Epoch: 100, Loss: 0.0007, Train: 100.00%, Valid: 34.80%, Test: 41.50%, Best Valid: 42.20%, Best Test: 49.10%
Epoch: 200, Loss: 0.0010, Train: 100.00%, Valid: 41.20%, Test: 46.60%, Best Valid: 47.80%, Best Test: 50.90%
Epoch: 300, Loss: 0.0044, Train: 100.00%, Valid: 48.80%, Test: 51.70%, Best Valid: 48.80%, Best Test: 51.70%
Epoch: 400, Loss: 0.0025, Train: 100.00%, Valid: 49.60%, Test: 54.90%, Best Valid: 49.60%, Best Test: 54.90%
Run 10:
Highest Train: 100.00
Highest Valid: 50.60
Highest Test: 55.60
Chosen epoch: 494
Final Train: 100.00
Final Test: 53.90
All runs:
Highest Train: 100.00 ± 0.00
Highest Test: 57.16 ± 11.36
Highest Valid: 57.14 ± 11.51
  Final Train: 100.00 ± 0.00
   Final Test: 56.46 ± 11.50
Saving results to results/lowlabel/cora/MPNN_gcn.csv
--- oracle_reg | lambda=0.8 ---
Namespace(bn=False, budget_tag='2', count_reg=False, count_smoothing=1.0, cpu=False, data_dir='./data/', dataset='cora', device=0, display_step=100, dropout=0.7, epochs=500, gnn='gcn', hidden_channels=512, jk=False, label_num_per_class=2, lambda_val=0.8, ln=False, local_layers=3, lr=0.001, metric='acc', mlp_epochs=500, mlp_reg=False, model='MPNN', model_dir='models', num_heads=1, oracle_reg=True, paired_seeds=True, penalty_transform='none', pre_linear=False, pre_ln=False, rand_split=False, rand_split_class=True, reg_start_epoch=10, reg_update_freq=5, res=False, resample_split_per_run=True, result_dir='results/lowlabel', runs=10, save_model=False, seed=123, test_num=1000, train_per_class=0, train_prop=0.5, use_reg=True, valid_num=500, valid_per_class=0, valid_prop=0.25, weight_decay=0.0005)
cora
Num nodes: 2708
train:torch.Size([14]), valid:torch.Size([500]), test:torch.Size([1000])
dataset cora | num nodes 2708 | num edge 10556 | num node feats 1433 | num classes 7
MODEL: MPNNs(
  (h_lins): ModuleList()
  (local_convs): ModuleList(
    (0): GCNConv(1433, 512)
    (1): GCNConv(512, 512)
    (2): GCNConv(512, 512)
  )
  (lins): ModuleList(
    (0): Linear(in_features=1433, out_features=512, bias=True)
    (1): Linear(in_features=512, out_features=512, bias=True)
    (2): Linear(in_features=512, out_features=512, bias=True)
  )
  (lns): ModuleList(
    (0): LayerNorm((512,), eps=1e-05, elementwise_affine=True)
    (1): LayerNorm((512,), eps=1e-05, elementwise_affine=True)
    (2): LayerNorm((512,), eps=1e-05, elementwise_affine=True)
  )
  (bns): ModuleList(
    (0): BatchNorm1d(512, eps=1e-05, momentum=0.1, affine=True, track_running_stats=True)
    (1): BatchNorm1d(512, eps=1e-05, momentum=0.1, affine=True, track_running_stats=True)
    (2): BatchNorm1d(512, eps=1e-05, momentum=0.1, affine=True, track_running_stats=True)
  )
  (lin_in): Linear(in_features=1433, out_features=512, bias=True)
  (pred_local): Linear(in_features=512, out_features=7, bias=True)
)
train:torch.Size([14]), valid:torch.Size([500]), test:torch.Size([1000])
Computing oracle penalty matrix from true labels...
Oracle penalty matrix frozen.
Epoch: 00, Loss: 3.4702, Train: 14.29%, Valid: 13.00%, Test: 11.40%, Best Valid: 13.00%, Best Test: 11.40%
Epoch: 100, Loss: 0.0019, Train: 100.00%, Valid: 19.60%, Test: 19.50%, Best Valid: 19.60%, Best Test: 20.60%
Epoch: 200, Loss: 0.0021, Train: 100.00%, Valid: 20.00%, Test: 20.30%, Best Valid: 20.40%, Best Test: 20.70%
Epoch: 300, Loss: 0.0026, Train: 100.00%, Valid: 22.60%, Test: 22.70%, Best Valid: 23.40%, Best Test: 23.10%
Epoch: 400, Loss: 0.0056, Train: 100.00%, Valid: 24.80%, Test: 25.50%, Best Valid: 27.00%, Best Test: 26.60%
Run 01:
Highest Train: 100.00
Highest Valid: 31.40
Highest Test: 29.60
Chosen epoch: 465
Final Train: 100.00
Final Test: 29.60
train:torch.Size([14]), valid:torch.Size([500]), test:torch.Size([1000])
Computing oracle penalty matrix from true labels...
Oracle penalty matrix frozen.
Epoch: 00, Loss: 3.5017, Train: 14.29%, Valid: 27.20%, Test: 27.60%, Best Valid: 27.20%, Best Test: 27.60%
Epoch: 100, Loss: 0.0022, Train: 100.00%, Valid: 16.20%, Test: 15.20%, Best Valid: 28.80%, Best Test: 28.50%
Epoch: 200, Loss: 0.0133, Train: 100.00%, Valid: 17.60%, Test: 16.50%, Best Valid: 28.80%, Best Test: 28.50%
Epoch: 300, Loss: 0.0028, Train: 100.00%, Valid: 17.60%, Test: 17.30%, Best Valid: 28.80%, Best Test: 28.50%
Epoch: 400, Loss: 0.0068, Train: 100.00%, Valid: 18.60%, Test: 18.10%, Best Valid: 28.80%, Best Test: 28.50%
Run 02:
Highest Train: 100.00
Highest Valid: 28.80
Highest Test: 29.60
Chosen epoch: 2
Final Train: 21.43
Final Test: 28.50
train:torch.Size([14]), valid:torch.Size([500]), test:torch.Size([1000])
Computing oracle penalty matrix from true labels...
Oracle penalty matrix frozen.
Epoch: 00, Loss: 3.4835, Train: 28.57%, Valid: 10.80%, Test: 12.10%, Best Valid: 10.80%, Best Test: 12.10%
Epoch: 100, Loss: 0.0160, Train: 100.00%, Valid: 23.00%, Test: 17.70%, Best Valid: 23.40%, Best Test: 17.70%
Epoch: 200, Loss: 0.0013, Train: 100.00%, Valid: 24.40%, Test: 18.60%, Best Valid: 24.40%, Best Test: 18.60%
Epoch: 300, Loss: 0.0024, Train: 100.00%, Valid: 24.80%, Test: 20.00%, Best Valid: 24.80%, Best Test: 19.10%
Epoch: 400, Loss: 0.0196, Train: 100.00%, Valid: 24.60%, Test: 20.00%, Best Valid: 25.20%, Best Test: 20.90%
Run 03:
Highest Train: 100.00
Highest Valid: 25.80
Highest Test: 22.10
Chosen epoch: 472
Final Train: 100.00
Final Test: 21.60
train:torch.Size([14]), valid:torch.Size([500]), test:torch.Size([1000])
Computing oracle penalty matrix from true labels...
Oracle penalty matrix frozen.
Epoch: 00, Loss: 3.5205, Train: 14.29%, Valid: 14.80%, Test: 12.20%, Best Valid: 14.80%, Best Test: 12.20%
Epoch: 100, Loss: 0.0008, Train: 100.00%, Valid: 29.60%, Test: 31.00%, Best Valid: 30.80%, Best Test: 31.80%
Epoch: 200, Loss: 0.0017, Train: 100.00%, Valid: 34.60%, Test: 34.40%, Best Valid: 34.80%, Best Test: 34.50%
Epoch: 300, Loss: 0.0031, Train: 100.00%, Valid: 36.40%, Test: 36.40%, Best Valid: 36.40%, Best Test: 36.40%
Epoch: 400, Loss: 0.0035, Train: 100.00%, Valid: 37.20%, Test: 36.90%, Best Valid: 38.60%, Best Test: 38.10%
Run 04:
Highest Train: 100.00
Highest Valid: 40.40
Highest Test: 39.50
Chosen epoch: 482
Final Train: 100.00
Final Test: 39.50
train:torch.Size([14]), valid:torch.Size([500]), test:torch.Size([1000])
Computing oracle penalty matrix from true labels...
Oracle penalty matrix frozen.
Epoch: 00, Loss: 3.4821, Train: 28.57%, Valid: 26.20%, Test: 26.40%, Best Valid: 26.20%, Best Test: 26.40%
Epoch: 100, Loss: 0.0153, Train: 100.00%, Valid: 19.00%, Test: 19.50%, Best Valid: 26.20%, Best Test: 26.40%
Epoch: 200, Loss: 0.0042, Train: 100.00%, Valid: 22.20%, Test: 21.70%, Best Valid: 26.20%, Best Test: 26.40%
Epoch: 300, Loss: 0.0041, Train: 100.00%, Valid: 24.40%, Test: 22.30%, Best Valid: 26.20%, Best Test: 26.40%
Epoch: 400, Loss: 0.0057, Train: 100.00%, Valid: 24.80%, Test: 23.90%, Best Valid: 26.20%, Best Test: 26.40%
Run 05:
Highest Train: 100.00
Highest Valid: 26.60
Highest Test: 26.40
Chosen epoch: 495
Final Train: 100.00
Final Test: 25.80
train:torch.Size([14]), valid:torch.Size([500]), test:torch.Size([1000])
Computing oracle penalty matrix from true labels...
Oracle penalty matrix frozen.
Epoch: 00, Loss: 3.5310, Train: 14.29%, Valid: 13.60%, Test: 12.20%, Best Valid: 13.60%, Best Test: 12.20%
Epoch: 100, Loss: 0.0061, Train: 100.00%, Valid: 22.40%, Test: 20.90%, Best Valid: 24.60%, Best Test: 23.10%
Epoch: 200, Loss: 0.0030, Train: 100.00%, Valid: 26.40%, Test: 23.40%, Best Valid: 26.60%, Best Test: 23.30%
Epoch: 300, Loss: 0.0020, Train: 100.00%, Valid: 26.40%, Test: 23.70%, Best Valid: 27.40%, Best Test: 24.10%
Epoch: 400, Loss: 0.0013, Train: 100.00%, Valid: 28.80%, Test: 25.00%, Best Valid: 28.80%, Best Test: 25.00%
Run 06:
Highest Train: 100.00
Highest Valid: 29.00
Highest Test: 26.00
Chosen epoch: 404
Final Train: 100.00
Final Test: 24.80
train:torch.Size([14]), valid:torch.Size([500]), test:torch.Size([1000])
Computing oracle penalty matrix from true labels...
Oracle penalty matrix frozen.
Epoch: 00, Loss: 3.4876, Train: 14.29%, Valid: 13.20%, Test: 15.80%, Best Valid: 13.20%, Best Test: 15.80%
Epoch: 100, Loss: 0.0029, Train: 100.00%, Valid: 18.40%, Test: 22.70%, Best Valid: 18.40%, Best Test: 22.70%
Epoch: 200, Loss: 0.0053, Train: 100.00%, Valid: 22.40%, Test: 25.50%, Best Valid: 24.00%, Best Test: 25.80%
Epoch: 300, Loss: 0.0038, Train: 100.00%, Valid: 24.40%, Test: 26.80%, Best Valid: 24.80%, Best Test: 26.90%
Epoch: 400, Loss: 0.0098, Train: 100.00%, Valid: 26.80%, Test: 30.10%, Best Valid: 26.80%, Best Test: 29.80%
Run 07:
Highest Train: 100.00
Highest Valid: 28.40
Highest Test: 31.30
Chosen epoch: 456
Final Train: 100.00
Final Test: 30.70
train:torch.Size([14]), valid:torch.Size([500]), test:torch.Size([1000])
Computing oracle penalty matrix from true labels...
Oracle penalty matrix frozen.
Epoch: 00, Loss: 3.5196, Train: 14.29%, Valid: 14.20%, Test: 12.40%, Best Valid: 14.20%, Best Test: 12.40%
Epoch: 100, Loss: 0.0027, Train: 100.00%, Valid: 16.40%, Test: 15.40%, Best Valid: 16.60%, Best Test: 15.70%
Epoch: 200, Loss: 0.0334, Train: 100.00%, Valid: 17.20%, Test: 15.80%, Best Valid: 17.20%, Best Test: 16.00%
Epoch: 300, Loss: 0.0034, Train: 100.00%, Valid: 17.40%, Test: 16.40%, Best Valid: 19.20%, Best Test: 17.60%
Epoch: 400, Loss: 0.0055, Train: 100.00%, Valid: 18.00%, Test: 16.50%, Best Valid: 19.20%, Best Test: 17.60%
Run 08:
Highest Train: 100.00
Highest Valid: 19.60
Highest Test: 18.20
Chosen epoch: 442
Final Train: 100.00
Final Test: 18.10
train:torch.Size([14]), valid:torch.Size([500]), test:torch.Size([1000])
Computing oracle penalty matrix from true labels...
Oracle penalty matrix frozen.
Epoch: 00, Loss: 3.5254, Train: 14.29%, Valid: 29.20%, Test: 31.50%, Best Valid: 29.20%, Best Test: 31.50%
Epoch: 100, Loss: 0.1272, Train: 100.00%, Valid: 30.20%, Test: 33.70%, Best Valid: 30.20%, Best Test: 33.20%
Epoch: 200, Loss: 0.0028, Train: 100.00%, Valid: 30.40%, Test: 34.20%, Best Valid: 30.40%, Best Test: 34.10%
Epoch: 300, Loss: 0.0034, Train: 100.00%, Valid: 31.20%, Test: 35.00%, Best Valid: 31.60%, Best Test: 34.50%
Epoch: 400, Loss: 0.0022, Train: 100.00%, Valid: 30.40%, Test: 34.70%, Best Valid: 31.60%, Best Test: 34.50%
Run 09:
Highest Train: 100.00
Highest Valid: 32.20
Highest Test: 35.70
Chosen epoch: 486
Final Train: 100.00
Final Test: 35.50
train:torch.Size([14]), valid:torch.Size([500]), test:torch.Size([1000])
Computing oracle penalty matrix from true labels...
Oracle penalty matrix frozen.
Epoch: 00, Loss: 3.5038, Train: 14.29%, Valid: 12.40%, Test: 13.90%, Best Valid: 12.40%, Best Test: 13.90%
Epoch: 100, Loss: 0.0026, Train: 100.00%, Valid: 14.60%, Test: 17.80%, Best Valid: 15.80%, Best Test: 19.00%
Epoch: 200, Loss: 0.0014, Train: 100.00%, Valid: 16.20%, Test: 20.00%, Best Valid: 16.20%, Best Test: 20.00%
Epoch: 300, Loss: 0.0020, Train: 100.00%, Valid: 15.80%, Test: 21.80%, Best Valid: 16.60%, Best Test: 20.90%
Epoch: 400, Loss: 0.0032, Train: 100.00%, Valid: 16.60%, Test: 21.70%, Best Valid: 17.40%, Best Test: 22.90%
Run 10:
Highest Train: 100.00
Highest Valid: 18.00
Highest Test: 23.50
Chosen epoch: 499
Final Train: 100.00
Final Test: 23.40
All runs:
Highest Train: 100.00 ± 0.00
Highest Test: 28.19 ± 6.37
Highest Valid: 28.02 ± 6.34
  Final Train: 92.14 ± 24.85
   Final Test: 27.75 ± 6.44
Saving results to results/lowlabel/cora/MPNN_gcn.csv
--- oracle_reg | lambda=1.6 ---
Namespace(bn=False, budget_tag='2', count_reg=False, count_smoothing=1.0, cpu=False, data_dir='./data/', dataset='cora', device=0, display_step=100, dropout=0.7, epochs=500, gnn='gcn', hidden_channels=512, jk=False, label_num_per_class=2, lambda_val=1.6, ln=False, local_layers=3, lr=0.001, metric='acc', mlp_epochs=500, mlp_reg=False, model='MPNN', model_dir='models', num_heads=1, oracle_reg=True, paired_seeds=True, penalty_transform='none', pre_linear=False, pre_ln=False, rand_split=False, rand_split_class=True, reg_start_epoch=10, reg_update_freq=5, res=False, resample_split_per_run=True, result_dir='results/lowlabel', runs=10, save_model=False, seed=123, test_num=1000, train_per_class=0, train_prop=0.5, use_reg=True, valid_num=500, valid_per_class=0, valid_prop=0.25, weight_decay=0.0005)
cora
Num nodes: 2708
train:torch.Size([14]), valid:torch.Size([500]), test:torch.Size([1000])
dataset cora | num nodes 2708 | num edge 10556 | num node feats 1433 | num classes 7
MODEL: MPNNs(
  (h_lins): ModuleList()
  (local_convs): ModuleList(
    (0): GCNConv(1433, 512)
    (1): GCNConv(512, 512)
    (2): GCNConv(512, 512)
  )
  (lins): ModuleList(
    (0): Linear(in_features=1433, out_features=512, bias=True)
    (1): Linear(in_features=512, out_features=512, bias=True)
    (2): Linear(in_features=512, out_features=512, bias=True)
  )
  (lns): ModuleList(
    (0): LayerNorm((512,), eps=1e-05, elementwise_affine=True)
    (1): LayerNorm((512,), eps=1e-05, elementwise_affine=True)
    (2): LayerNorm((512,), eps=1e-05, elementwise_affine=True)
  )
  (bns): ModuleList(
    (0): BatchNorm1d(512, eps=1e-05, momentum=0.1, affine=True, track_running_stats=True)
    (1): BatchNorm1d(512, eps=1e-05, momentum=0.1, affine=True, track_running_stats=True)
    (2): BatchNorm1d(512, eps=1e-05, momentum=0.1, affine=True, track_running_stats=True)
  )
  (lin_in): Linear(in_features=1433, out_features=512, bias=True)
  (pred_local): Linear(in_features=512, out_features=7, bias=True)
)
train:torch.Size([14]), valid:torch.Size([500]), test:torch.Size([1000])
Computing oracle penalty matrix from true labels...
Oracle penalty matrix frozen.
Epoch: 00, Loss: 5.0125, Train: 14.29%, Valid: 13.20%, Test: 11.50%, Best Valid: 13.20%, Best Test: 11.50%
Epoch: 100, Loss: 0.6003, Train: 100.00%, Valid: 13.60%, Test: 15.90%, Best Valid: 17.80%, Best Test: 19.10%
Epoch: 200, Loss: 0.0104, Train: 100.00%, Valid: 16.40%, Test: 17.40%, Best Valid: 19.20%, Best Test: 18.50%
Epoch: 300, Loss: 0.0046, Train: 100.00%, Valid: 17.40%, Test: 18.00%, Best Valid: 19.20%, Best Test: 18.50%
Epoch: 400, Loss: 0.0276, Train: 100.00%, Valid: 16.40%, Test: 16.80%, Best Valid: 19.60%, Best Test: 18.60%
Run 01:
Highest Train: 100.00
Highest Valid: 21.60
Highest Test: 21.20
Chosen epoch: 488
Final Train: 100.00
Final Test: 21.20
train:torch.Size([14]), valid:torch.Size([500]), test:torch.Size([1000])
Computing oracle penalty matrix from true labels...
Oracle penalty matrix frozen.
Epoch: 00, Loss: 5.0580, Train: 14.29%, Valid: 28.40%, Test: 29.50%, Best Valid: 28.40%, Best Test: 29.50%
Epoch: 100, Loss: 0.4667, Train: 100.00%, Valid: 13.20%, Test: 12.90%, Best Valid: 28.40%, Best Test: 29.50%
Epoch: 200, Loss: 0.0102, Train: 100.00%, Valid: 14.60%, Test: 14.30%, Best Valid: 28.40%, Best Test: 29.50%
Epoch: 300, Loss: 0.0024, Train: 100.00%, Valid: 14.40%, Test: 14.10%, Best Valid: 28.40%, Best Test: 29.50%
Epoch: 400, Loss: 0.0110, Train: 100.00%, Valid: 14.80%, Test: 14.40%, Best Valid: 28.40%, Best Test: 29.50%
Run 02:
Highest Train: 100.00
Highest Valid: 28.40
Highest Test: 29.50
Chosen epoch: 0
Final Train: 14.29
Final Test: 29.50
train:torch.Size([14]), valid:torch.Size([500]), test:torch.Size([1000])
Computing oracle penalty matrix from true labels...
Oracle penalty matrix frozen.
Epoch: 00, Loss: 5.0317, Train: 21.43%, Valid: 11.00%, Test: 12.20%, Best Valid: 11.00%, Best Test: 12.20%
Epoch: 100, Loss: 0.0979, Train: 100.00%, Valid: 16.80%, Test: 14.30%, Best Valid: 17.00%, Best Test: 15.50%
Epoch: 200, Loss: 0.0044, Train: 100.00%, Valid: 19.00%, Test: 15.60%, Best Valid: 20.00%, Best Test: 15.70%
Epoch: 300, Loss: 0.0049, Train: 100.00%, Valid: 21.20%, Test: 16.80%, Best Valid: 21.40%, Best Test: 16.50%
Epoch: 400, Loss: 0.0078, Train: 100.00%, Valid: 22.20%, Test: 17.10%, Best Valid: 22.40%, Best Test: 17.20%
Run 03:
Highest Train: 100.00
Highest Valid: 23.60
Highest Test: 18.80
Chosen epoch: 461
Final Train: 100.00
Final Test: 18.50
train:torch.Size([14]), valid:torch.Size([500]), test:torch.Size([1000])
Computing oracle penalty matrix from true labels...
Oracle penalty matrix frozen.
Epoch: 00, Loss: 5.0851, Train: 14.29%, Valid: 14.60%, Test: 12.10%, Best Valid: 14.60%, Best Test: 12.10%
Epoch: 100, Loss: 0.0253, Train: 100.00%, Valid: 18.40%, Test: 17.50%, Best Valid: 18.80%, Best Test: 18.00%
Epoch: 200, Loss: 0.0029, Train: 100.00%, Valid: 20.80%, Test: 21.60%, Best Valid: 21.20%, Best Test: 21.90%
Epoch: 300, Loss: 0.0031, Train: 100.00%, Valid: 21.20%, Test: 22.80%, Best Valid: 23.20%, Best Test: 24.00%
Epoch: 400, Loss: 0.0059, Train: 100.00%, Valid: 21.80%, Test: 22.60%, Best Valid: 23.20%, Best Test: 24.00%
Run 04:
Highest Train: 100.00
Highest Valid: 23.20
Highest Test: 24.00
Chosen epoch: 253
Final Train: 100.00
Final Test: 24.00
train:torch.Size([14]), valid:torch.Size([500]), test:torch.Size([1000])
Computing oracle penalty matrix from true labels...
Oracle penalty matrix frozen.
Epoch: 00, Loss: 5.0297, Train: 21.43%, Valid: 24.80%, Test: 26.10%, Best Valid: 24.80%, Best Test: 26.10%
Epoch: 100, Loss: 1.3946, Train: 100.00%, Valid: 13.00%, Test: 14.60%, Best Valid: 24.80%, Best Test: 26.10%
Epoch: 200, Loss: 0.0199, Train: 100.00%, Valid: 16.40%, Test: 16.00%, Best Valid: 24.80%, Best Test: 26.10%
Epoch: 300, Loss: 0.0108, Train: 100.00%, Valid: 17.80%, Test: 17.50%, Best Valid: 24.80%, Best Test: 26.10%
Epoch: 400, Loss: 0.0088, Train: 100.00%, Valid: 20.80%, Test: 18.80%, Best Valid: 24.80%, Best Test: 26.10%
Run 05:
Highest Train: 100.00
Highest Valid: 24.80
Highest Test: 26.10
Chosen epoch: 0
Final Train: 21.43
Final Test: 26.10
train:torch.Size([14]), valid:torch.Size([500]), test:torch.Size([1000])
Computing oracle penalty matrix from true labels...
Oracle penalty matrix frozen.
Epoch: 00, Loss: 5.1004, Train: 14.29%, Valid: 14.00%, Test: 12.10%, Best Valid: 14.00%, Best Test: 12.10%
Epoch: 100, Loss: 0.0339, Train: 100.00%, Valid: 16.00%, Test: 14.90%, Best Valid: 29.20%, Best Test: 27.10%
Epoch: 200, Loss: 0.0078, Train: 100.00%, Valid: 16.80%, Test: 15.40%, Best Valid: 29.20%, Best Test: 27.10%
Epoch: 300, Loss: 0.0026, Train: 100.00%, Valid: 20.40%, Test: 18.40%, Best Valid: 29.20%, Best Test: 27.10%
Epoch: 400, Loss: 0.0041, Train: 100.00%, Valid: 21.20%, Test: 19.90%, Best Valid: 29.20%, Best Test: 27.10%
Run 06:
Highest Train: 100.00
Highest Valid: 29.20
Highest Test: 27.10
Chosen epoch: 5
Final Train: 42.86
Final Test: 27.10
train:torch.Size([14]), valid:torch.Size([500]), test:torch.Size([1000])
Computing oracle penalty matrix from true labels...
Oracle penalty matrix frozen.
Epoch: 00, Loss: 5.0377, Train: 14.29%, Valid: 12.20%, Test: 14.90%, Best Valid: 12.20%, Best Test: 14.90%
Epoch: 100, Loss: 1.2147, Train: 100.00%, Valid: 14.20%, Test: 17.00%, Best Valid: 14.20%, Best Test: 17.00%
Epoch: 200, Loss: 0.0043, Train: 100.00%, Valid: 17.60%, Test: 21.30%, Best Valid: 19.40%, Best Test: 22.50%
Epoch: 300, Loss: 0.0027, Train: 100.00%, Valid: 18.00%, Test: 21.60%, Best Valid: 19.40%, Best Test: 22.50%
Epoch: 400, Loss: 0.0096, Train: 100.00%, Valid: 21.20%, Test: 24.10%, Best Valid: 21.60%, Best Test: 24.50%
Run 07:
Highest Train: 100.00
Highest Valid: 21.80
Highest Test: 24.90
Chosen epoch: 499
Final Train: 100.00
Final Test: 24.70
train:torch.Size([14]), valid:torch.Size([500]), test:torch.Size([1000])
Computing oracle penalty matrix from true labels...
Oracle penalty matrix frozen.
Epoch: 00, Loss: 5.0838, Train: 14.29%, Valid: 14.20%, Test: 12.40%, Best Valid: 14.20%, Best Test: 12.40%
Epoch: 100, Loss: 0.3895, Train: 100.00%, Valid: 15.00%, Test: 14.10%, Best Valid: 15.00%, Best Test: 13.00%
Epoch: 200, Loss: 0.0282, Train: 100.00%, Valid: 15.40%, Test: 15.00%, Best Valid: 15.60%, Best Test: 14.90%
Epoch: 300, Loss: 0.0036, Train: 100.00%, Valid: 16.20%, Test: 15.80%, Best Valid: 17.80%, Best Test: 16.60%
Epoch: 400, Loss: 0.0041, Train: 100.00%, Valid: 16.60%, Test: 15.60%, Best Valid: 17.80%, Best Test: 16.60%
Run 08:
Highest Train: 100.00
Highest Valid: 17.80
Highest Test: 16.60
Chosen epoch: 224
Final Train: 100.00
Final Test: 16.60
train:torch.Size([14]), valid:torch.Size([500]), test:torch.Size([1000])
Computing oracle penalty matrix from true labels...
Oracle penalty matrix frozen.
Epoch: 00, Loss: 5.0923, Train: 14.29%, Valid: 29.20%, Test: 31.50%, Best Valid: 29.20%, Best Test: 31.50%
Epoch: 100, Loss: 1.8139, Train: 100.00%, Valid: 29.40%, Test: 32.20%, Best Valid: 29.40%, Best Test: 32.00%
Epoch: 200, Loss: 0.0084, Train: 100.00%, Valid: 30.40%, Test: 33.90%, Best Valid: 30.60%, Best Test: 33.50%
Epoch: 300, Loss: 0.0052, Train: 100.00%, Valid: 30.40%, Test: 33.50%, Best Valid: 30.60%, Best Test: 33.50%
Epoch: 400, Loss: 0.0008, Train: 100.00%, Valid: 30.00%, Test: 33.30%, Best Valid: 30.60%, Best Test: 33.50%
Run 09:
Highest Train: 100.00
Highest Valid: 30.60
Highest Test: 34.00
Chosen epoch: 190
Final Train: 100.00
Final Test: 33.50
train:torch.Size([14]), valid:torch.Size([500]), test:torch.Size([1000])
Computing oracle penalty matrix from true labels...
Oracle penalty matrix frozen.
Epoch: 00, Loss: 5.0611, Train: 14.29%, Valid: 12.40%, Test: 13.80%, Best Valid: 12.40%, Best Test: 13.80%
Epoch: 100, Loss: 0.0430, Train: 100.00%, Valid: 13.40%, Test: 16.00%, Best Valid: 13.40%, Best Test: 16.00%
Epoch: 200, Loss: 0.0012, Train: 100.00%, Valid: 14.60%, Test: 18.50%, Best Valid: 14.80%, Best Test: 18.50%
Epoch: 300, Loss: 0.0035, Train: 100.00%, Valid: 15.80%, Test: 18.90%, Best Valid: 15.80%, Best Test: 18.90%
Epoch: 400, Loss: 0.0031, Train: 100.00%, Valid: 15.80%, Test: 19.00%, Best Valid: 15.80%, Best Test: 18.90%
Run 10:
Highest Train: 100.00
Highest Valid: 16.20
Highest Test: 19.50
Chosen epoch: 499
Final Train: 100.00
Final Test: 19.30
All runs:
Highest Train: 100.00 ± 0.00
Highest Test: 24.17 ± 5.32
Highest Valid: 23.72 ± 4.72
  Final Train: 77.86 ± 36.34
   Final Test: 24.05 ± 5.27
Saving results to results/lowlabel/cora/MPNN_gcn.csv
Low-label sweep completed.
Task 3 done.
