Sun Aug 16 02:59:09 2026       
+-----------------------------------------------------------------------------------------+
| NVIDIA-SMI 580.159.04             Driver Version: 580.159.04     CUDA Version: 13.0     |
+-----------------------------------------+------------------------+----------------------+
| GPU  Name                 Persistence-M | Bus-Id          Disp.A | Volatile Uncorr. ECC |
| Fan  Temp   Perf          Pwr:Usage/Cap |           Memory-Usage | GPU-Util  Compute M. |
|                                         |                        |               MIG M. |
|=========================================+========================+======================|
|   0  NVIDIA A100-SXM4-80GB          On  |   00000000:01:00.0 Off |                   On |
| N/A   59C    P0            243W /  500W |   38517MiB /  81920MiB |     N/A      Default |
|                                         |                        |              Enabled |
+-----------------------------------------+------------------------+----------------------+
|   1  NVIDIA A100-SXM4-80GB          On  |   00000000:41:00.0 Off |                   On |
| N/A   49C    P0            268W /  500W |   40687MiB /  81920MiB |     N/A      Default |
|                                         |                        |              Enabled |
+-----------------------------------------+------------------------+----------------------+
|   2  NVIDIA A100-SXM4-80GB          On  |   00000000:81:00.0 Off |                   On |
| N/A   57C    P0            276W /  500W |   41107MiB /  81920MiB |     N/A      Default |
|                                         |                        |              Enabled |
+-----------------------------------------+------------------------+----------------------+
|   3  NVIDIA A100-SXM4-80GB          On  |   00000000:C1:00.0 Off |                   On |
| N/A   50C    P0            287W /  500W |   41167MiB /  81920MiB |     N/A      Default |
|                                         |                        |              Enabled |
+-----------------------------------------+------------------------+----------------------+

+-----------------------------------------------------------------------------------------+
| MIG devices:                                                                            |
+------------------+----------------------------------+-----------+-----------------------+
| GPU  GI  CI  MIG |              Shared Memory-Usage |        Vol|        Shared         |
|      ID  ID  Dev |                Shared BAR1-Usage | SM     Unc| CE ENC  DEC  OFA  JPG |
|                  |                                  |        ECC|                       |
|==================+==================================+===========+=======================|
|  0    5   0   0  |              71MiB / 19968MiB    | 28      0 |  2   0    1    0    0 |
|                  |               0MiB / 12271MiB    |           |                       |
+------------------+----------------------------------+-----------+-----------------------+

+-----------------------------------------------------------------------------------------+
| Processes:                                                                              |
|  GPU   GI   CI              PID   Type   Process name                        GPU Memory |
|        ID   ID                                                               Usage      |
|=========================================================================================|
|    1   10    0          1052602      C   ...ware/symmetrix-env/bin/python       1796MiB |
|    1    9    0          1052610      C   ...ware/symmetrix-env/bin/python       1456MiB |
|    1    2    0          2108210      C   python                                37100MiB |
|    2   10    0          1052605      C   ...ware/symmetrix-env/bin/python       1876MiB |
|    2    9    0          1052612      C   ...ware/symmetrix-env/bin/python       1796MiB |
|    2    2    0          2108209      C   python                                37100MiB |
|    3   13    0          1052601      C   ...ware/symmetrix-env/bin/python       1856MiB |
|    3   14    0          1052609      C   ...ware/symmetrix-env/bin/python       1876MiB |
|    3    1    0          2117348      C   python                                37100MiB |
+-----------------------------------------------------------------------------------------+
Matched-val cell: citeseer / gcn / budget 5 per class / group 1
python main.py --gnn gcn --dataset citeseer --lr 0.001 --local_layers 2 --hidden_channels 512 --weight_decay 0.01 --dropout 0.5 --rand_split_class --valid_num 500 --test_num 1000 --seed 123 --device 0 --runs 5 --runs 10 --label_num_per_class 5 --resample_split_per_run --valid_per_class 5 --budget_tag 5
==========================================================
Low-label sweep: python main.py --gnn gcn --dataset citeseer --lr 0.001 --local_layers 2 --hidden_channels 512 --weight_decay 0.01 --dropout 0.5 --rand_split_class --valid_num 500 --test_num 1000 --seed 123 --device 0 --runs 5 --runs 10 --label_num_per_class 5 --resample_split_per_run --valid_per_class 5 --budget_tag 5
result_dir=results/lowlabel_mv conditions=[mlp]
==========================================================
--- mlp_reg | lambda=0.01 ---
Namespace(bn=False, budget_tag='5', count_reg=False, count_smoothing=1.0, cpu=False, data_dir='./data/', dataset='citeseer', device=0, display_step=100, dropout=0.5, epochs=500, gnn='gcn', hidden_channels=512, jk=False, label_num_per_class=5, lambda_val=0.01, ln=False, local_layers=2, lr=0.001, metric='acc', mlp_epochs=500, mlp_reg=True, model='MPNN', model_dir='models', num_heads=1, oracle_reg=False, paired_seeds=True, penalty_transform='none', pre_linear=False, pre_ln=False, rand_split=False, rand_split_class=True, reg_start_epoch=10, reg_update_freq=5, res=False, resample_split_per_run=True, result_dir='results/lowlabel_mv', runs=10, save_model=False, seed=123, test_num=1000, train_per_class=0, train_prop=0.5, use_reg=True, valid_num=500, valid_per_class=5, valid_prop=0.25, weight_decay=0.01)
citeseer
Num nodes: 3327
train:torch.Size([30]), valid:torch.Size([500]), test:torch.Size([1000])
dataset citeseer | num nodes 3327 | num edge 9104 | num node feats 3703 | num classes 6
MODEL: MPNNs(
  (h_lins): ModuleList()
  (local_convs): ModuleList(
    (0): GCNConv(3703, 512)
    (1): GCNConv(512, 512)
  )
  (lins): ModuleList(
    (0): Linear(in_features=3703, out_features=512, bias=True)
    (1): Linear(in_features=512, out_features=512, bias=True)
  )
  (lns): ModuleList(
    (0): LayerNorm((512,), eps=1e-05, elementwise_affine=True)
    (1): LayerNorm((512,), eps=1e-05, elementwise_affine=True)
  )
  (bns): ModuleList(
    (0): BatchNorm1d(512, eps=1e-05, momentum=0.1, affine=True, track_running_stats=True)
    (1): BatchNorm1d(512, eps=1e-05, momentum=0.1, affine=True, track_running_stats=True)
  )
  (lin_in): Linear(in_features=3703, out_features=512, bias=True)
  (pred_local): Linear(in_features=512, out_features=6, bias=True)
)
train:torch.Size([30]), valid:torch.Size([500]), test:torch.Size([1000])
Matched-budget validation: 30 valid nodes
Pre-training MLP for 500 epochs to generate co-occurrence matrix...
MLP pre-training complete. Penalty matrix frozen.
Epoch: 00, Loss: 1.8137, Train: 63.33%, Valid: 10.00%, Test: 22.40%, Best Valid: 10.00%, Best Test: 22.40%
Epoch: 100, Loss: 0.0392, Train: 100.00%, Valid: 56.67%, Test: 56.80%, Best Valid: 60.00%, Best Test: 60.40%
Epoch: 200, Loss: 0.0280, Train: 100.00%, Valid: 56.67%, Test: 56.40%, Best Valid: 60.00%, Best Test: 60.40%
Epoch: 300, Loss: 0.0410, Train: 100.00%, Valid: 56.67%, Test: 54.30%, Best Valid: 60.00%, Best Test: 60.40%
Epoch: 400, Loss: 0.0346, Train: 100.00%, Valid: 56.67%, Test: 56.80%, Best Valid: 60.00%, Best Test: 60.40%
Run 01:
Highest Train: 100.00
Highest Valid: 63.33
Highest Test: 60.90
Chosen epoch: 449
Final Train: 100.00
Final Test: 58.80
train:torch.Size([30]), valid:torch.Size([500]), test:torch.Size([1000])
Matched-budget validation: 30 valid nodes
Pre-training MLP for 500 epochs to generate co-occurrence matrix...
MLP pre-training complete. Penalty matrix frozen.
Epoch: 00, Loss: 1.8046, Train: 70.00%, Valid: 20.00%, Test: 28.50%, Best Valid: 20.00%, Best Test: 28.50%
Epoch: 100, Loss: 0.0407, Train: 100.00%, Valid: 56.67%, Test: 59.10%, Best Valid: 63.33%, Best Test: 59.30%
Epoch: 200, Loss: 0.0303, Train: 100.00%, Valid: 56.67%, Test: 59.40%, Best Valid: 63.33%, Best Test: 59.30%
Epoch: 300, Loss: 0.0319, Train: 100.00%, Valid: 56.67%, Test: 58.40%, Best Valid: 63.33%, Best Test: 59.30%
Epoch: 400, Loss: 0.0333, Train: 100.00%, Valid: 56.67%, Test: 59.10%, Best Valid: 63.33%, Best Test: 59.30%
Run 02:
Highest Train: 100.00
Highest Valid: 63.33
Highest Test: 61.20
Chosen epoch: 26
Final Train: 100.00
Final Test: 59.30
train:torch.Size([30]), valid:torch.Size([500]), test:torch.Size([1000])
Matched-budget validation: 30 valid nodes
Pre-training MLP for 500 epochs to generate co-occurrence matrix...
MLP pre-training complete. Penalty matrix frozen.
Epoch: 00, Loss: 1.8113, Train: 43.33%, Valid: 16.67%, Test: 20.30%, Best Valid: 16.67%, Best Test: 20.30%
Epoch: 100, Loss: 0.0443, Train: 100.00%, Valid: 60.00%, Test: 60.70%, Best Valid: 63.33%, Best Test: 62.90%
Epoch: 200, Loss: 0.0351, Train: 100.00%, Valid: 56.67%, Test: 59.20%, Best Valid: 63.33%, Best Test: 62.90%
Epoch: 300, Loss: 0.0255, Train: 100.00%, Valid: 60.00%, Test: 60.30%, Best Valid: 63.33%, Best Test: 62.90%
Epoch: 400, Loss: 0.0287, Train: 100.00%, Valid: 53.33%, Test: 61.10%, Best Valid: 63.33%, Best Test: 62.90%
Run 03:
Highest Train: 100.00
Highest Valid: 63.33
Highest Test: 63.70
Chosen epoch: 14
Final Train: 100.00
Final Test: 62.90
train:torch.Size([30]), valid:torch.Size([500]), test:torch.Size([1000])
Matched-budget validation: 30 valid nodes
Pre-training MLP for 500 epochs to generate co-occurrence matrix...
MLP pre-training complete. Penalty matrix frozen.
Epoch: 00, Loss: 1.7988, Train: 70.00%, Valid: 10.00%, Test: 19.60%, Best Valid: 10.00%, Best Test: 19.60%
Epoch: 100, Loss: 0.0372, Train: 100.00%, Valid: 40.00%, Test: 47.80%, Best Valid: 56.67%, Best Test: 53.10%
Epoch: 200, Loss: 0.0276, Train: 100.00%, Valid: 46.67%, Test: 50.00%, Best Valid: 56.67%, Best Test: 53.10%
Epoch: 300, Loss: 0.0249, Train: 100.00%, Valid: 40.00%, Test: 49.30%, Best Valid: 56.67%, Best Test: 53.10%
Epoch: 400, Loss: 0.0274, Train: 100.00%, Valid: 43.33%, Test: 47.90%, Best Valid: 56.67%, Best Test: 53.10%
Run 04:
Highest Train: 100.00
Highest Valid: 56.67
Highest Test: 58.60
Chosen epoch: 6
Final Train: 96.67
Final Test: 53.10
train:torch.Size([30]), valid:torch.Size([500]), test:torch.Size([1000])
Matched-budget validation: 30 valid nodes
Pre-training MLP for 500 epochs to generate co-occurrence matrix...
MLP pre-training complete. Penalty matrix frozen.
Epoch: 00, Loss: 1.8094, Train: 40.00%, Valid: 13.33%, Test: 19.20%, Best Valid: 13.33%, Best Test: 19.20%
Epoch: 100, Loss: 0.0487, Train: 100.00%, Valid: 63.33%, Test: 65.60%, Best Valid: 73.33%, Best Test: 65.80%
Epoch: 200, Loss: 0.0372, Train: 100.00%, Valid: 63.33%, Test: 64.90%, Best Valid: 73.33%, Best Test: 65.80%
Epoch: 300, Loss: 0.0289, Train: 100.00%, Valid: 66.67%, Test: 65.00%, Best Valid: 73.33%, Best Test: 65.80%
Epoch: 400, Loss: 0.0279, Train: 100.00%, Valid: 63.33%, Test: 65.70%, Best Valid: 73.33%, Best Test: 65.80%
Run 05:
Highest Train: 100.00
Highest Valid: 73.33
Highest Test: 66.90
Chosen epoch: 20
Final Train: 100.00
Final Test: 65.80
train:torch.Size([30]), valid:torch.Size([500]), test:torch.Size([1000])
Matched-budget validation: 30 valid nodes
Pre-training MLP for 500 epochs to generate co-occurrence matrix...
MLP pre-training complete. Penalty matrix frozen.
Epoch: 00, Loss: 1.8068, Train: 46.67%, Valid: 16.67%, Test: 11.10%, Best Valid: 16.67%, Best Test: 11.10%
Epoch: 100, Loss: 0.0460, Train: 100.00%, Valid: 53.33%, Test: 61.50%, Best Valid: 53.33%, Best Test: 57.00%
Epoch: 200, Loss: 0.0269, Train: 100.00%, Valid: 46.67%, Test: 63.20%, Best Valid: 53.33%, Best Test: 57.00%
Epoch: 300, Loss: 0.0265, Train: 100.00%, Valid: 43.33%, Test: 62.20%, Best Valid: 53.33%, Best Test: 57.00%
Epoch: 400, Loss: 0.0267, Train: 100.00%, Valid: 53.33%, Test: 60.90%, Best Valid: 53.33%, Best Test: 57.00%
Run 06:
Highest Train: 100.00
Highest Valid: 53.33
Highest Test: 64.00
Chosen epoch: 31
Final Train: 100.00
Final Test: 57.00
train:torch.Size([30]), valid:torch.Size([500]), test:torch.Size([1000])
Matched-budget validation: 30 valid nodes
Pre-training MLP for 500 epochs to generate co-occurrence matrix...
MLP pre-training complete. Penalty matrix frozen.
Epoch: 00, Loss: 1.8090, Train: 56.67%, Valid: 23.33%, Test: 21.60%, Best Valid: 23.33%, Best Test: 21.60%
Epoch: 100, Loss: 0.0412, Train: 100.00%, Valid: 46.67%, Test: 62.90%, Best Valid: 53.33%, Best Test: 64.40%
Epoch: 200, Loss: 0.0347, Train: 100.00%, Valid: 50.00%, Test: 61.90%, Best Valid: 53.33%, Best Test: 64.40%
Epoch: 300, Loss: 0.0275, Train: 100.00%, Valid: 46.67%, Test: 62.10%, Best Valid: 53.33%, Best Test: 64.40%
Epoch: 400, Loss: 0.0381, Train: 100.00%, Valid: 46.67%, Test: 61.70%, Best Valid: 53.33%, Best Test: 64.40%
Run 07:
Highest Train: 100.00
Highest Valid: 53.33
Highest Test: 64.40
Chosen epoch: 20
Final Train: 100.00
Final Test: 64.40
train:torch.Size([30]), valid:torch.Size([500]), test:torch.Size([1000])
Matched-budget validation: 30 valid nodes
Pre-training MLP for 500 epochs to generate co-occurrence matrix...
MLP pre-training complete. Penalty matrix frozen.
Epoch: 00, Loss: 1.8046, Train: 50.00%, Valid: 13.33%, Test: 16.90%, Best Valid: 13.33%, Best Test: 16.90%
Epoch: 100, Loss: 0.0517, Train: 100.00%, Valid: 70.00%, Test: 53.70%, Best Valid: 73.33%, Best Test: 58.50%
Epoch: 200, Loss: 0.0273, Train: 100.00%, Valid: 70.00%, Test: 53.00%, Best Valid: 73.33%, Best Test: 58.50%
Epoch: 300, Loss: 0.0336, Train: 100.00%, Valid: 66.67%, Test: 51.40%, Best Valid: 73.33%, Best Test: 58.50%
Epoch: 400, Loss: 0.0259, Train: 100.00%, Valid: 70.00%, Test: 52.30%, Best Valid: 76.67%, Best Test: 55.60%
Run 08:
Highest Train: 100.00
Highest Valid: 76.67
Highest Test: 58.50
Chosen epoch: 352
Final Train: 100.00
Final Test: 55.60
train:torch.Size([30]), valid:torch.Size([500]), test:torch.Size([1000])
Matched-budget validation: 30 valid nodes
Pre-training MLP for 500 epochs to generate co-occurrence matrix...
MLP pre-training complete. Penalty matrix frozen.
Epoch: 00, Loss: 1.8077, Train: 53.33%, Valid: 23.33%, Test: 18.00%, Best Valid: 23.33%, Best Test: 18.00%
Epoch: 100, Loss: 0.0428, Train: 100.00%, Valid: 56.67%, Test: 60.20%, Best Valid: 56.67%, Best Test: 55.70%
Epoch: 200, Loss: 0.0338, Train: 100.00%, Valid: 53.33%, Test: 60.30%, Best Valid: 56.67%, Best Test: 55.70%
Epoch: 300, Loss: 0.0321, Train: 100.00%, Valid: 53.33%, Test: 61.10%, Best Valid: 56.67%, Best Test: 55.70%
Epoch: 400, Loss: 0.0298, Train: 100.00%, Valid: 56.67%, Test: 60.10%, Best Valid: 56.67%, Best Test: 55.70%
Run 09:
Highest Train: 100.00
Highest Valid: 56.67
Highest Test: 62.00
Chosen epoch: 44
Final Train: 100.00
Final Test: 55.70
train:torch.Size([30]), valid:torch.Size([500]), test:torch.Size([1000])
Matched-budget validation: 30 valid nodes
Pre-training MLP for 500 epochs to generate co-occurrence matrix...
MLP pre-training complete. Penalty matrix frozen.
Epoch: 00, Loss: 1.8110, Train: 63.33%, Valid: 36.67%, Test: 26.40%, Best Valid: 36.67%, Best Test: 26.40%
Epoch: 100, Loss: 0.0364, Train: 100.00%, Valid: 60.00%, Test: 61.60%, Best Valid: 66.67%, Best Test: 54.20%
Epoch: 200, Loss: 0.0355, Train: 100.00%, Valid: 60.00%, Test: 60.40%, Best Valid: 66.67%, Best Test: 54.20%
Epoch: 300, Loss: 0.0351, Train: 100.00%, Valid: 60.00%, Test: 59.60%, Best Valid: 66.67%, Best Test: 54.20%
Epoch: 400, Loss: 0.0289, Train: 100.00%, Valid: 56.67%, Test: 59.10%, Best Valid: 66.67%, Best Test: 54.20%
Run 10:
Highest Train: 100.00
Highest Valid: 66.67
Highest Test: 64.70
Chosen epoch: 19
Final Train: 100.00
Final Test: 54.20
All runs:
Highest Train: 100.00 ± 0.00
Highest Test: 62.49 ± 2.73
Highest Valid: 62.67 ± 7.98
  Final Train: 99.67 ± 1.05
   Final Test: 58.68 ± 4.40
Saving results to results/lowlabel_mv/citeseer/MPNN_gcn.csv
--- mlp_reg | lambda=0.05 ---
Namespace(bn=False, budget_tag='5', count_reg=False, count_smoothing=1.0, cpu=False, data_dir='./data/', dataset='citeseer', device=0, display_step=100, dropout=0.5, epochs=500, gnn='gcn', hidden_channels=512, jk=False, label_num_per_class=5, lambda_val=0.05, ln=False, local_layers=2, lr=0.001, metric='acc', mlp_epochs=500, mlp_reg=True, model='MPNN', model_dir='models', num_heads=1, oracle_reg=False, paired_seeds=True, penalty_transform='none', pre_linear=False, pre_ln=False, rand_split=False, rand_split_class=True, reg_start_epoch=10, reg_update_freq=5, res=False, resample_split_per_run=True, result_dir='results/lowlabel_mv', runs=10, save_model=False, seed=123, test_num=1000, train_per_class=0, train_prop=0.5, use_reg=True, valid_num=500, valid_per_class=5, valid_prop=0.25, weight_decay=0.01)
citeseer
Num nodes: 3327
train:torch.Size([30]), valid:torch.Size([500]), test:torch.Size([1000])
dataset citeseer | num nodes 3327 | num edge 9104 | num node feats 3703 | num classes 6
MODEL: MPNNs(
  (h_lins): ModuleList()
  (local_convs): ModuleList(
    (0): GCNConv(3703, 512)
    (1): GCNConv(512, 512)
  )
  (lins): ModuleList(
    (0): Linear(in_features=3703, out_features=512, bias=True)
    (1): Linear(in_features=512, out_features=512, bias=True)
  )
  (lns): ModuleList(
    (0): LayerNorm((512,), eps=1e-05, elementwise_affine=True)
    (1): LayerNorm((512,), eps=1e-05, elementwise_affine=True)
  )
  (bns): ModuleList(
    (0): BatchNorm1d(512, eps=1e-05, momentum=0.1, affine=True, track_running_stats=True)
    (1): BatchNorm1d(512, eps=1e-05, momentum=0.1, affine=True, track_running_stats=True)
  )
  (lin_in): Linear(in_features=3703, out_features=512, bias=True)
  (pred_local): Linear(in_features=512, out_features=6, bias=True)
)
train:torch.Size([30]), valid:torch.Size([500]), test:torch.Size([1000])
Matched-budget validation: 30 valid nodes
Pre-training MLP for 500 epochs to generate co-occurrence matrix...
MLP pre-training complete. Penalty matrix frozen.
Epoch: 00, Loss: 1.8856, Train: 63.33%, Valid: 10.00%, Test: 22.20%, Best Valid: 10.00%, Best Test: 22.20%
Epoch: 100, Loss: 0.0406, Train: 100.00%, Valid: 56.67%, Test: 56.40%, Best Valid: 60.00%, Best Test: 60.50%
Epoch: 200, Loss: 0.0291, Train: 100.00%, Valid: 56.67%, Test: 56.20%, Best Valid: 60.00%, Best Test: 60.50%
Epoch: 300, Loss: 0.0421, Train: 100.00%, Valid: 56.67%, Test: 54.30%, Best Valid: 60.00%, Best Test: 60.50%
Epoch: 400, Loss: 0.0361, Train: 100.00%, Valid: 56.67%, Test: 56.80%, Best Valid: 60.00%, Best Test: 60.50%
Run 01:
Highest Train: 100.00
Highest Valid: 63.33
Highest Test: 61.10
Chosen epoch: 449
Final Train: 100.00
Final Test: 59.10
train:torch.Size([30]), valid:torch.Size([500]), test:torch.Size([1000])
Matched-budget validation: 30 valid nodes
Pre-training MLP for 500 epochs to generate co-occurrence matrix...
MLP pre-training complete. Penalty matrix frozen.
Epoch: 00, Loss: 1.8761, Train: 70.00%, Valid: 20.00%, Test: 28.40%, Best Valid: 20.00%, Best Test: 28.40%
Epoch: 100, Loss: 0.0422, Train: 100.00%, Valid: 56.67%, Test: 59.00%, Best Valid: 63.33%, Best Test: 59.30%
Epoch: 200, Loss: 0.0316, Train: 100.00%, Valid: 56.67%, Test: 59.40%, Best Valid: 63.33%, Best Test: 59.30%
Epoch: 300, Loss: 0.0332, Train: 100.00%, Valid: 56.67%, Test: 58.40%, Best Valid: 63.33%, Best Test: 59.30%
Epoch: 400, Loss: 0.0345, Train: 100.00%, Valid: 56.67%, Test: 59.10%, Best Valid: 63.33%, Best Test: 59.30%
Run 02:
Highest Train: 100.00
Highest Valid: 63.33
Highest Test: 61.20
Chosen epoch: 26
Final Train: 100.00
Final Test: 59.30
train:torch.Size([30]), valid:torch.Size([500]), test:torch.Size([1000])
Matched-budget validation: 30 valid nodes
Pre-training MLP for 500 epochs to generate co-occurrence matrix...
MLP pre-training complete. Penalty matrix frozen.
Epoch: 00, Loss: 1.8830, Train: 43.33%, Valid: 16.67%, Test: 20.30%, Best Valid: 16.67%, Best Test: 20.30%
Epoch: 100, Loss: 0.0461, Train: 100.00%, Valid: 60.00%, Test: 60.60%, Best Valid: 63.33%, Best Test: 60.10%
Epoch: 200, Loss: 0.0365, Train: 100.00%, Valid: 56.67%, Test: 59.30%, Best Valid: 63.33%, Best Test: 60.10%
Epoch: 300, Loss: 0.0263, Train: 100.00%, Valid: 60.00%, Test: 60.40%, Best Valid: 63.33%, Best Test: 60.10%
Epoch: 400, Loss: 0.0296, Train: 100.00%, Valid: 53.33%, Test: 60.80%, Best Valid: 63.33%, Best Test: 60.10%
Run 03:
Highest Train: 100.00
Highest Valid: 63.33
Highest Test: 63.50
Chosen epoch: 71
Final Train: 100.00
Final Test: 60.10
train:torch.Size([30]), valid:torch.Size([500]), test:torch.Size([1000])
Matched-budget validation: 30 valid nodes
Pre-training MLP for 500 epochs to generate co-occurrence matrix...
MLP pre-training complete. Penalty matrix frozen.
Epoch: 00, Loss: 1.8701, Train: 66.67%, Valid: 10.00%, Test: 19.70%, Best Valid: 10.00%, Best Test: 19.70%
Epoch: 100, Loss: 0.0387, Train: 100.00%, Valid: 40.00%, Test: 47.70%, Best Valid: 60.00%, Best Test: 53.20%
Epoch: 200, Loss: 0.0286, Train: 100.00%, Valid: 46.67%, Test: 50.10%, Best Valid: 60.00%, Best Test: 53.20%
Epoch: 300, Loss: 0.0259, Train: 100.00%, Valid: 40.00%, Test: 49.20%, Best Valid: 60.00%, Best Test: 53.20%
Epoch: 400, Loss: 0.0285, Train: 100.00%, Valid: 43.33%, Test: 47.80%, Best Valid: 60.00%, Best Test: 53.20%
Run 04:
Highest Train: 100.00
Highest Valid: 60.00
Highest Test: 58.60
Chosen epoch: 6
Final Train: 100.00
Final Test: 53.20
train:torch.Size([30]), valid:torch.Size([500]), test:torch.Size([1000])
Matched-budget validation: 30 valid nodes
Pre-training MLP for 500 epochs to generate co-occurrence matrix...
MLP pre-training complete. Penalty matrix frozen.
Epoch: 00, Loss: 1.8811, Train: 40.00%, Valid: 13.33%, Test: 19.20%, Best Valid: 13.33%, Best Test: 19.20%
Epoch: 100, Loss: 0.0506, Train: 100.00%, Valid: 63.33%, Test: 65.60%, Best Valid: 73.33%, Best Test: 65.70%
Epoch: 200, Loss: 0.0385, Train: 100.00%, Valid: 63.33%, Test: 65.10%, Best Valid: 73.33%, Best Test: 65.70%
Epoch: 300, Loss: 0.0300, Train: 100.00%, Valid: 66.67%, Test: 65.00%, Best Valid: 73.33%, Best Test: 65.70%
Epoch: 400, Loss: 0.0289, Train: 100.00%, Valid: 63.33%, Test: 65.70%, Best Valid: 73.33%, Best Test: 65.70%
Run 05:
Highest Train: 100.00
Highest Valid: 73.33
Highest Test: 66.80
Chosen epoch: 20
Final Train: 100.00
Final Test: 65.70
train:torch.Size([30]), valid:torch.Size([500]), test:torch.Size([1000])
Matched-budget validation: 30 valid nodes
Pre-training MLP for 500 epochs to generate co-occurrence matrix...
MLP pre-training complete. Penalty matrix frozen.
Epoch: 00, Loss: 1.8784, Train: 46.67%, Valid: 16.67%, Test: 11.10%, Best Valid: 16.67%, Best Test: 11.10%
Epoch: 100, Loss: 0.0477, Train: 100.00%, Valid: 53.33%, Test: 61.60%, Best Valid: 53.33%, Best Test: 57.00%
Epoch: 200, Loss: 0.0280, Train: 100.00%, Valid: 46.67%, Test: 63.20%, Best Valid: 53.33%, Best Test: 57.00%
Epoch: 300, Loss: 0.0275, Train: 100.00%, Valid: 43.33%, Test: 62.20%, Best Valid: 53.33%, Best Test: 57.00%
Epoch: 400, Loss: 0.0277, Train: 100.00%, Valid: 53.33%, Test: 61.00%, Best Valid: 53.33%, Best Test: 57.00%
Run 06:
Highest Train: 100.00
Highest Valid: 53.33
Highest Test: 64.00
Chosen epoch: 31
Final Train: 100.00
Final Test: 57.00
train:torch.Size([30]), valid:torch.Size([500]), test:torch.Size([1000])
Matched-budget validation: 30 valid nodes
Pre-training MLP for 500 epochs to generate co-occurrence matrix...
MLP pre-training complete. Penalty matrix frozen.
Epoch: 00, Loss: 1.8806, Train: 56.67%, Valid: 23.33%, Test: 21.60%, Best Valid: 23.33%, Best Test: 21.60%
Epoch: 100, Loss: 0.0429, Train: 100.00%, Valid: 46.67%, Test: 62.90%, Best Valid: 53.33%, Best Test: 64.40%
Epoch: 200, Loss: 0.0360, Train: 100.00%, Valid: 50.00%, Test: 61.90%, Best Valid: 53.33%, Best Test: 64.40%
Epoch: 300, Loss: 0.0286, Train: 100.00%, Valid: 46.67%, Test: 62.10%, Best Valid: 53.33%, Best Test: 64.40%
Epoch: 400, Loss: 0.0396, Train: 100.00%, Valid: 46.67%, Test: 61.80%, Best Valid: 53.33%, Best Test: 64.40%
Run 07:
Highest Train: 100.00
Highest Valid: 53.33
Highest Test: 64.40
Chosen epoch: 20
Final Train: 100.00
Final Test: 64.40
train:torch.Size([30]), valid:torch.Size([500]), test:torch.Size([1000])
Matched-budget validation: 30 valid nodes
Pre-training MLP for 500 epochs to generate co-occurrence matrix...
MLP pre-training complete. Penalty matrix frozen.
Epoch: 00, Loss: 1.8761, Train: 50.00%, Valid: 13.33%, Test: 16.90%, Best Valid: 13.33%, Best Test: 16.90%
Epoch: 100, Loss: 0.0538, Train: 100.00%, Valid: 70.00%, Test: 53.70%, Best Valid: 73.33%, Best Test: 58.60%
Epoch: 200, Loss: 0.0283, Train: 100.00%, Valid: 70.00%, Test: 52.90%, Best Valid: 73.33%, Best Test: 58.60%
Epoch: 300, Loss: 0.0348, Train: 100.00%, Valid: 66.67%, Test: 51.50%, Best Valid: 73.33%, Best Test: 58.60%
Epoch: 400, Loss: 0.0270, Train: 100.00%, Valid: 70.00%, Test: 52.40%, Best Valid: 76.67%, Best Test: 55.50%
Run 08:
Highest Train: 100.00
Highest Valid: 76.67
Highest Test: 58.60
Chosen epoch: 352
Final Train: 100.00
Final Test: 55.50
train:torch.Size([30]), valid:torch.Size([500]), test:torch.Size([1000])
Matched-budget validation: 30 valid nodes
Pre-training MLP for 500 epochs to generate co-occurrence matrix...
MLP pre-training complete. Penalty matrix frozen.
Epoch: 00, Loss: 1.8793, Train: 53.33%, Valid: 26.67%, Test: 16.80%, Best Valid: 26.67%, Best Test: 16.80%
Epoch: 100, Loss: 0.0447, Train: 100.00%, Valid: 56.67%, Test: 60.00%, Best Valid: 56.67%, Best Test: 56.90%
Epoch: 200, Loss: 0.0351, Train: 100.00%, Valid: 53.33%, Test: 60.00%, Best Valid: 56.67%, Best Test: 56.90%
Epoch: 300, Loss: 0.0335, Train: 100.00%, Valid: 56.67%, Test: 61.20%, Best Valid: 56.67%, Best Test: 56.90%
Epoch: 400, Loss: 0.0312, Train: 100.00%, Valid: 56.67%, Test: 60.00%, Best Valid: 56.67%, Best Test: 56.90%
Run 09:
Highest Train: 100.00
Highest Valid: 56.67
Highest Test: 62.20
Chosen epoch: 22
Final Train: 100.00
Final Test: 56.90
train:torch.Size([30]), valid:torch.Size([500]), test:torch.Size([1000])
Matched-budget validation: 30 valid nodes
Pre-training MLP for 500 epochs to generate co-occurrence matrix...
MLP pre-training complete. Penalty matrix frozen.
Epoch: 00, Loss: 1.8827, Train: 63.33%, Valid: 36.67%, Test: 26.40%, Best Valid: 36.67%, Best Test: 26.40%
Epoch: 100, Loss: 0.0378, Train: 100.00%, Valid: 60.00%, Test: 61.60%, Best Valid: 66.67%, Best Test: 54.30%
Epoch: 200, Loss: 0.0368, Train: 100.00%, Valid: 60.00%, Test: 60.50%, Best Valid: 66.67%, Best Test: 54.30%
Epoch: 300, Loss: 0.0363, Train: 100.00%, Valid: 60.00%, Test: 59.60%, Best Valid: 66.67%, Best Test: 54.30%
Epoch: 400, Loss: 0.0301, Train: 100.00%, Valid: 56.67%, Test: 59.50%, Best Valid: 66.67%, Best Test: 54.30%
Run 10:
Highest Train: 100.00
Highest Valid: 66.67
Highest Test: 64.40
Chosen epoch: 19
Final Train: 100.00
Final Test: 54.30
All runs:
Highest Train: 100.00 ± 0.00
Highest Test: 62.48 ± 2.65
Highest Valid: 63.00 ± 7.77
  Final Train: 100.00 ± 0.00
   Final Test: 58.55 ± 4.08
Saving results to results/lowlabel_mv/citeseer/MPNN_gcn.csv
--- mlp_reg | lambda=0.1 ---
Namespace(bn=False, budget_tag='5', count_reg=False, count_smoothing=1.0, cpu=False, data_dir='./data/', dataset='citeseer', device=0, display_step=100, dropout=0.5, epochs=500, gnn='gcn', hidden_channels=512, jk=False, label_num_per_class=5, lambda_val=0.1, ln=False, local_layers=2, lr=0.001, metric='acc', mlp_epochs=500, mlp_reg=True, model='MPNN', model_dir='models', num_heads=1, oracle_reg=False, paired_seeds=True, penalty_transform='none', pre_linear=False, pre_ln=False, rand_split=False, rand_split_class=True, reg_start_epoch=10, reg_update_freq=5, res=False, resample_split_per_run=True, result_dir='results/lowlabel_mv', runs=10, save_model=False, seed=123, test_num=1000, train_per_class=0, train_prop=0.5, use_reg=True, valid_num=500, valid_per_class=5, valid_prop=0.25, weight_decay=0.01)
citeseer
Num nodes: 3327
train:torch.Size([30]), valid:torch.Size([500]), test:torch.Size([1000])
dataset citeseer | num nodes 3327 | num edge 9104 | num node feats 3703 | num classes 6
MODEL: MPNNs(
  (h_lins): ModuleList()
  (local_convs): ModuleList(
    (0): GCNConv(3703, 512)
    (1): GCNConv(512, 512)
  )
  (lins): ModuleList(
    (0): Linear(in_features=3703, out_features=512, bias=True)
    (1): Linear(in_features=512, out_features=512, bias=True)
  )
  (lns): ModuleList(
    (0): LayerNorm((512,), eps=1e-05, elementwise_affine=True)
    (1): LayerNorm((512,), eps=1e-05, elementwise_affine=True)
  )
  (bns): ModuleList(
    (0): BatchNorm1d(512, eps=1e-05, momentum=0.1, affine=True, track_running_stats=True)
    (1): BatchNorm1d(512, eps=1e-05, momentum=0.1, affine=True, track_running_stats=True)
  )
  (lin_in): Linear(in_features=3703, out_features=512, bias=True)
  (pred_local): Linear(in_features=512, out_features=6, bias=True)
)
train:torch.Size([30]), valid:torch.Size([500]), test:torch.Size([1000])
Matched-budget validation: 30 valid nodes
Pre-training MLP for 500 epochs to generate co-occurrence matrix...
MLP pre-training complete. Penalty matrix frozen.
Epoch: 00, Loss: 1.9754, Train: 63.33%, Valid: 10.00%, Test: 22.20%, Best Valid: 10.00%, Best Test: 22.20%
Epoch: 100, Loss: 0.0426, Train: 100.00%, Valid: 56.67%, Test: 56.80%, Best Valid: 60.00%, Best Test: 60.20%
Epoch: 200, Loss: 0.0306, Train: 100.00%, Valid: 56.67%, Test: 56.30%, Best Valid: 60.00%, Best Test: 60.20%
Epoch: 300, Loss: 0.0443, Train: 100.00%, Valid: 56.67%, Test: 54.40%, Best Valid: 60.00%, Best Test: 60.20%
Epoch: 400, Loss: 0.0380, Train: 100.00%, Valid: 56.67%, Test: 56.80%, Best Valid: 60.00%, Best Test: 60.20%
Run 01:
Highest Train: 100.00
Highest Valid: 63.33
Highest Test: 60.90
Chosen epoch: 449
Final Train: 100.00
Final Test: 58.90
train:torch.Size([30]), valid:torch.Size([500]), test:torch.Size([1000])
Matched-budget validation: 30 valid nodes
Pre-training MLP for 500 epochs to generate co-occurrence matrix...
MLP pre-training complete. Penalty matrix frozen.
Epoch: 00, Loss: 1.9654, Train: 73.33%, Valid: 20.00%, Test: 28.60%, Best Valid: 20.00%, Best Test: 28.60%
Epoch: 100, Loss: 0.0442, Train: 100.00%, Valid: 56.67%, Test: 59.00%, Best Valid: 63.33%, Best Test: 59.30%
Epoch: 200, Loss: 0.0329, Train: 100.00%, Valid: 56.67%, Test: 59.40%, Best Valid: 63.33%, Best Test: 59.30%
Epoch: 300, Loss: 0.0347, Train: 100.00%, Valid: 56.67%, Test: 58.40%, Best Valid: 63.33%, Best Test: 59.30%
Epoch: 400, Loss: 0.0362, Train: 100.00%, Valid: 56.67%, Test: 59.10%, Best Valid: 63.33%, Best Test: 59.30%
Run 02:
Highest Train: 100.00
Highest Valid: 63.33
Highest Test: 61.50
Chosen epoch: 26
Final Train: 100.00
Final Test: 59.30
train:torch.Size([30]), valid:torch.Size([500]), test:torch.Size([1000])
Matched-budget validation: 30 valid nodes
Pre-training MLP for 500 epochs to generate co-occurrence matrix...
MLP pre-training complete. Penalty matrix frozen.
Epoch: 00, Loss: 1.9727, Train: 40.00%, Valid: 16.67%, Test: 20.10%, Best Valid: 16.67%, Best Test: 20.10%
Epoch: 100, Loss: 0.0484, Train: 100.00%, Valid: 60.00%, Test: 60.50%, Best Valid: 63.33%, Best Test: 60.20%
Epoch: 200, Loss: 0.0383, Train: 100.00%, Valid: 56.67%, Test: 59.30%, Best Valid: 63.33%, Best Test: 60.20%
Epoch: 300, Loss: 0.0276, Train: 100.00%, Valid: 60.00%, Test: 60.30%, Best Valid: 63.33%, Best Test: 60.20%
Epoch: 400, Loss: 0.0309, Train: 100.00%, Valid: 53.33%, Test: 60.70%, Best Valid: 63.33%, Best Test: 60.20%
Run 03:
Highest Train: 100.00
Highest Valid: 63.33
Highest Test: 63.40
Chosen epoch: 71
Final Train: 100.00
Final Test: 60.20
train:torch.Size([30]), valid:torch.Size([500]), test:torch.Size([1000])
Matched-budget validation: 30 valid nodes
Pre-training MLP for 500 epochs to generate co-occurrence matrix...
MLP pre-training complete. Penalty matrix frozen.
Epoch: 00, Loss: 1.9591, Train: 70.00%, Valid: 10.00%, Test: 19.70%, Best Valid: 10.00%, Best Test: 19.70%
Epoch: 100, Loss: 0.0405, Train: 100.00%, Valid: 40.00%, Test: 47.70%, Best Valid: 63.33%, Best Test: 55.40%
Epoch: 200, Loss: 0.0303, Train: 100.00%, Valid: 46.67%, Test: 49.80%, Best Valid: 63.33%, Best Test: 55.40%
Epoch: 300, Loss: 0.0272, Train: 100.00%, Valid: 40.00%, Test: 49.20%, Best Valid: 63.33%, Best Test: 55.40%
Epoch: 400, Loss: 0.0300, Train: 100.00%, Valid: 43.33%, Test: 47.70%, Best Valid: 63.33%, Best Test: 55.40%
Run 04:
Highest Train: 100.00
Highest Valid: 63.33
Highest Test: 58.20
Chosen epoch: 8
Final Train: 100.00
Final Test: 55.40
train:torch.Size([30]), valid:torch.Size([500]), test:torch.Size([1000])
Matched-budget validation: 30 valid nodes
Pre-training MLP for 500 epochs to generate co-occurrence matrix...
MLP pre-training complete. Penalty matrix frozen.
Epoch: 00, Loss: 1.9707, Train: 40.00%, Valid: 13.33%, Test: 19.30%, Best Valid: 13.33%, Best Test: 19.30%
Epoch: 100, Loss: 0.0529, Train: 100.00%, Valid: 63.33%, Test: 65.60%, Best Valid: 70.00%, Best Test: 61.70%
Epoch: 200, Loss: 0.0404, Train: 100.00%, Valid: 63.33%, Test: 65.00%, Best Valid: 70.00%, Best Test: 61.70%
Epoch: 300, Loss: 0.0316, Train: 100.00%, Valid: 66.67%, Test: 65.10%, Best Valid: 70.00%, Best Test: 61.70%
Epoch: 400, Loss: 0.0301, Train: 100.00%, Valid: 63.33%, Test: 65.60%, Best Valid: 70.00%, Best Test: 61.70%
Run 05:
Highest Train: 100.00
Highest Valid: 70.00
Highest Test: 66.90
Chosen epoch: 16
Final Train: 100.00
Final Test: 61.70
train:torch.Size([30]), valid:torch.Size([500]), test:torch.Size([1000])
Matched-budget validation: 30 valid nodes
Pre-training MLP for 500 epochs to generate co-occurrence matrix...
MLP pre-training complete. Penalty matrix frozen.
Epoch: 00, Loss: 1.9679, Train: 46.67%, Valid: 16.67%, Test: 11.10%, Best Valid: 16.67%, Best Test: 11.10%
Epoch: 100, Loss: 0.0500, Train: 100.00%, Valid: 50.00%, Test: 61.70%, Best Valid: 53.33%, Best Test: 57.00%
Epoch: 200, Loss: 0.0293, Train: 100.00%, Valid: 46.67%, Test: 63.30%, Best Valid: 53.33%, Best Test: 57.00%
Epoch: 300, Loss: 0.0287, Train: 100.00%, Valid: 43.33%, Test: 62.20%, Best Valid: 53.33%, Best Test: 57.00%
Epoch: 400, Loss: 0.0291, Train: 100.00%, Valid: 50.00%, Test: 61.00%, Best Valid: 53.33%, Best Test: 57.00%
Run 06:
Highest Train: 100.00
Highest Valid: 53.33
Highest Test: 64.00
Chosen epoch: 31
Final Train: 100.00
Final Test: 57.00
train:torch.Size([30]), valid:torch.Size([500]), test:torch.Size([1000])
Matched-budget validation: 30 valid nodes
Pre-training MLP for 500 epochs to generate co-occurrence matrix...
MLP pre-training complete. Penalty matrix frozen.
Epoch: 00, Loss: 1.9702, Train: 56.67%, Valid: 23.33%, Test: 21.60%, Best Valid: 23.33%, Best Test: 21.60%
Epoch: 100, Loss: 0.0450, Train: 100.00%, Valid: 46.67%, Test: 62.90%, Best Valid: 53.33%, Best Test: 63.90%
Epoch: 200, Loss: 0.0377, Train: 100.00%, Valid: 50.00%, Test: 61.90%, Best Valid: 53.33%, Best Test: 63.90%
Epoch: 300, Loss: 0.0301, Train: 100.00%, Valid: 46.67%, Test: 62.30%, Best Valid: 53.33%, Best Test: 63.90%
Epoch: 400, Loss: 0.0414, Train: 100.00%, Valid: 46.67%, Test: 61.70%, Best Valid: 53.33%, Best Test: 63.90%
Run 07:
Highest Train: 100.00
Highest Valid: 53.33
Highest Test: 64.10
Chosen epoch: 20
Final Train: 100.00
Final Test: 63.90
train:torch.Size([30]), valid:torch.Size([500]), test:torch.Size([1000])
Matched-budget validation: 30 valid nodes
Pre-training MLP for 500 epochs to generate co-occurrence matrix...
MLP pre-training complete. Penalty matrix frozen.
Epoch: 00, Loss: 1.9654, Train: 50.00%, Valid: 13.33%, Test: 16.80%, Best Valid: 13.33%, Best Test: 16.80%
Epoch: 100, Loss: 0.0562, Train: 100.00%, Valid: 70.00%, Test: 53.70%, Best Valid: 73.33%, Best Test: 58.90%
Epoch: 200, Loss: 0.0296, Train: 100.00%, Valid: 70.00%, Test: 53.10%, Best Valid: 73.33%, Best Test: 58.90%
Epoch: 300, Loss: 0.0365, Train: 100.00%, Valid: 66.67%, Test: 51.30%, Best Valid: 73.33%, Best Test: 58.90%
Epoch: 400, Loss: 0.0282, Train: 100.00%, Valid: 70.00%, Test: 52.60%, Best Valid: 76.67%, Best Test: 54.80%
Run 08:
Highest Train: 100.00
Highest Valid: 76.67
Highest Test: 58.90
Chosen epoch: 350
Final Train: 100.00
Final Test: 54.80
train:torch.Size([30]), valid:torch.Size([500]), test:torch.Size([1000])
Matched-budget validation: 30 valid nodes
Pre-training MLP for 500 epochs to generate co-occurrence matrix...
MLP pre-training complete. Penalty matrix frozen.
Epoch: 00, Loss: 1.9688, Train: 50.00%, Valid: 26.67%, Test: 16.40%, Best Valid: 26.67%, Best Test: 16.40%
Epoch: 100, Loss: 0.0468, Train: 100.00%, Valid: 56.67%, Test: 59.90%, Best Valid: 56.67%, Best Test: 56.70%
Epoch: 200, Loss: 0.0367, Train: 100.00%, Valid: 53.33%, Test: 59.90%, Best Valid: 56.67%, Best Test: 56.70%
Epoch: 300, Loss: 0.0350, Train: 100.00%, Valid: 56.67%, Test: 61.20%, Best Valid: 56.67%, Best Test: 56.70%
Epoch: 400, Loss: 0.0326, Train: 100.00%, Valid: 56.67%, Test: 59.80%, Best Valid: 56.67%, Best Test: 56.70%
Run 09:
Highest Train: 100.00
Highest Valid: 56.67
Highest Test: 62.10
Chosen epoch: 22
Final Train: 100.00
Final Test: 56.70
train:torch.Size([30]), valid:torch.Size([500]), test:torch.Size([1000])
Matched-budget validation: 30 valid nodes
Pre-training MLP for 500 epochs to generate co-occurrence matrix...
MLP pre-training complete. Penalty matrix frozen.
Epoch: 00, Loss: 1.9724, Train: 63.33%, Valid: 36.67%, Test: 26.60%, Best Valid: 36.67%, Best Test: 26.60%
Epoch: 100, Loss: 0.0396, Train: 100.00%, Valid: 60.00%, Test: 61.70%, Best Valid: 66.67%, Best Test: 54.30%
Epoch: 200, Loss: 0.0387, Train: 100.00%, Valid: 60.00%, Test: 60.30%, Best Valid: 66.67%, Best Test: 54.30%
Epoch: 300, Loss: 0.0381, Train: 100.00%, Valid: 60.00%, Test: 59.60%, Best Valid: 66.67%, Best Test: 54.30%
Epoch: 400, Loss: 0.0314, Train: 100.00%, Valid: 56.67%, Test: 59.00%, Best Valid: 66.67%, Best Test: 54.30%
Run 10:
Highest Train: 100.00
Highest Valid: 66.67
Highest Test: 64.40
Chosen epoch: 19
Final Train: 100.00
Final Test: 54.30
All runs:
Highest Train: 100.00 ± 0.00
Highest Test: 62.44 ± 2.66
Highest Valid: 63.00 ± 7.28
  Final Train: 100.00 ± 0.00
   Final Test: 58.22 ± 3.14
Saving results to results/lowlabel_mv/citeseer/MPNN_gcn.csv
--- mlp_reg | lambda=0.2 ---
Namespace(bn=False, budget_tag='5', count_reg=False, count_smoothing=1.0, cpu=False, data_dir='./data/', dataset='citeseer', device=0, display_step=100, dropout=0.5, epochs=500, gnn='gcn', hidden_channels=512, jk=False, label_num_per_class=5, lambda_val=0.2, ln=False, local_layers=2, lr=0.001, metric='acc', mlp_epochs=500, mlp_reg=True, model='MPNN', model_dir='models', num_heads=1, oracle_reg=False, paired_seeds=True, penalty_transform='none', pre_linear=False, pre_ln=False, rand_split=False, rand_split_class=True, reg_start_epoch=10, reg_update_freq=5, res=False, resample_split_per_run=True, result_dir='results/lowlabel_mv', runs=10, save_model=False, seed=123, test_num=1000, train_per_class=0, train_prop=0.5, use_reg=True, valid_num=500, valid_per_class=5, valid_prop=0.25, weight_decay=0.01)
citeseer
Num nodes: 3327
train:torch.Size([30]), valid:torch.Size([500]), test:torch.Size([1000])
dataset citeseer | num nodes 3327 | num edge 9104 | num node feats 3703 | num classes 6
MODEL: MPNNs(
  (h_lins): ModuleList()
  (local_convs): ModuleList(
    (0): GCNConv(3703, 512)
    (1): GCNConv(512, 512)
  )
  (lins): ModuleList(
    (0): Linear(in_features=3703, out_features=512, bias=True)
    (1): Linear(in_features=512, out_features=512, bias=True)
  )
  (lns): ModuleList(
    (0): LayerNorm((512,), eps=1e-05, elementwise_affine=True)
    (1): LayerNorm((512,), eps=1e-05, elementwise_affine=True)
  )
  (bns): ModuleList(
    (0): BatchNorm1d(512, eps=1e-05, momentum=0.1, affine=True, track_running_stats=True)
    (1): BatchNorm1d(512, eps=1e-05, momentum=0.1, affine=True, track_running_stats=True)
  )
  (lin_in): Linear(in_features=3703, out_features=512, bias=True)
  (pred_local): Linear(in_features=512, out_features=6, bias=True)
)
train:torch.Size([30]), valid:torch.Size([500]), test:torch.Size([1000])
Matched-budget validation: 30 valid nodes
Pre-training MLP for 500 epochs to generate co-occurrence matrix...
MLP pre-training complete. Penalty matrix frozen.
Epoch: 00, Loss: 2.1549, Train: 63.33%, Valid: 10.00%, Test: 22.20%, Best Valid: 10.00%, Best Test: 22.20%
Epoch: 100, Loss: 0.0465, Train: 100.00%, Valid: 56.67%, Test: 56.30%, Best Valid: 60.00%, Best Test: 60.60%
Epoch: 200, Loss: 0.0332, Train: 100.00%, Valid: 56.67%, Test: 56.30%, Best Valid: 60.00%, Best Test: 60.60%
Epoch: 300, Loss: 0.0484, Train: 100.00%, Valid: 56.67%, Test: 54.40%, Best Valid: 60.00%, Best Test: 60.60%
Epoch: 400, Loss: 0.0411, Train: 100.00%, Valid: 56.67%, Test: 56.70%, Best Valid: 60.00%, Best Test: 60.60%
Run 01:
Highest Train: 100.00
Highest Valid: 63.33
Highest Test: 60.80
Chosen epoch: 449
Final Train: 100.00
Final Test: 59.00
train:torch.Size([30]), valid:torch.Size([500]), test:torch.Size([1000])
Matched-budget validation: 30 valid nodes
Pre-training MLP for 500 epochs to generate co-occurrence matrix...
MLP pre-training complete. Penalty matrix frozen.
Epoch: 00, Loss: 2.1441, Train: 73.33%, Valid: 20.00%, Test: 28.60%, Best Valid: 20.00%, Best Test: 28.60%
Epoch: 100, Loss: 0.0481, Train: 100.00%, Valid: 56.67%, Test: 59.20%, Best Valid: 63.33%, Best Test: 59.30%
Epoch: 200, Loss: 0.0360, Train: 100.00%, Valid: 56.67%, Test: 59.40%, Best Valid: 63.33%, Best Test: 59.30%
Epoch: 300, Loss: 0.0378, Train: 100.00%, Valid: 56.67%, Test: 58.40%, Best Valid: 63.33%, Best Test: 59.30%
Epoch: 400, Loss: 0.0397, Train: 100.00%, Valid: 56.67%, Test: 59.00%, Best Valid: 63.33%, Best Test: 59.30%
Run 02:
Highest Train: 100.00
Highest Valid: 63.33
Highest Test: 61.50
Chosen epoch: 26
Final Train: 100.00
Final Test: 59.30
train:torch.Size([30]), valid:torch.Size([500]), test:torch.Size([1000])
Matched-budget validation: 30 valid nodes
Pre-training MLP for 500 epochs to generate co-occurrence matrix...
MLP pre-training complete. Penalty matrix frozen.
Epoch: 00, Loss: 2.1520, Train: 36.67%, Valid: 16.67%, Test: 20.10%, Best Valid: 16.67%, Best Test: 20.10%
Epoch: 100, Loss: 0.0525, Train: 100.00%, Valid: 60.00%, Test: 60.10%, Best Valid: 63.33%, Best Test: 59.80%
Epoch: 200, Loss: 0.0417, Train: 100.00%, Valid: 56.67%, Test: 58.90%, Best Valid: 63.33%, Best Test: 59.80%
Epoch: 300, Loss: 0.0302, Train: 100.00%, Valid: 56.67%, Test: 60.10%, Best Valid: 63.33%, Best Test: 59.80%
Epoch: 400, Loss: 0.0336, Train: 100.00%, Valid: 53.33%, Test: 60.40%, Best Valid: 63.33%, Best Test: 59.80%
Run 03:
Highest Train: 100.00
Highest Valid: 63.33
Highest Test: 63.30
Chosen epoch: 71
Final Train: 100.00
Final Test: 59.80
train:torch.Size([30]), valid:torch.Size([500]), test:torch.Size([1000])
Matched-budget validation: 30 valid nodes
Pre-training MLP for 500 epochs to generate co-occurrence matrix...
MLP pre-training complete. Penalty matrix frozen.
Epoch: 00, Loss: 2.1372, Train: 70.00%, Valid: 10.00%, Test: 19.40%, Best Valid: 10.00%, Best Test: 19.40%
Epoch: 100, Loss: 0.0445, Train: 100.00%, Valid: 40.00%, Test: 47.60%, Best Valid: 63.33%, Best Test: 54.10%
Epoch: 200, Loss: 0.0329, Train: 100.00%, Valid: 46.67%, Test: 49.40%, Best Valid: 63.33%, Best Test: 54.10%
Epoch: 300, Loss: 0.0296, Train: 100.00%, Valid: 40.00%, Test: 49.10%, Best Valid: 63.33%, Best Test: 54.10%
Epoch: 400, Loss: 0.0327, Train: 100.00%, Valid: 43.33%, Test: 47.40%, Best Valid: 63.33%, Best Test: 54.10%
Run 04:
Highest Train: 100.00
Highest Valid: 63.33
Highest Test: 57.90
Chosen epoch: 7
Final Train: 100.00
Final Test: 54.10
train:torch.Size([30]), valid:torch.Size([500]), test:torch.Size([1000])
Matched-budget validation: 30 valid nodes
Pre-training MLP for 500 epochs to generate co-occurrence matrix...
MLP pre-training complete. Penalty matrix frozen.
Epoch: 00, Loss: 2.1498, Train: 40.00%, Valid: 13.33%, Test: 19.20%, Best Valid: 13.33%, Best Test: 19.20%
Epoch: 100, Loss: 0.0579, Train: 100.00%, Valid: 63.33%, Test: 65.60%, Best Valid: 73.33%, Best Test: 65.40%
Epoch: 200, Loss: 0.0436, Train: 100.00%, Valid: 63.33%, Test: 65.20%, Best Valid: 73.33%, Best Test: 65.40%
Epoch: 300, Loss: 0.0342, Train: 100.00%, Valid: 66.67%, Test: 65.10%, Best Valid: 73.33%, Best Test: 65.40%
Epoch: 400, Loss: 0.0328, Train: 100.00%, Valid: 63.33%, Test: 65.60%, Best Valid: 73.33%, Best Test: 65.40%
Run 05:
Highest Train: 100.00
Highest Valid: 73.33
Highest Test: 66.90
Chosen epoch: 20
Final Train: 100.00
Final Test: 65.40
train:torch.Size([30]), valid:torch.Size([500]), test:torch.Size([1000])
Matched-budget validation: 30 valid nodes
Pre-training MLP for 500 epochs to generate co-occurrence matrix...
MLP pre-training complete. Penalty matrix frozen.
Epoch: 00, Loss: 2.1467, Train: 46.67%, Valid: 16.67%, Test: 11.10%, Best Valid: 16.67%, Best Test: 11.10%
Epoch: 100, Loss: 0.0545, Train: 100.00%, Valid: 50.00%, Test: 61.60%, Best Valid: 53.33%, Best Test: 57.00%
Epoch: 200, Loss: 0.0318, Train: 100.00%, Valid: 46.67%, Test: 63.40%, Best Valid: 53.33%, Best Test: 57.00%
Epoch: 300, Loss: 0.0316, Train: 100.00%, Valid: 43.33%, Test: 62.20%, Best Valid: 53.33%, Best Test: 57.00%
Epoch: 400, Loss: 0.0318, Train: 100.00%, Valid: 50.00%, Test: 61.40%, Best Valid: 53.33%, Best Test: 57.00%
Run 06:
Highest Train: 100.00
Highest Valid: 53.33
Highest Test: 64.00
Chosen epoch: 31
Final Train: 100.00
Final Test: 57.00
train:torch.Size([30]), valid:torch.Size([500]), test:torch.Size([1000])
Matched-budget validation: 30 valid nodes
Pre-training MLP for 500 epochs to generate co-occurrence matrix...
MLP pre-training complete. Penalty matrix frozen.
Epoch: 00, Loss: 2.1493, Train: 56.67%, Valid: 23.33%, Test: 21.70%, Best Valid: 23.33%, Best Test: 21.70%
Epoch: 100, Loss: 0.0490, Train: 100.00%, Valid: 46.67%, Test: 63.00%, Best Valid: 53.33%, Best Test: 63.80%
Epoch: 200, Loss: 0.0413, Train: 100.00%, Valid: 50.00%, Test: 61.40%, Best Valid: 53.33%, Best Test: 63.80%
Epoch: 300, Loss: 0.0329, Train: 100.00%, Valid: 46.67%, Test: 61.90%, Best Valid: 53.33%, Best Test: 63.80%
Epoch: 400, Loss: 0.0455, Train: 100.00%, Valid: 46.67%, Test: 61.80%, Best Valid: 53.33%, Best Test: 63.80%
Run 07:
Highest Train: 100.00
Highest Valid: 53.33
Highest Test: 64.10
Chosen epoch: 20
Final Train: 100.00
Final Test: 63.80
train:torch.Size([30]), valid:torch.Size([500]), test:torch.Size([1000])
Matched-budget validation: 30 valid nodes
Pre-training MLP for 500 epochs to generate co-occurrence matrix...
MLP pre-training complete. Penalty matrix frozen.
Epoch: 00, Loss: 2.1441, Train: 50.00%, Valid: 13.33%, Test: 16.70%, Best Valid: 13.33%, Best Test: 16.70%
Epoch: 100, Loss: 0.0613, Train: 100.00%, Valid: 70.00%, Test: 53.70%, Best Valid: 73.33%, Best Test: 59.10%
Epoch: 200, Loss: 0.0324, Train: 100.00%, Valid: 70.00%, Test: 53.20%, Best Valid: 73.33%, Best Test: 59.10%
Epoch: 300, Loss: 0.0399, Train: 100.00%, Valid: 66.67%, Test: 51.40%, Best Valid: 73.33%, Best Test: 59.10%
Epoch: 400, Loss: 0.0307, Train: 100.00%, Valid: 70.00%, Test: 52.30%, Best Valid: 76.67%, Best Test: 55.70%
Run 08:
Highest Train: 100.00
Highest Valid: 76.67
Highest Test: 59.10
Chosen epoch: 352
Final Train: 100.00
Final Test: 55.70
train:torch.Size([30]), valid:torch.Size([500]), test:torch.Size([1000])
Matched-budget validation: 30 valid nodes
Pre-training MLP for 500 epochs to generate co-occurrence matrix...
MLP pre-training complete. Penalty matrix frozen.
Epoch: 00, Loss: 2.1478, Train: 50.00%, Valid: 26.67%, Test: 16.10%, Best Valid: 26.67%, Best Test: 16.10%
Epoch: 100, Loss: 0.0508, Train: 100.00%, Valid: 56.67%, Test: 59.80%, Best Valid: 56.67%, Best Test: 56.10%
Epoch: 200, Loss: 0.0399, Train: 100.00%, Valid: 53.33%, Test: 59.60%, Best Valid: 56.67%, Best Test: 56.10%
Epoch: 300, Loss: 0.0383, Train: 100.00%, Valid: 56.67%, Test: 61.10%, Best Valid: 56.67%, Best Test: 56.10%
Epoch: 400, Loss: 0.0358, Train: 100.00%, Valid: 56.67%, Test: 59.30%, Best Valid: 56.67%, Best Test: 56.10%
Run 09:
Highest Train: 100.00
Highest Valid: 56.67
Highest Test: 61.70
Chosen epoch: 22
Final Train: 100.00
Final Test: 56.10
train:torch.Size([30]), valid:torch.Size([500]), test:torch.Size([1000])
Matched-budget validation: 30 valid nodes
Pre-training MLP for 500 epochs to generate co-occurrence matrix...
MLP pre-training complete. Penalty matrix frozen.
Epoch: 00, Loss: 2.1517, Train: 63.33%, Valid: 36.67%, Test: 26.70%, Best Valid: 36.67%, Best Test: 26.70%
Epoch: 100, Loss: 0.0432, Train: 100.00%, Valid: 60.00%, Test: 61.70%, Best Valid: 66.67%, Best Test: 54.80%
Epoch: 200, Loss: 0.0419, Train: 100.00%, Valid: 60.00%, Test: 60.50%, Best Valid: 66.67%, Best Test: 54.80%
Epoch: 300, Loss: 0.0415, Train: 100.00%, Valid: 60.00%, Test: 59.60%, Best Valid: 66.67%, Best Test: 54.80%
Epoch: 400, Loss: 0.0345, Train: 100.00%, Valid: 56.67%, Test: 59.70%, Best Valid: 66.67%, Best Test: 54.80%
Run 10:
Highest Train: 100.00
Highest Valid: 66.67
Highest Test: 64.20
Chosen epoch: 19
Final Train: 100.00
Final Test: 54.80
All runs:
Highest Train: 100.00 ± 0.00
Highest Test: 62.35 ± 2.68
Highest Valid: 63.33 ± 7.70
  Final Train: 100.00 ± 0.00
   Final Test: 58.50 ± 3.76
Saving results to results/lowlabel_mv/citeseer/MPNN_gcn.csv
--- mlp_reg | lambda=0.4 ---
Namespace(bn=False, budget_tag='5', count_reg=False, count_smoothing=1.0, cpu=False, data_dir='./data/', dataset='citeseer', device=0, display_step=100, dropout=0.5, epochs=500, gnn='gcn', hidden_channels=512, jk=False, label_num_per_class=5, lambda_val=0.4, ln=False, local_layers=2, lr=0.001, metric='acc', mlp_epochs=500, mlp_reg=True, model='MPNN', model_dir='models', num_heads=1, oracle_reg=False, paired_seeds=True, penalty_transform='none', pre_linear=False, pre_ln=False, rand_split=False, rand_split_class=True, reg_start_epoch=10, reg_update_freq=5, res=False, resample_split_per_run=True, result_dir='results/lowlabel_mv', runs=10, save_model=False, seed=123, test_num=1000, train_per_class=0, train_prop=0.5, use_reg=True, valid_num=500, valid_per_class=5, valid_prop=0.25, weight_decay=0.01)
citeseer
Num nodes: 3327
train:torch.Size([30]), valid:torch.Size([500]), test:torch.Size([1000])
dataset citeseer | num nodes 3327 | num edge 9104 | num node feats 3703 | num classes 6
MODEL: MPNNs(
  (h_lins): ModuleList()
  (local_convs): ModuleList(
    (0): GCNConv(3703, 512)
    (1): GCNConv(512, 512)
  )
  (lins): ModuleList(
    (0): Linear(in_features=3703, out_features=512, bias=True)
    (1): Linear(in_features=512, out_features=512, bias=True)
  )
  (lns): ModuleList(
    (0): LayerNorm((512,), eps=1e-05, elementwise_affine=True)
    (1): LayerNorm((512,), eps=1e-05, elementwise_affine=True)
  )
  (bns): ModuleList(
    (0): BatchNorm1d(512, eps=1e-05, momentum=0.1, affine=True, track_running_stats=True)
    (1): BatchNorm1d(512, eps=1e-05, momentum=0.1, affine=True, track_running_stats=True)
  )
  (lin_in): Linear(in_features=3703, out_features=512, bias=True)
  (pred_local): Linear(in_features=512, out_features=6, bias=True)
)
train:torch.Size([30]), valid:torch.Size([500]), test:torch.Size([1000])
Matched-budget validation: 30 valid nodes
Pre-training MLP for 500 epochs to generate co-occurrence matrix...
MLP pre-training complete. Penalty matrix frozen.
Epoch: 00, Loss: 2.5141, Train: 63.33%, Valid: 10.00%, Test: 22.20%, Best Valid: 10.00%, Best Test: 22.20%
Epoch: 100, Loss: 0.0540, Train: 100.00%, Valid: 56.67%, Test: 56.50%, Best Valid: 63.33%, Best Test: 60.40%
Epoch: 200, Loss: 0.0387, Train: 100.00%, Valid: 56.67%, Test: 56.30%, Best Valid: 63.33%, Best Test: 60.40%
Epoch: 300, Loss: 0.0563, Train: 100.00%, Valid: 56.67%, Test: 54.20%, Best Valid: 63.33%, Best Test: 60.40%
Epoch: 400, Loss: 0.0479, Train: 100.00%, Valid: 56.67%, Test: 56.60%, Best Valid: 63.33%, Best Test: 60.40%
Run 01:
Highest Train: 100.00
Highest Valid: 63.33
Highest Test: 60.70
Chosen epoch: 19
Final Train: 100.00
Final Test: 60.40
train:torch.Size([30]), valid:torch.Size([500]), test:torch.Size([1000])
Matched-budget validation: 30 valid nodes
Pre-training MLP for 500 epochs to generate co-occurrence matrix...
MLP pre-training complete. Penalty matrix frozen.
Epoch: 00, Loss: 2.5015, Train: 73.33%, Valid: 20.00%, Test: 28.00%, Best Valid: 20.00%, Best Test: 28.00%
Epoch: 100, Loss: 0.0561, Train: 100.00%, Valid: 56.67%, Test: 59.20%, Best Valid: 63.33%, Best Test: 59.60%
Epoch: 200, Loss: 0.0420, Train: 100.00%, Valid: 56.67%, Test: 59.30%, Best Valid: 63.33%, Best Test: 59.60%
Epoch: 300, Loss: 0.0439, Train: 100.00%, Valid: 56.67%, Test: 58.20%, Best Valid: 63.33%, Best Test: 59.60%
Epoch: 400, Loss: 0.0459, Train: 100.00%, Valid: 56.67%, Test: 59.00%, Best Valid: 63.33%, Best Test: 59.60%
Run 02:
Highest Train: 100.00
Highest Valid: 63.33
Highest Test: 61.30
Chosen epoch: 26
Final Train: 100.00
Final Test: 59.60
train:torch.Size([30]), valid:torch.Size([500]), test:torch.Size([1000])
Matched-budget validation: 30 valid nodes
Pre-training MLP for 500 epochs to generate co-occurrence matrix...
MLP pre-training complete. Penalty matrix frozen.
Epoch: 00, Loss: 2.5107, Train: 36.67%, Valid: 16.67%, Test: 20.10%, Best Valid: 16.67%, Best Test: 20.10%
Epoch: 100, Loss: 0.0610, Train: 100.00%, Valid: 60.00%, Test: 59.90%, Best Valid: 60.00%, Best Test: 59.00%
Epoch: 200, Loss: 0.0488, Train: 100.00%, Valid: 56.67%, Test: 58.70%, Best Valid: 63.33%, Best Test: 59.70%
Epoch: 300, Loss: 0.0348, Train: 100.00%, Valid: 53.33%, Test: 59.70%, Best Valid: 63.33%, Best Test: 59.70%
Epoch: 400, Loss: 0.0395, Train: 100.00%, Valid: 53.33%, Test: 60.00%, Best Valid: 63.33%, Best Test: 59.70%
Run 03:
Highest Train: 100.00
Highest Valid: 63.33
Highest Test: 62.80
Chosen epoch: 112
Final Train: 100.00
Final Test: 59.70
train:torch.Size([30]), valid:torch.Size([500]), test:torch.Size([1000])
Matched-budget validation: 30 valid nodes
Pre-training MLP for 500 epochs to generate co-occurrence matrix...
MLP pre-training complete. Penalty matrix frozen.
Epoch: 00, Loss: 2.4934, Train: 70.00%, Valid: 10.00%, Test: 19.40%, Best Valid: 10.00%, Best Test: 19.40%
Epoch: 100, Loss: 0.0516, Train: 100.00%, Valid: 40.00%, Test: 47.40%, Best Valid: 53.33%, Best Test: 49.70%
Epoch: 200, Loss: 0.0384, Train: 100.00%, Valid: 46.67%, Test: 49.10%, Best Valid: 53.33%, Best Test: 49.70%
Epoch: 300, Loss: 0.0346, Train: 100.00%, Valid: 40.00%, Test: 48.80%, Best Valid: 53.33%, Best Test: 49.70%
Epoch: 400, Loss: 0.0386, Train: 100.00%, Valid: 43.33%, Test: 47.30%, Best Valid: 53.33%, Best Test: 49.70%
Run 04:
Highest Train: 100.00
Highest Valid: 53.33
Highest Test: 56.30
Chosen epoch: 6
Final Train: 100.00
Final Test: 49.70
train:torch.Size([30]), valid:torch.Size([500]), test:torch.Size([1000])
Matched-budget validation: 30 valid nodes
Pre-training MLP for 500 epochs to generate co-occurrence matrix...
MLP pre-training complete. Penalty matrix frozen.
Epoch: 00, Loss: 2.5081, Train: 40.00%, Valid: 13.33%, Test: 19.20%, Best Valid: 13.33%, Best Test: 19.20%
Epoch: 100, Loss: 0.0673, Train: 100.00%, Valid: 63.33%, Test: 65.50%, Best Valid: 73.33%, Best Test: 65.90%
Epoch: 200, Loss: 0.0507, Train: 100.00%, Valid: 63.33%, Test: 65.30%, Best Valid: 73.33%, Best Test: 65.90%
Epoch: 300, Loss: 0.0398, Train: 100.00%, Valid: 66.67%, Test: 65.20%, Best Valid: 73.33%, Best Test: 65.90%
Epoch: 400, Loss: 0.0381, Train: 100.00%, Valid: 60.00%, Test: 65.50%, Best Valid: 73.33%, Best Test: 65.90%
Run 05:
Highest Train: 100.00
Highest Valid: 73.33
Highest Test: 66.90
Chosen epoch: 19
Final Train: 100.00
Final Test: 65.90
train:torch.Size([30]), valid:torch.Size([500]), test:torch.Size([1000])
Matched-budget validation: 30 valid nodes
Pre-training MLP for 500 epochs to generate co-occurrence matrix...
MLP pre-training complete. Penalty matrix frozen.
Epoch: 00, Loss: 2.5045, Train: 46.67%, Valid: 16.67%, Test: 11.10%, Best Valid: 16.67%, Best Test: 11.10%
Epoch: 100, Loss: 0.0635, Train: 100.00%, Valid: 50.00%, Test: 61.60%, Best Valid: 53.33%, Best Test: 57.20%
Epoch: 200, Loss: 0.0371, Train: 100.00%, Valid: 46.67%, Test: 63.30%, Best Valid: 53.33%, Best Test: 57.20%
Epoch: 300, Loss: 0.0368, Train: 100.00%, Valid: 43.33%, Test: 62.10%, Best Valid: 53.33%, Best Test: 57.20%
Epoch: 400, Loss: 0.0368, Train: 100.00%, Valid: 50.00%, Test: 61.30%, Best Valid: 53.33%, Best Test: 57.20%
Run 06:
Highest Train: 100.00
Highest Valid: 53.33
Highest Test: 64.20
Chosen epoch: 31
Final Train: 100.00
Final Test: 57.20
train:torch.Size([30]), valid:torch.Size([500]), test:torch.Size([1000])
Matched-budget validation: 30 valid nodes
Pre-training MLP for 500 epochs to generate co-occurrence matrix...
MLP pre-training complete. Penalty matrix frozen.
Epoch: 00, Loss: 2.5075, Train: 56.67%, Valid: 23.33%, Test: 21.70%, Best Valid: 23.33%, Best Test: 21.70%
Epoch: 100, Loss: 0.0572, Train: 100.00%, Valid: 46.67%, Test: 63.00%, Best Valid: 53.33%, Best Test: 63.10%
Epoch: 200, Loss: 0.0479, Train: 100.00%, Valid: 50.00%, Test: 61.50%, Best Valid: 53.33%, Best Test: 63.10%
Epoch: 300, Loss: 0.0382, Train: 100.00%, Valid: 46.67%, Test: 62.00%, Best Valid: 53.33%, Best Test: 63.10%
Epoch: 400, Loss: 0.0527, Train: 100.00%, Valid: 46.67%, Test: 61.80%, Best Valid: 53.33%, Best Test: 63.10%
Run 07:
Highest Train: 100.00
Highest Valid: 53.33
Highest Test: 63.70
Chosen epoch: 20
Final Train: 100.00
Final Test: 63.10
train:torch.Size([30]), valid:torch.Size([500]), test:torch.Size([1000])
Matched-budget validation: 30 valid nodes
Pre-training MLP for 500 epochs to generate co-occurrence matrix...
MLP pre-training complete. Penalty matrix frozen.
Epoch: 00, Loss: 2.5015, Train: 50.00%, Valid: 13.33%, Test: 16.70%, Best Valid: 13.33%, Best Test: 16.70%
Epoch: 100, Loss: 0.0716, Train: 100.00%, Valid: 70.00%, Test: 53.90%, Best Valid: 73.33%, Best Test: 59.50%
Epoch: 200, Loss: 0.0376, Train: 100.00%, Valid: 70.00%, Test: 53.40%, Best Valid: 73.33%, Best Test: 59.50%
Epoch: 300, Loss: 0.0464, Train: 100.00%, Valid: 66.67%, Test: 51.70%, Best Valid: 73.33%, Best Test: 59.50%
Epoch: 400, Loss: 0.0358, Train: 100.00%, Valid: 70.00%, Test: 52.30%, Best Valid: 76.67%, Best Test: 55.80%
Run 08:
Highest Train: 100.00
Highest Valid: 76.67
Highest Test: 59.50
Chosen epoch: 352
Final Train: 100.00
Final Test: 55.80
train:torch.Size([30]), valid:torch.Size([500]), test:torch.Size([1000])
Matched-budget validation: 30 valid nodes
Pre-training MLP for 500 epochs to generate co-occurrence matrix...
MLP pre-training complete. Penalty matrix frozen.
Epoch: 00, Loss: 2.5057, Train: 50.00%, Valid: 26.67%, Test: 15.20%, Best Valid: 26.67%, Best Test: 15.20%
Epoch: 100, Loss: 0.0591, Train: 100.00%, Valid: 56.67%, Test: 58.90%, Best Valid: 60.00%, Best Test: 55.20%
Epoch: 200, Loss: 0.0469, Train: 100.00%, Valid: 53.33%, Test: 59.20%, Best Valid: 60.00%, Best Test: 55.20%
Epoch: 300, Loss: 0.0448, Train: 100.00%, Valid: 56.67%, Test: 60.50%, Best Valid: 60.00%, Best Test: 55.20%
Epoch: 400, Loss: 0.0413, Train: 100.00%, Valid: 56.67%, Test: 58.60%, Best Valid: 60.00%, Best Test: 55.20%
Run 09:
Highest Train: 100.00
Highest Valid: 60.00
Highest Test: 61.60
Chosen epoch: 23
Final Train: 100.00
Final Test: 55.20
train:torch.Size([30]), valid:torch.Size([500]), test:torch.Size([1000])
Matched-budget validation: 30 valid nodes
Pre-training MLP for 500 epochs to generate co-occurrence matrix...
MLP pre-training complete. Penalty matrix frozen.
Epoch: 00, Loss: 2.5103, Train: 60.00%, Valid: 36.67%, Test: 25.80%, Best Valid: 36.67%, Best Test: 25.80%
Epoch: 100, Loss: 0.0504, Train: 100.00%, Valid: 60.00%, Test: 61.40%, Best Valid: 66.67%, Best Test: 55.20%
Epoch: 200, Loss: 0.0485, Train: 100.00%, Valid: 60.00%, Test: 60.50%, Best Valid: 66.67%, Best Test: 55.20%
Epoch: 300, Loss: 0.0482, Train: 100.00%, Valid: 60.00%, Test: 59.70%, Best Valid: 66.67%, Best Test: 55.20%
Epoch: 400, Loss: 0.0402, Train: 100.00%, Valid: 56.67%, Test: 59.70%, Best Valid: 66.67%, Best Test: 55.20%
Run 10:
Highest Train: 100.00
Highest Valid: 66.67
Highest Test: 64.20
Chosen epoch: 19
Final Train: 100.00
Final Test: 55.20
All runs:
Highest Train: 100.00 ± 0.00
Highest Test: 62.12 ± 2.95
Highest Valid: 62.67 ± 8.13
  Final Train: 100.00 ± 0.00
   Final Test: 58.18 ± 4.59
Saving results to results/lowlabel_mv/citeseer/MPNN_gcn.csv
--- mlp_reg | lambda=0.8 ---
Namespace(bn=False, budget_tag='5', count_reg=False, count_smoothing=1.0, cpu=False, data_dir='./data/', dataset='citeseer', device=0, display_step=100, dropout=0.5, epochs=500, gnn='gcn', hidden_channels=512, jk=False, label_num_per_class=5, lambda_val=0.8, ln=False, local_layers=2, lr=0.001, metric='acc', mlp_epochs=500, mlp_reg=True, model='MPNN', model_dir='models', num_heads=1, oracle_reg=False, paired_seeds=True, penalty_transform='none', pre_linear=False, pre_ln=False, rand_split=False, rand_split_class=True, reg_start_epoch=10, reg_update_freq=5, res=False, resample_split_per_run=True, result_dir='results/lowlabel_mv', runs=10, save_model=False, seed=123, test_num=1000, train_per_class=0, train_prop=0.5, use_reg=True, valid_num=500, valid_per_class=5, valid_prop=0.25, weight_decay=0.01)
citeseer
Num nodes: 3327
train:torch.Size([30]), valid:torch.Size([500]), test:torch.Size([1000])
dataset citeseer | num nodes 3327 | num edge 9104 | num node feats 3703 | num classes 6
MODEL: MPNNs(
  (h_lins): ModuleList()
  (local_convs): ModuleList(
    (0): GCNConv(3703, 512)
    (1): GCNConv(512, 512)
  )
  (lins): ModuleList(
    (0): Linear(in_features=3703, out_features=512, bias=True)
    (1): Linear(in_features=512, out_features=512, bias=True)
  )
  (lns): ModuleList(
    (0): LayerNorm((512,), eps=1e-05, elementwise_affine=True)
    (1): LayerNorm((512,), eps=1e-05, elementwise_affine=True)
  )
  (bns): ModuleList(
    (0): BatchNorm1d(512, eps=1e-05, momentum=0.1, affine=True, track_running_stats=True)
    (1): BatchNorm1d(512, eps=1e-05, momentum=0.1, affine=True, track_running_stats=True)
  )
  (lin_in): Linear(in_features=3703, out_features=512, bias=True)
  (pred_local): Linear(in_features=512, out_features=6, bias=True)
)
train:torch.Size([30]), valid:torch.Size([500]), test:torch.Size([1000])
Matched-budget validation: 30 valid nodes
Pre-training MLP for 500 epochs to generate co-occurrence matrix...
MLP pre-training complete. Penalty matrix frozen.
Epoch: 00, Loss: 3.2324, Train: 63.33%, Valid: 10.00%, Test: 22.10%, Best Valid: 10.00%, Best Test: 22.10%
Epoch: 100, Loss: 0.0695, Train: 100.00%, Valid: 56.67%, Test: 56.50%, Best Valid: 63.33%, Best Test: 59.80%
Epoch: 200, Loss: 0.0496, Train: 100.00%, Valid: 56.67%, Test: 56.10%, Best Valid: 63.33%, Best Test: 59.80%
Epoch: 300, Loss: 0.0725, Train: 100.00%, Valid: 56.67%, Test: 54.20%, Best Valid: 63.33%, Best Test: 59.80%
Epoch: 400, Loss: 0.0612, Train: 100.00%, Valid: 56.67%, Test: 56.50%, Best Valid: 63.33%, Best Test: 59.80%
Run 01:
Highest Train: 100.00
Highest Valid: 63.33
Highest Test: 60.40
Chosen epoch: 19
Final Train: 100.00
Final Test: 59.80
train:torch.Size([30]), valid:torch.Size([500]), test:torch.Size([1000])
Matched-budget validation: 30 valid nodes
Pre-training MLP for 500 epochs to generate co-occurrence matrix...
MLP pre-training complete. Penalty matrix frozen.
Epoch: 00, Loss: 3.2162, Train: 73.33%, Valid: 20.00%, Test: 28.10%, Best Valid: 20.00%, Best Test: 28.10%
Epoch: 100, Loss: 0.0721, Train: 100.00%, Valid: 56.67%, Test: 58.90%, Best Valid: 63.33%, Best Test: 59.60%
Epoch: 200, Loss: 0.0540, Train: 100.00%, Valid: 56.67%, Test: 59.30%, Best Valid: 63.33%, Best Test: 59.60%
Epoch: 300, Loss: 0.0565, Train: 100.00%, Valid: 56.67%, Test: 58.10%, Best Valid: 63.33%, Best Test: 59.60%
Epoch: 400, Loss: 0.0589, Train: 100.00%, Valid: 56.67%, Test: 59.00%, Best Valid: 63.33%, Best Test: 59.60%
Run 02:
Highest Train: 100.00
Highest Valid: 63.33
Highest Test: 61.50
Chosen epoch: 26
Final Train: 100.00
Final Test: 59.60
train:torch.Size([30]), valid:torch.Size([500]), test:torch.Size([1000])
Matched-budget validation: 30 valid nodes
Pre-training MLP for 500 epochs to generate co-occurrence matrix...
MLP pre-training complete. Penalty matrix frozen.
Epoch: 00, Loss: 3.2281, Train: 30.00%, Valid: 16.67%, Test: 20.00%, Best Valid: 16.67%, Best Test: 20.00%
Epoch: 100, Loss: 0.0783, Train: 100.00%, Valid: 53.33%, Test: 58.80%, Best Valid: 53.33%, Best Test: 58.10%
Epoch: 200, Loss: 0.0630, Train: 100.00%, Valid: 56.67%, Test: 58.00%, Best Valid: 60.00%, Best Test: 58.80%
Epoch: 300, Loss: 0.0447, Train: 100.00%, Valid: 53.33%, Test: 59.00%, Best Valid: 60.00%, Best Test: 58.80%
Epoch: 400, Loss: 0.0505, Train: 100.00%, Valid: 53.33%, Test: 59.30%, Best Valid: 60.00%, Best Test: 58.80%
Run 03:
Highest Train: 100.00
Highest Valid: 60.00
Highest Test: 61.80
Chosen epoch: 112
Final Train: 100.00
Final Test: 58.80
train:torch.Size([30]), valid:torch.Size([500]), test:torch.Size([1000])
Matched-budget validation: 30 valid nodes
Pre-training MLP for 500 epochs to generate co-occurrence matrix...
MLP pre-training complete. Penalty matrix frozen.
Epoch: 00, Loss: 3.2058, Train: 66.67%, Valid: 6.67%, Test: 19.30%, Best Valid: 6.67%, Best Test: 19.30%
Epoch: 100, Loss: 0.0661, Train: 100.00%, Valid: 40.00%, Test: 46.70%, Best Valid: 43.33%, Best Test: 46.30%
Epoch: 200, Loss: 0.0496, Train: 100.00%, Valid: 46.67%, Test: 47.80%, Best Valid: 46.67%, Best Test: 47.60%
Epoch: 300, Loss: 0.0442, Train: 100.00%, Valid: 40.00%, Test: 48.00%, Best Valid: 46.67%, Best Test: 47.60%
Epoch: 400, Loss: 0.0497, Train: 100.00%, Valid: 43.33%, Test: 47.00%, Best Valid: 46.67%, Best Test: 47.60%
Run 04:
Highest Train: 100.00
Highest Valid: 46.67
Highest Test: 49.60
Chosen epoch: 105
Final Train: 100.00
Final Test: 47.60
train:torch.Size([30]), valid:torch.Size([500]), test:torch.Size([1000])
Matched-budget validation: 30 valid nodes
Pre-training MLP for 500 epochs to generate co-occurrence matrix...
MLP pre-training complete. Penalty matrix frozen.
Epoch: 00, Loss: 3.2247, Train: 36.67%, Valid: 13.33%, Test: 19.60%, Best Valid: 13.33%, Best Test: 19.60%
Epoch: 100, Loss: 0.0865, Train: 100.00%, Valid: 63.33%, Test: 65.20%, Best Valid: 73.33%, Best Test: 63.20%
Epoch: 200, Loss: 0.0656, Train: 100.00%, Valid: 60.00%, Test: 65.40%, Best Valid: 73.33%, Best Test: 63.20%
Epoch: 300, Loss: 0.0507, Train: 100.00%, Valid: 63.33%, Test: 65.60%, Best Valid: 73.33%, Best Test: 63.20%
Epoch: 400, Loss: 0.0491, Train: 100.00%, Valid: 60.00%, Test: 65.50%, Best Valid: 73.33%, Best Test: 63.20%
Run 05:
Highest Train: 100.00
Highest Valid: 73.33
Highest Test: 67.10
Chosen epoch: 15
Final Train: 100.00
Final Test: 63.20
train:torch.Size([30]), valid:torch.Size([500]), test:torch.Size([1000])
Matched-budget validation: 30 valid nodes
Pre-training MLP for 500 epochs to generate co-occurrence matrix...
MLP pre-training complete. Penalty matrix frozen.
Epoch: 00, Loss: 3.2201, Train: 46.67%, Valid: 16.67%, Test: 11.10%, Best Valid: 16.67%, Best Test: 11.10%
Epoch: 100, Loss: 0.0814, Train: 100.00%, Valid: 50.00%, Test: 61.80%, Best Valid: 53.33%, Best Test: 54.30%
Epoch: 200, Loss: 0.0481, Train: 100.00%, Valid: 46.67%, Test: 63.40%, Best Valid: 53.33%, Best Test: 54.30%
Epoch: 300, Loss: 0.0468, Train: 100.00%, Valid: 43.33%, Test: 62.20%, Best Valid: 53.33%, Best Test: 54.30%
Epoch: 400, Loss: 0.0479, Train: 100.00%, Valid: 50.00%, Test: 61.30%, Best Valid: 53.33%, Best Test: 54.30%
Run 06:
Highest Train: 100.00
Highest Valid: 53.33
Highest Test: 64.20
Chosen epoch: 25
Final Train: 100.00
Final Test: 54.30
train:torch.Size([30]), valid:torch.Size([500]), test:torch.Size([1000])
Matched-budget validation: 30 valid nodes
Pre-training MLP for 500 epochs to generate co-occurrence matrix...
MLP pre-training complete. Penalty matrix frozen.
Epoch: 00, Loss: 3.2239, Train: 56.67%, Valid: 23.33%, Test: 21.60%, Best Valid: 23.33%, Best Test: 21.60%
Epoch: 100, Loss: 0.0736, Train: 100.00%, Valid: 46.67%, Test: 63.10%, Best Valid: 53.33%, Best Test: 62.90%
Epoch: 200, Loss: 0.0614, Train: 100.00%, Valid: 50.00%, Test: 61.70%, Best Valid: 53.33%, Best Test: 62.90%
Epoch: 300, Loss: 0.0493, Train: 100.00%, Valid: 46.67%, Test: 61.80%, Best Valid: 53.33%, Best Test: 62.90%
Epoch: 400, Loss: 0.0677, Train: 100.00%, Valid: 46.67%, Test: 61.50%, Best Valid: 53.33%, Best Test: 62.90%
Run 07:
Highest Train: 100.00
Highest Valid: 53.33
Highest Test: 63.50
Chosen epoch: 20
Final Train: 100.00
Final Test: 62.90
train:torch.Size([30]), valid:torch.Size([500]), test:torch.Size([1000])
Matched-budget validation: 30 valid nodes
Pre-training MLP for 500 epochs to generate co-occurrence matrix...
MLP pre-training complete. Penalty matrix frozen.
Epoch: 00, Loss: 3.2162, Train: 50.00%, Valid: 13.33%, Test: 17.10%, Best Valid: 13.33%, Best Test: 17.10%
Epoch: 100, Loss: 0.0921, Train: 100.00%, Valid: 70.00%, Test: 54.10%, Best Valid: 73.33%, Best Test: 59.70%
Epoch: 200, Loss: 0.0487, Train: 100.00%, Valid: 70.00%, Test: 53.60%, Best Valid: 73.33%, Best Test: 59.70%
Epoch: 300, Loss: 0.0597, Train: 100.00%, Valid: 70.00%, Test: 52.30%, Best Valid: 73.33%, Best Test: 59.70%
Epoch: 400, Loss: 0.0459, Train: 100.00%, Valid: 70.00%, Test: 53.10%, Best Valid: 76.67%, Best Test: 55.10%
Run 08:
Highest Train: 100.00
Highest Valid: 76.67
Highest Test: 59.70
Chosen epoch: 350
Final Train: 100.00
Final Test: 55.10
train:torch.Size([30]), valid:torch.Size([500]), test:torch.Size([1000])
Matched-budget validation: 30 valid nodes
Pre-training MLP for 500 epochs to generate co-occurrence matrix...
MLP pre-training complete. Penalty matrix frozen.
Epoch: 00, Loss: 3.2217, Train: 53.33%, Valid: 30.00%, Test: 13.00%, Best Valid: 30.00%, Best Test: 13.00%
Epoch: 100, Loss: 0.0757, Train: 100.00%, Valid: 53.33%, Test: 55.70%, Best Valid: 60.00%, Best Test: 52.80%
Epoch: 200, Loss: 0.0595, Train: 100.00%, Valid: 53.33%, Test: 56.70%, Best Valid: 60.00%, Best Test: 52.80%
Epoch: 300, Loss: 0.0579, Train: 100.00%, Valid: 53.33%, Test: 58.50%, Best Valid: 60.00%, Best Test: 52.80%
Epoch: 400, Loss: 0.0532, Train: 100.00%, Valid: 53.33%, Test: 56.60%, Best Valid: 60.00%, Best Test: 52.80%
Run 09:
Highest Train: 100.00
Highest Valid: 60.00
Highest Test: 59.90
Chosen epoch: 51
Final Train: 100.00
Final Test: 52.80
train:torch.Size([30]), valid:torch.Size([500]), test:torch.Size([1000])
Matched-budget validation: 30 valid nodes
Pre-training MLP for 500 epochs to generate co-occurrence matrix...
MLP pre-training complete. Penalty matrix frozen.
Epoch: 00, Loss: 3.2275, Train: 63.33%, Valid: 40.00%, Test: 26.30%, Best Valid: 40.00%, Best Test: 26.30%
Epoch: 100, Loss: 0.0647, Train: 100.00%, Valid: 60.00%, Test: 61.60%, Best Valid: 66.67%, Best Test: 55.40%
Epoch: 200, Loss: 0.0626, Train: 100.00%, Valid: 60.00%, Test: 60.00%, Best Valid: 66.67%, Best Test: 55.40%
Epoch: 300, Loss: 0.0620, Train: 100.00%, Valid: 60.00%, Test: 59.40%, Best Valid: 66.67%, Best Test: 55.40%
Epoch: 400, Loss: 0.0510, Train: 100.00%, Valid: 56.67%, Test: 59.40%, Best Valid: 66.67%, Best Test: 55.40%
Run 10:
Highest Train: 100.00
Highest Valid: 66.67
Highest Test: 63.80
Chosen epoch: 19
Final Train: 100.00
Final Test: 55.40
All runs:
Highest Train: 100.00 ± 0.00
Highest Test: 61.15 ± 4.66
Highest Valid: 61.67 ± 9.20
  Final Train: 100.00 ± 0.00
   Final Test: 56.95 ± 4.84
Saving results to results/lowlabel_mv/citeseer/MPNN_gcn.csv
--- mlp_reg | lambda=1.6 ---
Namespace(bn=False, budget_tag='5', count_reg=False, count_smoothing=1.0, cpu=False, data_dir='./data/', dataset='citeseer', device=0, display_step=100, dropout=0.5, epochs=500, gnn='gcn', hidden_channels=512, jk=False, label_num_per_class=5, lambda_val=1.6, ln=False, local_layers=2, lr=0.001, metric='acc', mlp_epochs=500, mlp_reg=True, model='MPNN', model_dir='models', num_heads=1, oracle_reg=False, paired_seeds=True, penalty_transform='none', pre_linear=False, pre_ln=False, rand_split=False, rand_split_class=True, reg_start_epoch=10, reg_update_freq=5, res=False, resample_split_per_run=True, result_dir='results/lowlabel_mv', runs=10, save_model=False, seed=123, test_num=1000, train_per_class=0, train_prop=0.5, use_reg=True, valid_num=500, valid_per_class=5, valid_prop=0.25, weight_decay=0.01)
citeseer
Num nodes: 3327
train:torch.Size([30]), valid:torch.Size([500]), test:torch.Size([1000])
dataset citeseer | num nodes 3327 | num edge 9104 | num node feats 3703 | num classes 6
MODEL: MPNNs(
  (h_lins): ModuleList()
  (local_convs): ModuleList(
    (0): GCNConv(3703, 512)
    (1): GCNConv(512, 512)
  )
  (lins): ModuleList(
    (0): Linear(in_features=3703, out_features=512, bias=True)
    (1): Linear(in_features=512, out_features=512, bias=True)
  )
  (lns): ModuleList(
    (0): LayerNorm((512,), eps=1e-05, elementwise_affine=True)
    (1): LayerNorm((512,), eps=1e-05, elementwise_affine=True)
  )
  (bns): ModuleList(
    (0): BatchNorm1d(512, eps=1e-05, momentum=0.1, affine=True, track_running_stats=True)
    (1): BatchNorm1d(512, eps=1e-05, momentum=0.1, affine=True, track_running_stats=True)
  )
  (lin_in): Linear(in_features=3703, out_features=512, bias=True)
  (pred_local): Linear(in_features=512, out_features=6, bias=True)
)
train:torch.Size([30]), valid:torch.Size([500]), test:torch.Size([1000])
Matched-budget validation: 30 valid nodes
Pre-training MLP for 500 epochs to generate co-occurrence matrix...
MLP pre-training complete. Penalty matrix frozen.
Epoch: 00, Loss: 4.6690, Train: 63.33%, Valid: 10.00%, Test: 21.80%, Best Valid: 10.00%, Best Test: 21.80%
Epoch: 100, Loss: 0.0994, Train: 100.00%, Valid: 56.67%, Test: 56.20%, Best Valid: 63.33%, Best Test: 57.90%
Epoch: 200, Loss: 0.0717, Train: 100.00%, Valid: 56.67%, Test: 56.20%, Best Valid: 63.33%, Best Test: 57.90%
Epoch: 300, Loss: 0.1046, Train: 100.00%, Valid: 56.67%, Test: 54.30%, Best Valid: 63.33%, Best Test: 57.90%
Epoch: 400, Loss: 0.0886, Train: 100.00%, Valid: 56.67%, Test: 56.10%, Best Valid: 63.33%, Best Test: 57.90%
Run 01:
Highest Train: 100.00
Highest Valid: 63.33
Highest Test: 60.20
Chosen epoch: 19
Final Train: 100.00
Final Test: 57.90
train:torch.Size([30]), valid:torch.Size([500]), test:torch.Size([1000])
Matched-budget validation: 30 valid nodes
Pre-training MLP for 500 epochs to generate co-occurrence matrix...
MLP pre-training complete. Penalty matrix frozen.
Epoch: 00, Loss: 4.6456, Train: 73.33%, Valid: 20.00%, Test: 27.60%, Best Valid: 20.00%, Best Test: 27.60%
Epoch: 100, Loss: 0.1038, Train: 100.00%, Valid: 56.67%, Test: 58.40%, Best Valid: 63.33%, Best Test: 59.40%
Epoch: 200, Loss: 0.0772, Train: 100.00%, Valid: 56.67%, Test: 59.10%, Best Valid: 63.33%, Best Test: 59.40%
Epoch: 300, Loss: 0.0818, Train: 100.00%, Valid: 53.33%, Test: 58.10%, Best Valid: 63.33%, Best Test: 59.40%
Epoch: 400, Loss: 0.0851, Train: 100.00%, Valid: 56.67%, Test: 58.60%, Best Valid: 63.33%, Best Test: 59.40%
Run 02:
Highest Train: 100.00
Highest Valid: 63.33
Highest Test: 61.90
Chosen epoch: 25
Final Train: 100.00
Final Test: 59.40
train:torch.Size([30]), valid:torch.Size([500]), test:torch.Size([1000])
Matched-budget validation: 30 valid nodes
Pre-training MLP for 500 epochs to generate co-occurrence matrix...
MLP pre-training complete. Penalty matrix frozen.
Epoch: 00, Loss: 4.6628, Train: 30.00%, Valid: 16.67%, Test: 19.80%, Best Valid: 16.67%, Best Test: 19.80%
Epoch: 100, Loss: 0.1132, Train: 100.00%, Valid: 56.67%, Test: 56.50%, Best Valid: 56.67%, Best Test: 56.50%
Epoch: 200, Loss: 0.0901, Train: 100.00%, Valid: 53.33%, Test: 56.80%, Best Valid: 56.67%, Best Test: 56.50%
Epoch: 300, Loss: 0.0638, Train: 100.00%, Valid: 53.33%, Test: 57.60%, Best Valid: 56.67%, Best Test: 56.50%
Epoch: 400, Loss: 0.0709, Train: 100.00%, Valid: 56.67%, Test: 56.30%, Best Valid: 60.00%, Best Test: 55.00%
Run 03:
Highest Train: 100.00
Highest Valid: 60.00
Highest Test: 59.50
Chosen epoch: 357
Final Train: 100.00
Final Test: 55.00
train:torch.Size([30]), valid:torch.Size([500]), test:torch.Size([1000])
Matched-budget validation: 30 valid nodes
Pre-training MLP for 500 epochs to generate co-occurrence matrix...
MLP pre-training complete. Penalty matrix frozen.
Epoch: 00, Loss: 4.6306, Train: 70.00%, Valid: 6.67%, Test: 18.60%, Best Valid: 6.67%, Best Test: 18.60%
Epoch: 100, Loss: 0.0953, Train: 100.00%, Valid: 40.00%, Test: 44.30%, Best Valid: 43.33%, Best Test: 39.00%
Epoch: 200, Loss: 0.0724, Train: 100.00%, Valid: 43.33%, Test: 45.50%, Best Valid: 43.33%, Best Test: 39.00%
Epoch: 300, Loss: 0.0637, Train: 100.00%, Valid: 40.00%, Test: 45.50%, Best Valid: 46.67%, Best Test: 46.10%
Epoch: 400, Loss: 0.0702, Train: 100.00%, Valid: 40.00%, Test: 45.70%, Best Valid: 46.67%, Best Test: 46.10%
Run 04:
Highest Train: 100.00
Highest Valid: 46.67
Highest Test: 47.40
Chosen epoch: 297
Final Train: 100.00
Final Test: 46.10
train:torch.Size([30]), valid:torch.Size([500]), test:torch.Size([1000])
Matched-budget validation: 30 valid nodes
Pre-training MLP for 500 epochs to generate co-occurrence matrix...
MLP pre-training complete. Penalty matrix frozen.
Epoch: 00, Loss: 4.6579, Train: 36.67%, Valid: 13.33%, Test: 19.40%, Best Valid: 13.33%, Best Test: 19.40%
Epoch: 100, Loss: 0.1239, Train: 100.00%, Valid: 60.00%, Test: 65.20%, Best Valid: 73.33%, Best Test: 65.60%
Epoch: 200, Loss: 0.0938, Train: 100.00%, Valid: 60.00%, Test: 65.20%, Best Valid: 73.33%, Best Test: 65.60%
Epoch: 300, Loss: 0.0739, Train: 100.00%, Valid: 63.33%, Test: 65.70%, Best Valid: 73.33%, Best Test: 65.60%
Epoch: 400, Loss: 0.0703, Train: 100.00%, Valid: 60.00%, Test: 66.10%, Best Valid: 73.33%, Best Test: 65.60%
Run 05:
Highest Train: 100.00
Highest Valid: 73.33
Highest Test: 66.90
Chosen epoch: 15
Final Train: 100.00
Final Test: 65.60
train:torch.Size([30]), valid:torch.Size([500]), test:torch.Size([1000])
Matched-budget validation: 30 valid nodes
Pre-training MLP for 500 epochs to generate co-occurrence matrix...
MLP pre-training complete. Penalty matrix frozen.
Epoch: 00, Loss: 4.6513, Train: 50.00%, Valid: 16.67%, Test: 11.10%, Best Valid: 16.67%, Best Test: 11.10%
Epoch: 100, Loss: 0.1172, Train: 100.00%, Valid: 50.00%, Test: 62.00%, Best Valid: 53.33%, Best Test: 54.80%
Epoch: 200, Loss: 0.0691, Train: 100.00%, Valid: 46.67%, Test: 64.00%, Best Valid: 53.33%, Best Test: 54.80%
Epoch: 300, Loss: 0.0670, Train: 100.00%, Valid: 46.67%, Test: 62.70%, Best Valid: 53.33%, Best Test: 54.80%
Epoch: 400, Loss: 0.0682, Train: 100.00%, Valid: 46.67%, Test: 61.80%, Best Valid: 53.33%, Best Test: 54.80%
Run 06:
Highest Train: 100.00
Highest Valid: 53.33
Highest Test: 64.40
Chosen epoch: 26
Final Train: 100.00
Final Test: 54.80
train:torch.Size([30]), valid:torch.Size([500]), test:torch.Size([1000])
Matched-budget validation: 30 valid nodes
Pre-training MLP for 500 epochs to generate co-occurrence matrix...
MLP pre-training complete. Penalty matrix frozen.
Epoch: 00, Loss: 4.6568, Train: 56.67%, Valid: 23.33%, Test: 22.50%, Best Valid: 23.33%, Best Test: 22.50%
Epoch: 100, Loss: 0.1054, Train: 100.00%, Valid: 46.67%, Test: 62.60%, Best Valid: 50.00%, Best Test: 55.70%
Epoch: 200, Loss: 0.0883, Train: 100.00%, Valid: 50.00%, Test: 61.90%, Best Valid: 50.00%, Best Test: 55.70%
Epoch: 300, Loss: 0.0711, Train: 100.00%, Valid: 46.67%, Test: 61.30%, Best Valid: 50.00%, Best Test: 55.70%
Epoch: 400, Loss: 0.0982, Train: 100.00%, Valid: 46.67%, Test: 61.20%, Best Valid: 50.00%, Best Test: 55.70%
Run 07:
Highest Train: 100.00
Highest Valid: 50.00
Highest Test: 63.50
Chosen epoch: 15
Final Train: 100.00
Final Test: 55.70
train:torch.Size([30]), valid:torch.Size([500]), test:torch.Size([1000])
Matched-budget validation: 30 valid nodes
Pre-training MLP for 500 epochs to generate co-occurrence matrix...
MLP pre-training complete. Penalty matrix frozen.
Epoch: 00, Loss: 4.6456, Train: 50.00%, Valid: 13.33%, Test: 18.20%, Best Valid: 13.33%, Best Test: 18.20%
Epoch: 100, Loss: 0.1321, Train: 100.00%, Valid: 70.00%, Test: 54.60%, Best Valid: 73.33%, Best Test: 60.30%
Epoch: 200, Loss: 0.0697, Train: 100.00%, Valid: 70.00%, Test: 54.40%, Best Valid: 73.33%, Best Test: 60.30%
Epoch: 300, Loss: 0.0861, Train: 100.00%, Valid: 70.00%, Test: 52.70%, Best Valid: 73.33%, Best Test: 60.30%
Epoch: 400, Loss: 0.0661, Train: 100.00%, Valid: 70.00%, Test: 54.30%, Best Valid: 76.67%, Best Test: 55.80%
Run 08:
Highest Train: 100.00
Highest Valid: 76.67
Highest Test: 60.30
Chosen epoch: 342
Final Train: 100.00
Final Test: 55.80
train:torch.Size([30]), valid:torch.Size([500]), test:torch.Size([1000])
Matched-budget validation: 30 valid nodes
Pre-training MLP for 500 epochs to generate co-occurrence matrix...
MLP pre-training complete. Penalty matrix frozen.
Epoch: 00, Loss: 4.6535, Train: 53.33%, Valid: 23.33%, Test: 9.40%, Best Valid: 23.33%, Best Test: 9.40%
Epoch: 100, Loss: 0.1084, Train: 100.00%, Valid: 43.33%, Test: 40.60%, Best Valid: 43.33%, Best Test: 40.40%
Epoch: 200, Loss: 0.0856, Train: 100.00%, Valid: 53.33%, Test: 47.70%, Best Valid: 56.67%, Best Test: 47.10%
Epoch: 300, Loss: 0.0812, Train: 100.00%, Valid: 56.67%, Test: 49.50%, Best Valid: 56.67%, Best Test: 47.10%
Epoch: 400, Loss: 0.0767, Train: 100.00%, Valid: 53.33%, Test: 47.80%, Best Valid: 56.67%, Best Test: 47.10%
Run 09:
Highest Train: 100.00
Highest Valid: 56.67
Highest Test: 52.80
Chosen epoch: 165
Final Train: 100.00
Final Test: 47.10
train:torch.Size([30]), valid:torch.Size([500]), test:torch.Size([1000])
Matched-budget validation: 30 valid nodes
Pre-training MLP for 500 epochs to generate co-occurrence matrix...
MLP pre-training complete. Penalty matrix frozen.
Epoch: 00, Loss: 4.6620, Train: 63.33%, Valid: 40.00%, Test: 26.30%, Best Valid: 40.00%, Best Test: 26.30%
Epoch: 100, Loss: 0.0928, Train: 100.00%, Valid: 60.00%, Test: 61.70%, Best Valid: 63.33%, Best Test: 56.30%
Epoch: 200, Loss: 0.0904, Train: 100.00%, Valid: 60.00%, Test: 60.10%, Best Valid: 63.33%, Best Test: 56.30%
Epoch: 300, Loss: 0.0895, Train: 100.00%, Valid: 60.00%, Test: 59.90%, Best Valid: 63.33%, Best Test: 56.30%
Epoch: 400, Loss: 0.0728, Train: 100.00%, Valid: 56.67%, Test: 59.30%, Best Valid: 63.33%, Best Test: 56.30%
Run 10:
Highest Train: 100.00
Highest Valid: 63.33
Highest Test: 63.60
Chosen epoch: 19
Final Train: 100.00
Final Test: 56.30
All runs:
Highest Train: 100.00 ± 0.00
Highest Test: 60.05 ± 5.84
Highest Valid: 60.67 ± 9.53
  Final Train: 100.00 ± 0.00
   Final Test: 55.37 ± 5.61
Saving results to results/lowlabel_mv/citeseer/MPNN_gcn.csv
Low-label sweep completed.
Task 11 done.
