Wed Aug  5 21:38:12 2026       
+-----------------------------------------------------------------------------------------+
| NVIDIA-SMI 580.159.04             Driver Version: 580.159.04     CUDA Version: 13.0     |
+-----------------------------------------+------------------------+----------------------+
| GPU  Name                 Persistence-M | Bus-Id          Disp.A | Volatile Uncorr. ECC |
| Fan  Temp   Perf          Pwr:Usage/Cap |           Memory-Usage | GPU-Util  Compute M. |
|                                         |                        |               MIG M. |
|=========================================+========================+======================|
|   0  NVIDIA A100-SXM4-80GB          On  |   00000000:01:00.0 Off |                   On |
| N/A   32C    P0             54W /  500W |     249MiB /  81920MiB |     N/A      Default |
|                                         |                        |              Enabled |
+-----------------------------------------+------------------------+----------------------+
|   1  NVIDIA A100-SXM4-80GB          On  |   00000000:41:00.0 Off |                   On |
| N/A   35C    P0            134W /  500W |    3743MiB /  81920MiB |     N/A      Default |
|                                         |                        |              Enabled |
+-----------------------------------------+------------------------+----------------------+
|   2  NVIDIA A100-SXM4-80GB          On  |   00000000:81:00.0 Off |                   On |
| N/A   40C    P0            131W /  500W |    3745MiB /  81920MiB |     N/A      Default |
|                                         |                        |              Enabled |
+-----------------------------------------+------------------------+----------------------+
|   3  NVIDIA A100-SXM4-80GB          On  |   00000000:C1:00.0 Off |                   On |
| N/A   35C    P0            143W /  500W |    2197MiB /  81920MiB |     N/A      Default |
|                                         |                        |              Enabled |
+-----------------------------------------+------------------------+----------------------+

+-----------------------------------------------------------------------------------------+
| MIG devices:                                                                            |
+------------------+----------------------------------+-----------+-----------------------+
| GPU  GI  CI  MIG |              Shared Memory-Usage |        Vol|        Shared         |
|      ID  ID  Dev |                Shared BAR1-Usage | SM     Unc| CE ENC  DEC  OFA  JPG |
|                  |                                  |        ECC|                       |
|==================+==================================+===========+=======================|
|  0    5   0   0  |              71MiB / 19968MiB    | 28      0 |  2   0    1    0    0 |
|                  |               0MiB / 12271MiB    |           |                       |
+------------------+----------------------------------+-----------+-----------------------+

+-----------------------------------------------------------------------------------------+
| Processes:                                                                              |
|  GPU   GI   CI              PID   Type   Process name                        GPU Memory |
|        ID   ID                                                               Usage      |
|=========================================================================================|
|    1    5    0           152283      C   python                                 3486MiB |
|    2    3    0           148528      C   python                                 3488MiB |
|    3    5    0           158051      C   python                                 1940MiB |
+-----------------------------------------------------------------------------------------+
Cell: pubmed / polynormer / budget 10 per class / group 2
python main.py --model polynormer --dataset pubmed --lr 0.001 --hidden_channels 64 --dropout 0.5 --weight_decay 0.0005 --num_heads 8 --runs 10 --device 0 --result_dir ../results/lowlabel --model_dir models/lowlabel_1161133_137 --paired_seeds --rand_split_class --valid_num 500 --test_num 1000 --seed 123 --local_layers 3 --global_layers 1 --local_epochs 100 --global_epochs 1000 --beta -1.0 --in_dropout 0.2 --save_model --label_num_per_class 10 --resample_split_per_run --budget_tag 10
==========================================================
Low-label sweep: python main.py --model polynormer --dataset pubmed --lr 0.001 --hidden_channels 64 --dropout 0.5 --weight_decay 0.0005 --num_heads 8 --runs 10 --device 0 --result_dir ../results/lowlabel --model_dir models/lowlabel_1161133_137 --paired_seeds --rand_split_class --valid_num 500 --test_num 1000 --seed 123 --local_layers 3 --global_layers 1 --local_epochs 100 --global_epochs 1000 --beta -1.0 --in_dropout 0.2 --save_model --label_num_per_class 10 --resample_split_per_run --budget_tag 10
result_dir=../results/lowlabel conditions=[mlp]
==========================================================
--- mlp_reg | lambda=0.01 ---
Namespace(aggregate='add', alpha=0.5, attention='gcn', beta=-1.0, bn=False, budget_tag='10', count_reg=False, count_smoothing=1.0, cpu=False, data_dir='../data/', dataset='pubmed', device=0, dim_inner=64, display_step=100, dropout=0.5, epochs=500, global_dropout=None, global_epochs=1000, global_layers=1, gnn='gcn', graph_weight=0.8, hidden_channels=64, hops=10, in_dropout=0.2, jk=False, label_num_per_class=10, lambda_val=0.01, layers=1, ln=False, local_epochs=100, local_gnn_type='GCN', local_layers=3, lr=0.001, metric='acc', mlp_epochs=500, mlp_reg=True, model='polynormer', model_dir='models/lowlabel_1161133_137', n_heads=8, num_centroids=4096, num_heads=8, oracle_reg=False, paired_seeds=True, pe_types='RWSE', penalty_transform='none', pre_linear=False, pre_ln=False, rand_split=False, rand_split_class=True, reg_start_epoch=10, reg_update_freq=5, res=False, resample_split_per_run=True, result_dir='../results/lowlabel', runs=10, save_model=True, save_result=False, seed=123, test_num=1000, tr_dropout=None, tr_layers=1, tr_weight_decay=None, train_per_class=0, train_prop=0.5, use_act=False, use_bn=False, use_graph=False, use_reg=True, use_residual=False, use_weight=False, valid_num=500, valid_per_class=0, valid_prop=0.25, weight_decay=0.0005)
pubmed
Num nodes: 19717
train:torch.Size([30]), valid:torch.Size([500]), test:torch.Size([1000])
dataset pubmed | num nodes 19717 | num edge 88648 | num node feats 500 | num classes 3
MODEL: Polynormer(
  (h_lins): ModuleList(
    (0): Linear(in_features=512, out_features=512, bias=True)
    (1): Linear(in_features=512, out_features=512, bias=True)
    (2): Linear(in_features=512, out_features=512, bias=True)
  )
  (local_convs): ModuleList(
    (0): GATConv(512, 64, heads=8)
    (1): GATConv(512, 64, heads=8)
    (2): GATConv(512, 64, heads=8)
  )
  (lins): ModuleList(
    (0): Linear(in_features=512, out_features=512, bias=True)
    (1): Linear(in_features=512, out_features=512, bias=True)
    (2): Linear(in_features=512, out_features=512, bias=True)
  )
  (lns): ModuleList(
    (0): LayerNorm((512,), eps=1e-05, elementwise_affine=True)
    (1): LayerNorm((512,), eps=1e-05, elementwise_affine=True)
    (2): LayerNorm((512,), eps=1e-05, elementwise_affine=True)
  )
  (lin_in): Linear(in_features=500, out_features=512, bias=True)
  (ln): LayerNorm((512,), eps=1e-05, elementwise_affine=True)
  (global_attn): GlobalAttn(
    (h_lins): ModuleList(
      (0): Linear(in_features=512, out_features=512, bias=True)
    )
    (k_lins): ModuleList(
      (0): Linear(in_features=512, out_features=512, bias=True)
    )
    (v_lins): ModuleList(
      (0): Linear(in_features=512, out_features=512, bias=True)
    )
    (lns): ModuleList(
      (0): LayerNorm((512,), eps=1e-05, elementwise_affine=True)
    )
    (lin_out): Linear(in_features=512, out_features=512, bias=True)
  )
  (pred_local): Linear(in_features=512, out_features=3, bias=True)
  (pred_global): Linear(in_features=512, out_features=3, bias=True)
)
train:torch.Size([30]), valid:torch.Size([500]), test:torch.Size([1000])
Pre-training MLP for 500 epochs to generate co-occurrence matrix...
MLP pre-training complete. Penalty matrix frozen.
Epoch: 00, Loss: 1.0957, Train: 33.33%, Valid: 37.60%, Test: 39.30%, Best Valid: 37.60%, Best Test: 39.30%
Switching Polynormer to global attention phase.
Epoch: 100, Loss: 1.1800, Train: 100.00%, Valid: 69.40%, Test: 69.90%, Best Valid: 69.40%, Best Test: 69.70%
Epoch: 200, Loss: 0.0001, Train: 100.00%, Valid: 68.80%, Test: 67.70%, Best Valid: 73.00%, Best Test: 71.30%
Epoch: 300, Loss: 0.0001, Train: 100.00%, Valid: 65.20%, Test: 66.40%, Best Valid: 73.00%, Best Test: 71.30%
Epoch: 400, Loss: 0.0001, Train: 100.00%, Valid: 70.40%, Test: 69.20%, Best Valid: 73.00%, Best Test: 71.30%
Epoch: 500, Loss: 0.0002, Train: 100.00%, Valid: 70.80%, Test: 69.00%, Best Valid: 73.00%, Best Test: 71.30%
Epoch: 600, Loss: 0.0001, Train: 100.00%, Valid: 70.60%, Test: 70.50%, Best Valid: 73.00%, Best Test: 71.30%
Epoch: 700, Loss: 0.0001, Train: 100.00%, Valid: 70.80%, Test: 70.60%, Best Valid: 73.00%, Best Test: 71.30%
Epoch: 800, Loss: 0.0001, Train: 100.00%, Valid: 70.20%, Test: 69.60%, Best Valid: 73.00%, Best Test: 71.30%
Epoch: 900, Loss: 0.0011, Train: 100.00%, Valid: 70.40%, Test: 71.50%, Best Valid: 73.00%, Best Test: 71.30%
Epoch: 1000, Loss: 0.0000, Train: 100.00%, Valid: 72.80%, Test: 71.40%, Best Valid: 73.00%, Best Test: 71.30%
Run 01:
Highest Train: 100.00
Highest Valid: 75.20
Highest Test: 73.50
Chosen epoch: 1072
Final Train: 100.00
Final Test: 72.00
train:torch.Size([30]), valid:torch.Size([500]), test:torch.Size([1000])
Pre-training MLP for 500 epochs to generate co-occurrence matrix...
MLP pre-training complete. Penalty matrix frozen.
Epoch: 00, Loss: 1.3010, Train: 33.33%, Valid: 37.20%, Test: 38.80%, Best Valid: 37.20%, Best Test: 38.80%
Switching Polynormer to global attention phase.
Epoch: 100, Loss: 1.1096, Train: 33.33%, Valid: 44.80%, Test: 40.50%, Best Valid: 75.40%, Best Test: 71.40%
Epoch: 200, Loss: 0.0394, Train: 100.00%, Valid: 68.20%, Test: 65.90%, Best Valid: 75.40%, Best Test: 71.40%
Epoch: 300, Loss: 0.0000, Train: 100.00%, Valid: 61.40%, Test: 63.20%, Best Valid: 75.40%, Best Test: 71.40%
Epoch: 400, Loss: 0.0000, Train: 100.00%, Valid: 67.00%, Test: 66.20%, Best Valid: 75.40%, Best Test: 71.40%
Epoch: 500, Loss: 0.0000, Train: 100.00%, Valid: 66.60%, Test: 67.10%, Best Valid: 75.40%, Best Test: 71.40%
Epoch: 600, Loss: 0.0000, Train: 100.00%, Valid: 66.80%, Test: 66.70%, Best Valid: 75.40%, Best Test: 71.40%
Epoch: 700, Loss: 0.0000, Train: 100.00%, Valid: 66.80%, Test: 65.90%, Best Valid: 75.40%, Best Test: 71.40%
Epoch: 800, Loss: 0.0000, Train: 100.00%, Valid: 65.00%, Test: 64.40%, Best Valid: 75.40%, Best Test: 71.40%
Epoch: 900, Loss: 0.0000, Train: 100.00%, Valid: 64.80%, Test: 63.30%, Best Valid: 75.40%, Best Test: 71.40%
Epoch: 1000, Loss: 0.0001, Train: 100.00%, Valid: 64.80%, Test: 63.00%, Best Valid: 75.40%, Best Test: 71.40%
Run 02:
Highest Train: 100.00
Highest Valid: 75.40
Highest Test: 74.60
Chosen epoch: 79
Final Train: 100.00
Final Test: 71.40
train:torch.Size([30]), valid:torch.Size([500]), test:torch.Size([1000])
Pre-training MLP for 500 epochs to generate co-occurrence matrix...
MLP pre-training complete. Penalty matrix frozen.
Epoch: 00, Loss: 1.1412, Train: 33.33%, Valid: 22.00%, Test: 21.50%, Best Valid: 22.00%, Best Test: 21.50%
Switching Polynormer to global attention phase.
Epoch: 100, Loss: 1.1096, Train: 33.33%, Valid: 40.40%, Test: 39.40%, Best Valid: 68.80%, Best Test: 68.70%
Epoch: 200, Loss: 0.0000, Train: 100.00%, Valid: 65.60%, Test: 68.00%, Best Valid: 68.80%, Best Test: 68.70%
Epoch: 300, Loss: 0.0007, Train: 100.00%, Valid: 71.00%, Test: 69.90%, Best Valid: 71.20%, Best Test: 71.40%
Epoch: 400, Loss: 0.0000, Train: 100.00%, Valid: 63.80%, Test: 65.60%, Best Valid: 71.20%, Best Test: 71.40%
Epoch: 500, Loss: 0.0000, Train: 100.00%, Valid: 64.60%, Test: 67.90%, Best Valid: 71.20%, Best Test: 71.40%
Epoch: 600, Loss: 0.0000, Train: 100.00%, Valid: 65.40%, Test: 69.70%, Best Valid: 71.20%, Best Test: 71.40%
Epoch: 700, Loss: 0.0003, Train: 100.00%, Valid: 64.40%, Test: 68.90%, Best Valid: 71.20%, Best Test: 71.40%
Epoch: 800, Loss: 0.0000, Train: 100.00%, Valid: 66.80%, Test: 69.90%, Best Valid: 72.80%, Best Test: 71.40%
Epoch: 900, Loss: 0.0001, Train: 100.00%, Valid: 69.40%, Test: 69.50%, Best Valid: 72.80%, Best Test: 71.40%
Epoch: 1000, Loss: 0.0019, Train: 100.00%, Valid: 62.60%, Test: 66.20%, Best Valid: 72.80%, Best Test: 71.40%
Run 03:
Highest Train: 100.00
Highest Valid: 72.80
Highest Test: 73.30
Chosen epoch: 762
Final Train: 100.00
Final Test: 71.40
train:torch.Size([30]), valid:torch.Size([500]), test:torch.Size([1000])
Pre-training MLP for 500 epochs to generate co-occurrence matrix...
MLP pre-training complete. Penalty matrix frozen.
Epoch: 00, Loss: 1.2704, Train: 33.33%, Valid: 41.60%, Test: 38.50%, Best Valid: 41.60%, Best Test: 38.50%
Switching Polynormer to global attention phase.
Epoch: 100, Loss: 1.1096, Train: 33.33%, Valid: 19.40%, Test: 22.10%, Best Valid: 67.60%, Best Test: 66.80%
Epoch: 200, Loss: 0.0000, Train: 100.00%, Valid: 64.60%, Test: 64.40%, Best Valid: 68.20%, Best Test: 67.10%
Epoch: 300, Loss: 0.0021, Train: 100.00%, Valid: 51.40%, Test: 52.40%, Best Valid: 68.20%, Best Test: 67.10%
Epoch: 400, Loss: 0.0001, Train: 100.00%, Valid: 66.20%, Test: 66.70%, Best Valid: 68.20%, Best Test: 67.10%
Epoch: 500, Loss: 0.0000, Train: 100.00%, Valid: 65.00%, Test: 66.60%, Best Valid: 68.20%, Best Test: 67.10%
Epoch: 600, Loss: 0.0003, Train: 100.00%, Valid: 66.80%, Test: 68.80%, Best Valid: 68.20%, Best Test: 67.10%
Epoch: 700, Loss: 0.0001, Train: 100.00%, Valid: 66.20%, Test: 65.00%, Best Valid: 68.20%, Best Test: 67.10%
Epoch: 800, Loss: 0.0003, Train: 100.00%, Valid: 65.40%, Test: 65.00%, Best Valid: 68.20%, Best Test: 67.10%
Epoch: 900, Loss: 0.0002, Train: 100.00%, Valid: 64.00%, Test: 63.70%, Best Valid: 68.20%, Best Test: 67.10%
Epoch: 1000, Loss: 0.0002, Train: 100.00%, Valid: 62.40%, Test: 62.80%, Best Valid: 68.20%, Best Test: 67.10%
Run 04:
Highest Train: 100.00
Highest Valid: 68.20
Highest Test: 69.10
Chosen epoch: 112
Final Train: 100.00
Final Test: 67.10
train:torch.Size([30]), valid:torch.Size([500]), test:torch.Size([1000])
Pre-training MLP for 500 epochs to generate co-occurrence matrix...
MLP pre-training complete. Penalty matrix frozen.
Epoch: 00, Loss: 1.1708, Train: 36.67%, Valid: 38.60%, Test: 42.80%, Best Valid: 38.60%, Best Test: 42.80%
Switching Polynormer to global attention phase.
Epoch: 100, Loss: 1.1098, Train: 66.67%, Valid: 61.00%, Test: 60.90%, Best Valid: 76.20%, Best Test: 74.20%
Epoch: 200, Loss: 0.0000, Train: 100.00%, Valid: 73.00%, Test: 74.00%, Best Valid: 76.20%, Best Test: 74.20%
Epoch: 300, Loss: 0.0312, Train: 100.00%, Valid: 66.60%, Test: 64.20%, Best Valid: 76.20%, Best Test: 74.20%
Epoch: 400, Loss: 0.0001, Train: 100.00%, Valid: 68.20%, Test: 67.80%, Best Valid: 76.20%, Best Test: 74.20%
Epoch: 500, Loss: 0.0000, Train: 100.00%, Valid: 65.00%, Test: 64.30%, Best Valid: 76.20%, Best Test: 74.20%
Epoch: 600, Loss: 0.0000, Train: 100.00%, Valid: 71.80%, Test: 71.70%, Best Valid: 76.20%, Best Test: 74.20%
Epoch: 700, Loss: 0.0001, Train: 100.00%, Valid: 71.20%, Test: 71.70%, Best Valid: 76.20%, Best Test: 74.20%
Epoch: 800, Loss: 0.0026, Train: 96.67%, Valid: 58.80%, Test: 54.30%, Best Valid: 76.20%, Best Test: 74.20%
Epoch: 900, Loss: 0.0001, Train: 100.00%, Valid: 71.40%, Test: 71.50%, Best Valid: 76.20%, Best Test: 74.20%
Epoch: 1000, Loss: 0.0002, Train: 100.00%, Valid: 71.20%, Test: 69.20%, Best Valid: 76.20%, Best Test: 74.20%
Run 05:
Highest Train: 100.00
Highest Valid: 76.20
Highest Test: 75.10
Chosen epoch: 24
Final Train: 100.00
Final Test: 74.20
train:torch.Size([30]), valid:torch.Size([500]), test:torch.Size([1000])
Pre-training MLP for 500 epochs to generate co-occurrence matrix...
MLP pre-training complete. Penalty matrix frozen.
Epoch: 00, Loss: 1.1361, Train: 50.00%, Valid: 52.00%, Test: 50.00%, Best Valid: 52.00%, Best Test: 50.00%
Switching Polynormer to global attention phase.
Epoch: 100, Loss: 1.1109, Train: 33.33%, Valid: 19.80%, Test: 19.20%, Best Valid: 76.40%, Best Test: 78.70%
Epoch: 200, Loss: 0.0000, Train: 100.00%, Valid: 75.40%, Test: 77.90%, Best Valid: 76.40%, Best Test: 78.70%
Epoch: 300, Loss: 0.0000, Train: 100.00%, Valid: 64.80%, Test: 68.00%, Best Valid: 76.40%, Best Test: 78.70%
Epoch: 400, Loss: 0.0000, Train: 100.00%, Valid: 72.20%, Test: 74.60%, Best Valid: 76.40%, Best Test: 78.70%
Epoch: 500, Loss: 0.0000, Train: 100.00%, Valid: 68.20%, Test: 70.30%, Best Valid: 76.40%, Best Test: 78.70%
Epoch: 600, Loss: 0.0000, Train: 100.00%, Valid: 71.40%, Test: 73.50%, Best Valid: 76.40%, Best Test: 78.70%
Epoch: 700, Loss: 0.0000, Train: 100.00%, Valid: 70.80%, Test: 72.10%, Best Valid: 76.40%, Best Test: 78.70%
Epoch: 800, Loss: 0.0001, Train: 100.00%, Valid: 69.40%, Test: 71.80%, Best Valid: 76.40%, Best Test: 78.70%
Epoch: 900, Loss: 0.0002, Train: 100.00%, Valid: 69.80%, Test: 71.60%, Best Valid: 76.40%, Best Test: 78.70%
Epoch: 1000, Loss: 0.0001, Train: 100.00%, Valid: 68.80%, Test: 71.10%, Best Valid: 76.40%, Best Test: 78.70%
Run 06:
Highest Train: 100.00
Highest Valid: 76.40
Highest Test: 79.80
Chosen epoch: 31
Final Train: 100.00
Final Test: 78.70
train:torch.Size([30]), valid:torch.Size([500]), test:torch.Size([1000])
Pre-training MLP for 500 epochs to generate co-occurrence matrix...
MLP pre-training complete. Penalty matrix frozen.
Epoch: 00, Loss: 1.2219, Train: 40.00%, Valid: 32.60%, Test: 30.10%, Best Valid: 32.60%, Best Test: 30.10%
Switching Polynormer to global attention phase.
Epoch: 100, Loss: 1.1116, Train: 73.33%, Valid: 52.00%, Test: 52.90%, Best Valid: 70.60%, Best Test: 71.20%
Epoch: 200, Loss: 0.0001, Train: 100.00%, Valid: 71.60%, Test: 76.30%, Best Valid: 73.20%, Best Test: 74.40%
Epoch: 300, Loss: 0.0000, Train: 100.00%, Valid: 73.60%, Test: 75.60%, Best Valid: 74.00%, Best Test: 76.00%
Epoch: 400, Loss: 0.0000, Train: 100.00%, Valid: 73.00%, Test: 75.10%, Best Valid: 74.00%, Best Test: 76.00%
Epoch: 500, Loss: 0.0001, Train: 100.00%, Valid: 72.20%, Test: 75.30%, Best Valid: 74.00%, Best Test: 76.00%
Epoch: 600, Loss: 0.0001, Train: 100.00%, Valid: 72.20%, Test: 74.20%, Best Valid: 74.00%, Best Test: 76.00%
Epoch: 700, Loss: 0.0000, Train: 100.00%, Valid: 71.80%, Test: 71.30%, Best Valid: 74.00%, Best Test: 76.00%
Epoch: 800, Loss: 0.0001, Train: 100.00%, Valid: 72.00%, Test: 71.70%, Best Valid: 74.00%, Best Test: 76.00%
Epoch: 900, Loss: 0.0001, Train: 100.00%, Valid: 72.40%, Test: 73.20%, Best Valid: 74.00%, Best Test: 76.00%
Epoch: 1000, Loss: 0.0003, Train: 100.00%, Valid: 73.20%, Test: 73.10%, Best Valid: 74.00%, Best Test: 76.00%
Run 07:
Highest Train: 100.00
Highest Valid: 74.80
Highest Test: 76.30
Chosen epoch: 1005
Final Train: 100.00
Final Test: 74.30
train:torch.Size([30]), valid:torch.Size([500]), test:torch.Size([1000])
Pre-training MLP for 500 epochs to generate co-occurrence matrix...
MLP pre-training complete. Penalty matrix frozen.
Epoch: 00, Loss: 1.2464, Train: 36.67%, Valid: 39.40%, Test: 39.30%, Best Valid: 39.40%, Best Test: 39.30%
Switching Polynormer to global attention phase.
Epoch: 100, Loss: 1.1096, Train: 33.33%, Valid: 39.00%, Test: 39.30%, Best Valid: 72.00%, Best Test: 70.90%
Epoch: 200, Loss: 0.0035, Train: 100.00%, Valid: 59.20%, Test: 60.10%, Best Valid: 73.80%, Best Test: 73.10%
Epoch: 300, Loss: 0.0000, Train: 100.00%, Valid: 71.60%, Test: 70.80%, Best Valid: 73.80%, Best Test: 73.10%
Epoch: 400, Loss: 0.0109, Train: 100.00%, Valid: 58.60%, Test: 56.90%, Best Valid: 73.80%, Best Test: 73.10%
Epoch: 500, Loss: 0.0000, Train: 100.00%, Valid: 71.20%, Test: 69.70%, Best Valid: 73.80%, Best Test: 73.10%
Epoch: 600, Loss: 0.0000, Train: 100.00%, Valid: 68.80%, Test: 69.80%, Best Valid: 73.80%, Best Test: 73.10%
Epoch: 700, Loss: 0.0000, Train: 100.00%, Valid: 68.60%, Test: 70.90%, Best Valid: 73.80%, Best Test: 73.10%
Epoch: 800, Loss: 0.0000, Train: 100.00%, Valid: 68.80%, Test: 69.00%, Best Valid: 73.80%, Best Test: 73.10%
Epoch: 900, Loss: 0.0000, Train: 100.00%, Valid: 68.20%, Test: 68.50%, Best Valid: 73.80%, Best Test: 73.10%
Epoch: 1000, Loss: 0.0000, Train: 100.00%, Valid: 68.20%, Test: 68.40%, Best Valid: 73.80%, Best Test: 73.10%
Run 08:
Highest Train: 100.00
Highest Valid: 73.80
Highest Test: 73.30
Chosen epoch: 178
Final Train: 100.00
Final Test: 73.10
train:torch.Size([30]), valid:torch.Size([500]), test:torch.Size([1000])
Pre-training MLP for 500 epochs to generate co-occurrence matrix...
MLP pre-training complete. Penalty matrix frozen.
Epoch: 00, Loss: 1.2412, Train: 33.33%, Valid: 21.40%, Test: 23.00%, Best Valid: 21.40%, Best Test: 23.00%
Switching Polynormer to global attention phase.
Epoch: 100, Loss: 1.1096, Train: 33.33%, Valid: 42.40%, Test: 37.50%, Best Valid: 71.60%, Best Test: 72.30%
Epoch: 200, Loss: 0.0002, Train: 100.00%, Valid: 59.00%, Test: 63.30%, Best Valid: 71.60%, Best Test: 72.30%
Epoch: 300, Loss: 0.0000, Train: 100.00%, Valid: 72.20%, Test: 73.20%, Best Valid: 72.40%, Best Test: 73.60%
Epoch: 400, Loss: 0.0001, Train: 100.00%, Valid: 71.00%, Test: 71.90%, Best Valid: 72.60%, Best Test: 73.00%
Epoch: 500, Loss: 0.0000, Train: 100.00%, Valid: 69.40%, Test: 72.60%, Best Valid: 72.60%, Best Test: 73.00%
Epoch: 600, Loss: 0.0000, Train: 100.00%, Valid: 64.20%, Test: 68.40%, Best Valid: 72.60%, Best Test: 73.00%
Epoch: 700, Loss: 0.0002, Train: 100.00%, Valid: 65.20%, Test: 67.90%, Best Valid: 72.60%, Best Test: 73.00%
Epoch: 800, Loss: 0.0002, Train: 100.00%, Valid: 67.20%, Test: 69.20%, Best Valid: 72.60%, Best Test: 73.00%
Epoch: 900, Loss: 0.0001, Train: 100.00%, Valid: 72.80%, Test: 72.60%, Best Valid: 73.20%, Best Test: 72.80%
Epoch: 1000, Loss: 0.0002, Train: 100.00%, Valid: 67.20%, Test: 68.50%, Best Valid: 73.20%, Best Test: 72.80%
Run 09:
Highest Train: 100.00
Highest Valid: 73.20
Highest Test: 73.90
Chosen epoch: 883
Final Train: 100.00
Final Test: 72.80
train:torch.Size([30]), valid:torch.Size([500]), test:torch.Size([1000])
Pre-training MLP for 500 epochs to generate co-occurrence matrix...
MLP pre-training complete. Penalty matrix frozen.
Epoch: 00, Loss: 1.1047, Train: 40.00%, Valid: 33.00%, Test: 32.60%, Best Valid: 33.00%, Best Test: 32.60%
Switching Polynormer to global attention phase.
Epoch: 100, Loss: 1.1096, Train: 33.33%, Valid: 38.40%, Test: 39.30%, Best Valid: 67.60%, Best Test: 67.00%
Epoch: 200, Loss: 0.0142, Train: 100.00%, Valid: 58.60%, Test: 62.70%, Best Valid: 67.60%, Best Test: 67.00%
Epoch: 300, Loss: 0.0000, Train: 100.00%, Valid: 64.80%, Test: 65.40%, Best Valid: 67.60%, Best Test: 67.00%
Epoch: 400, Loss: 0.0000, Train: 100.00%, Valid: 62.60%, Test: 65.80%, Best Valid: 67.60%, Best Test: 67.00%
Epoch: 500, Loss: 0.0000, Train: 100.00%, Valid: 60.60%, Test: 62.00%, Best Valid: 67.60%, Best Test: 67.00%
Epoch: 600, Loss: 0.0001, Train: 100.00%, Valid: 61.60%, Test: 61.90%, Best Valid: 67.60%, Best Test: 67.00%
Epoch: 700, Loss: 0.0000, Train: 100.00%, Valid: 64.60%, Test: 67.70%, Best Valid: 67.60%, Best Test: 67.00%
Epoch: 800, Loss: 0.0000, Train: 100.00%, Valid: 64.00%, Test: 67.30%, Best Valid: 67.60%, Best Test: 67.00%
Epoch: 900, Loss: 0.0000, Train: 100.00%, Valid: 63.60%, Test: 66.90%, Best Valid: 67.60%, Best Test: 67.00%
Epoch: 1000, Loss: 0.0000, Train: 100.00%, Valid: 63.20%, Test: 66.00%, Best Valid: 67.60%, Best Test: 67.00%
Run 10:
Highest Train: 100.00
Highest Valid: 67.60
Highest Test: 68.80
Chosen epoch: 95
Final Train: 100.00
Final Test: 67.00
All runs:
Highest Train: 100.00 ± 0.00
Highest Test: 73.77 ± 3.20
Highest Valid: 73.36 ± 3.11
  Final Train: 100.00 ± 0.00
   Final Test: 72.20 ± 3.44
Saving results to ../results/lowlabel/pubmed/polynormer.csv
--- mlp_reg | lambda=0.05 ---
