Sun Aug 23 04:33:31 2026       
+-----------------------------------------------------------------------------------------+
| NVIDIA-SMI 580.159.04             Driver Version: 580.159.04     CUDA Version: 13.0     |
+-----------------------------------------+------------------------+----------------------+
| GPU  Name                 Persistence-M | Bus-Id          Disp.A | Volatile Uncorr. ECC |
| Fan  Temp   Perf          Pwr:Usage/Cap |           Memory-Usage | GPU-Util  Compute M. |
|                                         |                        |               MIG M. |
|=========================================+========================+======================|
|   0  NVIDIA A100-SXM4-80GB          On  |   00000000:01:00.0 Off |                   On |
| N/A   49C    P0            178W /  500W |    6552MiB /  81920MiB |     N/A      Default |
|                                         |                        |              Enabled |
+-----------------------------------------+------------------------+----------------------+
|   1  NVIDIA A100-SXM4-80GB          On  |   00000000:41:00.0 Off |                   On |
| N/A   36C    P0            113W /  500W |    1448MiB /  81920MiB |     N/A      Default |
|                                         |                        |              Enabled |
+-----------------------------------------+------------------------+----------------------+
|   2  NVIDIA A100-SXM4-80GB          On  |   00000000:81:00.0 Off |                   On |
| N/A   47C    P0            198W /  500W |    5222MiB /  81920MiB |     N/A      Default |
|                                         |                        |              Enabled |
+-----------------------------------------+------------------------+----------------------+
|   3  NVIDIA A100-SXM4-80GB          On  |   00000000:C1:00.0 Off |                   On |
| N/A   41C    P0            200W /  500W |   12104MiB /  81920MiB |     N/A      Default |
|                                         |                        |              Enabled |
+-----------------------------------------+------------------------+----------------------+

+-----------------------------------------------------------------------------------------+
| MIG devices:                                                                            |
+------------------+----------------------------------+-----------+-----------------------+
| GPU  GI  CI  MIG |              Shared Memory-Usage |        Vol|        Shared         |
|      ID  ID  Dev |                Shared BAR1-Usage | SM     Unc| CE ENC  DEC  OFA  JPG |
|                  |                                  |        ECC|                       |
|==================+==================================+===========+=======================|
|  1    3   0   0  |              71MiB / 19968MiB    | 28      0 |  2   0    1    0    0 |
|                  |               0MiB / 12271MiB    |           |                       |
+------------------+----------------------------------+-----------+-----------------------+

+-----------------------------------------------------------------------------------------+
| Processes:                                                                              |
|  GPU   GI   CI              PID   Type   Process name                        GPU Memory |
|        ID   ID                                                               Usage      |
|=========================================================================================|
|    0   13    0          2353241      C   ...ware/symmetrix-env/bin/python       1956MiB |
|    0   14    0          2950646      C   ...ware/symmetrix-env/bin/python       1536MiB |
|    0    5    0          3114132      C   python                                 2788MiB |
|    2   10    0          2266121      C   ...ware/symmetrix-env/bin/python       1396MiB |
|    2    9    0          2266129      C   ...ware/symmetrix-env/bin/python        736MiB |
|    2    3    0          3122442      C   python                                 2786MiB |
|    3   14    0          2266128      C   ...ware/symmetrix-env/bin/python       1996MiB |
|    3   13    0          2266130      C   ...ware/symmetrix-env/bin/python       1876MiB |
|    3    5    0          3084171      C   python                                 7928MiB |
+-----------------------------------------------------------------------------------------+
Matched-val cell: roman-empire / polynormer / budget 2 per class / group 0
python main.py --model polynormer --dataset roman-empire --hidden_channels 64 --local_epochs 100 --global_epochs 2500 --lr 0.001 --runs 10 --local_layers 10 --global_layers 2 --weight_decay 0.0 --dropout 0.3 --global_dropout 0.5 --in_dropout 0.15 --num_heads 8 --beta 0.5 --save_model --device 0 --model_dir models/lowlabel_mv_1178247_60 --train_per_class 2 --valid_per_class 2 --budget_tag 2
==========================================================
Low-label sweep: python main.py --model polynormer --dataset roman-empire --hidden_channels 64 --local_epochs 100 --global_epochs 2500 --lr 0.001 --runs 10 --local_layers 10 --global_layers 2 --weight_decay 0.0 --dropout 0.3 --global_dropout 0.5 --in_dropout 0.15 --num_heads 8 --beta 0.5 --save_model --device 0 --model_dir models/lowlabel_mv_1178247_60 --train_per_class 2 --valid_per_class 2 --budget_tag 2
result_dir=../results/lowlabel_mv conditions=[baseline]
==========================================================
--- baseline ---
Namespace(aggregate='add', alpha=0.5, attention='gcn', beta=0.5, bn=False, budget_tag='2', count_reg=False, count_smoothing=1.0, cpu=False, data_dir='../data/', dataset='roman-empire', device=0, dim_inner=64, display_step=100, dropout=0.3, epochs=500, global_dropout=0.5, global_epochs=2500, global_layers=2, gnn='gcn', graph_weight=0.8, hidden_channels=64, hops=10, in_dropout=0.15, jk=False, label_num_per_class=20, lambda_val=0.5, layers=1, ln=False, local_epochs=100, local_gnn_type='GCN', local_layers=10, lr=0.001, metric='acc', mlp_epochs=500, mlp_reg=False, model='polynormer', model_dir='models/lowlabel_mv_1178247_60', n_heads=8, num_centroids=4096, num_heads=8, oracle_reg=False, paired_seeds=True, pe_types='RWSE', penalty_transform='none', pre_linear=False, pre_ln=False, rand_split=False, rand_split_class=False, reg_start_epoch=10, reg_update_freq=5, res=False, resample_split_per_run=False, result_dir='../results/lowlabel_mv', runs=10, save_model=True, save_result=False, seed=42, test_num=1000, tr_dropout=None, tr_layers=1, tr_weight_decay=None, train_per_class=2, train_prop=0.5, use_act=False, use_bn=False, use_graph=False, use_reg=False, use_residual=False, use_weight=False, valid_num=500, valid_per_class=2, valid_prop=0.25, weight_decay=0.0)
roman-empire
dataset roman-empire | num nodes 22662 | num edge 32927 | num node feats 300 | num classes 18
MODEL: Polynormer(
  (h_lins): ModuleList(
    (0): Linear(in_features=512, out_features=512, bias=True)
    (1): Linear(in_features=512, out_features=512, bias=True)
    (2): Linear(in_features=512, out_features=512, bias=True)
    (3): Linear(in_features=512, out_features=512, bias=True)
    (4): Linear(in_features=512, out_features=512, bias=True)
    (5): Linear(in_features=512, out_features=512, bias=True)
    (6): Linear(in_features=512, out_features=512, bias=True)
    (7): Linear(in_features=512, out_features=512, bias=True)
    (8): Linear(in_features=512, out_features=512, bias=True)
    (9): Linear(in_features=512, out_features=512, bias=True)
  )
  (local_convs): ModuleList(
    (0): GATConv(512, 64, heads=8)
    (1): GATConv(512, 64, heads=8)
    (2): GATConv(512, 64, heads=8)
    (3): GATConv(512, 64, heads=8)
    (4): GATConv(512, 64, heads=8)
    (5): GATConv(512, 64, heads=8)
    (6): GATConv(512, 64, heads=8)
    (7): GATConv(512, 64, heads=8)
    (8): GATConv(512, 64, heads=8)
    (9): GATConv(512, 64, heads=8)
  )
  (lins): ModuleList(
    (0): Linear(in_features=512, out_features=512, bias=True)
    (1): Linear(in_features=512, out_features=512, bias=True)
    (2): Linear(in_features=512, out_features=512, bias=True)
    (3): Linear(in_features=512, out_features=512, bias=True)
    (4): Linear(in_features=512, out_features=512, bias=True)
    (5): Linear(in_features=512, out_features=512, bias=True)
    (6): Linear(in_features=512, out_features=512, bias=True)
    (7): Linear(in_features=512, out_features=512, bias=True)
    (8): Linear(in_features=512, out_features=512, bias=True)
    (9): Linear(in_features=512, out_features=512, bias=True)
  )
  (lns): ModuleList(
    (0): LayerNorm((512,), eps=1e-05, elementwise_affine=True)
    (1): LayerNorm((512,), eps=1e-05, elementwise_affine=True)
    (2): LayerNorm((512,), eps=1e-05, elementwise_affine=True)
    (3): LayerNorm((512,), eps=1e-05, elementwise_affine=True)
    (4): LayerNorm((512,), eps=1e-05, elementwise_affine=True)
    (5): LayerNorm((512,), eps=1e-05, elementwise_affine=True)
    (6): LayerNorm((512,), eps=1e-05, elementwise_affine=True)
    (7): LayerNorm((512,), eps=1e-05, elementwise_affine=True)
    (8): LayerNorm((512,), eps=1e-05, elementwise_affine=True)
    (9): LayerNorm((512,), eps=1e-05, elementwise_affine=True)
  )
  (lin_in): Linear(in_features=300, out_features=512, bias=True)
  (ln): LayerNorm((512,), eps=1e-05, elementwise_affine=True)
  (global_attn): GlobalAttn(
    (h_lins): ModuleList(
      (0): Linear(in_features=512, out_features=512, bias=True)
      (1): Linear(in_features=512, out_features=512, bias=True)
    )
    (k_lins): ModuleList(
      (0): Linear(in_features=512, out_features=512, bias=True)
      (1): Linear(in_features=512, out_features=512, bias=True)
    )
    (v_lins): ModuleList(
      (0): Linear(in_features=512, out_features=512, bias=True)
      (1): Linear(in_features=512, out_features=512, bias=True)
    )
    (lns): ModuleList(
      (0): LayerNorm((512,), eps=1e-05, elementwise_affine=True)
      (1): LayerNorm((512,), eps=1e-05, elementwise_affine=True)
    )
    (lin_out): Linear(in_features=512, out_features=512, bias=True)
  )
  (pred_local): Linear(in_features=512, out_features=18, bias=True)
  (pred_global): Linear(in_features=512, out_features=18, bias=True)
)
Label budget: 2/class -> 36 train nodes
Matched-budget validation: 36 valid nodes
Epoch: 00, Loss: 3.4216, Train: 4.05%, Valid: 8.33%, Test: 4.36%, Best Valid: 8.33%, Best Test: 4.36%
Switching Polynormer to global attention phase.
Epoch: 100, Loss: 2.8880, Train: 7.24%, Valid: 5.56%, Test: 7.39%, Best Valid: 36.11%, Best Test: 25.79%
Epoch: 200, Loss: 0.3310, Train: 23.87%, Valid: 19.44%, Test: 22.36%, Best Valid: 36.11%, Best Test: 25.79%
Epoch: 300, Loss: 0.0490, Train: 24.70%, Valid: 33.33%, Test: 24.16%, Best Valid: 36.11%, Best Test: 25.79%
Epoch: 400, Loss: 0.1733, Train: 24.61%, Valid: 33.33%, Test: 24.23%, Best Valid: 38.89%, Best Test: 24.30%
Epoch: 500, Loss: 0.0080, Train: 24.07%, Valid: 30.56%, Test: 23.17%, Best Valid: 38.89%, Best Test: 24.30%
Epoch: 600, Loss: 0.0002, Train: 23.35%, Valid: 22.22%, Test: 22.61%, Best Valid: 38.89%, Best Test: 24.30%
Epoch: 700, Loss: 0.1435, Train: 20.74%, Valid: 22.22%, Test: 19.87%, Best Valid: 38.89%, Best Test: 24.30%
Epoch: 800, Loss: 0.0004, Train: 28.88%, Valid: 30.56%, Test: 27.73%, Best Valid: 38.89%, Best Test: 24.30%
Epoch: 900, Loss: 0.0106, Train: 32.04%, Valid: 27.78%, Test: 30.90%, Best Valid: 38.89%, Best Test: 24.30%
Epoch: 1000, Loss: 0.0000, Train: 32.64%, Valid: 30.56%, Test: 31.43%, Best Valid: 38.89%, Best Test: 24.30%
Epoch: 1100, Loss: 0.0033, Train: 32.00%, Valid: 27.78%, Test: 30.25%, Best Valid: 38.89%, Best Test: 24.30%
Epoch: 1200, Loss: 0.0421, Train: 30.50%, Valid: 30.56%, Test: 28.93%, Best Valid: 38.89%, Best Test: 24.30%
Epoch: 1300, Loss: 0.0564, Train: 31.97%, Valid: 25.00%, Test: 30.43%, Best Valid: 38.89%, Best Test: 24.30%
Epoch: 1400, Loss: 0.0000, Train: 29.53%, Valid: 27.78%, Test: 28.27%, Best Valid: 38.89%, Best Test: 24.30%
Epoch: 1500, Loss: 0.0000, Train: 31.89%, Valid: 36.11%, Test: 30.06%, Best Valid: 38.89%, Best Test: 24.30%
Epoch: 1600, Loss: 0.0001, Train: 28.28%, Valid: 22.22%, Test: 27.53%, Best Valid: 38.89%, Best Test: 24.30%
Epoch: 1700, Loss: 0.0127, Train: 26.29%, Valid: 22.22%, Test: 24.96%, Best Valid: 38.89%, Best Test: 24.30%
Epoch: 1800, Loss: 0.0025, Train: 29.95%, Valid: 27.78%, Test: 28.40%, Best Valid: 38.89%, Best Test: 24.30%
Epoch: 1900, Loss: 0.0000, Train: 29.88%, Valid: 25.00%, Test: 28.54%, Best Valid: 38.89%, Best Test: 24.30%
Epoch: 2000, Loss: 0.0000, Train: 32.19%, Valid: 27.78%, Test: 30.76%, Best Valid: 38.89%, Best Test: 24.30%
Epoch: 2100, Loss: 0.0000, Train: 32.27%, Valid: 27.78%, Test: 30.66%, Best Valid: 38.89%, Best Test: 24.30%
Epoch: 2200, Loss: 0.0005, Train: 31.93%, Valid: 27.78%, Test: 30.41%, Best Valid: 38.89%, Best Test: 24.30%
Epoch: 2300, Loss: 0.0043, Train: 30.99%, Valid: 30.56%, Test: 29.16%, Best Valid: 38.89%, Best Test: 24.30%
Epoch: 2400, Loss: 0.0000, Train: 28.81%, Valid: 30.56%, Test: 26.93%, Best Valid: 38.89%, Best Test: 24.30%
Epoch: 2500, Loss: 0.0002, Train: 25.62%, Valid: 27.78%, Test: 24.39%, Best Valid: 38.89%, Best Test: 24.30%
Run 01:
Highest Train: 33.38
Highest Valid: 38.89
Highest Test: 31.96
Chosen epoch: 370
Final Train: 24.83
Final Test: 24.30
Label budget: 2/class -> 36 train nodes
Matched-budget validation: 36 valid nodes
Epoch: 00, Loss: 3.6738, Train: 4.44%, Valid: 2.78%, Test: 4.61%, Best Valid: 2.78%, Best Test: 4.61%
Switching Polynormer to global attention phase.
Epoch: 100, Loss: 2.8962, Train: 8.15%, Valid: 11.11%, Test: 8.15%, Best Valid: 33.33%, Best Test: 22.68%
Epoch: 200, Loss: 0.2449, Train: 20.40%, Valid: 22.22%, Test: 18.87%, Best Valid: 33.33%, Best Test: 22.68%
Epoch: 300, Loss: 0.1721, Train: 19.86%, Valid: 16.67%, Test: 18.18%, Best Valid: 33.33%, Best Test: 22.68%
Epoch: 400, Loss: 0.0867, Train: 22.73%, Valid: 27.78%, Test: 21.41%, Best Valid: 33.33%, Best Test: 22.68%
Epoch: 500, Loss: 0.2082, Train: 20.42%, Valid: 19.44%, Test: 19.47%, Best Valid: 33.33%, Best Test: 22.68%
Epoch: 600, Loss: 0.0001, Train: 21.92%, Valid: 22.22%, Test: 20.68%, Best Valid: 36.11%, Best Test: 21.97%
Epoch: 700, Loss: 0.0002, Train: 24.12%, Valid: 27.78%, Test: 22.79%, Best Valid: 36.11%, Best Test: 21.97%
Epoch: 800, Loss: 0.0402, Train: 22.16%, Valid: 22.22%, Test: 20.84%, Best Valid: 36.11%, Best Test: 21.97%
Epoch: 900, Loss: 0.3373, Train: 20.17%, Valid: 25.00%, Test: 19.29%, Best Valid: 36.11%, Best Test: 21.97%
Epoch: 1000, Loss: 0.0014, Train: 21.87%, Valid: 22.22%, Test: 20.88%, Best Valid: 36.11%, Best Test: 21.97%
Epoch: 1100, Loss: 0.0009, Train: 20.77%, Valid: 19.44%, Test: 19.47%, Best Valid: 36.11%, Best Test: 21.97%
Epoch: 1200, Loss: 0.4225, Train: 19.50%, Valid: 16.67%, Test: 18.53%, Best Valid: 36.11%, Best Test: 21.97%
Epoch: 1300, Loss: 0.1416, Train: 25.73%, Valid: 25.00%, Test: 24.85%, Best Valid: 36.11%, Best Test: 21.97%
Epoch: 1400, Loss: 0.0001, Train: 22.74%, Valid: 22.22%, Test: 22.48%, Best Valid: 36.11%, Best Test: 21.97%
Epoch: 1500, Loss: 0.0000, Train: 18.73%, Valid: 13.89%, Test: 17.68%, Best Valid: 36.11%, Best Test: 21.97%
Epoch: 1600, Loss: 0.0000, Train: 22.13%, Valid: 19.44%, Test: 20.84%, Best Valid: 36.11%, Best Test: 21.97%
Epoch: 1700, Loss: 0.5523, Train: 20.21%, Valid: 16.67%, Test: 19.15%, Best Valid: 36.11%, Best Test: 21.97%
Epoch: 1800, Loss: 0.0004, Train: 20.41%, Valid: 16.67%, Test: 19.26%, Best Valid: 36.11%, Best Test: 21.97%
Epoch: 1900, Loss: 0.0000, Train: 18.97%, Valid: 11.11%, Test: 18.13%, Best Valid: 36.11%, Best Test: 21.97%
Epoch: 2000, Loss: 0.0000, Train: 19.44%, Valid: 13.89%, Test: 18.81%, Best Valid: 36.11%, Best Test: 21.97%
Epoch: 2100, Loss: 0.0000, Train: 22.23%, Valid: 19.44%, Test: 21.71%, Best Valid: 36.11%, Best Test: 21.97%
Epoch: 2200, Loss: 0.0000, Train: 19.32%, Valid: 13.89%, Test: 18.34%, Best Valid: 36.11%, Best Test: 21.97%
Epoch: 2300, Loss: 0.0001, Train: 18.08%, Valid: 16.67%, Test: 17.17%, Best Valid: 36.11%, Best Test: 21.97%
Epoch: 2400, Loss: 0.0843, Train: 21.95%, Valid: 13.89%, Test: 21.18%, Best Valid: 36.11%, Best Test: 21.97%
Epoch: 2500, Loss: 0.0002, Train: 22.44%, Valid: 13.89%, Test: 21.99%, Best Valid: 36.11%, Best Test: 21.97%
Run 02:
Highest Train: 26.19
Highest Valid: 36.11
Highest Test: 25.22
Chosen epoch: 506
Final Train: 23.46
Final Test: 21.97
Label budget: 2/class -> 36 train nodes
Matched-budget validation: 36 valid nodes
Epoch: 00, Loss: 3.4254, Train: 5.04%, Valid: 5.56%, Test: 5.24%, Best Valid: 5.56%, Best Test: 5.24%
Switching Polynormer to global attention phase.
Epoch: 100, Loss: 2.8906, Train: 2.17%, Valid: 5.56%, Test: 2.33%, Best Valid: 30.56%, Best Test: 23.35%
Epoch: 200, Loss: 0.0818, Train: 23.68%, Valid: 16.67%, Test: 23.07%, Best Valid: 30.56%, Best Test: 23.35%
Epoch: 300, Loss: 0.0527, Train: 21.72%, Valid: 16.67%, Test: 21.55%, Best Valid: 30.56%, Best Test: 23.35%
Epoch: 400, Loss: 0.0889, Train: 21.60%, Valid: 16.67%, Test: 20.77%, Best Valid: 30.56%, Best Test: 23.35%
Epoch: 500, Loss: 0.0021, Train: 23.14%, Valid: 19.44%, Test: 23.00%, Best Valid: 30.56%, Best Test: 23.35%
Epoch: 600, Loss: 0.3894, Train: 20.85%, Valid: 19.44%, Test: 20.16%, Best Valid: 30.56%, Best Test: 23.35%
Epoch: 700, Loss: 0.0008, Train: 22.12%, Valid: 27.78%, Test: 21.71%, Best Valid: 30.56%, Best Test: 23.35%
Epoch: 800, Loss: 0.0607, Train: 22.38%, Valid: 22.22%, Test: 21.94%, Best Valid: 30.56%, Best Test: 23.35%
Epoch: 900, Loss: 0.0000, Train: 25.20%, Valid: 33.33%, Test: 24.14%, Best Valid: 33.33%, Best Test: 24.14%
Epoch: 1000, Loss: 0.0009, Train: 25.26%, Valid: 33.33%, Test: 25.20%, Best Valid: 38.89%, Best Test: 25.41%
Epoch: 1100, Loss: 0.1071, Train: 25.79%, Valid: 19.44%, Test: 26.03%, Best Valid: 38.89%, Best Test: 25.41%
Epoch: 1200, Loss: 0.0092, Train: 22.21%, Valid: 27.78%, Test: 22.89%, Best Valid: 38.89%, Best Test: 25.41%
Epoch: 1300, Loss: 0.0000, Train: 22.84%, Valid: 22.22%, Test: 23.17%, Best Valid: 38.89%, Best Test: 25.41%
Epoch: 1400, Loss: 0.0036, Train: 24.38%, Valid: 27.78%, Test: 24.00%, Best Valid: 38.89%, Best Test: 25.41%
Epoch: 1500, Loss: 0.0003, Train: 24.51%, Valid: 25.00%, Test: 24.57%, Best Valid: 38.89%, Best Test: 25.41%
Epoch: 1600, Loss: 0.0000, Train: 23.98%, Valid: 25.00%, Test: 23.83%, Best Valid: 38.89%, Best Test: 25.41%
Epoch: 1700, Loss: 0.0000, Train: 25.45%, Valid: 22.22%, Test: 25.41%, Best Valid: 38.89%, Best Test: 25.41%
Epoch: 1800, Loss: 0.0000, Train: 25.01%, Valid: 25.00%, Test: 24.71%, Best Valid: 38.89%, Best Test: 25.41%
Epoch: 1900, Loss: 0.0000, Train: 23.88%, Valid: 25.00%, Test: 24.16%, Best Valid: 38.89%, Best Test: 25.41%
Epoch: 2000, Loss: 0.0147, Train: 22.43%, Valid: 22.22%, Test: 22.52%, Best Valid: 38.89%, Best Test: 25.41%
Epoch: 2100, Loss: 0.1762, Train: 22.39%, Valid: 19.44%, Test: 23.09%, Best Valid: 38.89%, Best Test: 25.41%
Epoch: 2200, Loss: 0.0187, Train: 21.60%, Valid: 19.44%, Test: 20.93%, Best Valid: 38.89%, Best Test: 25.41%
Epoch: 2300, Loss: 0.0123, Train: 19.46%, Valid: 22.22%, Test: 19.45%, Best Valid: 38.89%, Best Test: 25.41%
Epoch: 2400, Loss: 0.0001, Train: 23.71%, Valid: 19.44%, Test: 23.86%, Best Valid: 38.89%, Best Test: 25.41%
Epoch: 2500, Loss: 0.0000, Train: 22.36%, Valid: 16.67%, Test: 22.33%, Best Valid: 38.89%, Best Test: 25.41%
Run 03:
Highest Train: 29.94
Highest Valid: 38.89
Highest Test: 29.03
Chosen epoch: 939
Final Train: 26.09
Final Test: 25.41
Label budget: 2/class -> 36 train nodes
Matched-budget validation: 36 valid nodes
Epoch: 00, Loss: 3.6998, Train: 4.48%, Valid: 8.33%, Test: 4.87%, Best Valid: 8.33%, Best Test: 4.87%
Switching Polynormer to global attention phase.
Epoch: 100, Loss: 2.9059, Train: 10.98%, Valid: 5.56%, Test: 10.98%, Best Valid: 36.11%, Best Test: 22.61%
Epoch: 200, Loss: 0.7814, Train: 16.83%, Valid: 19.44%, Test: 16.75%, Best Valid: 36.11%, Best Test: 22.61%
Epoch: 300, Loss: 0.0004, Train: 22.59%, Valid: 27.78%, Test: 23.12%, Best Valid: 36.11%, Best Test: 22.61%
Epoch: 400, Loss: 0.0140, Train: 20.41%, Valid: 25.00%, Test: 20.70%, Best Valid: 36.11%, Best Test: 22.61%
Epoch: 500, Loss: 0.0009, Train: 18.97%, Valid: 22.22%, Test: 19.26%, Best Valid: 36.11%, Best Test: 22.61%
Epoch: 600, Loss: 0.0389, Train: 19.08%, Valid: 27.78%, Test: 18.76%, Best Valid: 36.11%, Best Test: 22.61%
Epoch: 700, Loss: 0.0006, Train: 19.67%, Valid: 25.00%, Test: 20.17%, Best Valid: 36.11%, Best Test: 22.61%
Epoch: 800, Loss: 0.0016, Train: 17.71%, Valid: 25.00%, Test: 17.83%, Best Valid: 36.11%, Best Test: 22.61%
Epoch: 900, Loss: 0.0006, Train: 21.20%, Valid: 27.78%, Test: 21.41%, Best Valid: 36.11%, Best Test: 22.61%
Epoch: 1000, Loss: 0.0000, Train: 22.96%, Valid: 27.78%, Test: 22.87%, Best Valid: 36.11%, Best Test: 22.61%
Epoch: 1100, Loss: 0.9310, Train: 20.32%, Valid: 27.78%, Test: 19.87%, Best Valid: 36.11%, Best Test: 22.61%
Epoch: 1200, Loss: 0.0000, Train: 20.55%, Valid: 27.78%, Test: 20.47%, Best Valid: 36.11%, Best Test: 22.61%
Epoch: 1300, Loss: 0.0001, Train: 20.09%, Valid: 22.22%, Test: 20.00%, Best Valid: 36.11%, Best Test: 22.61%
Epoch: 1400, Loss: 0.0004, Train: 22.71%, Valid: 27.78%, Test: 22.20%, Best Valid: 36.11%, Best Test: 22.61%
Epoch: 1500, Loss: 1.3946, Train: 17.87%, Valid: 22.22%, Test: 17.79%, Best Valid: 36.11%, Best Test: 22.61%
Epoch: 1600, Loss: 0.0000, Train: 22.35%, Valid: 25.00%, Test: 22.70%, Best Valid: 36.11%, Best Test: 22.61%
Epoch: 1700, Loss: 0.1174, Train: 20.50%, Valid: 25.00%, Test: 20.54%, Best Valid: 36.11%, Best Test: 22.61%
Epoch: 1800, Loss: 0.0001, Train: 22.72%, Valid: 25.00%, Test: 23.35%, Best Valid: 36.11%, Best Test: 22.61%
Epoch: 1900, Loss: 0.0015, Train: 19.41%, Valid: 25.00%, Test: 18.99%, Best Valid: 36.11%, Best Test: 22.61%
Epoch: 2000, Loss: 0.0000, Train: 22.01%, Valid: 25.00%, Test: 22.31%, Best Valid: 36.11%, Best Test: 22.61%
Epoch: 2100, Loss: 0.0000, Train: 22.36%, Valid: 22.22%, Test: 22.91%, Best Valid: 36.11%, Best Test: 22.61%
Epoch: 2200, Loss: 0.0000, Train: 23.18%, Valid: 22.22%, Test: 23.19%, Best Valid: 36.11%, Best Test: 22.61%
Epoch: 2300, Loss: 0.0000, Train: 24.73%, Valid: 27.78%, Test: 25.13%, Best Valid: 36.11%, Best Test: 22.61%
Epoch: 2400, Loss: 0.0000, Train: 21.66%, Valid: 22.22%, Test: 22.04%, Best Valid: 36.11%, Best Test: 22.61%
Epoch: 2500, Loss: 0.0001, Train: 22.48%, Valid: 25.00%, Test: 22.43%, Best Valid: 36.11%, Best Test: 22.61%
Run 04:
Highest Train: 26.23
Highest Valid: 36.11
Highest Test: 26.53
Chosen epoch: 51
Final Train: 22.86
Final Test: 22.61
Label budget: 2/class -> 36 train nodes
Matched-budget validation: 36 valid nodes
Epoch: 00, Loss: 3.7251, Train: 5.90%, Valid: 5.56%, Test: 6.30%, Best Valid: 5.56%, Best Test: 6.30%
Switching Polynormer to global attention phase.
Epoch: 100, Loss: 2.9405, Train: 5.04%, Valid: 8.33%, Test: 5.17%, Best Valid: 36.11%, Best Test: 26.19%
Epoch: 200, Loss: 0.1710, Train: 29.21%, Valid: 11.11%, Test: 27.66%, Best Valid: 36.11%, Best Test: 26.19%
Epoch: 300, Loss: 0.0712, Train: 28.08%, Valid: 25.00%, Test: 25.91%, Best Valid: 36.11%, Best Test: 26.19%
Epoch: 400, Loss: 0.6408, Train: 29.74%, Valid: 27.78%, Test: 28.75%, Best Valid: 36.11%, Best Test: 26.19%
Epoch: 500, Loss: 0.2771, Train: 28.60%, Valid: 22.22%, Test: 27.25%, Best Valid: 36.11%, Best Test: 26.19%
Epoch: 600, Loss: 0.0581, Train: 29.10%, Valid: 22.22%, Test: 27.27%, Best Valid: 38.89%, Best Test: 25.52%
Epoch: 700, Loss: 0.0277, Train: 31.07%, Valid: 30.56%, Test: 29.07%, Best Valid: 38.89%, Best Test: 25.52%
Epoch: 800, Loss: 0.0005, Train: 31.16%, Valid: 30.56%, Test: 29.88%, Best Valid: 38.89%, Best Test: 25.52%
Epoch: 900, Loss: 0.0000, Train: 29.96%, Valid: 25.00%, Test: 28.15%, Best Valid: 38.89%, Best Test: 25.52%
Epoch: 1000, Loss: 0.0094, Train: 31.03%, Valid: 27.78%, Test: 29.42%, Best Valid: 38.89%, Best Test: 25.52%
Epoch: 1100, Loss: 0.0022, Train: 21.25%, Valid: 30.56%, Test: 20.10%, Best Valid: 38.89%, Best Test: 25.52%
Epoch: 1200, Loss: 0.0003, Train: 33.05%, Valid: 30.56%, Test: 31.79%, Best Valid: 38.89%, Best Test: 25.52%
Epoch: 1300, Loss: 0.0000, Train: 32.39%, Valid: 30.56%, Test: 31.08%, Best Valid: 38.89%, Best Test: 25.52%
Epoch: 1400, Loss: 0.0000, Train: 32.57%, Valid: 27.78%, Test: 31.36%, Best Valid: 38.89%, Best Test: 25.52%
Epoch: 1500, Loss: 0.0002, Train: 31.73%, Valid: 25.00%, Test: 30.50%, Best Valid: 38.89%, Best Test: 25.52%
Epoch: 1600, Loss: 0.0002, Train: 26.78%, Valid: 19.44%, Test: 25.01%, Best Valid: 38.89%, Best Test: 25.52%
Epoch: 1700, Loss: 0.0002, Train: 27.20%, Valid: 19.44%, Test: 25.84%, Best Valid: 38.89%, Best Test: 25.52%
Epoch: 1800, Loss: 0.0001, Train: 26.89%, Valid: 19.44%, Test: 24.73%, Best Valid: 38.89%, Best Test: 25.52%
Epoch: 1900, Loss: 0.5100, Train: 25.82%, Valid: 25.00%, Test: 24.29%, Best Valid: 38.89%, Best Test: 25.52%
Epoch: 2000, Loss: 0.0159, Train: 24.58%, Valid: 25.00%, Test: 23.54%, Best Valid: 38.89%, Best Test: 25.52%
Epoch: 2100, Loss: 0.3936, Train: 30.72%, Valid: 22.22%, Test: 29.23%, Best Valid: 38.89%, Best Test: 25.52%
Epoch: 2200, Loss: 0.0000, Train: 28.91%, Valid: 25.00%, Test: 27.60%, Best Valid: 38.89%, Best Test: 25.52%
Epoch: 2300, Loss: 0.0000, Train: 24.36%, Valid: 25.00%, Test: 23.69%, Best Valid: 38.89%, Best Test: 25.52%
Epoch: 2400, Loss: 0.0019, Train: 23.32%, Valid: 13.89%, Test: 22.73%, Best Valid: 38.89%, Best Test: 25.52%
Epoch: 2500, Loss: 0.0057, Train: 26.13%, Valid: 25.00%, Test: 24.06%, Best Valid: 38.89%, Best Test: 25.52%
Run 05:
Highest Train: 34.09
Highest Valid: 38.89
Highest Test: 32.40
Chosen epoch: 513
Final Train: 27.57
Final Test: 25.52
Label budget: 2/class -> 36 train nodes
Matched-budget validation: 36 valid nodes
Epoch: 00, Loss: 3.6534, Train: 9.35%, Valid: 2.78%, Test: 8.98%, Best Valid: 2.78%, Best Test: 8.98%
Switching Polynormer to global attention phase.
Epoch: 100, Loss: 2.9190, Train: 3.15%, Valid: 5.56%, Test: 3.14%, Best Valid: 38.89%, Best Test: 25.98%
Epoch: 200, Loss: 0.0951, Train: 25.38%, Valid: 22.22%, Test: 25.82%, Best Valid: 38.89%, Best Test: 25.98%
Epoch: 300, Loss: 0.6329, Train: 22.13%, Valid: 30.56%, Test: 22.48%, Best Valid: 41.67%, Best Test: 24.41%
Epoch: 400, Loss: 0.0475, Train: 27.32%, Valid: 33.33%, Test: 27.80%, Best Valid: 41.67%, Best Test: 24.41%
Epoch: 500, Loss: 0.0341, Train: 23.33%, Valid: 25.00%, Test: 23.63%, Best Valid: 41.67%, Best Test: 24.41%
Epoch: 600, Loss: 0.0431, Train: 24.56%, Valid: 25.00%, Test: 25.79%, Best Valid: 44.44%, Best Test: 25.49%
Epoch: 700, Loss: 0.0000, Train: 25.92%, Valid: 36.11%, Test: 26.35%, Best Valid: 44.44%, Best Test: 25.49%
Epoch: 800, Loss: 0.0000, Train: 24.82%, Valid: 36.11%, Test: 25.26%, Best Valid: 44.44%, Best Test: 25.49%
Epoch: 900, Loss: 0.6331, Train: 20.92%, Valid: 30.56%, Test: 20.61%, Best Valid: 44.44%, Best Test: 25.49%
Epoch: 1000, Loss: 0.0000, Train: 24.36%, Valid: 33.33%, Test: 24.06%, Best Valid: 44.44%, Best Test: 25.49%
Epoch: 1100, Loss: 0.0035, Train: 28.06%, Valid: 36.11%, Test: 28.13%, Best Valid: 44.44%, Best Test: 25.49%
Epoch: 1200, Loss: 0.0031, Train: 27.31%, Valid: 33.33%, Test: 26.88%, Best Valid: 44.44%, Best Test: 25.49%
Epoch: 1300, Loss: 0.0000, Train: 27.27%, Valid: 36.11%, Test: 26.86%, Best Valid: 44.44%, Best Test: 25.49%
Epoch: 1400, Loss: 0.0080, Train: 24.67%, Valid: 33.33%, Test: 24.46%, Best Valid: 44.44%, Best Test: 25.49%
Epoch: 1500, Loss: 0.3009, Train: 25.11%, Valid: 30.56%, Test: 25.50%, Best Valid: 44.44%, Best Test: 25.49%
Epoch: 1600, Loss: 0.0005, Train: 26.49%, Valid: 33.33%, Test: 26.70%, Best Valid: 44.44%, Best Test: 25.49%
Epoch: 1700, Loss: 0.1980, Train: 26.45%, Valid: 27.78%, Test: 26.42%, Best Valid: 44.44%, Best Test: 25.49%
Epoch: 1800, Loss: 0.0000, Train: 25.70%, Valid: 27.78%, Test: 25.04%, Best Valid: 44.44%, Best Test: 25.49%
Epoch: 1900, Loss: 0.0002, Train: 26.21%, Valid: 27.78%, Test: 26.40%, Best Valid: 44.44%, Best Test: 25.49%
Epoch: 2000, Loss: 0.0005, Train: 24.54%, Valid: 38.89%, Test: 24.81%, Best Valid: 44.44%, Best Test: 25.49%
Epoch: 2100, Loss: 0.0000, Train: 25.79%, Valid: 38.89%, Test: 25.40%, Best Valid: 44.44%, Best Test: 25.49%
Epoch: 2200, Loss: 0.0000, Train: 23.85%, Valid: 36.11%, Test: 24.44%, Best Valid: 44.44%, Best Test: 25.49%
Epoch: 2300, Loss: 0.0008, Train: 25.43%, Valid: 33.33%, Test: 25.34%, Best Valid: 44.44%, Best Test: 25.49%
Epoch: 2400, Loss: 0.1768, Train: 24.17%, Valid: 30.56%, Test: 24.37%, Best Valid: 44.44%, Best Test: 25.49%
Epoch: 2500, Loss: 0.0000, Train: 24.55%, Valid: 33.33%, Test: 24.62%, Best Valid: 44.44%, Best Test: 25.49%
Run 06:
Highest Train: 31.34
Highest Valid: 44.44
Highest Test: 31.43
Chosen epoch: 540
Final Train: 24.89
Final Test: 25.49
Label budget: 2/class -> 36 train nodes
Matched-budget validation: 36 valid nodes
Epoch: 00, Loss: 3.9105, Train: 5.81%, Valid: 5.56%, Test: 5.84%, Best Valid: 5.56%, Best Test: 5.84%
Switching Polynormer to global attention phase.
Epoch: 100, Loss: 2.9341, Train: 1.97%, Valid: 5.56%, Test: 1.96%, Best Valid: 33.33%, Best Test: 22.22%
Epoch: 200, Loss: 0.0495, Train: 23.95%, Valid: 36.11%, Test: 24.37%, Best Valid: 41.67%, Best Test: 25.75%
Epoch: 300, Loss: 0.1223, Train: 25.59%, Valid: 33.33%, Test: 26.67%, Best Valid: 41.67%, Best Test: 25.75%
Epoch: 400, Loss: 0.0578, Train: 28.12%, Valid: 33.33%, Test: 29.03%, Best Valid: 41.67%, Best Test: 25.75%
Epoch: 500, Loss: 0.0628, Train: 28.79%, Valid: 33.33%, Test: 29.86%, Best Valid: 41.67%, Best Test: 25.75%
Epoch: 600, Loss: 0.0013, Train: 27.15%, Valid: 30.56%, Test: 27.53%, Best Valid: 41.67%, Best Test: 25.75%
Epoch: 700, Loss: 0.0036, Train: 27.79%, Valid: 30.56%, Test: 28.84%, Best Valid: 41.67%, Best Test: 25.75%
Epoch: 800, Loss: 0.0844, Train: 28.16%, Valid: 27.78%, Test: 28.82%, Best Valid: 41.67%, Best Test: 25.75%
Epoch: 900, Loss: 0.0002, Train: 26.55%, Valid: 27.78%, Test: 27.67%, Best Valid: 41.67%, Best Test: 25.75%
Epoch: 1000, Loss: 0.0030, Train: 25.73%, Valid: 30.56%, Test: 26.72%, Best Valid: 41.67%, Best Test: 25.75%
Epoch: 1100, Loss: 0.8141, Train: 27.36%, Valid: 30.56%, Test: 27.87%, Best Valid: 41.67%, Best Test: 25.75%
Epoch: 1200, Loss: 0.0000, Train: 25.16%, Valid: 30.56%, Test: 26.30%, Best Valid: 41.67%, Best Test: 25.75%
Epoch: 1300, Loss: 0.0001, Train: 24.63%, Valid: 30.56%, Test: 25.84%, Best Valid: 41.67%, Best Test: 25.75%
Epoch: 1400, Loss: 0.0000, Train: 26.65%, Valid: 27.78%, Test: 28.01%, Best Valid: 41.67%, Best Test: 25.75%
Epoch: 1500, Loss: 0.0161, Train: 24.09%, Valid: 27.78%, Test: 25.10%, Best Valid: 41.67%, Best Test: 25.75%
Epoch: 1600, Loss: 0.0003, Train: 24.19%, Valid: 25.00%, Test: 25.54%, Best Valid: 41.67%, Best Test: 25.75%
Epoch: 1700, Loss: 0.0001, Train: 25.36%, Valid: 30.56%, Test: 26.83%, Best Valid: 41.67%, Best Test: 25.75%
Epoch: 1800, Loss: 0.3864, Train: 25.74%, Valid: 36.11%, Test: 27.14%, Best Valid: 41.67%, Best Test: 25.75%
Epoch: 1900, Loss: 0.0000, Train: 27.08%, Valid: 30.56%, Test: 27.80%, Best Valid: 41.67%, Best Test: 25.75%
Epoch: 2000, Loss: 0.0002, Train: 27.18%, Valid: 30.56%, Test: 28.10%, Best Valid: 41.67%, Best Test: 25.75%
Epoch: 2100, Loss: 0.0000, Train: 26.31%, Valid: 27.78%, Test: 27.16%, Best Valid: 41.67%, Best Test: 25.75%
Epoch: 2200, Loss: 0.0030, Train: 22.76%, Valid: 25.00%, Test: 24.71%, Best Valid: 41.67%, Best Test: 25.75%
Epoch: 2300, Loss: 0.0013, Train: 22.86%, Valid: 27.78%, Test: 23.93%, Best Valid: 41.67%, Best Test: 25.75%
Epoch: 2400, Loss: 0.0000, Train: 25.20%, Valid: 27.78%, Test: 25.96%, Best Valid: 41.67%, Best Test: 25.75%
Epoch: 2500, Loss: 0.0001, Train: 22.85%, Valid: 27.78%, Test: 23.93%, Best Valid: 41.67%, Best Test: 25.75%
Run 07:
Highest Train: 29.73
Highest Valid: 41.67
Highest Test: 30.57
Chosen epoch: 198
Final Train: 24.89
Final Test: 25.75
Label budget: 2/class -> 36 train nodes
Matched-budget validation: 36 valid nodes
Epoch: 00, Loss: 3.7607, Train: 6.28%, Valid: 8.33%, Test: 5.91%, Best Valid: 8.33%, Best Test: 5.91%
Switching Polynormer to global attention phase.
Epoch: 100, Loss: 2.8908, Train: 13.96%, Valid: 5.56%, Test: 13.96%, Best Valid: 33.33%, Best Test: 32.47%
Epoch: 200, Loss: 0.0965, Train: 27.64%, Valid: 25.00%, Test: 27.30%, Best Valid: 38.89%, Best Test: 29.26%
Epoch: 300, Loss: 0.0939, Train: 28.40%, Valid: 27.78%, Test: 28.49%, Best Valid: 41.67%, Best Test: 28.56%
Epoch: 400, Loss: 0.0193, Train: 30.72%, Valid: 22.22%, Test: 30.92%, Best Valid: 41.67%, Best Test: 28.56%
Epoch: 500, Loss: 0.0476, Train: 36.21%, Valid: 27.78%, Test: 36.30%, Best Valid: 41.67%, Best Test: 28.56%
Epoch: 600, Loss: 0.0001, Train: 34.71%, Valid: 25.00%, Test: 34.45%, Best Valid: 41.67%, Best Test: 28.56%
Epoch: 700, Loss: 0.0001, Train: 34.23%, Valid: 25.00%, Test: 34.38%, Best Valid: 41.67%, Best Test: 28.56%
Epoch: 800, Loss: 0.0066, Train: 32.10%, Valid: 25.00%, Test: 32.26%, Best Valid: 41.67%, Best Test: 28.56%
Epoch: 900, Loss: 0.0037, Train: 31.56%, Valid: 27.78%, Test: 31.87%, Best Valid: 41.67%, Best Test: 28.56%
Epoch: 1000, Loss: 0.0014, Train: 31.70%, Valid: 22.22%, Test: 31.06%, Best Valid: 41.67%, Best Test: 28.56%
Epoch: 1100, Loss: 0.6012, Train: 32.59%, Valid: 19.44%, Test: 32.24%, Best Valid: 41.67%, Best Test: 28.56%
Epoch: 1200, Loss: 0.0003, Train: 32.98%, Valid: 16.67%, Test: 32.72%, Best Valid: 41.67%, Best Test: 28.56%
Epoch: 1300, Loss: 0.0108, Train: 32.77%, Valid: 22.22%, Test: 32.28%, Best Valid: 41.67%, Best Test: 28.56%
Epoch: 1400, Loss: 0.0000, Train: 32.69%, Valid: 22.22%, Test: 32.12%, Best Valid: 41.67%, Best Test: 28.56%
Epoch: 1500, Loss: 0.0035, Train: 28.09%, Valid: 27.78%, Test: 27.66%, Best Valid: 41.67%, Best Test: 28.56%
Epoch: 1600, Loss: 0.0002, Train: 31.05%, Valid: 25.00%, Test: 30.97%, Best Valid: 41.67%, Best Test: 28.56%
Epoch: 1700, Loss: 0.3291, Train: 33.37%, Valid: 22.22%, Test: 33.18%, Best Valid: 41.67%, Best Test: 28.56%
Epoch: 1800, Loss: 0.0000, Train: 30.89%, Valid: 22.22%, Test: 30.94%, Best Valid: 41.67%, Best Test: 28.56%
Epoch: 1900, Loss: 0.1111, Train: 30.76%, Valid: 27.78%, Test: 30.59%, Best Valid: 41.67%, Best Test: 28.56%
Epoch: 2000, Loss: 0.0008, Train: 28.13%, Valid: 22.22%, Test: 28.66%, Best Valid: 41.67%, Best Test: 28.56%
Epoch: 2100, Loss: 0.0024, Train: 31.74%, Valid: 25.00%, Test: 32.30%, Best Valid: 41.67%, Best Test: 28.56%
Epoch: 2200, Loss: 0.0003, Train: 26.65%, Valid: 27.78%, Test: 26.74%, Best Valid: 41.67%, Best Test: 28.56%
Epoch: 2300, Loss: 0.2276, Train: 26.86%, Valid: 22.22%, Test: 27.04%, Best Valid: 41.67%, Best Test: 28.56%
Epoch: 2400, Loss: 0.2190, Train: 27.35%, Valid: 22.22%, Test: 27.11%, Best Valid: 41.67%, Best Test: 28.56%
Epoch: 2500, Loss: 0.0353, Train: 25.04%, Valid: 27.78%, Test: 25.08%, Best Valid: 41.67%, Best Test: 28.56%
Run 08:
Highest Train: 37.19
Highest Valid: 41.67
Highest Test: 37.58
Chosen epoch: 292
Final Train: 28.56
Final Test: 28.56
Label budget: 2/class -> 36 train nodes
Matched-budget validation: 36 valid nodes
Epoch: 00, Loss: 3.5134, Train: 7.15%, Valid: 8.33%, Test: 7.17%, Best Valid: 8.33%, Best Test: 7.17%
Switching Polynormer to global attention phase.
Epoch: 100, Loss: 2.9296, Train: 5.90%, Valid: 5.56%, Test: 5.91%, Best Valid: 38.89%, Best Test: 24.67%
Epoch: 200, Loss: 0.2971, Train: 23.50%, Valid: 41.67%, Test: 23.44%, Best Valid: 41.67%, Best Test: 19.68%
Epoch: 300, Loss: 0.1578, Train: 22.07%, Valid: 33.33%, Test: 22.45%, Best Valid: 44.44%, Best Test: 23.69%
Epoch: 400, Loss: 0.0132, Train: 23.29%, Valid: 27.78%, Test: 23.54%, Best Valid: 44.44%, Best Test: 23.69%
Epoch: 500, Loss: 0.2319, Train: 24.95%, Valid: 30.56%, Test: 24.81%, Best Valid: 44.44%, Best Test: 23.69%
Epoch: 600, Loss: 0.0323, Train: 23.28%, Valid: 27.78%, Test: 23.51%, Best Valid: 44.44%, Best Test: 23.69%
Epoch: 700, Loss: 0.0011, Train: 23.96%, Valid: 25.00%, Test: 24.34%, Best Valid: 44.44%, Best Test: 23.69%
Epoch: 800, Loss: 0.0025, Train: 22.25%, Valid: 36.11%, Test: 23.24%, Best Valid: 44.44%, Best Test: 23.69%
Epoch: 900, Loss: 0.0001, Train: 23.58%, Valid: 22.22%, Test: 24.90%, Best Valid: 44.44%, Best Test: 23.69%
Epoch: 1000, Loss: 0.0000, Train: 23.98%, Valid: 19.44%, Test: 24.66%, Best Valid: 44.44%, Best Test: 23.69%
Epoch: 1100, Loss: 0.0000, Train: 23.82%, Valid: 19.44%, Test: 24.53%, Best Valid: 44.44%, Best Test: 23.69%
Epoch: 1200, Loss: 0.0000, Train: 23.60%, Valid: 22.22%, Test: 24.53%, Best Valid: 44.44%, Best Test: 23.69%
Epoch: 1300, Loss: 0.0000, Train: 23.55%, Valid: 22.22%, Test: 24.53%, Best Valid: 44.44%, Best Test: 23.69%
Epoch: 1400, Loss: 0.0000, Train: 25.05%, Valid: 25.00%, Test: 26.00%, Best Valid: 44.44%, Best Test: 23.69%
Epoch: 1500, Loss: 0.0000, Train: 25.96%, Valid: 25.00%, Test: 27.16%, Best Valid: 44.44%, Best Test: 23.69%
Epoch: 1600, Loss: 0.0000, Train: 24.15%, Valid: 33.33%, Test: 24.87%, Best Valid: 44.44%, Best Test: 23.69%
Epoch: 1700, Loss: 0.1884, Train: 25.29%, Valid: 25.00%, Test: 26.00%, Best Valid: 44.44%, Best Test: 23.69%
Epoch: 1800, Loss: 0.0003, Train: 21.50%, Valid: 27.78%, Test: 22.29%, Best Valid: 44.44%, Best Test: 23.69%
Epoch: 1900, Loss: 0.0006, Train: 24.73%, Valid: 30.56%, Test: 26.16%, Best Valid: 44.44%, Best Test: 23.69%
Epoch: 2000, Loss: 0.0002, Train: 21.85%, Valid: 27.78%, Test: 22.64%, Best Valid: 44.44%, Best Test: 23.69%
Epoch: 2100, Loss: 0.0000, Train: 21.39%, Valid: 25.00%, Test: 21.69%, Best Valid: 44.44%, Best Test: 23.69%
Epoch: 2200, Loss: 0.0515, Train: 22.80%, Valid: 25.00%, Test: 22.87%, Best Valid: 44.44%, Best Test: 23.69%
Epoch: 2300, Loss: 0.0178, Train: 22.79%, Valid: 27.78%, Test: 23.12%, Best Valid: 44.44%, Best Test: 23.69%
Epoch: 2400, Loss: 0.0000, Train: 22.58%, Valid: 30.56%, Test: 23.01%, Best Valid: 44.44%, Best Test: 23.69%
Epoch: 2500, Loss: 0.0000, Train: 22.52%, Valid: 27.78%, Test: 23.09%, Best Valid: 44.44%, Best Test: 23.69%
Run 09:
Highest Train: 26.87
Highest Valid: 44.44
Highest Test: 27.82
Chosen epoch: 201
Final Train: 23.62
Final Test: 23.69
Label budget: 2/class -> 36 train nodes
Matched-budget validation: 36 valid nodes
Epoch: 00, Loss: 3.6937, Train: 4.91%, Valid: 2.78%, Test: 5.01%, Best Valid: 2.78%, Best Test: 5.01%
Switching Polynormer to global attention phase.
Epoch: 100, Loss: 2.9177, Train: 10.05%, Valid: 2.78%, Test: 9.81%, Best Valid: 44.44%, Best Test: 25.06%
Epoch: 200, Loss: 0.0635, Train: 24.69%, Valid: 33.33%, Test: 24.29%, Best Valid: 44.44%, Best Test: 25.06%
Epoch: 300, Loss: 0.0013, Train: 26.85%, Valid: 27.78%, Test: 26.01%, Best Valid: 50.00%, Best Test: 22.94%
Epoch: 400, Loss: 0.0005, Train: 27.22%, Valid: 36.11%, Test: 27.04%, Best Valid: 50.00%, Best Test: 22.94%
Epoch: 500, Loss: 0.0265, Train: 29.34%, Valid: 36.11%, Test: 28.24%, Best Valid: 50.00%, Best Test: 22.94%
Epoch: 600, Loss: 0.0344, Train: 25.17%, Valid: 33.33%, Test: 24.96%, Best Valid: 50.00%, Best Test: 22.94%
Epoch: 700, Loss: 0.0080, Train: 28.59%, Valid: 36.11%, Test: 28.19%, Best Valid: 50.00%, Best Test: 22.94%
Epoch: 800, Loss: 0.0001, Train: 25.68%, Valid: 38.89%, Test: 25.63%, Best Valid: 50.00%, Best Test: 22.94%
Epoch: 900, Loss: 0.0001, Train: 24.68%, Valid: 41.67%, Test: 25.33%, Best Valid: 50.00%, Best Test: 22.94%
Epoch: 1000, Loss: 0.0001, Train: 29.48%, Valid: 36.11%, Test: 28.86%, Best Valid: 50.00%, Best Test: 22.94%
Epoch: 1100, Loss: 0.3769, Train: 26.11%, Valid: 38.89%, Test: 26.51%, Best Valid: 50.00%, Best Test: 22.94%
Epoch: 1200, Loss: 0.0002, Train: 27.21%, Valid: 38.89%, Test: 26.56%, Best Valid: 50.00%, Best Test: 22.94%
Epoch: 1300, Loss: 0.0000, Train: 27.27%, Valid: 38.89%, Test: 26.90%, Best Valid: 50.00%, Best Test: 22.94%
Epoch: 1400, Loss: 0.0000, Train: 27.27%, Valid: 41.67%, Test: 26.65%, Best Valid: 50.00%, Best Test: 22.94%
Epoch: 1500, Loss: 0.0000, Train: 26.46%, Valid: 30.56%, Test: 26.39%, Best Valid: 50.00%, Best Test: 22.94%
Epoch: 1600, Loss: 0.0051, Train: 26.03%, Valid: 27.78%, Test: 25.89%, Best Valid: 50.00%, Best Test: 22.94%
Epoch: 1700, Loss: 1.3351, Train: 25.77%, Valid: 33.33%, Test: 25.36%, Best Valid: 50.00%, Best Test: 22.94%
Epoch: 1800, Loss: 0.0404, Train: 25.37%, Valid: 36.11%, Test: 25.11%, Best Valid: 50.00%, Best Test: 22.94%
Epoch: 1900, Loss: 0.2198, Train: 21.22%, Valid: 36.11%, Test: 20.98%, Best Valid: 50.00%, Best Test: 22.94%
Epoch: 2000, Loss: 0.0000, Train: 26.11%, Valid: 36.11%, Test: 25.57%, Best Valid: 50.00%, Best Test: 22.94%
Epoch: 2100, Loss: 0.1539, Train: 24.16%, Valid: 27.78%, Test: 24.20%, Best Valid: 50.00%, Best Test: 22.94%
Epoch: 2200, Loss: 0.0000, Train: 26.40%, Valid: 30.56%, Test: 25.80%, Best Valid: 50.00%, Best Test: 22.94%
Epoch: 2300, Loss: 0.0000, Train: 23.20%, Valid: 36.11%, Test: 23.60%, Best Valid: 50.00%, Best Test: 22.94%
Epoch: 2400, Loss: 0.0167, Train: 24.83%, Valid: 38.89%, Test: 24.48%, Best Valid: 50.00%, Best Test: 22.94%
Epoch: 2500, Loss: 0.0000, Train: 26.41%, Valid: 33.33%, Test: 26.19%, Best Valid: 50.00%, Best Test: 22.94%
Run 10:
Highest Train: 32.16
Highest Valid: 50.00
Highest Test: 31.52
Chosen epoch: 226
Final Train: 22.97
Final Test: 22.94
All runs:
Highest Train: 30.71 ± 3.65
Highest Test: 30.41 ± 3.51
Highest Valid: 41.11 ± 4.30
  Final Train: 24.97 ± 1.93
   Final Test: 24.62 ± 1.94
Saving results to ../results/lowlabel_mv/roman-empire/polynormer.csv
Low-label sweep completed.
Task 60 done.
