Sat Sep 12 08:58:54 2026       
+-----------------------------------------------------------------------------------------+
| NVIDIA-SMI 580.159.04             Driver Version: 580.159.04     CUDA Version: 13.0     |
+-----------------------------------------+------------------------+----------------------+
| GPU  Name                 Persistence-M | Bus-Id          Disp.A | Volatile Uncorr. ECC |
| Fan  Temp   Perf          Pwr:Usage/Cap |           Memory-Usage | GPU-Util  Compute M. |
|                                         |                        |               MIG M. |
|=========================================+========================+======================|
|   0  NVIDIA A100-SXM4-80GB          On  |   00000000:01:00.0 Off |                   On |
| N/A   52C    P0            245W /  500W |   56882MiB /  81920MiB |     N/A      Default |
|                                         |                        |              Enabled |
+-----------------------------------------+------------------------+----------------------+
|   1  NVIDIA A100-SXM4-80GB          On  |   00000000:41:00.0 Off |                   On |
| N/A   46C    P0            235W /  500W |   56888MiB /  81920MiB |     N/A      Default |
|                                         |                        |              Enabled |
+-----------------------------------------+------------------------+----------------------+
|   2  NVIDIA A100-SXM4-80GB          On  |   00000000:81:00.0 Off |                   On |
| N/A   34C    P0             53W /  500W |     249MiB /  81920MiB |     N/A      Default |
|                                         |                        |              Enabled |
+-----------------------------------------+------------------------+----------------------+
|   3  NVIDIA A100-SXM4-80GB          On  |   00000000:C1:00.0 Off |                   On |
| N/A   35C    P0            141W /  500W |   16865MiB /  81920MiB |     N/A      Default |
|                                         |                        |              Enabled |
+-----------------------------------------+------------------------+----------------------+

+-----------------------------------------------------------------------------------------+
| MIG devices:                                                                            |
+------------------+----------------------------------+-----------+-----------------------+
| GPU  GI  CI  MIG |              Shared Memory-Usage |        Vol|        Shared         |
|      ID  ID  Dev |                Shared BAR1-Usage | SM     Unc| CE ENC  DEC  OFA  JPG |
|                  |                                  |        ECC|                       |
|==================+==================================+===========+=======================|
|  2    3   0   0  |              71MiB / 19968MiB    | 28      0 |  2   0    1    0    0 |
|                  |               0MiB / 12271MiB    |           |                       |
+------------------+----------------------------------+-----------+-----------------------+

+-----------------------------------------------------------------------------------------+
| Processes:                                                                              |
|  GPU   GI   CI              PID   Type   Process name                        GPU Memory |
|        ID   ID                                                               Usage      |
|=========================================================================================|
|    0    5    0          3369612      C   python                                16776MiB |
|    0    1    0          3370987      C   ...nda3/envs/spot_nsf/bin/python      39840MiB |
|    1    5    0          3077874      C   python                                16782MiB |
|    1    1    0          3316622      C   ...nda3/envs/spot_nsf/bin/python      39840MiB |
|    3    5    0          3367873      C   python                                16608MiB |
+-----------------------------------------------------------------------------------------+
Control cell: amazon-ratings / gcn / budget 20 per class / mlp -> results/lowlabel_mv
python main.py --gnn gcn --dataset amazon-ratings --hidden_channels 512 --epochs 2500 --lr 0.001 --runs 3 --local_layers 4 --weight_decay 0.0 --dropout 0.5 --device 0 --bn --res --runs 10 --train_per_class 20 --valid_per_class 20 --budget_tag 20
==========================================================
Low-label sweep: python main.py --gnn gcn --dataset amazon-ratings --hidden_channels 512 --epochs 2500 --lr 0.001 --runs 3 --local_layers 4 --weight_decay 0.0 --dropout 0.5 --device 0 --bn --res --runs 10 --train_per_class 20 --valid_per_class 20 --budget_tag 20
result_dir=results/lowlabel_mv conditions=[mlp]
==========================================================
--- mlp_reg | lambda=0.01 ---
    (already completed — requeue resume, skipping)
--- mlp_reg | lambda=0.05 ---
    (already completed — requeue resume, skipping)
--- mlp_reg | lambda=0.1 ---
    (already completed — requeue resume, skipping)
--- mlp_reg | lambda=0.2 ---
Namespace(bn=True, budget_tag='20', cooc_file='', count_reg=False, count_smoothing=1.0, cpu=False, data_dir='./data/', dataset='amazon-ratings', device=0, display_step=100, dropout=0.5, epochs=2500, gnn='gcn', hidden_channels=512, jk=False, label_num_per_class=20, lambda_val=0.2, ln=False, local_layers=4, lr=0.001, metric='acc', mlp_epochs=500, mlp_reg=True, model='MPNN', model_dir='models', num_heads=1, oracle_reg=False, paired_seeds=True, penalty_transform='none', pre_linear=False, pre_ln=False, rand_split=False, rand_split_class=False, reg_start_epoch=10, reg_update_freq=5, res=True, resample_split_per_run=False, result_dir='results/lowlabel_mv', runs=10, save_model=False, seed=42, source_mode='keep', test_num=1000, train_per_class=20, train_prop=0.5, use_reg=True, valid_num=500, valid_per_class=20, valid_prop=0.25, weight_decay=0.0, year_split=0)
amazon-ratings
dataset amazon-ratings | num nodes 24492 | num edge 93050 | num node feats 300 | num classes 5
MODEL: MPNNs(
  (h_lins): ModuleList()
  (local_convs): ModuleList(
    (0): GCNConv(300, 512)
    (1): GCNConv(512, 512)
    (2): GCNConv(512, 512)
    (3): GCNConv(512, 512)
  )
  (lins): ModuleList(
    (0): Linear(in_features=300, out_features=512, bias=True)
    (1): Linear(in_features=512, out_features=512, bias=True)
    (2): Linear(in_features=512, out_features=512, bias=True)
    (3): Linear(in_features=512, out_features=512, bias=True)
  )
  (lns): ModuleList(
    (0): LayerNorm((512,), eps=1e-05, elementwise_affine=True)
    (1): LayerNorm((512,), eps=1e-05, elementwise_affine=True)
    (2): LayerNorm((512,), eps=1e-05, elementwise_affine=True)
    (3): LayerNorm((512,), eps=1e-05, elementwise_affine=True)
  )
  (bns): ModuleList(
    (0): BatchNorm1d(512, eps=1e-05, momentum=0.1, affine=True, track_running_stats=True)
    (1): BatchNorm1d(512, eps=1e-05, momentum=0.1, affine=True, track_running_stats=True)
    (2): BatchNorm1d(512, eps=1e-05, momentum=0.1, affine=True, track_running_stats=True)
    (3): BatchNorm1d(512, eps=1e-05, momentum=0.1, affine=True, track_running_stats=True)
  )
  (lin_in): Linear(in_features=300, out_features=512, bias=True)
  (pred_local): Linear(in_features=512, out_features=5, bias=True)
)
Label budget: 20/class -> 100 train nodes
Matched-budget validation: 100 valid nodes
Pre-training MLP for 500 epochs to generate co-occurrence matrix...
MLP pre-training complete. Penalty matrix frozen.
Epoch: 00, Loss: 2.0158, Train: 36.79%, Valid: 20.00%, Test: 36.80%, Best Valid: 20.00%, Best Test: 36.80%
Epoch: 100, Loss: 0.0020, Train: 20.37%, Valid: 25.00%, Test: 19.84%, Best Valid: 28.00%, Best Test: 21.02%
Epoch: 200, Loss: 0.0004, Train: 20.47%, Valid: 23.00%, Test: 19.84%, Best Valid: 28.00%, Best Test: 21.02%
Epoch: 300, Loss: 0.0002, Train: 20.68%, Valid: 24.00%, Test: 20.20%, Best Valid: 28.00%, Best Test: 21.02%
Epoch: 400, Loss: 0.0001, Train: 20.40%, Valid: 22.00%, Test: 19.79%, Best Valid: 28.00%, Best Test: 21.02%
Epoch: 500, Loss: 0.0001, Train: 20.52%, Valid: 22.00%, Test: 20.04%, Best Valid: 28.00%, Best Test: 21.02%
Epoch: 600, Loss: 0.0001, Train: 21.29%, Valid: 24.00%, Test: 20.73%, Best Valid: 28.00%, Best Test: 21.02%
Epoch: 700, Loss: 0.0000, Train: 20.52%, Valid: 25.00%, Test: 19.78%, Best Valid: 28.00%, Best Test: 21.02%
Epoch: 800, Loss: 0.0002, Train: 20.91%, Valid: 24.00%, Test: 19.73%, Best Valid: 28.00%, Best Test: 21.02%
Epoch: 900, Loss: 0.0042, Train: 23.34%, Valid: 25.00%, Test: 23.50%, Best Valid: 28.00%, Best Test: 21.02%
Epoch: 1000, Loss: 0.0126, Train: 22.73%, Valid: 19.00%, Test: 21.39%, Best Valid: 32.00%, Best Test: 25.98%
Epoch: 1100, Loss: 0.0001, Train: 23.15%, Valid: 25.00%, Test: 21.72%, Best Valid: 32.00%, Best Test: 25.98%
Epoch: 1200, Loss: 0.0001, Train: 23.02%, Valid: 23.00%, Test: 21.57%, Best Valid: 32.00%, Best Test: 25.98%
Epoch: 1300, Loss: 0.0000, Train: 23.35%, Valid: 23.00%, Test: 22.20%, Best Valid: 32.00%, Best Test: 25.98%
Epoch: 1400, Loss: 0.0001, Train: 23.38%, Valid: 24.00%, Test: 22.23%, Best Valid: 32.00%, Best Test: 25.98%
Epoch: 1500, Loss: 0.0000, Train: 23.36%, Valid: 23.00%, Test: 22.26%, Best Valid: 32.00%, Best Test: 25.98%
Epoch: 1600, Loss: 0.0000, Train: 23.26%, Valid: 23.00%, Test: 22.10%, Best Valid: 32.00%, Best Test: 25.98%
Epoch: 1700, Loss: 0.0000, Train: 23.28%, Valid: 23.00%, Test: 22.26%, Best Valid: 32.00%, Best Test: 25.98%
Epoch: 1800, Loss: 0.0000, Train: 23.25%, Valid: 24.00%, Test: 22.28%, Best Valid: 32.00%, Best Test: 25.98%
Epoch: 1900, Loss: 0.0000, Train: 23.14%, Valid: 24.00%, Test: 22.29%, Best Valid: 32.00%, Best Test: 25.98%
Epoch: 2000, Loss: 0.0000, Train: 23.18%, Valid: 24.00%, Test: 22.20%, Best Valid: 32.00%, Best Test: 25.98%
Epoch: 2100, Loss: 0.0000, Train: 23.16%, Valid: 24.00%, Test: 22.11%, Best Valid: 32.00%, Best Test: 25.98%
Epoch: 2200, Loss: 0.0000, Train: 23.17%, Valid: 23.00%, Test: 22.02%, Best Valid: 32.00%, Best Test: 25.98%
Epoch: 2300, Loss: 0.0000, Train: 23.13%, Valid: 23.00%, Test: 22.06%, Best Valid: 32.00%, Best Test: 25.98%
Epoch: 2400, Loss: 0.0000, Train: 23.18%, Valid: 23.00%, Test: 22.03%, Best Valid: 32.00%, Best Test: 25.98%
Run 01:
Highest Train: 36.79
Highest Valid: 32.00
Highest Test: 36.80
Chosen epoch: 951
Final Train: 26.74
Final Test: 25.98
Label budget: 20/class -> 100 train nodes
Matched-budget validation: 100 valid nodes
Pre-training MLP for 500 epochs to generate co-occurrence matrix...
MLP pre-training complete. Penalty matrix frozen.
Epoch: 00, Loss: 2.0786, Train: 13.59%, Valid: 19.00%, Test: 13.41%, Best Valid: 19.00%, Best Test: 13.41%
Epoch: 100, Loss: 0.0008, Train: 22.87%, Valid: 27.00%, Test: 22.39%, Best Valid: 29.00%, Best Test: 24.63%
Epoch: 200, Loss: 0.0003, Train: 22.46%, Valid: 26.00%, Test: 22.16%, Best Valid: 29.00%, Best Test: 24.63%
Epoch: 300, Loss: 0.0002, Train: 22.42%, Valid: 27.00%, Test: 22.13%, Best Valid: 29.00%, Best Test: 24.63%
Epoch: 400, Loss: 0.0002, Train: 22.55%, Valid: 27.00%, Test: 22.06%, Best Valid: 29.00%, Best Test: 24.63%
Epoch: 500, Loss: 0.0001, Train: 22.72%, Valid: 28.00%, Test: 22.26%, Best Valid: 29.00%, Best Test: 24.63%
Epoch: 600, Loss: 0.0000, Train: 22.72%, Valid: 28.00%, Test: 22.13%, Best Valid: 29.00%, Best Test: 24.63%
Epoch: 700, Loss: 0.0001, Train: 22.89%, Valid: 28.00%, Test: 22.28%, Best Valid: 29.00%, Best Test: 24.63%
Epoch: 800, Loss: 0.0000, Train: 22.91%, Valid: 28.00%, Test: 22.34%, Best Valid: 29.00%, Best Test: 24.63%
Epoch: 900, Loss: 0.0001, Train: 22.87%, Valid: 28.00%, Test: 22.29%, Best Valid: 29.00%, Best Test: 24.63%
Epoch: 1000, Loss: 0.0000, Train: 22.96%, Valid: 28.00%, Test: 22.54%, Best Valid: 29.00%, Best Test: 24.63%
Epoch: 1100, Loss: 0.0000, Train: 22.99%, Valid: 28.00%, Test: 22.60%, Best Valid: 29.00%, Best Test: 24.63%
Epoch: 1200, Loss: 0.0000, Train: 22.93%, Valid: 27.00%, Test: 22.54%, Best Valid: 29.00%, Best Test: 24.63%
Epoch: 1300, Loss: 0.0000, Train: 22.90%, Valid: 28.00%, Test: 22.33%, Best Valid: 29.00%, Best Test: 24.63%
Epoch: 1400, Loss: 0.0000, Train: 22.90%, Valid: 28.00%, Test: 22.44%, Best Valid: 29.00%, Best Test: 24.63%
Epoch: 1500, Loss: 0.0000, Train: 22.99%, Valid: 28.00%, Test: 22.39%, Best Valid: 29.00%, Best Test: 24.63%
Epoch: 1600, Loss: 0.0000, Train: 22.96%, Valid: 28.00%, Test: 22.33%, Best Valid: 29.00%, Best Test: 24.63%
Epoch: 1700, Loss: 0.0000, Train: 23.00%, Valid: 28.00%, Test: 22.28%, Best Valid: 29.00%, Best Test: 24.63%
Epoch: 1800, Loss: 0.0000, Train: 22.95%, Valid: 28.00%, Test: 22.16%, Best Valid: 29.00%, Best Test: 24.63%
Epoch: 1900, Loss: 0.0000, Train: 22.99%, Valid: 28.00%, Test: 22.20%, Best Valid: 29.00%, Best Test: 24.63%
Epoch: 2000, Loss: 0.0000, Train: 22.99%, Valid: 29.00%, Test: 22.26%, Best Valid: 29.00%, Best Test: 24.63%
Epoch: 2100, Loss: 0.0000, Train: 23.00%, Valid: 29.00%, Test: 22.33%, Best Valid: 29.00%, Best Test: 24.63%
Epoch: 2200, Loss: 0.0000, Train: 23.01%, Valid: 29.00%, Test: 22.39%, Best Valid: 29.00%, Best Test: 24.63%
Epoch: 2300, Loss: 0.0000, Train: 23.04%, Valid: 29.00%, Test: 22.46%, Best Valid: 29.00%, Best Test: 24.63%
Epoch: 2400, Loss: 0.0000, Train: 22.95%, Valid: 29.00%, Test: 22.20%, Best Valid: 29.00%, Best Test: 24.63%
Run 02:
Highest Train: 36.57
Highest Valid: 29.00
Highest Test: 36.57
Chosen epoch: 56
Final Train: 24.64
Final Test: 24.63
Label budget: 20/class -> 100 train nodes
Matched-budget validation: 100 valid nodes
Pre-training MLP for 500 epochs to generate co-occurrence matrix...
MLP pre-training complete. Penalty matrix frozen.
Epoch: 00, Loss: 2.0568, Train: 25.84%, Valid: 19.00%, Test: 25.31%, Best Valid: 19.00%, Best Test: 25.31%
Epoch: 100, Loss: 0.0016, Train: 25.06%, Valid: 20.00%, Test: 24.07%, Best Valid: 23.00%, Best Test: 27.08%
Epoch: 200, Loss: 0.0003, Train: 25.13%, Valid: 19.00%, Test: 23.83%, Best Valid: 23.00%, Best Test: 27.08%
Epoch: 300, Loss: 0.0001, Train: 25.27%, Valid: 16.00%, Test: 24.30%, Best Valid: 23.00%, Best Test: 27.08%
Epoch: 400, Loss: 0.0001, Train: 25.48%, Valid: 16.00%, Test: 24.48%, Best Valid: 23.00%, Best Test: 27.08%
Epoch: 500, Loss: 0.0004, Train: 25.76%, Valid: 14.00%, Test: 24.81%, Best Valid: 23.00%, Best Test: 27.08%
Epoch: 600, Loss: 0.0001, Train: 25.40%, Valid: 18.00%, Test: 24.35%, Best Valid: 23.00%, Best Test: 27.08%
Epoch: 700, Loss: 0.0001, Train: 25.36%, Valid: 18.00%, Test: 24.51%, Best Valid: 23.00%, Best Test: 27.08%
Epoch: 800, Loss: 0.0000, Train: 24.88%, Valid: 17.00%, Test: 24.29%, Best Valid: 23.00%, Best Test: 27.08%
Epoch: 900, Loss: 0.0000, Train: 25.36%, Valid: 18.00%, Test: 24.33%, Best Valid: 23.00%, Best Test: 27.08%
Epoch: 1000, Loss: 0.0000, Train: 25.76%, Valid: 20.00%, Test: 24.50%, Best Valid: 23.00%, Best Test: 27.08%
Epoch: 1100, Loss: 0.0000, Train: 25.22%, Valid: 17.00%, Test: 24.55%, Best Valid: 23.00%, Best Test: 27.08%
Epoch: 1200, Loss: 0.0000, Train: 25.25%, Valid: 17.00%, Test: 24.50%, Best Valid: 23.00%, Best Test: 27.08%
Epoch: 1300, Loss: 0.0001, Train: 25.34%, Valid: 17.00%, Test: 24.42%, Best Valid: 23.00%, Best Test: 27.08%
Epoch: 1400, Loss: 0.0000, Train: 25.26%, Valid: 18.00%, Test: 24.40%, Best Valid: 23.00%, Best Test: 27.08%
Epoch: 1500, Loss: 0.0000, Train: 25.13%, Valid: 17.00%, Test: 24.32%, Best Valid: 23.00%, Best Test: 27.08%
Epoch: 1600, Loss: 0.0000, Train: 25.13%, Valid: 17.00%, Test: 24.43%, Best Valid: 23.00%, Best Test: 27.08%
Epoch: 1700, Loss: 0.0000, Train: 25.22%, Valid: 17.00%, Test: 24.47%, Best Valid: 23.00%, Best Test: 27.08%
Epoch: 1800, Loss: 0.0000, Train: 25.26%, Valid: 17.00%, Test: 24.42%, Best Valid: 23.00%, Best Test: 27.08%
Epoch: 1900, Loss: 0.0000, Train: 25.22%, Valid: 17.00%, Test: 24.37%, Best Valid: 23.00%, Best Test: 27.08%
Epoch: 2000, Loss: 0.0000, Train: 25.21%, Valid: 17.00%, Test: 24.47%, Best Valid: 23.00%, Best Test: 27.08%
Epoch: 2100, Loss: 0.0000, Train: 25.27%, Valid: 17.00%, Test: 24.51%, Best Valid: 23.00%, Best Test: 27.08%
Epoch: 2200, Loss: 0.0000, Train: 25.27%, Valid: 17.00%, Test: 24.43%, Best Valid: 23.00%, Best Test: 27.08%
Epoch: 2300, Loss: 0.0000, Train: 25.24%, Valid: 18.00%, Test: 24.56%, Best Valid: 23.00%, Best Test: 27.08%
Epoch: 2400, Loss: 0.0000, Train: 25.31%, Valid: 18.00%, Test: 24.55%, Best Valid: 23.00%, Best Test: 27.08%
Run 03:
Highest Train: 36.04
Highest Valid: 23.00
Highest Test: 35.96
Chosen epoch: 44
Final Train: 27.58
Final Test: 27.08
Label budget: 20/class -> 100 train nodes
Matched-budget validation: 100 valid nodes
Pre-training MLP for 500 epochs to generate co-occurrence matrix...
MLP pre-training complete. Penalty matrix frozen.
Epoch: 00, Loss: 2.1519, Train: 10.19%, Valid: 20.00%, Test: 10.13%, Best Valid: 20.00%, Best Test: 10.13%
Epoch: 100, Loss: 0.0010, Train: 24.15%, Valid: 22.00%, Test: 22.06%, Best Valid: 27.00%, Best Test: 25.51%
Epoch: 200, Loss: 0.0002, Train: 23.16%, Valid: 22.00%, Test: 20.84%, Best Valid: 27.00%, Best Test: 25.51%
Epoch: 300, Loss: 0.0002, Train: 23.80%, Valid: 24.00%, Test: 21.38%, Best Valid: 27.00%, Best Test: 25.51%
Epoch: 400, Loss: 0.0002, Train: 24.15%, Valid: 24.00%, Test: 21.80%, Best Valid: 27.00%, Best Test: 25.51%
Epoch: 500, Loss: 0.0001, Train: 23.55%, Valid: 24.00%, Test: 21.46%, Best Valid: 27.00%, Best Test: 25.51%
Epoch: 600, Loss: 0.0018, Train: 25.15%, Valid: 26.00%, Test: 23.68%, Best Valid: 31.00%, Best Test: 18.85%
Epoch: 700, Loss: 0.0002, Train: 26.80%, Valid: 27.00%, Test: 25.33%, Best Valid: 31.00%, Best Test: 18.85%
Epoch: 800, Loss: 0.0001, Train: 23.66%, Valid: 26.00%, Test: 22.16%, Best Valid: 31.00%, Best Test: 18.85%
Epoch: 900, Loss: 0.0001, Train: 23.71%, Valid: 26.00%, Test: 22.21%, Best Valid: 31.00%, Best Test: 18.85%
Epoch: 1000, Loss: 0.0000, Train: 23.80%, Valid: 28.00%, Test: 22.31%, Best Valid: 31.00%, Best Test: 18.85%
Epoch: 1100, Loss: 0.0000, Train: 23.94%, Valid: 26.00%, Test: 22.91%, Best Valid: 31.00%, Best Test: 18.85%
Epoch: 1200, Loss: 0.0000, Train: 24.07%, Valid: 26.00%, Test: 22.91%, Best Valid: 31.00%, Best Test: 18.85%
Epoch: 1300, Loss: 0.0000, Train: 24.20%, Valid: 26.00%, Test: 22.93%, Best Valid: 31.00%, Best Test: 18.85%
Epoch: 1400, Loss: 0.0000, Train: 24.19%, Valid: 26.00%, Test: 23.06%, Best Valid: 31.00%, Best Test: 18.85%
Epoch: 1500, Loss: 0.0000, Train: 24.29%, Valid: 25.00%, Test: 23.03%, Best Valid: 31.00%, Best Test: 18.85%
Epoch: 1600, Loss: 0.0000, Train: 24.33%, Valid: 25.00%, Test: 23.14%, Best Valid: 31.00%, Best Test: 18.85%
Epoch: 1700, Loss: 0.0000, Train: 24.30%, Valid: 25.00%, Test: 23.09%, Best Valid: 31.00%, Best Test: 18.85%
Epoch: 1800, Loss: 0.0000, Train: 24.36%, Valid: 25.00%, Test: 23.08%, Best Valid: 31.00%, Best Test: 18.85%
Epoch: 1900, Loss: 0.0000, Train: 24.42%, Valid: 25.00%, Test: 23.19%, Best Valid: 31.00%, Best Test: 18.85%
Epoch: 2000, Loss: 0.0000, Train: 24.38%, Valid: 25.00%, Test: 23.08%, Best Valid: 31.00%, Best Test: 18.85%
Epoch: 2100, Loss: 0.0000, Train: 24.40%, Valid: 25.00%, Test: 23.14%, Best Valid: 31.00%, Best Test: 18.85%
Epoch: 2200, Loss: 0.0000, Train: 24.49%, Valid: 25.00%, Test: 23.04%, Best Valid: 31.00%, Best Test: 18.85%
Epoch: 2300, Loss: 0.0000, Train: 24.55%, Valid: 25.00%, Test: 23.17%, Best Valid: 31.00%, Best Test: 18.85%
Epoch: 2400, Loss: 0.0000, Train: 24.48%, Valid: 25.00%, Test: 23.11%, Best Valid: 31.00%, Best Test: 18.85%
Run 04:
Highest Train: 28.43
Highest Valid: 31.00
Highest Test: 26.95
Chosen epoch: 571
Final Train: 20.16
Final Test: 18.85
Label budget: 20/class -> 100 train nodes
Matched-budget validation: 100 valid nodes
Pre-training MLP for 500 epochs to generate co-occurrence matrix...
MLP pre-training complete. Penalty matrix frozen.
Epoch: 00, Loss: 2.0775, Train: 4.34%, Valid: 20.00%, Test: 4.33%, Best Valid: 20.00%, Best Test: 4.33%
Epoch: 100, Loss: 0.0007, Train: 25.22%, Valid: 20.00%, Test: 25.40%, Best Valid: 25.00%, Best Test: 27.68%
Epoch: 200, Loss: 0.0004, Train: 24.58%, Valid: 21.00%, Test: 24.74%, Best Valid: 25.00%, Best Test: 27.68%
Epoch: 300, Loss: 0.0002, Train: 24.58%, Valid: 20.00%, Test: 24.61%, Best Valid: 25.00%, Best Test: 27.68%
Epoch: 400, Loss: 0.0001, Train: 24.47%, Valid: 21.00%, Test: 24.42%, Best Valid: 25.00%, Best Test: 27.68%
Epoch: 500, Loss: 0.0001, Train: 24.47%, Valid: 20.00%, Test: 24.33%, Best Valid: 25.00%, Best Test: 27.68%
Epoch: 600, Loss: 0.0001, Train: 24.45%, Valid: 21.00%, Test: 24.43%, Best Valid: 25.00%, Best Test: 27.68%
Epoch: 700, Loss: 0.0000, Train: 24.45%, Valid: 21.00%, Test: 24.22%, Best Valid: 25.00%, Best Test: 27.68%
Epoch: 800, Loss: 0.0000, Train: 24.39%, Valid: 21.00%, Test: 24.15%, Best Valid: 25.00%, Best Test: 27.68%
Epoch: 900, Loss: 0.0000, Train: 24.33%, Valid: 22.00%, Test: 24.24%, Best Valid: 25.00%, Best Test: 27.68%
Epoch: 1000, Loss: 0.0000, Train: 24.46%, Valid: 20.00%, Test: 24.20%, Best Valid: 25.00%, Best Test: 27.68%
Epoch: 1100, Loss: 0.0000, Train: 24.40%, Valid: 22.00%, Test: 24.14%, Best Valid: 25.00%, Best Test: 27.68%
Epoch: 1200, Loss: 0.0000, Train: 24.15%, Valid: 20.00%, Test: 23.76%, Best Valid: 25.00%, Best Test: 27.68%
Epoch: 1300, Loss: 0.0000, Train: 23.98%, Valid: 20.00%, Test: 23.84%, Best Valid: 25.00%, Best Test: 27.68%
Epoch: 1400, Loss: 0.0000, Train: 24.07%, Valid: 20.00%, Test: 23.88%, Best Valid: 25.00%, Best Test: 27.68%
Epoch: 1500, Loss: 0.0000, Train: 24.15%, Valid: 20.00%, Test: 23.83%, Best Valid: 25.00%, Best Test: 27.68%
Epoch: 1600, Loss: 0.0000, Train: 24.02%, Valid: 21.00%, Test: 24.01%, Best Valid: 25.00%, Best Test: 27.68%
Epoch: 1700, Loss: 0.0000, Train: 23.97%, Valid: 20.00%, Test: 23.88%, Best Valid: 25.00%, Best Test: 27.68%
Epoch: 1800, Loss: 0.0000, Train: 23.98%, Valid: 20.00%, Test: 23.81%, Best Valid: 25.00%, Best Test: 27.68%
Epoch: 1900, Loss: 0.0000, Train: 24.07%, Valid: 20.00%, Test: 23.60%, Best Valid: 25.00%, Best Test: 27.68%
Epoch: 2000, Loss: 0.0000, Train: 24.02%, Valid: 20.00%, Test: 23.68%, Best Valid: 25.00%, Best Test: 27.68%
Epoch: 2100, Loss: 0.0000, Train: 24.04%, Valid: 20.00%, Test: 23.71%, Best Valid: 25.00%, Best Test: 27.68%
Epoch: 2200, Loss: 0.0000, Train: 24.05%, Valid: 20.00%, Test: 23.78%, Best Valid: 25.00%, Best Test: 27.68%
Epoch: 2300, Loss: 0.0000, Train: 23.98%, Valid: 20.00%, Test: 23.71%, Best Valid: 25.00%, Best Test: 27.68%
Epoch: 2400, Loss: 0.0000, Train: 23.89%, Valid: 20.00%, Test: 23.91%, Best Valid: 25.00%, Best Test: 27.68%
Run 05:
Highest Train: 28.07
Highest Valid: 25.00
Highest Test: 27.81
Chosen epoch: 53
Final Train: 28.07
Final Test: 27.68
Label budget: 20/class -> 100 train nodes
Matched-budget validation: 100 valid nodes
Pre-training MLP for 500 epochs to generate co-occurrence matrix...
MLP pre-training complete. Penalty matrix frozen.
Epoch: 00, Loss: 2.0973, Train: 8.96%, Valid: 20.00%, Test: 8.93%, Best Valid: 20.00%, Best Test: 8.93%
Epoch: 100, Loss: 0.0006, Train: 22.38%, Valid: 25.00%, Test: 22.80%, Best Valid: 26.00%, Best Test: 22.10%
Epoch: 200, Loss: 0.0005, Train: 22.25%, Valid: 26.00%, Test: 22.82%, Best Valid: 27.00%, Best Test: 22.96%
Epoch: 300, Loss: 0.0001, Train: 22.30%, Valid: 26.00%, Test: 23.03%, Best Valid: 27.00%, Best Test: 22.96%
Epoch: 400, Loss: 0.0001, Train: 22.58%, Valid: 27.00%, Test: 23.26%, Best Valid: 27.00%, Best Test: 22.96%
Epoch: 500, Loss: 0.0001, Train: 22.33%, Valid: 27.00%, Test: 23.00%, Best Valid: 27.00%, Best Test: 22.96%
Epoch: 600, Loss: 0.0001, Train: 22.31%, Valid: 25.00%, Test: 23.04%, Best Valid: 27.00%, Best Test: 22.96%
Epoch: 700, Loss: 0.0000, Train: 22.60%, Valid: 25.00%, Test: 23.17%, Best Valid: 27.00%, Best Test: 22.96%
Epoch: 800, Loss: 0.0000, Train: 22.64%, Valid: 26.00%, Test: 23.22%, Best Valid: 27.00%, Best Test: 22.96%
Epoch: 900, Loss: 0.0000, Train: 22.55%, Valid: 26.00%, Test: 23.11%, Best Valid: 27.00%, Best Test: 22.96%
Epoch: 1000, Loss: 0.0000, Train: 22.54%, Valid: 25.00%, Test: 23.22%, Best Valid: 27.00%, Best Test: 22.96%
Epoch: 1100, Loss: 0.0000, Train: 22.55%, Valid: 26.00%, Test: 23.14%, Best Valid: 27.00%, Best Test: 22.96%
Epoch: 1200, Loss: 0.0000, Train: 22.41%, Valid: 26.00%, Test: 23.03%, Best Valid: 27.00%, Best Test: 22.96%
Epoch: 1300, Loss: 0.0000, Train: 22.51%, Valid: 26.00%, Test: 23.04%, Best Valid: 27.00%, Best Test: 22.96%
Epoch: 1400, Loss: 0.0000, Train: 22.44%, Valid: 26.00%, Test: 23.22%, Best Valid: 27.00%, Best Test: 22.96%
Epoch: 1500, Loss: 0.0000, Train: 22.37%, Valid: 26.00%, Test: 23.08%, Best Valid: 27.00%, Best Test: 22.96%
Epoch: 1600, Loss: 0.0000, Train: 22.51%, Valid: 25.00%, Test: 23.17%, Best Valid: 27.00%, Best Test: 22.96%
Epoch: 1700, Loss: 0.0000, Train: 22.52%, Valid: 25.00%, Test: 23.24%, Best Valid: 27.00%, Best Test: 22.96%
Epoch: 1800, Loss: 0.0000, Train: 22.46%, Valid: 25.00%, Test: 23.19%, Best Valid: 27.00%, Best Test: 22.96%
Epoch: 1900, Loss: 0.0000, Train: 22.51%, Valid: 26.00%, Test: 23.26%, Best Valid: 27.00%, Best Test: 22.96%
Epoch: 2000, Loss: 0.0000, Train: 22.53%, Valid: 26.00%, Test: 23.16%, Best Valid: 27.00%, Best Test: 22.96%
Epoch: 2100, Loss: 0.0000, Train: 22.43%, Valid: 26.00%, Test: 22.64%, Best Valid: 29.00%, Best Test: 22.64%
Epoch: 2200, Loss: 0.0000, Train: 22.45%, Valid: 26.00%, Test: 22.78%, Best Valid: 29.00%, Best Test: 22.64%
Epoch: 2300, Loss: 0.0000, Train: 22.55%, Valid: 26.00%, Test: 22.86%, Best Valid: 29.00%, Best Test: 22.64%
Epoch: 2400, Loss: 0.0000, Train: 22.42%, Valid: 26.00%, Test: 22.78%, Best Valid: 29.00%, Best Test: 22.64%
Run 06:
Highest Train: 26.03
Highest Valid: 29.00
Highest Test: 26.36
Chosen epoch: 2078
Final Train: 22.05
Final Test: 22.64
Label budget: 20/class -> 100 train nodes
Matched-budget validation: 100 valid nodes
Pre-training MLP for 500 epochs to generate co-occurrence matrix...
MLP pre-training complete. Penalty matrix frozen.
Epoch: 00, Loss: 2.0564, Train: 36.75%, Valid: 20.00%, Test: 36.78%, Best Valid: 20.00%, Best Test: 36.78%
Epoch: 100, Loss: 0.0013, Train: 26.99%, Valid: 17.00%, Test: 25.80%, Best Valid: 21.00%, Best Test: 7.53%
Epoch: 200, Loss: 0.0002, Train: 26.64%, Valid: 16.00%, Test: 25.31%, Best Valid: 21.00%, Best Test: 7.53%
Epoch: 300, Loss: 0.0001, Train: 26.64%, Valid: 16.00%, Test: 25.76%, Best Valid: 21.00%, Best Test: 7.53%
Epoch: 400, Loss: 0.0001, Train: 26.49%, Valid: 16.00%, Test: 25.41%, Best Valid: 21.00%, Best Test: 7.53%
Epoch: 500, Loss: 0.0001, Train: 26.30%, Valid: 17.00%, Test: 25.46%, Best Valid: 21.00%, Best Test: 7.53%
Epoch: 600, Loss: 0.0000, Train: 26.30%, Valid: 16.00%, Test: 25.36%, Best Valid: 21.00%, Best Test: 7.53%
Epoch: 700, Loss: 0.0000, Train: 26.34%, Valid: 15.00%, Test: 25.36%, Best Valid: 21.00%, Best Test: 7.53%
Epoch: 800, Loss: 0.0000, Train: 26.30%, Valid: 16.00%, Test: 25.20%, Best Valid: 21.00%, Best Test: 7.53%
Epoch: 900, Loss: 0.0000, Train: 26.25%, Valid: 17.00%, Test: 25.31%, Best Valid: 21.00%, Best Test: 7.53%
Epoch: 1000, Loss: 0.0000, Train: 26.29%, Valid: 14.00%, Test: 25.49%, Best Valid: 21.00%, Best Test: 7.53%
Epoch: 1100, Loss: 0.0000, Train: 26.31%, Valid: 15.00%, Test: 25.53%, Best Valid: 21.00%, Best Test: 7.53%
Epoch: 1200, Loss: 0.0000, Train: 26.41%, Valid: 15.00%, Test: 25.43%, Best Valid: 21.00%, Best Test: 7.53%
Epoch: 1300, Loss: 0.0000, Train: 26.29%, Valid: 15.00%, Test: 25.25%, Best Valid: 21.00%, Best Test: 7.53%
Epoch: 1400, Loss: 0.0000, Train: 26.35%, Valid: 13.00%, Test: 25.41%, Best Valid: 21.00%, Best Test: 7.53%
Epoch: 1500, Loss: 0.0000, Train: 26.47%, Valid: 15.00%, Test: 25.10%, Best Valid: 21.00%, Best Test: 7.53%
Epoch: 1600, Loss: 0.0000, Train: 26.27%, Valid: 16.00%, Test: 24.96%, Best Valid: 21.00%, Best Test: 7.53%
Epoch: 1700, Loss: 0.0000, Train: 26.34%, Valid: 15.00%, Test: 24.96%, Best Valid: 21.00%, Best Test: 7.53%
Epoch: 1800, Loss: 0.0000, Train: 26.47%, Valid: 15.00%, Test: 25.40%, Best Valid: 21.00%, Best Test: 7.53%
Epoch: 1900, Loss: 0.0000, Train: 26.47%, Valid: 15.00%, Test: 25.27%, Best Valid: 21.00%, Best Test: 7.53%
Epoch: 2000, Loss: 0.0000, Train: 26.43%, Valid: 16.00%, Test: 25.38%, Best Valid: 21.00%, Best Test: 7.53%
Epoch: 2100, Loss: 0.0000, Train: 26.32%, Valid: 13.00%, Test: 25.35%, Best Valid: 21.00%, Best Test: 7.53%
Epoch: 2200, Loss: 0.0000, Train: 26.35%, Valid: 13.00%, Test: 25.38%, Best Valid: 21.00%, Best Test: 7.53%
Epoch: 2300, Loss: 0.0000, Train: 26.19%, Valid: 14.00%, Test: 25.17%, Best Valid: 21.00%, Best Test: 7.53%
Epoch: 2400, Loss: 0.0000, Train: 26.16%, Valid: 13.00%, Test: 25.13%, Best Valid: 21.00%, Best Test: 7.53%
Run 07:
Highest Train: 36.75
Highest Valid: 21.00
Highest Test: 36.78
Chosen epoch: 1
Final Train: 7.58
Final Test: 7.53
Label budget: 20/class -> 100 train nodes
Matched-budget validation: 100 valid nodes
Pre-training MLP for 500 epochs to generate co-occurrence matrix...
MLP pre-training complete. Penalty matrix frozen.
Epoch: 00, Loss: 2.1119, Train: 8.62%, Valid: 21.00%, Test: 8.54%, Best Valid: 21.00%, Best Test: 8.54%
Epoch: 100, Loss: 0.0023, Train: 27.93%, Valid: 30.00%, Test: 27.16%, Best Valid: 30.00%, Best Test: 26.85%
Epoch: 200, Loss: 0.0005, Train: 28.13%, Valid: 25.00%, Test: 27.19%, Best Valid: 30.00%, Best Test: 26.85%
Epoch: 300, Loss: 0.0002, Train: 26.77%, Valid: 24.00%, Test: 26.15%, Best Valid: 30.00%, Best Test: 26.85%
Epoch: 400, Loss: 0.0001, Train: 26.67%, Valid: 22.00%, Test: 26.28%, Best Valid: 30.00%, Best Test: 26.85%
Epoch: 500, Loss: 0.0001, Train: 26.65%, Valid: 22.00%, Test: 26.69%, Best Valid: 30.00%, Best Test: 26.85%
Epoch: 600, Loss: 0.0000, Train: 26.43%, Valid: 21.00%, Test: 26.28%, Best Valid: 30.00%, Best Test: 26.85%
Epoch: 700, Loss: 0.0001, Train: 24.92%, Valid: 24.00%, Test: 24.89%, Best Valid: 30.00%, Best Test: 26.85%
Epoch: 800, Loss: 0.0012, Train: 27.15%, Valid: 24.00%, Test: 27.68%, Best Valid: 30.00%, Best Test: 26.85%
Epoch: 900, Loss: 0.0001, Train: 24.07%, Valid: 23.00%, Test: 24.64%, Best Valid: 30.00%, Best Test: 26.85%
Epoch: 1000, Loss: 0.0001, Train: 24.07%, Valid: 23.00%, Test: 24.84%, Best Valid: 30.00%, Best Test: 26.85%
Epoch: 1100, Loss: 0.0000, Train: 24.06%, Valid: 23.00%, Test: 24.69%, Best Valid: 30.00%, Best Test: 26.85%
Epoch: 1200, Loss: 0.0000, Train: 24.31%, Valid: 22.00%, Test: 24.63%, Best Valid: 30.00%, Best Test: 26.85%
Epoch: 1300, Loss: 0.0000, Train: 23.83%, Valid: 23.00%, Test: 24.78%, Best Valid: 30.00%, Best Test: 26.85%
Epoch: 1400, Loss: 0.0000, Train: 23.93%, Valid: 23.00%, Test: 24.58%, Best Valid: 30.00%, Best Test: 26.85%
Epoch: 1500, Loss: 0.0000, Train: 23.94%, Valid: 22.00%, Test: 24.74%, Best Valid: 30.00%, Best Test: 26.85%
Epoch: 1600, Loss: 0.0000, Train: 24.63%, Valid: 29.00%, Test: 25.41%, Best Valid: 35.00%, Best Test: 25.15%
Epoch: 1700, Loss: 0.0000, Train: 24.35%, Valid: 28.00%, Test: 25.43%, Best Valid: 35.00%, Best Test: 25.15%
Epoch: 1800, Loss: 0.0000, Train: 24.49%, Valid: 28.00%, Test: 25.53%, Best Valid: 35.00%, Best Test: 25.15%
Epoch: 1900, Loss: 0.0000, Train: 24.45%, Valid: 28.00%, Test: 25.62%, Best Valid: 35.00%, Best Test: 25.15%
Epoch: 2000, Loss: 0.0000, Train: 24.43%, Valid: 28.00%, Test: 25.53%, Best Valid: 35.00%, Best Test: 25.15%
Epoch: 2100, Loss: 0.0000, Train: 24.29%, Valid: 28.00%, Test: 25.49%, Best Valid: 35.00%, Best Test: 25.15%
Epoch: 2200, Loss: 0.0000, Train: 24.29%, Valid: 28.00%, Test: 25.58%, Best Valid: 35.00%, Best Test: 25.15%
Epoch: 2300, Loss: 0.0000, Train: 24.29%, Valid: 28.00%, Test: 25.61%, Best Valid: 35.00%, Best Test: 25.15%
Epoch: 2400, Loss: 0.0000, Train: 24.36%, Valid: 26.00%, Test: 25.54%, Best Valid: 35.00%, Best Test: 25.15%
Run 08:
Highest Train: 35.60
Highest Valid: 35.00
Highest Test: 35.80
Chosen epoch: 1556
Final Train: 23.90
Final Test: 25.15
Label budget: 20/class -> 100 train nodes
Matched-budget validation: 100 valid nodes
Pre-training MLP for 500 epochs to generate co-occurrence matrix...
MLP pre-training complete. Penalty matrix frozen.
Epoch: 00, Loss: 2.1909, Train: 4.56%, Valid: 20.00%, Test: 4.52%, Best Valid: 20.00%, Best Test: 4.52%
Epoch: 100, Loss: 0.0004, Train: 26.60%, Valid: 21.00%, Test: 26.08%, Best Valid: 25.00%, Best Test: 30.77%
Epoch: 200, Loss: 0.0002, Train: 25.85%, Valid: 21.00%, Test: 25.17%, Best Valid: 25.00%, Best Test: 30.77%
Epoch: 300, Loss: 0.0001, Train: 25.89%, Valid: 21.00%, Test: 25.20%, Best Valid: 25.00%, Best Test: 30.77%
Epoch: 400, Loss: 0.0002, Train: 26.01%, Valid: 21.00%, Test: 25.35%, Best Valid: 25.00%, Best Test: 30.77%
Epoch: 500, Loss: 0.0001, Train: 26.02%, Valid: 22.00%, Test: 24.99%, Best Valid: 25.00%, Best Test: 30.77%
Epoch: 600, Loss: 0.0001, Train: 25.88%, Valid: 22.00%, Test: 25.09%, Best Valid: 25.00%, Best Test: 30.77%
Epoch: 700, Loss: 0.0000, Train: 26.07%, Valid: 21.00%, Test: 25.41%, Best Valid: 25.00%, Best Test: 30.77%
Epoch: 800, Loss: 0.0000, Train: 26.11%, Valid: 21.00%, Test: 25.41%, Best Valid: 25.00%, Best Test: 30.77%
Epoch: 900, Loss: 0.0000, Train: 26.05%, Valid: 17.00%, Test: 25.20%, Best Valid: 25.00%, Best Test: 30.77%
Epoch: 1000, Loss: 0.0000, Train: 25.82%, Valid: 17.00%, Test: 25.31%, Best Valid: 25.00%, Best Test: 30.77%
Epoch: 1100, Loss: 0.0007, Train: 25.86%, Valid: 19.00%, Test: 25.20%, Best Valid: 25.00%, Best Test: 30.77%
Epoch: 1200, Loss: 0.0000, Train: 25.80%, Valid: 18.00%, Test: 25.04%, Best Valid: 25.00%, Best Test: 30.77%
Epoch: 1300, Loss: 0.0000, Train: 25.67%, Valid: 18.00%, Test: 24.99%, Best Valid: 25.00%, Best Test: 30.77%
Epoch: 1400, Loss: 0.0000, Train: 26.28%, Valid: 20.00%, Test: 25.56%, Best Valid: 25.00%, Best Test: 30.77%
Epoch: 1500, Loss: 0.0000, Train: 25.49%, Valid: 20.00%, Test: 24.99%, Best Valid: 25.00%, Best Test: 30.77%
Epoch: 1600, Loss: 0.0000, Train: 25.54%, Valid: 21.00%, Test: 24.97%, Best Valid: 25.00%, Best Test: 30.77%
Epoch: 1700, Loss: 0.0000, Train: 25.49%, Valid: 21.00%, Test: 25.20%, Best Valid: 25.00%, Best Test: 30.77%
Epoch: 1800, Loss: 0.0000, Train: 25.49%, Valid: 21.00%, Test: 25.12%, Best Valid: 25.00%, Best Test: 30.77%
Epoch: 1900, Loss: 0.0000, Train: 25.43%, Valid: 20.00%, Test: 25.02%, Best Valid: 25.00%, Best Test: 30.77%
Epoch: 2000, Loss: 0.0000, Train: 25.44%, Valid: 20.00%, Test: 25.13%, Best Valid: 25.00%, Best Test: 30.77%
Epoch: 2100, Loss: 0.0000, Train: 25.53%, Valid: 20.00%, Test: 25.05%, Best Valid: 25.00%, Best Test: 30.77%
Epoch: 2200, Loss: 0.0000, Train: 25.61%, Valid: 20.00%, Test: 25.17%, Best Valid: 25.00%, Best Test: 30.77%
Epoch: 2300, Loss: 0.0000, Train: 25.45%, Valid: 20.00%, Test: 25.07%, Best Valid: 25.00%, Best Test: 30.77%
Epoch: 2400, Loss: 0.0000, Train: 25.27%, Valid: 20.00%, Test: 24.89%, Best Valid: 25.00%, Best Test: 30.77%
Run 09:
Highest Train: 31.43
Highest Valid: 25.00
Highest Test: 31.90
Chosen epoch: 1
Final Train: 29.85
Final Test: 30.77
Label budget: 20/class -> 100 train nodes
Matched-budget validation: 100 valid nodes
Pre-training MLP for 500 epochs to generate co-occurrence matrix...
MLP pre-training complete. Penalty matrix frozen.
Epoch: 00, Loss: 2.1908, Train: 26.67%, Valid: 21.00%, Test: 26.93%, Best Valid: 21.00%, Best Test: 26.93%
Epoch: 100, Loss: 0.0043, Train: 27.08%, Valid: 24.00%, Test: 26.91%, Best Valid: 26.00%, Best Test: 28.74%
Epoch: 200, Loss: 0.0003, Train: 26.59%, Valid: 24.00%, Test: 26.44%, Best Valid: 26.00%, Best Test: 28.74%
Epoch: 300, Loss: 0.0001, Train: 26.53%, Valid: 24.00%, Test: 26.05%, Best Valid: 26.00%, Best Test: 28.74%
Epoch: 400, Loss: 0.0001, Train: 26.23%, Valid: 24.00%, Test: 26.20%, Best Valid: 26.00%, Best Test: 28.74%
Epoch: 500, Loss: 0.0001, Train: 26.34%, Valid: 24.00%, Test: 26.39%, Best Valid: 26.00%, Best Test: 28.74%
Epoch: 600, Loss: 0.0001, Train: 26.53%, Valid: 24.00%, Test: 26.49%, Best Valid: 26.00%, Best Test: 28.74%
Epoch: 700, Loss: 0.0000, Train: 26.37%, Valid: 24.00%, Test: 26.44%, Best Valid: 26.00%, Best Test: 28.74%
Epoch: 800, Loss: 0.0000, Train: 26.35%, Valid: 26.00%, Test: 26.21%, Best Valid: 26.00%, Best Test: 28.74%
Epoch: 900, Loss: 0.0000, Train: 26.29%, Valid: 25.00%, Test: 26.31%, Best Valid: 26.00%, Best Test: 28.74%
Epoch: 1000, Loss: 0.0000, Train: 26.39%, Valid: 24.00%, Test: 26.33%, Best Valid: 26.00%, Best Test: 28.74%
Epoch: 1100, Loss: 0.0000, Train: 26.38%, Valid: 24.00%, Test: 26.38%, Best Valid: 26.00%, Best Test: 28.74%
Epoch: 1200, Loss: 0.0000, Train: 26.22%, Valid: 23.00%, Test: 26.23%, Best Valid: 26.00%, Best Test: 28.74%
Epoch: 1300, Loss: 0.0000, Train: 26.29%, Valid: 24.00%, Test: 26.29%, Best Valid: 26.00%, Best Test: 28.74%
Epoch: 1400, Loss: 0.0000, Train: 26.21%, Valid: 25.00%, Test: 26.28%, Best Valid: 26.00%, Best Test: 28.74%
Epoch: 1500, Loss: 0.0000, Train: 26.31%, Valid: 24.00%, Test: 26.51%, Best Valid: 26.00%, Best Test: 28.74%
Epoch: 1600, Loss: 0.0000, Train: 26.66%, Valid: 25.00%, Test: 26.65%, Best Valid: 26.00%, Best Test: 28.74%
Epoch: 1700, Loss: 0.0000, Train: 26.52%, Valid: 25.00%, Test: 26.39%, Best Valid: 26.00%, Best Test: 28.74%
Epoch: 1800, Loss: 0.0000, Train: 26.44%, Valid: 24.00%, Test: 26.39%, Best Valid: 26.00%, Best Test: 28.74%
Epoch: 1900, Loss: 0.0000, Train: 26.34%, Valid: 24.00%, Test: 26.16%, Best Valid: 26.00%, Best Test: 28.74%
Epoch: 2000, Loss: 0.0000, Train: 26.46%, Valid: 24.00%, Test: 26.25%, Best Valid: 26.00%, Best Test: 28.74%
Epoch: 2100, Loss: 0.0000, Train: 26.40%, Valid: 24.00%, Test: 26.38%, Best Valid: 26.00%, Best Test: 28.74%
Epoch: 2200, Loss: 0.0000, Train: 26.34%, Valid: 25.00%, Test: 26.25%, Best Valid: 26.00%, Best Test: 28.74%
Epoch: 2300, Loss: 0.0000, Train: 26.37%, Valid: 25.00%, Test: 26.29%, Best Valid: 26.00%, Best Test: 28.74%
Epoch: 2400, Loss: 0.0000, Train: 26.34%, Valid: 25.00%, Test: 26.39%, Best Valid: 27.00%, Best Test: 26.36%
Run 10:
Highest Train: 34.69
Highest Valid: 27.00
Highest Test: 34.00
Chosen epoch: 2333
Final Train: 26.38
Final Test: 26.36
All runs:
Highest Train: 33.04 ± 4.17
Highest Test: 32.89 ± 4.32
Highest Valid: 27.70 ± 4.32
  Final Train: 23.70 ± 6.36
   Final Test: 23.67 ± 6.49
Saving results to results/lowlabel_mv/amazon-ratings/MPNN_gcn.csv
--- mlp_reg | lambda=0.4 ---
Namespace(bn=True, budget_tag='20', cooc_file='', count_reg=False, count_smoothing=1.0, cpu=False, data_dir='./data/', dataset='amazon-ratings', device=0, display_step=100, dropout=0.5, epochs=2500, gnn='gcn', hidden_channels=512, jk=False, label_num_per_class=20, lambda_val=0.4, ln=False, local_layers=4, lr=0.001, metric='acc', mlp_epochs=500, mlp_reg=True, model='MPNN', model_dir='models', num_heads=1, oracle_reg=False, paired_seeds=True, penalty_transform='none', pre_linear=False, pre_ln=False, rand_split=False, rand_split_class=False, reg_start_epoch=10, reg_update_freq=5, res=True, resample_split_per_run=False, result_dir='results/lowlabel_mv', runs=10, save_model=False, seed=42, source_mode='keep', test_num=1000, train_per_class=20, train_prop=0.5, use_reg=True, valid_num=500, valid_per_class=20, valid_prop=0.25, weight_decay=0.0, year_split=0)
amazon-ratings
dataset amazon-ratings | num nodes 24492 | num edge 93050 | num node feats 300 | num classes 5
MODEL: MPNNs(
  (h_lins): ModuleList()
  (local_convs): ModuleList(
    (0): GCNConv(300, 512)
    (1): GCNConv(512, 512)
    (2): GCNConv(512, 512)
    (3): GCNConv(512, 512)
  )
  (lins): ModuleList(
    (0): Linear(in_features=300, out_features=512, bias=True)
    (1): Linear(in_features=512, out_features=512, bias=True)
    (2): Linear(in_features=512, out_features=512, bias=True)
    (3): Linear(in_features=512, out_features=512, bias=True)
  )
  (lns): ModuleList(
    (0): LayerNorm((512,), eps=1e-05, elementwise_affine=True)
    (1): LayerNorm((512,), eps=1e-05, elementwise_affine=True)
    (2): LayerNorm((512,), eps=1e-05, elementwise_affine=True)
    (3): LayerNorm((512,), eps=1e-05, elementwise_affine=True)
  )
  (bns): ModuleList(
    (0): BatchNorm1d(512, eps=1e-05, momentum=0.1, affine=True, track_running_stats=True)
    (1): BatchNorm1d(512, eps=1e-05, momentum=0.1, affine=True, track_running_stats=True)
    (2): BatchNorm1d(512, eps=1e-05, momentum=0.1, affine=True, track_running_stats=True)
    (3): BatchNorm1d(512, eps=1e-05, momentum=0.1, affine=True, track_running_stats=True)
  )
  (lin_in): Linear(in_features=300, out_features=512, bias=True)
  (pred_local): Linear(in_features=512, out_features=5, bias=True)
)
Label budget: 20/class -> 100 train nodes
Matched-budget validation: 100 valid nodes
Pre-training MLP for 500 epochs to generate co-occurrence matrix...
MLP pre-training complete. Penalty matrix frozen.
Epoch: 00, Loss: 2.3518, Train: 36.77%, Valid: 20.00%, Test: 36.75%, Best Valid: 20.00%, Best Test: 36.75%
Epoch: 100, Loss: 0.0020, Train: 20.86%, Valid: 23.00%, Test: 19.91%, Best Valid: 27.00%, Best Test: 22.10%
Epoch: 200, Loss: 0.0007, Train: 20.15%, Valid: 22.00%, Test: 19.96%, Best Valid: 27.00%, Best Test: 22.10%
Epoch: 300, Loss: 0.0002, Train: 20.59%, Valid: 23.00%, Test: 20.20%, Best Valid: 27.00%, Best Test: 22.10%
Epoch: 400, Loss: 0.0001, Train: 20.17%, Valid: 22.00%, Test: 19.39%, Best Valid: 27.00%, Best Test: 22.10%
Epoch: 500, Loss: 0.0001, Train: 20.43%, Valid: 23.00%, Test: 19.96%, Best Valid: 27.00%, Best Test: 22.10%
Epoch: 600, Loss: 0.0001, Train: 20.99%, Valid: 23.00%, Test: 20.10%, Best Valid: 27.00%, Best Test: 22.10%
Epoch: 700, Loss: 0.0001, Train: 19.46%, Valid: 22.00%, Test: 18.29%, Best Valid: 28.00%, Best Test: 20.27%
Epoch: 800, Loss: 0.0016, Train: 23.65%, Valid: 21.00%, Test: 22.91%, Best Valid: 28.00%, Best Test: 20.27%
Epoch: 900, Loss: 0.0016, Train: 22.28%, Valid: 18.00%, Test: 21.82%, Best Valid: 28.00%, Best Test: 20.27%
Epoch: 1000, Loss: 0.0001, Train: 20.68%, Valid: 19.00%, Test: 20.09%, Best Valid: 28.00%, Best Test: 20.27%
Epoch: 1100, Loss: 0.0000, Train: 20.57%, Valid: 19.00%, Test: 20.25%, Best Valid: 28.00%, Best Test: 20.27%
Epoch: 1200, Loss: 0.0000, Train: 20.73%, Valid: 19.00%, Test: 20.22%, Best Valid: 28.00%, Best Test: 20.27%
Epoch: 1300, Loss: 0.0001, Train: 20.79%, Valid: 19.00%, Test: 20.22%, Best Valid: 28.00%, Best Test: 20.27%
Epoch: 1400, Loss: 0.0000, Train: 21.19%, Valid: 19.00%, Test: 20.63%, Best Valid: 28.00%, Best Test: 20.27%
Epoch: 1500, Loss: 0.0000, Train: 20.64%, Valid: 19.00%, Test: 20.30%, Best Valid: 28.00%, Best Test: 20.27%
Epoch: 1600, Loss: 0.0002, Train: 21.84%, Valid: 26.00%, Test: 21.49%, Best Valid: 28.00%, Best Test: 20.27%
Epoch: 1700, Loss: 0.0000, Train: 21.98%, Valid: 24.00%, Test: 21.74%, Best Valid: 28.00%, Best Test: 20.27%
Epoch: 1800, Loss: 0.0000, Train: 21.83%, Valid: 21.00%, Test: 21.87%, Best Valid: 28.00%, Best Test: 20.27%
Epoch: 1900, Loss: 0.0000, Train: 21.85%, Valid: 21.00%, Test: 21.87%, Best Valid: 28.00%, Best Test: 20.27%
Epoch: 2000, Loss: 0.0000, Train: 21.66%, Valid: 21.00%, Test: 21.41%, Best Valid: 28.00%, Best Test: 20.27%
Epoch: 2100, Loss: 0.0000, Train: 21.88%, Valid: 19.00%, Test: 21.66%, Best Valid: 28.00%, Best Test: 20.27%
Epoch: 2200, Loss: 0.0000, Train: 21.84%, Valid: 19.00%, Test: 21.75%, Best Valid: 28.00%, Best Test: 20.27%
Epoch: 2300, Loss: 0.0000, Train: 21.83%, Valid: 19.00%, Test: 21.77%, Best Valid: 28.00%, Best Test: 20.27%
Epoch: 2400, Loss: 0.0000, Train: 21.86%, Valid: 19.00%, Test: 21.80%, Best Valid: 28.00%, Best Test: 20.27%
Run 01:
Highest Train: 36.77
Highest Valid: 28.00
Highest Test: 36.75
Chosen epoch: 652
Final Train: 20.92
Final Test: 20.27
Label budget: 20/class -> 100 train nodes
Matched-budget validation: 100 valid nodes
Pre-training MLP for 500 epochs to generate co-occurrence matrix...
MLP pre-training complete. Penalty matrix frozen.
Epoch: 00, Loss: 2.4250, Train: 13.69%, Valid: 19.00%, Test: 13.56%, Best Valid: 19.00%, Best Test: 13.56%
Epoch: 100, Loss: 0.0011, Train: 22.95%, Valid: 26.00%, Test: 22.16%, Best Valid: 28.00%, Best Test: 24.15%
Epoch: 200, Loss: 0.0003, Train: 22.95%, Valid: 25.00%, Test: 22.60%, Best Valid: 28.00%, Best Test: 24.15%
Epoch: 300, Loss: 0.0002, Train: 22.82%, Valid: 27.00%, Test: 22.44%, Best Valid: 28.00%, Best Test: 24.15%
Epoch: 400, Loss: 0.0003, Train: 22.88%, Valid: 27.00%, Test: 22.21%, Best Valid: 28.00%, Best Test: 24.15%
Epoch: 500, Loss: 0.0001, Train: 22.91%, Valid: 27.00%, Test: 22.26%, Best Valid: 28.00%, Best Test: 24.15%
Epoch: 600, Loss: 0.0000, Train: 22.87%, Valid: 26.00%, Test: 22.18%, Best Valid: 28.00%, Best Test: 24.15%
Epoch: 700, Loss: 0.0001, Train: 22.95%, Valid: 27.00%, Test: 22.42%, Best Valid: 28.00%, Best Test: 24.15%
Epoch: 800, Loss: 0.0000, Train: 22.91%, Valid: 28.00%, Test: 22.51%, Best Valid: 28.00%, Best Test: 24.15%
Epoch: 900, Loss: 0.0001, Train: 22.76%, Valid: 26.00%, Test: 22.29%, Best Valid: 28.00%, Best Test: 24.15%
Epoch: 1000, Loss: 0.0000, Train: 23.11%, Valid: 26.00%, Test: 22.73%, Best Valid: 28.00%, Best Test: 24.15%
Epoch: 1100, Loss: 0.0000, Train: 22.95%, Valid: 26.00%, Test: 22.51%, Best Valid: 28.00%, Best Test: 24.15%
Epoch: 1200, Loss: 0.0000, Train: 22.99%, Valid: 27.00%, Test: 22.47%, Best Valid: 28.00%, Best Test: 24.15%
Epoch: 1300, Loss: 0.0000, Train: 23.04%, Valid: 27.00%, Test: 22.46%, Best Valid: 28.00%, Best Test: 24.15%
Epoch: 1400, Loss: 0.0000, Train: 22.87%, Valid: 28.00%, Test: 22.55%, Best Valid: 28.00%, Best Test: 24.15%
Epoch: 1500, Loss: 0.0000, Train: 23.13%, Valid: 27.00%, Test: 22.44%, Best Valid: 30.00%, Best Test: 22.68%
Epoch: 1600, Loss: 0.0000, Train: 23.09%, Valid: 29.00%, Test: 22.36%, Best Valid: 30.00%, Best Test: 22.68%
Epoch: 1700, Loss: 0.0000, Train: 23.17%, Valid: 29.00%, Test: 22.34%, Best Valid: 30.00%, Best Test: 22.68%
Epoch: 1800, Loss: 0.0000, Train: 23.09%, Valid: 29.00%, Test: 22.33%, Best Valid: 30.00%, Best Test: 22.68%
Epoch: 1900, Loss: 0.0000, Train: 23.12%, Valid: 28.00%, Test: 22.28%, Best Valid: 30.00%, Best Test: 22.68%
Epoch: 2000, Loss: 0.0000, Train: 23.16%, Valid: 28.00%, Test: 22.36%, Best Valid: 30.00%, Best Test: 22.68%
Epoch: 2100, Loss: 0.0000, Train: 23.22%, Valid: 28.00%, Test: 22.36%, Best Valid: 30.00%, Best Test: 22.68%
Epoch: 2200, Loss: 0.0000, Train: 23.22%, Valid: 29.00%, Test: 22.41%, Best Valid: 30.00%, Best Test: 22.68%
Epoch: 2300, Loss: 0.0000, Train: 23.17%, Valid: 28.00%, Test: 22.44%, Best Valid: 30.00%, Best Test: 22.68%
Epoch: 2400, Loss: 0.0000, Train: 23.26%, Valid: 28.00%, Test: 22.37%, Best Valid: 30.00%, Best Test: 22.68%
Run 02:
Highest Train: 36.61
Highest Valid: 30.00
Highest Test: 36.67
Chosen epoch: 1467
Final Train: 23.12
Final Test: 22.68
Label budget: 20/class -> 100 train nodes
Matched-budget validation: 100 valid nodes
Pre-training MLP for 500 epochs to generate co-occurrence matrix...
MLP pre-training complete. Penalty matrix frozen.
Epoch: 00, Loss: 2.3996, Train: 26.45%, Valid: 20.00%, Test: 26.18%, Best Valid: 20.00%, Best Test: 26.18%
Epoch: 100, Loss: 0.0066, Train: 25.25%, Valid: 17.00%, Test: 24.24%, Best Valid: 24.00%, Best Test: 27.06%
Epoch: 200, Loss: 0.0005, Train: 25.58%, Valid: 18.00%, Test: 25.33%, Best Valid: 24.00%, Best Test: 27.06%
Epoch: 300, Loss: 0.0001, Train: 25.53%, Valid: 17.00%, Test: 25.09%, Best Valid: 24.00%, Best Test: 27.06%
Epoch: 400, Loss: 0.0002, Train: 25.58%, Valid: 19.00%, Test: 25.10%, Best Valid: 24.00%, Best Test: 27.06%
Epoch: 500, Loss: 0.0002, Train: 25.49%, Valid: 17.00%, Test: 24.79%, Best Valid: 24.00%, Best Test: 27.06%
Epoch: 600, Loss: 0.0001, Train: 25.51%, Valid: 18.00%, Test: 24.76%, Best Valid: 24.00%, Best Test: 27.06%
Epoch: 700, Loss: 0.0001, Train: 25.46%, Valid: 17.00%, Test: 24.91%, Best Valid: 24.00%, Best Test: 27.06%
Epoch: 800, Loss: 0.0000, Train: 25.38%, Valid: 17.00%, Test: 24.81%, Best Valid: 24.00%, Best Test: 27.06%
Epoch: 900, Loss: 0.0000, Train: 25.31%, Valid: 16.00%, Test: 24.64%, Best Valid: 24.00%, Best Test: 27.06%
Epoch: 1000, Loss: 0.0000, Train: 25.47%, Valid: 16.00%, Test: 24.69%, Best Valid: 24.00%, Best Test: 27.06%
Epoch: 1100, Loss: 0.0000, Train: 24.89%, Valid: 16.00%, Test: 24.58%, Best Valid: 24.00%, Best Test: 27.06%
Epoch: 1200, Loss: 0.0000, Train: 25.42%, Valid: 15.00%, Test: 25.10%, Best Valid: 24.00%, Best Test: 27.06%
Epoch: 1300, Loss: 0.0001, Train: 25.07%, Valid: 17.00%, Test: 24.19%, Best Valid: 24.00%, Best Test: 27.06%
Epoch: 1400, Loss: 0.0233, Train: 23.62%, Valid: 16.00%, Test: 23.27%, Best Valid: 25.00%, Best Test: 25.38%
Epoch: 1500, Loss: 0.0016, Train: 23.60%, Valid: 19.00%, Test: 23.58%, Best Valid: 25.00%, Best Test: 25.38%
Epoch: 1600, Loss: 0.0001, Train: 23.83%, Valid: 19.00%, Test: 23.52%, Best Valid: 25.00%, Best Test: 25.38%
Epoch: 1700, Loss: 0.0000, Train: 23.93%, Valid: 19.00%, Test: 23.42%, Best Valid: 25.00%, Best Test: 25.38%
Epoch: 1800, Loss: 0.0000, Train: 24.03%, Valid: 17.00%, Test: 23.55%, Best Valid: 25.00%, Best Test: 25.38%
Epoch: 1900, Loss: 0.0000, Train: 23.91%, Valid: 17.00%, Test: 23.47%, Best Valid: 25.00%, Best Test: 25.38%
Epoch: 2000, Loss: 0.0000, Train: 23.93%, Valid: 17.00%, Test: 23.50%, Best Valid: 25.00%, Best Test: 25.38%
Epoch: 2100, Loss: 0.0007, Train: 23.70%, Valid: 16.00%, Test: 23.68%, Best Valid: 25.00%, Best Test: 25.38%
Epoch: 2200, Loss: 0.0000, Train: 24.91%, Valid: 16.00%, Test: 24.68%, Best Valid: 25.00%, Best Test: 25.38%
Epoch: 2300, Loss: 0.0001, Train: 24.74%, Valid: 16.00%, Test: 24.47%, Best Valid: 25.00%, Best Test: 25.38%
Epoch: 2400, Loss: 0.0000, Train: 24.89%, Valid: 16.00%, Test: 24.56%, Best Valid: 25.00%, Best Test: 25.38%
Run 03:
Highest Train: 36.11
Highest Valid: 25.00
Highest Test: 36.00
Chosen epoch: 1337
Final Train: 26.56
Final Test: 25.38
Label budget: 20/class -> 100 train nodes
Matched-budget validation: 100 valid nodes
Pre-training MLP for 500 epochs to generate co-occurrence matrix...
MLP pre-training complete. Penalty matrix frozen.
Epoch: 00, Loss: 2.5105, Train: 11.76%, Valid: 17.00%, Test: 11.66%, Best Valid: 17.00%, Best Test: 11.66%
Epoch: 100, Loss: 0.0012, Train: 23.64%, Valid: 22.00%, Test: 21.41%, Best Valid: 28.00%, Best Test: 24.71%
Epoch: 200, Loss: 0.0003, Train: 24.42%, Valid: 22.00%, Test: 21.75%, Best Valid: 28.00%, Best Test: 24.71%
Epoch: 300, Loss: 0.0003, Train: 23.02%, Valid: 24.00%, Test: 20.69%, Best Valid: 28.00%, Best Test: 24.71%
Epoch: 400, Loss: 0.0002, Train: 23.44%, Valid: 24.00%, Test: 21.25%, Best Valid: 28.00%, Best Test: 24.71%
Epoch: 500, Loss: 0.0002, Train: 23.38%, Valid: 23.00%, Test: 21.26%, Best Valid: 28.00%, Best Test: 24.71%
Epoch: 600, Loss: 0.0027, Train: 21.92%, Valid: 28.00%, Test: 21.00%, Best Valid: 31.00%, Best Test: 18.86%
Epoch: 700, Loss: 0.0007, Train: 23.80%, Valid: 28.00%, Test: 22.06%, Best Valid: 32.00%, Best Test: 23.73%
Epoch: 800, Loss: 0.0003, Train: 24.51%, Valid: 29.00%, Test: 23.22%, Best Valid: 34.00%, Best Test: 21.85%
Epoch: 900, Loss: 0.0001, Train: 24.24%, Valid: 27.00%, Test: 22.82%, Best Valid: 34.00%, Best Test: 21.85%
Epoch: 1000, Loss: 0.0000, Train: 23.67%, Valid: 28.00%, Test: 22.11%, Best Valid: 34.00%, Best Test: 21.85%
Epoch: 1100, Loss: 0.0000, Train: 23.69%, Valid: 28.00%, Test: 22.26%, Best Valid: 34.00%, Best Test: 21.85%
Epoch: 1200, Loss: 0.0000, Train: 23.69%, Valid: 29.00%, Test: 22.31%, Best Valid: 34.00%, Best Test: 21.85%
Epoch: 1300, Loss: 0.0000, Train: 23.58%, Valid: 29.00%, Test: 22.24%, Best Valid: 34.00%, Best Test: 21.85%
Epoch: 1400, Loss: 0.0000, Train: 23.68%, Valid: 29.00%, Test: 22.18%, Best Valid: 34.00%, Best Test: 21.85%
Epoch: 1500, Loss: 0.0000, Train: 23.57%, Valid: 29.00%, Test: 22.39%, Best Valid: 34.00%, Best Test: 21.85%
Epoch: 1600, Loss: 0.0000, Train: 23.59%, Valid: 29.00%, Test: 22.16%, Best Valid: 34.00%, Best Test: 21.85%
Epoch: 1700, Loss: 0.0000, Train: 23.84%, Valid: 29.00%, Test: 22.26%, Best Valid: 34.00%, Best Test: 21.85%
Epoch: 1800, Loss: 0.0000, Train: 23.71%, Valid: 29.00%, Test: 22.20%, Best Valid: 34.00%, Best Test: 21.85%
Epoch: 1900, Loss: 0.0000, Train: 23.66%, Valid: 29.00%, Test: 22.20%, Best Valid: 34.00%, Best Test: 21.85%
Epoch: 2000, Loss: 0.0000, Train: 23.62%, Valid: 29.00%, Test: 22.20%, Best Valid: 34.00%, Best Test: 21.85%
Epoch: 2100, Loss: 0.0007, Train: 23.49%, Valid: 29.00%, Test: 21.88%, Best Valid: 34.00%, Best Test: 21.85%
Epoch: 2200, Loss: 0.0000, Train: 23.64%, Valid: 29.00%, Test: 22.18%, Best Valid: 34.00%, Best Test: 21.85%
Epoch: 2300, Loss: 0.0000, Train: 23.62%, Valid: 29.00%, Test: 22.10%, Best Valid: 34.00%, Best Test: 21.85%
Epoch: 2400, Loss: 0.0000, Train: 23.59%, Valid: 29.00%, Test: 22.13%, Best Valid: 34.00%, Best Test: 21.85%
Run 04:
Highest Train: 27.00
Highest Valid: 34.00
Highest Test: 25.12
Chosen epoch: 752
Final Train: 23.50
Final Test: 21.85
Label budget: 20/class -> 100 train nodes
Matched-budget validation: 100 valid nodes
Pre-training MLP for 500 epochs to generate co-occurrence matrix...
MLP pre-training complete. Penalty matrix frozen.
Epoch: 00, Loss: 2.4238, Train: 4.34%, Valid: 20.00%, Test: 4.33%, Best Valid: 20.00%, Best Test: 4.33%
Epoch: 100, Loss: 0.0008, Train: 25.30%, Valid: 20.00%, Test: 25.30%, Best Valid: 25.00%, Best Test: 27.54%
Epoch: 200, Loss: 0.0004, Train: 24.79%, Valid: 20.00%, Test: 24.63%, Best Valid: 25.00%, Best Test: 27.54%
Epoch: 300, Loss: 0.0002, Train: 24.73%, Valid: 20.00%, Test: 24.66%, Best Valid: 25.00%, Best Test: 27.54%
Epoch: 400, Loss: 0.0001, Train: 24.50%, Valid: 21.00%, Test: 24.33%, Best Valid: 25.00%, Best Test: 27.54%
Epoch: 500, Loss: 0.0001, Train: 24.45%, Valid: 20.00%, Test: 24.22%, Best Valid: 25.00%, Best Test: 27.54%
Epoch: 600, Loss: 0.0001, Train: 24.39%, Valid: 20.00%, Test: 24.29%, Best Valid: 25.00%, Best Test: 27.54%
Epoch: 700, Loss: 0.0000, Train: 24.43%, Valid: 20.00%, Test: 24.25%, Best Valid: 25.00%, Best Test: 27.54%
Epoch: 800, Loss: 0.0000, Train: 24.32%, Valid: 20.00%, Test: 23.96%, Best Valid: 25.00%, Best Test: 27.54%
Epoch: 900, Loss: 0.0000, Train: 24.38%, Valid: 20.00%, Test: 23.99%, Best Valid: 25.00%, Best Test: 27.54%
Epoch: 1000, Loss: 0.0000, Train: 24.38%, Valid: 21.00%, Test: 24.15%, Best Valid: 25.00%, Best Test: 27.54%
Epoch: 1100, Loss: 0.0000, Train: 24.43%, Valid: 22.00%, Test: 23.98%, Best Valid: 25.00%, Best Test: 27.54%
Epoch: 1200, Loss: 0.0000, Train: 24.12%, Valid: 19.00%, Test: 23.89%, Best Valid: 25.00%, Best Test: 27.54%
Epoch: 1300, Loss: 0.0000, Train: 24.03%, Valid: 19.00%, Test: 23.80%, Best Valid: 25.00%, Best Test: 27.54%
Epoch: 1400, Loss: 0.0000, Train: 24.09%, Valid: 20.00%, Test: 23.89%, Best Valid: 25.00%, Best Test: 27.54%
Epoch: 1500, Loss: 0.0000, Train: 24.12%, Valid: 20.00%, Test: 23.86%, Best Valid: 25.00%, Best Test: 27.54%
Epoch: 1600, Loss: 0.0000, Train: 24.22%, Valid: 19.00%, Test: 23.81%, Best Valid: 25.00%, Best Test: 27.54%
Epoch: 1700, Loss: 0.0000, Train: 24.09%, Valid: 20.00%, Test: 23.76%, Best Valid: 25.00%, Best Test: 27.54%
Epoch: 1800, Loss: 0.0000, Train: 24.03%, Valid: 20.00%, Test: 23.63%, Best Valid: 25.00%, Best Test: 27.54%
Epoch: 1900, Loss: 0.0000, Train: 24.18%, Valid: 20.00%, Test: 23.65%, Best Valid: 25.00%, Best Test: 27.54%
Epoch: 2000, Loss: 0.0000, Train: 24.16%, Valid: 20.00%, Test: 23.53%, Best Valid: 25.00%, Best Test: 27.54%
Epoch: 2100, Loss: 0.0000, Train: 24.07%, Valid: 20.00%, Test: 23.63%, Best Valid: 25.00%, Best Test: 27.54%
Epoch: 2200, Loss: 0.0000, Train: 24.02%, Valid: 20.00%, Test: 23.65%, Best Valid: 25.00%, Best Test: 27.54%
Epoch: 2300, Loss: 0.0000, Train: 23.98%, Valid: 20.00%, Test: 23.65%, Best Valid: 25.00%, Best Test: 27.54%
Epoch: 2400, Loss: 0.0000, Train: 24.02%, Valid: 19.00%, Test: 23.88%, Best Valid: 25.00%, Best Test: 27.54%
Run 05:
Highest Train: 27.79
Highest Valid: 25.00
Highest Test: 27.75
Chosen epoch: 56
Final Train: 27.73
Final Test: 27.54
Label budget: 20/class -> 100 train nodes
Matched-budget validation: 100 valid nodes
Pre-training MLP for 500 epochs to generate co-occurrence matrix...
MLP pre-training complete. Penalty matrix frozen.
Epoch: 00, Loss: 2.4468, Train: 8.94%, Valid: 20.00%, Test: 8.92%, Best Valid: 20.00%, Best Test: 8.92%
Epoch: 100, Loss: 0.0006, Train: 22.46%, Valid: 26.00%, Test: 22.80%, Best Valid: 27.00%, Best Test: 22.13%
Epoch: 200, Loss: 0.0004, Train: 22.38%, Valid: 26.00%, Test: 23.04%, Best Valid: 27.00%, Best Test: 22.13%
Epoch: 300, Loss: 0.0002, Train: 22.42%, Valid: 26.00%, Test: 23.16%, Best Valid: 27.00%, Best Test: 22.13%
Epoch: 400, Loss: 0.0002, Train: 22.90%, Valid: 27.00%, Test: 23.80%, Best Valid: 28.00%, Best Test: 24.19%
Epoch: 500, Loss: 0.0001, Train: 22.78%, Valid: 25.00%, Test: 23.63%, Best Valid: 28.00%, Best Test: 24.19%
Epoch: 600, Loss: 0.0001, Train: 22.71%, Valid: 25.00%, Test: 23.55%, Best Valid: 28.00%, Best Test: 24.19%
Epoch: 700, Loss: 0.0000, Train: 22.89%, Valid: 26.00%, Test: 23.66%, Best Valid: 28.00%, Best Test: 24.19%
Epoch: 800, Loss: 0.0000, Train: 22.92%, Valid: 26.00%, Test: 23.60%, Best Valid: 28.00%, Best Test: 24.19%
Epoch: 900, Loss: 0.0000, Train: 22.93%, Valid: 26.00%, Test: 23.75%, Best Valid: 28.00%, Best Test: 24.19%
Epoch: 1000, Loss: 0.0000, Train: 22.78%, Valid: 26.00%, Test: 23.96%, Best Valid: 28.00%, Best Test: 24.19%
Epoch: 1100, Loss: 0.0000, Train: 22.73%, Valid: 26.00%, Test: 23.71%, Best Valid: 28.00%, Best Test: 24.19%
Epoch: 1200, Loss: 0.0000, Train: 22.57%, Valid: 26.00%, Test: 23.47%, Best Valid: 28.00%, Best Test: 24.19%
Epoch: 1300, Loss: 0.0000, Train: 22.72%, Valid: 26.00%, Test: 23.63%, Best Valid: 28.00%, Best Test: 24.19%
Epoch: 1400, Loss: 0.0000, Train: 22.77%, Valid: 26.00%, Test: 23.65%, Best Valid: 28.00%, Best Test: 24.19%
Epoch: 1500, Loss: 0.0000, Train: 22.72%, Valid: 26.00%, Test: 23.63%, Best Valid: 28.00%, Best Test: 24.19%
Epoch: 1600, Loss: 0.0000, Train: 22.74%, Valid: 26.00%, Test: 23.66%, Best Valid: 28.00%, Best Test: 24.19%
Epoch: 1700, Loss: 0.0000, Train: 22.82%, Valid: 26.00%, Test: 23.78%, Best Valid: 28.00%, Best Test: 24.19%
Epoch: 1800, Loss: 0.0000, Train: 22.80%, Valid: 25.00%, Test: 23.62%, Best Valid: 28.00%, Best Test: 24.19%
Epoch: 1900, Loss: 0.0000, Train: 22.82%, Valid: 25.00%, Test: 23.57%, Best Valid: 28.00%, Best Test: 24.19%
Epoch: 2000, Loss: 0.0000, Train: 22.83%, Valid: 26.00%, Test: 23.45%, Best Valid: 28.00%, Best Test: 24.19%
Epoch: 2100, Loss: 0.0000, Train: 22.76%, Valid: 25.00%, Test: 23.65%, Best Valid: 28.00%, Best Test: 24.19%
Epoch: 2200, Loss: 0.0000, Train: 22.85%, Valid: 25.00%, Test: 23.63%, Best Valid: 28.00%, Best Test: 24.19%
Epoch: 2300, Loss: 0.0000, Train: 22.86%, Valid: 25.00%, Test: 23.53%, Best Valid: 28.00%, Best Test: 24.19%
Epoch: 2400, Loss: 0.0000, Train: 22.80%, Valid: 25.00%, Test: 23.50%, Best Valid: 28.00%, Best Test: 24.19%
Run 06:
Highest Train: 25.61
Highest Valid: 28.00
Highest Test: 26.03
Chosen epoch: 376
Final Train: 23.94
Final Test: 24.19
Label budget: 20/class -> 100 train nodes
Matched-budget validation: 100 valid nodes
Pre-training MLP for 500 epochs to generate co-occurrence matrix...
MLP pre-training complete. Penalty matrix frozen.
Epoch: 00, Loss: 2.3991, Train: 36.75%, Valid: 20.00%, Test: 36.78%, Best Valid: 20.00%, Best Test: 36.78%
Epoch: 100, Loss: 0.0012, Train: 27.09%, Valid: 17.00%, Test: 25.90%, Best Valid: 21.00%, Best Test: 6.61%
Epoch: 200, Loss: 0.0002, Train: 26.53%, Valid: 16.00%, Test: 25.30%, Best Valid: 21.00%, Best Test: 6.61%
Epoch: 300, Loss: 0.0001, Train: 26.74%, Valid: 14.00%, Test: 25.69%, Best Valid: 21.00%, Best Test: 6.61%
Epoch: 400, Loss: 0.0001, Train: 26.74%, Valid: 14.00%, Test: 25.45%, Best Valid: 21.00%, Best Test: 6.61%
Epoch: 500, Loss: 0.0001, Train: 26.38%, Valid: 15.00%, Test: 25.49%, Best Valid: 21.00%, Best Test: 6.61%
Epoch: 600, Loss: 0.0000, Train: 26.45%, Valid: 15.00%, Test: 25.38%, Best Valid: 21.00%, Best Test: 6.61%
Epoch: 700, Loss: 0.0000, Train: 26.52%, Valid: 14.00%, Test: 25.35%, Best Valid: 21.00%, Best Test: 6.61%
Epoch: 800, Loss: 0.0000, Train: 26.38%, Valid: 14.00%, Test: 25.23%, Best Valid: 21.00%, Best Test: 6.61%
Epoch: 900, Loss: 0.0000, Train: 26.38%, Valid: 15.00%, Test: 25.33%, Best Valid: 21.00%, Best Test: 6.61%
Epoch: 1000, Loss: 0.0000, Train: 26.38%, Valid: 14.00%, Test: 25.28%, Best Valid: 21.00%, Best Test: 6.61%
Epoch: 1100, Loss: 0.0000, Train: 26.38%, Valid: 14.00%, Test: 25.30%, Best Valid: 21.00%, Best Test: 6.61%
Epoch: 1200, Loss: 0.0000, Train: 26.40%, Valid: 13.00%, Test: 25.30%, Best Valid: 21.00%, Best Test: 6.61%
Epoch: 1300, Loss: 0.0000, Train: 26.35%, Valid: 13.00%, Test: 25.33%, Best Valid: 21.00%, Best Test: 6.61%
Epoch: 1400, Loss: 0.0000, Train: 26.45%, Valid: 14.00%, Test: 25.36%, Best Valid: 21.00%, Best Test: 6.61%
Epoch: 1500, Loss: 0.0000, Train: 26.60%, Valid: 15.00%, Test: 25.23%, Best Valid: 21.00%, Best Test: 6.61%
Epoch: 1600, Loss: 0.0000, Train: 26.46%, Valid: 14.00%, Test: 25.04%, Best Valid: 21.00%, Best Test: 6.61%
Epoch: 1700, Loss: 0.0000, Train: 26.36%, Valid: 14.00%, Test: 25.07%, Best Valid: 21.00%, Best Test: 6.61%
Epoch: 1800, Loss: 0.0000, Train: 26.41%, Valid: 15.00%, Test: 25.33%, Best Valid: 21.00%, Best Test: 6.61%
Epoch: 1900, Loss: 0.0000, Train: 26.33%, Valid: 14.00%, Test: 25.30%, Best Valid: 21.00%, Best Test: 6.61%
Epoch: 2000, Loss: 0.0000, Train: 26.37%, Valid: 14.00%, Test: 25.43%, Best Valid: 21.00%, Best Test: 6.61%
Epoch: 2100, Loss: 0.0000, Train: 26.33%, Valid: 14.00%, Test: 25.33%, Best Valid: 21.00%, Best Test: 6.61%
Epoch: 2200, Loss: 0.0000, Train: 26.32%, Valid: 13.00%, Test: 25.35%, Best Valid: 21.00%, Best Test: 6.61%
Epoch: 2300, Loss: 0.0000, Train: 26.23%, Valid: 14.00%, Test: 25.36%, Best Valid: 21.00%, Best Test: 6.61%
Epoch: 2400, Loss: 0.0000, Train: 26.23%, Valid: 13.00%, Test: 25.38%, Best Valid: 21.00%, Best Test: 6.61%
Run 07:
Highest Train: 36.75
Highest Valid: 21.00
Highest Test: 36.78
Chosen epoch: 1
Final Train: 6.65
Final Test: 6.61
Label budget: 20/class -> 100 train nodes
Matched-budget validation: 100 valid nodes
Pre-training MLP for 500 epochs to generate co-occurrence matrix...
MLP pre-training complete. Penalty matrix frozen.
Epoch: 00, Loss: 2.4638, Train: 8.58%, Valid: 21.00%, Test: 8.53%, Best Valid: 21.00%, Best Test: 8.53%
Epoch: 100, Loss: 0.0029, Train: 27.89%, Valid: 27.00%, Test: 27.16%, Best Valid: 30.00%, Best Test: 27.98%
Epoch: 200, Loss: 0.0006, Train: 27.27%, Valid: 28.00%, Test: 26.96%, Best Valid: 30.00%, Best Test: 27.98%
Epoch: 300, Loss: 0.0002, Train: 27.20%, Valid: 25.00%, Test: 26.67%, Best Valid: 30.00%, Best Test: 27.98%
Epoch: 400, Loss: 0.0002, Train: 26.67%, Valid: 22.00%, Test: 26.36%, Best Valid: 30.00%, Best Test: 27.98%
Epoch: 500, Loss: 0.0001, Train: 26.97%, Valid: 21.00%, Test: 26.98%, Best Valid: 30.00%, Best Test: 27.98%
Epoch: 600, Loss: 0.0000, Train: 26.42%, Valid: 20.00%, Test: 26.60%, Best Valid: 30.00%, Best Test: 27.98%
Epoch: 700, Loss: 0.0000, Train: 26.64%, Valid: 22.00%, Test: 26.74%, Best Valid: 30.00%, Best Test: 27.98%
Epoch: 800, Loss: 0.0000, Train: 26.49%, Valid: 22.00%, Test: 26.60%, Best Valid: 30.00%, Best Test: 27.98%
Epoch: 900, Loss: 0.0001, Train: 26.54%, Valid: 24.00%, Test: 26.90%, Best Valid: 30.00%, Best Test: 27.98%
Epoch: 1000, Loss: 0.0000, Train: 26.51%, Valid: 23.00%, Test: 26.88%, Best Valid: 30.00%, Best Test: 27.98%
Epoch: 1100, Loss: 0.0000, Train: 26.51%, Valid: 23.00%, Test: 26.62%, Best Valid: 30.00%, Best Test: 27.98%
Epoch: 1200, Loss: 0.0000, Train: 26.38%, Valid: 23.00%, Test: 26.64%, Best Valid: 30.00%, Best Test: 27.98%
Epoch: 1300, Loss: 0.0000, Train: 26.50%, Valid: 22.00%, Test: 26.52%, Best Valid: 30.00%, Best Test: 27.98%
Epoch: 1400, Loss: 0.0000, Train: 26.55%, Valid: 22.00%, Test: 26.64%, Best Valid: 30.00%, Best Test: 27.98%
Epoch: 1500, Loss: 0.0000, Train: 26.79%, Valid: 23.00%, Test: 26.82%, Best Valid: 30.00%, Best Test: 27.98%
Epoch: 1600, Loss: 0.0000, Train: 26.60%, Valid: 23.00%, Test: 26.69%, Best Valid: 30.00%, Best Test: 27.98%
Epoch: 1700, Loss: 0.0000, Train: 24.05%, Valid: 21.00%, Test: 24.61%, Best Valid: 30.00%, Best Test: 27.98%
Epoch: 1800, Loss: 0.0009, Train: 25.36%, Valid: 21.00%, Test: 26.13%, Best Valid: 30.00%, Best Test: 27.98%
Epoch: 1900, Loss: 0.0001, Train: 25.49%, Valid: 25.00%, Test: 25.97%, Best Valid: 30.00%, Best Test: 27.98%
Epoch: 2000, Loss: 0.0001, Train: 25.62%, Valid: 25.00%, Test: 26.23%, Best Valid: 30.00%, Best Test: 27.98%
Epoch: 2100, Loss: 0.0001, Train: 25.98%, Valid: 26.00%, Test: 26.90%, Best Valid: 30.00%, Best Test: 27.98%
Epoch: 2200, Loss: 0.0000, Train: 25.36%, Valid: 21.00%, Test: 26.25%, Best Valid: 30.00%, Best Test: 27.98%
Epoch: 2300, Loss: 0.0002, Train: 25.40%, Valid: 21.00%, Test: 26.41%, Best Valid: 30.00%, Best Test: 27.98%
Epoch: 2400, Loss: 0.0000, Train: 25.27%, Valid: 21.00%, Test: 26.41%, Best Valid: 30.00%, Best Test: 27.98%
Run 08:
Highest Train: 35.64
Highest Valid: 30.00
Highest Test: 35.88
Chosen epoch: 52
Final Train: 28.14
Final Test: 27.98
Label budget: 20/class -> 100 train nodes
Matched-budget validation: 100 valid nodes
Pre-training MLP for 500 epochs to generate co-occurrence matrix...
MLP pre-training complete. Penalty matrix frozen.
Epoch: 00, Loss: 2.5561, Train: 4.60%, Valid: 20.00%, Test: 4.59%, Best Valid: 20.00%, Best Test: 4.59%
Epoch: 100, Loss: 0.0004, Train: 26.47%, Valid: 21.00%, Test: 26.00%, Best Valid: 21.00%, Best Test: 31.95%
Epoch: 200, Loss: 0.0003, Train: 26.02%, Valid: 21.00%, Test: 25.27%, Best Valid: 21.00%, Best Test: 31.95%
Epoch: 300, Loss: 0.0001, Train: 25.94%, Valid: 21.00%, Test: 25.07%, Best Valid: 22.00%, Best Test: 25.38%
Epoch: 400, Loss: 0.0003, Train: 26.00%, Valid: 21.00%, Test: 25.20%, Best Valid: 22.00%, Best Test: 25.38%
Epoch: 500, Loss: 0.0001, Train: 25.91%, Valid: 21.00%, Test: 24.97%, Best Valid: 22.00%, Best Test: 25.38%
Epoch: 600, Loss: 0.0001, Train: 25.73%, Valid: 21.00%, Test: 24.91%, Best Valid: 22.00%, Best Test: 25.38%
Epoch: 700, Loss: 0.0000, Train: 25.97%, Valid: 21.00%, Test: 25.35%, Best Valid: 22.00%, Best Test: 25.38%
Epoch: 800, Loss: 0.0000, Train: 26.10%, Valid: 21.00%, Test: 25.49%, Best Valid: 22.00%, Best Test: 25.38%
Epoch: 900, Loss: 0.0000, Train: 26.11%, Valid: 20.00%, Test: 25.20%, Best Valid: 22.00%, Best Test: 25.38%
Epoch: 1000, Loss: 0.0000, Train: 25.80%, Valid: 20.00%, Test: 25.27%, Best Valid: 22.00%, Best Test: 25.38%
Epoch: 1100, Loss: 0.0009, Train: 25.80%, Valid: 20.00%, Test: 24.96%, Best Valid: 22.00%, Best Test: 25.38%
Epoch: 1200, Loss: 0.0000, Train: 25.82%, Valid: 19.00%, Test: 24.76%, Best Valid: 22.00%, Best Test: 25.38%
Epoch: 1300, Loss: 0.0000, Train: 25.64%, Valid: 19.00%, Test: 24.63%, Best Valid: 22.00%, Best Test: 25.38%
Epoch: 1400, Loss: 0.0000, Train: 26.08%, Valid: 20.00%, Test: 24.84%, Best Valid: 22.00%, Best Test: 25.38%
Epoch: 1500, Loss: 0.0000, Train: 25.48%, Valid: 19.00%, Test: 24.81%, Best Valid: 22.00%, Best Test: 25.38%
Epoch: 1600, Loss: 0.0000, Train: 25.49%, Valid: 19.00%, Test: 24.79%, Best Valid: 22.00%, Best Test: 25.38%
Epoch: 1700, Loss: 0.0000, Train: 25.49%, Valid: 19.00%, Test: 24.84%, Best Valid: 22.00%, Best Test: 25.38%
Epoch: 1800, Loss: 0.0000, Train: 25.58%, Valid: 19.00%, Test: 24.92%, Best Valid: 22.00%, Best Test: 25.38%
Epoch: 1900, Loss: 0.0000, Train: 25.43%, Valid: 19.00%, Test: 24.79%, Best Valid: 22.00%, Best Test: 25.38%
Epoch: 2000, Loss: 0.0000, Train: 25.28%, Valid: 19.00%, Test: 24.68%, Best Valid: 22.00%, Best Test: 25.38%
Epoch: 2100, Loss: 0.0002, Train: 25.71%, Valid: 20.00%, Test: 24.82%, Best Valid: 22.00%, Best Test: 25.38%
Epoch: 2200, Loss: 0.0000, Train: 25.69%, Valid: 19.00%, Test: 24.97%, Best Valid: 22.00%, Best Test: 25.38%
Epoch: 2300, Loss: 0.0000, Train: 25.41%, Valid: 19.00%, Test: 24.92%, Best Valid: 22.00%, Best Test: 25.38%
Epoch: 2400, Loss: 0.0000, Train: 25.30%, Valid: 19.00%, Test: 24.87%, Best Valid: 22.00%, Best Test: 25.38%
Run 09:
Highest Train: 34.48
Highest Valid: 22.00
Highest Test: 34.88
Chosen epoch: 206
Final Train: 26.13
Final Test: 25.38
Label budget: 20/class -> 100 train nodes
Matched-budget validation: 100 valid nodes
Pre-training MLP for 500 epochs to generate co-occurrence matrix...
MLP pre-training complete. Penalty matrix frozen.
Epoch: 00, Loss: 2.5560, Train: 26.88%, Valid: 21.00%, Test: 27.03%, Best Valid: 21.00%, Best Test: 27.03%
Epoch: 100, Loss: 0.0037, Train: 26.72%, Valid: 23.00%, Test: 25.95%, Best Valid: 27.00%, Best Test: 28.30%
Epoch: 200, Loss: 0.0003, Train: 26.67%, Valid: 23.00%, Test: 26.60%, Best Valid: 27.00%, Best Test: 28.30%
Epoch: 300, Loss: 0.0001, Train: 26.42%, Valid: 24.00%, Test: 25.93%, Best Valid: 27.00%, Best Test: 28.30%
Epoch: 400, Loss: 0.0001, Train: 26.45%, Valid: 24.00%, Test: 26.00%, Best Valid: 27.00%, Best Test: 28.30%
Epoch: 500, Loss: 0.0001, Train: 26.48%, Valid: 24.00%, Test: 26.23%, Best Valid: 27.00%, Best Test: 28.30%
Epoch: 600, Loss: 0.0001, Train: 26.58%, Valid: 25.00%, Test: 26.33%, Best Valid: 27.00%, Best Test: 28.30%
Epoch: 700, Loss: 0.0000, Train: 26.45%, Valid: 24.00%, Test: 26.28%, Best Valid: 27.00%, Best Test: 28.30%
Epoch: 800, Loss: 0.0000, Train: 26.33%, Valid: 27.00%, Test: 26.33%, Best Valid: 27.00%, Best Test: 28.30%
Epoch: 900, Loss: 0.0000, Train: 26.44%, Valid: 24.00%, Test: 26.26%, Best Valid: 27.00%, Best Test: 28.30%
Epoch: 1000, Loss: 0.0000, Train: 26.35%, Valid: 23.00%, Test: 26.08%, Best Valid: 27.00%, Best Test: 28.30%
Epoch: 1100, Loss: 0.0000, Train: 26.28%, Valid: 23.00%, Test: 26.07%, Best Valid: 27.00%, Best Test: 28.30%
Epoch: 1200, Loss: 0.0000, Train: 26.26%, Valid: 23.00%, Test: 26.25%, Best Valid: 27.00%, Best Test: 28.30%
Epoch: 1300, Loss: 0.0000, Train: 26.23%, Valid: 24.00%, Test: 26.21%, Best Valid: 27.00%, Best Test: 28.30%
Epoch: 1400, Loss: 0.0000, Train: 26.18%, Valid: 23.00%, Test: 26.11%, Best Valid: 27.00%, Best Test: 28.30%
Epoch: 1500, Loss: 0.0000, Train: 26.08%, Valid: 23.00%, Test: 26.16%, Best Valid: 27.00%, Best Test: 28.30%
Epoch: 1600, Loss: 0.0000, Train: 26.56%, Valid: 25.00%, Test: 26.54%, Best Valid: 27.00%, Best Test: 28.30%
Epoch: 1700, Loss: 0.0000, Train: 26.35%, Valid: 23.00%, Test: 26.64%, Best Valid: 27.00%, Best Test: 28.30%
Epoch: 1800, Loss: 0.0000, Train: 26.31%, Valid: 24.00%, Test: 26.52%, Best Valid: 27.00%, Best Test: 28.30%
Epoch: 1900, Loss: 0.0000, Train: 26.11%, Valid: 24.00%, Test: 26.38%, Best Valid: 27.00%, Best Test: 28.30%
Epoch: 2000, Loss: 0.0000, Train: 26.28%, Valid: 24.00%, Test: 26.36%, Best Valid: 27.00%, Best Test: 28.30%
Epoch: 2100, Loss: 0.0000, Train: 26.34%, Valid: 24.00%, Test: 26.39%, Best Valid: 27.00%, Best Test: 28.30%
Epoch: 2200, Loss: 0.0000, Train: 26.29%, Valid: 24.00%, Test: 26.28%, Best Valid: 27.00%, Best Test: 28.30%
Epoch: 2300, Loss: 0.0000, Train: 26.34%, Valid: 24.00%, Test: 26.23%, Best Valid: 27.00%, Best Test: 28.30%
Epoch: 2400, Loss: 0.0000, Train: 26.18%, Valid: 25.00%, Test: 26.33%, Best Valid: 27.00%, Best Test: 28.30%
Run 10:
Highest Train: 34.90
Highest Valid: 27.00
Highest Test: 34.31
Chosen epoch: 66
Final Train: 28.92
Final Test: 28.30
All runs:
Highest Train: 33.17 ± 4.49
Highest Test: 33.02 ± 4.74
Highest Valid: 27.00 ± 3.92
  Final Train: 23.56 ± 6.46
   Final Test: 23.02 ± 6.36
Saving results to results/lowlabel_mv/amazon-ratings/MPNN_gcn.csv
--- mlp_reg | lambda=0.8 ---
