==========================================================
Placebo sweep | Task 27
Job: 1108495 | Date: Thu Jul 16 05:00:14 PM EDT 2026 | Host: n0002
==========================================================
Thu Jul 16 17:00:16 2026       
+-----------------------------------------------------------------------------------------+
| NVIDIA-SMI 580.159.04             Driver Version: 580.159.04     CUDA Version: 13.0     |
+-----------------------------------------+------------------------+----------------------+
| GPU  Name                 Persistence-M | Bus-Id          Disp.A | Volatile Uncorr. ECC |
| Fan  Temp   Perf          Pwr:Usage/Cap |           Memory-Usage | GPU-Util  Compute M. |
|                                         |                        |               MIG M. |
|=========================================+========================+======================|
|   0  NVIDIA A100-SXM4-80GB          On  |   00000000:01:00.0 Off |                   On |
| N/A   41C    P0            138W /  500W |    2822MiB /  81920MiB |     N/A      Default |
|                                         |                        |              Enabled |
+-----------------------------------------+------------------------+----------------------+
|   1  NVIDIA A100-SXM4-80GB          On  |   00000000:41:00.0 Off |                   On |
| N/A   36C    P0            129W /  500W |    5410MiB /  81920MiB |     N/A      Default |
|                                         |                        |              Enabled |
+-----------------------------------------+------------------------+----------------------+
|   2  NVIDIA A100-SXM4-80GB          On  |   00000000:81:00.0 Off |                   On |
| N/A   40C    P0            137W /  500W |    5328MiB /  81920MiB |     N/A      Default |
|                                         |                        |              Enabled |
+-----------------------------------------+------------------------+----------------------+
|   3  NVIDIA A100-SXM4-80GB          On  |   00000000:C1:00.0 Off |                   On |
| N/A   33C    P0            106W /  500W |    2574MiB /  81920MiB |     N/A      Default |
|                                         |                        |              Enabled |
+-----------------------------------------+------------------------+----------------------+

+-----------------------------------------------------------------------------------------+
| MIG devices:                                                                            |
+------------------+----------------------------------+-----------+-----------------------+
| GPU  GI  CI  MIG |              Shared Memory-Usage |        Vol|        Shared         |
|      ID  ID  Dev |                Shared BAR1-Usage | SM     Unc| CE ENC  DEC  OFA  JPG |
|                  |                                  |        ECC|                       |
|==================+==================================+===========+=======================|
|  3    5   0   0  |              71MiB / 19968MiB    | 28      0 |  2   0    1    0    0 |
|                  |               0MiB / 12271MiB    |           |                       |
+------------------+----------------------------------+-----------+-----------------------+

+-----------------------------------------------------------------------------------------+
| Processes:                                                                              |
|  GPU   GI   CI              PID   Type   Process name                        GPU Memory |
|        ID   ID                                                               Usage      |
|=========================================================================================|
|    0   13    0           242737      C   ...ftware/ase-new-env/bin/python        694MiB |
|    0   14    0           242738      C   ...ftware/ase-new-env/bin/python        634MiB |
|    0    5    0           742461      C   python                                 1222MiB |
|    1   10    0           244604      C   ...ftware/ase-new-env/bin/python       2800MiB |
|    1    9    0           244605      C   ...ftware/ase-new-env/bin/python       1116MiB |
|    1    3    0           742439      C   python                                 1222MiB |
|    2    9    0           246565      C   ...ftware/ase-new-env/bin/python       1906MiB |
|    2   10    0           246566      C   ...ftware/ase-new-env/bin/python       1926MiB |
|    2    3    0           742446      C   python                                 1224MiB |
+-----------------------------------------------------------------------------------------+
1.12.1
True
==========================================================
Condition sweep: python main.py --gnn gcn --dataset squirrel --lr 0.01 --local_layers 4 --hidden_channels 256 --weight_decay 5e-4 --dropout 0.7 --device 0 --runs 10 --bn --res
result_dir=results/placebo transforms=[] oracle=1 baseline=0
==========================================================
--- oracle_reg | lambda=0.01 ---
Namespace(bn=True, cpu=False, data_dir='./data/', dataset='squirrel', device=0, display_step=100, dropout=0.7, epochs=500, gnn='gcn', hidden_channels=256, jk=False, label_num_per_class=20, lambda_val=0.01, ln=False, local_layers=4, lr=0.01, metric='acc', mlp_epochs=500, mlp_reg=False, model='MPNN', model_dir='models', num_heads=1, oracle_reg=True, paired_seeds=True, penalty_transform='none', pre_linear=False, pre_ln=False, rand_split=False, rand_split_class=False, reg_start_epoch=10, reg_update_freq=5, res=True, result_dir='results/placebo', runs=10, save_model=False, seed=42, test_num=1000, train_prop=0.5, use_reg=True, valid_num=500, valid_prop=0.25, weight_decay=0.0005)
squirrel
dataset squirrel | num nodes 2223 | num edge 46998 | num node feats 2089 | num classes 5
MODEL: MPNNs(
  (h_lins): ModuleList()
  (local_convs): ModuleList(
    (0): GCNConv(2089, 256)
    (1): GCNConv(256, 256)
    (2): GCNConv(256, 256)
    (3): GCNConv(256, 256)
  )
  (lins): ModuleList(
    (0): Linear(in_features=2089, out_features=256, bias=True)
    (1): Linear(in_features=256, out_features=256, bias=True)
    (2): Linear(in_features=256, out_features=256, bias=True)
    (3): Linear(in_features=256, out_features=256, bias=True)
  )
  (lns): ModuleList(
    (0): LayerNorm((256,), eps=1e-05, elementwise_affine=True)
    (1): LayerNorm((256,), eps=1e-05, elementwise_affine=True)
    (2): LayerNorm((256,), eps=1e-05, elementwise_affine=True)
    (3): LayerNorm((256,), eps=1e-05, elementwise_affine=True)
  )
  (bns): ModuleList(
    (0): BatchNorm1d(256, eps=1e-05, momentum=0.1, affine=True, track_running_stats=True)
    (1): BatchNorm1d(256, eps=1e-05, momentum=0.1, affine=True, track_running_stats=True)
    (2): BatchNorm1d(256, eps=1e-05, momentum=0.1, affine=True, track_running_stats=True)
    (3): BatchNorm1d(256, eps=1e-05, momentum=0.1, affine=True, track_running_stats=True)
  )
  (lin_in): Linear(in_features=2089, out_features=256, bias=True)
  (pred_local): Linear(in_features=256, out_features=5, bias=True)
)
Computing oracle penalty matrix from true labels...
Oracle penalty matrix frozen.
Epoch: 00, Loss: 1.8057, Train: 15.57%, Valid: 15.32%, Test: 15.49%, Best Valid: 15.32%, Best Test: 15.49%
Epoch: 100, Loss: 0.1950, Train: 99.15%, Valid: 33.84%, Test: 39.38%, Best Valid: 43.87%, Best Test: 44.47%
Epoch: 200, Loss: 0.1577, Train: 99.34%, Valid: 37.88%, Test: 39.60%, Best Valid: 43.87%, Best Test: 44.47%
Epoch: 300, Loss: 0.1553, Train: 99.72%, Valid: 35.52%, Test: 38.50%, Best Valid: 43.87%, Best Test: 44.47%
Epoch: 400, Loss: 0.1356, Train: 99.53%, Valid: 37.47%, Test: 40.04%, Best Valid: 43.87%, Best Test: 44.47%
Run 01:
Highest Train: 99.81
Highest Valid: 43.87
Highest Test: 46.68
Chosen epoch: 28
Final Train: 51.19
Final Test: 44.47
Computing oracle penalty matrix from true labels...
Oracle penalty matrix frozen.
Epoch: 00, Loss: 1.8028, Train: 16.30%, Valid: 13.14%, Test: 11.96%, Best Valid: 13.14%, Best Test: 11.96%
Epoch: 100, Loss: 0.1811, Train: 98.89%, Valid: 33.71%, Test: 36.79%, Best Valid: 46.86%, Best Test: 44.70%
Epoch: 200, Loss: 0.1566, Train: 99.44%, Valid: 37.43%, Test: 37.92%, Best Valid: 46.86%, Best Test: 44.70%
Epoch: 300, Loss: 0.1237, Train: 99.72%, Valid: 35.43%, Test: 35.44%, Best Valid: 46.86%, Best Test: 44.70%
Epoch: 400, Loss: 0.1397, Train: 99.72%, Valid: 35.43%, Test: 35.21%, Best Valid: 46.86%, Best Test: 44.70%
Run 02:
Highest Train: 99.81
Highest Valid: 46.86
Highest Test: 46.95
Chosen epoch: 22
Final Train: 51.11
Final Test: 44.70
Computing oracle penalty matrix from true labels...
Oracle penalty matrix frozen.
Epoch: 00, Loss: 1.8527, Train: 17.86%, Valid: 18.18%, Test: 18.22%, Best Valid: 18.18%, Best Test: 18.22%
Epoch: 100, Loss: 0.2025, Train: 99.04%, Valid: 34.16%, Test: 38.67%, Best Valid: 43.80%, Best Test: 46.44%
Epoch: 200, Loss: 0.1337, Train: 99.52%, Valid: 36.64%, Test: 35.56%, Best Valid: 43.80%, Best Test: 46.44%
Epoch: 300, Loss: 0.1392, Train: 99.71%, Valid: 36.91%, Test: 37.78%, Best Valid: 43.80%, Best Test: 46.44%
Epoch: 400, Loss: 0.1305, Train: 99.62%, Valid: 37.19%, Test: 36.44%, Best Valid: 43.80%, Best Test: 46.44%
Run 03:
Highest Train: 99.90
Highest Valid: 43.80
Highest Test: 47.78
Chosen epoch: 24
Final Train: 51.86
Final Test: 46.44
Computing oracle penalty matrix from true labels...
Oracle penalty matrix frozen.
Epoch: 00, Loss: 1.8385, Train: 21.60%, Valid: 23.56%, Test: 22.00%, Best Valid: 23.56%, Best Test: 22.00%
Epoch: 100, Loss: 0.1755, Train: 97.45%, Valid: 34.22%, Test: 34.22%, Best Valid: 46.84%, Best Test: 47.11%
Epoch: 200, Loss: 0.0938, Train: 99.62%, Valid: 36.19%, Test: 36.44%, Best Valid: 46.84%, Best Test: 47.11%
Epoch: 300, Loss: 0.1050, Train: 99.81%, Valid: 36.19%, Test: 36.00%, Best Valid: 46.84%, Best Test: 47.11%
Epoch: 400, Loss: 0.1024, Train: 99.62%, Valid: 36.04%, Test: 37.11%, Best Valid: 46.84%, Best Test: 47.11%
Run 04:
Highest Train: 100.00
Highest Valid: 46.84
Highest Test: 47.78
Chosen epoch: 23
Final Train: 54.72
Final Test: 47.11
Computing oracle penalty matrix from true labels...
Oracle penalty matrix frozen.
Epoch: 00, Loss: 1.7741, Train: 11.56%, Valid: 9.74%, Test: 9.13%, Best Valid: 9.74%, Best Test: 9.13%
Epoch: 100, Loss: 0.1538, Train: 99.05%, Valid: 35.33%, Test: 36.30%, Best Valid: 41.17%, Best Test: 43.21%
Epoch: 200, Loss: 0.1214, Train: 99.34%, Valid: 33.80%, Test: 36.30%, Best Valid: 41.17%, Best Test: 43.21%
Epoch: 300, Loss: 0.1403, Train: 99.81%, Valid: 33.80%, Test: 37.19%, Best Valid: 41.17%, Best Test: 43.21%
Epoch: 400, Loss: 0.1336, Train: 99.43%, Valid: 31.57%, Test: 36.30%, Best Valid: 41.17%, Best Test: 43.21%
Run 05:
Highest Train: 99.81
Highest Valid: 41.17
Highest Test: 44.32
Chosen epoch: 20
Final Train: 52.13
Final Test: 43.21
Computing oracle penalty matrix from true labels...
Oracle penalty matrix frozen.
Epoch: 00, Loss: 1.8530, Train: 11.51%, Valid: 12.16%, Test: 11.21%, Best Valid: 12.16%, Best Test: 11.21%
Epoch: 100, Loss: 0.1754, Train: 99.16%, Valid: 33.43%, Test: 35.82%, Best Valid: 42.55%, Best Test: 43.08%
Epoch: 200, Loss: 0.1303, Train: 99.63%, Valid: 38.06%, Test: 37.80%, Best Valid: 42.55%, Best Test: 43.08%
Epoch: 300, Loss: 0.1269, Train: 99.63%, Valid: 36.32%, Test: 36.70%, Best Valid: 42.55%, Best Test: 43.08%
Epoch: 400, Loss: 0.1222, Train: 99.63%, Valid: 36.32%, Test: 38.68%, Best Valid: 42.55%, Best Test: 43.08%
Run 06:
Highest Train: 99.72
Highest Valid: 42.55
Highest Test: 44.18
Chosen epoch: 22
Final Train: 55.90
Final Test: 43.08
Computing oracle penalty matrix from true labels...
Oracle penalty matrix frozen.
Epoch: 00, Loss: 1.7703, Train: 24.24%, Valid: 22.69%, Test: 21.75%, Best Valid: 22.69%, Best Test: 21.75%
Epoch: 100, Loss: 0.2374, Train: 98.25%, Valid: 35.55%, Test: 33.41%, Best Valid: 45.38%, Best Test: 45.07%
Epoch: 200, Loss: 0.1269, Train: 99.91%, Valid: 37.14%, Test: 34.30%, Best Valid: 45.38%, Best Test: 45.07%
Epoch: 300, Loss: 0.1373, Train: 99.91%, Valid: 37.14%, Test: 34.75%, Best Valid: 45.38%, Best Test: 45.07%
Epoch: 400, Loss: 0.1200, Train: 100.00%, Valid: 35.98%, Test: 32.29%, Best Valid: 45.38%, Best Test: 45.07%
Run 07:
Highest Train: 100.00
Highest Valid: 45.38
Highest Test: 45.07
Chosen epoch: 26
Final Train: 52.26
Final Test: 45.07
Computing oracle penalty matrix from true labels...
Oracle penalty matrix frozen.
Epoch: 00, Loss: 1.8692, Train: 13.61%, Valid: 13.26%, Test: 12.24%, Best Valid: 13.26%, Best Test: 12.24%
Epoch: 100, Loss: 0.2483, Train: 99.05%, Valid: 37.62%, Test: 35.80%, Best Valid: 44.93%, Best Test: 38.80%
Epoch: 200, Loss: 0.1633, Train: 99.33%, Valid: 34.51%, Test: 36.49%, Best Valid: 44.93%, Best Test: 38.80%
Epoch: 300, Loss: 0.1927, Train: 99.43%, Valid: 35.45%, Test: 34.41%, Best Valid: 44.93%, Best Test: 38.80%
Epoch: 400, Loss: 0.1309, Train: 99.43%, Valid: 35.99%, Test: 37.64%, Best Valid: 44.93%, Best Test: 38.80%
Run 08:
Highest Train: 99.81
Highest Valid: 44.93
Highest Test: 43.88
Chosen epoch: 25
Final Train: 54.61
Final Test: 38.80
Computing oracle penalty matrix from true labels...
Oracle penalty matrix frozen.
Epoch: 00, Loss: 1.8062, Train: 10.01%, Valid: 10.42%, Test: 11.59%, Best Valid: 10.42%, Best Test: 11.59%
Epoch: 100, Loss: 0.2232, Train: 99.81%, Valid: 36.18%, Test: 36.85%, Best Valid: 46.31%, Best Test: 45.96%
Epoch: 200, Loss: 0.0989, Train: 99.90%, Valid: 36.61%, Test: 34.58%, Best Valid: 46.31%, Best Test: 45.96%
Epoch: 300, Loss: 0.1224, Train: 99.90%, Valid: 37.77%, Test: 38.92%, Best Valid: 46.31%, Best Test: 45.96%
Epoch: 400, Loss: 0.1025, Train: 99.90%, Valid: 36.32%, Test: 33.75%, Best Valid: 46.31%, Best Test: 45.96%
Run 09:
Highest Train: 100.00
Highest Valid: 46.31
Highest Test: 48.03
Chosen epoch: 17
Final Train: 49.86
Final Test: 45.96
Computing oracle penalty matrix from true labels...
Oracle penalty matrix frozen.
Epoch: 00, Loss: 1.8213, Train: 14.53%, Valid: 13.64%, Test: 15.62%, Best Valid: 13.64%, Best Test: 15.62%
Epoch: 100, Loss: 0.1742, Train: 99.44%, Valid: 37.38%, Test: 36.06%, Best Valid: 44.07%, Best Test: 42.07%
Epoch: 200, Loss: 0.1101, Train: 99.44%, Valid: 34.52%, Test: 32.69%, Best Valid: 44.07%, Best Test: 42.07%
Epoch: 300, Loss: 0.1039, Train: 99.53%, Valid: 35.61%, Test: 36.78%, Best Valid: 44.07%, Best Test: 42.07%
Epoch: 400, Loss: 0.1591, Train: 99.72%, Valid: 35.74%, Test: 34.86%, Best Valid: 44.07%, Best Test: 42.07%
Run 10:
Highest Train: 99.81
Highest Valid: 44.07
Highest Test: 44.95
Chosen epoch: 22
Final Train: 49.63
Final Test: 42.07
All runs:
Highest Train: 99.87 ± 0.10
Highest Test: 45.96 ± 1.65
Highest Valid: 44.58 ± 1.86
  Final Train: 52.33 ± 2.11
   Final Test: 44.09 ± 2.44
Saving results to results/placebo/squirrel/MPNN_gcn.csv
--- oracle_reg | lambda=0.05 ---
Namespace(bn=True, cpu=False, data_dir='./data/', dataset='squirrel', device=0, display_step=100, dropout=0.7, epochs=500, gnn='gcn', hidden_channels=256, jk=False, label_num_per_class=20, lambda_val=0.05, ln=False, local_layers=4, lr=0.01, metric='acc', mlp_epochs=500, mlp_reg=False, model='MPNN', model_dir='models', num_heads=1, oracle_reg=True, paired_seeds=True, penalty_transform='none', pre_linear=False, pre_ln=False, rand_split=False, rand_split_class=False, reg_start_epoch=10, reg_update_freq=5, res=True, result_dir='results/placebo', runs=10, save_model=False, seed=42, test_num=1000, train_prop=0.5, use_reg=True, valid_num=500, valid_prop=0.25, weight_decay=0.0005)
squirrel
dataset squirrel | num nodes 2223 | num edge 46998 | num node feats 2089 | num classes 5
MODEL: MPNNs(
  (h_lins): ModuleList()
  (local_convs): ModuleList(
    (0): GCNConv(2089, 256)
    (1): GCNConv(256, 256)
    (2): GCNConv(256, 256)
    (3): GCNConv(256, 256)
  )
  (lins): ModuleList(
    (0): Linear(in_features=2089, out_features=256, bias=True)
    (1): Linear(in_features=256, out_features=256, bias=True)
    (2): Linear(in_features=256, out_features=256, bias=True)
    (3): Linear(in_features=256, out_features=256, bias=True)
  )
  (lns): ModuleList(
    (0): LayerNorm((256,), eps=1e-05, elementwise_affine=True)
    (1): LayerNorm((256,), eps=1e-05, elementwise_affine=True)
    (2): LayerNorm((256,), eps=1e-05, elementwise_affine=True)
    (3): LayerNorm((256,), eps=1e-05, elementwise_affine=True)
  )
  (bns): ModuleList(
    (0): BatchNorm1d(256, eps=1e-05, momentum=0.1, affine=True, track_running_stats=True)
    (1): BatchNorm1d(256, eps=1e-05, momentum=0.1, affine=True, track_running_stats=True)
    (2): BatchNorm1d(256, eps=1e-05, momentum=0.1, affine=True, track_running_stats=True)
    (3): BatchNorm1d(256, eps=1e-05, momentum=0.1, affine=True, track_running_stats=True)
  )
  (lin_in): Linear(in_features=2089, out_features=256, bias=True)
  (pred_local): Linear(in_features=256, out_features=5, bias=True)
)
Computing oracle penalty matrix from true labels...
Oracle penalty matrix frozen.
Epoch: 00, Loss: 1.8772, Train: 15.48%, Valid: 15.32%, Test: 15.27%, Best Valid: 15.32%, Best Test: 15.27%
Epoch: 100, Loss: 0.2297, Train: 99.05%, Valid: 36.35%, Test: 39.82%, Best Valid: 43.73%, Best Test: 43.81%
Epoch: 200, Loss: 0.1292, Train: 99.62%, Valid: 36.07%, Test: 36.28%, Best Valid: 43.73%, Best Test: 43.81%
Epoch: 300, Loss: 0.1161, Train: 99.72%, Valid: 36.63%, Test: 35.84%, Best Valid: 43.73%, Best Test: 43.81%
Epoch: 400, Loss: 0.1121, Train: 99.62%, Valid: 34.12%, Test: 38.50%, Best Valid: 43.73%, Best Test: 43.81%
Run 01:
Highest Train: 99.81
Highest Valid: 43.73
Highest Test: 46.46
Chosen epoch: 27
Final Train: 52.04
Final Test: 43.81
Computing oracle penalty matrix from true labels...
Oracle penalty matrix frozen.
Epoch: 00, Loss: 1.8742, Train: 16.30%, Valid: 13.14%, Test: 11.96%, Best Valid: 13.14%, Best Test: 11.96%
Epoch: 100, Loss: 0.1781, Train: 98.70%, Valid: 35.14%, Test: 37.25%, Best Valid: 47.29%, Best Test: 43.79%
Epoch: 200, Loss: 0.1369, Train: 99.54%, Valid: 35.00%, Test: 35.44%, Best Valid: 47.29%, Best Test: 43.79%
Epoch: 300, Loss: 0.1440, Train: 99.63%, Valid: 36.57%, Test: 38.15%, Best Valid: 47.29%, Best Test: 43.79%
Epoch: 400, Loss: 0.1149, Train: 99.72%, Valid: 35.86%, Test: 36.57%, Best Valid: 47.29%, Best Test: 43.79%
Run 02:
Highest Train: 99.81
Highest Valid: 47.29
Highest Test: 45.60
Chosen epoch: 22
Final Train: 50.37
Final Test: 43.79
Computing oracle penalty matrix from true labels...
Oracle penalty matrix frozen.
Epoch: 00, Loss: 1.9261, Train: 17.67%, Valid: 18.18%, Test: 18.22%, Best Valid: 18.18%, Best Test: 18.22%
Epoch: 100, Loss: 0.2006, Train: 98.66%, Valid: 35.81%, Test: 36.00%, Best Valid: 42.84%, Best Test: 46.22%
Epoch: 200, Loss: 0.1544, Train: 99.52%, Valid: 38.15%, Test: 37.33%, Best Valid: 42.84%, Best Test: 46.22%
Epoch: 300, Loss: 0.1611, Train: 99.52%, Valid: 36.91%, Test: 38.00%, Best Valid: 42.84%, Best Test: 46.22%
Epoch: 400, Loss: 0.1376, Train: 99.71%, Valid: 38.15%, Test: 39.56%, Best Valid: 42.84%, Best Test: 46.22%
Run 03:
Highest Train: 99.90
Highest Valid: 42.84
Highest Test: 47.56
Chosen epoch: 25
Final Train: 52.44
Final Test: 46.22
Computing oracle penalty matrix from true labels...
Oracle penalty matrix frozen.
Epoch: 00, Loss: 1.9113, Train: 21.23%, Valid: 23.28%, Test: 22.44%, Best Valid: 23.28%, Best Test: 22.44%
Epoch: 100, Loss: 0.1925, Train: 98.96%, Valid: 38.57%, Test: 36.67%, Best Valid: 46.28%, Best Test: 45.78%
Epoch: 200, Loss: 0.1299, Train: 99.62%, Valid: 35.48%, Test: 36.67%, Best Valid: 46.28%, Best Test: 45.78%
Epoch: 300, Loss: 0.1601, Train: 99.81%, Valid: 37.31%, Test: 37.78%, Best Valid: 46.28%, Best Test: 45.78%
Epoch: 400, Loss: 0.1230, Train: 99.72%, Valid: 36.47%, Test: 34.89%, Best Valid: 46.28%, Best Test: 45.78%
Run 04:
Highest Train: 100.00
Highest Valid: 46.28
Highest Test: 47.78
Chosen epoch: 19
Final Train: 51.32
Final Test: 45.78
Computing oracle penalty matrix from true labels...
Oracle penalty matrix frozen.
Epoch: 00, Loss: 1.8444, Train: 11.56%, Valid: 9.74%, Test: 9.13%, Best Valid: 9.74%, Best Test: 9.13%
Epoch: 100, Loss: 0.2159, Train: 99.24%, Valid: 33.24%, Test: 38.31%, Best Valid: 41.17%, Best Test: 42.54%
Epoch: 200, Loss: 0.1737, Train: 99.72%, Valid: 34.35%, Test: 38.08%, Best Valid: 41.17%, Best Test: 42.54%
Epoch: 300, Loss: 0.1173, Train: 99.81%, Valid: 31.29%, Test: 38.98%, Best Valid: 41.17%, Best Test: 42.54%
Epoch: 400, Loss: 0.1030, Train: 99.43%, Valid: 34.63%, Test: 39.20%, Best Valid: 41.17%, Best Test: 42.54%
Run 05:
Highest Train: 99.81
Highest Valid: 41.17
Highest Test: 42.98
Chosen epoch: 28
Final Train: 55.45
Final Test: 42.54
Computing oracle penalty matrix from true labels...
Oracle penalty matrix frozen.
Epoch: 00, Loss: 1.9264, Train: 11.51%, Valid: 12.16%, Test: 11.21%, Best Valid: 12.16%, Best Test: 11.21%
Epoch: 100, Loss: 0.1659, Train: 98.42%, Valid: 34.01%, Test: 35.82%, Best Valid: 42.98%, Best Test: 42.20%
Epoch: 200, Loss: 0.1399, Train: 99.44%, Valid: 35.60%, Test: 37.80%, Best Valid: 42.98%, Best Test: 42.20%
Epoch: 300, Loss: 0.1264, Train: 99.54%, Valid: 38.21%, Test: 38.02%, Best Valid: 42.98%, Best Test: 42.20%
Epoch: 400, Loss: 0.1439, Train: 99.63%, Valid: 37.19%, Test: 36.04%, Best Valid: 42.98%, Best Test: 42.20%
Run 06:
Highest Train: 99.63
Highest Valid: 42.98
Highest Test: 45.05
Chosen epoch: 23
Final Train: 55.90
Final Test: 42.20
Computing oracle penalty matrix from true labels...
Oracle penalty matrix frozen.
Epoch: 00, Loss: 1.8404, Train: 24.06%, Valid: 22.69%, Test: 21.75%, Best Valid: 22.69%, Best Test: 21.75%
Epoch: 100, Loss: 0.2747, Train: 98.80%, Valid: 34.97%, Test: 32.96%, Best Valid: 45.38%, Best Test: 44.39%
Epoch: 200, Loss: 0.1119, Train: 99.91%, Valid: 35.69%, Test: 32.51%, Best Valid: 45.38%, Best Test: 44.39%
Epoch: 300, Loss: 0.1440, Train: 100.00%, Valid: 35.98%, Test: 31.61%, Best Valid: 45.38%, Best Test: 44.39%
Epoch: 400, Loss: 0.1193, Train: 99.91%, Valid: 36.42%, Test: 34.30%, Best Valid: 45.38%, Best Test: 44.39%
Run 07:
Highest Train: 100.00
Highest Valid: 45.38
Highest Test: 45.07
Chosen epoch: 25
Final Train: 51.89
Final Test: 44.39
Computing oracle penalty matrix from true labels...
Oracle penalty matrix frozen.
Epoch: 00, Loss: 1.9432, Train: 13.61%, Valid: 13.26%, Test: 12.24%, Best Valid: 13.26%, Best Test: 12.24%
Epoch: 100, Loss: 0.2334, Train: 97.62%, Valid: 38.57%, Test: 38.80%, Best Valid: 43.98%, Best Test: 41.57%
Epoch: 200, Loss: 0.1971, Train: 99.24%, Valid: 36.27%, Test: 37.64%, Best Valid: 43.98%, Best Test: 41.57%
Epoch: 300, Loss: 0.1357, Train: 99.62%, Valid: 35.32%, Test: 33.03%, Best Valid: 43.98%, Best Test: 41.57%
Epoch: 400, Loss: 0.1303, Train: 99.43%, Valid: 36.13%, Test: 36.26%, Best Valid: 43.98%, Best Test: 41.57%
Run 08:
Highest Train: 99.81
Highest Valid: 43.98
Highest Test: 43.42
Chosen epoch: 19
Final Train: 51.38
Final Test: 41.57
Computing oracle penalty matrix from true labels...
Oracle penalty matrix frozen.
Epoch: 00, Loss: 1.8778, Train: 10.01%, Valid: 10.42%, Test: 11.59%, Best Valid: 10.42%, Best Test: 11.59%
Epoch: 100, Loss: 0.1883, Train: 99.14%, Valid: 36.61%, Test: 36.65%, Best Valid: 45.30%, Best Test: 46.58%
Epoch: 200, Loss: 0.1413, Train: 99.90%, Valid: 35.31%, Test: 36.85%, Best Valid: 45.30%, Best Test: 46.58%
Epoch: 300, Loss: 0.0928, Train: 99.90%, Valid: 37.77%, Test: 36.44%, Best Valid: 45.30%, Best Test: 46.58%
Epoch: 400, Loss: 0.1151, Train: 100.00%, Valid: 35.31%, Test: 31.68%, Best Valid: 45.30%, Best Test: 46.58%
Run 09:
Highest Train: 100.00
Highest Valid: 45.30
Highest Test: 48.45
Chosen epoch: 17
Final Train: 49.57
Final Test: 46.58
Computing oracle penalty matrix from true labels...
Oracle penalty matrix frozen.
Epoch: 00, Loss: 1.8935, Train: 14.34%, Valid: 13.64%, Test: 15.62%, Best Valid: 13.64%, Best Test: 15.62%
Epoch: 100, Loss: 0.1838, Train: 99.16%, Valid: 38.06%, Test: 36.78%, Best Valid: 44.47%, Best Test: 45.19%
Epoch: 200, Loss: 0.1198, Train: 99.72%, Valid: 34.11%, Test: 34.86%, Best Valid: 44.47%, Best Test: 45.19%
Epoch: 300, Loss: 0.1392, Train: 99.72%, Valid: 36.29%, Test: 34.38%, Best Valid: 44.47%, Best Test: 45.19%
Epoch: 400, Loss: 0.1482, Train: 99.63%, Valid: 37.24%, Test: 35.10%, Best Valid: 44.47%, Best Test: 45.19%
Run 10:
Highest Train: 99.81
Highest Valid: 44.47
Highest Test: 45.19
Chosen epoch: 16
Final Train: 49.53
Final Test: 45.19
All runs:
Highest Train: 99.86 ± 0.12
Highest Test: 45.76 ± 1.81
Highest Valid: 44.34 ± 1.80
  Final Train: 51.99 ± 2.18
   Final Test: 44.21 ± 1.74
Saving results to results/placebo/squirrel/MPNN_gcn.csv
--- oracle_reg | lambda=0.1 ---
Namespace(bn=True, cpu=False, data_dir='./data/', dataset='squirrel', device=0, display_step=100, dropout=0.7, epochs=500, gnn='gcn', hidden_channels=256, jk=False, label_num_per_class=20, lambda_val=0.1, ln=False, local_layers=4, lr=0.01, metric='acc', mlp_epochs=500, mlp_reg=False, model='MPNN', model_dir='models', num_heads=1, oracle_reg=True, paired_seeds=True, penalty_transform='none', pre_linear=False, pre_ln=False, rand_split=False, rand_split_class=False, reg_start_epoch=10, reg_update_freq=5, res=True, result_dir='results/placebo', runs=10, save_model=False, seed=42, test_num=1000, train_prop=0.5, use_reg=True, valid_num=500, valid_prop=0.25, weight_decay=0.0005)
squirrel
dataset squirrel | num nodes 2223 | num edge 46998 | num node feats 2089 | num classes 5
MODEL: MPNNs(
  (h_lins): ModuleList()
  (local_convs): ModuleList(
    (0): GCNConv(2089, 256)
    (1): GCNConv(256, 256)
    (2): GCNConv(256, 256)
    (3): GCNConv(256, 256)
  )
  (lins): ModuleList(
    (0): Linear(in_features=2089, out_features=256, bias=True)
    (1): Linear(in_features=256, out_features=256, bias=True)
    (2): Linear(in_features=256, out_features=256, bias=True)
    (3): Linear(in_features=256, out_features=256, bias=True)
  )
  (lns): ModuleList(
    (0): LayerNorm((256,), eps=1e-05, elementwise_affine=True)
    (1): LayerNorm((256,), eps=1e-05, elementwise_affine=True)
    (2): LayerNorm((256,), eps=1e-05, elementwise_affine=True)
    (3): LayerNorm((256,), eps=1e-05, elementwise_affine=True)
  )
  (bns): ModuleList(
    (0): BatchNorm1d(256, eps=1e-05, momentum=0.1, affine=True, track_running_stats=True)
    (1): BatchNorm1d(256, eps=1e-05, momentum=0.1, affine=True, track_running_stats=True)
    (2): BatchNorm1d(256, eps=1e-05, momentum=0.1, affine=True, track_running_stats=True)
    (3): BatchNorm1d(256, eps=1e-05, momentum=0.1, affine=True, track_running_stats=True)
  )
  (lin_in): Linear(in_features=2089, out_features=256, bias=True)
  (pred_local): Linear(in_features=256, out_features=5, bias=True)
)
Computing oracle penalty matrix from true labels...
Oracle penalty matrix frozen.
Epoch: 00, Loss: 1.9666, Train: 15.57%, Valid: 15.32%, Test: 15.27%, Best Valid: 15.32%, Best Test: 15.27%
Epoch: 100, Loss: 0.1656, Train: 98.96%, Valid: 32.87%, Test: 38.94%, Best Valid: 44.15%, Best Test: 44.25%
Epoch: 200, Loss: 0.1116, Train: 99.62%, Valid: 34.54%, Test: 34.51%, Best Valid: 44.15%, Best Test: 44.25%
Epoch: 300, Loss: 0.1368, Train: 99.62%, Valid: 37.47%, Test: 40.04%, Best Valid: 44.15%, Best Test: 44.25%
Epoch: 400, Loss: 0.1748, Train: 99.72%, Valid: 35.65%, Test: 38.27%, Best Valid: 44.15%, Best Test: 44.25%
Run 01:
Highest Train: 99.81
Highest Valid: 44.15
Highest Test: 45.35
Chosen epoch: 27
Final Train: 50.05
Final Test: 44.25
Computing oracle penalty matrix from true labels...
Oracle penalty matrix frozen.
Epoch: 00, Loss: 1.9634, Train: 16.30%, Valid: 13.14%, Test: 11.96%, Best Valid: 13.14%, Best Test: 11.96%
Epoch: 100, Loss: 0.1942, Train: 98.80%, Valid: 36.00%, Test: 38.60%, Best Valid: 46.43%, Best Test: 44.02%
Epoch: 200, Loss: 0.1391, Train: 99.54%, Valid: 34.71%, Test: 36.79%, Best Valid: 46.43%, Best Test: 44.02%
Epoch: 300, Loss: 0.1380, Train: 99.72%, Valid: 34.86%, Test: 40.18%, Best Valid: 46.43%, Best Test: 44.02%
Epoch: 400, Loss: 0.1595, Train: 99.72%, Valid: 34.57%, Test: 41.53%, Best Valid: 46.43%, Best Test: 44.02%
Run 02:
Highest Train: 99.81
Highest Valid: 46.43
Highest Test: 45.60
Chosen epoch: 20
Final Train: 49.81
Final Test: 44.02
Computing oracle penalty matrix from true labels...
Oracle penalty matrix frozen.
Epoch: 00, Loss: 2.0178, Train: 17.67%, Valid: 18.18%, Test: 18.22%, Best Valid: 18.18%, Best Test: 18.22%
Epoch: 100, Loss: 0.2000, Train: 99.04%, Valid: 35.54%, Test: 41.56%, Best Valid: 43.66%, Best Test: 46.22%
Epoch: 200, Loss: 0.1668, Train: 99.52%, Valid: 37.74%, Test: 39.33%, Best Valid: 43.66%, Best Test: 46.22%
Epoch: 300, Loss: 0.1421, Train: 99.33%, Valid: 36.50%, Test: 36.89%, Best Valid: 43.66%, Best Test: 46.22%
Epoch: 400, Loss: 0.1058, Train: 99.52%, Valid: 37.47%, Test: 38.67%, Best Valid: 43.66%, Best Test: 46.22%
Run 03:
Highest Train: 99.90
Highest Valid: 43.66
Highest Test: 46.67
Chosen epoch: 19
Final Train: 51.00
Final Test: 46.22
Computing oracle penalty matrix from true labels...
Oracle penalty matrix frozen.
Epoch: 00, Loss: 2.0023, Train: 20.85%, Valid: 23.28%, Test: 22.67%, Best Valid: 23.28%, Best Test: 22.67%
Epoch: 100, Loss: 0.1770, Train: 99.15%, Valid: 34.08%, Test: 34.89%, Best Valid: 45.58%, Best Test: 46.67%
Epoch: 200, Loss: 0.1140, Train: 99.72%, Valid: 36.33%, Test: 36.00%, Best Valid: 45.58%, Best Test: 46.67%
Epoch: 300, Loss: 0.0995, Train: 99.81%, Valid: 37.59%, Test: 38.89%, Best Valid: 45.58%, Best Test: 46.67%
Epoch: 400, Loss: 0.1649, Train: 99.72%, Valid: 38.43%, Test: 36.67%, Best Valid: 45.58%, Best Test: 46.67%
Run 04:
Highest Train: 100.00
Highest Valid: 45.58
Highest Test: 47.56
Chosen epoch: 23
Final Train: 53.96
Final Test: 46.67
Computing oracle penalty matrix from true labels...
Oracle penalty matrix frozen.
Epoch: 00, Loss: 1.9322, Train: 11.56%, Valid: 9.74%, Test: 9.13%, Best Valid: 9.74%, Best Test: 9.13%
Epoch: 100, Loss: 0.2041, Train: 99.05%, Valid: 34.49%, Test: 36.30%, Best Valid: 40.47%, Best Test: 42.09%
Epoch: 200, Loss: 0.1301, Train: 99.34%, Valid: 33.24%, Test: 38.53%, Best Valid: 40.47%, Best Test: 42.09%
Epoch: 300, Loss: 0.1673, Train: 99.53%, Valid: 35.74%, Test: 38.75%, Best Valid: 40.47%, Best Test: 42.09%
Epoch: 400, Loss: 0.1400, Train: 99.72%, Valid: 33.66%, Test: 37.19%, Best Valid: 40.47%, Best Test: 42.09%
Run 05:
Highest Train: 99.81
Highest Valid: 40.47
Highest Test: 43.43
Chosen epoch: 36
Final Train: 61.90
Final Test: 42.09
Computing oracle penalty matrix from true labels...
Oracle penalty matrix frozen.
Epoch: 00, Loss: 2.0182, Train: 11.51%, Valid: 12.16%, Test: 11.21%, Best Valid: 12.16%, Best Test: 11.21%
Epoch: 100, Loss: 0.2068, Train: 99.07%, Valid: 34.88%, Test: 36.26%, Best Valid: 42.84%, Best Test: 43.96%
Epoch: 200, Loss: 0.1436, Train: 99.72%, Valid: 34.59%, Test: 36.48%, Best Valid: 42.84%, Best Test: 43.96%
Epoch: 300, Loss: 0.1543, Train: 99.63%, Valid: 35.31%, Test: 39.56%, Best Valid: 42.84%, Best Test: 43.96%
Epoch: 400, Loss: 0.1376, Train: 99.63%, Valid: 34.30%, Test: 37.58%, Best Valid: 42.84%, Best Test: 43.96%
Run 06:
Highest Train: 99.72
Highest Valid: 42.84
Highest Test: 45.05
Chosen epoch: 21
Final Train: 55.90
Final Test: 43.96
Computing oracle penalty matrix from true labels...
Oracle penalty matrix frozen.
Epoch: 00, Loss: 1.9280, Train: 24.61%, Valid: 22.69%, Test: 21.75%, Best Valid: 22.69%, Best Test: 21.75%
Epoch: 100, Loss: 0.2703, Train: 98.71%, Valid: 36.71%, Test: 34.53%, Best Valid: 45.95%, Best Test: 44.39%
Epoch: 200, Loss: 0.1275, Train: 99.54%, Valid: 38.15%, Test: 31.84%, Best Valid: 45.95%, Best Test: 44.39%
Epoch: 300, Loss: 0.1488, Train: 99.91%, Valid: 37.86%, Test: 35.65%, Best Valid: 45.95%, Best Test: 44.39%
Epoch: 400, Loss: 0.1016, Train: 100.00%, Valid: 35.26%, Test: 33.63%, Best Valid: 45.95%, Best Test: 44.39%
Run 07:
Highest Train: 100.00
Highest Valid: 45.95
Highest Test: 45.07
Chosen epoch: 26
Final Train: 52.53
Final Test: 44.39
Computing oracle penalty matrix from true labels...
Oracle penalty matrix frozen.
Epoch: 00, Loss: 2.0357, Train: 13.61%, Valid: 13.26%, Test: 12.24%, Best Valid: 13.26%, Best Test: 12.24%
Epoch: 100, Loss: 0.2677, Train: 98.95%, Valid: 37.08%, Test: 37.41%, Best Valid: 44.65%, Best Test: 38.34%
Epoch: 200, Loss: 0.1697, Train: 99.43%, Valid: 33.83%, Test: 34.41%, Best Valid: 44.65%, Best Test: 38.34%
Epoch: 300, Loss: 0.1166, Train: 99.62%, Valid: 35.72%, Test: 33.72%, Best Valid: 44.65%, Best Test: 38.34%
Epoch: 400, Loss: 0.1680, Train: 99.62%, Valid: 35.32%, Test: 35.80%, Best Valid: 44.65%, Best Test: 38.34%
Run 08:
Highest Train: 99.81
Highest Valid: 44.65
Highest Test: 43.65
Chosen epoch: 26
Final Train: 55.57
Final Test: 38.34
Computing oracle penalty matrix from true labels...
Oracle penalty matrix frozen.
Epoch: 00, Loss: 1.9672, Train: 10.01%, Valid: 10.42%, Test: 11.59%, Best Valid: 10.42%, Best Test: 11.59%
Epoch: 100, Loss: 0.2339, Train: 98.95%, Valid: 33.86%, Test: 33.33%, Best Valid: 44.86%, Best Test: 45.34%
Epoch: 200, Loss: 0.1539, Train: 99.90%, Valid: 34.88%, Test: 36.23%, Best Valid: 44.86%, Best Test: 45.34%
Epoch: 300, Loss: 0.1186, Train: 99.90%, Valid: 37.19%, Test: 36.02%, Best Valid: 44.86%, Best Test: 45.34%
Epoch: 400, Loss: 0.1276, Train: 99.90%, Valid: 37.92%, Test: 33.95%, Best Valid: 44.86%, Best Test: 45.34%
Run 09:
Highest Train: 100.00
Highest Valid: 44.86
Highest Test: 48.65
Chosen epoch: 17
Final Train: 49.00
Final Test: 45.34
Computing oracle penalty matrix from true labels...
Oracle penalty matrix frozen.
Epoch: 00, Loss: 1.9836, Train: 13.78%, Valid: 13.78%, Test: 15.87%, Best Valid: 13.78%, Best Test: 15.87%
Epoch: 100, Loss: 0.1914, Train: 99.26%, Valid: 37.24%, Test: 35.58%, Best Valid: 43.93%, Best Test: 41.83%
Epoch: 200, Loss: 0.1711, Train: 99.53%, Valid: 36.56%, Test: 35.58%, Best Valid: 43.93%, Best Test: 41.83%
Epoch: 300, Loss: 0.1577, Train: 99.53%, Valid: 34.38%, Test: 32.69%, Best Valid: 43.93%, Best Test: 41.83%
Epoch: 400, Loss: 0.1146, Train: 99.63%, Valid: 35.33%, Test: 36.06%, Best Valid: 43.93%, Best Test: 41.83%
Run 10:
Highest Train: 99.81
Highest Valid: 43.93
Highest Test: 44.47
Chosen epoch: 22
Final Train: 50.19
Final Test: 41.83
All runs:
Highest Train: 99.87 ± 0.10
Highest Test: 45.55 ± 1.66
Highest Valid: 44.25 ± 1.72
  Final Train: 52.99 ± 3.97
   Final Test: 43.71 ± 2.44
Saving results to results/placebo/squirrel/MPNN_gcn.csv
--- oracle_reg | lambda=0.2 ---
Namespace(bn=True, cpu=False, data_dir='./data/', dataset='squirrel', device=0, display_step=100, dropout=0.7, epochs=500, gnn='gcn', hidden_channels=256, jk=False, label_num_per_class=20, lambda_val=0.2, ln=False, local_layers=4, lr=0.01, metric='acc', mlp_epochs=500, mlp_reg=False, model='MPNN', model_dir='models', num_heads=1, oracle_reg=True, paired_seeds=True, penalty_transform='none', pre_linear=False, pre_ln=False, rand_split=False, rand_split_class=False, reg_start_epoch=10, reg_update_freq=5, res=True, result_dir='results/placebo', runs=10, save_model=False, seed=42, test_num=1000, train_prop=0.5, use_reg=True, valid_num=500, valid_prop=0.25, weight_decay=0.0005)
squirrel
dataset squirrel | num nodes 2223 | num edge 46998 | num node feats 2089 | num classes 5
MODEL: MPNNs(
  (h_lins): ModuleList()
  (local_convs): ModuleList(
    (0): GCNConv(2089, 256)
    (1): GCNConv(256, 256)
    (2): GCNConv(256, 256)
    (3): GCNConv(256, 256)
  )
  (lins): ModuleList(
    (0): Linear(in_features=2089, out_features=256, bias=True)
    (1): Linear(in_features=256, out_features=256, bias=True)
    (2): Linear(in_features=256, out_features=256, bias=True)
    (3): Linear(in_features=256, out_features=256, bias=True)
  )
  (lns): ModuleList(
    (0): LayerNorm((256,), eps=1e-05, elementwise_affine=True)
    (1): LayerNorm((256,), eps=1e-05, elementwise_affine=True)
    (2): LayerNorm((256,), eps=1e-05, elementwise_affine=True)
    (3): LayerNorm((256,), eps=1e-05, elementwise_affine=True)
  )
  (bns): ModuleList(
    (0): BatchNorm1d(256, eps=1e-05, momentum=0.1, affine=True, track_running_stats=True)
    (1): BatchNorm1d(256, eps=1e-05, momentum=0.1, affine=True, track_running_stats=True)
    (2): BatchNorm1d(256, eps=1e-05, momentum=0.1, affine=True, track_running_stats=True)
    (3): BatchNorm1d(256, eps=1e-05, momentum=0.1, affine=True, track_running_stats=True)
  )
  (lin_in): Linear(in_features=2089, out_features=256, bias=True)
  (pred_local): Linear(in_features=256, out_features=5, bias=True)
)
Computing oracle penalty matrix from true labels...
Oracle penalty matrix frozen.
Epoch: 00, Loss: 2.1454, Train: 15.57%, Valid: 15.32%, Test: 15.27%, Best Valid: 15.32%, Best Test: 15.27%
Epoch: 100, Loss: 0.1995, Train: 99.15%, Valid: 35.65%, Test: 38.05%, Best Valid: 43.87%, Best Test: 44.91%
Epoch: 200, Loss: 0.1510, Train: 99.62%, Valid: 36.63%, Test: 37.83%, Best Valid: 43.87%, Best Test: 44.91%
Epoch: 300, Loss: 0.1890, Train: 99.62%, Valid: 37.47%, Test: 38.94%, Best Valid: 43.87%, Best Test: 44.91%
Epoch: 400, Loss: 0.1627, Train: 99.72%, Valid: 37.47%, Test: 40.49%, Best Valid: 43.87%, Best Test: 44.91%
Run 01:
Highest Train: 99.81
Highest Valid: 43.87
Highest Test: 45.13
Chosen epoch: 28
Final Train: 50.62
Final Test: 44.91
Computing oracle penalty matrix from true labels...
Oracle penalty matrix frozen.
Epoch: 00, Loss: 2.1419, Train: 16.30%, Valid: 13.14%, Test: 11.96%, Best Valid: 13.14%, Best Test: 11.96%
Epoch: 100, Loss: 0.1750, Train: 98.89%, Valid: 35.86%, Test: 38.15%, Best Valid: 46.57%, Best Test: 44.02%
Epoch: 200, Loss: 0.1188, Train: 99.44%, Valid: 34.00%, Test: 39.05%, Best Valid: 46.57%, Best Test: 44.02%
Epoch: 300, Loss: 0.1624, Train: 99.72%, Valid: 33.57%, Test: 35.44%, Best Valid: 46.57%, Best Test: 44.02%
Epoch: 400, Loss: 0.1352, Train: 99.63%, Valid: 34.86%, Test: 37.47%, Best Valid: 46.57%, Best Test: 44.02%
Run 02:
Highest Train: 99.81
Highest Valid: 46.57
Highest Test: 46.50
Chosen epoch: 20
Final Train: 52.59
Final Test: 44.02
Computing oracle penalty matrix from true labels...
Oracle penalty matrix frozen.
Epoch: 00, Loss: 2.2012, Train: 17.86%, Valid: 18.04%, Test: 18.22%, Best Valid: 18.04%, Best Test: 18.22%
Epoch: 100, Loss: 0.2265, Train: 98.85%, Valid: 34.44%, Test: 38.22%, Best Valid: 43.53%, Best Test: 47.33%
Epoch: 200, Loss: 0.1559, Train: 99.52%, Valid: 35.67%, Test: 37.56%, Best Valid: 43.53%, Best Test: 47.33%
Epoch: 300, Loss: 0.1530, Train: 99.62%, Valid: 37.74%, Test: 39.11%, Best Valid: 43.53%, Best Test: 47.33%
Epoch: 400, Loss: 0.1254, Train: 99.71%, Valid: 37.60%, Test: 35.78%, Best Valid: 43.53%, Best Test: 47.33%
Run 03:
Highest Train: 99.90
Highest Valid: 43.53
Highest Test: 47.33
Chosen epoch: 18
Final Train: 49.86
Final Test: 47.33
Computing oracle penalty matrix from true labels...
Oracle penalty matrix frozen.
Epoch: 00, Loss: 2.1844, Train: 21.23%, Valid: 23.28%, Test: 22.22%, Best Valid: 23.28%, Best Test: 22.22%
Epoch: 100, Loss: 0.2355, Train: 98.96%, Valid: 36.47%, Test: 35.56%, Best Valid: 46.28%, Best Test: 47.11%
Epoch: 200, Loss: 0.1495, Train: 99.62%, Valid: 36.61%, Test: 34.67%, Best Valid: 46.28%, Best Test: 47.11%
Epoch: 300, Loss: 0.1280, Train: 99.81%, Valid: 35.90%, Test: 36.89%, Best Valid: 46.28%, Best Test: 47.11%
Epoch: 400, Loss: 0.1774, Train: 99.72%, Valid: 36.19%, Test: 35.78%, Best Valid: 46.28%, Best Test: 47.11%
Run 04:
Highest Train: 100.00
Highest Valid: 46.28
Highest Test: 47.78
Chosen epoch: 22
Final Train: 53.96
Final Test: 47.11
Computing oracle penalty matrix from true labels...
Oracle penalty matrix frozen.
Epoch: 00, Loss: 2.1079, Train: 11.56%, Valid: 9.74%, Test: 9.13%, Best Valid: 9.74%, Best Test: 9.13%
Epoch: 100, Loss: 0.2164, Train: 98.96%, Valid: 33.38%, Test: 37.64%, Best Valid: 41.59%, Best Test: 43.43%
Epoch: 200, Loss: 0.1762, Train: 99.43%, Valid: 34.35%, Test: 37.19%, Best Valid: 41.59%, Best Test: 43.43%
Epoch: 300, Loss: 0.1733, Train: 99.72%, Valid: 33.38%, Test: 37.64%, Best Valid: 41.59%, Best Test: 43.43%
Epoch: 400, Loss: 0.1506, Train: 99.43%, Valid: 32.55%, Test: 36.75%, Best Valid: 41.59%, Best Test: 43.43%
Run 05:
Highest Train: 99.81
Highest Valid: 41.59
Highest Test: 43.88
Chosen epoch: 28
Final Train: 56.30
Final Test: 43.43
Computing oracle penalty matrix from true labels...
Oracle penalty matrix frozen.
Epoch: 00, Loss: 2.2016, Train: 11.51%, Valid: 12.16%, Test: 11.21%, Best Valid: 12.16%, Best Test: 11.21%
Epoch: 100, Loss: 0.2292, Train: 99.07%, Valid: 34.44%, Test: 36.04%, Best Valid: 43.56%, Best Test: 42.86%
Epoch: 200, Loss: 0.1445, Train: 99.63%, Valid: 35.02%, Test: 36.92%, Best Valid: 43.56%, Best Test: 42.86%
Epoch: 300, Loss: 0.1378, Train: 99.63%, Valid: 35.75%, Test: 38.46%, Best Valid: 43.56%, Best Test: 42.86%
Epoch: 400, Loss: 0.1175, Train: 99.54%, Valid: 36.76%, Test: 37.80%, Best Valid: 43.56%, Best Test: 42.86%
Run 06:
Highest Train: 99.72
Highest Valid: 43.56
Highest Test: 44.84
Chosen epoch: 22
Final Train: 54.32
Final Test: 42.86
Computing oracle penalty matrix from true labels...
Oracle penalty matrix frozen.
Epoch: 00, Loss: 2.1033, Train: 25.16%, Valid: 22.98%, Test: 22.20%, Best Valid: 22.98%, Best Test: 22.20%
Epoch: 100, Loss: 0.2771, Train: 98.34%, Valid: 37.43%, Test: 31.17%, Best Valid: 45.23%, Best Test: 43.05%
Epoch: 200, Loss: 0.1390, Train: 99.72%, Valid: 35.55%, Test: 31.61%, Best Valid: 45.23%, Best Test: 43.05%
Epoch: 300, Loss: 0.1658, Train: 100.00%, Valid: 37.14%, Test: 33.18%, Best Valid: 45.23%, Best Test: 43.05%
Epoch: 400, Loss: 0.1409, Train: 100.00%, Valid: 36.27%, Test: 31.39%, Best Valid: 45.23%, Best Test: 43.05%
Run 07:
Highest Train: 100.00
Highest Valid: 45.23
Highest Test: 44.62
Chosen epoch: 22
Final Train: 54.10
Final Test: 43.05
Computing oracle penalty matrix from true labels...
Oracle penalty matrix frozen.
Epoch: 00, Loss: 2.2208, Train: 13.61%, Valid: 13.26%, Test: 12.24%, Best Valid: 13.26%, Best Test: 12.24%
Epoch: 100, Loss: 0.2382, Train: 98.19%, Valid: 36.81%, Test: 37.64%, Best Valid: 43.57%, Best Test: 39.72%
Epoch: 200, Loss: 0.1869, Train: 99.33%, Valid: 37.35%, Test: 36.03%, Best Valid: 43.57%, Best Test: 39.72%
Epoch: 300, Loss: 0.1903, Train: 99.43%, Valid: 35.05%, Test: 33.26%, Best Valid: 43.57%, Best Test: 39.72%
Epoch: 400, Loss: 0.1363, Train: 99.62%, Valid: 36.13%, Test: 35.57%, Best Valid: 43.57%, Best Test: 39.72%
Run 08:
Highest Train: 99.81
Highest Valid: 43.57
Highest Test: 43.65
Chosen epoch: 24
Final Train: 53.57
Final Test: 39.72
Computing oracle penalty matrix from true labels...
Oracle penalty matrix frozen.
Epoch: 00, Loss: 2.1460, Train: 10.01%, Valid: 10.42%, Test: 11.59%, Best Valid: 10.42%, Best Test: 11.59%
Epoch: 100, Loss: 0.2219, Train: 99.33%, Valid: 36.18%, Test: 35.82%, Best Valid: 44.72%, Best Test: 46.17%
Epoch: 200, Loss: 0.1667, Train: 99.90%, Valid: 34.44%, Test: 33.95%, Best Valid: 44.72%, Best Test: 46.17%
Epoch: 300, Loss: 0.1498, Train: 99.90%, Valid: 35.89%, Test: 33.95%, Best Valid: 44.72%, Best Test: 46.17%
Epoch: 400, Loss: 0.1493, Train: 99.90%, Valid: 36.18%, Test: 34.78%, Best Valid: 44.72%, Best Test: 46.17%
Run 09:
Highest Train: 100.00
Highest Valid: 44.72
Highest Test: 48.03
Chosen epoch: 18
Final Train: 49.67
Final Test: 46.17
Computing oracle penalty matrix from true labels...
Oracle penalty matrix frozen.
Epoch: 00, Loss: 2.1640, Train: 13.69%, Valid: 13.37%, Test: 16.11%, Best Valid: 13.37%, Best Test: 16.11%
Epoch: 100, Loss: 0.2437, Train: 98.60%, Valid: 35.88%, Test: 37.02%, Best Valid: 44.88%, Best Test: 44.23%
Epoch: 200, Loss: 0.1518, Train: 99.53%, Valid: 36.02%, Test: 35.34%, Best Valid: 44.88%, Best Test: 44.23%
Epoch: 300, Loss: 0.1362, Train: 99.63%, Valid: 37.11%, Test: 33.17%, Best Valid: 44.88%, Best Test: 44.23%
Epoch: 400, Loss: 0.1201, Train: 99.63%, Valid: 36.56%, Test: 33.89%, Best Valid: 44.88%, Best Test: 44.23%
Run 10:
Highest Train: 99.91
Highest Valid: 44.88
Highest Test: 45.43
Chosen epoch: 16
Final Train: 48.98
Final Test: 44.23
All runs:
Highest Train: 99.88 ± 0.10
Highest Test: 45.72 ± 1.60
Highest Valid: 44.38 ± 1.48
  Final Train: 52.40 ± 2.46
   Final Test: 44.28 ± 2.27
Saving results to results/placebo/squirrel/MPNN_gcn.csv
--- oracle_reg | lambda=0.4 ---
Namespace(bn=True, cpu=False, data_dir='./data/', dataset='squirrel', device=0, display_step=100, dropout=0.7, epochs=500, gnn='gcn', hidden_channels=256, jk=False, label_num_per_class=20, lambda_val=0.4, ln=False, local_layers=4, lr=0.01, metric='acc', mlp_epochs=500, mlp_reg=False, model='MPNN', model_dir='models', num_heads=1, oracle_reg=True, paired_seeds=True, penalty_transform='none', pre_linear=False, pre_ln=False, rand_split=False, rand_split_class=False, reg_start_epoch=10, reg_update_freq=5, res=True, result_dir='results/placebo', runs=10, save_model=False, seed=42, test_num=1000, train_prop=0.5, use_reg=True, valid_num=500, valid_prop=0.25, weight_decay=0.0005)
squirrel
dataset squirrel | num nodes 2223 | num edge 46998 | num node feats 2089 | num classes 5
MODEL: MPNNs(
  (h_lins): ModuleList()
  (local_convs): ModuleList(
    (0): GCNConv(2089, 256)
    (1): GCNConv(256, 256)
    (2): GCNConv(256, 256)
    (3): GCNConv(256, 256)
  )
  (lins): ModuleList(
    (0): Linear(in_features=2089, out_features=256, bias=True)
    (1): Linear(in_features=256, out_features=256, bias=True)
    (2): Linear(in_features=256, out_features=256, bias=True)
    (3): Linear(in_features=256, out_features=256, bias=True)
  )
  (lns): ModuleList(
    (0): LayerNorm((256,), eps=1e-05, elementwise_affine=True)
    (1): LayerNorm((256,), eps=1e-05, elementwise_affine=True)
    (2): LayerNorm((256,), eps=1e-05, elementwise_affine=True)
    (3): LayerNorm((256,), eps=1e-05, elementwise_affine=True)
  )
  (bns): ModuleList(
    (0): BatchNorm1d(256, eps=1e-05, momentum=0.1, affine=True, track_running_stats=True)
    (1): BatchNorm1d(256, eps=1e-05, momentum=0.1, affine=True, track_running_stats=True)
    (2): BatchNorm1d(256, eps=1e-05, momentum=0.1, affine=True, track_running_stats=True)
    (3): BatchNorm1d(256, eps=1e-05, momentum=0.1, affine=True, track_running_stats=True)
  )
  (lin_in): Linear(in_features=2089, out_features=256, bias=True)
  (pred_local): Linear(in_features=256, out_features=5, bias=True)
)
Computing oracle penalty matrix from true labels...
Oracle penalty matrix frozen.
Epoch: 00, Loss: 2.5030, Train: 15.76%, Valid: 15.60%, Test: 15.93%, Best Valid: 15.60%, Best Test: 15.93%
Epoch: 100, Loss: 0.2674, Train: 99.34%, Valid: 34.82%, Test: 39.38%, Best Valid: 43.87%, Best Test: 45.13%
Epoch: 200, Loss: 0.1803, Train: 99.72%, Valid: 33.70%, Test: 34.51%, Best Valid: 43.87%, Best Test: 45.13%
Epoch: 300, Loss: 0.1913, Train: 99.62%, Valid: 36.07%, Test: 36.28%, Best Valid: 43.87%, Best Test: 45.13%
Epoch: 400, Loss: 0.1808, Train: 99.62%, Valid: 35.38%, Test: 40.93%, Best Valid: 43.87%, Best Test: 45.13%
Run 01:
Highest Train: 99.81
Highest Valid: 43.87
Highest Test: 45.58
Chosen epoch: 21
Final Train: 52.90
Final Test: 45.13
Computing oracle penalty matrix from true labels...
Oracle penalty matrix frozen.
Epoch: 00, Loss: 2.4989, Train: 16.30%, Valid: 13.14%, Test: 11.96%, Best Valid: 13.14%, Best Test: 11.96%
Epoch: 100, Loss: 0.2032, Train: 99.07%, Valid: 34.00%, Test: 37.70%, Best Valid: 46.29%, Best Test: 43.57%
Epoch: 200, Loss: 0.2037, Train: 99.72%, Valid: 34.14%, Test: 41.53%, Best Valid: 46.29%, Best Test: 43.57%
Epoch: 300, Loss: 0.1850, Train: 99.54%, Valid: 34.86%, Test: 38.37%, Best Valid: 46.29%, Best Test: 43.57%
Epoch: 400, Loss: 0.1589, Train: 99.72%, Valid: 35.29%, Test: 34.99%, Best Valid: 46.29%, Best Test: 43.57%
Run 02:
Highest Train: 99.81
Highest Valid: 46.29
Highest Test: 46.05
Chosen epoch: 23
Final Train: 51.20
Final Test: 43.57
Computing oracle penalty matrix from true labels...
Oracle penalty matrix frozen.
Epoch: 00, Loss: 2.5681, Train: 17.96%, Valid: 18.18%, Test: 18.44%, Best Valid: 18.18%, Best Test: 18.44%
Epoch: 100, Loss: 0.2308, Train: 98.95%, Valid: 33.88%, Test: 36.67%, Best Valid: 43.80%, Best Test: 45.33%
Epoch: 200, Loss: 0.1550, Train: 99.52%, Valid: 36.91%, Test: 36.67%, Best Valid: 43.80%, Best Test: 45.33%
Epoch: 300, Loss: 0.2750, Train: 99.52%, Valid: 38.15%, Test: 37.33%, Best Valid: 43.80%, Best Test: 45.33%
Epoch: 400, Loss: 0.1916, Train: 99.62%, Valid: 36.64%, Test: 40.44%, Best Valid: 43.80%, Best Test: 45.33%
Run 03:
Highest Train: 99.90
Highest Valid: 43.80
Highest Test: 46.89
Chosen epoch: 19
Final Train: 51.58
Final Test: 45.33
Computing oracle penalty matrix from true labels...
Oracle penalty matrix frozen.
Epoch: 00, Loss: 2.5484, Train: 21.13%, Valid: 23.28%, Test: 22.00%, Best Valid: 23.28%, Best Test: 22.00%
Epoch: 100, Loss: 0.2465, Train: 98.87%, Valid: 35.34%, Test: 35.78%, Best Valid: 45.86%, Best Test: 47.33%
Epoch: 200, Loss: 0.1542, Train: 99.43%, Valid: 37.17%, Test: 38.22%, Best Valid: 45.86%, Best Test: 47.33%
Epoch: 300, Loss: 0.1351, Train: 99.53%, Valid: 37.59%, Test: 39.11%, Best Valid: 45.86%, Best Test: 47.33%
Epoch: 400, Loss: 0.1901, Train: 99.62%, Valid: 35.20%, Test: 34.89%, Best Valid: 45.86%, Best Test: 47.33%
Run 04:
Highest Train: 99.91
Highest Valid: 45.86
Highest Test: 48.00
Chosen epoch: 23
Final Train: 53.11
Final Test: 47.33
Computing oracle penalty matrix from true labels...
Oracle penalty matrix frozen.
Epoch: 00, Loss: 2.4592, Train: 11.56%, Valid: 9.74%, Test: 9.13%, Best Valid: 9.74%, Best Test: 9.13%
Epoch: 100, Loss: 0.2712, Train: 99.34%, Valid: 33.52%, Test: 36.75%, Best Valid: 41.03%, Best Test: 41.65%
Epoch: 200, Loss: 0.2501, Train: 99.24%, Valid: 35.47%, Test: 39.42%, Best Valid: 41.03%, Best Test: 41.65%
Epoch: 300, Loss: 0.1923, Train: 99.53%, Valid: 31.85%, Test: 34.97%, Best Valid: 41.03%, Best Test: 41.65%
Epoch: 400, Loss: 0.1842, Train: 99.62%, Valid: 32.27%, Test: 36.08%, Best Valid: 41.03%, Best Test: 41.65%
Run 05:
Highest Train: 99.81
Highest Valid: 41.03
Highest Test: 43.43
Chosen epoch: 25
Final Train: 53.55
Final Test: 41.65
Computing oracle penalty matrix from true labels...
Oracle penalty matrix frozen.
Epoch: 00, Loss: 2.5686, Train: 11.51%, Valid: 12.16%, Test: 11.21%, Best Valid: 12.16%, Best Test: 11.21%
Epoch: 100, Loss: 0.2561, Train: 98.79%, Valid: 34.88%, Test: 36.04%, Best Valid: 43.42%, Best Test: 44.18%
Epoch: 200, Loss: 0.2193, Train: 99.63%, Valid: 34.73%, Test: 38.46%, Best Valid: 43.42%, Best Test: 44.18%
Epoch: 300, Loss: 0.1789, Train: 99.63%, Valid: 36.61%, Test: 37.36%, Best Valid: 43.42%, Best Test: 44.18%
Epoch: 400, Loss: 0.2041, Train: 99.63%, Valid: 35.17%, Test: 36.48%, Best Valid: 43.42%, Best Test: 44.18%
Run 06:
Highest Train: 99.72
Highest Valid: 43.42
Highest Test: 45.05
Chosen epoch: 24
Final Train: 54.69
Final Test: 44.18
Computing oracle penalty matrix from true labels...
Oracle penalty matrix frozen.
Epoch: 00, Loss: 2.4539, Train: 24.70%, Valid: 22.83%, Test: 21.97%, Best Valid: 22.83%, Best Test: 21.97%
Epoch: 100, Loss: 0.3299, Train: 98.62%, Valid: 37.14%, Test: 35.20%, Best Valid: 45.95%, Best Test: 44.84%
Epoch: 200, Loss: 0.1451, Train: 100.00%, Valid: 37.72%, Test: 33.63%, Best Valid: 45.95%, Best Test: 44.84%
Epoch: 300, Loss: 0.1734, Train: 100.00%, Valid: 34.83%, Test: 35.20%, Best Valid: 45.95%, Best Test: 44.84%
Epoch: 400, Loss: 0.2082, Train: 99.91%, Valid: 36.27%, Test: 33.41%, Best Valid: 45.95%, Best Test: 44.84%
Run 07:
Highest Train: 100.00
Highest Valid: 45.95
Highest Test: 44.84
Chosen epoch: 24
Final Train: 53.73
Final Test: 44.84
Computing oracle penalty matrix from true labels...
Oracle penalty matrix frozen.
Epoch: 00, Loss: 2.5909, Train: 13.61%, Valid: 13.13%, Test: 11.55%, Best Valid: 13.13%, Best Test: 11.55%
Epoch: 100, Loss: 0.3023, Train: 97.62%, Valid: 35.72%, Test: 34.18%, Best Valid: 44.93%, Best Test: 38.80%
Epoch: 200, Loss: 0.2078, Train: 99.33%, Valid: 35.18%, Test: 37.41%, Best Valid: 44.93%, Best Test: 38.80%
Epoch: 300, Loss: 0.1519, Train: 99.43%, Valid: 35.32%, Test: 36.26%, Best Valid: 44.93%, Best Test: 38.80%
Epoch: 400, Loss: 0.2120, Train: 99.62%, Valid: 33.96%, Test: 33.26%, Best Valid: 44.93%, Best Test: 38.80%
Run 08:
Highest Train: 99.81
Highest Valid: 44.93
Highest Test: 43.88
Chosen epoch: 25
Final Train: 54.71
Final Test: 38.80
Computing oracle penalty matrix from true labels...
Oracle penalty matrix frozen.
Epoch: 00, Loss: 2.5037, Train: 10.01%, Valid: 10.42%, Test: 11.59%, Best Valid: 10.42%, Best Test: 11.59%
Epoch: 100, Loss: 0.2546, Train: 99.62%, Valid: 36.18%, Test: 35.61%, Best Valid: 45.30%, Best Test: 46.58%
Epoch: 200, Loss: 0.2682, Train: 99.90%, Valid: 37.92%, Test: 37.06%, Best Valid: 45.30%, Best Test: 46.58%
Epoch: 300, Loss: 0.1784, Train: 99.90%, Valid: 38.49%, Test: 36.23%, Best Valid: 45.30%, Best Test: 46.58%
Epoch: 400, Loss: 0.1481, Train: 99.90%, Valid: 37.92%, Test: 34.16%, Best Valid: 45.30%, Best Test: 46.58%
Run 09:
Highest Train: 99.90
Highest Valid: 45.30
Highest Test: 47.20
Chosen epoch: 20
Final Train: 52.24
Final Test: 46.58
Computing oracle penalty matrix from true labels...
Oracle penalty matrix frozen.
Epoch: 00, Loss: 2.5246, Train: 14.25%, Valid: 13.51%, Test: 16.11%, Best Valid: 13.51%, Best Test: 16.11%
Epoch: 100, Loss: 0.3194, Train: 99.07%, Valid: 36.29%, Test: 36.06%, Best Valid: 44.47%, Best Test: 44.47%
Epoch: 200, Loss: 0.2009, Train: 99.72%, Valid: 36.15%, Test: 33.89%, Best Valid: 44.47%, Best Test: 44.47%
Epoch: 300, Loss: 0.1779, Train: 99.63%, Valid: 36.83%, Test: 33.41%, Best Valid: 44.47%, Best Test: 44.47%
Epoch: 400, Loss: 0.1675, Train: 99.63%, Valid: 35.33%, Test: 33.65%, Best Valid: 44.47%, Best Test: 44.47%
Run 10:
Highest Train: 99.81
Highest Valid: 44.47
Highest Test: 44.71
Chosen epoch: 15
Final Train: 48.04
Final Test: 44.47
All runs:
Highest Train: 99.85 ± 0.08
Highest Test: 45.56 ± 1.47
Highest Valid: 44.49 ± 1.57
  Final Train: 52.58 ± 1.98
   Final Test: 44.19 ± 2.45
Saving results to results/placebo/squirrel/MPNN_gcn.csv
Condition sweep completed.
Task 27 done.
