==========================================================
Placebo sweep | Task 8
Job: 1108495 | Date: Thu Jul 16 03:32:38 PM EDT 2026 | Host: n0002
==========================================================
Thu Jul 16 15:32:40 2026       
+-----------------------------------------------------------------------------------------+
| NVIDIA-SMI 580.159.04             Driver Version: 580.159.04     CUDA Version: 13.0     |
+-----------------------------------------+------------------------+----------------------+
| GPU  Name                 Persistence-M | Bus-Id          Disp.A | Volatile Uncorr. ECC |
| Fan  Temp   Perf          Pwr:Usage/Cap |           Memory-Usage | GPU-Util  Compute M. |
|                                         |                        |               MIG M. |
|=========================================+========================+======================|
|   0  NVIDIA A100-SXM4-80GB          On  |   00000000:01:00.0 Off |                   On |
| N/A   40C    P0            134W /  500W |    2628MiB /  81920MiB |     N/A      Default |
|                                         |                        |              Enabled |
+-----------------------------------------+------------------------+----------------------+
|   1  NVIDIA A100-SXM4-80GB          On  |   00000000:41:00.0 Off |                   On |
| N/A   32C    P0             82W /  500W |    4180MiB /  81920MiB |     N/A      Default |
|                                         |                        |              Enabled |
+-----------------------------------------+------------------------+----------------------+
|   2  NVIDIA A100-SXM4-80GB          On  |   00000000:81:00.0 Off |                   On |
| N/A   36C    P0             80W /  500W |    4096MiB /  81920MiB |     N/A      Default |
|                                         |                        |              Enabled |
+-----------------------------------------+------------------------+----------------------+
|   3  NVIDIA A100-SXM4-80GB          On  |   00000000:C1:00.0 Off |                   On |
| N/A   37C    P0            155W /  500W |    3734MiB /  81920MiB |     N/A      Default |
|                                         |                        |              Enabled |
+-----------------------------------------+------------------------+----------------------+

+-----------------------------------------------------------------------------------------+
| MIG devices:                                                                            |
+------------------+----------------------------------+-----------+-----------------------+
| GPU  GI  CI  MIG |              Shared Memory-Usage |        Vol|        Shared         |
|      ID  ID  Dev |                Shared BAR1-Usage | SM     Unc| CE ENC  DEC  OFA  JPG |
|                  |                                  |        ECC|                       |
|==================+==================================+===========+=======================|
|  2    3   0   0  |              71MiB / 19968MiB    | 28      0 |  2   0    1    0    0 |
|                  |               0MiB / 12271MiB    |           |                       |
+------------------+----------------------------------+-----------+-----------------------+

+-----------------------------------------------------------------------------------------+
| Processes:                                                                              |
|  GPU   GI   CI              PID   Type   Process name                        GPU Memory |
|        ID   ID                                                               Usage      |
|=========================================================================================|
|    0   13    0           242737      C   ...ftware/ase-new-env/bin/python        694MiB |
|    0   14    0           242738      C   ...ftware/ase-new-env/bin/python        634MiB |
|    0    5    0           710316      C   python                                 1028MiB |
|    1   10    0           244604      C   ...ftware/ase-new-env/bin/python       2800MiB |
|    1    9    0           244605      C   ...ftware/ase-new-env/bin/python       1116MiB |
|    3   14    0           526326      C   python                                 2310MiB |
|    3    5    0           710189      C   python                                 1152MiB |
+-----------------------------------------------------------------------------------------+
1.12.1
True
==========================================================
Condition sweep: python main.py --gnn gat --dataset cora --lr 0.001 --local_layers 3 --hidden_channels 512 --weight_decay 5e-4 --dropout 0.2 --rand_split_class --valid_num 500 --test_num 1000 --seed 123 --device 0 --runs 10 --res
result_dir=results/placebo transforms=[homophily] oracle=0 baseline=0
==========================================================
--- mlp_reg | transform=homophily | lambda=0.01 | mlp_epochs=500 ---
Namespace(bn=False, cpu=False, data_dir='./data/', dataset='cora', device=0, display_step=100, dropout=0.2, epochs=500, gnn='gat', hidden_channels=512, jk=False, label_num_per_class=20, lambda_val=0.01, ln=False, local_layers=3, lr=0.001, metric='acc', mlp_epochs=500, mlp_reg=True, model='MPNN', model_dir='models', num_heads=1, oracle_reg=False, paired_seeds=True, penalty_transform='homophily', pre_linear=False, pre_ln=False, rand_split=False, rand_split_class=True, reg_start_epoch=10, reg_update_freq=5, res=True, result_dir='results/placebo', runs=10, save_model=False, seed=123, test_num=1000, train_prop=0.5, use_reg=True, valid_num=500, valid_prop=0.25, weight_decay=0.0005)
cora
Num nodes: 2708
train:torch.Size([140]), valid:torch.Size([500]), test:torch.Size([1000])
dataset cora | num nodes 2708 | num edge 10556 | num node feats 1433 | num classes 7
MODEL: MPNNs(
  (h_lins): ModuleList()
  (local_convs): ModuleList(
    (0): GATConv(1433, 512, heads=1)
    (1): GATConv(512, 512, heads=1)
    (2): GATConv(512, 512, heads=1)
  )
  (lins): ModuleList(
    (0): Linear(in_features=1433, out_features=512, bias=True)
    (1): Linear(in_features=512, out_features=512, bias=True)
    (2): Linear(in_features=512, out_features=512, bias=True)
  )
  (lns): ModuleList(
    (0): LayerNorm((512,), eps=1e-05, elementwise_affine=True)
    (1): LayerNorm((512,), eps=1e-05, elementwise_affine=True)
    (2): LayerNorm((512,), eps=1e-05, elementwise_affine=True)
  )
  (bns): ModuleList(
    (0): BatchNorm1d(512, eps=1e-05, momentum=0.1, affine=True, track_running_stats=True)
    (1): BatchNorm1d(512, eps=1e-05, momentum=0.1, affine=True, track_running_stats=True)
    (2): BatchNorm1d(512, eps=1e-05, momentum=0.1, affine=True, track_running_stats=True)
  )
  (lin_in): Linear(in_features=1433, out_features=512, bias=True)
  (pred_local): Linear(in_features=512, out_features=7, bias=True)
)
Pre-training MLP for 500 epochs to generate co-occurrence matrix...
Penalty transform 'homophily': rel Frobenius dist to original = 0.0778, off-diag CV of original penalty = 0.0887
MLP pre-training complete. Penalty matrix frozen.
Epoch: 00, Loss: 1.9611, Train: 53.57%, Valid: 22.80%, Test: 22.90%, Best Valid: 22.80%, Best Test: 22.90%
Epoch: 100, Loss: 0.0001, Train: 100.00%, Valid: 76.80%, Test: 79.80%, Best Valid: 80.60%, Best Test: 84.40%
Epoch: 200, Loss: 0.0006, Train: 100.00%, Valid: 78.20%, Test: 82.10%, Best Valid: 80.60%, Best Test: 84.40%
Epoch: 300, Loss: 0.0011, Train: 100.00%, Valid: 78.00%, Test: 83.00%, Best Valid: 80.60%, Best Test: 84.40%
Epoch: 400, Loss: 0.0012, Train: 100.00%, Valid: 78.40%, Test: 82.80%, Best Valid: 80.60%, Best Test: 84.40%
Run 01:
Highest Train: 100.00
Highest Valid: 80.60
Highest Test: 84.40
Chosen epoch: 8
Final Train: 99.29
Final Test: 84.40
Pre-training MLP for 500 epochs to generate co-occurrence matrix...
Penalty transform 'homophily': rel Frobenius dist to original = 0.0833, off-diag CV of original penalty = 0.0940
MLP pre-training complete. Penalty matrix frozen.
Epoch: 00, Loss: 1.9674, Train: 82.86%, Valid: 61.00%, Test: 65.20%, Best Valid: 61.00%, Best Test: 65.20%
Epoch: 100, Loss: 0.0001, Train: 100.00%, Valid: 74.40%, Test: 78.30%, Best Valid: 80.60%, Best Test: 83.40%
Epoch: 200, Loss: 0.0007, Train: 100.00%, Valid: 77.80%, Test: 80.00%, Best Valid: 80.60%, Best Test: 83.40%
Epoch: 300, Loss: 0.0011, Train: 100.00%, Valid: 78.80%, Test: 81.00%, Best Valid: 80.60%, Best Test: 83.40%
Epoch: 400, Loss: 0.0011, Train: 100.00%, Valid: 78.80%, Test: 81.50%, Best Valid: 80.60%, Best Test: 83.40%
Run 02:
Highest Train: 100.00
Highest Valid: 80.60
Highest Test: 83.50
Chosen epoch: 8
Final Train: 99.29
Final Test: 83.40
Pre-training MLP for 500 epochs to generate co-occurrence matrix...
Penalty transform 'homophily': rel Frobenius dist to original = 0.0756, off-diag CV of original penalty = 0.0879
MLP pre-training complete. Penalty matrix frozen.
Epoch: 00, Loss: 1.9679, Train: 74.29%, Valid: 43.20%, Test: 44.30%, Best Valid: 43.20%, Best Test: 44.30%
Epoch: 100, Loss: 0.0003, Train: 100.00%, Valid: 72.00%, Test: 76.70%, Best Valid: 81.00%, Best Test: 83.80%
Epoch: 200, Loss: 0.0008, Train: 100.00%, Valid: 76.80%, Test: 82.20%, Best Valid: 81.00%, Best Test: 83.80%
Epoch: 300, Loss: 0.0010, Train: 100.00%, Valid: 78.40%, Test: 81.70%, Best Valid: 81.00%, Best Test: 83.80%
Epoch: 400, Loss: 0.0011, Train: 100.00%, Valid: 78.60%, Test: 82.40%, Best Valid: 81.00%, Best Test: 83.80%
Run 03:
Highest Train: 100.00
Highest Valid: 81.00
Highest Test: 83.80
Chosen epoch: 8
Final Train: 99.29
Final Test: 83.80
Pre-training MLP for 500 epochs to generate co-occurrence matrix...
Penalty transform 'homophily': rel Frobenius dist to original = 0.0859, off-diag CV of original penalty = 0.0958
MLP pre-training complete. Penalty matrix frozen.
Epoch: 00, Loss: 1.9612, Train: 73.57%, Valid: 40.00%, Test: 43.50%, Best Valid: 40.00%, Best Test: 43.50%
Epoch: 100, Loss: 0.0002, Train: 100.00%, Valid: 78.00%, Test: 80.50%, Best Valid: 81.40%, Best Test: 83.40%
Epoch: 200, Loss: 0.0008, Train: 100.00%, Valid: 78.00%, Test: 81.20%, Best Valid: 81.40%, Best Test: 83.40%
Epoch: 300, Loss: 0.0010, Train: 100.00%, Valid: 78.60%, Test: 81.00%, Best Valid: 81.40%, Best Test: 83.40%
Epoch: 400, Loss: 0.0013, Train: 100.00%, Valid: 79.40%, Test: 80.90%, Best Valid: 81.40%, Best Test: 83.40%
Run 04:
Highest Train: 100.00
Highest Valid: 81.40
Highest Test: 84.70
Chosen epoch: 6
Final Train: 98.57
Final Test: 83.40
Pre-training MLP for 500 epochs to generate co-occurrence matrix...
Penalty transform 'homophily': rel Frobenius dist to original = 0.0756, off-diag CV of original penalty = 0.0860
MLP pre-training complete. Penalty matrix frozen.
Epoch: 00, Loss: 1.9666, Train: 91.43%, Valid: 58.80%, Test: 58.00%, Best Valid: 58.80%, Best Test: 58.00%
Epoch: 100, Loss: 0.0002, Train: 100.00%, Valid: 75.20%, Test: 79.60%, Best Valid: 80.40%, Best Test: 83.10%
Epoch: 200, Loss: 0.0011, Train: 100.00%, Valid: 76.80%, Test: 79.40%, Best Valid: 80.40%, Best Test: 83.10%
Epoch: 300, Loss: 0.0010, Train: 100.00%, Valid: 77.40%, Test: 79.20%, Best Valid: 80.40%, Best Test: 83.10%
Epoch: 400, Loss: 0.0013, Train: 100.00%, Valid: 77.40%, Test: 79.60%, Best Valid: 80.40%, Best Test: 83.10%
Run 05:
Highest Train: 100.00
Highest Valid: 80.40
Highest Test: 83.10
Chosen epoch: 8
Final Train: 97.86
Final Test: 83.10
Pre-training MLP for 500 epochs to generate co-occurrence matrix...
Penalty transform 'homophily': rel Frobenius dist to original = 0.0748, off-diag CV of original penalty = 0.0848
MLP pre-training complete. Penalty matrix frozen.
Epoch: 00, Loss: 1.9686, Train: 82.86%, Valid: 54.60%, Test: 55.40%, Best Valid: 54.60%, Best Test: 55.40%
Epoch: 100, Loss: 0.0000, Train: 100.00%, Valid: 73.60%, Test: 76.70%, Best Valid: 82.00%, Best Test: 82.90%
Epoch: 200, Loss: 0.0005, Train: 100.00%, Valid: 77.40%, Test: 80.10%, Best Valid: 82.00%, Best Test: 82.90%
Epoch: 300, Loss: 0.0012, Train: 100.00%, Valid: 77.60%, Test: 80.20%, Best Valid: 82.00%, Best Test: 82.90%
Epoch: 400, Loss: 0.0013, Train: 100.00%, Valid: 77.60%, Test: 80.70%, Best Valid: 82.00%, Best Test: 82.90%
Run 06:
Highest Train: 100.00
Highest Valid: 82.00
Highest Test: 83.20
Chosen epoch: 13
Final Train: 100.00
Final Test: 82.90
Pre-training MLP for 500 epochs to generate co-occurrence matrix...
Penalty transform 'homophily': rel Frobenius dist to original = 0.0797, off-diag CV of original penalty = 0.0902
MLP pre-training complete. Penalty matrix frozen.
Epoch: 00, Loss: 1.9651, Train: 67.14%, Valid: 35.20%, Test: 37.60%, Best Valid: 35.20%, Best Test: 37.60%
Epoch: 100, Loss: 0.0001, Train: 100.00%, Valid: 78.80%, Test: 80.80%, Best Valid: 80.20%, Best Test: 83.90%
Epoch: 200, Loss: 0.0008, Train: 100.00%, Valid: 78.80%, Test: 82.40%, Best Valid: 80.40%, Best Test: 82.70%
Epoch: 300, Loss: 0.0011, Train: 100.00%, Valid: 79.20%, Test: 82.40%, Best Valid: 80.40%, Best Test: 82.70%
Epoch: 400, Loss: 0.0010, Train: 100.00%, Valid: 78.60%, Test: 82.30%, Best Valid: 80.40%, Best Test: 82.70%
Run 07:
Highest Train: 100.00
Highest Valid: 80.40
Highest Test: 84.00
Chosen epoch: 149
Final Train: 100.00
Final Test: 82.70
Pre-training MLP for 500 epochs to generate co-occurrence matrix...
Penalty transform 'homophily': rel Frobenius dist to original = 0.0788, off-diag CV of original penalty = 0.0890
MLP pre-training complete. Penalty matrix frozen.
Epoch: 00, Loss: 1.9656, Train: 82.86%, Valid: 56.40%, Test: 54.80%, Best Valid: 56.40%, Best Test: 54.80%
Epoch: 100, Loss: 0.0002, Train: 100.00%, Valid: 79.60%, Test: 81.60%, Best Valid: 81.20%, Best Test: 83.10%
Epoch: 200, Loss: 0.0012, Train: 100.00%, Valid: 78.80%, Test: 81.80%, Best Valid: 81.20%, Best Test: 83.10%
Epoch: 300, Loss: 0.0009, Train: 100.00%, Valid: 78.40%, Test: 81.00%, Best Valid: 81.20%, Best Test: 83.10%
Epoch: 400, Loss: 0.0010, Train: 100.00%, Valid: 78.80%, Test: 82.00%, Best Valid: 81.20%, Best Test: 83.10%
Run 08:
Highest Train: 100.00
Highest Valid: 81.20
Highest Test: 83.90
Chosen epoch: 16
Final Train: 100.00
Final Test: 83.10
Pre-training MLP for 500 epochs to generate co-occurrence matrix...
Penalty transform 'homophily': rel Frobenius dist to original = 0.0818, off-diag CV of original penalty = 0.0908
MLP pre-training complete. Penalty matrix frozen.
Epoch: 00, Loss: 1.9614, Train: 71.43%, Valid: 41.00%, Test: 38.70%, Best Valid: 41.00%, Best Test: 38.70%
Epoch: 100, Loss: 0.0001, Train: 100.00%, Valid: 77.40%, Test: 82.70%, Best Valid: 79.80%, Best Test: 81.10%
Epoch: 200, Loss: 0.0013, Train: 100.00%, Valid: 78.80%, Test: 81.70%, Best Valid: 79.80%, Best Test: 81.10%
Epoch: 300, Loss: 0.0010, Train: 100.00%, Valid: 79.80%, Test: 82.90%, Best Valid: 79.80%, Best Test: 81.10%
Epoch: 400, Loss: 0.0011, Train: 100.00%, Valid: 79.60%, Test: 81.80%, Best Valid: 80.40%, Best Test: 82.00%
Run 09:
Highest Train: 100.00
Highest Valid: 80.40
Highest Test: 83.20
Chosen epoch: 359
Final Train: 100.00
Final Test: 82.00
Pre-training MLP for 500 epochs to generate co-occurrence matrix...
Penalty transform 'homophily': rel Frobenius dist to original = 0.0798, off-diag CV of original penalty = 0.0893
MLP pre-training complete. Penalty matrix frozen.
Epoch: 00, Loss: 1.9673, Train: 60.71%, Valid: 43.40%, Test: 43.90%, Best Valid: 43.40%, Best Test: 43.90%
Epoch: 100, Loss: 0.0001, Train: 100.00%, Valid: 79.00%, Test: 81.70%, Best Valid: 80.20%, Best Test: 82.60%
Epoch: 200, Loss: 0.0012, Train: 100.00%, Valid: 78.00%, Test: 81.70%, Best Valid: 80.20%, Best Test: 82.60%
Epoch: 300, Loss: 0.0014, Train: 100.00%, Valid: 78.40%, Test: 81.70%, Best Valid: 80.20%, Best Test: 82.60%
Epoch: 400, Loss: 0.0012, Train: 100.00%, Valid: 78.00%, Test: 81.50%, Best Valid: 80.20%, Best Test: 82.60%
Run 10:
Highest Train: 100.00
Highest Valid: 80.20
Highest Test: 84.40
Chosen epoch: 8
Final Train: 98.57
Final Test: 82.60
All runs:
Highest Train: 100.00 ± 0.00
Highest Test: 83.82 ± 0.57
Highest Valid: 80.82 ± 0.57
  Final Train: 99.29 ± 0.75
   Final Test: 83.14 ± 0.67
Saving results to results/placebo/cora/MPNN_gat.csv
--- mlp_reg | transform=homophily | lambda=0.05 | mlp_epochs=500 ---
Namespace(bn=False, cpu=False, data_dir='./data/', dataset='cora', device=0, display_step=100, dropout=0.2, epochs=500, gnn='gat', hidden_channels=512, jk=False, label_num_per_class=20, lambda_val=0.05, ln=False, local_layers=3, lr=0.001, metric='acc', mlp_epochs=500, mlp_reg=True, model='MPNN', model_dir='models', num_heads=1, oracle_reg=False, paired_seeds=True, penalty_transform='homophily', pre_linear=False, pre_ln=False, rand_split=False, rand_split_class=True, reg_start_epoch=10, reg_update_freq=5, res=True, result_dir='results/placebo', runs=10, save_model=False, seed=123, test_num=1000, train_prop=0.5, use_reg=True, valid_num=500, valid_prop=0.25, weight_decay=0.0005)
cora
Num nodes: 2708
train:torch.Size([140]), valid:torch.Size([500]), test:torch.Size([1000])
dataset cora | num nodes 2708 | num edge 10556 | num node feats 1433 | num classes 7
MODEL: MPNNs(
  (h_lins): ModuleList()
  (local_convs): ModuleList(
    (0): GATConv(1433, 512, heads=1)
    (1): GATConv(512, 512, heads=1)
    (2): GATConv(512, 512, heads=1)
  )
  (lins): ModuleList(
    (0): Linear(in_features=1433, out_features=512, bias=True)
    (1): Linear(in_features=512, out_features=512, bias=True)
    (2): Linear(in_features=512, out_features=512, bias=True)
  )
  (lns): ModuleList(
    (0): LayerNorm((512,), eps=1e-05, elementwise_affine=True)
    (1): LayerNorm((512,), eps=1e-05, elementwise_affine=True)
    (2): LayerNorm((512,), eps=1e-05, elementwise_affine=True)
  )
  (bns): ModuleList(
    (0): BatchNorm1d(512, eps=1e-05, momentum=0.1, affine=True, track_running_stats=True)
    (1): BatchNorm1d(512, eps=1e-05, momentum=0.1, affine=True, track_running_stats=True)
    (2): BatchNorm1d(512, eps=1e-05, momentum=0.1, affine=True, track_running_stats=True)
  )
  (lin_in): Linear(in_features=1433, out_features=512, bias=True)
  (pred_local): Linear(in_features=512, out_features=7, bias=True)
)
Pre-training MLP for 500 epochs to generate co-occurrence matrix...
Penalty transform 'homophily': rel Frobenius dist to original = 0.0778, off-diag CV of original penalty = 0.0887
MLP pre-training complete. Penalty matrix frozen.
Epoch: 00, Loss: 2.0388, Train: 53.57%, Valid: 22.80%, Test: 22.90%, Best Valid: 22.80%, Best Test: 22.90%
Epoch: 100, Loss: 0.0002, Train: 100.00%, Valid: 71.80%, Test: 76.80%, Best Valid: 80.60%, Best Test: 84.40%
Epoch: 200, Loss: 0.0004, Train: 100.00%, Valid: 74.40%, Test: 79.70%, Best Valid: 80.60%, Best Test: 84.40%
Epoch: 300, Loss: 0.0009, Train: 100.00%, Valid: 76.20%, Test: 80.90%, Best Valid: 80.60%, Best Test: 84.40%
Epoch: 400, Loss: 0.0012, Train: 100.00%, Valid: 77.60%, Test: 81.20%, Best Valid: 80.60%, Best Test: 84.40%
Run 01:
Highest Train: 100.00
Highest Valid: 80.60
Highest Test: 84.40
Chosen epoch: 8
Final Train: 99.29
Final Test: 84.40
Pre-training MLP for 500 epochs to generate co-occurrence matrix...
Penalty transform 'homophily': rel Frobenius dist to original = 0.0833, off-diag CV of original penalty = 0.0940
MLP pre-training complete. Penalty matrix frozen.
Epoch: 00, Loss: 2.0453, Train: 82.86%, Valid: 60.80%, Test: 64.70%, Best Valid: 60.80%, Best Test: 64.70%
Epoch: 100, Loss: 0.0000, Train: 100.00%, Valid: 77.00%, Test: 80.50%, Best Valid: 80.60%, Best Test: 83.50%
Epoch: 200, Loss: 0.0008, Train: 100.00%, Valid: 78.00%, Test: 81.20%, Best Valid: 80.60%, Best Test: 83.50%
Epoch: 300, Loss: 0.0012, Train: 100.00%, Valid: 79.80%, Test: 81.30%, Best Valid: 80.60%, Best Test: 83.50%
Epoch: 400, Loss: 0.0012, Train: 100.00%, Valid: 79.40%, Test: 81.70%, Best Valid: 80.60%, Best Test: 83.50%
Run 02:
Highest Train: 100.00
Highest Valid: 80.60
Highest Test: 83.50
Chosen epoch: 8
Final Train: 99.29
Final Test: 83.50
Pre-training MLP for 500 epochs to generate co-occurrence matrix...
Penalty transform 'homophily': rel Frobenius dist to original = 0.0756, off-diag CV of original penalty = 0.0879
MLP pre-training complete. Penalty matrix frozen.
Epoch: 00, Loss: 2.0458, Train: 74.29%, Valid: 43.20%, Test: 44.10%, Best Valid: 43.20%, Best Test: 44.10%
Epoch: 100, Loss: 0.0000, Train: 100.00%, Valid: 76.20%, Test: 78.70%, Best Valid: 81.00%, Best Test: 83.80%
Epoch: 200, Loss: 0.0006, Train: 100.00%, Valid: 76.80%, Test: 80.20%, Best Valid: 81.00%, Best Test: 83.80%
Epoch: 300, Loss: 0.0010, Train: 100.00%, Valid: 79.00%, Test: 80.80%, Best Valid: 81.00%, Best Test: 83.80%
Epoch: 400, Loss: 0.0011, Train: 100.00%, Valid: 79.40%, Test: 81.20%, Best Valid: 81.00%, Best Test: 83.80%
Run 03:
Highest Train: 100.00
Highest Valid: 81.00
Highest Test: 83.80
Chosen epoch: 8
Final Train: 99.29
Final Test: 83.80
Pre-training MLP for 500 epochs to generate co-occurrence matrix...
Penalty transform 'homophily': rel Frobenius dist to original = 0.0859, off-diag CV of original penalty = 0.0958
MLP pre-training complete. Penalty matrix frozen.
Epoch: 00, Loss: 2.0389, Train: 73.57%, Valid: 40.00%, Test: 43.40%, Best Valid: 40.00%, Best Test: 43.40%
Epoch: 100, Loss: 0.0009, Train: 100.00%, Valid: 77.60%, Test: 81.00%, Best Valid: 82.00%, Best Test: 84.20%
Epoch: 200, Loss: 0.0009, Train: 100.00%, Valid: 77.80%, Test: 81.70%, Best Valid: 82.00%, Best Test: 84.20%
Epoch: 300, Loss: 0.0011, Train: 100.00%, Valid: 78.60%, Test: 81.10%, Best Valid: 82.00%, Best Test: 84.20%
Epoch: 400, Loss: 0.0012, Train: 100.00%, Valid: 79.20%, Test: 81.40%, Best Valid: 82.00%, Best Test: 84.20%
Run 04:
Highest Train: 100.00
Highest Valid: 82.00
Highest Test: 84.70
Chosen epoch: 12
Final Train: 100.00
Final Test: 84.20
Pre-training MLP for 500 epochs to generate co-occurrence matrix...
Penalty transform 'homophily': rel Frobenius dist to original = 0.0756, off-diag CV of original penalty = 0.0860
MLP pre-training complete. Penalty matrix frozen.
Epoch: 00, Loss: 2.0445, Train: 91.43%, Valid: 58.40%, Test: 57.90%, Best Valid: 58.40%, Best Test: 57.90%
Epoch: 100, Loss: 0.0002, Train: 100.00%, Valid: 74.60%, Test: 76.20%, Best Valid: 80.40%, Best Test: 83.20%
Epoch: 200, Loss: 0.0010, Train: 100.00%, Valid: 78.80%, Test: 80.20%, Best Valid: 80.40%, Best Test: 83.20%
Epoch: 300, Loss: 0.0010, Train: 100.00%, Valid: 78.20%, Test: 80.20%, Best Valid: 80.40%, Best Test: 83.20%
Epoch: 400, Loss: 0.0014, Train: 100.00%, Valid: 78.60%, Test: 81.40%, Best Valid: 80.40%, Best Test: 83.20%
Run 05:
Highest Train: 100.00
Highest Valid: 80.40
Highest Test: 83.20
Chosen epoch: 8
Final Train: 97.86
Final Test: 83.20
Pre-training MLP for 500 epochs to generate co-occurrence matrix...
Penalty transform 'homophily': rel Frobenius dist to original = 0.0748, off-diag CV of original penalty = 0.0848
MLP pre-training complete. Penalty matrix frozen.
Epoch: 00, Loss: 2.0466, Train: 82.86%, Valid: 54.80%, Test: 55.50%, Best Valid: 54.80%, Best Test: 55.50%
Epoch: 100, Loss: 0.0001, Train: 100.00%, Valid: 76.60%, Test: 81.00%, Best Valid: 82.20%, Best Test: 83.20%
Epoch: 200, Loss: 0.0009, Train: 100.00%, Valid: 78.60%, Test: 83.10%, Best Valid: 82.20%, Best Test: 83.20%
Epoch: 300, Loss: 0.0013, Train: 100.00%, Valid: 78.40%, Test: 82.20%, Best Valid: 82.20%, Best Test: 83.20%
Epoch: 400, Loss: 0.0011, Train: 100.00%, Valid: 78.40%, Test: 79.90%, Best Valid: 82.20%, Best Test: 83.20%
Run 06:
Highest Train: 100.00
Highest Valid: 82.20
Highest Test: 83.20
Chosen epoch: 60
Final Train: 100.00
Final Test: 83.20
Pre-training MLP for 500 epochs to generate co-occurrence matrix...
Penalty transform 'homophily': rel Frobenius dist to original = 0.0797, off-diag CV of original penalty = 0.0902
MLP pre-training complete. Penalty matrix frozen.
Epoch: 00, Loss: 2.0430, Train: 67.14%, Valid: 35.20%, Test: 37.60%, Best Valid: 35.20%, Best Test: 37.60%
Epoch: 100, Loss: 0.0000, Train: 100.00%, Valid: 76.20%, Test: 79.90%, Best Valid: 80.20%, Best Test: 83.90%
Epoch: 200, Loss: 0.0007, Train: 100.00%, Valid: 78.20%, Test: 80.40%, Best Valid: 80.20%, Best Test: 83.90%
Epoch: 300, Loss: 0.0010, Train: 100.00%, Valid: 79.60%, Test: 82.30%, Best Valid: 80.40%, Best Test: 82.00%
Epoch: 400, Loss: 0.0011, Train: 100.00%, Valid: 80.00%, Test: 82.40%, Best Valid: 80.80%, Best Test: 82.00%
Run 07:
Highest Train: 100.00
Highest Valid: 80.80
Highest Test: 84.00
Chosen epoch: 334
Final Train: 100.00
Final Test: 82.00
Pre-training MLP for 500 epochs to generate co-occurrence matrix...
Penalty transform 'homophily': rel Frobenius dist to original = 0.0788, off-diag CV of original penalty = 0.0890
MLP pre-training complete. Penalty matrix frozen.
Epoch: 00, Loss: 2.0435, Train: 82.86%, Valid: 56.40%, Test: 54.80%, Best Valid: 56.40%, Best Test: 54.80%
Epoch: 100, Loss: 0.0002, Train: 100.00%, Valid: 78.80%, Test: 82.40%, Best Valid: 81.00%, Best Test: 83.90%
Epoch: 200, Loss: 0.0013, Train: 100.00%, Valid: 78.60%, Test: 81.80%, Best Valid: 81.00%, Best Test: 83.90%
Epoch: 300, Loss: 0.0010, Train: 100.00%, Valid: 78.00%, Test: 80.90%, Best Valid: 81.00%, Best Test: 83.90%
Epoch: 400, Loss: 0.0011, Train: 100.00%, Valid: 79.40%, Test: 81.70%, Best Valid: 81.00%, Best Test: 83.90%
Run 08:
Highest Train: 100.00
Highest Valid: 81.00
Highest Test: 83.90
Chosen epoch: 6
Final Train: 97.86
Final Test: 83.90
Pre-training MLP for 500 epochs to generate co-occurrence matrix...
Penalty transform 'homophily': rel Frobenius dist to original = 0.0818, off-diag CV of original penalty = 0.0908
MLP pre-training complete. Penalty matrix frozen.
Epoch: 00, Loss: 2.0391, Train: 71.43%, Valid: 40.80%, Test: 38.60%, Best Valid: 40.80%, Best Test: 38.60%
Epoch: 100, Loss: 0.0000, Train: 100.00%, Valid: 78.40%, Test: 79.40%, Best Valid: 79.60%, Best Test: 81.20%
Epoch: 200, Loss: 0.0014, Train: 100.00%, Valid: 79.00%, Test: 82.50%, Best Valid: 79.60%, Best Test: 81.20%
Epoch: 300, Loss: 0.0011, Train: 100.00%, Valid: 79.60%, Test: 81.80%, Best Valid: 80.00%, Best Test: 82.20%
Epoch: 400, Loss: 0.0010, Train: 100.00%, Valid: 79.20%, Test: 81.50%, Best Valid: 80.00%, Best Test: 82.20%
Run 09:
Highest Train: 100.00
Highest Valid: 80.20
Highest Test: 83.30
Chosen epoch: 416
Final Train: 100.00
Final Test: 81.90
Pre-training MLP for 500 epochs to generate co-occurrence matrix...
Penalty transform 'homophily': rel Frobenius dist to original = 0.0798, off-diag CV of original penalty = 0.0893
MLP pre-training complete. Penalty matrix frozen.
Epoch: 00, Loss: 2.0452, Train: 60.00%, Valid: 43.40%, Test: 43.80%, Best Valid: 43.40%, Best Test: 43.80%
Epoch: 100, Loss: 0.0001, Train: 100.00%, Valid: 77.40%, Test: 81.00%, Best Valid: 80.20%, Best Test: 82.50%
Epoch: 200, Loss: 0.0011, Train: 100.00%, Valid: 79.00%, Test: 82.40%, Best Valid: 80.20%, Best Test: 82.50%
Epoch: 300, Loss: 0.0014, Train: 100.00%, Valid: 79.40%, Test: 82.10%, Best Valid: 80.20%, Best Test: 82.50%
Epoch: 400, Loss: 0.0012, Train: 100.00%, Valid: 79.20%, Test: 82.00%, Best Valid: 80.20%, Best Test: 82.50%
Run 10:
Highest Train: 100.00
Highest Valid: 80.20
Highest Test: 84.40
Chosen epoch: 8
Final Train: 98.57
Final Test: 82.50
All runs:
Highest Train: 100.00 ± 0.00
Highest Test: 83.84 ± 0.54
Highest Valid: 80.90 ± 0.69
  Final Train: 99.21 ± 0.86
   Final Test: 83.26 ± 0.88
Saving results to results/placebo/cora/MPNN_gat.csv
--- mlp_reg | transform=homophily | lambda=0.1 | mlp_epochs=500 ---
Namespace(bn=False, cpu=False, data_dir='./data/', dataset='cora', device=0, display_step=100, dropout=0.2, epochs=500, gnn='gat', hidden_channels=512, jk=False, label_num_per_class=20, lambda_val=0.1, ln=False, local_layers=3, lr=0.001, metric='acc', mlp_epochs=500, mlp_reg=True, model='MPNN', model_dir='models', num_heads=1, oracle_reg=False, paired_seeds=True, penalty_transform='homophily', pre_linear=False, pre_ln=False, rand_split=False, rand_split_class=True, reg_start_epoch=10, reg_update_freq=5, res=True, result_dir='results/placebo', runs=10, save_model=False, seed=123, test_num=1000, train_prop=0.5, use_reg=True, valid_num=500, valid_prop=0.25, weight_decay=0.0005)
cora
Num nodes: 2708
train:torch.Size([140]), valid:torch.Size([500]), test:torch.Size([1000])
dataset cora | num nodes 2708 | num edge 10556 | num node feats 1433 | num classes 7
MODEL: MPNNs(
  (h_lins): ModuleList()
  (local_convs): ModuleList(
    (0): GATConv(1433, 512, heads=1)
    (1): GATConv(512, 512, heads=1)
    (2): GATConv(512, 512, heads=1)
  )
  (lins): ModuleList(
    (0): Linear(in_features=1433, out_features=512, bias=True)
    (1): Linear(in_features=512, out_features=512, bias=True)
    (2): Linear(in_features=512, out_features=512, bias=True)
  )
  (lns): ModuleList(
    (0): LayerNorm((512,), eps=1e-05, elementwise_affine=True)
    (1): LayerNorm((512,), eps=1e-05, elementwise_affine=True)
    (2): LayerNorm((512,), eps=1e-05, elementwise_affine=True)
  )
  (bns): ModuleList(
    (0): BatchNorm1d(512, eps=1e-05, momentum=0.1, affine=True, track_running_stats=True)
    (1): BatchNorm1d(512, eps=1e-05, momentum=0.1, affine=True, track_running_stats=True)
    (2): BatchNorm1d(512, eps=1e-05, momentum=0.1, affine=True, track_running_stats=True)
  )
  (lin_in): Linear(in_features=1433, out_features=512, bias=True)
  (pred_local): Linear(in_features=512, out_features=7, bias=True)
)
Pre-training MLP for 500 epochs to generate co-occurrence matrix...
Penalty transform 'homophily': rel Frobenius dist to original = 0.0778, off-diag CV of original penalty = 0.0887
MLP pre-training complete. Penalty matrix frozen.
Epoch: 00, Loss: 2.1359, Train: 52.14%, Valid: 22.80%, Test: 22.60%, Best Valid: 22.80%, Best Test: 22.60%
Epoch: 100, Loss: 0.0000, Train: 100.00%, Valid: 75.80%, Test: 76.30%, Best Valid: 80.60%, Best Test: 84.40%
Epoch: 200, Loss: 0.0004, Train: 100.00%, Valid: 75.80%, Test: 79.40%, Best Valid: 80.60%, Best Test: 84.40%
Epoch: 300, Loss: 0.0009, Train: 100.00%, Valid: 76.40%, Test: 79.40%, Best Valid: 80.60%, Best Test: 84.40%
Epoch: 400, Loss: 0.0012, Train: 100.00%, Valid: 78.20%, Test: 80.80%, Best Valid: 80.60%, Best Test: 84.40%
Run 01:
Highest Train: 100.00
Highest Valid: 80.60
Highest Test: 84.40
Chosen epoch: 8
Final Train: 99.29
Final Test: 84.40
Pre-training MLP for 500 epochs to generate co-occurrence matrix...
Penalty transform 'homophily': rel Frobenius dist to original = 0.0833, off-diag CV of original penalty = 0.0940
MLP pre-training complete. Penalty matrix frozen.
Epoch: 00, Loss: 2.1427, Train: 82.86%, Valid: 60.80%, Test: 64.70%, Best Valid: 60.80%, Best Test: 64.70%
Epoch: 100, Loss: 0.0001, Train: 100.00%, Valid: 74.20%, Test: 77.10%, Best Valid: 80.60%, Best Test: 83.30%
Epoch: 200, Loss: 0.0008, Train: 100.00%, Valid: 77.00%, Test: 81.30%, Best Valid: 80.60%, Best Test: 83.30%
Epoch: 300, Loss: 0.0010, Train: 100.00%, Valid: 76.80%, Test: 81.20%, Best Valid: 80.60%, Best Test: 83.30%
Epoch: 400, Loss: 0.0013, Train: 100.00%, Valid: 79.20%, Test: 81.50%, Best Valid: 80.60%, Best Test: 83.30%
Run 02:
Highest Train: 100.00
Highest Valid: 80.60
Highest Test: 83.50
Chosen epoch: 8
Final Train: 99.29
Final Test: 83.30
Pre-training MLP for 500 epochs to generate co-occurrence matrix...
Penalty transform 'homophily': rel Frobenius dist to original = 0.0756, off-diag CV of original penalty = 0.0879
MLP pre-training complete. Penalty matrix frozen.
Epoch: 00, Loss: 2.1432, Train: 74.29%, Valid: 43.00%, Test: 44.10%, Best Valid: 43.00%, Best Test: 44.10%
Epoch: 100, Loss: 0.0001, Train: 100.00%, Valid: 75.60%, Test: 78.70%, Best Valid: 81.00%, Best Test: 83.80%
Epoch: 200, Loss: 0.0009, Train: 100.00%, Valid: 76.80%, Test: 81.00%, Best Valid: 81.00%, Best Test: 83.80%
Epoch: 300, Loss: 0.0013, Train: 100.00%, Valid: 79.20%, Test: 82.00%, Best Valid: 81.00%, Best Test: 83.80%
Epoch: 400, Loss: 0.0013, Train: 100.00%, Valid: 80.60%, Test: 82.10%, Best Valid: 81.00%, Best Test: 83.80%
Run 03:
Highest Train: 100.00
Highest Valid: 81.00
Highest Test: 83.80
Chosen epoch: 8
Final Train: 99.29
Final Test: 83.80
Pre-training MLP for 500 epochs to generate co-occurrence matrix...
Penalty transform 'homophily': rel Frobenius dist to original = 0.0859, off-diag CV of original penalty = 0.0958
MLP pre-training complete. Penalty matrix frozen.
Epoch: 00, Loss: 2.1360, Train: 72.86%, Valid: 40.00%, Test: 43.00%, Best Valid: 40.00%, Best Test: 43.00%
Epoch: 100, Loss: 0.0001, Train: 100.00%, Valid: 78.40%, Test: 81.60%, Best Valid: 81.00%, Best Test: 83.40%
Epoch: 200, Loss: 0.0013, Train: 100.00%, Valid: 79.00%, Test: 81.50%, Best Valid: 81.00%, Best Test: 83.40%
Epoch: 300, Loss: 0.0010, Train: 100.00%, Valid: 79.00%, Test: 80.90%, Best Valid: 81.00%, Best Test: 83.40%
Epoch: 400, Loss: 0.0013, Train: 100.00%, Valid: 79.20%, Test: 80.90%, Best Valid: 81.00%, Best Test: 83.40%
Run 04:
Highest Train: 100.00
Highest Valid: 81.00
Highest Test: 84.90
Chosen epoch: 6
Final Train: 98.57
Final Test: 83.40
Pre-training MLP for 500 epochs to generate co-occurrence matrix...
Penalty transform 'homophily': rel Frobenius dist to original = 0.0756, off-diag CV of original penalty = 0.0860
MLP pre-training complete. Penalty matrix frozen.
Epoch: 00, Loss: 2.1418, Train: 91.43%, Valid: 58.40%, Test: 57.80%, Best Valid: 58.40%, Best Test: 57.80%
Epoch: 100, Loss: 0.0001, Train: 100.00%, Valid: 74.00%, Test: 78.70%, Best Valid: 80.40%, Best Test: 83.20%
Epoch: 200, Loss: 0.0008, Train: 100.00%, Valid: 77.20%, Test: 79.10%, Best Valid: 80.40%, Best Test: 83.20%
Epoch: 300, Loss: 0.0010, Train: 100.00%, Valid: 77.80%, Test: 80.10%, Best Valid: 80.40%, Best Test: 83.20%
Epoch: 400, Loss: 0.0014, Train: 100.00%, Valid: 79.00%, Test: 80.90%, Best Valid: 80.40%, Best Test: 83.20%
Run 05:
Highest Train: 100.00
Highest Valid: 80.40
Highest Test: 83.20
Chosen epoch: 8
Final Train: 97.86
Final Test: 83.20
Pre-training MLP for 500 epochs to generate co-occurrence matrix...
Penalty transform 'homophily': rel Frobenius dist to original = 0.0748, off-diag CV of original penalty = 0.0848
MLP pre-training complete. Penalty matrix frozen.
Epoch: 00, Loss: 2.1440, Train: 82.86%, Valid: 54.60%, Test: 55.60%, Best Valid: 54.60%, Best Test: 55.60%
Epoch: 100, Loss: 0.0000, Train: 100.00%, Valid: 73.80%, Test: 75.20%, Best Valid: 82.20%, Best Test: 83.00%
Epoch: 200, Loss: 0.0007, Train: 100.00%, Valid: 77.40%, Test: 81.80%, Best Valid: 82.20%, Best Test: 83.00%
Epoch: 300, Loss: 0.0014, Train: 100.00%, Valid: 79.00%, Test: 81.80%, Best Valid: 82.20%, Best Test: 83.00%
Epoch: 400, Loss: 0.0013, Train: 100.00%, Valid: 78.60%, Test: 81.50%, Best Valid: 82.20%, Best Test: 83.00%
Run 06:
Highest Train: 100.00
Highest Valid: 82.20
Highest Test: 83.30
Chosen epoch: 13
Final Train: 100.00
Final Test: 83.00
Pre-training MLP for 500 epochs to generate co-occurrence matrix...
Penalty transform 'homophily': rel Frobenius dist to original = 0.0797, off-diag CV of original penalty = 0.0902
MLP pre-training complete. Penalty matrix frozen.
Epoch: 00, Loss: 2.1402, Train: 67.14%, Valid: 35.00%, Test: 37.70%, Best Valid: 35.00%, Best Test: 37.70%
Epoch: 100, Loss: 0.0000, Train: 100.00%, Valid: 74.20%, Test: 78.10%, Best Valid: 80.20%, Best Test: 83.30%
Epoch: 200, Loss: 0.0008, Train: 100.00%, Valid: 79.40%, Test: 82.50%, Best Valid: 80.20%, Best Test: 83.30%
Epoch: 300, Loss: 0.0012, Train: 100.00%, Valid: 78.60%, Test: 82.20%, Best Valid: 80.20%, Best Test: 83.30%
Epoch: 400, Loss: 0.0013, Train: 100.00%, Valid: 78.80%, Test: 82.20%, Best Valid: 80.20%, Best Test: 83.30%
Run 07:
Highest Train: 100.00
Highest Valid: 80.20
Highest Test: 84.00
Chosen epoch: 7
Final Train: 98.57
Final Test: 83.30
Pre-training MLP for 500 epochs to generate co-occurrence matrix...
Penalty transform 'homophily': rel Frobenius dist to original = 0.0788, off-diag CV of original penalty = 0.0890
MLP pre-training complete. Penalty matrix frozen.
Epoch: 00, Loss: 2.1408, Train: 82.86%, Valid: 56.40%, Test: 54.60%, Best Valid: 56.40%, Best Test: 54.60%
Epoch: 100, Loss: 0.0002, Train: 100.00%, Valid: 76.00%, Test: 76.40%, Best Valid: 81.00%, Best Test: 83.80%
Epoch: 200, Loss: 0.0010, Train: 100.00%, Valid: 78.60%, Test: 80.80%, Best Valid: 81.00%, Best Test: 83.80%
Epoch: 300, Loss: 0.0013, Train: 100.00%, Valid: 78.80%, Test: 80.70%, Best Valid: 81.00%, Best Test: 83.80%
Epoch: 400, Loss: 0.0013, Train: 100.00%, Valid: 79.60%, Test: 81.80%, Best Valid: 81.00%, Best Test: 83.80%
Run 08:
Highest Train: 100.00
Highest Valid: 81.00
Highest Test: 84.00
Chosen epoch: 6
Final Train: 98.57
Final Test: 83.80
Pre-training MLP for 500 epochs to generate co-occurrence matrix...
Penalty transform 'homophily': rel Frobenius dist to original = 0.0818, off-diag CV of original penalty = 0.0908
MLP pre-training complete. Penalty matrix frozen.
Epoch: 00, Loss: 2.1362, Train: 71.43%, Valid: 41.00%, Test: 38.80%, Best Valid: 41.00%, Best Test: 38.80%
Epoch: 100, Loss: 0.0001, Train: 100.00%, Valid: 73.80%, Test: 77.00%, Best Valid: 79.80%, Best Test: 82.60%
Epoch: 200, Loss: 0.0010, Train: 100.00%, Valid: 77.40%, Test: 80.10%, Best Valid: 79.80%, Best Test: 82.60%
Epoch: 300, Loss: 0.0011, Train: 100.00%, Valid: 78.40%, Test: 82.10%, Best Valid: 79.80%, Best Test: 82.60%
Epoch: 400, Loss: 0.0011, Train: 100.00%, Valid: 79.00%, Test: 81.60%, Best Valid: 79.80%, Best Test: 82.60%
Run 09:
Highest Train: 100.00
Highest Valid: 80.20
Highest Test: 83.20
Chosen epoch: 455
Final Train: 100.00
Final Test: 82.60
Pre-training MLP for 500 epochs to generate co-occurrence matrix...
Penalty transform 'homophily': rel Frobenius dist to original = 0.0798, off-diag CV of original penalty = 0.0893
MLP pre-training complete. Penalty matrix frozen.
Epoch: 00, Loss: 2.1426, Train: 60.00%, Valid: 43.20%, Test: 43.80%, Best Valid: 43.20%, Best Test: 43.80%
Epoch: 100, Loss: 0.0001, Train: 100.00%, Valid: 77.00%, Test: 79.90%, Best Valid: 80.40%, Best Test: 84.30%
Epoch: 200, Loss: 0.0009, Train: 100.00%, Valid: 78.60%, Test: 80.90%, Best Valid: 80.40%, Best Test: 84.30%
Epoch: 300, Loss: 0.0013, Train: 100.00%, Valid: 79.00%, Test: 81.70%, Best Valid: 80.40%, Best Test: 84.30%
Epoch: 400, Loss: 0.0013, Train: 100.00%, Valid: 79.40%, Test: 82.20%, Best Valid: 80.40%, Best Test: 84.30%
Run 10:
Highest Train: 100.00
Highest Valid: 80.40
Highest Test: 84.30
Chosen epoch: 16
Final Train: 99.29
Final Test: 84.30
All runs:
Highest Train: 100.00 ± 0.00
Highest Test: 83.86 ± 0.57
Highest Valid: 80.76 ± 0.59
  Final Train: 99.07 ± 0.68
   Final Test: 83.51 ± 0.56
Saving results to results/placebo/cora/MPNN_gat.csv
--- mlp_reg | transform=homophily | lambda=0.2 | mlp_epochs=500 ---
Namespace(bn=False, cpu=False, data_dir='./data/', dataset='cora', device=0, display_step=100, dropout=0.2, epochs=500, gnn='gat', hidden_channels=512, jk=False, label_num_per_class=20, lambda_val=0.2, ln=False, local_layers=3, lr=0.001, metric='acc', mlp_epochs=500, mlp_reg=True, model='MPNN', model_dir='models', num_heads=1, oracle_reg=False, paired_seeds=True, penalty_transform='homophily', pre_linear=False, pre_ln=False, rand_split=False, rand_split_class=True, reg_start_epoch=10, reg_update_freq=5, res=True, result_dir='results/placebo', runs=10, save_model=False, seed=123, test_num=1000, train_prop=0.5, use_reg=True, valid_num=500, valid_prop=0.25, weight_decay=0.0005)
cora
Num nodes: 2708
train:torch.Size([140]), valid:torch.Size([500]), test:torch.Size([1000])
dataset cora | num nodes 2708 | num edge 10556 | num node feats 1433 | num classes 7
MODEL: MPNNs(
  (h_lins): ModuleList()
  (local_convs): ModuleList(
    (0): GATConv(1433, 512, heads=1)
    (1): GATConv(512, 512, heads=1)
    (2): GATConv(512, 512, heads=1)
  )
  (lins): ModuleList(
    (0): Linear(in_features=1433, out_features=512, bias=True)
    (1): Linear(in_features=512, out_features=512, bias=True)
    (2): Linear(in_features=512, out_features=512, bias=True)
  )
  (lns): ModuleList(
    (0): LayerNorm((512,), eps=1e-05, elementwise_affine=True)
    (1): LayerNorm((512,), eps=1e-05, elementwise_affine=True)
    (2): LayerNorm((512,), eps=1e-05, elementwise_affine=True)
  )
  (bns): ModuleList(
    (0): BatchNorm1d(512, eps=1e-05, momentum=0.1, affine=True, track_running_stats=True)
    (1): BatchNorm1d(512, eps=1e-05, momentum=0.1, affine=True, track_running_stats=True)
    (2): BatchNorm1d(512, eps=1e-05, momentum=0.1, affine=True, track_running_stats=True)
  )
  (lin_in): Linear(in_features=1433, out_features=512, bias=True)
  (pred_local): Linear(in_features=512, out_features=7, bias=True)
)
Pre-training MLP for 500 epochs to generate co-occurrence matrix...
Penalty transform 'homophily': rel Frobenius dist to original = 0.0778, off-diag CV of original penalty = 0.0887
MLP pre-training complete. Penalty matrix frozen.
Epoch: 00, Loss: 2.3300, Train: 52.14%, Valid: 22.00%, Test: 22.10%, Best Valid: 22.00%, Best Test: 22.10%
Epoch: 100, Loss: 0.0001, Train: 100.00%, Valid: 77.40%, Test: 79.70%, Best Valid: 80.60%, Best Test: 84.50%
Epoch: 200, Loss: 0.0003, Train: 100.00%, Valid: 75.40%, Test: 78.30%, Best Valid: 80.60%, Best Test: 84.50%
Epoch: 300, Loss: 0.0009, Train: 100.00%, Valid: 77.40%, Test: 79.00%, Best Valid: 80.60%, Best Test: 84.50%
Epoch: 400, Loss: 0.0012, Train: 100.00%, Valid: 76.60%, Test: 80.70%, Best Valid: 80.60%, Best Test: 84.50%
Run 01:
Highest Train: 100.00
Highest Valid: 80.60
Highest Test: 84.50
Chosen epoch: 8
Final Train: 98.57
Final Test: 84.50
Pre-training MLP for 500 epochs to generate co-occurrence matrix...
Penalty transform 'homophily': rel Frobenius dist to original = 0.0833, off-diag CV of original penalty = 0.0940
MLP pre-training complete. Penalty matrix frozen.
Epoch: 00, Loss: 2.3375, Train: 81.43%, Valid: 60.20%, Test: 64.40%, Best Valid: 60.20%, Best Test: 64.40%
Epoch: 100, Loss: 0.0000, Train: 100.00%, Valid: 73.20%, Test: 76.60%, Best Valid: 80.60%, Best Test: 83.40%
Epoch: 200, Loss: 0.0008, Train: 100.00%, Valid: 75.20%, Test: 80.30%, Best Valid: 80.60%, Best Test: 83.40%
Epoch: 300, Loss: 0.0012, Train: 100.00%, Valid: 77.20%, Test: 81.30%, Best Valid: 80.60%, Best Test: 83.40%
Epoch: 400, Loss: 0.0013, Train: 100.00%, Valid: 78.20%, Test: 82.00%, Best Valid: 80.60%, Best Test: 83.40%
Run 02:
Highest Train: 100.00
Highest Valid: 80.60
Highest Test: 83.40
Chosen epoch: 8
Final Train: 99.29
Final Test: 83.40
Pre-training MLP for 500 epochs to generate co-occurrence matrix...
Penalty transform 'homophily': rel Frobenius dist to original = 0.0756, off-diag CV of original penalty = 0.0879
MLP pre-training complete. Penalty matrix frozen.
Epoch: 00, Loss: 2.3380, Train: 74.29%, Valid: 42.40%, Test: 44.00%, Best Valid: 42.40%, Best Test: 44.00%
Epoch: 100, Loss: 0.0001, Train: 100.00%, Valid: 78.00%, Test: 80.90%, Best Valid: 81.00%, Best Test: 83.60%
Epoch: 200, Loss: 0.0008, Train: 100.00%, Valid: 76.60%, Test: 81.70%, Best Valid: 81.00%, Best Test: 83.60%
Epoch: 300, Loss: 0.0012, Train: 100.00%, Valid: 78.40%, Test: 81.80%, Best Valid: 81.00%, Best Test: 83.60%
Epoch: 400, Loss: 0.0015, Train: 100.00%, Valid: 79.60%, Test: 81.40%, Best Valid: 81.00%, Best Test: 83.60%
Run 03:
Highest Train: 100.00
Highest Valid: 81.00
Highest Test: 83.60
Chosen epoch: 8
Final Train: 99.29
Final Test: 83.60
Pre-training MLP for 500 epochs to generate co-occurrence matrix...
Penalty transform 'homophily': rel Frobenius dist to original = 0.0859, off-diag CV of original penalty = 0.0958
MLP pre-training complete. Penalty matrix frozen.
Epoch: 00, Loss: 2.3301, Train: 72.14%, Valid: 39.80%, Test: 42.90%, Best Valid: 39.80%, Best Test: 42.90%
Epoch: 100, Loss: 0.0007, Train: 100.00%, Valid: 73.60%, Test: 76.90%, Best Valid: 81.60%, Best Test: 82.80%
Epoch: 200, Loss: 0.0008, Train: 100.00%, Valid: 77.60%, Test: 80.70%, Best Valid: 81.60%, Best Test: 82.80%
Epoch: 300, Loss: 0.0012, Train: 100.00%, Valid: 77.80%, Test: 81.10%, Best Valid: 81.60%, Best Test: 82.80%
Epoch: 400, Loss: 0.0014, Train: 100.00%, Valid: 78.60%, Test: 81.50%, Best Valid: 81.60%, Best Test: 82.80%
Run 04:
Highest Train: 100.00
Highest Valid: 81.60
Highest Test: 84.90
Chosen epoch: 20
Final Train: 98.57
Final Test: 82.80
Pre-training MLP for 500 epochs to generate co-occurrence matrix...
Penalty transform 'homophily': rel Frobenius dist to original = 0.0756, off-diag CV of original penalty = 0.0860
MLP pre-training complete. Penalty matrix frozen.
Epoch: 00, Loss: 2.3365, Train: 91.43%, Valid: 58.40%, Test: 57.60%, Best Valid: 58.40%, Best Test: 57.60%
Epoch: 100, Loss: 0.0002, Train: 100.00%, Valid: 75.80%, Test: 77.80%, Best Valid: 80.80%, Best Test: 83.40%
Epoch: 200, Loss: 0.0009, Train: 100.00%, Valid: 77.00%, Test: 79.10%, Best Valid: 80.80%, Best Test: 83.40%
Epoch: 300, Loss: 0.0011, Train: 100.00%, Valid: 77.00%, Test: 79.50%, Best Valid: 80.80%, Best Test: 83.40%
Epoch: 400, Loss: 0.0017, Train: 100.00%, Valid: 78.40%, Test: 80.40%, Best Valid: 80.80%, Best Test: 83.40%
Run 05:
Highest Train: 100.00
Highest Valid: 80.80
Highest Test: 83.40
Chosen epoch: 8
Final Train: 97.86
Final Test: 83.40
Pre-training MLP for 500 epochs to generate co-occurrence matrix...
Penalty transform 'homophily': rel Frobenius dist to original = 0.0748, off-diag CV of original penalty = 0.0848
MLP pre-training complete. Penalty matrix frozen.
Epoch: 00, Loss: 2.3389, Train: 83.57%, Valid: 53.80%, Test: 55.70%, Best Valid: 53.80%, Best Test: 55.70%
Epoch: 100, Loss: 0.0001, Train: 100.00%, Valid: 74.40%, Test: 78.90%, Best Valid: 82.40%, Best Test: 83.20%
Epoch: 200, Loss: 0.0011, Train: 100.00%, Valid: 77.60%, Test: 82.20%, Best Valid: 82.40%, Best Test: 83.20%
Epoch: 300, Loss: 0.0015, Train: 100.00%, Valid: 77.80%, Test: 81.00%, Best Valid: 82.40%, Best Test: 83.20%
Epoch: 400, Loss: 0.0013, Train: 100.00%, Valid: 78.60%, Test: 80.50%, Best Valid: 82.40%, Best Test: 83.20%
Run 06:
Highest Train: 100.00
Highest Valid: 82.40
Highest Test: 83.20
Chosen epoch: 13
Final Train: 100.00
Final Test: 83.20
Pre-training MLP for 500 epochs to generate co-occurrence matrix...
Penalty transform 'homophily': rel Frobenius dist to original = 0.0797, off-diag CV of original penalty = 0.0902
MLP pre-training complete. Penalty matrix frozen.
Epoch: 00, Loss: 2.3348, Train: 67.14%, Valid: 34.80%, Test: 37.40%, Best Valid: 34.80%, Best Test: 37.40%
Epoch: 100, Loss: 0.0002, Train: 100.00%, Valid: 78.00%, Test: 81.60%, Best Valid: 80.20%, Best Test: 83.40%
Epoch: 200, Loss: 0.0009, Train: 100.00%, Valid: 78.00%, Test: 81.60%, Best Valid: 80.20%, Best Test: 83.40%
Epoch: 300, Loss: 0.0013, Train: 100.00%, Valid: 79.60%, Test: 81.10%, Best Valid: 80.20%, Best Test: 83.40%
Epoch: 400, Loss: 0.0013, Train: 100.00%, Valid: 80.20%, Test: 82.20%, Best Valid: 80.40%, Best Test: 81.80%
Run 07:
Highest Train: 100.00
Highest Valid: 80.80
Highest Test: 84.00
Chosen epoch: 486
Final Train: 100.00
Final Test: 82.60
Pre-training MLP for 500 epochs to generate co-occurrence matrix...
Penalty transform 'homophily': rel Frobenius dist to original = 0.0788, off-diag CV of original penalty = 0.0890
MLP pre-training complete. Penalty matrix frozen.
Epoch: 00, Loss: 2.3354, Train: 82.86%, Valid: 56.40%, Test: 54.50%, Best Valid: 56.40%, Best Test: 54.50%
Epoch: 100, Loss: 0.0005, Train: 100.00%, Valid: 77.80%, Test: 81.50%, Best Valid: 81.20%, Best Test: 84.10%
Epoch: 200, Loss: 0.0012, Train: 100.00%, Valid: 78.80%, Test: 81.80%, Best Valid: 81.20%, Best Test: 84.10%
Epoch: 300, Loss: 0.0015, Train: 100.00%, Valid: 79.00%, Test: 82.30%, Best Valid: 81.20%, Best Test: 84.10%
Epoch: 400, Loss: 0.0015, Train: 100.00%, Valid: 78.60%, Test: 81.70%, Best Valid: 81.20%, Best Test: 84.10%
Run 08:
Highest Train: 100.00
Highest Valid: 81.20
Highest Test: 84.10
Chosen epoch: 6
Final Train: 98.57
Final Test: 84.10
Pre-training MLP for 500 epochs to generate co-occurrence matrix...
Penalty transform 'homophily': rel Frobenius dist to original = 0.0818, off-diag CV of original penalty = 0.0908
MLP pre-training complete. Penalty matrix frozen.
Epoch: 00, Loss: 2.3304, Train: 70.71%, Valid: 40.80%, Test: 38.20%, Best Valid: 40.80%, Best Test: 38.20%
Epoch: 100, Loss: 0.0001, Train: 100.00%, Valid: 74.80%, Test: 74.80%, Best Valid: 81.00%, Best Test: 82.20%
Epoch: 200, Loss: 0.0009, Train: 100.00%, Valid: 77.60%, Test: 79.70%, Best Valid: 81.00%, Best Test: 82.20%
Epoch: 300, Loss: 0.0013, Train: 100.00%, Valid: 78.20%, Test: 81.60%, Best Valid: 81.00%, Best Test: 82.20%
Epoch: 400, Loss: 0.0012, Train: 100.00%, Valid: 79.00%, Test: 81.80%, Best Valid: 81.00%, Best Test: 82.20%
Run 09:
Highest Train: 100.00
Highest Valid: 81.00
Highest Test: 83.40
Chosen epoch: 22
Final Train: 100.00
Final Test: 82.20
Pre-training MLP for 500 epochs to generate co-occurrence matrix...
Penalty transform 'homophily': rel Frobenius dist to original = 0.0798, off-diag CV of original penalty = 0.0893
MLP pre-training complete. Penalty matrix frozen.
Epoch: 00, Loss: 2.3374, Train: 60.00%, Valid: 43.20%, Test: 43.60%, Best Valid: 43.20%, Best Test: 43.60%
Epoch: 100, Loss: 0.0003, Train: 100.00%, Valid: 74.80%, Test: 79.30%, Best Valid: 80.20%, Best Test: 82.70%
Epoch: 200, Loss: 0.0008, Train: 100.00%, Valid: 78.60%, Test: 81.80%, Best Valid: 80.20%, Best Test: 82.70%
Epoch: 300, Loss: 0.0016, Train: 100.00%, Valid: 78.00%, Test: 82.70%, Best Valid: 80.20%, Best Test: 82.70%
Epoch: 400, Loss: 0.0015, Train: 100.00%, Valid: 78.80%, Test: 81.70%, Best Valid: 80.20%, Best Test: 82.70%
Run 10:
Highest Train: 100.00
Highest Valid: 80.20
Highest Test: 84.60
Chosen epoch: 8
Final Train: 98.57
Final Test: 82.70
All runs:
Highest Train: 100.00 ± 0.00
Highest Test: 83.91 ± 0.60
Highest Valid: 81.02 ± 0.61
  Final Train: 99.07 ± 0.76
   Final Test: 83.25 ± 0.71
Saving results to results/placebo/cora/MPNN_gat.csv
--- mlp_reg | transform=homophily | lambda=0.4 | mlp_epochs=500 ---
Namespace(bn=False, cpu=False, data_dir='./data/', dataset='cora', device=0, display_step=100, dropout=0.2, epochs=500, gnn='gat', hidden_channels=512, jk=False, label_num_per_class=20, lambda_val=0.4, ln=False, local_layers=3, lr=0.001, metric='acc', mlp_epochs=500, mlp_reg=True, model='MPNN', model_dir='models', num_heads=1, oracle_reg=False, paired_seeds=True, penalty_transform='homophily', pre_linear=False, pre_ln=False, rand_split=False, rand_split_class=True, reg_start_epoch=10, reg_update_freq=5, res=True, result_dir='results/placebo', runs=10, save_model=False, seed=123, test_num=1000, train_prop=0.5, use_reg=True, valid_num=500, valid_prop=0.25, weight_decay=0.0005)
cora
Num nodes: 2708
train:torch.Size([140]), valid:torch.Size([500]), test:torch.Size([1000])
dataset cora | num nodes 2708 | num edge 10556 | num node feats 1433 | num classes 7
MODEL: MPNNs(
  (h_lins): ModuleList()
  (local_convs): ModuleList(
    (0): GATConv(1433, 512, heads=1)
    (1): GATConv(512, 512, heads=1)
    (2): GATConv(512, 512, heads=1)
  )
  (lins): ModuleList(
    (0): Linear(in_features=1433, out_features=512, bias=True)
    (1): Linear(in_features=512, out_features=512, bias=True)
    (2): Linear(in_features=512, out_features=512, bias=True)
  )
  (lns): ModuleList(
    (0): LayerNorm((512,), eps=1e-05, elementwise_affine=True)
    (1): LayerNorm((512,), eps=1e-05, elementwise_affine=True)
    (2): LayerNorm((512,), eps=1e-05, elementwise_affine=True)
  )
  (bns): ModuleList(
    (0): BatchNorm1d(512, eps=1e-05, momentum=0.1, affine=True, track_running_stats=True)
    (1): BatchNorm1d(512, eps=1e-05, momentum=0.1, affine=True, track_running_stats=True)
    (2): BatchNorm1d(512, eps=1e-05, momentum=0.1, affine=True, track_running_stats=True)
  )
  (lin_in): Linear(in_features=1433, out_features=512, bias=True)
  (pred_local): Linear(in_features=512, out_features=7, bias=True)
)
Pre-training MLP for 500 epochs to generate co-occurrence matrix...
Penalty transform 'homophily': rel Frobenius dist to original = 0.0778, off-diag CV of original penalty = 0.0887
MLP pre-training complete. Penalty matrix frozen.
Epoch: 00, Loss: 2.7184, Train: 50.00%, Valid: 21.40%, Test: 21.50%, Best Valid: 21.40%, Best Test: 21.50%
Epoch: 100, Loss: 0.0001, Train: 100.00%, Valid: 73.60%, Test: 76.20%, Best Valid: 80.80%, Best Test: 84.60%
Epoch: 200, Loss: 0.0005, Train: 100.00%, Valid: 78.20%, Test: 80.70%, Best Valid: 80.80%, Best Test: 84.60%
Epoch: 300, Loss: 0.0014, Train: 100.00%, Valid: 78.00%, Test: 81.20%, Best Valid: 80.80%, Best Test: 84.60%
Epoch: 400, Loss: 0.0014, Train: 100.00%, Valid: 78.60%, Test: 80.50%, Best Valid: 80.80%, Best Test: 84.60%
Run 01:
Highest Train: 100.00
Highest Valid: 80.80
Highest Test: 84.60
Chosen epoch: 8
Final Train: 98.57
Final Test: 84.60
Pre-training MLP for 500 epochs to generate co-occurrence matrix...
Penalty transform 'homophily': rel Frobenius dist to original = 0.0833, off-diag CV of original penalty = 0.0940
MLP pre-training complete. Penalty matrix frozen.
Epoch: 00, Loss: 2.7271, Train: 82.14%, Valid: 59.80%, Test: 64.20%, Best Valid: 59.80%, Best Test: 64.20%
Epoch: 100, Loss: 0.0001, Train: 100.00%, Valid: 72.80%, Test: 78.50%, Best Valid: 80.60%, Best Test: 83.30%
Epoch: 200, Loss: 0.0008, Train: 100.00%, Valid: 76.40%, Test: 81.20%, Best Valid: 80.60%, Best Test: 83.30%
Epoch: 300, Loss: 0.0014, Train: 100.00%, Valid: 77.20%, Test: 81.20%, Best Valid: 80.60%, Best Test: 83.30%
Epoch: 400, Loss: 0.0016, Train: 100.00%, Valid: 78.00%, Test: 81.90%, Best Valid: 80.60%, Best Test: 83.30%
Run 02:
Highest Train: 100.00
Highest Valid: 80.60
Highest Test: 83.30
Chosen epoch: 8
Final Train: 99.29
Final Test: 83.30
Pre-training MLP for 500 epochs to generate co-occurrence matrix...
Penalty transform 'homophily': rel Frobenius dist to original = 0.0756, off-diag CV of original penalty = 0.0879
MLP pre-training complete. Penalty matrix frozen.
Epoch: 00, Loss: 2.7277, Train: 73.57%, Valid: 41.60%, Test: 43.20%, Best Valid: 41.60%, Best Test: 43.20%
Epoch: 100, Loss: 0.0008, Train: 100.00%, Valid: 74.80%, Test: 80.00%, Best Valid: 81.60%, Best Test: 83.60%
Epoch: 200, Loss: 0.0011, Train: 100.00%, Valid: 77.80%, Test: 81.70%, Best Valid: 81.60%, Best Test: 83.60%
Epoch: 300, Loss: 0.0015, Train: 100.00%, Valid: 79.20%, Test: 81.80%, Best Valid: 81.60%, Best Test: 83.60%
Epoch: 400, Loss: 0.0018, Train: 100.00%, Valid: 79.40%, Test: 81.60%, Best Valid: 81.60%, Best Test: 83.60%
Run 03:
Highest Train: 100.00
Highest Valid: 81.60
Highest Test: 83.60
Chosen epoch: 8
Final Train: 99.29
Final Test: 83.60
Pre-training MLP for 500 epochs to generate co-occurrence matrix...
Penalty transform 'homophily': rel Frobenius dist to original = 0.0859, off-diag CV of original penalty = 0.0958
MLP pre-training complete. Penalty matrix frozen.
Epoch: 00, Loss: 2.7185, Train: 72.14%, Valid: 39.60%, Test: 42.60%, Best Valid: 39.60%, Best Test: 42.60%
Epoch: 100, Loss: 0.0002, Train: 100.00%, Valid: 77.60%, Test: 81.50%, Best Valid: 82.60%, Best Test: 83.80%
Epoch: 200, Loss: 0.0011, Train: 100.00%, Valid: 77.00%, Test: 81.60%, Best Valid: 82.60%, Best Test: 83.80%
Epoch: 300, Loss: 0.0014, Train: 100.00%, Valid: 77.60%, Test: 81.20%, Best Valid: 82.60%, Best Test: 83.80%
Epoch: 400, Loss: 0.0017, Train: 100.00%, Valid: 79.00%, Test: 80.60%, Best Valid: 82.60%, Best Test: 83.80%
Run 04:
Highest Train: 100.00
Highest Valid: 82.60
Highest Test: 84.80
Chosen epoch: 21
Final Train: 100.00
Final Test: 83.80
Pre-training MLP for 500 epochs to generate co-occurrence matrix...
Penalty transform 'homophily': rel Frobenius dist to original = 0.0756, off-diag CV of original penalty = 0.0860
MLP pre-training complete. Penalty matrix frozen.
Epoch: 00, Loss: 2.7260, Train: 90.71%, Valid: 58.20%, Test: 57.60%, Best Valid: 58.20%, Best Test: 57.60%
Epoch: 100, Loss: 0.0001, Train: 100.00%, Valid: 75.00%, Test: 76.30%, Best Valid: 81.20%, Best Test: 83.90%
Epoch: 200, Loss: 0.0011, Train: 100.00%, Valid: 77.20%, Test: 78.90%, Best Valid: 81.20%, Best Test: 83.90%
Epoch: 300, Loss: 0.0014, Train: 100.00%, Valid: 78.20%, Test: 80.30%, Best Valid: 81.20%, Best Test: 83.90%
Epoch: 400, Loss: 0.0017, Train: 100.00%, Valid: 78.80%, Test: 81.30%, Best Valid: 81.20%, Best Test: 83.90%
Run 05:
Highest Train: 100.00
Highest Valid: 81.20
Highest Test: 83.90
Chosen epoch: 8
Final Train: 97.86
Final Test: 83.90
Pre-training MLP for 500 epochs to generate co-occurrence matrix...
Penalty transform 'homophily': rel Frobenius dist to original = 0.0748, off-diag CV of original penalty = 0.0848
MLP pre-training complete. Penalty matrix frozen.
Epoch: 00, Loss: 2.7287, Train: 83.57%, Valid: 54.20%, Test: 55.80%, Best Valid: 54.20%, Best Test: 55.80%
Epoch: 100, Loss: 0.0002, Train: 100.00%, Valid: 78.60%, Test: 81.60%, Best Valid: 82.80%, Best Test: 83.40%
Epoch: 200, Loss: 0.0008, Train: 100.00%, Valid: 79.20%, Test: 82.00%, Best Valid: 82.80%, Best Test: 83.40%
Epoch: 300, Loss: 0.0016, Train: 100.00%, Valid: 79.00%, Test: 81.70%, Best Valid: 82.80%, Best Test: 83.40%
Epoch: 400, Loss: 0.0015, Train: 100.00%, Valid: 78.80%, Test: 80.90%, Best Valid: 82.80%, Best Test: 83.40%
Run 06:
Highest Train: 100.00
Highest Valid: 82.80
Highest Test: 83.40
Chosen epoch: 13
Final Train: 100.00
Final Test: 83.40
Pre-training MLP for 500 epochs to generate co-occurrence matrix...
Penalty transform 'homophily': rel Frobenius dist to original = 0.0797, off-diag CV of original penalty = 0.0902
MLP pre-training complete. Penalty matrix frozen.
Epoch: 00, Loss: 2.7239, Train: 66.43%, Valid: 34.40%, Test: 37.30%, Best Valid: 34.40%, Best Test: 37.30%
Epoch: 100, Loss: 0.0002, Train: 100.00%, Valid: 79.00%, Test: 82.70%, Best Valid: 81.60%, Best Test: 83.60%
Epoch: 200, Loss: 0.0011, Train: 100.00%, Valid: 80.40%, Test: 82.80%, Best Valid: 81.60%, Best Test: 83.60%
Epoch: 300, Loss: 0.0015, Train: 100.00%, Valid: 80.00%, Test: 82.60%, Best Valid: 81.60%, Best Test: 83.60%
Epoch: 400, Loss: 0.0015, Train: 100.00%, Valid: 79.40%, Test: 82.70%, Best Valid: 81.60%, Best Test: 83.60%
Run 07:
Highest Train: 100.00
Highest Valid: 81.60
Highest Test: 84.00
Chosen epoch: 54
Final Train: 100.00
Final Test: 83.60
Pre-training MLP for 500 epochs to generate co-occurrence matrix...
Penalty transform 'homophily': rel Frobenius dist to original = 0.0788, off-diag CV of original penalty = 0.0890
MLP pre-training complete. Penalty matrix frozen.
Epoch: 00, Loss: 2.7246, Train: 81.43%, Valid: 56.20%, Test: 54.20%, Best Valid: 56.20%, Best Test: 54.20%
Epoch: 100, Loss: 0.0002, Train: 100.00%, Valid: 78.00%, Test: 80.80%, Best Valid: 81.60%, Best Test: 82.90%
Epoch: 200, Loss: 0.0017, Train: 100.00%, Valid: 79.00%, Test: 82.60%, Best Valid: 81.60%, Best Test: 82.90%
Epoch: 300, Loss: 0.0014, Train: 100.00%, Valid: 79.00%, Test: 82.10%, Best Valid: 81.60%, Best Test: 82.90%
Epoch: 400, Loss: 0.0015, Train: 100.00%, Valid: 79.60%, Test: 82.70%, Best Valid: 81.60%, Best Test: 82.90%
Run 08:
Highest Train: 100.00
Highest Valid: 81.60
Highest Test: 84.00
Chosen epoch: 44
Final Train: 100.00
Final Test: 82.90
Pre-training MLP for 500 epochs to generate co-occurrence matrix...
Penalty transform 'homophily': rel Frobenius dist to original = 0.0818, off-diag CV of original penalty = 0.0908
MLP pre-training complete. Penalty matrix frozen.
Epoch: 00, Loss: 2.7188, Train: 70.71%, Valid: 40.40%, Test: 38.00%, Best Valid: 40.40%, Best Test: 38.00%
Epoch: 100, Loss: 0.0001, Train: 100.00%, Valid: 77.40%, Test: 79.60%, Best Valid: 80.20%, Best Test: 82.20%
Epoch: 200, Loss: 0.0012, Train: 100.00%, Valid: 78.40%, Test: 82.00%, Best Valid: 80.20%, Best Test: 82.20%
Epoch: 300, Loss: 0.0014, Train: 100.00%, Valid: 79.80%, Test: 82.20%, Best Valid: 80.20%, Best Test: 82.20%
Epoch: 400, Loss: 0.0015, Train: 100.00%, Valid: 80.00%, Test: 82.60%, Best Valid: 80.20%, Best Test: 82.20%
Run 09:
Highest Train: 100.00
Highest Valid: 80.60
Highest Test: 83.40
Chosen epoch: 487
Final Train: 100.00
Final Test: 82.90
Pre-training MLP for 500 epochs to generate co-occurrence matrix...
Penalty transform 'homophily': rel Frobenius dist to original = 0.0798, off-diag CV of original penalty = 0.0893
MLP pre-training complete. Penalty matrix frozen.
Epoch: 00, Loss: 2.7269, Train: 59.29%, Valid: 43.00%, Test: 43.40%, Best Valid: 43.00%, Best Test: 43.40%
Epoch: 100, Loss: 0.0002, Train: 100.00%, Valid: 75.00%, Test: 79.20%, Best Valid: 80.60%, Best Test: 84.90%
Epoch: 200, Loss: 0.0012, Train: 100.00%, Valid: 78.80%, Test: 80.80%, Best Valid: 80.60%, Best Test: 84.90%
Epoch: 300, Loss: 0.0016, Train: 100.00%, Valid: 79.40%, Test: 81.10%, Best Valid: 80.60%, Best Test: 84.90%
Epoch: 400, Loss: 0.0017, Train: 100.00%, Valid: 79.20%, Test: 81.90%, Best Valid: 80.60%, Best Test: 84.90%
Run 10:
Highest Train: 100.00
Highest Valid: 80.60
Highest Test: 84.90
Chosen epoch: 16
Final Train: 99.29
Final Test: 84.90
All runs:
Highest Train: 100.00 ± 0.00
Highest Test: 83.99 ± 0.60
Highest Valid: 81.40 ± 0.81
  Final Train: 99.43 ± 0.74
   Final Test: 83.69 ± 0.65
Saving results to results/placebo/cora/MPNN_gat.csv
Condition sweep completed.
Task 8 done.
