==========================================================
Placebo sweep | Task 1
Job: 1108495 | Date: Thu Jul 16 03:22:37 PM EDT 2026 | Host: n0002
==========================================================
Thu Jul 16 15:22:49 2026       
+-----------------------------------------------------------------------------------------+
| NVIDIA-SMI 580.159.04             Driver Version: 580.159.04     CUDA Version: 13.0     |
+-----------------------------------------+------------------------+----------------------+
| GPU  Name                 Persistence-M | Bus-Id          Disp.A | Volatile Uncorr. ECC |
| Fan  Temp   Perf          Pwr:Usage/Cap |           Memory-Usage | GPU-Util  Compute M. |
|                                         |                        |               MIG M. |
|=========================================+========================+======================|
|   0  NVIDIA A100-SXM4-80GB          On  |   00000000:01:00.0 Off |                   On |
| N/A   34C    P0             95W /  500W |    1592MiB /  81920MiB |     N/A      Default |
|                                         |                        |              Enabled |
+-----------------------------------------+------------------------+----------------------+
|   1  NVIDIA A100-SXM4-80GB          On  |   00000000:41:00.0 Off |                   On |
| N/A   30C    P0             87W /  500W |    4086MiB /  81920MiB |     N/A      Default |
|                                         |                        |              Enabled |
+-----------------------------------------+------------------------+----------------------+
|   2  NVIDIA A100-SXM4-80GB          On  |   00000000:81:00.0 Off |                   On |
| N/A   33C    P0             95W /  500W |    4096MiB /  81920MiB |     N/A      Default |
|                                         |                        |              Enabled |
+-----------------------------------------+------------------------+----------------------+
|   3  NVIDIA A100-SXM4-80GB          On  |   00000000:C1:00.0 Off |                   On |
| N/A   31C    P0            103W /  500W |    2574MiB /  81920MiB |     N/A      Default |
|                                         |                        |              Enabled |
+-----------------------------------------+------------------------+----------------------+

+-----------------------------------------------------------------------------------------+
| MIG devices:                                                                            |
+------------------+----------------------------------+-----------+-----------------------+
| GPU  GI  CI  MIG |              Shared Memory-Usage |        Vol|        Shared         |
|      ID  ID  Dev |                Shared BAR1-Usage | SM     Unc| CE ENC  DEC  OFA  JPG |
|                  |                                  |        ECC|                       |
|==================+==================================+===========+=======================|
|  1    3   0   0  |              71MiB / 19968MiB    | 28      0 |  2   0    1    0    0 |
|                  |               0MiB / 12271MiB    |           |                       |
+------------------+----------------------------------+-----------+-----------------------+

+-----------------------------------------------------------------------------------------+
| Processes:                                                                              |
|  GPU   GI   CI              PID   Type   Process name                        GPU Memory |
|        ID   ID                                                               Usage      |
|=========================================================================================|
|    0   13    0           242737      C   ...ftware/ase-new-env/bin/python        694MiB |
|    0   14    0           242738      C   ...ftware/ase-new-env/bin/python        634MiB |
|    2    9    0           246565      C   ...ftware/ase-new-env/bin/python       1906MiB |
|    2   10    0           246566      C   ...ftware/ase-new-env/bin/python       1926MiB |
|    3   14    0           526326      C   python                                 2310MiB |
+-----------------------------------------------------------------------------------------+
1.12.1
True
==========================================================
Condition sweep: python main.py --gnn gcn --dataset cora --lr 0.001 --local_layers 3 --hidden_channels 512 --weight_decay 5e-4 --dropout 0.7 --rand_split_class --valid_num 500 --test_num 1000 --seed 123 --device 0 --runs 10
result_dir=results/placebo transforms=[shuffle] oracle=0 baseline=0
==========================================================
--- mlp_reg | transform=shuffle | lambda=0.01 | mlp_epochs=500 ---
Namespace(bn=False, cpu=False, data_dir='./data/', dataset='cora', device=0, display_step=100, dropout=0.7, epochs=500, gnn='gcn', hidden_channels=512, jk=False, label_num_per_class=20, lambda_val=0.01, ln=False, local_layers=3, lr=0.001, metric='acc', mlp_epochs=500, mlp_reg=True, model='MPNN', model_dir='models', num_heads=1, oracle_reg=False, paired_seeds=True, penalty_transform='shuffle', pre_linear=False, pre_ln=False, rand_split=False, rand_split_class=True, reg_start_epoch=10, reg_update_freq=5, res=False, result_dir='results/placebo', runs=10, save_model=False, seed=123, test_num=1000, train_prop=0.5, use_reg=True, valid_num=500, valid_prop=0.25, weight_decay=0.0005)
cora
Num nodes: 2708
train:torch.Size([140]), valid:torch.Size([500]), test:torch.Size([1000])
dataset cora | num nodes 2708 | num edge 10556 | num node feats 1433 | num classes 7
MODEL: MPNNs(
  (h_lins): ModuleList()
  (local_convs): ModuleList(
    (0): GCNConv(1433, 512)
    (1): GCNConv(512, 512)
    (2): GCNConv(512, 512)
  )
  (lins): ModuleList(
    (0): Linear(in_features=1433, out_features=512, bias=True)
    (1): Linear(in_features=512, out_features=512, bias=True)
    (2): Linear(in_features=512, out_features=512, bias=True)
  )
  (lns): ModuleList(
    (0): LayerNorm((512,), eps=1e-05, elementwise_affine=True)
    (1): LayerNorm((512,), eps=1e-05, elementwise_affine=True)
    (2): LayerNorm((512,), eps=1e-05, elementwise_affine=True)
  )
  (bns): ModuleList(
    (0): BatchNorm1d(512, eps=1e-05, momentum=0.1, affine=True, track_running_stats=True)
    (1): BatchNorm1d(512, eps=1e-05, momentum=0.1, affine=True, track_running_stats=True)
    (2): BatchNorm1d(512, eps=1e-05, momentum=0.1, affine=True, track_running_stats=True)
  )
  (lin_in): Linear(in_features=1433, out_features=512, bias=True)
  (pred_local): Linear(in_features=512, out_features=7, bias=True)
)
Pre-training MLP for 500 epochs to generate co-occurrence matrix...
Penalty transform 'shuffle': rel Frobenius dist to original = 0.2758, off-diag CV of original penalty = 0.0781
MLP pre-training complete. Penalty matrix frozen.
Epoch: 00, Loss: 1.9612, Train: 24.29%, Valid: 21.00%, Test: 23.20%, Best Valid: 21.00%, Best Test: 23.20%
Epoch: 100, Loss: 0.0143, Train: 100.00%, Valid: 79.00%, Test: 83.30%, Best Valid: 80.40%, Best Test: 84.50%
Epoch: 200, Loss: 0.0063, Train: 100.00%, Valid: 79.00%, Test: 83.20%, Best Valid: 81.20%, Best Test: 83.40%
Epoch: 300, Loss: 0.0090, Train: 100.00%, Valid: 77.60%, Test: 82.70%, Best Valid: 81.20%, Best Test: 83.40%
Epoch: 400, Loss: 0.0066, Train: 100.00%, Valid: 79.40%, Test: 82.80%, Best Valid: 81.20%, Best Test: 83.40%
Run 01:
Highest Train: 100.00
Highest Valid: 81.20
Highest Test: 84.70
Chosen epoch: 122
Final Train: 100.00
Final Test: 83.40
Pre-training MLP for 500 epochs to generate co-occurrence matrix...
Penalty transform 'shuffle': rel Frobenius dist to original = 0.3074, off-diag CV of original penalty = 0.0790
MLP pre-training complete. Penalty matrix frozen.
Epoch: 00, Loss: 1.9633, Train: 14.29%, Valid: 7.40%, Test: 8.20%, Best Valid: 7.40%, Best Test: 8.20%
Epoch: 100, Loss: 0.0079, Train: 100.00%, Valid: 80.20%, Test: 84.10%, Best Valid: 81.20%, Best Test: 83.70%
Epoch: 200, Loss: 0.0040, Train: 100.00%, Valid: 78.20%, Test: 83.60%, Best Valid: 81.20%, Best Test: 83.70%
Epoch: 300, Loss: 0.0044, Train: 100.00%, Valid: 78.00%, Test: 82.20%, Best Valid: 81.20%, Best Test: 83.70%
Epoch: 400, Loss: 0.0034, Train: 100.00%, Valid: 77.60%, Test: 81.50%, Best Valid: 81.20%, Best Test: 83.70%
Run 02:
Highest Train: 100.00
Highest Valid: 81.20
Highest Test: 85.20
Chosen epoch: 58
Final Train: 100.00
Final Test: 83.70
Pre-training MLP for 500 epochs to generate co-occurrence matrix...
Penalty transform 'shuffle': rel Frobenius dist to original = 0.2517, off-diag CV of original penalty = 0.0830
MLP pre-training complete. Penalty matrix frozen.
Epoch: 00, Loss: 1.9687, Train: 21.43%, Valid: 11.00%, Test: 13.80%, Best Valid: 11.00%, Best Test: 13.80%
Epoch: 100, Loss: 0.0057, Train: 100.00%, Valid: 79.00%, Test: 82.30%, Best Valid: 81.00%, Best Test: 85.60%
Epoch: 200, Loss: 0.0169, Train: 100.00%, Valid: 79.00%, Test: 83.20%, Best Valid: 81.00%, Best Test: 85.60%
Epoch: 300, Loss: 0.0045, Train: 100.00%, Valid: 78.80%, Test: 82.60%, Best Valid: 81.00%, Best Test: 85.60%
Epoch: 400, Loss: 0.0063, Train: 100.00%, Valid: 77.00%, Test: 81.20%, Best Valid: 81.00%, Best Test: 85.60%
Run 03:
Highest Train: 100.00
Highest Valid: 81.00
Highest Test: 85.60
Chosen epoch: 33
Final Train: 98.57
Final Test: 85.60
Pre-training MLP for 500 epochs to generate co-occurrence matrix...
Penalty transform 'shuffle': rel Frobenius dist to original = 0.2930, off-diag CV of original penalty = 0.0778
MLP pre-training complete. Penalty matrix frozen.
Epoch: 00, Loss: 1.9624, Train: 15.71%, Valid: 15.00%, Test: 12.00%, Best Valid: 15.00%, Best Test: 12.00%
Epoch: 100, Loss: 0.0098, Train: 100.00%, Valid: 79.60%, Test: 83.10%, Best Valid: 81.60%, Best Test: 84.70%
Epoch: 200, Loss: 0.0044, Train: 100.00%, Valid: 78.80%, Test: 83.60%, Best Valid: 81.60%, Best Test: 84.70%
Epoch: 300, Loss: 0.0073, Train: 100.00%, Valid: 78.00%, Test: 81.70%, Best Valid: 81.60%, Best Test: 84.70%
Epoch: 400, Loss: 0.0100, Train: 100.00%, Valid: 77.80%, Test: 82.40%, Best Valid: 81.60%, Best Test: 84.70%
Run 04:
Highest Train: 100.00
Highest Valid: 81.60
Highest Test: 85.50
Chosen epoch: 24
Final Train: 96.43
Final Test: 84.70
Pre-training MLP for 500 epochs to generate co-occurrence matrix...
Penalty transform 'shuffle': rel Frobenius dist to original = 0.2906, off-diag CV of original penalty = 0.0783
MLP pre-training complete. Penalty matrix frozen.
Epoch: 00, Loss: 1.9706, Train: 25.00%, Valid: 18.20%, Test: 22.00%, Best Valid: 18.20%, Best Test: 22.00%
Epoch: 100, Loss: 0.0073, Train: 100.00%, Valid: 79.00%, Test: 83.80%, Best Valid: 81.60%, Best Test: 84.30%
Epoch: 200, Loss: 0.0050, Train: 100.00%, Valid: 80.20%, Test: 83.60%, Best Valid: 81.60%, Best Test: 84.30%
Epoch: 300, Loss: 0.0041, Train: 100.00%, Valid: 76.60%, Test: 81.10%, Best Valid: 81.60%, Best Test: 84.30%
Epoch: 400, Loss: 0.0030, Train: 100.00%, Valid: 78.20%, Test: 81.20%, Best Valid: 81.60%, Best Test: 84.30%
Run 05:
Highest Train: 100.00
Highest Valid: 81.60
Highest Test: 85.40
Chosen epoch: 39
Final Train: 100.00
Final Test: 84.30
Pre-training MLP for 500 epochs to generate co-occurrence matrix...
Penalty transform 'shuffle': rel Frobenius dist to original = 0.2941, off-diag CV of original penalty = 0.0825
MLP pre-training complete. Penalty matrix frozen.
Epoch: 00, Loss: 1.9688, Train: 25.00%, Valid: 22.00%, Test: 23.50%, Best Valid: 22.00%, Best Test: 23.50%
Epoch: 100, Loss: 0.0087, Train: 100.00%, Valid: 79.40%, Test: 83.70%, Best Valid: 82.00%, Best Test: 83.70%
Epoch: 200, Loss: 0.0072, Train: 100.00%, Valid: 78.80%, Test: 82.80%, Best Valid: 82.00%, Best Test: 83.70%
Epoch: 300, Loss: 0.0035, Train: 100.00%, Valid: 78.00%, Test: 83.30%, Best Valid: 82.00%, Best Test: 83.70%
Epoch: 400, Loss: 0.0054, Train: 100.00%, Valid: 77.00%, Test: 81.30%, Best Valid: 82.00%, Best Test: 83.70%
Run 06:
Highest Train: 100.00
Highest Valid: 82.00
Highest Test: 85.00
Chosen epoch: 34
Final Train: 99.29
Final Test: 83.70
Pre-training MLP for 500 epochs to generate co-occurrence matrix...
Penalty transform 'shuffle': rel Frobenius dist to original = 0.2575, off-diag CV of original penalty = 0.0778
MLP pre-training complete. Penalty matrix frozen.
Epoch: 00, Loss: 1.9644, Train: 22.86%, Valid: 17.40%, Test: 15.50%, Best Valid: 17.40%, Best Test: 15.50%
Epoch: 100, Loss: 0.0109, Train: 100.00%, Valid: 80.20%, Test: 83.40%, Best Valid: 82.20%, Best Test: 84.60%
Epoch: 200, Loss: 0.0054, Train: 100.00%, Valid: 78.40%, Test: 83.40%, Best Valid: 82.20%, Best Test: 84.60%
Epoch: 300, Loss: 0.0129, Train: 100.00%, Valid: 78.00%, Test: 83.10%, Best Valid: 82.20%, Best Test: 84.60%
Epoch: 400, Loss: 0.0069, Train: 100.00%, Valid: 77.60%, Test: 83.40%, Best Valid: 82.20%, Best Test: 84.60%
Run 07:
Highest Train: 100.00
Highest Valid: 82.20
Highest Test: 85.30
Chosen epoch: 31
Final Train: 98.57
Final Test: 84.60
Pre-training MLP for 500 epochs to generate co-occurrence matrix...
Penalty transform 'shuffle': rel Frobenius dist to original = 0.2916, off-diag CV of original penalty = 0.0775
MLP pre-training complete. Penalty matrix frozen.
Epoch: 00, Loss: 1.9686, Train: 22.86%, Valid: 11.60%, Test: 9.50%, Best Valid: 11.60%, Best Test: 9.50%
Epoch: 100, Loss: 0.0086, Train: 100.00%, Valid: 80.60%, Test: 82.90%, Best Valid: 81.40%, Best Test: 84.70%
Epoch: 200, Loss: 0.0078, Train: 100.00%, Valid: 80.60%, Test: 83.00%, Best Valid: 81.60%, Best Test: 84.50%
Epoch: 300, Loss: 0.0029, Train: 100.00%, Valid: 80.40%, Test: 84.30%, Best Valid: 81.60%, Best Test: 84.50%
Epoch: 400, Loss: 0.0095, Train: 100.00%, Valid: 80.60%, Test: 82.90%, Best Valid: 81.60%, Best Test: 84.50%
Run 08:
Highest Train: 100.00
Highest Valid: 81.60
Highest Test: 85.40
Chosen epoch: 162
Final Train: 100.00
Final Test: 84.50
Pre-training MLP for 500 epochs to generate co-occurrence matrix...
Penalty transform 'shuffle': rel Frobenius dist to original = 0.2788, off-diag CV of original penalty = 0.0733
MLP pre-training complete. Penalty matrix frozen.
Epoch: 00, Loss: 1.9676, Train: 21.43%, Valid: 22.80%, Test: 22.10%, Best Valid: 22.80%, Best Test: 22.10%
Epoch: 100, Loss: 0.0047, Train: 100.00%, Valid: 79.00%, Test: 83.00%, Best Valid: 81.80%, Best Test: 84.60%
Epoch: 200, Loss: 0.0098, Train: 100.00%, Valid: 78.20%, Test: 82.50%, Best Valid: 81.80%, Best Test: 84.60%
Epoch: 300, Loss: 0.0055, Train: 100.00%, Valid: 77.20%, Test: 81.60%, Best Valid: 81.80%, Best Test: 84.60%
Epoch: 400, Loss: 0.0047, Train: 100.00%, Valid: 78.00%, Test: 82.20%, Best Valid: 81.80%, Best Test: 84.60%
Run 09:
Highest Train: 100.00
Highest Valid: 81.80
Highest Test: 85.50
Chosen epoch: 42
Final Train: 100.00
Final Test: 84.60
Pre-training MLP for 500 epochs to generate co-occurrence matrix...
Penalty transform 'shuffle': rel Frobenius dist to original = 0.2425, off-diag CV of original penalty = 0.0772
MLP pre-training complete. Penalty matrix frozen.
Epoch: 00, Loss: 1.9611, Train: 28.57%, Valid: 19.40%, Test: 17.20%, Best Valid: 19.40%, Best Test: 17.20%
Epoch: 100, Loss: 0.0051, Train: 100.00%, Valid: 79.60%, Test: 84.00%, Best Valid: 81.60%, Best Test: 84.20%
Epoch: 200, Loss: 0.0126, Train: 100.00%, Valid: 79.40%, Test: 83.70%, Best Valid: 81.60%, Best Test: 84.20%
Epoch: 300, Loss: 0.0035, Train: 100.00%, Valid: 79.80%, Test: 83.90%, Best Valid: 81.60%, Best Test: 84.20%
Epoch: 400, Loss: 0.0100, Train: 100.00%, Valid: 78.00%, Test: 83.00%, Best Valid: 81.60%, Best Test: 84.20%
Run 10:
Highest Train: 100.00
Highest Valid: 81.60
Highest Test: 85.50
Chosen epoch: 33
Final Train: 98.57
Final Test: 84.20
All runs:
Highest Train: 100.00 ± 0.00
Highest Test: 85.31 ± 0.28
Highest Valid: 81.58 ± 0.37
  Final Train: 99.14 ± 1.16
   Final Test: 84.33 ± 0.63
Saving results to results/placebo/cora/MPNN_gcn.csv
--- mlp_reg | transform=shuffle | lambda=0.05 | mlp_epochs=500 ---
Namespace(bn=False, cpu=False, data_dir='./data/', dataset='cora', device=0, display_step=100, dropout=0.7, epochs=500, gnn='gcn', hidden_channels=512, jk=False, label_num_per_class=20, lambda_val=0.05, ln=False, local_layers=3, lr=0.001, metric='acc', mlp_epochs=500, mlp_reg=True, model='MPNN', model_dir='models', num_heads=1, oracle_reg=False, paired_seeds=True, penalty_transform='shuffle', pre_linear=False, pre_ln=False, rand_split=False, rand_split_class=True, reg_start_epoch=10, reg_update_freq=5, res=False, result_dir='results/placebo', runs=10, save_model=False, seed=123, test_num=1000, train_prop=0.5, use_reg=True, valid_num=500, valid_prop=0.25, weight_decay=0.0005)
cora
Num nodes: 2708
train:torch.Size([140]), valid:torch.Size([500]), test:torch.Size([1000])
dataset cora | num nodes 2708 | num edge 10556 | num node feats 1433 | num classes 7
MODEL: MPNNs(
  (h_lins): ModuleList()
  (local_convs): ModuleList(
    (0): GCNConv(1433, 512)
    (1): GCNConv(512, 512)
    (2): GCNConv(512, 512)
  )
  (lins): ModuleList(
    (0): Linear(in_features=1433, out_features=512, bias=True)
    (1): Linear(in_features=512, out_features=512, bias=True)
    (2): Linear(in_features=512, out_features=512, bias=True)
  )
  (lns): ModuleList(
    (0): LayerNorm((512,), eps=1e-05, elementwise_affine=True)
    (1): LayerNorm((512,), eps=1e-05, elementwise_affine=True)
    (2): LayerNorm((512,), eps=1e-05, elementwise_affine=True)
  )
  (bns): ModuleList(
    (0): BatchNorm1d(512, eps=1e-05, momentum=0.1, affine=True, track_running_stats=True)
    (1): BatchNorm1d(512, eps=1e-05, momentum=0.1, affine=True, track_running_stats=True)
    (2): BatchNorm1d(512, eps=1e-05, momentum=0.1, affine=True, track_running_stats=True)
  )
  (lin_in): Linear(in_features=1433, out_features=512, bias=True)
  (pred_local): Linear(in_features=512, out_features=7, bias=True)
)
Pre-training MLP for 500 epochs to generate co-occurrence matrix...
Penalty transform 'shuffle': rel Frobenius dist to original = 0.2758, off-diag CV of original penalty = 0.0781
MLP pre-training complete. Penalty matrix frozen.
Epoch: 00, Loss: 2.0388, Train: 25.00%, Valid: 21.40%, Test: 23.70%, Best Valid: 21.40%, Best Test: 23.70%
Epoch: 100, Loss: 0.0148, Train: 100.00%, Valid: 79.40%, Test: 83.10%, Best Valid: 80.40%, Best Test: 84.30%
Epoch: 200, Loss: 0.0064, Train: 100.00%, Valid: 78.80%, Test: 83.20%, Best Valid: 81.20%, Best Test: 83.30%
Epoch: 300, Loss: 0.0106, Train: 100.00%, Valid: 77.40%, Test: 82.90%, Best Valid: 81.20%, Best Test: 83.30%
Epoch: 400, Loss: 0.0076, Train: 100.00%, Valid: 79.40%, Test: 82.70%, Best Valid: 81.20%, Best Test: 83.30%
Run 01:
Highest Train: 100.00
Highest Valid: 81.20
Highest Test: 84.70
Chosen epoch: 122
Final Train: 100.00
Final Test: 83.30
Pre-training MLP for 500 epochs to generate co-occurrence matrix...
Penalty transform 'shuffle': rel Frobenius dist to original = 0.3074, off-diag CV of original penalty = 0.0790
MLP pre-training complete. Penalty matrix frozen.
Epoch: 00, Loss: 2.0410, Train: 14.29%, Valid: 7.40%, Test: 8.20%, Best Valid: 7.40%, Best Test: 8.20%
Epoch: 100, Loss: 0.0080, Train: 100.00%, Valid: 79.80%, Test: 83.80%, Best Valid: 81.00%, Best Test: 84.80%
Epoch: 200, Loss: 0.0039, Train: 100.00%, Valid: 78.00%, Test: 83.30%, Best Valid: 81.00%, Best Test: 84.80%
Epoch: 300, Loss: 0.0055, Train: 100.00%, Valid: 78.40%, Test: 83.00%, Best Valid: 81.00%, Best Test: 84.80%
Epoch: 400, Loss: 0.0034, Train: 100.00%, Valid: 77.80%, Test: 82.00%, Best Valid: 81.00%, Best Test: 84.80%
Run 02:
Highest Train: 100.00
Highest Valid: 81.00
Highest Test: 85.10
Chosen epoch: 39
Final Train: 100.00
Final Test: 84.80
Pre-training MLP for 500 epochs to generate co-occurrence matrix...
Penalty transform 'shuffle': rel Frobenius dist to original = 0.2517, off-diag CV of original penalty = 0.0830
MLP pre-training complete. Penalty matrix frozen.
Epoch: 00, Loss: 2.0467, Train: 21.43%, Valid: 11.00%, Test: 14.10%, Best Valid: 11.00%, Best Test: 14.10%
Epoch: 100, Loss: 0.0059, Train: 100.00%, Valid: 78.80%, Test: 82.30%, Best Valid: 81.40%, Best Test: 84.80%
Epoch: 200, Loss: 0.0182, Train: 100.00%, Valid: 78.80%, Test: 83.30%, Best Valid: 81.40%, Best Test: 84.80%
Epoch: 300, Loss: 0.0050, Train: 100.00%, Valid: 78.80%, Test: 82.40%, Best Valid: 81.40%, Best Test: 84.80%
Epoch: 400, Loss: 0.0059, Train: 100.00%, Valid: 76.80%, Test: 81.80%, Best Valid: 81.40%, Best Test: 84.80%
Run 03:
Highest Train: 100.00
Highest Valid: 81.40
Highest Test: 85.60
Chosen epoch: 52
Final Train: 100.00
Final Test: 84.80
Pre-training MLP for 500 epochs to generate co-occurrence matrix...
Penalty transform 'shuffle': rel Frobenius dist to original = 0.2930, off-diag CV of original penalty = 0.0778
MLP pre-training complete. Penalty matrix frozen.
Epoch: 00, Loss: 2.0401, Train: 15.71%, Valid: 15.00%, Test: 12.00%, Best Valid: 15.00%, Best Test: 12.00%
Epoch: 100, Loss: 0.0091, Train: 100.00%, Valid: 79.60%, Test: 83.00%, Best Valid: 81.40%, Best Test: 84.70%
Epoch: 200, Loss: 0.0042, Train: 100.00%, Valid: 79.20%, Test: 83.70%, Best Valid: 81.40%, Best Test: 84.70%
Epoch: 300, Loss: 0.0073, Train: 100.00%, Valid: 78.60%, Test: 82.20%, Best Valid: 81.40%, Best Test: 84.70%
Epoch: 400, Loss: 0.0108, Train: 100.00%, Valid: 77.00%, Test: 81.90%, Best Valid: 81.40%, Best Test: 84.70%
Run 04:
Highest Train: 100.00
Highest Valid: 81.40
Highest Test: 85.50
Chosen epoch: 24
Final Train: 95.71
Final Test: 84.70
Pre-training MLP for 500 epochs to generate co-occurrence matrix...
Penalty transform 'shuffle': rel Frobenius dist to original = 0.2906, off-diag CV of original penalty = 0.0783
MLP pre-training complete. Penalty matrix frozen.
Epoch: 00, Loss: 2.0486, Train: 25.00%, Valid: 18.20%, Test: 22.00%, Best Valid: 18.20%, Best Test: 22.00%
Epoch: 100, Loss: 0.0068, Train: 100.00%, Valid: 78.60%, Test: 83.50%, Best Valid: 81.40%, Best Test: 85.10%
Epoch: 200, Loss: 0.0055, Train: 100.00%, Valid: 80.40%, Test: 83.70%, Best Valid: 81.40%, Best Test: 85.10%
Epoch: 300, Loss: 0.0043, Train: 100.00%, Valid: 76.40%, Test: 81.50%, Best Valid: 81.40%, Best Test: 85.10%
Epoch: 400, Loss: 0.0029, Train: 100.00%, Valid: 79.60%, Test: 82.80%, Best Valid: 81.40%, Best Test: 85.10%
Run 05:
Highest Train: 100.00
Highest Valid: 81.40
Highest Test: 85.30
Chosen epoch: 33
Final Train: 98.57
Final Test: 85.10
Pre-training MLP for 500 epochs to generate co-occurrence matrix...
Penalty transform 'shuffle': rel Frobenius dist to original = 0.2941, off-diag CV of original penalty = 0.0825
MLP pre-training complete. Penalty matrix frozen.
Epoch: 00, Loss: 2.0468, Train: 24.29%, Valid: 20.20%, Test: 22.80%, Best Valid: 20.20%, Best Test: 22.80%
Epoch: 100, Loss: 0.0091, Train: 100.00%, Valid: 79.40%, Test: 83.70%, Best Valid: 82.40%, Best Test: 84.10%
Epoch: 200, Loss: 0.0072, Train: 100.00%, Valid: 79.40%, Test: 82.70%, Best Valid: 82.40%, Best Test: 84.10%
Epoch: 300, Loss: 0.0037, Train: 100.00%, Valid: 78.20%, Test: 83.50%, Best Valid: 82.40%, Best Test: 84.10%
Epoch: 400, Loss: 0.0048, Train: 100.00%, Valid: 76.80%, Test: 81.10%, Best Valid: 82.40%, Best Test: 84.10%
Run 06:
Highest Train: 100.00
Highest Valid: 82.40
Highest Test: 85.10
Chosen epoch: 35
Final Train: 99.29
Final Test: 84.10
Pre-training MLP for 500 epochs to generate co-occurrence matrix...
Penalty transform 'shuffle': rel Frobenius dist to original = 0.2575, off-diag CV of original penalty = 0.0778
MLP pre-training complete. Penalty matrix frozen.
Epoch: 00, Loss: 2.0422, Train: 22.86%, Valid: 17.20%, Test: 15.40%, Best Valid: 17.20%, Best Test: 15.40%
Epoch: 100, Loss: 0.0099, Train: 100.00%, Valid: 80.20%, Test: 83.50%, Best Valid: 82.20%, Best Test: 84.70%
Epoch: 200, Loss: 0.0056, Train: 100.00%, Valid: 78.40%, Test: 83.10%, Best Valid: 82.20%, Best Test: 84.70%
Epoch: 300, Loss: 0.0137, Train: 100.00%, Valid: 78.00%, Test: 82.90%, Best Valid: 82.20%, Best Test: 84.70%
Epoch: 400, Loss: 0.0070, Train: 100.00%, Valid: 77.60%, Test: 83.00%, Best Valid: 82.20%, Best Test: 84.70%
Run 07:
Highest Train: 100.00
Highest Valid: 82.20
Highest Test: 85.10
Chosen epoch: 31
Final Train: 98.57
Final Test: 84.70
Pre-training MLP for 500 epochs to generate co-occurrence matrix...
Penalty transform 'shuffle': rel Frobenius dist to original = 0.2916, off-diag CV of original penalty = 0.0775
MLP pre-training complete. Penalty matrix frozen.
Epoch: 00, Loss: 2.0465, Train: 21.43%, Valid: 12.00%, Test: 9.60%, Best Valid: 12.00%, Best Test: 9.60%
Epoch: 100, Loss: 0.0086, Train: 100.00%, Valid: 80.60%, Test: 83.40%, Best Valid: 81.60%, Best Test: 84.80%
Epoch: 200, Loss: 0.0082, Train: 100.00%, Valid: 80.60%, Test: 83.10%, Best Valid: 81.60%, Best Test: 84.80%
Epoch: 300, Loss: 0.0035, Train: 100.00%, Valid: 79.60%, Test: 84.50%, Best Valid: 81.60%, Best Test: 84.80%
Epoch: 400, Loss: 0.0132, Train: 100.00%, Valid: 78.60%, Test: 82.60%, Best Valid: 81.60%, Best Test: 84.80%
Run 08:
Highest Train: 100.00
Highest Valid: 81.60
Highest Test: 85.50
Chosen epoch: 38
Final Train: 100.00
Final Test: 84.80
Pre-training MLP for 500 epochs to generate co-occurrence matrix...
Penalty transform 'shuffle': rel Frobenius dist to original = 0.2788, off-diag CV of original penalty = 0.0733
MLP pre-training complete. Penalty matrix frozen.
Epoch: 00, Loss: 2.0455, Train: 22.14%, Valid: 22.40%, Test: 21.90%, Best Valid: 22.40%, Best Test: 21.90%
Epoch: 100, Loss: 0.0050, Train: 100.00%, Valid: 79.00%, Test: 82.80%, Best Valid: 81.40%, Best Test: 84.50%
Epoch: 200, Loss: 0.0098, Train: 100.00%, Valid: 78.00%, Test: 82.50%, Best Valid: 81.40%, Best Test: 84.50%
Epoch: 300, Loss: 0.0054, Train: 100.00%, Valid: 77.20%, Test: 81.80%, Best Valid: 81.40%, Best Test: 84.50%
Epoch: 400, Loss: 0.0040, Train: 100.00%, Valid: 78.60%, Test: 81.70%, Best Valid: 81.40%, Best Test: 84.50%
Run 09:
Highest Train: 100.00
Highest Valid: 81.40
Highest Test: 85.60
Chosen epoch: 42
Final Train: 100.00
Final Test: 84.50
Pre-training MLP for 500 epochs to generate co-occurrence matrix...
Penalty transform 'shuffle': rel Frobenius dist to original = 0.2425, off-diag CV of original penalty = 0.0772
MLP pre-training complete. Penalty matrix frozen.
Epoch: 00, Loss: 2.0387, Train: 28.57%, Valid: 19.40%, Test: 17.10%, Best Valid: 19.40%, Best Test: 17.10%
Epoch: 100, Loss: 0.0052, Train: 100.00%, Valid: 79.60%, Test: 84.10%, Best Valid: 81.60%, Best Test: 84.50%
Epoch: 200, Loss: 0.0128, Train: 100.00%, Valid: 79.40%, Test: 83.90%, Best Valid: 81.60%, Best Test: 84.50%
Epoch: 300, Loss: 0.0034, Train: 100.00%, Valid: 79.20%, Test: 83.60%, Best Valid: 81.60%, Best Test: 84.50%
Epoch: 400, Loss: 0.0093, Train: 100.00%, Valid: 79.40%, Test: 83.50%, Best Valid: 81.60%, Best Test: 84.50%
Run 10:
Highest Train: 100.00
Highest Valid: 81.60
Highest Test: 85.30
Chosen epoch: 33
Final Train: 98.57
Final Test: 84.50
All runs:
Highest Train: 100.00 ± 0.00
Highest Test: 85.28 ± 0.29
Highest Valid: 81.56 ± 0.43
  Final Train: 99.07 ± 1.35
   Final Test: 84.53 ± 0.51
Saving results to results/placebo/cora/MPNN_gcn.csv
--- mlp_reg | transform=shuffle | lambda=0.1 | mlp_epochs=500 ---
Namespace(bn=False, cpu=False, data_dir='./data/', dataset='cora', device=0, display_step=100, dropout=0.7, epochs=500, gnn='gcn', hidden_channels=512, jk=False, label_num_per_class=20, lambda_val=0.1, ln=False, local_layers=3, lr=0.001, metric='acc', mlp_epochs=500, mlp_reg=True, model='MPNN', model_dir='models', num_heads=1, oracle_reg=False, paired_seeds=True, penalty_transform='shuffle', pre_linear=False, pre_ln=False, rand_split=False, rand_split_class=True, reg_start_epoch=10, reg_update_freq=5, res=False, result_dir='results/placebo', runs=10, save_model=False, seed=123, test_num=1000, train_prop=0.5, use_reg=True, valid_num=500, valid_prop=0.25, weight_decay=0.0005)
cora
Num nodes: 2708
train:torch.Size([140]), valid:torch.Size([500]), test:torch.Size([1000])
dataset cora | num nodes 2708 | num edge 10556 | num node feats 1433 | num classes 7
MODEL: MPNNs(
  (h_lins): ModuleList()
  (local_convs): ModuleList(
    (0): GCNConv(1433, 512)
    (1): GCNConv(512, 512)
    (2): GCNConv(512, 512)
  )
  (lins): ModuleList(
    (0): Linear(in_features=1433, out_features=512, bias=True)
    (1): Linear(in_features=512, out_features=512, bias=True)
    (2): Linear(in_features=512, out_features=512, bias=True)
  )
  (lns): ModuleList(
    (0): LayerNorm((512,), eps=1e-05, elementwise_affine=True)
    (1): LayerNorm((512,), eps=1e-05, elementwise_affine=True)
    (2): LayerNorm((512,), eps=1e-05, elementwise_affine=True)
  )
  (bns): ModuleList(
    (0): BatchNorm1d(512, eps=1e-05, momentum=0.1, affine=True, track_running_stats=True)
    (1): BatchNorm1d(512, eps=1e-05, momentum=0.1, affine=True, track_running_stats=True)
    (2): BatchNorm1d(512, eps=1e-05, momentum=0.1, affine=True, track_running_stats=True)
  )
  (lin_in): Linear(in_features=1433, out_features=512, bias=True)
  (pred_local): Linear(in_features=512, out_features=7, bias=True)
)
Pre-training MLP for 500 epochs to generate co-occurrence matrix...
Penalty transform 'shuffle': rel Frobenius dist to original = 0.2758, off-diag CV of original penalty = 0.0781
MLP pre-training complete. Penalty matrix frozen.
Epoch: 00, Loss: 2.1359, Train: 24.29%, Valid: 21.00%, Test: 23.90%, Best Valid: 21.00%, Best Test: 23.90%
Epoch: 100, Loss: 0.0165, Train: 100.00%, Valid: 79.40%, Test: 83.30%, Best Valid: 80.60%, Best Test: 83.20%
Epoch: 200, Loss: 0.0069, Train: 100.00%, Valid: 78.60%, Test: 83.20%, Best Valid: 81.40%, Best Test: 83.70%
Epoch: 300, Loss: 0.0105, Train: 100.00%, Valid: 78.00%, Test: 82.90%, Best Valid: 81.40%, Best Test: 83.70%
Epoch: 400, Loss: 0.0061, Train: 100.00%, Valid: 79.40%, Test: 83.00%, Best Valid: 81.40%, Best Test: 83.70%
Run 01:
Highest Train: 100.00
Highest Valid: 81.40
Highest Test: 84.80
Chosen epoch: 123
Final Train: 100.00
Final Test: 83.70
Pre-training MLP for 500 epochs to generate co-occurrence matrix...
Penalty transform 'shuffle': rel Frobenius dist to original = 0.3074, off-diag CV of original penalty = 0.0790
MLP pre-training complete. Penalty matrix frozen.
Epoch: 00, Loss: 2.1382, Train: 14.29%, Valid: 7.20%, Test: 8.20%, Best Valid: 7.20%, Best Test: 8.20%
Epoch: 100, Loss: 0.0090, Train: 100.00%, Valid: 80.20%, Test: 83.90%, Best Valid: 80.60%, Best Test: 84.50%
Epoch: 200, Loss: 0.0051, Train: 100.00%, Valid: 78.40%, Test: 83.60%, Best Valid: 80.60%, Best Test: 84.50%
Epoch: 300, Loss: 0.0082, Train: 100.00%, Valid: 78.80%, Test: 82.90%, Best Valid: 80.60%, Best Test: 84.50%
Epoch: 400, Loss: 0.0034, Train: 100.00%, Valid: 77.00%, Test: 82.10%, Best Valid: 80.60%, Best Test: 84.50%
Run 02:
Highest Train: 100.00
Highest Valid: 80.60
Highest Test: 85.00
Chosen epoch: 39
Final Train: 100.00
Final Test: 84.50
Pre-training MLP for 500 epochs to generate co-occurrence matrix...
Penalty transform 'shuffle': rel Frobenius dist to original = 0.2517, off-diag CV of original penalty = 0.0830
MLP pre-training complete. Penalty matrix frozen.
Epoch: 00, Loss: 2.1442, Train: 21.43%, Valid: 11.20%, Test: 14.40%, Best Valid: 11.20%, Best Test: 14.40%
Epoch: 100, Loss: 0.0063, Train: 100.00%, Valid: 78.80%, Test: 82.10%, Best Valid: 81.20%, Best Test: 84.70%
Epoch: 200, Loss: 0.0193, Train: 100.00%, Valid: 78.80%, Test: 83.40%, Best Valid: 81.20%, Best Test: 84.70%
Epoch: 300, Loss: 0.0051, Train: 100.00%, Valid: 79.00%, Test: 82.40%, Best Valid: 81.20%, Best Test: 84.70%
Epoch: 400, Loss: 0.0063, Train: 100.00%, Valid: 77.00%, Test: 82.20%, Best Valid: 81.20%, Best Test: 84.70%
Run 03:
Highest Train: 100.00
Highest Valid: 81.20
Highest Test: 85.60
Chosen epoch: 51
Final Train: 100.00
Final Test: 84.70
Pre-training MLP for 500 epochs to generate co-occurrence matrix...
Penalty transform 'shuffle': rel Frobenius dist to original = 0.2930, off-diag CV of original penalty = 0.0778
MLP pre-training complete. Penalty matrix frozen.
Epoch: 00, Loss: 2.1372, Train: 15.71%, Valid: 15.00%, Test: 12.00%, Best Valid: 15.00%, Best Test: 12.00%
Epoch: 100, Loss: 0.0105, Train: 100.00%, Valid: 79.60%, Test: 82.90%, Best Valid: 81.40%, Best Test: 84.70%
Epoch: 200, Loss: 0.0045, Train: 100.00%, Valid: 78.80%, Test: 83.40%, Best Valid: 81.40%, Best Test: 84.70%
Epoch: 300, Loss: 0.0072, Train: 100.00%, Valid: 78.40%, Test: 82.00%, Best Valid: 81.40%, Best Test: 84.70%
Epoch: 400, Loss: 0.0108, Train: 100.00%, Valid: 77.60%, Test: 82.40%, Best Valid: 81.40%, Best Test: 84.70%
Run 04:
Highest Train: 100.00
Highest Valid: 81.40
Highest Test: 85.60
Chosen epoch: 39
Final Train: 99.29
Final Test: 84.70
Pre-training MLP for 500 epochs to generate co-occurrence matrix...
Penalty transform 'shuffle': rel Frobenius dist to original = 0.2906, off-diag CV of original penalty = 0.0783
MLP pre-training complete. Penalty matrix frozen.
Epoch: 00, Loss: 2.1462, Train: 25.71%, Valid: 17.80%, Test: 22.10%, Best Valid: 17.80%, Best Test: 22.10%
Epoch: 100, Loss: 0.0077, Train: 100.00%, Valid: 78.40%, Test: 83.40%, Best Valid: 81.40%, Best Test: 85.10%
Epoch: 200, Loss: 0.0059, Train: 100.00%, Valid: 79.80%, Test: 84.00%, Best Valid: 81.40%, Best Test: 85.10%
Epoch: 300, Loss: 0.0045, Train: 100.00%, Valid: 76.40%, Test: 81.30%, Best Valid: 81.40%, Best Test: 85.10%
Epoch: 400, Loss: 0.0030, Train: 100.00%, Valid: 78.20%, Test: 81.20%, Best Valid: 81.40%, Best Test: 85.10%
Run 05:
Highest Train: 100.00
Highest Valid: 81.40
Highest Test: 85.30
Chosen epoch: 33
Final Train: 98.57
Final Test: 85.10
Pre-training MLP for 500 epochs to generate co-occurrence matrix...
Penalty transform 'shuffle': rel Frobenius dist to original = 0.2941, off-diag CV of original penalty = 0.0825
MLP pre-training complete. Penalty matrix frozen.
Epoch: 00, Loss: 2.1442, Train: 24.29%, Valid: 20.00%, Test: 22.30%, Best Valid: 20.00%, Best Test: 22.30%
Epoch: 100, Loss: 0.0097, Train: 100.00%, Valid: 79.60%, Test: 83.40%, Best Valid: 82.00%, Best Test: 84.20%
Epoch: 200, Loss: 0.0082, Train: 100.00%, Valid: 79.00%, Test: 82.80%, Best Valid: 82.00%, Best Test: 84.20%
Epoch: 300, Loss: 0.0038, Train: 100.00%, Valid: 78.00%, Test: 83.20%, Best Valid: 82.00%, Best Test: 84.20%
Epoch: 400, Loss: 0.0054, Train: 100.00%, Valid: 76.80%, Test: 80.90%, Best Valid: 82.00%, Best Test: 84.20%
Run 06:
Highest Train: 100.00
Highest Valid: 82.00
Highest Test: 85.10
Chosen epoch: 35
Final Train: 99.29
Final Test: 84.20
Pre-training MLP for 500 epochs to generate co-occurrence matrix...
Penalty transform 'shuffle': rel Frobenius dist to original = 0.2575, off-diag CV of original penalty = 0.0778
MLP pre-training complete. Penalty matrix frozen.
Epoch: 00, Loss: 2.1395, Train: 22.86%, Valid: 17.00%, Test: 15.40%, Best Valid: 17.00%, Best Test: 15.40%
Epoch: 100, Loss: 0.0099, Train: 100.00%, Valid: 80.20%, Test: 83.60%, Best Valid: 82.00%, Best Test: 84.20%
Epoch: 200, Loss: 0.0062, Train: 100.00%, Valid: 78.20%, Test: 83.30%, Best Valid: 82.00%, Best Test: 84.20%
Epoch: 300, Loss: 0.0135, Train: 100.00%, Valid: 78.00%, Test: 83.10%, Best Valid: 82.00%, Best Test: 84.20%
Epoch: 400, Loss: 0.0078, Train: 100.00%, Valid: 78.40%, Test: 83.10%, Best Valid: 82.00%, Best Test: 84.20%
Run 07:
Highest Train: 100.00
Highest Valid: 82.00
Highest Test: 85.20
Chosen epoch: 30
Final Train: 98.57
Final Test: 84.20
Pre-training MLP for 500 epochs to generate co-occurrence matrix...
Penalty transform 'shuffle': rel Frobenius dist to original = 0.2916, off-diag CV of original penalty = 0.0775
MLP pre-training complete. Penalty matrix frozen.
Epoch: 00, Loss: 2.1440, Train: 24.29%, Valid: 12.40%, Test: 10.90%, Best Valid: 12.40%, Best Test: 10.90%
Epoch: 100, Loss: 0.0110, Train: 100.00%, Valid: 80.40%, Test: 83.00%, Best Valid: 81.60%, Best Test: 84.90%
Epoch: 200, Loss: 0.0086, Train: 100.00%, Valid: 80.20%, Test: 83.10%, Best Valid: 81.60%, Best Test: 84.90%
Epoch: 300, Loss: 0.0032, Train: 100.00%, Valid: 79.80%, Test: 84.20%, Best Valid: 81.60%, Best Test: 84.90%
Epoch: 400, Loss: 0.0117, Train: 100.00%, Valid: 79.40%, Test: 82.20%, Best Valid: 82.00%, Best Test: 83.10%
Run 08:
Highest Train: 100.00
Highest Valid: 82.00
Highest Test: 85.70
Chosen epoch: 398
Final Train: 100.00
Final Test: 83.10
Pre-training MLP for 500 epochs to generate co-occurrence matrix...
Penalty transform 'shuffle': rel Frobenius dist to original = 0.2788, off-diag CV of original penalty = 0.0733
MLP pre-training complete. Penalty matrix frozen.
Epoch: 00, Loss: 2.1430, Train: 22.14%, Valid: 22.20%, Test: 22.00%, Best Valid: 22.20%, Best Test: 22.00%
Epoch: 100, Loss: 0.0049, Train: 100.00%, Valid: 79.00%, Test: 83.10%, Best Valid: 81.40%, Best Test: 84.70%
Epoch: 200, Loss: 0.0108, Train: 100.00%, Valid: 78.20%, Test: 82.10%, Best Valid: 81.40%, Best Test: 84.70%
Epoch: 300, Loss: 0.0061, Train: 100.00%, Valid: 77.20%, Test: 81.70%, Best Valid: 81.40%, Best Test: 84.70%
Epoch: 400, Loss: 0.0057, Train: 100.00%, Valid: 78.80%, Test: 82.30%, Best Valid: 81.40%, Best Test: 84.70%
Run 09:
Highest Train: 100.00
Highest Valid: 81.40
Highest Test: 85.30
Chosen epoch: 42
Final Train: 100.00
Final Test: 84.70
Pre-training MLP for 500 epochs to generate co-occurrence matrix...
Penalty transform 'shuffle': rel Frobenius dist to original = 0.2425, off-diag CV of original penalty = 0.0772
MLP pre-training complete. Penalty matrix frozen.
Epoch: 00, Loss: 2.1358, Train: 28.57%, Valid: 19.00%, Test: 17.30%, Best Valid: 19.00%, Best Test: 17.30%
Epoch: 100, Loss: 0.0056, Train: 100.00%, Valid: 79.60%, Test: 84.30%, Best Valid: 81.40%, Best Test: 84.40%
Epoch: 200, Loss: 0.0133, Train: 100.00%, Valid: 79.00%, Test: 83.80%, Best Valid: 81.40%, Best Test: 84.40%
Epoch: 300, Loss: 0.0035, Train: 100.00%, Valid: 79.40%, Test: 83.70%, Best Valid: 81.40%, Best Test: 84.40%
Epoch: 400, Loss: 0.0104, Train: 100.00%, Valid: 78.60%, Test: 83.20%, Best Valid: 81.40%, Best Test: 84.40%
Run 10:
Highest Train: 100.00
Highest Valid: 81.40
Highest Test: 85.40
Chosen epoch: 33
Final Train: 98.57
Final Test: 84.40
All runs:
Highest Train: 100.00 ± 0.00
Highest Test: 85.30 ± 0.29
Highest Valid: 81.48 ± 0.43
  Final Train: 99.43 ± 0.66
   Final Test: 84.33 ± 0.58
Saving results to results/placebo/cora/MPNN_gcn.csv
--- mlp_reg | transform=shuffle | lambda=0.2 | mlp_epochs=500 ---
Namespace(bn=False, cpu=False, data_dir='./data/', dataset='cora', device=0, display_step=100, dropout=0.7, epochs=500, gnn='gcn', hidden_channels=512, jk=False, label_num_per_class=20, lambda_val=0.2, ln=False, local_layers=3, lr=0.001, metric='acc', mlp_epochs=500, mlp_reg=True, model='MPNN', model_dir='models', num_heads=1, oracle_reg=False, paired_seeds=True, penalty_transform='shuffle', pre_linear=False, pre_ln=False, rand_split=False, rand_split_class=True, reg_start_epoch=10, reg_update_freq=5, res=False, result_dir='results/placebo', runs=10, save_model=False, seed=123, test_num=1000, train_prop=0.5, use_reg=True, valid_num=500, valid_prop=0.25, weight_decay=0.0005)
cora
Num nodes: 2708
train:torch.Size([140]), valid:torch.Size([500]), test:torch.Size([1000])
dataset cora | num nodes 2708 | num edge 10556 | num node feats 1433 | num classes 7
MODEL: MPNNs(
  (h_lins): ModuleList()
  (local_convs): ModuleList(
    (0): GCNConv(1433, 512)
    (1): GCNConv(512, 512)
    (2): GCNConv(512, 512)
  )
  (lins): ModuleList(
    (0): Linear(in_features=1433, out_features=512, bias=True)
    (1): Linear(in_features=512, out_features=512, bias=True)
    (2): Linear(in_features=512, out_features=512, bias=True)
  )
  (lns): ModuleList(
    (0): LayerNorm((512,), eps=1e-05, elementwise_affine=True)
    (1): LayerNorm((512,), eps=1e-05, elementwise_affine=True)
    (2): LayerNorm((512,), eps=1e-05, elementwise_affine=True)
  )
  (bns): ModuleList(
    (0): BatchNorm1d(512, eps=1e-05, momentum=0.1, affine=True, track_running_stats=True)
    (1): BatchNorm1d(512, eps=1e-05, momentum=0.1, affine=True, track_running_stats=True)
    (2): BatchNorm1d(512, eps=1e-05, momentum=0.1, affine=True, track_running_stats=True)
  )
  (lin_in): Linear(in_features=1433, out_features=512, bias=True)
  (pred_local): Linear(in_features=512, out_features=7, bias=True)
)
Pre-training MLP for 500 epochs to generate co-occurrence matrix...
Penalty transform 'shuffle': rel Frobenius dist to original = 0.2758, off-diag CV of original penalty = 0.0781
MLP pre-training complete. Penalty matrix frozen.
Epoch: 00, Loss: 2.3301, Train: 23.57%, Valid: 20.60%, Test: 23.90%, Best Valid: 20.60%, Best Test: 23.90%
Epoch: 100, Loss: 0.0166, Train: 100.00%, Valid: 79.40%, Test: 83.10%, Best Valid: 81.20%, Best Test: 83.10%
Epoch: 200, Loss: 0.0078, Train: 100.00%, Valid: 79.40%, Test: 83.20%, Best Valid: 81.20%, Best Test: 83.10%
Epoch: 300, Loss: 0.0121, Train: 100.00%, Valid: 78.60%, Test: 82.70%, Best Valid: 81.20%, Best Test: 83.10%
Epoch: 400, Loss: 0.0072, Train: 100.00%, Valid: 80.00%, Test: 82.90%, Best Valid: 81.20%, Best Test: 83.10%
Run 01:
Highest Train: 100.00
Highest Valid: 81.20
Highest Test: 85.00
Chosen epoch: 92
Final Train: 100.00
Final Test: 83.10
Pre-training MLP for 500 epochs to generate co-occurrence matrix...
Penalty transform 'shuffle': rel Frobenius dist to original = 0.3074, off-diag CV of original penalty = 0.0790
MLP pre-training complete. Penalty matrix frozen.
Epoch: 00, Loss: 2.3326, Train: 14.29%, Valid: 7.00%, Test: 8.10%, Best Valid: 7.00%, Best Test: 8.10%
Epoch: 100, Loss: 0.0099, Train: 100.00%, Valid: 80.20%, Test: 83.70%, Best Valid: 80.20%, Best Test: 83.90%
Epoch: 200, Loss: 0.0053, Train: 100.00%, Valid: 78.40%, Test: 83.50%, Best Valid: 80.20%, Best Test: 83.90%
Epoch: 300, Loss: 0.0051, Train: 100.00%, Valid: 77.80%, Test: 82.20%, Best Valid: 80.20%, Best Test: 83.90%
Epoch: 400, Loss: 0.0040, Train: 100.00%, Valid: 77.60%, Test: 81.10%, Best Valid: 80.20%, Best Test: 83.90%
Run 02:
Highest Train: 100.00
Highest Valid: 80.20
Highest Test: 84.80
Chosen epoch: 59
Final Train: 100.00
Final Test: 83.90
Pre-training MLP for 500 epochs to generate co-occurrence matrix...
Penalty transform 'shuffle': rel Frobenius dist to original = 0.2517, off-diag CV of original penalty = 0.0830
MLP pre-training complete. Penalty matrix frozen.
Epoch: 00, Loss: 2.3391, Train: 21.43%, Valid: 12.00%, Test: 14.70%, Best Valid: 12.00%, Best Test: 14.70%
Epoch: 100, Loss: 0.0073, Train: 100.00%, Valid: 78.60%, Test: 82.10%, Best Valid: 81.00%, Best Test: 84.80%
Epoch: 200, Loss: 0.0201, Train: 100.00%, Valid: 79.00%, Test: 83.50%, Best Valid: 81.00%, Best Test: 84.80%
Epoch: 300, Loss: 0.0055, Train: 100.00%, Valid: 78.60%, Test: 82.80%, Best Valid: 81.00%, Best Test: 84.80%
Epoch: 400, Loss: 0.0068, Train: 100.00%, Valid: 76.00%, Test: 81.50%, Best Valid: 81.00%, Best Test: 84.80%
Run 03:
Highest Train: 100.00
Highest Valid: 81.00
Highest Test: 85.40
Chosen epoch: 31
Final Train: 98.57
Final Test: 84.80
Pre-training MLP for 500 epochs to generate co-occurrence matrix...
Penalty transform 'shuffle': rel Frobenius dist to original = 0.2930, off-diag CV of original penalty = 0.0778
MLP pre-training complete. Penalty matrix frozen.
Epoch: 00, Loss: 2.3315, Train: 15.71%, Valid: 15.00%, Test: 12.10%, Best Valid: 15.00%, Best Test: 12.10%
Epoch: 100, Loss: 0.0094, Train: 100.00%, Valid: 79.60%, Test: 83.20%, Best Valid: 81.40%, Best Test: 84.50%
Epoch: 200, Loss: 0.0058, Train: 100.00%, Valid: 79.20%, Test: 83.60%, Best Valid: 81.40%, Best Test: 84.50%
Epoch: 300, Loss: 0.0090, Train: 100.00%, Valid: 78.20%, Test: 82.10%, Best Valid: 81.40%, Best Test: 84.50%
Epoch: 400, Loss: 0.0119, Train: 100.00%, Valid: 77.00%, Test: 82.00%, Best Valid: 81.40%, Best Test: 84.50%
Run 04:
Highest Train: 100.00
Highest Valid: 81.40
Highest Test: 85.80
Chosen epoch: 39
Final Train: 99.29
Final Test: 84.50
Pre-training MLP for 500 epochs to generate co-occurrence matrix...
Penalty transform 'shuffle': rel Frobenius dist to original = 0.2906, off-diag CV of original penalty = 0.0783
MLP pre-training complete. Penalty matrix frozen.
Epoch: 00, Loss: 2.3413, Train: 25.00%, Valid: 18.20%, Test: 21.80%, Best Valid: 18.20%, Best Test: 21.80%
Epoch: 100, Loss: 0.0080, Train: 100.00%, Valid: 78.60%, Test: 83.60%, Best Valid: 81.40%, Best Test: 84.50%
Epoch: 200, Loss: 0.0065, Train: 100.00%, Valid: 80.00%, Test: 83.80%, Best Valid: 81.40%, Best Test: 84.50%
Epoch: 300, Loss: 0.0051, Train: 100.00%, Valid: 76.60%, Test: 80.90%, Best Valid: 81.40%, Best Test: 84.50%
Epoch: 400, Loss: 0.0048, Train: 100.00%, Valid: 77.80%, Test: 81.00%, Best Valid: 81.40%, Best Test: 84.50%
Run 05:
Highest Train: 100.00
Highest Valid: 81.40
Highest Test: 85.50
Chosen epoch: 39
Final Train: 100.00
Final Test: 84.50
Pre-training MLP for 500 epochs to generate co-occurrence matrix...
Penalty transform 'shuffle': rel Frobenius dist to original = 0.2941, off-diag CV of original penalty = 0.0825
MLP pre-training complete. Penalty matrix frozen.
Epoch: 00, Loss: 2.3391, Train: 23.57%, Valid: 18.00%, Test: 19.50%, Best Valid: 18.00%, Best Test: 19.50%
Epoch: 100, Loss: 0.0101, Train: 100.00%, Valid: 79.80%, Test: 83.40%, Best Valid: 81.80%, Best Test: 84.50%
Epoch: 200, Loss: 0.0084, Train: 100.00%, Valid: 79.40%, Test: 82.60%, Best Valid: 81.80%, Best Test: 84.50%
Epoch: 300, Loss: 0.0042, Train: 100.00%, Valid: 78.00%, Test: 83.50%, Best Valid: 81.80%, Best Test: 84.50%
Epoch: 400, Loss: 0.0055, Train: 100.00%, Valid: 76.80%, Test: 80.70%, Best Valid: 81.80%, Best Test: 84.50%
Run 06:
Highest Train: 100.00
Highest Valid: 81.80
Highest Test: 85.10
Chosen epoch: 33
Final Train: 100.00
Final Test: 84.50
Pre-training MLP for 500 epochs to generate co-occurrence matrix...
Penalty transform 'shuffle': rel Frobenius dist to original = 0.2575, off-diag CV of original penalty = 0.0778
MLP pre-training complete. Penalty matrix frozen.
Epoch: 00, Loss: 2.3340, Train: 23.57%, Valid: 17.20%, Test: 15.30%, Best Valid: 17.20%, Best Test: 15.30%
Epoch: 100, Loss: 0.0108, Train: 100.00%, Valid: 80.20%, Test: 83.60%, Best Valid: 82.00%, Best Test: 84.00%
Epoch: 200, Loss: 0.0070, Train: 100.00%, Valid: 78.20%, Test: 83.30%, Best Valid: 82.00%, Best Test: 84.00%
Epoch: 300, Loss: 0.0150, Train: 100.00%, Valid: 78.60%, Test: 83.10%, Best Valid: 82.00%, Best Test: 84.00%
Epoch: 400, Loss: 0.0082, Train: 100.00%, Valid: 78.00%, Test: 83.20%, Best Valid: 82.00%, Best Test: 84.00%
Run 07:
Highest Train: 100.00
Highest Valid: 82.00
Highest Test: 85.30
Chosen epoch: 30
Final Train: 97.86
Final Test: 84.00
Pre-training MLP for 500 epochs to generate co-occurrence matrix...
Penalty transform 'shuffle': rel Frobenius dist to original = 0.2916, off-diag CV of original penalty = 0.0775
MLP pre-training complete. Penalty matrix frozen.
Epoch: 00, Loss: 2.3389, Train: 27.14%, Valid: 15.00%, Test: 12.80%, Best Valid: 15.00%, Best Test: 12.80%
Epoch: 100, Loss: 0.0128, Train: 100.00%, Valid: 80.20%, Test: 82.90%, Best Valid: 81.60%, Best Test: 85.50%
Epoch: 200, Loss: 0.0098, Train: 100.00%, Valid: 80.60%, Test: 83.20%, Best Valid: 81.60%, Best Test: 85.50%
Epoch: 300, Loss: 0.0037, Train: 100.00%, Valid: 80.00%, Test: 84.10%, Best Valid: 81.60%, Best Test: 85.50%
Epoch: 400, Loss: 0.0150, Train: 100.00%, Valid: 79.40%, Test: 81.80%, Best Valid: 81.60%, Best Test: 85.50%
Run 08:
Highest Train: 100.00
Highest Valid: 81.60
Highest Test: 85.50
Chosen epoch: 27
Final Train: 98.57
Final Test: 85.50
Pre-training MLP for 500 epochs to generate co-occurrence matrix...
Penalty transform 'shuffle': rel Frobenius dist to original = 0.2788, off-diag CV of original penalty = 0.0733
MLP pre-training complete. Penalty matrix frozen.
Epoch: 00, Loss: 2.3378, Train: 22.86%, Valid: 21.60%, Test: 21.90%, Best Valid: 21.60%, Best Test: 21.90%
Epoch: 100, Loss: 0.0057, Train: 100.00%, Valid: 78.80%, Test: 82.80%, Best Valid: 81.60%, Best Test: 85.10%
Epoch: 200, Loss: 0.0122, Train: 100.00%, Valid: 78.40%, Test: 82.20%, Best Valid: 81.60%, Best Test: 85.10%
Epoch: 300, Loss: 0.0060, Train: 100.00%, Valid: 77.20%, Test: 81.70%, Best Valid: 81.60%, Best Test: 85.10%
Epoch: 400, Loss: 0.0049, Train: 100.00%, Valid: 77.80%, Test: 82.20%, Best Valid: 81.60%, Best Test: 85.10%
Run 09:
Highest Train: 100.00
Highest Valid: 81.60
Highest Test: 85.20
Chosen epoch: 41
Final Train: 100.00
Final Test: 85.10
Pre-training MLP for 500 epochs to generate co-occurrence matrix...
Penalty transform 'shuffle': rel Frobenius dist to original = 0.2425, off-diag CV of original penalty = 0.0772
MLP pre-training complete. Penalty matrix frozen.
Epoch: 00, Loss: 2.3300, Train: 25.71%, Valid: 18.00%, Test: 16.00%, Best Valid: 18.00%, Best Test: 16.00%
Epoch: 100, Loss: 0.0066, Train: 100.00%, Valid: 80.00%, Test: 84.20%, Best Valid: 81.40%, Best Test: 84.40%
Epoch: 200, Loss: 0.0162, Train: 100.00%, Valid: 79.00%, Test: 83.90%, Best Valid: 81.40%, Best Test: 84.40%
Epoch: 300, Loss: 0.0037, Train: 100.00%, Valid: 80.00%, Test: 83.80%, Best Valid: 81.40%, Best Test: 84.40%
Epoch: 400, Loss: 0.0107, Train: 100.00%, Valid: 79.00%, Test: 83.40%, Best Valid: 81.40%, Best Test: 84.40%
Run 10:
Highest Train: 100.00
Highest Valid: 81.40
Highest Test: 85.40
Chosen epoch: 33
Final Train: 98.57
Final Test: 84.40
All runs:
Highest Train: 100.00 ± 0.00
Highest Test: 85.30 ± 0.29
Highest Valid: 81.36 ± 0.50
  Final Train: 99.29 ± 0.82
   Final Test: 84.43 ± 0.67
Saving results to results/placebo/cora/MPNN_gcn.csv
--- mlp_reg | transform=shuffle | lambda=0.4 | mlp_epochs=500 ---
Namespace(bn=False, cpu=False, data_dir='./data/', dataset='cora', device=0, display_step=100, dropout=0.7, epochs=500, gnn='gcn', hidden_channels=512, jk=False, label_num_per_class=20, lambda_val=0.4, ln=False, local_layers=3, lr=0.001, metric='acc', mlp_epochs=500, mlp_reg=True, model='MPNN', model_dir='models', num_heads=1, oracle_reg=False, paired_seeds=True, penalty_transform='shuffle', pre_linear=False, pre_ln=False, rand_split=False, rand_split_class=True, reg_start_epoch=10, reg_update_freq=5, res=False, result_dir='results/placebo', runs=10, save_model=False, seed=123, test_num=1000, train_prop=0.5, use_reg=True, valid_num=500, valid_prop=0.25, weight_decay=0.0005)
cora
Num nodes: 2708
train:torch.Size([140]), valid:torch.Size([500]), test:torch.Size([1000])
dataset cora | num nodes 2708 | num edge 10556 | num node feats 1433 | num classes 7
MODEL: MPNNs(
  (h_lins): ModuleList()
  (local_convs): ModuleList(
    (0): GCNConv(1433, 512)
    (1): GCNConv(512, 512)
    (2): GCNConv(512, 512)
  )
  (lins): ModuleList(
    (0): Linear(in_features=1433, out_features=512, bias=True)
    (1): Linear(in_features=512, out_features=512, bias=True)
    (2): Linear(in_features=512, out_features=512, bias=True)
  )
  (lns): ModuleList(
    (0): LayerNorm((512,), eps=1e-05, elementwise_affine=True)
    (1): LayerNorm((512,), eps=1e-05, elementwise_affine=True)
    (2): LayerNorm((512,), eps=1e-05, elementwise_affine=True)
  )
  (bns): ModuleList(
    (0): BatchNorm1d(512, eps=1e-05, momentum=0.1, affine=True, track_running_stats=True)
    (1): BatchNorm1d(512, eps=1e-05, momentum=0.1, affine=True, track_running_stats=True)
    (2): BatchNorm1d(512, eps=1e-05, momentum=0.1, affine=True, track_running_stats=True)
  )
  (lin_in): Linear(in_features=1433, out_features=512, bias=True)
  (pred_local): Linear(in_features=512, out_features=7, bias=True)
)
Pre-training MLP for 500 epochs to generate co-occurrence matrix...
Penalty transform 'shuffle': rel Frobenius dist to original = 0.2758, off-diag CV of original penalty = 0.0781
MLP pre-training complete. Penalty matrix frozen.
Epoch: 00, Loss: 2.7185, Train: 26.43%, Valid: 21.60%, Test: 26.30%, Best Valid: 21.60%, Best Test: 26.30%
Epoch: 100, Loss: 0.0211, Train: 100.00%, Valid: 80.00%, Test: 83.10%, Best Valid: 82.00%, Best Test: 83.70%
Epoch: 200, Loss: 0.0094, Train: 100.00%, Valid: 78.60%, Test: 83.30%, Best Valid: 82.00%, Best Test: 83.70%
Epoch: 300, Loss: 0.0122, Train: 100.00%, Valid: 78.20%, Test: 83.30%, Best Valid: 82.00%, Best Test: 83.70%
Epoch: 400, Loss: 0.0081, Train: 100.00%, Valid: 80.00%, Test: 83.40%, Best Valid: 82.00%, Best Test: 83.70%
Run 01:
Highest Train: 100.00
Highest Valid: 82.00
Highest Test: 84.90
Chosen epoch: 91
Final Train: 100.00
Final Test: 83.70
Pre-training MLP for 500 epochs to generate co-occurrence matrix...
Penalty transform 'shuffle': rel Frobenius dist to original = 0.3074, off-diag CV of original penalty = 0.0790
MLP pre-training complete. Penalty matrix frozen.
Epoch: 00, Loss: 2.7214, Train: 14.29%, Valid: 7.00%, Test: 8.10%, Best Valid: 7.00%, Best Test: 8.10%
Epoch: 100, Loss: 0.0110, Train: 100.00%, Valid: 79.20%, Test: 83.70%, Best Valid: 79.80%, Best Test: 84.40%
Epoch: 200, Loss: 0.0052, Train: 100.00%, Valid: 77.80%, Test: 83.60%, Best Valid: 79.80%, Best Test: 84.40%
Epoch: 300, Loss: 0.0095, Train: 100.00%, Valid: 78.00%, Test: 82.70%, Best Valid: 79.80%, Best Test: 84.40%
Epoch: 400, Loss: 0.0044, Train: 100.00%, Valid: 76.80%, Test: 82.70%, Best Valid: 79.80%, Best Test: 84.40%
Run 02:
Highest Train: 100.00
Highest Valid: 79.80
Highest Test: 84.40
Chosen epoch: 35
Final Train: 99.29
Final Test: 84.40
Pre-training MLP for 500 epochs to generate co-occurrence matrix...
Penalty transform 'shuffle': rel Frobenius dist to original = 0.2517, off-diag CV of original penalty = 0.0830
MLP pre-training complete. Penalty matrix frozen.
Epoch: 00, Loss: 2.7290, Train: 22.86%, Valid: 12.40%, Test: 15.40%, Best Valid: 12.40%, Best Test: 15.40%
Epoch: 100, Loss: 0.0084, Train: 100.00%, Valid: 78.60%, Test: 81.90%, Best Valid: 81.00%, Best Test: 85.30%
Epoch: 200, Loss: 0.0246, Train: 100.00%, Valid: 78.80%, Test: 83.20%, Best Valid: 81.00%, Best Test: 85.30%
Epoch: 300, Loss: 0.0066, Train: 100.00%, Valid: 78.60%, Test: 83.10%, Best Valid: 81.00%, Best Test: 85.30%
Epoch: 400, Loss: 0.0092, Train: 100.00%, Valid: 76.60%, Test: 81.60%, Best Valid: 81.00%, Best Test: 85.30%
Run 03:
Highest Train: 100.00
Highest Valid: 81.00
Highest Test: 85.30
Chosen epoch: 33
Final Train: 98.57
Final Test: 85.30
Pre-training MLP for 500 epochs to generate co-occurrence matrix...
Penalty transform 'shuffle': rel Frobenius dist to original = 0.2930, off-diag CV of original penalty = 0.0778
MLP pre-training complete. Penalty matrix frozen.
Epoch: 00, Loss: 2.7201, Train: 17.86%, Valid: 16.00%, Test: 12.10%, Best Valid: 16.00%, Best Test: 12.10%
Epoch: 100, Loss: 0.0144, Train: 100.00%, Valid: 79.00%, Test: 83.20%, Best Valid: 81.20%, Best Test: 84.70%
Epoch: 200, Loss: 0.0068, Train: 100.00%, Valid: 79.00%, Test: 83.00%, Best Valid: 81.20%, Best Test: 84.70%
Epoch: 300, Loss: 0.0111, Train: 100.00%, Valid: 78.40%, Test: 82.00%, Best Valid: 81.20%, Best Test: 84.70%
Epoch: 400, Loss: 0.0154, Train: 100.00%, Valid: 76.80%, Test: 82.00%, Best Valid: 81.20%, Best Test: 84.70%
Run 04:
Highest Train: 100.00
Highest Valid: 81.20
Highest Test: 85.60
Chosen epoch: 24
Final Train: 96.43
Final Test: 84.70
Pre-training MLP for 500 epochs to generate co-occurrence matrix...
Penalty transform 'shuffle': rel Frobenius dist to original = 0.2906, off-diag CV of original penalty = 0.0783
MLP pre-training complete. Penalty matrix frozen.
Epoch: 00, Loss: 2.7315, Train: 25.71%, Valid: 18.00%, Test: 21.90%, Best Valid: 18.00%, Best Test: 21.90%
Epoch: 100, Loss: 0.0090, Train: 100.00%, Valid: 78.40%, Test: 83.80%, Best Valid: 81.20%, Best Test: 84.30%
Epoch: 200, Loss: 0.0073, Train: 100.00%, Valid: 79.60%, Test: 83.80%, Best Valid: 81.20%, Best Test: 84.30%
Epoch: 300, Loss: 0.0050, Train: 100.00%, Valid: 76.80%, Test: 81.10%, Best Valid: 81.20%, Best Test: 84.30%
Epoch: 400, Loss: 0.0035, Train: 100.00%, Valid: 77.80%, Test: 80.30%, Best Valid: 81.20%, Best Test: 84.30%
Run 05:
Highest Train: 100.00
Highest Valid: 81.20
Highest Test: 85.20
Chosen epoch: 39
Final Train: 100.00
Final Test: 84.30
Pre-training MLP for 500 epochs to generate co-occurrence matrix...
Penalty transform 'shuffle': rel Frobenius dist to original = 0.2941, off-diag CV of original penalty = 0.0825
MLP pre-training complete. Penalty matrix frozen.
Epoch: 00, Loss: 2.7290, Train: 22.14%, Valid: 16.80%, Test: 17.40%, Best Valid: 16.80%, Best Test: 17.40%
Epoch: 100, Loss: 0.0117, Train: 100.00%, Valid: 78.40%, Test: 83.20%, Best Valid: 81.20%, Best Test: 84.40%
Epoch: 200, Loss: 0.0103, Train: 100.00%, Valid: 78.80%, Test: 82.20%, Best Valid: 81.20%, Best Test: 84.40%
Epoch: 300, Loss: 0.0052, Train: 100.00%, Valid: 77.80%, Test: 82.70%, Best Valid: 81.20%, Best Test: 84.40%
Epoch: 400, Loss: 0.0060, Train: 100.00%, Valid: 77.20%, Test: 80.70%, Best Valid: 81.20%, Best Test: 84.40%
Run 06:
Highest Train: 100.00
Highest Valid: 81.20
Highest Test: 85.20
Chosen epoch: 33
Final Train: 99.29
Final Test: 84.40
Pre-training MLP for 500 epochs to generate co-occurrence matrix...
Penalty transform 'shuffle': rel Frobenius dist to original = 0.2575, off-diag CV of original penalty = 0.0778
MLP pre-training complete. Penalty matrix frozen.
Epoch: 00, Loss: 2.7230, Train: 22.86%, Valid: 16.60%, Test: 14.90%, Best Valid: 16.60%, Best Test: 14.90%
Epoch: 100, Loss: 0.0147, Train: 100.00%, Valid: 80.20%, Test: 83.80%, Best Valid: 81.80%, Best Test: 84.20%
Epoch: 200, Loss: 0.0077, Train: 100.00%, Valid: 78.00%, Test: 83.70%, Best Valid: 81.80%, Best Test: 84.20%
Epoch: 300, Loss: 0.0158, Train: 100.00%, Valid: 78.20%, Test: 83.40%, Best Valid: 81.80%, Best Test: 84.20%
Epoch: 400, Loss: 0.0103, Train: 100.00%, Valid: 77.60%, Test: 83.30%, Best Valid: 81.80%, Best Test: 84.20%
Run 07:
Highest Train: 100.00
Highest Valid: 81.80
Highest Test: 85.40
Chosen epoch: 31
Final Train: 98.57
Final Test: 84.20
Pre-training MLP for 500 epochs to generate co-occurrence matrix...
Penalty transform 'shuffle': rel Frobenius dist to original = 0.2916, off-diag CV of original penalty = 0.0775
MLP pre-training complete. Penalty matrix frozen.
Epoch: 00, Loss: 2.7287, Train: 28.57%, Valid: 18.80%, Test: 15.10%, Best Valid: 18.80%, Best Test: 15.10%
Epoch: 100, Loss: 0.0149, Train: 100.00%, Valid: 80.20%, Test: 83.10%, Best Valid: 82.00%, Best Test: 85.70%
Epoch: 200, Loss: 0.0105, Train: 100.00%, Valid: 80.40%, Test: 83.30%, Best Valid: 82.00%, Best Test: 85.70%
Epoch: 300, Loss: 0.0040, Train: 100.00%, Valid: 79.60%, Test: 84.40%, Best Valid: 82.00%, Best Test: 85.70%
Epoch: 400, Loss: 0.0162, Train: 100.00%, Valid: 80.20%, Test: 82.00%, Best Valid: 82.00%, Best Test: 85.70%
Run 08:
Highest Train: 100.00
Highest Valid: 82.00
Highest Test: 85.80
Chosen epoch: 27
Final Train: 98.57
Final Test: 85.70
Pre-training MLP for 500 epochs to generate co-occurrence matrix...
Penalty transform 'shuffle': rel Frobenius dist to original = 0.2788, off-diag CV of original penalty = 0.0733
MLP pre-training complete. Penalty matrix frozen.
Epoch: 00, Loss: 2.7274, Train: 22.86%, Valid: 22.00%, Test: 22.10%, Best Valid: 22.00%, Best Test: 22.10%
Epoch: 100, Loss: 0.0080, Train: 100.00%, Valid: 78.20%, Test: 82.30%, Best Valid: 81.00%, Best Test: 84.50%
Epoch: 200, Loss: 0.0143, Train: 100.00%, Valid: 77.80%, Test: 82.20%, Best Valid: 81.00%, Best Test: 84.50%
Epoch: 300, Loss: 0.0067, Train: 100.00%, Valid: 77.80%, Test: 81.80%, Best Valid: 81.00%, Best Test: 84.50%
Epoch: 400, Loss: 0.0059, Train: 100.00%, Valid: 77.00%, Test: 82.00%, Best Valid: 81.00%, Best Test: 84.50%
Run 09:
Highest Train: 100.00
Highest Valid: 81.00
Highest Test: 85.10
Chosen epoch: 41
Final Train: 100.00
Final Test: 84.50
Pre-training MLP for 500 epochs to generate co-occurrence matrix...
Penalty transform 'shuffle': rel Frobenius dist to original = 0.2425, off-diag CV of original penalty = 0.0772
MLP pre-training complete. Penalty matrix frozen.
Epoch: 00, Loss: 2.7183, Train: 22.86%, Valid: 16.60%, Test: 15.60%, Best Valid: 16.60%, Best Test: 15.60%
Epoch: 100, Loss: 0.0082, Train: 100.00%, Valid: 79.20%, Test: 84.10%, Best Valid: 81.00%, Best Test: 84.80%
Epoch: 200, Loss: 0.0154, Train: 100.00%, Valid: 78.80%, Test: 83.80%, Best Valid: 81.00%, Best Test: 84.80%
Epoch: 300, Loss: 0.0044, Train: 100.00%, Valid: 79.00%, Test: 83.70%, Best Valid: 81.00%, Best Test: 84.80%
Epoch: 400, Loss: 0.0097, Train: 100.00%, Valid: 79.60%, Test: 83.60%, Best Valid: 81.00%, Best Test: 84.80%
Run 10:
Highest Train: 100.00
Highest Valid: 81.00
Highest Test: 85.50
Chosen epoch: 32
Final Train: 98.57
Final Test: 84.80
All runs:
Highest Train: 100.00 ± 0.00
Highest Test: 85.24 ± 0.39
Highest Valid: 81.22 ± 0.64
  Final Train: 98.93 ± 1.08
   Final Test: 84.60 ± 0.57
Saving results to results/placebo/cora/MPNN_gcn.csv
Condition sweep completed.
Task 1 done.
