==========================================================
Placebo sweep | Task 13
Job: 1108495 | Date: Thu Jul 16 03:44:39 PM EDT 2026 | Host: n0002
==========================================================
Thu Jul 16 15:44:42 2026       
+-----------------------------------------------------------------------------------------+
| NVIDIA-SMI 580.159.04             Driver Version: 580.159.04     CUDA Version: 13.0     |
+-----------------------------------------+------------------------+----------------------+
| GPU  Name                 Persistence-M | Bus-Id          Disp.A | Volatile Uncorr. ECC |
| Fan  Temp   Perf          Pwr:Usage/Cap |           Memory-Usage | GPU-Util  Compute M. |
|                                         |                        |               MIG M. |
|=========================================+========================+======================|
|   0  NVIDIA A100-SXM4-80GB          On  |   00000000:01:00.0 Off |                   On |
| N/A   41C    P0            147W /  500W |    2764MiB /  81920MiB |     N/A      Default |
|                                         |                        |              Enabled |
+-----------------------------------------+------------------------+----------------------+
|   1  NVIDIA A100-SXM4-80GB          On  |   00000000:41:00.0 Off |                   On |
| N/A   31C    P0             86W /  500W |    4180MiB /  81920MiB |     N/A      Default |
|                                         |                        |              Enabled |
+-----------------------------------------+------------------------+----------------------+
|   2  NVIDIA A100-SXM4-80GB          On  |   00000000:81:00.0 Off |                   On |
| N/A   36C    P0             91W /  500W |    4096MiB /  81920MiB |     N/A      Default |
|                                         |                        |              Enabled |
+-----------------------------------------+------------------------+----------------------+
|   3  NVIDIA A100-SXM4-80GB          On  |   00000000:C1:00.0 Off |                   On |
| N/A   37C    P0            158W /  500W |    3748MiB /  81920MiB |     N/A      Default |
|                                         |                        |              Enabled |
+-----------------------------------------+------------------------+----------------------+

+-----------------------------------------------------------------------------------------+
| MIG devices:                                                                            |
+------------------+----------------------------------+-----------+-----------------------+
| GPU  GI  CI  MIG |              Shared Memory-Usage |        Vol|        Shared         |
|      ID  ID  Dev |                Shared BAR1-Usage | SM     Unc| CE ENC  DEC  OFA  JPG |
|                  |                                  |        ECC|                       |
|==================+==================================+===========+=======================|
|  2    3   0   0  |              71MiB / 19968MiB    | 28      0 |  2   0    1    0    0 |
|                  |               0MiB / 12271MiB    |           |                       |
+------------------+----------------------------------+-----------+-----------------------+

+-----------------------------------------------------------------------------------------+
| Processes:                                                                              |
|  GPU   GI   CI              PID   Type   Process name                        GPU Memory |
|        ID   ID                                                               Usage      |
|=========================================================================================|
|    0   13    0           242737      C   ...ftware/ase-new-env/bin/python        694MiB |
|    0   14    0           242738      C   ...ftware/ase-new-env/bin/python        634MiB |
|    0    5    0           715401      C   python                                 1164MiB |
|    1   10    0           244604      C   ...ftware/ase-new-env/bin/python       2800MiB |
|    1    9    0           244605      C   ...ftware/ase-new-env/bin/python       1116MiB |
|    3   14    0           526326      C   python                                 2310MiB |
+-----------------------------------------------------------------------------------------+
1.12.1
True
==========================================================
Condition sweep: python main.py --gnn gat --dataset citeseer --lr 0.001 --local_layers 3 --hidden_channels 256 --weight_decay 0.01 --dropout 0.5 --rand_split_class --valid_num 500 --test_num 1000 --seed 123 --device 0 --runs 10 --res
result_dir=results/placebo transforms=[shuffle] oracle=0 baseline=0
==========================================================
--- mlp_reg | transform=shuffle | lambda=0.01 | mlp_epochs=500 ---
Namespace(bn=False, cpu=False, data_dir='./data/', dataset='citeseer', device=0, display_step=100, dropout=0.5, epochs=500, gnn='gat', hidden_channels=256, jk=False, label_num_per_class=20, lambda_val=0.01, ln=False, local_layers=3, lr=0.001, metric='acc', mlp_epochs=500, mlp_reg=True, model='MPNN', model_dir='models', num_heads=1, oracle_reg=False, paired_seeds=True, penalty_transform='shuffle', pre_linear=False, pre_ln=False, rand_split=False, rand_split_class=True, reg_start_epoch=10, reg_update_freq=5, res=True, result_dir='results/placebo', runs=10, save_model=False, seed=123, test_num=1000, train_prop=0.5, use_reg=True, valid_num=500, valid_prop=0.25, weight_decay=0.01)
citeseer
Num nodes: 3327
train:torch.Size([120]), valid:torch.Size([500]), test:torch.Size([1000])
dataset citeseer | num nodes 3327 | num edge 9104 | num node feats 3703 | num classes 6
MODEL: MPNNs(
  (h_lins): ModuleList()
  (local_convs): ModuleList(
    (0): GATConv(3703, 256, heads=1)
    (1): GATConv(256, 256, heads=1)
    (2): GATConv(256, 256, heads=1)
  )
  (lins): ModuleList(
    (0): Linear(in_features=3703, out_features=256, bias=True)
    (1): Linear(in_features=256, out_features=256, bias=True)
    (2): Linear(in_features=256, out_features=256, bias=True)
  )
  (lns): ModuleList(
    (0): LayerNorm((256,), eps=1e-05, elementwise_affine=True)
    (1): LayerNorm((256,), eps=1e-05, elementwise_affine=True)
    (2): LayerNorm((256,), eps=1e-05, elementwise_affine=True)
  )
  (bns): ModuleList(
    (0): BatchNorm1d(256, eps=1e-05, momentum=0.1, affine=True, track_running_stats=True)
    (1): BatchNorm1d(256, eps=1e-05, momentum=0.1, affine=True, track_running_stats=True)
    (2): BatchNorm1d(256, eps=1e-05, momentum=0.1, affine=True, track_running_stats=True)
  )
  (lin_in): Linear(in_features=3703, out_features=256, bias=True)
  (pred_local): Linear(in_features=256, out_features=6, bias=True)
)
Pre-training MLP for 500 epochs to generate co-occurrence matrix...
Penalty transform 'shuffle': rel Frobenius dist to original = 0.0943, off-diag CV of original penalty = 0.0283
MLP pre-training complete. Penalty matrix frozen.
Epoch: 00, Loss: 1.8072, Train: 20.83%, Valid: 22.60%, Test: 22.80%, Best Valid: 22.60%, Best Test: 22.80%
Epoch: 100, Loss: 0.0253, Train: 100.00%, Valid: 66.20%, Test: 71.60%, Best Valid: 67.60%, Best Test: 71.00%
Epoch: 200, Loss: 0.0223, Train: 100.00%, Valid: 63.40%, Test: 69.70%, Best Valid: 68.60%, Best Test: 72.20%
Epoch: 300, Loss: 0.0193, Train: 100.00%, Valid: 66.80%, Test: 71.60%, Best Valid: 68.60%, Best Test: 72.20%
Epoch: 400, Loss: 0.0188, Train: 100.00%, Valid: 65.80%, Test: 71.00%, Best Valid: 68.80%, Best Test: 73.10%
Run 01:
Highest Train: 100.00
Highest Valid: 68.80
Highest Test: 73.30
Chosen epoch: 341
Final Train: 100.00
Final Test: 73.10
Pre-training MLP for 500 epochs to generate co-occurrence matrix...
Penalty transform 'shuffle': rel Frobenius dist to original = 0.1009, off-diag CV of original penalty = 0.0414
MLP pre-training complete. Penalty matrix frozen.
Epoch: 00, Loss: 1.8074, Train: 28.33%, Valid: 26.60%, Test: 23.30%, Best Valid: 26.60%, Best Test: 23.30%
Epoch: 100, Loss: 0.0289, Train: 100.00%, Valid: 65.60%, Test: 70.80%, Best Valid: 67.20%, Best Test: 69.80%
Epoch: 200, Loss: 0.0283, Train: 100.00%, Valid: 65.20%, Test: 71.30%, Best Valid: 68.80%, Best Test: 72.10%
Epoch: 300, Loss: 0.0178, Train: 100.00%, Valid: 66.60%, Test: 70.40%, Best Valid: 68.80%, Best Test: 72.10%
Epoch: 400, Loss: 0.0201, Train: 100.00%, Valid: 63.80%, Test: 68.10%, Best Valid: 68.80%, Best Test: 72.10%
Run 02:
Highest Train: 100.00
Highest Valid: 68.80
Highest Test: 72.80
Chosen epoch: 160
Final Train: 100.00
Final Test: 72.10
Pre-training MLP for 500 epochs to generate co-occurrence matrix...
Penalty transform 'shuffle': rel Frobenius dist to original = 0.1120, off-diag CV of original penalty = 0.0568
MLP pre-training complete. Penalty matrix frozen.
Epoch: 00, Loss: 1.8079, Train: 22.50%, Valid: 21.00%, Test: 21.50%, Best Valid: 21.00%, Best Test: 21.50%
Epoch: 100, Loss: 0.0237, Train: 100.00%, Valid: 64.40%, Test: 68.20%, Best Valid: 67.40%, Best Test: 70.90%
Epoch: 200, Loss: 0.0198, Train: 100.00%, Valid: 63.60%, Test: 69.80%, Best Valid: 68.60%, Best Test: 71.40%
Epoch: 300, Loss: 0.0200, Train: 100.00%, Valid: 67.20%, Test: 71.80%, Best Valid: 68.80%, Best Test: 71.10%
Epoch: 400, Loss: 0.0236, Train: 100.00%, Valid: 65.20%, Test: 69.10%, Best Valid: 69.00%, Best Test: 71.60%
Run 03:
Highest Train: 100.00
Highest Valid: 69.00
Highest Test: 73.30
Chosen epoch: 377
Final Train: 100.00
Final Test: 71.60
Pre-training MLP for 500 epochs to generate co-occurrence matrix...
Penalty transform 'shuffle': rel Frobenius dist to original = 0.1185, off-diag CV of original penalty = 0.0516
MLP pre-training complete. Penalty matrix frozen.
Epoch: 00, Loss: 1.8135, Train: 26.67%, Valid: 29.60%, Test: 29.50%, Best Valid: 29.60%, Best Test: 29.50%
Epoch: 100, Loss: 0.0253, Train: 100.00%, Valid: 65.20%, Test: 70.50%, Best Valid: 67.40%, Best Test: 70.90%
Epoch: 200, Loss: 0.0267, Train: 100.00%, Valid: 66.60%, Test: 71.50%, Best Valid: 68.00%, Best Test: 71.00%
Epoch: 300, Loss: 0.0224, Train: 100.00%, Valid: 65.40%, Test: 70.70%, Best Valid: 68.00%, Best Test: 71.00%
Epoch: 400, Loss: 0.0193, Train: 100.00%, Valid: 67.80%, Test: 72.00%, Best Valid: 68.60%, Best Test: 72.60%
Run 04:
Highest Train: 100.00
Highest Valid: 68.60
Highest Test: 72.60
Chosen epoch: 307
Final Train: 100.00
Final Test: 72.60
Pre-training MLP for 500 epochs to generate co-occurrence matrix...
Penalty transform 'shuffle': rel Frobenius dist to original = 0.1030, off-diag CV of original penalty = 0.0550
MLP pre-training complete. Penalty matrix frozen.
Epoch: 00, Loss: 1.8130, Train: 20.83%, Valid: 19.00%, Test: 22.20%, Best Valid: 19.00%, Best Test: 22.20%
Epoch: 100, Loss: 0.0294, Train: 100.00%, Valid: 66.00%, Test: 70.40%, Best Valid: 67.40%, Best Test: 70.00%
Epoch: 200, Loss: 0.0222, Train: 100.00%, Valid: 67.20%, Test: 70.70%, Best Valid: 68.20%, Best Test: 71.40%
Epoch: 300, Loss: 0.0186, Train: 100.00%, Valid: 67.00%, Test: 71.70%, Best Valid: 68.20%, Best Test: 71.40%
Epoch: 400, Loss: 0.0246, Train: 100.00%, Valid: 67.00%, Test: 71.80%, Best Valid: 68.20%, Best Test: 71.40%
Run 05:
Highest Train: 100.00
Highest Valid: 68.20
Highest Test: 72.60
Chosen epoch: 175
Final Train: 100.00
Final Test: 71.40
Pre-training MLP for 500 epochs to generate co-occurrence matrix...
Penalty transform 'shuffle': rel Frobenius dist to original = 0.1703, off-diag CV of original penalty = 0.1069
MLP pre-training complete. Penalty matrix frozen.
Epoch: 00, Loss: 1.8113, Train: 39.17%, Valid: 21.80%, Test: 20.60%, Best Valid: 21.80%, Best Test: 20.60%
Epoch: 100, Loss: 0.0439, Train: 100.00%, Valid: 66.40%, Test: 70.70%, Best Valid: 68.80%, Best Test: 71.50%
Epoch: 200, Loss: 0.0197, Train: 100.00%, Valid: 65.60%, Test: 69.90%, Best Valid: 68.80%, Best Test: 71.50%
Epoch: 300, Loss: 0.0168, Train: 100.00%, Valid: 66.40%, Test: 71.20%, Best Valid: 68.80%, Best Test: 71.50%
Epoch: 400, Loss: 0.0230, Train: 100.00%, Valid: 67.40%, Test: 71.10%, Best Valid: 68.80%, Best Test: 71.50%
Run 06:
Highest Train: 100.00
Highest Valid: 68.80
Highest Test: 73.20
Chosen epoch: 96
Final Train: 100.00
Final Test: 71.50
Pre-training MLP for 500 epochs to generate co-occurrence matrix...
Penalty transform 'shuffle': rel Frobenius dist to original = 0.1183, off-diag CV of original penalty = 0.0619
MLP pre-training complete. Penalty matrix frozen.
Epoch: 00, Loss: 1.8046, Train: 20.00%, Valid: 16.40%, Test: 18.20%, Best Valid: 16.40%, Best Test: 18.20%
Epoch: 100, Loss: 0.0366, Train: 100.00%, Valid: 67.60%, Test: 72.70%, Best Valid: 68.80%, Best Test: 72.00%
Epoch: 200, Loss: 0.0188, Train: 100.00%, Valid: 66.20%, Test: 69.40%, Best Valid: 68.80%, Best Test: 72.00%
Epoch: 300, Loss: 0.0190, Train: 100.00%, Valid: 66.60%, Test: 71.90%, Best Valid: 68.80%, Best Test: 72.00%
Epoch: 400, Loss: 0.0212, Train: 100.00%, Valid: 68.00%, Test: 72.00%, Best Valid: 68.80%, Best Test: 72.00%
Run 07:
Highest Train: 100.00
Highest Valid: 68.80
Highest Test: 73.50
Chosen epoch: 37
Final Train: 99.17
Final Test: 72.00
Pre-training MLP for 500 epochs to generate co-occurrence matrix...
Penalty transform 'shuffle': rel Frobenius dist to original = 0.1501, off-diag CV of original penalty = 0.0716
MLP pre-training complete. Penalty matrix frozen.
Epoch: 00, Loss: 1.8077, Train: 36.67%, Valid: 23.00%, Test: 25.80%, Best Valid: 23.00%, Best Test: 25.80%
Epoch: 100, Loss: 0.0281, Train: 100.00%, Valid: 67.40%, Test: 71.40%, Best Valid: 68.60%, Best Test: 70.60%
Epoch: 200, Loss: 0.0292, Train: 100.00%, Valid: 66.20%, Test: 71.80%, Best Valid: 68.60%, Best Test: 70.60%
Epoch: 300, Loss: 0.0220, Train: 100.00%, Valid: 66.00%, Test: 70.90%, Best Valid: 68.60%, Best Test: 70.60%
Epoch: 400, Loss: 0.0214, Train: 100.00%, Valid: 67.00%, Test: 71.10%, Best Valid: 68.80%, Best Test: 71.70%
Run 08:
Highest Train: 100.00
Highest Valid: 69.60
Highest Test: 72.90
Chosen epoch: 437
Final Train: 100.00
Final Test: 71.60
Pre-training MLP for 500 epochs to generate co-occurrence matrix...
Penalty transform 'shuffle': rel Frobenius dist to original = 0.1076, off-diag CV of original penalty = 0.0468
MLP pre-training complete. Penalty matrix frozen.
Epoch: 00, Loss: 1.8126, Train: 33.33%, Valid: 29.00%, Test: 30.50%, Best Valid: 29.00%, Best Test: 30.50%
Epoch: 100, Loss: 0.0341, Train: 100.00%, Valid: 65.40%, Test: 70.40%, Best Valid: 67.40%, Best Test: 71.10%
Epoch: 200, Loss: 0.0249, Train: 100.00%, Valid: 63.60%, Test: 66.90%, Best Valid: 67.40%, Best Test: 71.10%
Epoch: 300, Loss: 0.0190, Train: 100.00%, Valid: 64.60%, Test: 69.00%, Best Valid: 67.40%, Best Test: 71.10%
Epoch: 400, Loss: 0.0191, Train: 100.00%, Valid: 64.80%, Test: 68.20%, Best Valid: 67.40%, Best Test: 71.10%
Run 09:
Highest Train: 100.00
Highest Valid: 67.40
Highest Test: 72.20
Chosen epoch: 42
Final Train: 100.00
Final Test: 71.10
Pre-training MLP for 500 epochs to generate co-occurrence matrix...
Penalty transform 'shuffle': rel Frobenius dist to original = 0.0866, off-diag CV of original penalty = 0.0306
MLP pre-training complete. Penalty matrix frozen.
Epoch: 00, Loss: 1.8098, Train: 20.00%, Valid: 23.40%, Test: 23.60%, Best Valid: 23.40%, Best Test: 23.60%
Epoch: 100, Loss: 0.0389, Train: 100.00%, Valid: 66.20%, Test: 70.20%, Best Valid: 66.20%, Best Test: 69.80%
Epoch: 200, Loss: 0.0268, Train: 100.00%, Valid: 64.20%, Test: 69.50%, Best Valid: 67.60%, Best Test: 71.60%
Epoch: 300, Loss: 0.0229, Train: 100.00%, Valid: 67.60%, Test: 71.40%, Best Valid: 67.60%, Best Test: 71.60%
Epoch: 400, Loss: 0.0252, Train: 100.00%, Valid: 66.80%, Test: 69.50%, Best Valid: 68.40%, Best Test: 71.30%
Run 10:
Highest Train: 100.00
Highest Valid: 68.40
Highest Test: 72.70
Chosen epoch: 398
Final Train: 100.00
Final Test: 71.30
All runs:
Highest Train: 100.00 ± 0.00
Highest Test: 72.91 ± 0.41
Highest Valid: 68.64 ± 0.57
  Final Train: 99.92 ± 0.26
   Final Test: 71.83 ± 0.63
Saving results to results/placebo/citeseer/MPNN_gat.csv
--- mlp_reg | transform=shuffle | lambda=0.05 | mlp_epochs=500 ---
Namespace(bn=False, cpu=False, data_dir='./data/', dataset='citeseer', device=0, display_step=100, dropout=0.5, epochs=500, gnn='gat', hidden_channels=256, jk=False, label_num_per_class=20, lambda_val=0.05, ln=False, local_layers=3, lr=0.001, metric='acc', mlp_epochs=500, mlp_reg=True, model='MPNN', model_dir='models', num_heads=1, oracle_reg=False, paired_seeds=True, penalty_transform='shuffle', pre_linear=False, pre_ln=False, rand_split=False, rand_split_class=True, reg_start_epoch=10, reg_update_freq=5, res=True, result_dir='results/placebo', runs=10, save_model=False, seed=123, test_num=1000, train_prop=0.5, use_reg=True, valid_num=500, valid_prop=0.25, weight_decay=0.01)
citeseer
Num nodes: 3327
train:torch.Size([120]), valid:torch.Size([500]), test:torch.Size([1000])
dataset citeseer | num nodes 3327 | num edge 9104 | num node feats 3703 | num classes 6
MODEL: MPNNs(
  (h_lins): ModuleList()
  (local_convs): ModuleList(
    (0): GATConv(3703, 256, heads=1)
    (1): GATConv(256, 256, heads=1)
    (2): GATConv(256, 256, heads=1)
  )
  (lins): ModuleList(
    (0): Linear(in_features=3703, out_features=256, bias=True)
    (1): Linear(in_features=256, out_features=256, bias=True)
    (2): Linear(in_features=256, out_features=256, bias=True)
  )
  (lns): ModuleList(
    (0): LayerNorm((256,), eps=1e-05, elementwise_affine=True)
    (1): LayerNorm((256,), eps=1e-05, elementwise_affine=True)
    (2): LayerNorm((256,), eps=1e-05, elementwise_affine=True)
  )
  (bns): ModuleList(
    (0): BatchNorm1d(256, eps=1e-05, momentum=0.1, affine=True, track_running_stats=True)
    (1): BatchNorm1d(256, eps=1e-05, momentum=0.1, affine=True, track_running_stats=True)
    (2): BatchNorm1d(256, eps=1e-05, momentum=0.1, affine=True, track_running_stats=True)
  )
  (lin_in): Linear(in_features=3703, out_features=256, bias=True)
  (pred_local): Linear(in_features=256, out_features=6, bias=True)
)
Pre-training MLP for 500 epochs to generate co-occurrence matrix...
Penalty transform 'shuffle': rel Frobenius dist to original = 0.0943, off-diag CV of original penalty = 0.0283
MLP pre-training complete. Penalty matrix frozen.
Epoch: 00, Loss: 1.8788, Train: 20.83%, Valid: 22.60%, Test: 22.70%, Best Valid: 22.60%, Best Test: 22.70%
Epoch: 100, Loss: 0.0258, Train: 100.00%, Valid: 66.20%, Test: 71.10%, Best Valid: 67.40%, Best Test: 71.10%
Epoch: 200, Loss: 0.0234, Train: 100.00%, Valid: 64.00%, Test: 70.10%, Best Valid: 69.00%, Best Test: 72.20%
Epoch: 300, Loss: 0.0201, Train: 100.00%, Valid: 66.60%, Test: 71.50%, Best Valid: 69.00%, Best Test: 72.20%
Epoch: 400, Loss: 0.0196, Train: 100.00%, Valid: 66.20%, Test: 70.90%, Best Valid: 69.00%, Best Test: 72.20%
Run 01:
Highest Train: 100.00
Highest Valid: 69.00
Highest Test: 73.30
Chosen epoch: 190
Final Train: 100.00
Final Test: 72.20
Pre-training MLP for 500 epochs to generate co-occurrence matrix...
Penalty transform 'shuffle': rel Frobenius dist to original = 0.1009, off-diag CV of original penalty = 0.0414
MLP pre-training complete. Penalty matrix frozen.
Epoch: 00, Loss: 1.8790, Train: 27.50%, Valid: 26.20%, Test: 23.40%, Best Valid: 26.20%, Best Test: 23.40%
Epoch: 100, Loss: 0.0305, Train: 100.00%, Valid: 65.40%, Test: 70.60%, Best Valid: 67.60%, Best Test: 69.80%
Epoch: 200, Loss: 0.0291, Train: 100.00%, Valid: 64.80%, Test: 70.90%, Best Valid: 68.40%, Best Test: 72.40%
Epoch: 300, Loss: 0.0181, Train: 100.00%, Valid: 66.40%, Test: 69.90%, Best Valid: 68.40%, Best Test: 72.40%
Epoch: 400, Loss: 0.0206, Train: 100.00%, Valid: 63.60%, Test: 67.80%, Best Valid: 68.40%, Best Test: 72.40%
Run 02:
Highest Train: 100.00
Highest Valid: 68.40
Highest Test: 72.70
Chosen epoch: 160
Final Train: 100.00
Final Test: 72.40
Pre-training MLP for 500 epochs to generate co-occurrence matrix...
Penalty transform 'shuffle': rel Frobenius dist to original = 0.1120, off-diag CV of original penalty = 0.0568
MLP pre-training complete. Penalty matrix frozen.
Epoch: 00, Loss: 1.8795, Train: 22.50%, Valid: 21.00%, Test: 21.50%, Best Valid: 21.00%, Best Test: 21.50%
Epoch: 100, Loss: 0.0246, Train: 100.00%, Valid: 64.60%, Test: 69.00%, Best Valid: 67.20%, Best Test: 71.00%
Epoch: 200, Loss: 0.0206, Train: 100.00%, Valid: 63.80%, Test: 69.70%, Best Valid: 68.40%, Best Test: 71.30%
Epoch: 300, Loss: 0.0213, Train: 100.00%, Valid: 67.40%, Test: 71.70%, Best Valid: 69.00%, Best Test: 71.10%
Epoch: 400, Loss: 0.0232, Train: 100.00%, Valid: 65.00%, Test: 69.20%, Best Valid: 69.00%, Best Test: 71.10%
Run 03:
Highest Train: 100.00
Highest Valid: 69.00
Highest Test: 73.20
Chosen epoch: 254
Final Train: 100.00
Final Test: 71.10
Pre-training MLP for 500 epochs to generate co-occurrence matrix...
Penalty transform 'shuffle': rel Frobenius dist to original = 0.1185, off-diag CV of original penalty = 0.0516
MLP pre-training complete. Penalty matrix frozen.
Epoch: 00, Loss: 1.8853, Train: 26.67%, Valid: 29.40%, Test: 29.40%, Best Valid: 29.40%, Best Test: 29.40%
Epoch: 100, Loss: 0.0264, Train: 100.00%, Valid: 65.60%, Test: 70.60%, Best Valid: 67.40%, Best Test: 70.70%
Epoch: 200, Loss: 0.0281, Train: 100.00%, Valid: 66.60%, Test: 71.30%, Best Valid: 68.00%, Best Test: 71.10%
Epoch: 300, Loss: 0.0244, Train: 100.00%, Valid: 65.00%, Test: 70.70%, Best Valid: 68.00%, Best Test: 71.10%
Epoch: 400, Loss: 0.0203, Train: 100.00%, Valid: 67.60%, Test: 71.90%, Best Valid: 69.20%, Best Test: 72.40%
Run 04:
Highest Train: 100.00
Highest Valid: 69.20
Highest Test: 72.80
Chosen epoch: 307
Final Train: 100.00
Final Test: 72.40
Pre-training MLP for 500 epochs to generate co-occurrence matrix...
Penalty transform 'shuffle': rel Frobenius dist to original = 0.1030, off-diag CV of original penalty = 0.0550
MLP pre-training complete. Penalty matrix frozen.
Epoch: 00, Loss: 1.8848, Train: 20.83%, Valid: 19.00%, Test: 22.20%, Best Valid: 19.00%, Best Test: 22.20%
Epoch: 100, Loss: 0.0304, Train: 100.00%, Valid: 65.80%, Test: 70.20%, Best Valid: 67.40%, Best Test: 70.70%
Epoch: 200, Loss: 0.0232, Train: 100.00%, Valid: 67.20%, Test: 70.70%, Best Valid: 68.00%, Best Test: 72.20%
Epoch: 300, Loss: 0.0193, Train: 100.00%, Valid: 66.60%, Test: 71.80%, Best Valid: 68.00%, Best Test: 72.20%
Epoch: 400, Loss: 0.0266, Train: 100.00%, Valid: 67.00%, Test: 71.90%, Best Valid: 68.00%, Best Test: 72.20%
Run 05:
Highest Train: 100.00
Highest Valid: 68.00
Highest Test: 72.60
Chosen epoch: 168
Final Train: 100.00
Final Test: 72.20
Pre-training MLP for 500 epochs to generate co-occurrence matrix...
Penalty transform 'shuffle': rel Frobenius dist to original = 0.1703, off-diag CV of original penalty = 0.1069
MLP pre-training complete. Penalty matrix frozen.
Epoch: 00, Loss: 1.8831, Train: 38.33%, Valid: 21.80%, Test: 20.60%, Best Valid: 21.80%, Best Test: 20.60%
Epoch: 100, Loss: 0.0462, Train: 100.00%, Valid: 66.20%, Test: 70.50%, Best Valid: 68.60%, Best Test: 71.80%
Epoch: 200, Loss: 0.0205, Train: 100.00%, Valid: 65.60%, Test: 70.00%, Best Valid: 68.60%, Best Test: 71.80%
Epoch: 300, Loss: 0.0178, Train: 100.00%, Valid: 66.40%, Test: 71.10%, Best Valid: 68.80%, Best Test: 71.40%
Epoch: 400, Loss: 0.0242, Train: 100.00%, Valid: 67.40%, Test: 71.00%, Best Valid: 68.80%, Best Test: 71.40%
Run 06:
Highest Train: 100.00
Highest Valid: 68.80
Highest Test: 72.60
Chosen epoch: 243
Final Train: 100.00
Final Test: 71.40
Pre-training MLP for 500 epochs to generate co-occurrence matrix...
Penalty transform 'shuffle': rel Frobenius dist to original = 0.1183, off-diag CV of original penalty = 0.0619
MLP pre-training complete. Penalty matrix frozen.
Epoch: 00, Loss: 1.8761, Train: 20.00%, Valid: 16.40%, Test: 18.20%, Best Valid: 16.40%, Best Test: 18.20%
Epoch: 100, Loss: 0.0381, Train: 100.00%, Valid: 67.60%, Test: 72.60%, Best Valid: 69.00%, Best Test: 72.00%
Epoch: 200, Loss: 0.0194, Train: 100.00%, Valid: 66.00%, Test: 69.70%, Best Valid: 69.00%, Best Test: 72.00%
Epoch: 300, Loss: 0.0195, Train: 100.00%, Valid: 67.00%, Test: 71.40%, Best Valid: 69.00%, Best Test: 72.00%
Epoch: 400, Loss: 0.0222, Train: 100.00%, Valid: 67.60%, Test: 71.90%, Best Valid: 69.00%, Best Test: 72.00%
Run 07:
Highest Train: 100.00
Highest Valid: 69.00
Highest Test: 73.50
Chosen epoch: 37
Final Train: 100.00
Final Test: 72.00
Pre-training MLP for 500 epochs to generate co-occurrence matrix...
Penalty transform 'shuffle': rel Frobenius dist to original = 0.1501, off-diag CV of original penalty = 0.0716
MLP pre-training complete. Penalty matrix frozen.
Epoch: 00, Loss: 1.8793, Train: 36.67%, Valid: 23.00%, Test: 25.80%, Best Valid: 23.00%, Best Test: 25.80%
Epoch: 100, Loss: 0.0293, Train: 100.00%, Valid: 67.00%, Test: 71.10%, Best Valid: 68.80%, Best Test: 70.50%
Epoch: 200, Loss: 0.0311, Train: 100.00%, Valid: 66.00%, Test: 71.90%, Best Valid: 68.80%, Best Test: 70.50%
Epoch: 300, Loss: 0.0224, Train: 100.00%, Valid: 65.60%, Test: 70.80%, Best Valid: 68.80%, Best Test: 70.50%
Epoch: 400, Loss: 0.0222, Train: 100.00%, Valid: 66.60%, Test: 71.20%, Best Valid: 68.80%, Best Test: 70.50%
Run 08:
Highest Train: 100.00
Highest Valid: 69.60
Highest Test: 73.00
Chosen epoch: 436
Final Train: 100.00
Final Test: 71.00
Pre-training MLP for 500 epochs to generate co-occurrence matrix...
Penalty transform 'shuffle': rel Frobenius dist to original = 0.1076, off-diag CV of original penalty = 0.0468
MLP pre-training complete. Penalty matrix frozen.
Epoch: 00, Loss: 1.8843, Train: 33.33%, Valid: 29.00%, Test: 30.50%, Best Valid: 29.00%, Best Test: 30.50%
Epoch: 100, Loss: 0.0357, Train: 100.00%, Valid: 65.20%, Test: 70.20%, Best Valid: 67.80%, Best Test: 71.10%
Epoch: 200, Loss: 0.0263, Train: 100.00%, Valid: 63.20%, Test: 67.10%, Best Valid: 67.80%, Best Test: 71.10%
Epoch: 300, Loss: 0.0198, Train: 100.00%, Valid: 65.40%, Test: 69.50%, Best Valid: 67.80%, Best Test: 71.10%
Epoch: 400, Loss: 0.0201, Train: 100.00%, Valid: 65.00%, Test: 68.10%, Best Valid: 67.80%, Best Test: 71.10%
Run 09:
Highest Train: 100.00
Highest Valid: 67.80
Highest Test: 72.30
Chosen epoch: 42
Final Train: 100.00
Final Test: 71.10
Pre-training MLP for 500 epochs to generate co-occurrence matrix...
Penalty transform 'shuffle': rel Frobenius dist to original = 0.0866, off-diag CV of original penalty = 0.0306
MLP pre-training complete. Penalty matrix frozen.
Epoch: 00, Loss: 1.8815, Train: 20.00%, Valid: 23.40%, Test: 23.60%, Best Valid: 23.40%, Best Test: 23.60%
Epoch: 100, Loss: 0.0403, Train: 100.00%, Valid: 66.20%, Test: 70.00%, Best Valid: 66.40%, Best Test: 69.90%
Epoch: 200, Loss: 0.0295, Train: 100.00%, Valid: 64.00%, Test: 69.30%, Best Valid: 67.60%, Best Test: 71.60%
Epoch: 300, Loss: 0.0240, Train: 100.00%, Valid: 67.60%, Test: 71.30%, Best Valid: 67.60%, Best Test: 71.60%
Epoch: 400, Loss: 0.0257, Train: 100.00%, Valid: 67.00%, Test: 69.90%, Best Valid: 68.40%, Best Test: 71.00%
Run 10:
Highest Train: 100.00
Highest Valid: 68.40
Highest Test: 72.80
Chosen epoch: 398
Final Train: 100.00
Final Test: 71.00
All runs:
Highest Train: 100.00 ± 0.00
Highest Test: 72.88 ± 0.37
Highest Valid: 68.72 ± 0.56
  Final Train: 100.00 ± 0.00
   Final Test: 71.68 ± 0.61
Saving results to results/placebo/citeseer/MPNN_gat.csv
--- mlp_reg | transform=shuffle | lambda=0.1 | mlp_epochs=500 ---
Namespace(bn=False, cpu=False, data_dir='./data/', dataset='citeseer', device=0, display_step=100, dropout=0.5, epochs=500, gnn='gat', hidden_channels=256, jk=False, label_num_per_class=20, lambda_val=0.1, ln=False, local_layers=3, lr=0.001, metric='acc', mlp_epochs=500, mlp_reg=True, model='MPNN', model_dir='models', num_heads=1, oracle_reg=False, paired_seeds=True, penalty_transform='shuffle', pre_linear=False, pre_ln=False, rand_split=False, rand_split_class=True, reg_start_epoch=10, reg_update_freq=5, res=True, result_dir='results/placebo', runs=10, save_model=False, seed=123, test_num=1000, train_prop=0.5, use_reg=True, valid_num=500, valid_prop=0.25, weight_decay=0.01)
citeseer
Num nodes: 3327
train:torch.Size([120]), valid:torch.Size([500]), test:torch.Size([1000])
dataset citeseer | num nodes 3327 | num edge 9104 | num node feats 3703 | num classes 6
MODEL: MPNNs(
  (h_lins): ModuleList()
  (local_convs): ModuleList(
    (0): GATConv(3703, 256, heads=1)
    (1): GATConv(256, 256, heads=1)
    (2): GATConv(256, 256, heads=1)
  )
  (lins): ModuleList(
    (0): Linear(in_features=3703, out_features=256, bias=True)
    (1): Linear(in_features=256, out_features=256, bias=True)
    (2): Linear(in_features=256, out_features=256, bias=True)
  )
  (lns): ModuleList(
    (0): LayerNorm((256,), eps=1e-05, elementwise_affine=True)
    (1): LayerNorm((256,), eps=1e-05, elementwise_affine=True)
    (2): LayerNorm((256,), eps=1e-05, elementwise_affine=True)
  )
  (bns): ModuleList(
    (0): BatchNorm1d(256, eps=1e-05, momentum=0.1, affine=True, track_running_stats=True)
    (1): BatchNorm1d(256, eps=1e-05, momentum=0.1, affine=True, track_running_stats=True)
    (2): BatchNorm1d(256, eps=1e-05, momentum=0.1, affine=True, track_running_stats=True)
  )
  (lin_in): Linear(in_features=3703, out_features=256, bias=True)
  (pred_local): Linear(in_features=256, out_features=6, bias=True)
)
Pre-training MLP for 500 epochs to generate co-occurrence matrix...
Penalty transform 'shuffle': rel Frobenius dist to original = 0.0943, off-diag CV of original penalty = 0.0283
MLP pre-training complete. Penalty matrix frozen.
Epoch: 00, Loss: 1.9682, Train: 20.83%, Valid: 22.60%, Test: 22.70%, Best Valid: 22.60%, Best Test: 22.70%
Epoch: 100, Loss: 0.0277, Train: 100.00%, Valid: 66.20%, Test: 71.60%, Best Valid: 67.40%, Best Test: 70.90%
Epoch: 200, Loss: 0.0240, Train: 100.00%, Valid: 63.80%, Test: 70.20%, Best Valid: 68.80%, Best Test: 72.40%
Epoch: 300, Loss: 0.0208, Train: 100.00%, Valid: 66.60%, Test: 71.40%, Best Valid: 68.80%, Best Test: 72.40%
Epoch: 400, Loss: 0.0204, Train: 100.00%, Valid: 66.40%, Test: 71.10%, Best Valid: 69.00%, Best Test: 73.20%
Run 01:
Highest Train: 100.00
Highest Valid: 69.00
Highest Test: 73.20
Chosen epoch: 341
Final Train: 100.00
Final Test: 73.20
Pre-training MLP for 500 epochs to generate co-occurrence matrix...
Penalty transform 'shuffle': rel Frobenius dist to original = 0.1009, off-diag CV of original penalty = 0.0414
MLP pre-training complete. Penalty matrix frozen.
Epoch: 00, Loss: 1.9685, Train: 27.50%, Valid: 26.20%, Test: 23.60%, Best Valid: 26.20%, Best Test: 23.60%
Epoch: 100, Loss: 0.0320, Train: 100.00%, Valid: 65.60%, Test: 70.90%, Best Valid: 67.20%, Best Test: 69.40%
Epoch: 200, Loss: 0.0307, Train: 100.00%, Valid: 64.80%, Test: 71.20%, Best Valid: 68.40%, Best Test: 72.30%
Epoch: 300, Loss: 0.0191, Train: 100.00%, Valid: 66.80%, Test: 70.50%, Best Valid: 68.40%, Best Test: 72.30%
Epoch: 400, Loss: 0.0220, Train: 100.00%, Valid: 64.20%, Test: 67.90%, Best Valid: 68.40%, Best Test: 72.30%
Run 02:
Highest Train: 100.00
Highest Valid: 68.40
Highest Test: 72.90
Chosen epoch: 160
Final Train: 100.00
Final Test: 72.30
Pre-training MLP for 500 epochs to generate co-occurrence matrix...
Penalty transform 'shuffle': rel Frobenius dist to original = 0.1120, off-diag CV of original penalty = 0.0568
MLP pre-training complete. Penalty matrix frozen.
Epoch: 00, Loss: 1.9690, Train: 22.50%, Valid: 21.00%, Test: 21.50%, Best Valid: 21.00%, Best Test: 21.50%
Epoch: 100, Loss: 0.0254, Train: 100.00%, Valid: 63.60%, Test: 68.40%, Best Valid: 66.80%, Best Test: 69.60%
Epoch: 200, Loss: 0.0215, Train: 100.00%, Valid: 64.00%, Test: 69.60%, Best Valid: 68.60%, Best Test: 71.20%
Epoch: 300, Loss: 0.0220, Train: 100.00%, Valid: 67.80%, Test: 72.10%, Best Valid: 68.80%, Best Test: 71.60%
Epoch: 400, Loss: 0.0245, Train: 100.00%, Valid: 66.00%, Test: 69.10%, Best Valid: 69.00%, Best Test: 72.50%
Run 03:
Highest Train: 100.00
Highest Valid: 69.00
Highest Test: 72.80
Chosen epoch: 336
Final Train: 100.00
Final Test: 72.50
Pre-training MLP for 500 epochs to generate co-occurrence matrix...
Penalty transform 'shuffle': rel Frobenius dist to original = 0.1185, off-diag CV of original penalty = 0.0516
MLP pre-training complete. Penalty matrix frozen.
Epoch: 00, Loss: 1.9751, Train: 26.67%, Valid: 29.40%, Test: 29.20%, Best Valid: 29.40%, Best Test: 29.20%
Epoch: 100, Loss: 0.0273, Train: 100.00%, Valid: 65.20%, Test: 70.70%, Best Valid: 67.40%, Best Test: 71.00%
Epoch: 200, Loss: 0.0293, Train: 100.00%, Valid: 67.20%, Test: 71.00%, Best Valid: 68.00%, Best Test: 71.10%
Epoch: 300, Loss: 0.0241, Train: 100.00%, Valid: 65.00%, Test: 70.50%, Best Valid: 68.00%, Best Test: 71.10%
Epoch: 400, Loss: 0.0207, Train: 100.00%, Valid: 67.20%, Test: 72.20%, Best Valid: 68.40%, Best Test: 72.80%
Run 04:
Highest Train: 100.00
Highest Valid: 68.60
Highest Test: 72.80
Chosen epoch: 452
Final Train: 100.00
Final Test: 70.90
Pre-training MLP for 500 epochs to generate co-occurrence matrix...
Penalty transform 'shuffle': rel Frobenius dist to original = 0.1030, off-diag CV of original penalty = 0.0550
MLP pre-training complete. Penalty matrix frozen.
Epoch: 00, Loss: 1.9746, Train: 20.83%, Valid: 19.00%, Test: 22.30%, Best Valid: 19.00%, Best Test: 22.30%
Epoch: 100, Loss: 0.0316, Train: 100.00%, Valid: 65.40%, Test: 70.30%, Best Valid: 67.20%, Best Test: 70.10%
Epoch: 200, Loss: 0.0244, Train: 100.00%, Valid: 67.60%, Test: 70.90%, Best Valid: 68.00%, Best Test: 72.30%
Epoch: 300, Loss: 0.0205, Train: 100.00%, Valid: 66.60%, Test: 71.70%, Best Valid: 68.20%, Best Test: 71.40%
Epoch: 400, Loss: 0.0273, Train: 100.00%, Valid: 66.80%, Test: 71.40%, Best Valid: 68.20%, Best Test: 71.40%
Run 05:
Highest Train: 100.00
Highest Valid: 68.20
Highest Test: 72.70
Chosen epoch: 201
Final Train: 100.00
Final Test: 71.40
Pre-training MLP for 500 epochs to generate co-occurrence matrix...
Penalty transform 'shuffle': rel Frobenius dist to original = 0.1703, off-diag CV of original penalty = 0.1069
MLP pre-training complete. Penalty matrix frozen.
Epoch: 00, Loss: 1.9727, Train: 38.33%, Valid: 22.20%, Test: 20.60%, Best Valid: 22.20%, Best Test: 20.60%
Epoch: 100, Loss: 0.0477, Train: 100.00%, Valid: 66.00%, Test: 70.70%, Best Valid: 68.60%, Best Test: 71.70%
Epoch: 200, Loss: 0.0217, Train: 100.00%, Valid: 66.00%, Test: 70.00%, Best Valid: 68.80%, Best Test: 70.70%
Epoch: 300, Loss: 0.0187, Train: 100.00%, Valid: 66.80%, Test: 71.00%, Best Valid: 68.80%, Best Test: 70.70%
Epoch: 400, Loss: 0.0253, Train: 100.00%, Valid: 67.40%, Test: 71.10%, Best Valid: 68.80%, Best Test: 70.70%
Run 06:
Highest Train: 100.00
Highest Valid: 68.80
Highest Test: 72.60
Chosen epoch: 169
Final Train: 100.00
Final Test: 70.70
Pre-training MLP for 500 epochs to generate co-occurrence matrix...
Penalty transform 'shuffle': rel Frobenius dist to original = 0.1183, off-diag CV of original penalty = 0.0619
MLP pre-training complete. Penalty matrix frozen.
Epoch: 00, Loss: 1.9654, Train: 20.00%, Valid: 16.40%, Test: 18.20%, Best Valid: 16.40%, Best Test: 18.20%
Epoch: 100, Loss: 0.0398, Train: 100.00%, Valid: 67.20%, Test: 72.40%, Best Valid: 69.00%, Best Test: 72.20%
Epoch: 200, Loss: 0.0201, Train: 100.00%, Valid: 66.00%, Test: 69.70%, Best Valid: 69.00%, Best Test: 72.20%
Epoch: 300, Loss: 0.0206, Train: 100.00%, Valid: 67.00%, Test: 71.30%, Best Valid: 69.00%, Best Test: 72.20%
Epoch: 400, Loss: 0.0231, Train: 100.00%, Valid: 67.80%, Test: 71.70%, Best Valid: 69.00%, Best Test: 72.20%
Run 07:
Highest Train: 100.00
Highest Valid: 69.00
Highest Test: 73.30
Chosen epoch: 37
Final Train: 100.00
Final Test: 72.20
Pre-training MLP for 500 epochs to generate co-occurrence matrix...
Penalty transform 'shuffle': rel Frobenius dist to original = 0.1501, off-diag CV of original penalty = 0.0716
MLP pre-training complete. Penalty matrix frozen.
Epoch: 00, Loss: 1.9687, Train: 36.67%, Valid: 23.60%, Test: 25.60%, Best Valid: 23.60%, Best Test: 25.60%
Epoch: 100, Loss: 0.0306, Train: 100.00%, Valid: 67.60%, Test: 71.20%, Best Valid: 68.40%, Best Test: 70.60%
Epoch: 200, Loss: 0.0330, Train: 100.00%, Valid: 66.20%, Test: 71.90%, Best Valid: 68.60%, Best Test: 72.80%
Epoch: 300, Loss: 0.0235, Train: 100.00%, Valid: 66.00%, Test: 71.20%, Best Valid: 68.60%, Best Test: 72.80%
Epoch: 400, Loss: 0.0235, Train: 100.00%, Valid: 67.00%, Test: 71.40%, Best Valid: 68.60%, Best Test: 72.80%
Run 08:
Highest Train: 100.00
Highest Valid: 69.40
Highest Test: 73.00
Chosen epoch: 437
Final Train: 100.00
Final Test: 71.50
Pre-training MLP for 500 epochs to generate co-occurrence matrix...
Penalty transform 'shuffle': rel Frobenius dist to original = 0.1076, off-diag CV of original penalty = 0.0468
MLP pre-training complete. Penalty matrix frozen.
Epoch: 00, Loss: 1.9741, Train: 33.33%, Valid: 29.00%, Test: 30.70%, Best Valid: 29.00%, Best Test: 30.70%
Epoch: 100, Loss: 0.0374, Train: 100.00%, Valid: 65.40%, Test: 70.40%, Best Valid: 67.80%, Best Test: 70.90%
Epoch: 200, Loss: 0.0277, Train: 100.00%, Valid: 63.60%, Test: 67.00%, Best Valid: 67.80%, Best Test: 70.90%
Epoch: 300, Loss: 0.0207, Train: 100.00%, Valid: 65.20%, Test: 69.40%, Best Valid: 67.80%, Best Test: 70.90%
Epoch: 400, Loss: 0.0207, Train: 100.00%, Valid: 64.60%, Test: 68.70%, Best Valid: 67.80%, Best Test: 70.90%
Run 09:
Highest Train: 100.00
Highest Valid: 67.80
Highest Test: 72.10
Chosen epoch: 42
Final Train: 100.00
Final Test: 70.90
Pre-training MLP for 500 epochs to generate co-occurrence matrix...
Penalty transform 'shuffle': rel Frobenius dist to original = 0.0866, off-diag CV of original penalty = 0.0306
MLP pre-training complete. Penalty matrix frozen.
Epoch: 00, Loss: 1.9711, Train: 20.00%, Valid: 23.40%, Test: 23.60%, Best Valid: 23.40%, Best Test: 23.60%
Epoch: 100, Loss: 0.0424, Train: 100.00%, Valid: 66.60%, Test: 70.10%, Best Valid: 66.60%, Best Test: 70.10%
Epoch: 200, Loss: 0.0288, Train: 100.00%, Valid: 63.80%, Test: 69.60%, Best Valid: 67.80%, Best Test: 71.60%
Epoch: 300, Loss: 0.0254, Train: 100.00%, Valid: 67.40%, Test: 71.60%, Best Valid: 68.40%, Best Test: 71.90%
Epoch: 400, Loss: 0.0283, Train: 100.00%, Valid: 66.80%, Test: 69.40%, Best Valid: 68.40%, Best Test: 71.90%
Run 10:
Highest Train: 100.00
Highest Valid: 68.40
Highest Test: 72.90
Chosen epoch: 299
Final Train: 100.00
Final Test: 71.90
All runs:
Highest Train: 100.00 ± 0.00
Highest Test: 72.83 ± 0.33
Highest Valid: 68.66 ± 0.47
  Final Train: 100.00 ± 0.00
   Final Test: 71.75 ± 0.81
Saving results to results/placebo/citeseer/MPNN_gat.csv
--- mlp_reg | transform=shuffle | lambda=0.2 | mlp_epochs=500 ---
Namespace(bn=False, cpu=False, data_dir='./data/', dataset='citeseer', device=0, display_step=100, dropout=0.5, epochs=500, gnn='gat', hidden_channels=256, jk=False, label_num_per_class=20, lambda_val=0.2, ln=False, local_layers=3, lr=0.001, metric='acc', mlp_epochs=500, mlp_reg=True, model='MPNN', model_dir='models', num_heads=1, oracle_reg=False, paired_seeds=True, penalty_transform='shuffle', pre_linear=False, pre_ln=False, rand_split=False, rand_split_class=True, reg_start_epoch=10, reg_update_freq=5, res=True, result_dir='results/placebo', runs=10, save_model=False, seed=123, test_num=1000, train_prop=0.5, use_reg=True, valid_num=500, valid_prop=0.25, weight_decay=0.01)
citeseer
Num nodes: 3327
train:torch.Size([120]), valid:torch.Size([500]), test:torch.Size([1000])
dataset citeseer | num nodes 3327 | num edge 9104 | num node feats 3703 | num classes 6
MODEL: MPNNs(
  (h_lins): ModuleList()
  (local_convs): ModuleList(
    (0): GATConv(3703, 256, heads=1)
    (1): GATConv(256, 256, heads=1)
    (2): GATConv(256, 256, heads=1)
  )
  (lins): ModuleList(
    (0): Linear(in_features=3703, out_features=256, bias=True)
    (1): Linear(in_features=256, out_features=256, bias=True)
    (2): Linear(in_features=256, out_features=256, bias=True)
  )
  (lns): ModuleList(
    (0): LayerNorm((256,), eps=1e-05, elementwise_affine=True)
    (1): LayerNorm((256,), eps=1e-05, elementwise_affine=True)
    (2): LayerNorm((256,), eps=1e-05, elementwise_affine=True)
  )
  (bns): ModuleList(
    (0): BatchNorm1d(256, eps=1e-05, momentum=0.1, affine=True, track_running_stats=True)
    (1): BatchNorm1d(256, eps=1e-05, momentum=0.1, affine=True, track_running_stats=True)
    (2): BatchNorm1d(256, eps=1e-05, momentum=0.1, affine=True, track_running_stats=True)
  )
  (lin_in): Linear(in_features=3703, out_features=256, bias=True)
  (pred_local): Linear(in_features=256, out_features=6, bias=True)
)
Pre-training MLP for 500 epochs to generate co-occurrence matrix...
Penalty transform 'shuffle': rel Frobenius dist to original = 0.0943, off-diag CV of original penalty = 0.0283
MLP pre-training complete. Penalty matrix frozen.
Epoch: 00, Loss: 2.1471, Train: 20.83%, Valid: 22.80%, Test: 22.60%, Best Valid: 22.80%, Best Test: 22.60%
Epoch: 100, Loss: 0.0295, Train: 100.00%, Valid: 66.20%, Test: 71.20%, Best Valid: 67.80%, Best Test: 70.90%
Epoch: 200, Loss: 0.0270, Train: 100.00%, Valid: 64.40%, Test: 70.00%, Best Valid: 68.80%, Best Test: 72.60%
Epoch: 300, Loss: 0.0226, Train: 100.00%, Valid: 66.80%, Test: 71.50%, Best Valid: 68.80%, Best Test: 72.60%
Epoch: 400, Loss: 0.0220, Train: 100.00%, Valid: 66.40%, Test: 71.30%, Best Valid: 68.80%, Best Test: 72.60%
Run 01:
Highest Train: 100.00
Highest Valid: 68.80
Highest Test: 73.30
Chosen epoch: 190
Final Train: 100.00
Final Test: 72.60
Pre-training MLP for 500 epochs to generate co-occurrence matrix...
Penalty transform 'shuffle': rel Frobenius dist to original = 0.1009, off-diag CV of original penalty = 0.0414
MLP pre-training complete. Penalty matrix frozen.
Epoch: 00, Loss: 2.1474, Train: 26.67%, Valid: 25.60%, Test: 23.70%, Best Valid: 25.60%, Best Test: 23.70%
Epoch: 100, Loss: 0.0347, Train: 100.00%, Valid: 65.60%, Test: 71.10%, Best Valid: 67.20%, Best Test: 71.00%
Epoch: 200, Loss: 0.0335, Train: 100.00%, Valid: 65.00%, Test: 70.80%, Best Valid: 68.80%, Best Test: 72.10%
Epoch: 300, Loss: 0.0213, Train: 100.00%, Valid: 66.60%, Test: 70.00%, Best Valid: 68.80%, Best Test: 72.10%
Epoch: 400, Loss: 0.0239, Train: 100.00%, Valid: 63.00%, Test: 67.80%, Best Valid: 68.80%, Best Test: 72.10%
Run 02:
Highest Train: 100.00
Highest Valid: 68.80
Highest Test: 72.70
Chosen epoch: 161
Final Train: 100.00
Final Test: 72.10
Pre-training MLP for 500 epochs to generate co-occurrence matrix...
Penalty transform 'shuffle': rel Frobenius dist to original = 0.1120, off-diag CV of original penalty = 0.0568
MLP pre-training complete. Penalty matrix frozen.
Epoch: 00, Loss: 2.1480, Train: 22.50%, Valid: 21.00%, Test: 21.80%, Best Valid: 21.00%, Best Test: 21.80%
Epoch: 100, Loss: 0.0278, Train: 100.00%, Valid: 63.20%, Test: 68.30%, Best Valid: 66.80%, Best Test: 71.20%
Epoch: 200, Loss: 0.0238, Train: 100.00%, Valid: 63.60%, Test: 69.10%, Best Valid: 68.40%, Best Test: 71.00%
Epoch: 300, Loss: 0.0239, Train: 100.00%, Valid: 67.40%, Test: 71.90%, Best Valid: 69.00%, Best Test: 71.50%
Epoch: 400, Loss: 0.0268, Train: 100.00%, Valid: 65.40%, Test: 69.20%, Best Valid: 69.00%, Best Test: 71.50%
Run 03:
Highest Train: 100.00
Highest Valid: 69.00
Highest Test: 73.20
Chosen epoch: 218
Final Train: 100.00
Final Test: 71.50
Pre-training MLP for 500 epochs to generate co-occurrence matrix...
Penalty transform 'shuffle': rel Frobenius dist to original = 0.1185, off-diag CV of original penalty = 0.0516
MLP pre-training complete. Penalty matrix frozen.
Epoch: 00, Loss: 2.1546, Train: 25.83%, Valid: 29.00%, Test: 29.10%, Best Valid: 29.00%, Best Test: 29.10%
Epoch: 100, Loss: 0.0303, Train: 100.00%, Valid: 65.60%, Test: 70.40%, Best Valid: 67.20%, Best Test: 70.70%
Epoch: 200, Loss: 0.0322, Train: 100.00%, Valid: 66.80%, Test: 71.20%, Best Valid: 68.20%, Best Test: 71.20%
Epoch: 300, Loss: 0.0281, Train: 100.00%, Valid: 65.20%, Test: 70.50%, Best Valid: 68.20%, Best Test: 71.20%
Epoch: 400, Loss: 0.0233, Train: 100.00%, Valid: 67.80%, Test: 72.00%, Best Valid: 69.20%, Best Test: 72.30%
Run 04:
Highest Train: 100.00
Highest Valid: 69.20
Highest Test: 72.60
Chosen epoch: 307
Final Train: 100.00
Final Test: 72.30
Pre-training MLP for 500 epochs to generate co-occurrence matrix...
Penalty transform 'shuffle': rel Frobenius dist to original = 0.1030, off-diag CV of original penalty = 0.0550
MLP pre-training complete. Penalty matrix frozen.
Epoch: 00, Loss: 2.1541, Train: 20.83%, Valid: 19.40%, Test: 22.30%, Best Valid: 19.40%, Best Test: 22.30%
Epoch: 100, Loss: 0.0346, Train: 100.00%, Valid: 65.40%, Test: 70.40%, Best Valid: 67.60%, Best Test: 69.90%
Epoch: 200, Loss: 0.0266, Train: 100.00%, Valid: 67.20%, Test: 70.80%, Best Valid: 68.00%, Best Test: 72.30%
Epoch: 300, Loss: 0.0230, Train: 100.00%, Valid: 66.80%, Test: 71.90%, Best Valid: 68.00%, Best Test: 72.30%
Epoch: 400, Loss: 0.0301, Train: 100.00%, Valid: 66.60%, Test: 71.40%, Best Valid: 68.00%, Best Test: 72.30%
Run 05:
Highest Train: 100.00
Highest Valid: 68.00
Highest Test: 72.80
Chosen epoch: 167
Final Train: 100.00
Final Test: 72.30
Pre-training MLP for 500 epochs to generate co-occurrence matrix...
Penalty transform 'shuffle': rel Frobenius dist to original = 0.1703, off-diag CV of original penalty = 0.1069
MLP pre-training complete. Penalty matrix frozen.
Epoch: 00, Loss: 2.1521, Train: 39.17%, Valid: 22.20%, Test: 21.70%, Best Valid: 22.20%, Best Test: 21.70%
Epoch: 100, Loss: 0.0522, Train: 100.00%, Valid: 66.00%, Test: 70.40%, Best Valid: 68.60%, Best Test: 72.20%
Epoch: 200, Loss: 0.0240, Train: 100.00%, Valid: 66.00%, Test: 69.90%, Best Valid: 68.80%, Best Test: 72.20%
Epoch: 300, Loss: 0.0202, Train: 100.00%, Valid: 67.00%, Test: 71.20%, Best Valid: 68.80%, Best Test: 72.20%
Epoch: 400, Loss: 0.0277, Train: 100.00%, Valid: 67.40%, Test: 71.00%, Best Valid: 68.80%, Best Test: 72.20%
Run 06:
Highest Train: 100.00
Highest Valid: 68.80
Highest Test: 72.70
Chosen epoch: 129
Final Train: 100.00
Final Test: 72.20
Pre-training MLP for 500 epochs to generate co-occurrence matrix...
Penalty transform 'shuffle': rel Frobenius dist to original = 0.1183, off-diag CV of original penalty = 0.0619
MLP pre-training complete. Penalty matrix frozen.
Epoch: 00, Loss: 2.1441, Train: 19.17%, Valid: 16.40%, Test: 18.30%, Best Valid: 16.40%, Best Test: 18.30%
Epoch: 100, Loss: 0.0436, Train: 100.00%, Valid: 67.40%, Test: 72.70%, Best Valid: 69.00%, Best Test: 72.20%
Epoch: 200, Loss: 0.0221, Train: 100.00%, Valid: 66.00%, Test: 69.40%, Best Valid: 69.00%, Best Test: 72.20%
Epoch: 300, Loss: 0.0227, Train: 100.00%, Valid: 67.00%, Test: 71.80%, Best Valid: 69.00%, Best Test: 72.20%
Epoch: 400, Loss: 0.0260, Train: 100.00%, Valid: 67.60%, Test: 71.90%, Best Valid: 69.00%, Best Test: 72.20%
Run 07:
Highest Train: 100.00
Highest Valid: 69.00
Highest Test: 73.50
Chosen epoch: 37
Final Train: 99.17
Final Test: 72.20
Pre-training MLP for 500 epochs to generate co-occurrence matrix...
Penalty transform 'shuffle': rel Frobenius dist to original = 0.1501, off-diag CV of original penalty = 0.0716
MLP pre-training complete. Penalty matrix frozen.
Epoch: 00, Loss: 2.1477, Train: 36.67%, Valid: 23.40%, Test: 25.10%, Best Valid: 23.40%, Best Test: 25.10%
Epoch: 100, Loss: 0.0333, Train: 100.00%, Valid: 67.20%, Test: 70.90%, Best Valid: 68.40%, Best Test: 70.50%
Epoch: 200, Loss: 0.0350, Train: 100.00%, Valid: 66.20%, Test: 72.10%, Best Valid: 68.60%, Best Test: 71.30%
Epoch: 300, Loss: 0.0257, Train: 100.00%, Valid: 66.00%, Test: 70.90%, Best Valid: 68.60%, Best Test: 71.30%
Epoch: 400, Loss: 0.0254, Train: 100.00%, Valid: 65.80%, Test: 71.60%, Best Valid: 68.60%, Best Test: 71.30%
Run 08:
Highest Train: 100.00
Highest Valid: 70.20
Highest Test: 73.00
Chosen epoch: 436
Final Train: 100.00
Final Test: 71.30
Pre-training MLP for 500 epochs to generate co-occurrence matrix...
Penalty transform 'shuffle': rel Frobenius dist to original = 0.1076, off-diag CV of original penalty = 0.0468
MLP pre-training complete. Penalty matrix frozen.
Epoch: 00, Loss: 2.1535, Train: 33.33%, Valid: 28.80%, Test: 30.80%, Best Valid: 28.80%, Best Test: 30.80%
Epoch: 100, Loss: 0.0406, Train: 100.00%, Valid: 65.40%, Test: 70.70%, Best Valid: 68.00%, Best Test: 70.90%
Epoch: 200, Loss: 0.0296, Train: 100.00%, Valid: 63.40%, Test: 67.10%, Best Valid: 68.00%, Best Test: 70.90%
Epoch: 300, Loss: 0.0228, Train: 100.00%, Valid: 65.40%, Test: 69.30%, Best Valid: 68.00%, Best Test: 70.90%
Epoch: 400, Loss: 0.0220, Train: 100.00%, Valid: 64.80%, Test: 68.10%, Best Valid: 68.00%, Best Test: 70.90%
Run 09:
Highest Train: 100.00
Highest Valid: 68.00
Highest Test: 72.20
Chosen epoch: 43
Final Train: 100.00
Final Test: 70.90
Pre-training MLP for 500 epochs to generate co-occurrence matrix...
Penalty transform 'shuffle': rel Frobenius dist to original = 0.0866, off-diag CV of original penalty = 0.0306
MLP pre-training complete. Penalty matrix frozen.
Epoch: 00, Loss: 2.1503, Train: 19.17%, Valid: 23.60%, Test: 23.60%, Best Valid: 23.60%, Best Test: 23.60%
Epoch: 100, Loss: 0.0465, Train: 100.00%, Valid: 66.20%, Test: 70.20%, Best Valid: 66.40%, Best Test: 70.40%
Epoch: 200, Loss: 0.0311, Train: 100.00%, Valid: 64.20%, Test: 69.40%, Best Valid: 67.80%, Best Test: 71.40%
Epoch: 300, Loss: 0.0271, Train: 100.00%, Valid: 67.80%, Test: 71.70%, Best Valid: 67.80%, Best Test: 71.40%
Epoch: 400, Loss: 0.0300, Train: 100.00%, Valid: 66.60%, Test: 69.50%, Best Valid: 68.40%, Best Test: 71.40%
Run 10:
Highest Train: 100.00
Highest Valid: 68.40
Highest Test: 72.50
Chosen epoch: 398
Final Train: 100.00
Final Test: 71.40
All runs:
Highest Train: 100.00 ± 0.00
Highest Test: 72.85 ± 0.40
Highest Valid: 68.82 ± 0.64
  Final Train: 99.92 ± 0.26
   Final Test: 71.88 ± 0.56
Saving results to results/placebo/citeseer/MPNN_gat.csv
--- mlp_reg | transform=shuffle | lambda=0.4 | mlp_epochs=500 ---
Namespace(bn=False, cpu=False, data_dir='./data/', dataset='citeseer', device=0, display_step=100, dropout=0.5, epochs=500, gnn='gat', hidden_channels=256, jk=False, label_num_per_class=20, lambda_val=0.4, ln=False, local_layers=3, lr=0.001, metric='acc', mlp_epochs=500, mlp_reg=True, model='MPNN', model_dir='models', num_heads=1, oracle_reg=False, paired_seeds=True, penalty_transform='shuffle', pre_linear=False, pre_ln=False, rand_split=False, rand_split_class=True, reg_start_epoch=10, reg_update_freq=5, res=True, result_dir='results/placebo', runs=10, save_model=False, seed=123, test_num=1000, train_prop=0.5, use_reg=True, valid_num=500, valid_prop=0.25, weight_decay=0.01)
citeseer
Num nodes: 3327
train:torch.Size([120]), valid:torch.Size([500]), test:torch.Size([1000])
dataset citeseer | num nodes 3327 | num edge 9104 | num node feats 3703 | num classes 6
MODEL: MPNNs(
  (h_lins): ModuleList()
  (local_convs): ModuleList(
    (0): GATConv(3703, 256, heads=1)
    (1): GATConv(256, 256, heads=1)
    (2): GATConv(256, 256, heads=1)
  )
  (lins): ModuleList(
    (0): Linear(in_features=3703, out_features=256, bias=True)
    (1): Linear(in_features=256, out_features=256, bias=True)
    (2): Linear(in_features=256, out_features=256, bias=True)
  )
  (lns): ModuleList(
    (0): LayerNorm((256,), eps=1e-05, elementwise_affine=True)
    (1): LayerNorm((256,), eps=1e-05, elementwise_affine=True)
    (2): LayerNorm((256,), eps=1e-05, elementwise_affine=True)
  )
  (bns): ModuleList(
    (0): BatchNorm1d(256, eps=1e-05, momentum=0.1, affine=True, track_running_stats=True)
    (1): BatchNorm1d(256, eps=1e-05, momentum=0.1, affine=True, track_running_stats=True)
    (2): BatchNorm1d(256, eps=1e-05, momentum=0.1, affine=True, track_running_stats=True)
  )
  (lin_in): Linear(in_features=3703, out_features=256, bias=True)
  (pred_local): Linear(in_features=256, out_features=6, bias=True)
)
Pre-training MLP for 500 epochs to generate co-occurrence matrix...
Penalty transform 'shuffle': rel Frobenius dist to original = 0.0943, off-diag CV of original penalty = 0.0283
MLP pre-training complete. Penalty matrix frozen.
Epoch: 00, Loss: 2.5050, Train: 20.83%, Valid: 22.60%, Test: 22.60%, Best Valid: 22.60%, Best Test: 22.60%
Epoch: 100, Loss: 0.0349, Train: 100.00%, Valid: 66.00%, Test: 71.40%, Best Valid: 67.40%, Best Test: 70.70%
Epoch: 200, Loss: 0.0312, Train: 100.00%, Valid: 65.20%, Test: 70.20%, Best Valid: 68.60%, Best Test: 72.60%
Epoch: 300, Loss: 0.0263, Train: 100.00%, Valid: 66.80%, Test: 72.00%, Best Valid: 68.60%, Best Test: 72.60%
Epoch: 400, Loss: 0.0262, Train: 100.00%, Valid: 66.20%, Test: 71.40%, Best Valid: 68.80%, Best Test: 73.00%
Run 01:
Highest Train: 100.00
Highest Valid: 68.80
Highest Test: 73.40
Chosen epoch: 342
Final Train: 100.00
Final Test: 73.00
Pre-training MLP for 500 epochs to generate co-occurrence matrix...
Penalty transform 'shuffle': rel Frobenius dist to original = 0.1009, off-diag CV of original penalty = 0.0414
MLP pre-training complete. Penalty matrix frozen.
Epoch: 00, Loss: 2.5053, Train: 26.67%, Valid: 25.40%, Test: 23.60%, Best Valid: 25.40%, Best Test: 23.60%
Epoch: 100, Loss: 0.0393, Train: 100.00%, Valid: 64.80%, Test: 69.90%, Best Valid: 67.60%, Best Test: 70.80%
Epoch: 200, Loss: 0.0394, Train: 100.00%, Valid: 64.60%, Test: 71.00%, Best Valid: 68.20%, Best Test: 71.80%
Epoch: 300, Loss: 0.0238, Train: 100.00%, Valid: 66.00%, Test: 69.90%, Best Valid: 68.20%, Best Test: 71.80%
Epoch: 400, Loss: 0.0282, Train: 100.00%, Valid: 63.00%, Test: 67.70%, Best Valid: 68.20%, Best Test: 71.80%
Run 02:
Highest Train: 100.00
Highest Valid: 68.20
Highest Test: 73.00
Chosen epoch: 159
Final Train: 100.00
Final Test: 71.80
Pre-training MLP for 500 epochs to generate co-occurrence matrix...
Penalty transform 'shuffle': rel Frobenius dist to original = 0.1120, off-diag CV of original penalty = 0.0568
MLP pre-training complete. Penalty matrix frozen.
Epoch: 00, Loss: 2.5060, Train: 22.50%, Valid: 21.60%, Test: 21.80%, Best Valid: 21.60%, Best Test: 21.80%
Epoch: 100, Loss: 0.0325, Train: 100.00%, Valid: 64.20%, Test: 68.70%, Best Valid: 67.20%, Best Test: 71.30%
Epoch: 200, Loss: 0.0274, Train: 100.00%, Valid: 63.80%, Test: 69.40%, Best Valid: 68.60%, Best Test: 71.10%
Epoch: 300, Loss: 0.0281, Train: 100.00%, Valid: 67.60%, Test: 72.10%, Best Valid: 68.80%, Best Test: 71.70%
Epoch: 400, Loss: 0.0318, Train: 100.00%, Valid: 65.00%, Test: 68.90%, Best Valid: 69.00%, Best Test: 72.10%
Run 03:
Highest Train: 100.00
Highest Valid: 69.00
Highest Test: 73.20
Chosen epoch: 337
Final Train: 100.00
Final Test: 72.10
Pre-training MLP for 500 epochs to generate co-occurrence matrix...
Penalty transform 'shuffle': rel Frobenius dist to original = 0.1185, off-diag CV of original penalty = 0.0516
MLP pre-training complete. Penalty matrix frozen.
Epoch: 00, Loss: 2.5137, Train: 24.17%, Valid: 28.80%, Test: 28.80%, Best Valid: 28.80%, Best Test: 28.80%
Epoch: 100, Loss: 0.0354, Train: 100.00%, Valid: 64.80%, Test: 69.90%, Best Valid: 66.40%, Best Test: 70.70%
Epoch: 200, Loss: 0.0378, Train: 100.00%, Valid: 67.00%, Test: 71.10%, Best Valid: 68.20%, Best Test: 71.10%
Epoch: 300, Loss: 0.0315, Train: 100.00%, Valid: 65.00%, Test: 70.80%, Best Valid: 68.20%, Best Test: 71.10%
Epoch: 400, Loss: 0.0266, Train: 100.00%, Valid: 67.60%, Test: 72.00%, Best Valid: 68.40%, Best Test: 72.50%
Run 04:
Highest Train: 100.00
Highest Valid: 68.40
Highest Test: 72.80
Chosen epoch: 307
Final Train: 100.00
Final Test: 72.50
Pre-training MLP for 500 epochs to generate co-occurrence matrix...
Penalty transform 'shuffle': rel Frobenius dist to original = 0.1030, off-diag CV of original penalty = 0.0550
MLP pre-training complete. Penalty matrix frozen.
Epoch: 00, Loss: 2.5131, Train: 20.83%, Valid: 19.40%, Test: 22.40%, Best Valid: 19.40%, Best Test: 22.40%
Epoch: 100, Loss: 0.0402, Train: 100.00%, Valid: 65.00%, Test: 70.40%, Best Valid: 67.40%, Best Test: 70.60%
Epoch: 200, Loss: 0.0312, Train: 100.00%, Valid: 67.20%, Test: 70.30%, Best Valid: 68.20%, Best Test: 71.50%
Epoch: 300, Loss: 0.0271, Train: 100.00%, Valid: 66.80%, Test: 71.70%, Best Valid: 68.20%, Best Test: 71.50%
Epoch: 400, Loss: 0.0359, Train: 100.00%, Valid: 66.60%, Test: 71.60%, Best Valid: 68.20%, Best Test: 71.50%
Run 05:
Highest Train: 100.00
Highest Valid: 68.20
Highest Test: 72.40
Chosen epoch: 176
Final Train: 100.00
Final Test: 71.50
Pre-training MLP for 500 epochs to generate co-occurrence matrix...
Penalty transform 'shuffle': rel Frobenius dist to original = 0.1703, off-diag CV of original penalty = 0.1069
MLP pre-training complete. Penalty matrix frozen.
Epoch: 00, Loss: 2.5107, Train: 42.50%, Valid: 22.80%, Test: 22.30%, Best Valid: 22.80%, Best Test: 22.30%
Epoch: 100, Loss: 0.0594, Train: 100.00%, Valid: 65.80%, Test: 70.10%, Best Valid: 68.40%, Best Test: 71.30%
Epoch: 200, Loss: 0.0275, Train: 100.00%, Valid: 66.20%, Test: 69.90%, Best Valid: 68.60%, Best Test: 72.10%
Epoch: 300, Loss: 0.0235, Train: 100.00%, Valid: 66.20%, Test: 70.60%, Best Valid: 68.60%, Best Test: 72.10%
Epoch: 400, Loss: 0.0309, Train: 100.00%, Valid: 67.40%, Test: 71.10%, Best Valid: 68.60%, Best Test: 72.10%
Run 06:
Highest Train: 100.00
Highest Valid: 69.00
Highest Test: 72.50
Chosen epoch: 420
Final Train: 100.00
Final Test: 70.90
Pre-training MLP for 500 epochs to generate co-occurrence matrix...
Penalty transform 'shuffle': rel Frobenius dist to original = 0.1183, off-diag CV of original penalty = 0.0619
MLP pre-training complete. Penalty matrix frozen.
Epoch: 00, Loss: 2.5015, Train: 20.00%, Valid: 16.40%, Test: 18.50%, Best Valid: 16.40%, Best Test: 18.50%
Epoch: 100, Loss: 0.0510, Train: 100.00%, Valid: 67.20%, Test: 72.80%, Best Valid: 69.00%, Best Test: 72.50%
Epoch: 200, Loss: 0.0255, Train: 100.00%, Valid: 66.40%, Test: 69.80%, Best Valid: 69.00%, Best Test: 72.50%
Epoch: 300, Loss: 0.0266, Train: 100.00%, Valid: 66.60%, Test: 71.60%, Best Valid: 69.00%, Best Test: 72.50%
Epoch: 400, Loss: 0.0295, Train: 100.00%, Valid: 68.00%, Test: 72.00%, Best Valid: 69.00%, Best Test: 72.50%
Run 07:
Highest Train: 100.00
Highest Valid: 69.00
Highest Test: 73.60
Chosen epoch: 36
Final Train: 99.17
Final Test: 72.50
Pre-training MLP for 500 epochs to generate co-occurrence matrix...
Penalty transform 'shuffle': rel Frobenius dist to original = 0.1501, off-diag CV of original penalty = 0.0716
MLP pre-training complete. Penalty matrix frozen.
Epoch: 00, Loss: 2.5057, Train: 37.50%, Valid: 22.20%, Test: 25.00%, Best Valid: 22.20%, Best Test: 25.00%
Epoch: 100, Loss: 0.0395, Train: 100.00%, Valid: 66.20%, Test: 70.90%, Best Valid: 68.00%, Best Test: 70.10%
Epoch: 200, Loss: 0.0417, Train: 100.00%, Valid: 65.80%, Test: 72.00%, Best Valid: 68.60%, Best Test: 72.70%
Epoch: 300, Loss: 0.0303, Train: 100.00%, Valid: 66.20%, Test: 71.20%, Best Valid: 68.60%, Best Test: 72.70%
Epoch: 400, Loss: 0.0301, Train: 100.00%, Valid: 66.20%, Test: 71.00%, Best Valid: 68.60%, Best Test: 72.70%
Run 08:
Highest Train: 100.00
Highest Valid: 69.00
Highest Test: 72.70
Chosen epoch: 437
Final Train: 100.00
Final Test: 71.80
Pre-training MLP for 500 epochs to generate co-occurrence matrix...
Penalty transform 'shuffle': rel Frobenius dist to original = 0.1076, off-diag CV of original penalty = 0.0468
MLP pre-training complete. Penalty matrix frozen.
Epoch: 00, Loss: 2.5125, Train: 33.33%, Valid: 29.00%, Test: 30.90%, Best Valid: 29.00%, Best Test: 30.90%
Epoch: 100, Loss: 0.0469, Train: 100.00%, Valid: 65.20%, Test: 70.20%, Best Valid: 68.00%, Best Test: 71.10%
Epoch: 200, Loss: 0.0343, Train: 100.00%, Valid: 63.40%, Test: 67.20%, Best Valid: 68.00%, Best Test: 71.10%
Epoch: 300, Loss: 0.0264, Train: 100.00%, Valid: 65.40%, Test: 69.00%, Best Valid: 68.00%, Best Test: 71.10%
Epoch: 400, Loss: 0.0276, Train: 100.00%, Valid: 65.00%, Test: 68.10%, Best Valid: 68.00%, Best Test: 71.10%
Run 09:
Highest Train: 100.00
Highest Valid: 68.00
Highest Test: 72.20
Chosen epoch: 42
Final Train: 100.00
Final Test: 71.10
Pre-training MLP for 500 epochs to generate co-occurrence matrix...
Penalty transform 'shuffle': rel Frobenius dist to original = 0.0866, off-diag CV of original penalty = 0.0306
MLP pre-training complete. Penalty matrix frozen.
Epoch: 00, Loss: 2.5087, Train: 19.17%, Valid: 23.00%, Test: 23.40%, Best Valid: 23.00%, Best Test: 23.40%
Epoch: 100, Loss: 0.0545, Train: 100.00%, Valid: 66.60%, Test: 70.50%, Best Valid: 66.60%, Best Test: 70.50%
Epoch: 200, Loss: 0.0377, Train: 100.00%, Valid: 64.40%, Test: 69.50%, Best Valid: 68.00%, Best Test: 71.80%
Epoch: 300, Loss: 0.0322, Train: 100.00%, Valid: 68.00%, Test: 71.70%, Best Valid: 68.20%, Best Test: 71.70%
Epoch: 400, Loss: 0.0352, Train: 100.00%, Valid: 66.60%, Test: 69.70%, Best Valid: 68.60%, Best Test: 71.60%
Run 10:
Highest Train: 100.00
Highest Valid: 68.60
Highest Test: 73.00
Chosen epoch: 398
Final Train: 100.00
Final Test: 71.60
All runs:
Highest Train: 100.00 ± 0.00
Highest Test: 72.88 ± 0.45
Highest Valid: 68.62 ± 0.39
  Final Train: 99.92 ± 0.26
   Final Test: 71.88 ± 0.66
Saving results to results/placebo/citeseer/MPNN_gat.csv
Condition sweep completed.
Task 13 done.
