==========================================================
Placebo sweep | Task 6
Job: 1108495 | Date: Thu Jul 16 03:31:08 PM EDT 2026 | Host: n0002
==========================================================
Thu Jul 16 15:31:18 2026       
+-----------------------------------------------------------------------------------------+
| NVIDIA-SMI 580.159.04             Driver Version: 580.159.04     CUDA Version: 13.0     |
+-----------------------------------------+------------------------+----------------------+
| GPU  Name                 Persistence-M | Bus-Id          Disp.A | Volatile Uncorr. ECC |
| Fan  Temp   Perf          Pwr:Usage/Cap |           Memory-Usage | GPU-Util  Compute M. |
|                                         |                        |               MIG M. |
|=========================================+========================+======================|
|   0  NVIDIA A100-SXM4-80GB          On  |   00000000:01:00.0 Off |                   On |
| N/A   41C    P0            149W /  500W |    2630MiB /  81920MiB |     N/A      Default |
|                                         |                        |              Enabled |
+-----------------------------------------+------------------------+----------------------+
|   1  NVIDIA A100-SXM4-80GB          On  |   00000000:41:00.0 Off |                   On |
| N/A   37C    P0            157W /  500W |    5216MiB /  81920MiB |     N/A      Default |
|                                         |                        |              Enabled |
+-----------------------------------------+------------------------+----------------------+
|   2  NVIDIA A100-SXM4-80GB          On  |   00000000:81:00.0 Off |                   On |
| N/A   40C    P0            156W /  500W |    5132MiB /  81920MiB |     N/A      Default |
|                                         |                        |              Enabled |
+-----------------------------------------+------------------------+----------------------+
|   3  NVIDIA A100-SXM4-80GB          On  |   00000000:C1:00.0 Off |                   On |
| N/A   32C    P0            108W /  500W |    2574MiB /  81920MiB |     N/A      Default |
|                                         |                        |              Enabled |
+-----------------------------------------+------------------------+----------------------+

+-----------------------------------------------------------------------------------------+
| MIG devices:                                                                            |
+------------------+----------------------------------+-----------+-----------------------+
| GPU  GI  CI  MIG |              Shared Memory-Usage |        Vol|        Shared         |
|      ID  ID  Dev |                Shared BAR1-Usage | SM     Unc| CE ENC  DEC  OFA  JPG |
|                  |                                  |        ECC|                       |
|==================+==================================+===========+=======================|
|  3    5   0   0  |              71MiB / 19968MiB    | 28      0 |  2   0    1    0    0 |
|                  |               0MiB / 12271MiB    |           |                       |
+------------------+----------------------------------+-----------+-----------------------+

+-----------------------------------------------------------------------------------------+
| Processes:                                                                              |
|  GPU   GI   CI              PID   Type   Process name                        GPU Memory |
|        ID   ID                                                               Usage      |
|=========================================================================================|
|    0   13    0           242737      C   ...ftware/ase-new-env/bin/python        694MiB |
|    0   14    0           242738      C   ...ftware/ase-new-env/bin/python        634MiB |
|    0    5    0           709302      C   python                                 1030MiB |
|    1   10    0           244604      C   ...ftware/ase-new-env/bin/python       2800MiB |
|    1    9    0           244605      C   ...ftware/ase-new-env/bin/python       1116MiB |
|    1    3    0           709496      C   python                                 1028MiB |
|    2    9    0           246565      C   ...ftware/ase-new-env/bin/python       1906MiB |
|    2   10    0           246566      C   ...ftware/ase-new-env/bin/python       1926MiB |
|    2    3    0           709490      C   python                                 1028MiB |
+-----------------------------------------------------------------------------------------+
1.12.1
True
==========================================================
Condition sweep: python main.py --gnn gat --dataset cora --lr 0.001 --local_layers 3 --hidden_channels 512 --weight_decay 5e-4 --dropout 0.2 --rand_split_class --valid_num 500 --test_num 1000 --seed 123 --device 0 --runs 10 --res
result_dir=results/placebo transforms=[none] oracle=0 baseline=1
==========================================================
--- baseline (no reg) ---
Namespace(bn=False, cpu=False, data_dir='./data/', dataset='cora', device=0, display_step=100, dropout=0.2, epochs=500, gnn='gat', hidden_channels=512, jk=False, label_num_per_class=20, lambda_val=0.5, ln=False, local_layers=3, lr=0.001, metric='acc', mlp_epochs=500, mlp_reg=False, model='MPNN', model_dir='models', num_heads=1, oracle_reg=False, paired_seeds=True, penalty_transform='none', pre_linear=False, pre_ln=False, rand_split=False, rand_split_class=True, reg_start_epoch=10, reg_update_freq=5, res=True, result_dir='results/placebo', runs=10, save_model=False, seed=123, test_num=1000, train_prop=0.5, use_reg=False, valid_num=500, valid_prop=0.25, weight_decay=0.0005)
cora
Num nodes: 2708
train:torch.Size([140]), valid:torch.Size([500]), test:torch.Size([1000])
dataset cora | num nodes 2708 | num edge 10556 | num node feats 1433 | num classes 7
MODEL: MPNNs(
  (h_lins): ModuleList()
  (local_convs): ModuleList(
    (0): GATConv(1433, 512, heads=1)
    (1): GATConv(512, 512, heads=1)
    (2): GATConv(512, 512, heads=1)
  )
  (lins): ModuleList(
    (0): Linear(in_features=1433, out_features=512, bias=True)
    (1): Linear(in_features=512, out_features=512, bias=True)
    (2): Linear(in_features=512, out_features=512, bias=True)
  )
  (lns): ModuleList(
    (0): LayerNorm((512,), eps=1e-05, elementwise_affine=True)
    (1): LayerNorm((512,), eps=1e-05, elementwise_affine=True)
    (2): LayerNorm((512,), eps=1e-05, elementwise_affine=True)
  )
  (bns): ModuleList(
    (0): BatchNorm1d(512, eps=1e-05, momentum=0.1, affine=True, track_running_stats=True)
    (1): BatchNorm1d(512, eps=1e-05, momentum=0.1, affine=True, track_running_stats=True)
    (2): BatchNorm1d(512, eps=1e-05, momentum=0.1, affine=True, track_running_stats=True)
  )
  (lin_in): Linear(in_features=1433, out_features=512, bias=True)
  (pred_local): Linear(in_features=512, out_features=7, bias=True)
)
Epoch: 00, Loss: 1.9417, Train: 53.57%, Valid: 23.00%, Test: 23.10%, Best Valid: 23.00%, Best Test: 23.10%
Epoch: 100, Loss: 0.0001, Train: 100.00%, Valid: 74.80%, Test: 79.20%, Best Valid: 80.40%, Best Test: 84.30%
Epoch: 200, Loss: 0.0002, Train: 100.00%, Valid: 78.40%, Test: 80.30%, Best Valid: 80.40%, Best Test: 84.30%
Epoch: 300, Loss: 0.0006, Train: 100.00%, Valid: 78.00%, Test: 80.80%, Best Valid: 80.40%, Best Test: 84.30%
Epoch: 400, Loss: 0.0010, Train: 100.00%, Valid: 77.00%, Test: 80.50%, Best Valid: 80.40%, Best Test: 84.30%
Run 01:
Highest Train: 100.00
Highest Valid: 80.40
Highest Test: 84.30
Chosen epoch: 8
Final Train: 99.29
Final Test: 84.30
Epoch: 00, Loss: 1.9479, Train: 82.86%, Valid: 61.40%, Test: 65.20%, Best Valid: 61.40%, Best Test: 65.20%
Epoch: 100, Loss: 0.0002, Train: 100.00%, Valid: 73.60%, Test: 79.70%, Best Valid: 80.40%, Best Test: 83.40%
Epoch: 200, Loss: 0.0005, Train: 100.00%, Valid: 75.20%, Test: 80.40%, Best Valid: 80.40%, Best Test: 83.40%
Epoch: 300, Loss: 0.0010, Train: 100.00%, Valid: 76.80%, Test: 80.90%, Best Valid: 80.40%, Best Test: 83.40%
Epoch: 400, Loss: 0.0014, Train: 100.00%, Valid: 77.80%, Test: 82.20%, Best Valid: 80.40%, Best Test: 83.40%
Run 02:
Highest Train: 100.00
Highest Valid: 80.40
Highest Test: 83.40
Chosen epoch: 8
Final Train: 99.29
Final Test: 83.40
Epoch: 00, Loss: 1.9484, Train: 74.29%, Valid: 43.40%, Test: 44.30%, Best Valid: 43.40%, Best Test: 44.30%
Epoch: 100, Loss: 0.0001, Train: 100.00%, Valid: 74.60%, Test: 76.60%, Best Valid: 81.00%, Best Test: 83.70%
Epoch: 200, Loss: 0.0008, Train: 100.00%, Valid: 79.00%, Test: 81.00%, Best Valid: 81.00%, Best Test: 83.70%
Epoch: 300, Loss: 0.0011, Train: 100.00%, Valid: 78.80%, Test: 81.20%, Best Valid: 81.00%, Best Test: 83.70%
Epoch: 400, Loss: 0.0012, Train: 100.00%, Valid: 79.80%, Test: 81.10%, Best Valid: 81.00%, Best Test: 83.70%
Run 03:
Highest Train: 100.00
Highest Valid: 81.00
Highest Test: 83.70
Chosen epoch: 8
Final Train: 99.29
Final Test: 83.70
Epoch: 00, Loss: 1.9418, Train: 73.57%, Valid: 40.00%, Test: 43.50%, Best Valid: 40.00%, Best Test: 43.50%
Epoch: 100, Loss: 0.0009, Train: 100.00%, Valid: 77.60%, Test: 80.60%, Best Valid: 81.40%, Best Test: 83.40%
Epoch: 200, Loss: 0.0008, Train: 100.00%, Valid: 77.40%, Test: 81.40%, Best Valid: 81.40%, Best Test: 83.40%
Epoch: 300, Loss: 0.0010, Train: 100.00%, Valid: 78.40%, Test: 81.10%, Best Valid: 81.40%, Best Test: 83.40%
Epoch: 400, Loss: 0.0011, Train: 100.00%, Valid: 78.80%, Test: 81.40%, Best Valid: 81.40%, Best Test: 83.40%
Run 04:
Highest Train: 100.00
Highest Valid: 81.40
Highest Test: 84.70
Chosen epoch: 6
Final Train: 98.57
Final Test: 83.40
Epoch: 00, Loss: 1.9471, Train: 91.43%, Valid: 58.80%, Test: 57.90%, Best Valid: 58.80%, Best Test: 57.90%
Epoch: 100, Loss: 0.0003, Train: 100.00%, Valid: 76.60%, Test: 80.10%, Best Valid: 80.40%, Best Test: 83.20%
Epoch: 200, Loss: 0.0007, Train: 100.00%, Valid: 77.60%, Test: 80.50%, Best Valid: 80.40%, Best Test: 83.20%
Epoch: 300, Loss: 0.0010, Train: 100.00%, Valid: 77.20%, Test: 80.70%, Best Valid: 80.40%, Best Test: 83.20%
Epoch: 400, Loss: 0.0015, Train: 100.00%, Valid: 78.20%, Test: 81.00%, Best Valid: 80.40%, Best Test: 83.20%
Run 05:
Highest Train: 100.00
Highest Valid: 80.40
Highest Test: 83.20
Chosen epoch: 8
Final Train: 97.86
Final Test: 83.20
Epoch: 00, Loss: 1.9491, Train: 82.86%, Valid: 54.60%, Test: 55.40%, Best Valid: 54.60%, Best Test: 55.40%
Epoch: 100, Loss: 0.0001, Train: 100.00%, Valid: 74.60%, Test: 80.70%, Best Valid: 82.20%, Best Test: 82.90%
Epoch: 200, Loss: 0.0007, Train: 100.00%, Valid: 75.40%, Test: 81.20%, Best Valid: 82.20%, Best Test: 82.90%
Epoch: 300, Loss: 0.0013, Train: 100.00%, Valid: 78.20%, Test: 82.30%, Best Valid: 82.20%, Best Test: 82.90%
Epoch: 400, Loss: 0.0010, Train: 100.00%, Valid: 78.00%, Test: 80.70%, Best Valid: 82.20%, Best Test: 82.90%
Run 06:
Highest Train: 100.00
Highest Valid: 82.20
Highest Test: 83.10
Chosen epoch: 13
Final Train: 100.00
Final Test: 82.90
Epoch: 00, Loss: 1.9457, Train: 67.14%, Valid: 35.20%, Test: 37.60%, Best Valid: 35.20%, Best Test: 37.60%
Epoch: 100, Loss: 0.0002, Train: 100.00%, Valid: 69.00%, Test: 73.40%, Best Valid: 80.00%, Best Test: 83.30%
Epoch: 200, Loss: 0.0004, Train: 100.00%, Valid: 77.00%, Test: 81.10%, Best Valid: 80.00%, Best Test: 83.30%
Epoch: 300, Loss: 0.0010, Train: 100.00%, Valid: 79.80%, Test: 81.50%, Best Valid: 80.00%, Best Test: 83.30%
Epoch: 400, Loss: 0.0011, Train: 100.00%, Valid: 79.20%, Test: 82.00%, Best Valid: 80.00%, Best Test: 83.30%
Run 07:
Highest Train: 100.00
Highest Valid: 80.00
Highest Test: 84.00
Chosen epoch: 7
Final Train: 98.57
Final Test: 83.30
Epoch: 00, Loss: 1.9462, Train: 82.86%, Valid: 56.60%, Test: 54.80%, Best Valid: 56.60%, Best Test: 54.80%
Epoch: 100, Loss: 0.0003, Train: 100.00%, Valid: 76.00%, Test: 79.10%, Best Valid: 81.00%, Best Test: 83.80%
Epoch: 200, Loss: 0.0010, Train: 100.00%, Valid: 79.40%, Test: 81.40%, Best Valid: 81.00%, Best Test: 83.80%
Epoch: 300, Loss: 0.0010, Train: 100.00%, Valid: 79.00%, Test: 81.80%, Best Valid: 81.00%, Best Test: 83.80%
Epoch: 400, Loss: 0.0010, Train: 100.00%, Valid: 79.20%, Test: 81.70%, Best Valid: 81.00%, Best Test: 83.80%
Run 08:
Highest Train: 100.00
Highest Valid: 81.00
Highest Test: 84.00
Chosen epoch: 6
Final Train: 97.86
Final Test: 83.80
Epoch: 00, Loss: 1.9420, Train: 71.43%, Valid: 41.00%, Test: 38.70%, Best Valid: 41.00%, Best Test: 38.70%
Epoch: 100, Loss: 0.0000, Train: 100.00%, Valid: 77.20%, Test: 78.00%, Best Valid: 79.80%, Best Test: 81.10%
Epoch: 200, Loss: 0.0007, Train: 100.00%, Valid: 78.20%, Test: 80.70%, Best Valid: 79.80%, Best Test: 81.10%
Epoch: 300, Loss: 0.0009, Train: 100.00%, Valid: 77.20%, Test: 81.00%, Best Valid: 79.80%, Best Test: 81.10%
Epoch: 400, Loss: 0.0009, Train: 100.00%, Valid: 78.80%, Test: 82.10%, Best Valid: 79.80%, Best Test: 81.10%
Run 09:
Highest Train: 100.00
Highest Valid: 79.80
Highest Test: 83.20
Chosen epoch: 11
Final Train: 100.00
Final Test: 81.10
Epoch: 00, Loss: 1.9478, Train: 60.71%, Valid: 43.40%, Test: 43.90%, Best Valid: 43.40%, Best Test: 43.90%
Epoch: 100, Loss: 0.0001, Train: 100.00%, Valid: 75.60%, Test: 78.40%, Best Valid: 80.20%, Best Test: 83.70%
Epoch: 200, Loss: 0.0009, Train: 100.00%, Valid: 79.60%, Test: 81.30%, Best Valid: 80.20%, Best Test: 83.70%
Epoch: 300, Loss: 0.0014, Train: 100.00%, Valid: 79.40%, Test: 81.90%, Best Valid: 80.20%, Best Test: 83.70%
Epoch: 400, Loss: 0.0012, Train: 100.00%, Valid: 80.00%, Test: 81.40%, Best Valid: 80.20%, Best Test: 83.70%
Run 10:
Highest Train: 100.00
Highest Valid: 80.40
Highest Test: 84.40
Chosen epoch: 426
Final Train: 100.00
Final Test: 81.00
All runs:
Highest Train: 100.00 ± 0.00
Highest Test: 83.80 ± 0.57
Highest Valid: 80.70 ± 0.71
  Final Train: 99.07 ± 0.83
   Final Test: 83.01 ± 1.10
Saving results to results/placebo/cora/MPNN_gat.csv
--- mlp_reg | transform=none | lambda=0.01 | mlp_epochs=500 ---
Namespace(bn=False, cpu=False, data_dir='./data/', dataset='cora', device=0, display_step=100, dropout=0.2, epochs=500, gnn='gat', hidden_channels=512, jk=False, label_num_per_class=20, lambda_val=0.01, ln=False, local_layers=3, lr=0.001, metric='acc', mlp_epochs=500, mlp_reg=True, model='MPNN', model_dir='models', num_heads=1, oracle_reg=False, paired_seeds=True, penalty_transform='none', pre_linear=False, pre_ln=False, rand_split=False, rand_split_class=True, reg_start_epoch=10, reg_update_freq=5, res=True, result_dir='results/placebo', runs=10, save_model=False, seed=123, test_num=1000, train_prop=0.5, use_reg=True, valid_num=500, valid_prop=0.25, weight_decay=0.0005)
cora
Num nodes: 2708
train:torch.Size([140]), valid:torch.Size([500]), test:torch.Size([1000])
dataset cora | num nodes 2708 | num edge 10556 | num node feats 1433 | num classes 7
MODEL: MPNNs(
  (h_lins): ModuleList()
  (local_convs): ModuleList(
    (0): GATConv(1433, 512, heads=1)
    (1): GATConv(512, 512, heads=1)
    (2): GATConv(512, 512, heads=1)
  )
  (lins): ModuleList(
    (0): Linear(in_features=1433, out_features=512, bias=True)
    (1): Linear(in_features=512, out_features=512, bias=True)
    (2): Linear(in_features=512, out_features=512, bias=True)
  )
  (lns): ModuleList(
    (0): LayerNorm((512,), eps=1e-05, elementwise_affine=True)
    (1): LayerNorm((512,), eps=1e-05, elementwise_affine=True)
    (2): LayerNorm((512,), eps=1e-05, elementwise_affine=True)
  )
  (bns): ModuleList(
    (0): BatchNorm1d(512, eps=1e-05, momentum=0.1, affine=True, track_running_stats=True)
    (1): BatchNorm1d(512, eps=1e-05, momentum=0.1, affine=True, track_running_stats=True)
    (2): BatchNorm1d(512, eps=1e-05, momentum=0.1, affine=True, track_running_stats=True)
  )
  (lin_in): Linear(in_features=1433, out_features=512, bias=True)
  (pred_local): Linear(in_features=512, out_features=7, bias=True)
)
Pre-training MLP for 500 epochs to generate co-occurrence matrix...
MLP pre-training complete. Penalty matrix frozen.
Epoch: 00, Loss: 1.9611, Train: 52.86%, Valid: 22.80%, Test: 22.50%, Best Valid: 22.80%, Best Test: 22.50%
Epoch: 100, Loss: 0.0000, Train: 100.00%, Valid: 79.40%, Test: 80.50%, Best Valid: 80.40%, Best Test: 84.40%
Epoch: 200, Loss: 0.0005, Train: 100.00%, Valid: 79.40%, Test: 80.90%, Best Valid: 81.00%, Best Test: 81.50%
Epoch: 300, Loss: 0.0010, Train: 100.00%, Valid: 79.40%, Test: 81.50%, Best Valid: 81.00%, Best Test: 81.50%
Epoch: 400, Loss: 0.0011, Train: 100.00%, Valid: 79.00%, Test: 81.90%, Best Valid: 81.00%, Best Test: 81.50%
Run 01:
Highest Train: 100.00
Highest Valid: 81.00
Highest Test: 84.40
Chosen epoch: 163
Final Train: 100.00
Final Test: 81.50
Pre-training MLP for 500 epochs to generate co-occurrence matrix...
MLP pre-training complete. Penalty matrix frozen.
Epoch: 00, Loss: 1.9674, Train: 82.86%, Valid: 60.80%, Test: 65.10%, Best Valid: 60.80%, Best Test: 65.10%
Epoch: 100, Loss: 0.0001, Train: 100.00%, Valid: 74.60%, Test: 80.00%, Best Valid: 80.40%, Best Test: 83.50%
Epoch: 200, Loss: 0.0007, Train: 100.00%, Valid: 76.20%, Test: 80.70%, Best Valid: 80.40%, Best Test: 83.50%
Epoch: 300, Loss: 0.0010, Train: 100.00%, Valid: 77.20%, Test: 80.60%, Best Valid: 80.40%, Best Test: 83.50%
Epoch: 400, Loss: 0.0014, Train: 100.00%, Valid: 78.40%, Test: 81.00%, Best Valid: 80.40%, Best Test: 83.50%
Run 02:
Highest Train: 100.00
Highest Valid: 80.40
Highest Test: 83.50
Chosen epoch: 8
Final Train: 99.29
Final Test: 83.50
Pre-training MLP for 500 epochs to generate co-occurrence matrix...
MLP pre-training complete. Penalty matrix frozen.
Epoch: 00, Loss: 1.9679, Train: 75.00%, Valid: 42.40%, Test: 44.00%, Best Valid: 42.40%, Best Test: 44.00%
Epoch: 100, Loss: 0.0002, Train: 100.00%, Valid: 76.40%, Test: 79.50%, Best Valid: 81.00%, Best Test: 83.70%
Epoch: 200, Loss: 0.0008, Train: 100.00%, Valid: 78.60%, Test: 81.30%, Best Valid: 81.00%, Best Test: 83.70%
Epoch: 300, Loss: 0.0010, Train: 100.00%, Valid: 79.80%, Test: 81.80%, Best Valid: 81.00%, Best Test: 83.70%
Epoch: 400, Loss: 0.0011, Train: 100.00%, Valid: 80.40%, Test: 81.80%, Best Valid: 81.00%, Best Test: 83.70%
Run 03:
Highest Train: 100.00
Highest Valid: 81.00
Highest Test: 83.70
Chosen epoch: 8
Final Train: 99.29
Final Test: 83.70
Pre-training MLP for 500 epochs to generate co-occurrence matrix...
MLP pre-training complete. Penalty matrix frozen.
Epoch: 00, Loss: 1.9612, Train: 73.57%, Valid: 39.20%, Test: 43.50%, Best Valid: 39.20%, Best Test: 43.50%
Epoch: 100, Loss: 0.0001, Train: 100.00%, Valid: 78.60%, Test: 81.20%, Best Valid: 81.80%, Best Test: 83.00%
Epoch: 200, Loss: 0.0011, Train: 100.00%, Valid: 78.80%, Test: 81.80%, Best Valid: 81.80%, Best Test: 83.00%
Epoch: 300, Loss: 0.0010, Train: 100.00%, Valid: 78.80%, Test: 81.50%, Best Valid: 81.80%, Best Test: 83.00%
Epoch: 400, Loss: 0.0012, Train: 100.00%, Valid: 79.00%, Test: 81.20%, Best Valid: 81.80%, Best Test: 83.00%
Run 04:
Highest Train: 100.00
Highest Valid: 81.80
Highest Test: 84.90
Chosen epoch: 20
Final Train: 98.57
Final Test: 83.00
Pre-training MLP for 500 epochs to generate co-occurrence matrix...
MLP pre-training complete. Penalty matrix frozen.
Epoch: 00, Loss: 1.9666, Train: 92.14%, Valid: 59.00%, Test: 58.40%, Best Valid: 59.00%, Best Test: 58.40%
Epoch: 100, Loss: 0.0002, Train: 100.00%, Valid: 76.80%, Test: 79.60%, Best Valid: 80.60%, Best Test: 83.20%
Epoch: 200, Loss: 0.0011, Train: 100.00%, Valid: 77.80%, Test: 79.50%, Best Valid: 80.60%, Best Test: 83.20%
Epoch: 300, Loss: 0.0010, Train: 100.00%, Valid: 77.80%, Test: 79.60%, Best Valid: 80.60%, Best Test: 83.20%
Epoch: 400, Loss: 0.0013, Train: 100.00%, Valid: 77.80%, Test: 80.10%, Best Valid: 80.60%, Best Test: 83.20%
Run 05:
Highest Train: 100.00
Highest Valid: 80.60
Highest Test: 83.20
Chosen epoch: 8
Final Train: 97.86
Final Test: 83.20
Pre-training MLP for 500 epochs to generate co-occurrence matrix...
MLP pre-training complete. Penalty matrix frozen.
Epoch: 00, Loss: 1.9686, Train: 82.86%, Valid: 53.80%, Test: 55.70%, Best Valid: 53.80%, Best Test: 55.70%
Epoch: 100, Loss: 0.0002, Train: 100.00%, Valid: 77.60%, Test: 79.70%, Best Valid: 82.80%, Best Test: 82.90%
Epoch: 200, Loss: 0.0009, Train: 100.00%, Valid: 78.20%, Test: 80.80%, Best Valid: 82.80%, Best Test: 82.90%
Epoch: 300, Loss: 0.0013, Train: 100.00%, Valid: 78.40%, Test: 81.00%, Best Valid: 82.80%, Best Test: 82.90%
Epoch: 400, Loss: 0.0012, Train: 100.00%, Valid: 77.20%, Test: 80.10%, Best Valid: 82.80%, Best Test: 82.90%
Run 06:
Highest Train: 100.00
Highest Valid: 82.80
Highest Test: 83.20
Chosen epoch: 13
Final Train: 100.00
Final Test: 82.90
Pre-training MLP for 500 epochs to generate co-occurrence matrix...
MLP pre-training complete. Penalty matrix frozen.
Epoch: 00, Loss: 1.9651, Train: 67.14%, Valid: 35.00%, Test: 37.40%, Best Valid: 35.00%, Best Test: 37.40%
Epoch: 100, Loss: 0.0001, Train: 100.00%, Valid: 74.20%, Test: 75.80%, Best Valid: 80.40%, Best Test: 83.80%
Epoch: 200, Loss: 0.0007, Train: 100.00%, Valid: 78.20%, Test: 79.90%, Best Valid: 80.40%, Best Test: 83.80%
Epoch: 300, Loss: 0.0010, Train: 100.00%, Valid: 79.80%, Test: 80.50%, Best Valid: 80.40%, Best Test: 83.80%
Epoch: 400, Loss: 0.0011, Train: 100.00%, Valid: 80.40%, Test: 80.30%, Best Valid: 81.00%, Best Test: 80.60%
Run 07:
Highest Train: 100.00
Highest Valid: 81.20
Highest Test: 84.00
Chosen epoch: 403
Final Train: 100.00
Final Test: 81.00
Pre-training MLP for 500 epochs to generate co-occurrence matrix...
MLP pre-training complete. Penalty matrix frozen.
Epoch: 00, Loss: 1.9656, Train: 82.86%, Valid: 56.60%, Test: 54.60%, Best Valid: 56.60%, Best Test: 54.60%
Epoch: 100, Loss: 0.0002, Train: 100.00%, Valid: 79.40%, Test: 82.40%, Best Valid: 81.60%, Best Test: 83.70%
Epoch: 200, Loss: 0.0012, Train: 100.00%, Valid: 78.60%, Test: 81.70%, Best Valid: 81.60%, Best Test: 83.70%
Epoch: 300, Loss: 0.0010, Train: 100.00%, Valid: 78.40%, Test: 81.70%, Best Valid: 81.60%, Best Test: 83.70%
Epoch: 400, Loss: 0.0009, Train: 100.00%, Valid: 79.20%, Test: 82.20%, Best Valid: 81.60%, Best Test: 83.70%
Run 08:
Highest Train: 100.00
Highest Valid: 81.60
Highest Test: 84.80
Chosen epoch: 23
Final Train: 100.00
Final Test: 83.70
Pre-training MLP for 500 epochs to generate co-occurrence matrix...
MLP pre-training complete. Penalty matrix frozen.
Epoch: 00, Loss: 1.9614, Train: 71.43%, Valid: 41.00%, Test: 38.80%, Best Valid: 41.00%, Best Test: 38.80%
Epoch: 100, Loss: 0.0001, Train: 100.00%, Valid: 74.60%, Test: 79.20%, Best Valid: 79.80%, Best Test: 81.10%
Epoch: 200, Loss: 0.0007, Train: 100.00%, Valid: 78.40%, Test: 81.90%, Best Valid: 79.80%, Best Test: 81.10%
Epoch: 300, Loss: 0.0009, Train: 100.00%, Valid: 78.20%, Test: 82.60%, Best Valid: 79.80%, Best Test: 81.10%
Epoch: 400, Loss: 0.0010, Train: 100.00%, Valid: 79.00%, Test: 82.10%, Best Valid: 80.00%, Best Test: 83.00%
Run 09:
Highest Train: 100.00
Highest Valid: 80.00
Highest Test: 83.30
Chosen epoch: 340
Final Train: 100.00
Final Test: 83.00
Pre-training MLP for 500 epochs to generate co-occurrence matrix...
MLP pre-training complete. Penalty matrix frozen.
Epoch: 00, Loss: 1.9673, Train: 60.71%, Valid: 43.40%, Test: 44.00%, Best Valid: 43.40%, Best Test: 44.00%
Epoch: 100, Loss: 0.0002, Train: 100.00%, Valid: 77.00%, Test: 81.60%, Best Valid: 80.00%, Best Test: 82.50%
Epoch: 200, Loss: 0.0009, Train: 100.00%, Valid: 78.20%, Test: 82.00%, Best Valid: 80.00%, Best Test: 82.50%
Epoch: 300, Loss: 0.0015, Train: 100.00%, Valid: 78.40%, Test: 81.80%, Best Valid: 80.00%, Best Test: 82.50%
Epoch: 400, Loss: 0.0012, Train: 100.00%, Valid: 78.60%, Test: 82.00%, Best Valid: 80.00%, Best Test: 82.50%
Run 10:
Highest Train: 100.00
Highest Valid: 80.00
Highest Test: 84.30
Chosen epoch: 8
Final Train: 98.57
Final Test: 82.50
All runs:
Highest Train: 100.00 ± 0.00
Highest Test: 83.93 ± 0.65
Highest Valid: 81.04 ± 0.87
  Final Train: 99.36 ± 0.79
   Final Test: 82.80 ± 0.91
Saving results to results/placebo/cora/MPNN_gat.csv
--- mlp_reg | transform=none | lambda=0.05 | mlp_epochs=500 ---
Namespace(bn=False, cpu=False, data_dir='./data/', dataset='cora', device=0, display_step=100, dropout=0.2, epochs=500, gnn='gat', hidden_channels=512, jk=False, label_num_per_class=20, lambda_val=0.05, ln=False, local_layers=3, lr=0.001, metric='acc', mlp_epochs=500, mlp_reg=True, model='MPNN', model_dir='models', num_heads=1, oracle_reg=False, paired_seeds=True, penalty_transform='none', pre_linear=False, pre_ln=False, rand_split=False, rand_split_class=True, reg_start_epoch=10, reg_update_freq=5, res=True, result_dir='results/placebo', runs=10, save_model=False, seed=123, test_num=1000, train_prop=0.5, use_reg=True, valid_num=500, valid_prop=0.25, weight_decay=0.0005)
cora
Num nodes: 2708
train:torch.Size([140]), valid:torch.Size([500]), test:torch.Size([1000])
dataset cora | num nodes 2708 | num edge 10556 | num node feats 1433 | num classes 7
MODEL: MPNNs(
  (h_lins): ModuleList()
  (local_convs): ModuleList(
    (0): GATConv(1433, 512, heads=1)
    (1): GATConv(512, 512, heads=1)
    (2): GATConv(512, 512, heads=1)
  )
  (lins): ModuleList(
    (0): Linear(in_features=1433, out_features=512, bias=True)
    (1): Linear(in_features=512, out_features=512, bias=True)
    (2): Linear(in_features=512, out_features=512, bias=True)
  )
  (lns): ModuleList(
    (0): LayerNorm((512,), eps=1e-05, elementwise_affine=True)
    (1): LayerNorm((512,), eps=1e-05, elementwise_affine=True)
    (2): LayerNorm((512,), eps=1e-05, elementwise_affine=True)
  )
  (bns): ModuleList(
    (0): BatchNorm1d(512, eps=1e-05, momentum=0.1, affine=True, track_running_stats=True)
    (1): BatchNorm1d(512, eps=1e-05, momentum=0.1, affine=True, track_running_stats=True)
    (2): BatchNorm1d(512, eps=1e-05, momentum=0.1, affine=True, track_running_stats=True)
  )
  (lin_in): Linear(in_features=1433, out_features=512, bias=True)
  (pred_local): Linear(in_features=512, out_features=7, bias=True)
)
Pre-training MLP for 500 epochs to generate co-occurrence matrix...
MLP pre-training complete. Penalty matrix frozen.
Epoch: 00, Loss: 2.0388, Train: 50.71%, Valid: 21.00%, Test: 20.60%, Best Valid: 21.00%, Best Test: 20.60%
Epoch: 100, Loss: 0.0001, Train: 100.00%, Valid: 76.80%, Test: 82.20%, Best Valid: 80.60%, Best Test: 84.30%
Epoch: 200, Loss: 0.0007, Train: 100.00%, Valid: 76.40%, Test: 80.80%, Best Valid: 80.60%, Best Test: 84.30%
Epoch: 300, Loss: 0.0010, Train: 100.00%, Valid: 77.80%, Test: 82.00%, Best Valid: 80.60%, Best Test: 84.30%
Epoch: 400, Loss: 0.0012, Train: 100.00%, Valid: 79.00%, Test: 82.10%, Best Valid: 80.60%, Best Test: 84.30%
Run 01:
Highest Train: 100.00
Highest Valid: 80.60
Highest Test: 84.30
Chosen epoch: 8
Final Train: 98.57
Final Test: 84.30
Pre-training MLP for 500 epochs to generate co-occurrence matrix...
MLP pre-training complete. Penalty matrix frozen.
Epoch: 00, Loss: 2.0453, Train: 82.14%, Valid: 60.20%, Test: 64.30%, Best Valid: 60.20%, Best Test: 64.30%
Epoch: 100, Loss: 0.0001, Train: 100.00%, Valid: 74.60%, Test: 77.30%, Best Valid: 80.40%, Best Test: 83.40%
Epoch: 200, Loss: 0.0008, Train: 100.00%, Valid: 76.00%, Test: 81.00%, Best Valid: 80.40%, Best Test: 83.40%
Epoch: 300, Loss: 0.0011, Train: 100.00%, Valid: 77.20%, Test: 82.00%, Best Valid: 80.40%, Best Test: 83.40%
Epoch: 400, Loss: 0.0012, Train: 100.00%, Valid: 79.00%, Test: 81.90%, Best Valid: 80.40%, Best Test: 83.40%
Run 02:
Highest Train: 100.00
Highest Valid: 80.40
Highest Test: 83.40
Chosen epoch: 8
Final Train: 99.29
Final Test: 83.40
Pre-training MLP for 500 epochs to generate co-occurrence matrix...
MLP pre-training complete. Penalty matrix frozen.
Epoch: 00, Loss: 2.0458, Train: 72.86%, Valid: 39.00%, Test: 40.60%, Best Valid: 39.00%, Best Test: 40.60%
Epoch: 100, Loss: 0.0001, Train: 100.00%, Valid: 76.00%, Test: 79.90%, Best Valid: 81.00%, Best Test: 83.60%
Epoch: 200, Loss: 0.0009, Train: 100.00%, Valid: 77.60%, Test: 81.90%, Best Valid: 81.00%, Best Test: 83.60%
Epoch: 300, Loss: 0.0011, Train: 100.00%, Valid: 79.00%, Test: 82.50%, Best Valid: 81.00%, Best Test: 83.60%
Epoch: 400, Loss: 0.0012, Train: 100.00%, Valid: 80.00%, Test: 82.20%, Best Valid: 81.00%, Best Test: 83.60%
Run 03:
Highest Train: 100.00
Highest Valid: 81.00
Highest Test: 83.60
Chosen epoch: 8
Final Train: 99.29
Final Test: 83.60
Pre-training MLP for 500 epochs to generate co-occurrence matrix...
MLP pre-training complete. Penalty matrix frozen.
Epoch: 00, Loss: 2.0389, Train: 74.29%, Valid: 38.60%, Test: 43.00%, Best Valid: 38.60%, Best Test: 43.00%
Epoch: 100, Loss: 0.0002, Train: 100.00%, Valid: 75.60%, Test: 78.60%, Best Valid: 81.40%, Best Test: 81.50%
Epoch: 200, Loss: 0.0011, Train: 100.00%, Valid: 78.20%, Test: 80.70%, Best Valid: 81.40%, Best Test: 81.50%
Epoch: 300, Loss: 0.0011, Train: 100.00%, Valid: 78.80%, Test: 80.80%, Best Valid: 81.40%, Best Test: 81.50%
Epoch: 400, Loss: 0.0012, Train: 100.00%, Valid: 79.00%, Test: 80.60%, Best Valid: 81.40%, Best Test: 81.50%
Run 04:
Highest Train: 100.00
Highest Valid: 81.40
Highest Test: 84.80
Chosen epoch: 30
Final Train: 100.00
Final Test: 81.50
Pre-training MLP for 500 epochs to generate co-occurrence matrix...
MLP pre-training complete. Penalty matrix frozen.
Epoch: 00, Loss: 2.0445, Train: 93.57%, Valid: 59.40%, Test: 60.80%, Best Valid: 59.40%, Best Test: 60.80%
Epoch: 100, Loss: 0.0001, Train: 100.00%, Valid: 75.40%, Test: 77.50%, Best Valid: 80.40%, Best Test: 83.30%
Epoch: 200, Loss: 0.0009, Train: 100.00%, Valid: 78.00%, Test: 79.40%, Best Valid: 80.40%, Best Test: 83.30%
Epoch: 300, Loss: 0.0010, Train: 100.00%, Valid: 77.60%, Test: 80.30%, Best Valid: 80.40%, Best Test: 83.30%
Epoch: 400, Loss: 0.0013, Train: 100.00%, Valid: 78.40%, Test: 80.90%, Best Valid: 80.40%, Best Test: 83.30%
Run 05:
Highest Train: 100.00
Highest Valid: 80.40
Highest Test: 83.30
Chosen epoch: 8
Final Train: 97.86
Final Test: 83.30
Pre-training MLP for 500 epochs to generate co-occurrence matrix...
MLP pre-training complete. Penalty matrix frozen.
Epoch: 00, Loss: 2.0466, Train: 82.14%, Valid: 53.80%, Test: 54.10%, Best Valid: 53.80%, Best Test: 54.10%
Epoch: 100, Loss: 0.0005, Train: 100.00%, Valid: 70.40%, Test: 78.40%, Best Valid: 82.40%, Best Test: 82.90%
Epoch: 200, Loss: 0.0009, Train: 100.00%, Valid: 76.80%, Test: 81.70%, Best Valid: 82.40%, Best Test: 82.90%
Epoch: 300, Loss: 0.0013, Train: 100.00%, Valid: 78.20%, Test: 81.70%, Best Valid: 82.40%, Best Test: 82.90%
Epoch: 400, Loss: 0.0012, Train: 100.00%, Valid: 78.00%, Test: 80.30%, Best Valid: 82.40%, Best Test: 82.90%
Run 06:
Highest Train: 100.00
Highest Valid: 82.40
Highest Test: 83.30
Chosen epoch: 13
Final Train: 100.00
Final Test: 82.90
Pre-training MLP for 500 epochs to generate co-occurrence matrix...
MLP pre-training complete. Penalty matrix frozen.
Epoch: 00, Loss: 2.0430, Train: 65.00%, Valid: 34.00%, Test: 34.50%, Best Valid: 34.00%, Best Test: 34.50%
Epoch: 100, Loss: 0.0001, Train: 100.00%, Valid: 77.20%, Test: 79.10%, Best Valid: 80.20%, Best Test: 83.40%
Epoch: 200, Loss: 0.0005, Train: 100.00%, Valid: 79.00%, Test: 81.50%, Best Valid: 80.80%, Best Test: 80.90%
Epoch: 300, Loss: 0.0010, Train: 100.00%, Valid: 79.40%, Test: 81.90%, Best Valid: 80.80%, Best Test: 80.90%
Epoch: 400, Loss: 0.0012, Train: 100.00%, Valid: 80.20%, Test: 82.00%, Best Valid: 81.00%, Best Test: 82.30%
Run 07:
Highest Train: 100.00
Highest Valid: 81.00
Highest Test: 83.90
Chosen epoch: 360
Final Train: 100.00
Final Test: 82.30
Pre-training MLP for 500 epochs to generate co-occurrence matrix...
MLP pre-training complete. Penalty matrix frozen.
Epoch: 00, Loss: 2.0435, Train: 80.71%, Valid: 54.80%, Test: 53.80%, Best Valid: 54.80%, Best Test: 53.80%
Epoch: 100, Loss: 0.0003, Train: 100.00%, Valid: 77.20%, Test: 81.60%, Best Valid: 81.60%, Best Test: 83.70%
Epoch: 200, Loss: 0.0013, Train: 100.00%, Valid: 77.80%, Test: 81.70%, Best Valid: 81.60%, Best Test: 83.70%
Epoch: 300, Loss: 0.0012, Train: 100.00%, Valid: 78.80%, Test: 80.90%, Best Valid: 81.60%, Best Test: 83.70%
Epoch: 400, Loss: 0.0011, Train: 100.00%, Valid: 79.80%, Test: 81.90%, Best Valid: 81.60%, Best Test: 83.70%
Run 08:
Highest Train: 100.00
Highest Valid: 81.60
Highest Test: 84.80
Chosen epoch: 23
Final Train: 100.00
Final Test: 83.70
Pre-training MLP for 500 epochs to generate co-occurrence matrix...
MLP pre-training complete. Penalty matrix frozen.
Epoch: 00, Loss: 2.0391, Train: 71.43%, Valid: 40.40%, Test: 38.40%, Best Valid: 40.40%, Best Test: 38.40%
Epoch: 100, Loss: 0.0001, Train: 100.00%, Valid: 77.20%, Test: 78.90%, Best Valid: 80.60%, Best Test: 82.00%
Epoch: 200, Loss: 0.0007, Train: 100.00%, Valid: 76.60%, Test: 79.60%, Best Valid: 80.60%, Best Test: 82.00%
Epoch: 300, Loss: 0.0010, Train: 100.00%, Valid: 76.80%, Test: 80.90%, Best Valid: 80.60%, Best Test: 82.00%
Epoch: 400, Loss: 0.0012, Train: 100.00%, Valid: 77.00%, Test: 81.10%, Best Valid: 80.60%, Best Test: 82.00%
Run 09:
Highest Train: 100.00
Highest Valid: 80.60
Highest Test: 83.40
Chosen epoch: 21
Final Train: 100.00
Final Test: 82.00
Pre-training MLP for 500 epochs to generate co-occurrence matrix...
MLP pre-training complete. Penalty matrix frozen.
Epoch: 00, Loss: 2.0452, Train: 62.86%, Valid: 44.20%, Test: 44.60%, Best Valid: 44.20%, Best Test: 44.60%
Epoch: 100, Loss: 0.0001, Train: 100.00%, Valid: 76.40%, Test: 77.50%, Best Valid: 80.20%, Best Test: 84.40%
Epoch: 200, Loss: 0.0010, Train: 100.00%, Valid: 79.20%, Test: 81.40%, Best Valid: 80.20%, Best Test: 84.40%
Epoch: 300, Loss: 0.0015, Train: 100.00%, Valid: 79.20%, Test: 81.70%, Best Valid: 80.20%, Best Test: 84.40%
Epoch: 400, Loss: 0.0012, Train: 100.00%, Valid: 79.00%, Test: 81.50%, Best Valid: 80.20%, Best Test: 84.40%
Run 10:
Highest Train: 100.00
Highest Valid: 80.20
Highest Test: 84.80
Chosen epoch: 16
Final Train: 99.29
Final Test: 84.40
All runs:
Highest Train: 100.00 ± 0.00
Highest Test: 83.96 ± 0.66
Highest Valid: 80.96 ± 0.68
  Final Train: 99.43 ± 0.74
   Final Test: 83.14 ± 0.96
Saving results to results/placebo/cora/MPNN_gat.csv
--- mlp_reg | transform=none | lambda=0.1 | mlp_epochs=500 ---
Namespace(bn=False, cpu=False, data_dir='./data/', dataset='cora', device=0, display_step=100, dropout=0.2, epochs=500, gnn='gat', hidden_channels=512, jk=False, label_num_per_class=20, lambda_val=0.1, ln=False, local_layers=3, lr=0.001, metric='acc', mlp_epochs=500, mlp_reg=True, model='MPNN', model_dir='models', num_heads=1, oracle_reg=False, paired_seeds=True, penalty_transform='none', pre_linear=False, pre_ln=False, rand_split=False, rand_split_class=True, reg_start_epoch=10, reg_update_freq=5, res=True, result_dir='results/placebo', runs=10, save_model=False, seed=123, test_num=1000, train_prop=0.5, use_reg=True, valid_num=500, valid_prop=0.25, weight_decay=0.0005)
cora
Num nodes: 2708
train:torch.Size([140]), valid:torch.Size([500]), test:torch.Size([1000])
dataset cora | num nodes 2708 | num edge 10556 | num node feats 1433 | num classes 7
MODEL: MPNNs(
  (h_lins): ModuleList()
  (local_convs): ModuleList(
    (0): GATConv(1433, 512, heads=1)
    (1): GATConv(512, 512, heads=1)
    (2): GATConv(512, 512, heads=1)
  )
  (lins): ModuleList(
    (0): Linear(in_features=1433, out_features=512, bias=True)
    (1): Linear(in_features=512, out_features=512, bias=True)
    (2): Linear(in_features=512, out_features=512, bias=True)
  )
  (lns): ModuleList(
    (0): LayerNorm((512,), eps=1e-05, elementwise_affine=True)
    (1): LayerNorm((512,), eps=1e-05, elementwise_affine=True)
    (2): LayerNorm((512,), eps=1e-05, elementwise_affine=True)
  )
  (bns): ModuleList(
    (0): BatchNorm1d(512, eps=1e-05, momentum=0.1, affine=True, track_running_stats=True)
    (1): BatchNorm1d(512, eps=1e-05, momentum=0.1, affine=True, track_running_stats=True)
    (2): BatchNorm1d(512, eps=1e-05, momentum=0.1, affine=True, track_running_stats=True)
  )
  (lin_in): Linear(in_features=1433, out_features=512, bias=True)
  (pred_local): Linear(in_features=512, out_features=7, bias=True)
)
Pre-training MLP for 500 epochs to generate co-occurrence matrix...
MLP pre-training complete. Penalty matrix frozen.
Epoch: 00, Loss: 2.1359, Train: 47.86%, Valid: 18.40%, Test: 18.50%, Best Valid: 18.40%, Best Test: 18.50%
Epoch: 100, Loss: 0.0001, Train: 100.00%, Valid: 76.60%, Test: 80.40%, Best Valid: 80.60%, Best Test: 84.40%
Epoch: 200, Loss: 0.0004, Train: 100.00%, Valid: 78.20%, Test: 81.30%, Best Valid: 80.60%, Best Test: 84.40%
Epoch: 300, Loss: 0.0012, Train: 100.00%, Valid: 78.40%, Test: 82.10%, Best Valid: 80.60%, Best Test: 84.40%
Epoch: 400, Loss: 0.0012, Train: 100.00%, Valid: 78.00%, Test: 81.30%, Best Valid: 80.60%, Best Test: 84.40%
Run 01:
Highest Train: 100.00
Highest Valid: 80.60
Highest Test: 84.40
Chosen epoch: 8
Final Train: 99.29
Final Test: 84.40
Pre-training MLP for 500 epochs to generate co-occurrence matrix...
MLP pre-training complete. Penalty matrix frozen.
Epoch: 00, Loss: 2.1427, Train: 79.29%, Valid: 58.00%, Test: 61.90%, Best Valid: 58.00%, Best Test: 61.90%
Epoch: 100, Loss: 0.0001, Train: 100.00%, Valid: 74.60%, Test: 78.80%, Best Valid: 80.40%, Best Test: 83.60%
Epoch: 200, Loss: 0.0007, Train: 100.00%, Valid: 76.20%, Test: 79.60%, Best Valid: 80.40%, Best Test: 83.60%
Epoch: 300, Loss: 0.0011, Train: 100.00%, Valid: 77.40%, Test: 81.20%, Best Valid: 80.40%, Best Test: 83.60%
Epoch: 400, Loss: 0.0012, Train: 100.00%, Valid: 78.20%, Test: 81.60%, Best Valid: 80.40%, Best Test: 83.60%
Run 02:
Highest Train: 100.00
Highest Valid: 80.40
Highest Test: 83.60
Chosen epoch: 8
Final Train: 99.29
Final Test: 83.60
Pre-training MLP for 500 epochs to generate co-occurrence matrix...
MLP pre-training complete. Penalty matrix frozen.
Epoch: 00, Loss: 2.1432, Train: 69.29%, Valid: 36.60%, Test: 38.40%, Best Valid: 36.60%, Best Test: 38.40%
Epoch: 100, Loss: 0.0001, Train: 100.00%, Valid: 76.20%, Test: 80.20%, Best Valid: 81.40%, Best Test: 83.70%
Epoch: 200, Loss: 0.0007, Train: 100.00%, Valid: 76.20%, Test: 81.20%, Best Valid: 81.40%, Best Test: 83.70%
Epoch: 300, Loss: 0.0012, Train: 100.00%, Valid: 78.00%, Test: 81.70%, Best Valid: 81.40%, Best Test: 83.70%
Epoch: 400, Loss: 0.0013, Train: 100.00%, Valid: 79.20%, Test: 81.70%, Best Valid: 81.40%, Best Test: 83.70%
Run 03:
Highest Train: 100.00
Highest Valid: 81.40
Highest Test: 83.70
Chosen epoch: 8
Final Train: 99.29
Final Test: 83.70
Pre-training MLP for 500 epochs to generate co-occurrence matrix...
MLP pre-training complete. Penalty matrix frozen.
Epoch: 00, Loss: 2.1360, Train: 70.00%, Valid: 36.20%, Test: 39.50%, Best Valid: 36.20%, Best Test: 39.50%
Epoch: 100, Loss: 0.0003, Train: 100.00%, Valid: 78.40%, Test: 79.20%, Best Valid: 81.60%, Best Test: 84.40%
Epoch: 200, Loss: 0.0011, Train: 100.00%, Valid: 79.60%, Test: 81.30%, Best Valid: 81.60%, Best Test: 84.40%
Epoch: 300, Loss: 0.0011, Train: 100.00%, Valid: 79.00%, Test: 80.80%, Best Valid: 81.60%, Best Test: 84.40%
Epoch: 400, Loss: 0.0013, Train: 100.00%, Valid: 78.40%, Test: 81.20%, Best Valid: 81.60%, Best Test: 84.40%
Run 04:
Highest Train: 100.00
Highest Valid: 81.60
Highest Test: 84.80
Chosen epoch: 12
Final Train: 100.00
Final Test: 84.40
Pre-training MLP for 500 epochs to generate co-occurrence matrix...
MLP pre-training complete. Penalty matrix frozen.
Epoch: 00, Loss: 2.1418, Train: 94.29%, Valid: 59.00%, Test: 60.80%, Best Valid: 59.00%, Best Test: 60.80%
Epoch: 100, Loss: 0.0002, Train: 100.00%, Valid: 76.00%, Test: 76.70%, Best Valid: 80.20%, Best Test: 83.30%
Epoch: 200, Loss: 0.0010, Train: 100.00%, Valid: 77.00%, Test: 78.30%, Best Valid: 80.20%, Best Test: 83.30%
Epoch: 300, Loss: 0.0008, Train: 100.00%, Valid: 76.80%, Test: 77.70%, Best Valid: 80.20%, Best Test: 83.30%
Epoch: 400, Loss: 0.0015, Train: 100.00%, Valid: 77.60%, Test: 78.80%, Best Valid: 80.20%, Best Test: 83.30%
Run 05:
Highest Train: 100.00
Highest Valid: 80.20
Highest Test: 83.60
Chosen epoch: 8
Final Train: 97.86
Final Test: 83.30
Pre-training MLP for 500 epochs to generate co-occurrence matrix...
MLP pre-training complete. Penalty matrix frozen.
Epoch: 00, Loss: 2.1440, Train: 81.43%, Valid: 50.00%, Test: 50.20%, Best Valid: 50.00%, Best Test: 50.20%
Epoch: 100, Loss: 0.0001, Train: 100.00%, Valid: 74.00%, Test: 78.90%, Best Valid: 82.40%, Best Test: 83.10%
Epoch: 200, Loss: 0.0007, Train: 100.00%, Valid: 77.40%, Test: 81.10%, Best Valid: 82.40%, Best Test: 83.10%
Epoch: 300, Loss: 0.0013, Train: 100.00%, Valid: 78.40%, Test: 81.60%, Best Valid: 82.40%, Best Test: 83.10%
Epoch: 400, Loss: 0.0011, Train: 100.00%, Valid: 78.20%, Test: 81.30%, Best Valid: 82.40%, Best Test: 83.10%
Run 06:
Highest Train: 100.00
Highest Valid: 82.40
Highest Test: 83.10
Chosen epoch: 13
Final Train: 100.00
Final Test: 83.10
Pre-training MLP for 500 epochs to generate co-occurrence matrix...
MLP pre-training complete. Penalty matrix frozen.
Epoch: 00, Loss: 2.1402, Train: 61.43%, Valid: 31.80%, Test: 30.80%, Best Valid: 31.80%, Best Test: 30.80%
Epoch: 100, Loss: 0.0002, Train: 100.00%, Valid: 75.60%, Test: 77.60%, Best Valid: 80.20%, Best Test: 83.50%
Epoch: 200, Loss: 0.0004, Train: 100.00%, Valid: 76.20%, Test: 78.00%, Best Valid: 80.20%, Best Test: 83.50%
Epoch: 300, Loss: 0.0008, Train: 100.00%, Valid: 77.80%, Test: 81.10%, Best Valid: 80.20%, Best Test: 83.50%
Epoch: 400, Loss: 0.0011, Train: 100.00%, Valid: 78.60%, Test: 80.50%, Best Valid: 80.20%, Best Test: 83.50%
Run 07:
Highest Train: 100.00
Highest Valid: 80.20
Highest Test: 84.10
Chosen epoch: 7
Final Train: 97.86
Final Test: 83.50
Pre-training MLP for 500 epochs to generate co-occurrence matrix...
MLP pre-training complete. Penalty matrix frozen.
Epoch: 00, Loss: 2.1408, Train: 80.71%, Valid: 54.20%, Test: 52.60%, Best Valid: 54.20%, Best Test: 52.60%
Epoch: 100, Loss: 0.0001, Train: 100.00%, Valid: 78.00%, Test: 81.40%, Best Valid: 81.60%, Best Test: 84.20%
Epoch: 200, Loss: 0.0013, Train: 100.00%, Valid: 78.60%, Test: 81.60%, Best Valid: 81.60%, Best Test: 84.20%
Epoch: 300, Loss: 0.0010, Train: 100.00%, Valid: 78.80%, Test: 80.90%, Best Valid: 81.60%, Best Test: 84.20%
Epoch: 400, Loss: 0.0012, Train: 100.00%, Valid: 78.60%, Test: 81.30%, Best Valid: 81.60%, Best Test: 84.20%
Run 08:
Highest Train: 100.00
Highest Valid: 81.60
Highest Test: 84.20
Chosen epoch: 6
Final Train: 98.57
Final Test: 84.20
Pre-training MLP for 500 epochs to generate co-occurrence matrix...
MLP pre-training complete. Penalty matrix frozen.
Epoch: 00, Loss: 2.1362, Train: 71.43%, Valid: 39.80%, Test: 38.20%, Best Valid: 39.80%, Best Test: 38.20%
Epoch: 100, Loss: 0.0003, Train: 100.00%, Valid: 75.60%, Test: 80.10%, Best Valid: 80.20%, Best Test: 82.70%
Epoch: 200, Loss: 0.0010, Train: 100.00%, Valid: 77.00%, Test: 82.10%, Best Valid: 80.20%, Best Test: 82.70%
Epoch: 300, Loss: 0.0010, Train: 100.00%, Valid: 78.40%, Test: 82.20%, Best Valid: 80.20%, Best Test: 82.70%
Epoch: 400, Loss: 0.0012, Train: 100.00%, Valid: 79.40%, Test: 82.20%, Best Valid: 80.20%, Best Test: 82.70%
Run 09:
Highest Train: 100.00
Highest Valid: 80.20
Highest Test: 83.50
Chosen epoch: 7
Final Train: 97.86
Final Test: 82.70
Pre-training MLP for 500 epochs to generate co-occurrence matrix...
MLP pre-training complete. Penalty matrix frozen.
Epoch: 00, Loss: 2.1426, Train: 65.71%, Valid: 45.00%, Test: 45.20%, Best Valid: 45.00%, Best Test: 45.20%
Epoch: 100, Loss: 0.0002, Train: 100.00%, Valid: 77.20%, Test: 80.90%, Best Valid: 80.20%, Best Test: 83.70%
Epoch: 200, Loss: 0.0014, Train: 100.00%, Valid: 77.80%, Test: 81.60%, Best Valid: 80.20%, Best Test: 83.70%
Epoch: 300, Loss: 0.0014, Train: 100.00%, Valid: 77.60%, Test: 81.50%, Best Valid: 80.20%, Best Test: 83.70%
Epoch: 400, Loss: 0.0012, Train: 100.00%, Valid: 78.00%, Test: 81.00%, Best Valid: 80.20%, Best Test: 83.70%
Run 10:
Highest Train: 100.00
Highest Valid: 80.20
Highest Test: 84.70
Chosen epoch: 15
Final Train: 100.00
Final Test: 83.70
All runs:
Highest Train: 100.00 ± 0.00
Highest Test: 83.97 ± 0.56
Highest Valid: 80.88 ± 0.80
  Final Train: 99.00 ± 0.90
   Final Test: 83.66 ± 0.56
Saving results to results/placebo/cora/MPNN_gat.csv
--- mlp_reg | transform=none | lambda=0.2 | mlp_epochs=500 ---
Namespace(bn=False, cpu=False, data_dir='./data/', dataset='cora', device=0, display_step=100, dropout=0.2, epochs=500, gnn='gat', hidden_channels=512, jk=False, label_num_per_class=20, lambda_val=0.2, ln=False, local_layers=3, lr=0.001, metric='acc', mlp_epochs=500, mlp_reg=True, model='MPNN', model_dir='models', num_heads=1, oracle_reg=False, paired_seeds=True, penalty_transform='none', pre_linear=False, pre_ln=False, rand_split=False, rand_split_class=True, reg_start_epoch=10, reg_update_freq=5, res=True, result_dir='results/placebo', runs=10, save_model=False, seed=123, test_num=1000, train_prop=0.5, use_reg=True, valid_num=500, valid_prop=0.25, weight_decay=0.0005)
cora
Num nodes: 2708
train:torch.Size([140]), valid:torch.Size([500]), test:torch.Size([1000])
dataset cora | num nodes 2708 | num edge 10556 | num node feats 1433 | num classes 7
MODEL: MPNNs(
  (h_lins): ModuleList()
  (local_convs): ModuleList(
    (0): GATConv(1433, 512, heads=1)
    (1): GATConv(512, 512, heads=1)
    (2): GATConv(512, 512, heads=1)
  )
  (lins): ModuleList(
    (0): Linear(in_features=1433, out_features=512, bias=True)
    (1): Linear(in_features=512, out_features=512, bias=True)
    (2): Linear(in_features=512, out_features=512, bias=True)
  )
  (lns): ModuleList(
    (0): LayerNorm((512,), eps=1e-05, elementwise_affine=True)
    (1): LayerNorm((512,), eps=1e-05, elementwise_affine=True)
    (2): LayerNorm((512,), eps=1e-05, elementwise_affine=True)
  )
  (bns): ModuleList(
    (0): BatchNorm1d(512, eps=1e-05, momentum=0.1, affine=True, track_running_stats=True)
    (1): BatchNorm1d(512, eps=1e-05, momentum=0.1, affine=True, track_running_stats=True)
    (2): BatchNorm1d(512, eps=1e-05, momentum=0.1, affine=True, track_running_stats=True)
  )
  (lin_in): Linear(in_features=1433, out_features=512, bias=True)
  (pred_local): Linear(in_features=512, out_features=7, bias=True)
)
Pre-training MLP for 500 epochs to generate co-occurrence matrix...
MLP pre-training complete. Penalty matrix frozen.
Epoch: 00, Loss: 2.3300, Train: 44.29%, Valid: 14.00%, Test: 14.40%, Best Valid: 14.00%, Best Test: 14.40%
Epoch: 100, Loss: 0.0000, Train: 100.00%, Valid: 78.00%, Test: 81.10%, Best Valid: 80.80%, Best Test: 82.30%
Epoch: 200, Loss: 0.0007, Train: 100.00%, Valid: 77.20%, Test: 82.70%, Best Valid: 80.80%, Best Test: 82.30%
Epoch: 300, Loss: 0.0011, Train: 100.00%, Valid: 78.20%, Test: 83.10%, Best Valid: 80.80%, Best Test: 82.30%
Epoch: 400, Loss: 0.0012, Train: 100.00%, Valid: 78.60%, Test: 82.40%, Best Valid: 80.80%, Best Test: 82.30%
Run 01:
Highest Train: 100.00
Highest Valid: 80.80
Highest Test: 84.30
Chosen epoch: 6
Final Train: 98.57
Final Test: 82.30
Pre-training MLP for 500 epochs to generate co-occurrence matrix...
MLP pre-training complete. Penalty matrix frozen.
Epoch: 00, Loss: 2.3375, Train: 74.29%, Valid: 53.20%, Test: 57.10%, Best Valid: 53.20%, Best Test: 57.10%
Epoch: 100, Loss: 0.0001, Train: 100.00%, Valid: 73.80%, Test: 77.00%, Best Valid: 80.60%, Best Test: 81.90%
Epoch: 200, Loss: 0.0010, Train: 100.00%, Valid: 76.20%, Test: 81.50%, Best Valid: 80.60%, Best Test: 81.90%
Epoch: 300, Loss: 0.0014, Train: 100.00%, Valid: 77.80%, Test: 82.10%, Best Valid: 80.60%, Best Test: 81.90%
Epoch: 400, Loss: 0.0014, Train: 100.00%, Valid: 79.00%, Test: 81.70%, Best Valid: 80.60%, Best Test: 81.90%
Run 02:
Highest Train: 100.00
Highest Valid: 80.60
Highest Test: 83.60
Chosen epoch: 4
Final Train: 96.43
Final Test: 81.90
Pre-training MLP for 500 epochs to generate co-occurrence matrix...
MLP pre-training complete. Penalty matrix frozen.
Epoch: 00, Loss: 2.3380, Train: 65.71%, Valid: 30.00%, Test: 34.30%, Best Valid: 30.00%, Best Test: 34.30%
Epoch: 100, Loss: 0.0002, Train: 100.00%, Valid: 75.40%, Test: 80.40%, Best Valid: 82.00%, Best Test: 83.70%
Epoch: 200, Loss: 0.0008, Train: 100.00%, Valid: 77.20%, Test: 81.70%, Best Valid: 82.00%, Best Test: 83.70%
Epoch: 300, Loss: 0.0013, Train: 100.00%, Valid: 78.00%, Test: 81.80%, Best Valid: 82.00%, Best Test: 83.70%
Epoch: 400, Loss: 0.0014, Train: 100.00%, Valid: 79.60%, Test: 82.20%, Best Valid: 82.00%, Best Test: 83.70%
Run 03:
Highest Train: 100.00
Highest Valid: 82.00
Highest Test: 83.70
Chosen epoch: 8
Final Train: 99.29
Final Test: 83.70
Pre-training MLP for 500 epochs to generate co-occurrence matrix...
MLP pre-training complete. Penalty matrix frozen.
Epoch: 00, Loss: 2.3301, Train: 63.57%, Valid: 32.20%, Test: 31.50%, Best Valid: 32.20%, Best Test: 31.50%
Epoch: 100, Loss: 0.0001, Train: 100.00%, Valid: 77.20%, Test: 80.20%, Best Valid: 81.60%, Best Test: 83.10%
Epoch: 200, Loss: 0.0015, Train: 100.00%, Valid: 78.40%, Test: 82.00%, Best Valid: 81.60%, Best Test: 83.10%
Epoch: 300, Loss: 0.0012, Train: 100.00%, Valid: 79.20%, Test: 80.90%, Best Valid: 81.60%, Best Test: 83.10%
Epoch: 400, Loss: 0.0013, Train: 100.00%, Valid: 79.40%, Test: 80.60%, Best Valid: 81.60%, Best Test: 83.10%
Run 04:
Highest Train: 100.00
Highest Valid: 81.60
Highest Test: 84.80
Chosen epoch: 8
Final Train: 99.29
Final Test: 83.10
Pre-training MLP for 500 epochs to generate co-occurrence matrix...
MLP pre-training complete. Penalty matrix frozen.
Epoch: 00, Loss: 2.3365, Train: 91.43%, Valid: 52.40%, Test: 57.10%, Best Valid: 52.40%, Best Test: 57.10%
Epoch: 100, Loss: 0.0008, Train: 100.00%, Valid: 75.80%, Test: 78.70%, Best Valid: 80.80%, Best Test: 83.50%
Epoch: 200, Loss: 0.0010, Train: 100.00%, Valid: 78.00%, Test: 80.60%, Best Valid: 80.80%, Best Test: 83.50%
Epoch: 300, Loss: 0.0012, Train: 100.00%, Valid: 80.00%, Test: 80.40%, Best Valid: 80.80%, Best Test: 83.50%
Epoch: 400, Loss: 0.0014, Train: 100.00%, Valid: 80.20%, Test: 80.50%, Best Valid: 80.80%, Best Test: 83.50%
Run 05:
Highest Train: 100.00
Highest Valid: 81.00
Highest Test: 84.50
Chosen epoch: 423
Final Train: 100.00
Final Test: 80.40
Pre-training MLP for 500 epochs to generate co-occurrence matrix...
MLP pre-training complete. Penalty matrix frozen.
Epoch: 00, Loss: 2.3389, Train: 77.86%, Valid: 45.40%, Test: 45.70%, Best Valid: 45.40%, Best Test: 45.70%
Epoch: 100, Loss: 0.0002, Train: 100.00%, Valid: 71.80%, Test: 72.70%, Best Valid: 82.00%, Best Test: 83.30%
Epoch: 200, Loss: 0.0007, Train: 100.00%, Valid: 75.20%, Test: 80.70%, Best Valid: 82.00%, Best Test: 83.30%
Epoch: 300, Loss: 0.0014, Train: 100.00%, Valid: 76.60%, Test: 81.20%, Best Valid: 82.00%, Best Test: 83.30%
Epoch: 400, Loss: 0.0014, Train: 100.00%, Valid: 77.60%, Test: 81.20%, Best Valid: 82.00%, Best Test: 83.30%
Run 06:
Highest Train: 100.00
Highest Valid: 82.00
Highest Test: 83.30
Chosen epoch: 13
Final Train: 100.00
Final Test: 83.30
Pre-training MLP for 500 epochs to generate co-occurrence matrix...
MLP pre-training complete. Penalty matrix frozen.
Epoch: 00, Loss: 2.3348, Train: 49.29%, Valid: 24.00%, Test: 21.60%, Best Valid: 24.00%, Best Test: 21.60%
Epoch: 100, Loss: 0.0001, Train: 100.00%, Valid: 78.00%, Test: 80.60%, Best Valid: 80.40%, Best Test: 83.50%
Epoch: 200, Loss: 0.0009, Train: 100.00%, Valid: 79.40%, Test: 80.90%, Best Valid: 80.40%, Best Test: 83.50%
Epoch: 300, Loss: 0.0014, Train: 100.00%, Valid: 80.60%, Test: 82.30%, Best Valid: 81.00%, Best Test: 82.30%
Epoch: 400, Loss: 0.0012, Train: 100.00%, Valid: 79.60%, Test: 82.30%, Best Valid: 81.00%, Best Test: 82.30%
Run 07:
Highest Train: 100.00
Highest Valid: 81.00
Highest Test: 84.40
Chosen epoch: 283
Final Train: 100.00
Final Test: 82.30
Pre-training MLP for 500 epochs to generate co-occurrence matrix...
MLP pre-training complete. Penalty matrix frozen.
Epoch: 00, Loss: 2.3354, Train: 77.86%, Valid: 47.80%, Test: 49.20%, Best Valid: 47.80%, Best Test: 49.20%
Epoch: 100, Loss: 0.0002, Train: 100.00%, Valid: 79.80%, Test: 81.80%, Best Valid: 82.00%, Best Test: 84.50%
Epoch: 200, Loss: 0.0015, Train: 100.00%, Valid: 78.40%, Test: 81.80%, Best Valid: 82.00%, Best Test: 84.50%
Epoch: 300, Loss: 0.0011, Train: 100.00%, Valid: 79.00%, Test: 81.50%, Best Valid: 82.00%, Best Test: 84.50%
Epoch: 400, Loss: 0.0012, Train: 100.00%, Valid: 79.00%, Test: 81.80%, Best Valid: 82.00%, Best Test: 84.50%
Run 08:
Highest Train: 100.00
Highest Valid: 82.00
Highest Test: 84.50
Chosen epoch: 6
Final Train: 98.57
Final Test: 84.50
Pre-training MLP for 500 epochs to generate co-occurrence matrix...
MLP pre-training complete. Penalty matrix frozen.
Epoch: 00, Loss: 2.3304, Train: 71.43%, Valid: 40.20%, Test: 37.90%, Best Valid: 40.20%, Best Test: 37.90%
Epoch: 100, Loss: 0.0001, Train: 100.00%, Valid: 75.00%, Test: 79.30%, Best Valid: 80.00%, Best Test: 83.20%
Epoch: 200, Loss: 0.0009, Train: 100.00%, Valid: 77.20%, Test: 80.50%, Best Valid: 80.00%, Best Test: 83.20%
Epoch: 300, Loss: 0.0011, Train: 100.00%, Valid: 79.00%, Test: 81.60%, Best Valid: 80.00%, Best Test: 83.20%
Epoch: 400, Loss: 0.0013, Train: 100.00%, Valid: 79.20%, Test: 81.80%, Best Valid: 80.00%, Best Test: 83.20%
Run 09:
Highest Train: 100.00
Highest Valid: 80.00
Highest Test: 83.80
Chosen epoch: 7
Final Train: 97.86
Final Test: 83.20
Pre-training MLP for 500 epochs to generate co-occurrence matrix...
MLP pre-training complete. Penalty matrix frozen.
Epoch: 00, Loss: 2.3374, Train: 71.43%, Valid: 48.00%, Test: 47.70%, Best Valid: 48.00%, Best Test: 47.70%
Epoch: 100, Loss: 0.0001, Train: 100.00%, Valid: 77.60%, Test: 81.30%, Best Valid: 80.20%, Best Test: 83.30%
Epoch: 200, Loss: 0.0014, Train: 100.00%, Valid: 78.00%, Test: 82.10%, Best Valid: 80.20%, Best Test: 83.30%
Epoch: 300, Loss: 0.0019, Train: 100.00%, Valid: 78.00%, Test: 81.20%, Best Valid: 80.20%, Best Test: 83.30%
Epoch: 400, Loss: 0.0015, Train: 100.00%, Valid: 78.20%, Test: 81.50%, Best Valid: 80.20%, Best Test: 83.30%
Run 10:
Highest Train: 100.00
Highest Valid: 80.20
Highest Test: 84.80
Chosen epoch: 9
Final Train: 99.29
Final Test: 83.30
All runs:
Highest Train: 100.00 ± 0.00
Highest Test: 84.17 ± 0.53
Highest Valid: 81.12 ± 0.75
  Final Train: 98.93 ± 1.13
   Final Test: 82.80 ± 1.13
Saving results to results/placebo/cora/MPNN_gat.csv
--- mlp_reg | transform=none | lambda=0.4 | mlp_epochs=500 ---
Namespace(bn=False, cpu=False, data_dir='./data/', dataset='cora', device=0, display_step=100, dropout=0.2, epochs=500, gnn='gat', hidden_channels=512, jk=False, label_num_per_class=20, lambda_val=0.4, ln=False, local_layers=3, lr=0.001, metric='acc', mlp_epochs=500, mlp_reg=True, model='MPNN', model_dir='models', num_heads=1, oracle_reg=False, paired_seeds=True, penalty_transform='none', pre_linear=False, pre_ln=False, rand_split=False, rand_split_class=True, reg_start_epoch=10, reg_update_freq=5, res=True, result_dir='results/placebo', runs=10, save_model=False, seed=123, test_num=1000, train_prop=0.5, use_reg=True, valid_num=500, valid_prop=0.25, weight_decay=0.0005)
cora
Num nodes: 2708
train:torch.Size([140]), valid:torch.Size([500]), test:torch.Size([1000])
dataset cora | num nodes 2708 | num edge 10556 | num node feats 1433 | num classes 7
MODEL: MPNNs(
  (h_lins): ModuleList()
  (local_convs): ModuleList(
    (0): GATConv(1433, 512, heads=1)
    (1): GATConv(512, 512, heads=1)
    (2): GATConv(512, 512, heads=1)
  )
  (lins): ModuleList(
    (0): Linear(in_features=1433, out_features=512, bias=True)
    (1): Linear(in_features=512, out_features=512, bias=True)
    (2): Linear(in_features=512, out_features=512, bias=True)
  )
  (lns): ModuleList(
    (0): LayerNorm((512,), eps=1e-05, elementwise_affine=True)
    (1): LayerNorm((512,), eps=1e-05, elementwise_affine=True)
    (2): LayerNorm((512,), eps=1e-05, elementwise_affine=True)
  )
  (bns): ModuleList(
    (0): BatchNorm1d(512, eps=1e-05, momentum=0.1, affine=True, track_running_stats=True)
    (1): BatchNorm1d(512, eps=1e-05, momentum=0.1, affine=True, track_running_stats=True)
    (2): BatchNorm1d(512, eps=1e-05, momentum=0.1, affine=True, track_running_stats=True)
  )
  (lin_in): Linear(in_features=1433, out_features=512, bias=True)
  (pred_local): Linear(in_features=512, out_features=7, bias=True)
)
Pre-training MLP for 500 epochs to generate co-occurrence matrix...
MLP pre-training complete. Penalty matrix frozen.
Epoch: 00, Loss: 2.7184, Train: 32.14%, Valid: 8.00%, Test: 9.40%, Best Valid: 8.00%, Best Test: 9.40%
Epoch: 100, Loss: 0.0001, Train: 100.00%, Valid: 72.80%, Test: 76.10%, Best Valid: 80.60%, Best Test: 82.50%
Epoch: 200, Loss: 0.0008, Train: 100.00%, Valid: 77.20%, Test: 80.70%, Best Valid: 80.60%, Best Test: 82.50%
Epoch: 300, Loss: 0.0013, Train: 100.00%, Valid: 77.60%, Test: 81.80%, Best Valid: 80.60%, Best Test: 82.50%
Epoch: 400, Loss: 0.0015, Train: 100.00%, Valid: 78.20%, Test: 81.80%, Best Valid: 80.60%, Best Test: 82.50%
Run 01:
Highest Train: 100.00
Highest Valid: 80.60
Highest Test: 84.40
Chosen epoch: 6
Final Train: 98.57
Final Test: 82.50
Pre-training MLP for 500 epochs to generate co-occurrence matrix...
MLP pre-training complete. Penalty matrix frozen.
Epoch: 00, Loss: 2.7271, Train: 54.29%, Valid: 43.00%, Test: 45.50%, Best Valid: 43.00%, Best Test: 45.50%
Epoch: 100, Loss: 0.0001, Train: 100.00%, Valid: 76.80%, Test: 82.80%, Best Valid: 81.20%, Best Test: 81.00%
Epoch: 200, Loss: 0.0009, Train: 100.00%, Valid: 76.60%, Test: 81.00%, Best Valid: 81.20%, Best Test: 81.00%
Epoch: 300, Loss: 0.0015, Train: 100.00%, Valid: 78.40%, Test: 82.10%, Best Valid: 81.20%, Best Test: 81.00%
Epoch: 400, Loss: 0.0020, Train: 100.00%, Valid: 79.00%, Test: 82.40%, Best Valid: 81.20%, Best Test: 81.00%
Run 02:
Highest Train: 100.00
Highest Valid: 81.20
Highest Test: 83.90
Chosen epoch: 5
Final Train: 97.14
Final Test: 81.00
Pre-training MLP for 500 epochs to generate co-occurrence matrix...
MLP pre-training complete. Penalty matrix frozen.
Epoch: 00, Loss: 2.7277, Train: 50.71%, Valid: 17.60%, Test: 20.20%, Best Valid: 17.60%, Best Test: 20.20%
Epoch: 100, Loss: 0.0001, Train: 100.00%, Valid: 76.20%, Test: 79.10%, Best Valid: 81.60%, Best Test: 84.10%
Epoch: 200, Loss: 0.0009, Train: 100.00%, Valid: 78.40%, Test: 81.60%, Best Valid: 81.60%, Best Test: 84.10%
Epoch: 300, Loss: 0.0015, Train: 100.00%, Valid: 78.40%, Test: 82.20%, Best Valid: 81.60%, Best Test: 84.10%
Epoch: 400, Loss: 0.0017, Train: 100.00%, Valid: 79.80%, Test: 82.40%, Best Valid: 81.60%, Best Test: 84.10%
Run 03:
Highest Train: 100.00
Highest Valid: 81.60
Highest Test: 84.10
Chosen epoch: 8
Final Train: 99.29
Final Test: 84.10
Pre-training MLP for 500 epochs to generate co-occurrence matrix...
MLP pre-training complete. Penalty matrix frozen.
Epoch: 00, Loss: 2.7185, Train: 44.29%, Valid: 19.80%, Test: 18.90%, Best Valid: 19.80%, Best Test: 18.90%
Epoch: 100, Loss: 0.0001, Train: 100.00%, Valid: 78.80%, Test: 81.10%, Best Valid: 82.00%, Best Test: 83.80%
Epoch: 200, Loss: 0.0010, Train: 100.00%, Valid: 80.00%, Test: 82.10%, Best Valid: 82.00%, Best Test: 83.80%
Epoch: 300, Loss: 0.0013, Train: 100.00%, Valid: 79.60%, Test: 81.70%, Best Valid: 82.00%, Best Test: 83.80%
Epoch: 400, Loss: 0.0017, Train: 100.00%, Valid: 79.40%, Test: 81.10%, Best Valid: 82.00%, Best Test: 83.80%
Run 04:
Highest Train: 100.00
Highest Valid: 82.00
Highest Test: 84.50
Chosen epoch: 6
Final Train: 98.57
Final Test: 83.80
Pre-training MLP for 500 epochs to generate co-occurrence matrix...
MLP pre-training complete. Penalty matrix frozen.
Epoch: 00, Loss: 2.7260, Train: 72.86%, Valid: 41.40%, Test: 45.50%, Best Valid: 41.40%, Best Test: 45.50%
Epoch: 100, Loss: 0.0003, Train: 100.00%, Valid: 74.40%, Test: 77.60%, Best Valid: 81.00%, Best Test: 83.90%
Epoch: 200, Loss: 0.0009, Train: 100.00%, Valid: 78.80%, Test: 80.60%, Best Valid: 81.00%, Best Test: 83.90%
Epoch: 300, Loss: 0.0013, Train: 100.00%, Valid: 79.40%, Test: 81.20%, Best Valid: 81.00%, Best Test: 83.90%
Epoch: 400, Loss: 0.0016, Train: 100.00%, Valid: 79.80%, Test: 81.60%, Best Valid: 81.00%, Best Test: 83.90%
Run 05:
Highest Train: 100.00
Highest Valid: 81.00
Highest Test: 85.00
Chosen epoch: 8
Final Train: 97.86
Final Test: 83.90
Pre-training MLP for 500 epochs to generate co-occurrence matrix...
MLP pre-training complete. Penalty matrix frozen.
Epoch: 00, Loss: 2.7287, Train: 57.14%, Valid: 31.80%, Test: 31.40%, Best Valid: 31.80%, Best Test: 31.40%
Epoch: 100, Loss: 0.0002, Train: 100.00%, Valid: 76.80%, Test: 79.30%, Best Valid: 81.80%, Best Test: 83.30%
Epoch: 200, Loss: 0.0008, Train: 100.00%, Valid: 78.20%, Test: 80.70%, Best Valid: 81.80%, Best Test: 83.30%
Epoch: 300, Loss: 0.0016, Train: 100.00%, Valid: 78.80%, Test: 81.80%, Best Valid: 81.80%, Best Test: 83.30%
Epoch: 400, Loss: 0.0019, Train: 100.00%, Valid: 78.80%, Test: 81.60%, Best Valid: 81.80%, Best Test: 83.30%
Run 06:
Highest Train: 100.00
Highest Valid: 81.80
Highest Test: 83.30
Chosen epoch: 13
Final Train: 100.00
Final Test: 83.30
Pre-training MLP for 500 epochs to generate co-occurrence matrix...
MLP pre-training complete. Penalty matrix frozen.
Epoch: 00, Loss: 2.7239, Train: 31.43%, Valid: 14.00%, Test: 14.60%, Best Valid: 14.00%, Best Test: 14.60%
Epoch: 100, Loss: 0.0001, Train: 100.00%, Valid: 77.80%, Test: 79.50%, Best Valid: 80.60%, Best Test: 83.70%
Epoch: 200, Loss: 0.0008, Train: 100.00%, Valid: 79.80%, Test: 80.90%, Best Valid: 80.60%, Best Test: 83.70%
Epoch: 300, Loss: 0.0015, Train: 100.00%, Valid: 80.00%, Test: 81.70%, Best Valid: 80.60%, Best Test: 83.70%
Epoch: 400, Loss: 0.0015, Train: 100.00%, Valid: 80.40%, Test: 81.70%, Best Valid: 81.00%, Best Test: 81.90%
Run 07:
Highest Train: 100.00
Highest Valid: 81.00
Highest Test: 84.50
Chosen epoch: 343
Final Train: 100.00
Final Test: 81.90
Pre-training MLP for 500 epochs to generate co-occurrence matrix...
MLP pre-training complete. Penalty matrix frozen.
Epoch: 00, Loss: 2.7246, Train: 62.14%, Valid: 39.20%, Test: 40.00%, Best Valid: 39.20%, Best Test: 40.00%
Epoch: 100, Loss: 0.0001, Train: 100.00%, Valid: 79.60%, Test: 83.10%, Best Valid: 81.60%, Best Test: 84.40%
Epoch: 200, Loss: 0.0017, Train: 100.00%, Valid: 79.20%, Test: 82.20%, Best Valid: 81.60%, Best Test: 84.40%
Epoch: 300, Loss: 0.0012, Train: 100.00%, Valid: 79.00%, Test: 81.30%, Best Valid: 81.60%, Best Test: 84.40%
Epoch: 400, Loss: 0.0014, Train: 100.00%, Valid: 78.80%, Test: 81.90%, Best Valid: 81.60%, Best Test: 84.40%
Run 08:
Highest Train: 100.00
Highest Valid: 81.60
Highest Test: 84.60
Chosen epoch: 31
Final Train: 100.00
Final Test: 84.40
Pre-training MLP for 500 epochs to generate co-occurrence matrix...
MLP pre-training complete. Penalty matrix frozen.
Epoch: 00, Loss: 2.7188, Train: 64.29%, Valid: 38.20%, Test: 35.30%, Best Valid: 38.20%, Best Test: 35.30%
Epoch: 100, Loss: 0.0001, Train: 100.00%, Valid: 73.40%, Test: 77.60%, Best Valid: 80.60%, Best Test: 82.50%
Epoch: 200, Loss: 0.0009, Train: 100.00%, Valid: 76.20%, Test: 80.60%, Best Valid: 80.60%, Best Test: 82.50%
Epoch: 300, Loss: 0.0014, Train: 100.00%, Valid: 77.60%, Test: 81.50%, Best Valid: 80.60%, Best Test: 82.50%
Epoch: 400, Loss: 0.0014, Train: 100.00%, Valid: 78.20%, Test: 81.50%, Best Valid: 80.60%, Best Test: 82.50%
Run 09:
Highest Train: 100.00
Highest Valid: 80.60
Highest Test: 83.80
Chosen epoch: 12
Final Train: 100.00
Final Test: 82.50
Pre-training MLP for 500 epochs to generate co-occurrence matrix...
MLP pre-training complete. Penalty matrix frozen.
Epoch: 00, Loss: 2.7269, Train: 82.86%, Valid: 55.80%, Test: 55.30%, Best Valid: 55.80%, Best Test: 55.30%
Epoch: 100, Loss: 0.0015, Train: 100.00%, Valid: 78.60%, Test: 83.00%, Best Valid: 80.80%, Best Test: 83.40%
Epoch: 200, Loss: 0.0016, Train: 100.00%, Valid: 78.40%, Test: 82.30%, Best Valid: 80.80%, Best Test: 83.40%
Epoch: 300, Loss: 0.0019, Train: 100.00%, Valid: 78.00%, Test: 82.40%, Best Valid: 80.80%, Best Test: 83.40%
Epoch: 400, Loss: 0.0018, Train: 100.00%, Valid: 77.60%, Test: 81.90%, Best Valid: 80.80%, Best Test: 83.40%
Run 10:
Highest Train: 100.00
Highest Valid: 80.80
Highest Test: 84.70
Chosen epoch: 9
Final Train: 98.57
Final Test: 83.40
All runs:
Highest Train: 100.00 ± 0.00
Highest Test: 84.28 ± 0.50
Highest Valid: 81.22 ± 0.50
  Final Train: 99.00 ± 1.02
   Final Test: 83.08 ± 1.08
Saving results to results/placebo/cora/MPNN_gat.csv
Condition sweep completed.
Task 6 done.
