==========================================================
Placebo sweep | Task 23
Job: 1108495 | Date: Thu Jul 16 04:49:43 PM EDT 2026 | Host: n0089
==========================================================
Thu Jul 16 16:49:47 2026       
+-----------------------------------------------------------------------------------------+
| NVIDIA-SMI 580.159.04             Driver Version: 580.159.04     CUDA Version: 13.0     |
+-----------------------------------------+------------------------+----------------------+
| GPU  Name                 Persistence-M | Bus-Id          Disp.A | Volatile Uncorr. ECC |
| Fan  Temp   Perf          Pwr:Usage/Cap |           Memory-Usage | GPU-Util  Compute M. |
|                                         |                        |               MIG M. |
|=========================================+========================+======================|
|   0  NVIDIA A100-SXM4-80GB          On  |   00000000:01:00.0 Off |                   On |
| N/A   34C    P0             83W /  500W |    3214MiB /  81920MiB |     N/A      Default |
|                                         |                        |              Enabled |
+-----------------------------------------+------------------------+----------------------+
|   1  NVIDIA A100-SXM4-80GB          On  |   00000000:41:00.0 Off |                   On |
| N/A   31C    P0             87W /  500W |    2574MiB /  81920MiB |     N/A      Default |
|                                         |                        |              Enabled |
+-----------------------------------------+------------------------+----------------------+
|   2  NVIDIA A100-SXM4-80GB          On  |   00000000:81:00.0 Off |                   On |
| N/A   33C    P0            118W /  500W |    2752MiB /  81920MiB |     N/A      Default |
|                                         |                        |              Enabled |
+-----------------------------------------+------------------------+----------------------+
|   3  NVIDIA A100-SXM4-80GB          On  |   00000000:C1:00.0 Off |                   On |
| N/A   29C    P0             87W /  500W |    3922MiB /  81920MiB |     N/A      Default |
|                                         |                        |              Enabled |
+-----------------------------------------+------------------------+----------------------+

+-----------------------------------------------------------------------------------------+
| MIG devices:                                                                            |
+------------------+----------------------------------+-----------+-----------------------+
| GPU  GI  CI  MIG |              Shared Memory-Usage |        Vol|        Shared         |
|      ID  ID  Dev |                Shared BAR1-Usage | SM     Unc| CE ENC  DEC  OFA  JPG |
|                  |                                  |        ECC|                       |
|==================+==================================+===========+=======================|
|  0    3   0   0  |              71MiB / 19968MiB    | 28      0 |  2   0    1    0    0 |
|                  |               0MiB / 12271MiB    |           |                       |
+------------------+----------------------------------+-----------+-----------------------+

+-----------------------------------------------------------------------------------------+
| Processes:                                                                              |
|  GPU   GI   CI              PID   Type   Process name                        GPU Memory |
|        ID   ID                                                               Usage      |
|=========================================================================================|
|    1   10    0           819070      C   python                                 1218MiB |
|    1    9    0           819071      C   python                                 1092MiB |
|    2   10    0           387029      C   ...ftware/ase-new-env/bin/python       1396MiB |
|    2    9    0           819070      C   python                                 1092MiB |
|    3   13    0           387031      C   ...ftware/ase-new-env/bin/python       1964MiB |
|    3   14    0           388928      C   ...ftware/ase-new-env/bin/python       1694MiB |
+-----------------------------------------------------------------------------------------+
1.12.1
True
==========================================================
Condition sweep: python main.py --gnn gat --dataset squirrel --lr 0.005 --local_layers 7 --hidden_channels 512 --weight_decay 5e-4 --dropout 0.5 --device 0 --runs 10 --bn --res
result_dir=results/placebo transforms=[none] oracle=0 baseline=0
==========================================================
--- mlp_reg | transform=none | lambda=0.01 | mlp_epochs=50 ---
Namespace(bn=True, cpu=False, data_dir='./data/', dataset='squirrel', device=0, display_step=100, dropout=0.5, epochs=500, gnn='gat', hidden_channels=512, jk=False, label_num_per_class=20, lambda_val=0.01, ln=False, local_layers=7, lr=0.005, metric='acc', mlp_epochs=50, mlp_reg=True, model='MPNN', model_dir='models', num_heads=1, oracle_reg=False, paired_seeds=True, penalty_transform='none', pre_linear=False, pre_ln=False, rand_split=False, rand_split_class=False, reg_start_epoch=10, reg_update_freq=5, res=True, result_dir='results/placebo', runs=10, save_model=False, seed=42, test_num=1000, train_prop=0.5, use_reg=True, valid_num=500, valid_prop=0.25, weight_decay=0.0005)
squirrel
dataset squirrel | num nodes 2223 | num edge 46998 | num node feats 2089 | num classes 5
MODEL: MPNNs(
  (h_lins): ModuleList()
  (local_convs): ModuleList(
    (0): GATConv(2089, 512, heads=1)
    (1): GATConv(512, 512, heads=1)
    (2): GATConv(512, 512, heads=1)
    (3): GATConv(512, 512, heads=1)
    (4): GATConv(512, 512, heads=1)
    (5): GATConv(512, 512, heads=1)
    (6): GATConv(512, 512, heads=1)
  )
  (lins): ModuleList(
    (0): Linear(in_features=2089, out_features=512, bias=True)
    (1): Linear(in_features=512, out_features=512, bias=True)
    (2): Linear(in_features=512, out_features=512, bias=True)
    (3): Linear(in_features=512, out_features=512, bias=True)
    (4): Linear(in_features=512, out_features=512, bias=True)
    (5): Linear(in_features=512, out_features=512, bias=True)
    (6): Linear(in_features=512, out_features=512, bias=True)
  )
  (lns): ModuleList(
    (0): LayerNorm((512,), eps=1e-05, elementwise_affine=True)
    (1): LayerNorm((512,), eps=1e-05, elementwise_affine=True)
    (2): LayerNorm((512,), eps=1e-05, elementwise_affine=True)
    (3): LayerNorm((512,), eps=1e-05, elementwise_affine=True)
    (4): LayerNorm((512,), eps=1e-05, elementwise_affine=True)
    (5): LayerNorm((512,), eps=1e-05, elementwise_affine=True)
    (6): LayerNorm((512,), eps=1e-05, elementwise_affine=True)
  )
  (bns): ModuleList(
    (0): BatchNorm1d(512, eps=1e-05, momentum=0.1, affine=True, track_running_stats=True)
    (1): BatchNorm1d(512, eps=1e-05, momentum=0.1, affine=True, track_running_stats=True)
    (2): BatchNorm1d(512, eps=1e-05, momentum=0.1, affine=True, track_running_stats=True)
    (3): BatchNorm1d(512, eps=1e-05, momentum=0.1, affine=True, track_running_stats=True)
    (4): BatchNorm1d(512, eps=1e-05, momentum=0.1, affine=True, track_running_stats=True)
    (5): BatchNorm1d(512, eps=1e-05, momentum=0.1, affine=True, track_running_stats=True)
    (6): BatchNorm1d(512, eps=1e-05, momentum=0.1, affine=True, track_running_stats=True)
  )
  (lin_in): Linear(in_features=2089, out_features=512, bias=True)
  (pred_local): Linear(in_features=512, out_features=5, bias=True)
)
Pre-training MLP for 50 epochs to generate co-occurrence matrix...
MLP pre-training complete. Penalty matrix frozen.
Epoch: 00, Loss: 1.7682, Train: 24.60%, Valid: 21.59%, Test: 22.35%, Best Valid: 21.59%, Best Test: 22.35%
Epoch: 100, Loss: 1.3867, Train: 37.42%, Valid: 38.44%, Test: 37.39%, Best Valid: 40.39%, Best Test: 40.27%
Epoch: 200, Loss: 1.3317, Train: 40.08%, Valid: 39.42%, Test: 40.93%, Best Valid: 42.62%, Best Test: 40.71%
Epoch: 300, Loss: 0.7843, Train: 69.33%, Valid: 35.79%, Test: 41.15%, Best Valid: 42.62%, Best Test: 40.71%
Epoch: 400, Loss: 0.2424, Train: 94.97%, Valid: 35.79%, Test: 38.27%, Best Valid: 42.62%, Best Test: 40.71%
Run 01:
Highest Train: 99.34
Highest Valid: 42.62
Highest Test: 43.81
Chosen epoch: 163
Final Train: 40.65
Final Test: 40.71
Pre-training MLP for 50 epochs to generate co-occurrence matrix...
MLP pre-training complete. Penalty matrix frozen.
Epoch: 00, Loss: 1.7257, Train: 28.80%, Valid: 27.57%, Test: 27.54%, Best Valid: 27.57%, Best Test: 27.54%
Epoch: 100, Loss: 1.3933, Train: 39.63%, Valid: 37.71%, Test: 39.73%, Best Valid: 40.86%, Best Test: 41.31%
Epoch: 200, Loss: 0.9145, Train: 62.50%, Valid: 37.86%, Test: 34.76%, Best Valid: 42.86%, Best Test: 41.08%
Epoch: 300, Loss: 0.5188, Train: 83.33%, Valid: 37.71%, Test: 37.92%, Best Valid: 42.86%, Best Test: 41.08%
Epoch: 400, Loss: 0.1069, Train: 96.11%, Valid: 32.29%, Test: 33.63%, Best Valid: 42.86%, Best Test: 41.08%
Run 02:
Highest Train: 99.81
Highest Valid: 42.86
Highest Test: 44.02
Chosen epoch: 134
Final Train: 41.76
Final Test: 41.08
Pre-training MLP for 50 epochs to generate co-occurrence matrix...
MLP pre-training complete. Penalty matrix frozen.
Epoch: 00, Loss: 1.7708, Train: 33.14%, Valid: 32.51%, Test: 34.89%, Best Valid: 32.51%, Best Test: 34.89%
Epoch: 100, Loss: 1.3626, Train: 36.87%, Valid: 33.88%, Test: 37.56%, Best Valid: 36.78%, Best Test: 38.67%
Epoch: 200, Loss: 1.3519, Train: 38.49%, Valid: 32.78%, Test: 35.78%, Best Valid: 37.74%, Best Test: 38.22%
Epoch: 300, Loss: 1.2889, Train: 44.70%, Valid: 39.39%, Test: 37.33%, Best Valid: 40.22%, Best Test: 39.78%
Epoch: 400, Loss: 1.2211, Train: 50.05%, Valid: 39.81%, Test: 41.78%, Best Valid: 41.18%, Best Test: 43.56%
Run 03:
Highest Train: 75.64
Highest Valid: 41.18
Highest Test: 45.11
Chosen epoch: 381
Final Train: 48.33
Final Test: 43.56
Pre-training MLP for 50 epochs to generate co-occurrence matrix...
MLP pre-training complete. Penalty matrix frozen.
Epoch: 00, Loss: 1.7979, Train: 10.57%, Valid: 9.68%, Test: 11.56%, Best Valid: 9.68%, Best Test: 11.56%
Epoch: 100, Loss: 1.3363, Train: 38.21%, Valid: 36.75%, Test: 41.33%, Best Valid: 39.41%, Best Test: 41.78%
Epoch: 200, Loss: 0.6819, Train: 78.30%, Valid: 36.33%, Test: 37.78%, Best Valid: 41.37%, Best Test: 40.89%
Epoch: 300, Loss: 0.3007, Train: 96.98%, Valid: 32.26%, Test: 31.33%, Best Valid: 41.37%, Best Test: 40.89%
Epoch: 400, Loss: 0.1029, Train: 98.40%, Valid: 29.87%, Test: 30.67%, Best Valid: 41.37%, Best Test: 40.89%
Run 04:
Highest Train: 99.81
Highest Valid: 41.37
Highest Test: 44.22
Chosen epoch: 129
Final Train: 47.36
Final Test: 40.89
Pre-training MLP for 50 epochs to generate co-occurrence matrix...
MLP pre-training complete. Penalty matrix frozen.
Epoch: 00, Loss: 1.7417, Train: 15.83%, Valid: 14.60%, Test: 14.48%, Best Valid: 14.60%, Best Test: 14.48%
Epoch: 100, Loss: 1.3759, Train: 39.15%, Valid: 34.77%, Test: 36.75%, Best Valid: 36.58%, Best Test: 36.97%
Epoch: 200, Loss: 1.2222, Train: 42.84%, Valid: 38.11%, Test: 39.42%, Best Valid: 39.08%, Best Test: 39.64%
Epoch: 300, Loss: 0.7018, Train: 74.03%, Valid: 31.43%, Test: 34.74%, Best Valid: 39.08%, Best Test: 39.64%
Epoch: 400, Loss: 0.3274, Train: 88.91%, Valid: 28.37%, Test: 30.96%, Best Valid: 39.08%, Best Test: 39.64%
Run 05:
Highest Train: 97.25
Highest Valid: 39.08
Highest Test: 41.87
Chosen epoch: 191
Final Train: 44.17
Final Test: 39.64
Pre-training MLP for 50 epochs to generate co-occurrence matrix...
MLP pre-training complete. Penalty matrix frozen.
Epoch: 00, Loss: 1.7634, Train: 23.49%, Valid: 22.72%, Test: 23.30%, Best Valid: 22.72%, Best Test: 23.30%
Epoch: 100, Loss: 1.1214, Train: 51.07%, Valid: 37.19%, Test: 44.62%, Best Valid: 41.82%, Best Test: 43.08%
Epoch: 200, Loss: 0.5335, Train: 81.34%, Valid: 38.21%, Test: 41.54%, Best Valid: 41.82%, Best Test: 43.08%
Epoch: 300, Loss: 0.2037, Train: 94.15%, Valid: 35.46%, Test: 36.70%, Best Valid: 41.82%, Best Test: 43.08%
Epoch: 400, Loss: 0.0805, Train: 99.26%, Valid: 34.01%, Test: 36.04%, Best Valid: 41.82%, Best Test: 43.08%
Run 06:
Highest Train: 99.91
Highest Valid: 41.82
Highest Test: 46.15
Chosen epoch: 93
Final Train: 53.30
Final Test: 43.08
Pre-training MLP for 50 epochs to generate co-occurrence matrix...
MLP pre-training complete. Penalty matrix frozen.
Epoch: 00, Loss: 1.7353, Train: 17.97%, Valid: 17.20%, Test: 21.52%, Best Valid: 17.20%, Best Test: 21.52%
Epoch: 100, Loss: 1.3734, Train: 37.79%, Valid: 37.86%, Test: 37.67%, Best Valid: 40.46%, Best Test: 37.44%
Epoch: 200, Loss: 0.8783, Train: 62.95%, Valid: 40.61%, Test: 39.69%, Best Valid: 43.79%, Best Test: 39.91%
Epoch: 300, Loss: 0.5155, Train: 83.69%, Valid: 34.54%, Test: 35.20%, Best Valid: 43.79%, Best Test: 39.91%
Epoch: 400, Loss: 0.2915, Train: 87.37%, Valid: 33.09%, Test: 31.61%, Best Valid: 43.79%, Best Test: 39.91%
Run 07:
Highest Train: 99.26
Highest Valid: 43.79
Highest Test: 42.60
Chosen epoch: 123
Final Train: 43.41
Final Test: 39.91
Pre-training MLP for 50 epochs to generate co-occurrence matrix...
MLP pre-training complete. Penalty matrix frozen.
Epoch: 00, Loss: 1.7732, Train: 24.17%, Valid: 22.73%, Test: 21.71%, Best Valid: 22.73%, Best Test: 21.71%
Epoch: 100, Loss: 1.2406, Train: 45.96%, Valid: 39.51%, Test: 37.41%, Best Valid: 39.51%, Best Test: 38.57%
Epoch: 200, Loss: 0.7334, Train: 64.99%, Valid: 36.94%, Test: 36.72%, Best Valid: 42.22%, Best Test: 38.57%
Epoch: 300, Loss: 0.3187, Train: 93.82%, Valid: 33.02%, Test: 35.80%, Best Valid: 42.22%, Best Test: 38.57%
Epoch: 400, Loss: 0.1401, Train: 95.91%, Valid: 30.31%, Test: 35.33%, Best Valid: 42.22%, Best Test: 38.57%
Run 08:
Highest Train: 99.33
Highest Valid: 42.22
Highest Test: 42.03
Chosen epoch: 118
Final Train: 49.10
Final Test: 38.57
Pre-training MLP for 50 epochs to generate co-occurrence matrix...
MLP pre-training complete. Penalty matrix frozen.
Epoch: 00, Loss: 1.7604, Train: 19.45%, Valid: 18.23%, Test: 17.81%, Best Valid: 18.23%, Best Test: 17.81%
Epoch: 100, Loss: 0.9548, Train: 62.06%, Valid: 41.39%, Test: 38.30%, Best Valid: 42.84%, Best Test: 42.24%
Epoch: 200, Loss: 0.3101, Train: 93.42%, Valid: 32.27%, Test: 35.61%, Best Valid: 42.84%, Best Test: 42.24%
Epoch: 300, Loss: 0.1456, Train: 96.38%, Valid: 32.71%, Test: 32.30%, Best Valid: 42.84%, Best Test: 42.24%
Epoch: 400, Loss: 0.0580, Train: 99.90%, Valid: 34.59%, Test: 36.44%, Best Valid: 42.84%, Best Test: 42.24%
Run 09:
Highest Train: 100.00
Highest Valid: 42.84
Highest Test: 43.69
Chosen epoch: 59
Final Train: 44.33
Final Test: 42.24
Pre-training MLP for 50 epochs to generate co-occurrence matrix...
MLP pre-training complete. Penalty matrix frozen.
Epoch: 00, Loss: 1.7321, Train: 18.81%, Valid: 16.51%, Test: 17.79%, Best Valid: 16.51%, Best Test: 17.79%
Epoch: 100, Loss: 1.4168, Train: 37.99%, Valid: 38.06%, Test: 36.54%, Best Valid: 38.06%, Best Test: 36.54%
Epoch: 200, Loss: 1.0869, Train: 50.74%, Valid: 37.38%, Test: 40.14%, Best Valid: 40.11%, Best Test: 37.74%
Epoch: 300, Loss: 0.5822, Train: 77.93%, Valid: 34.92%, Test: 35.10%, Best Valid: 40.25%, Best Test: 35.10%
Epoch: 400, Loss: 0.2991, Train: 92.83%, Valid: 31.65%, Test: 29.57%, Best Valid: 40.25%, Best Test: 35.10%
Run 10:
Highest Train: 98.32
Highest Valid: 40.25
Highest Test: 41.35
Chosen epoch: 254
Final Train: 70.95
Final Test: 35.10
All runs:
Highest Train: 96.87 ± 7.51
Highest Test: 43.48 ± 1.52
Highest Valid: 41.80 ± 1.39
  Final Train: 48.33 ± 8.80
   Final Test: 40.48 ± 2.44
Saving results to results/placebo/squirrel/MPNN_gat.csv
--- mlp_reg | transform=none | lambda=0.05 | mlp_epochs=50 ---
Namespace(bn=True, cpu=False, data_dir='./data/', dataset='squirrel', device=0, display_step=100, dropout=0.5, epochs=500, gnn='gat', hidden_channels=512, jk=False, label_num_per_class=20, lambda_val=0.05, ln=False, local_layers=7, lr=0.005, metric='acc', mlp_epochs=50, mlp_reg=True, model='MPNN', model_dir='models', num_heads=1, oracle_reg=False, paired_seeds=True, penalty_transform='none', pre_linear=False, pre_ln=False, rand_split=False, rand_split_class=False, reg_start_epoch=10, reg_update_freq=5, res=True, result_dir='results/placebo', runs=10, save_model=False, seed=42, test_num=1000, train_prop=0.5, use_reg=True, valid_num=500, valid_prop=0.25, weight_decay=0.0005)
squirrel
dataset squirrel | num nodes 2223 | num edge 46998 | num node feats 2089 | num classes 5
MODEL: MPNNs(
  (h_lins): ModuleList()
  (local_convs): ModuleList(
    (0): GATConv(2089, 512, heads=1)
    (1): GATConv(512, 512, heads=1)
    (2): GATConv(512, 512, heads=1)
    (3): GATConv(512, 512, heads=1)
    (4): GATConv(512, 512, heads=1)
    (5): GATConv(512, 512, heads=1)
    (6): GATConv(512, 512, heads=1)
  )
  (lins): ModuleList(
    (0): Linear(in_features=2089, out_features=512, bias=True)
    (1): Linear(in_features=512, out_features=512, bias=True)
    (2): Linear(in_features=512, out_features=512, bias=True)
    (3): Linear(in_features=512, out_features=512, bias=True)
    (4): Linear(in_features=512, out_features=512, bias=True)
    (5): Linear(in_features=512, out_features=512, bias=True)
    (6): Linear(in_features=512, out_features=512, bias=True)
  )
  (lns): ModuleList(
    (0): LayerNorm((512,), eps=1e-05, elementwise_affine=True)
    (1): LayerNorm((512,), eps=1e-05, elementwise_affine=True)
    (2): LayerNorm((512,), eps=1e-05, elementwise_affine=True)
    (3): LayerNorm((512,), eps=1e-05, elementwise_affine=True)
    (4): LayerNorm((512,), eps=1e-05, elementwise_affine=True)
    (5): LayerNorm((512,), eps=1e-05, elementwise_affine=True)
    (6): LayerNorm((512,), eps=1e-05, elementwise_affine=True)
  )
  (bns): ModuleList(
    (0): BatchNorm1d(512, eps=1e-05, momentum=0.1, affine=True, track_running_stats=True)
    (1): BatchNorm1d(512, eps=1e-05, momentum=0.1, affine=True, track_running_stats=True)
    (2): BatchNorm1d(512, eps=1e-05, momentum=0.1, affine=True, track_running_stats=True)
    (3): BatchNorm1d(512, eps=1e-05, momentum=0.1, affine=True, track_running_stats=True)
    (4): BatchNorm1d(512, eps=1e-05, momentum=0.1, affine=True, track_running_stats=True)
    (5): BatchNorm1d(512, eps=1e-05, momentum=0.1, affine=True, track_running_stats=True)
    (6): BatchNorm1d(512, eps=1e-05, momentum=0.1, affine=True, track_running_stats=True)
  )
  (lin_in): Linear(in_features=2089, out_features=512, bias=True)
  (pred_local): Linear(in_features=512, out_features=5, bias=True)
)
Pre-training MLP for 50 epochs to generate co-occurrence matrix...
MLP pre-training complete. Penalty matrix frozen.
Epoch: 00, Loss: 1.8382, Train: 24.60%, Valid: 21.45%, Test: 22.57%, Best Valid: 21.45%, Best Test: 22.57%
Epoch: 100, Loss: 1.4361, Train: 40.55%, Valid: 39.55%, Test: 38.27%, Best Valid: 39.83%, Best Test: 40.04%
Epoch: 200, Loss: 1.0221, Train: 58.88%, Valid: 36.91%, Test: 42.70%, Best Valid: 42.90%, Best Test: 43.36%
Epoch: 300, Loss: 0.4884, Train: 88.60%, Valid: 34.82%, Test: 42.92%, Best Valid: 42.90%, Best Test: 43.36%
Epoch: 400, Loss: 0.2200, Train: 92.12%, Valid: 30.78%, Test: 34.51%, Best Valid: 42.90%, Best Test: 43.36%
Run 01:
Highest Train: 99.53
Highest Valid: 42.90
Highest Test: 44.47
Chosen epoch: 157
Final Train: 53.47
Final Test: 43.36
Pre-training MLP for 50 epochs to generate co-occurrence matrix...
MLP pre-training complete. Penalty matrix frozen.
Epoch: 00, Loss: 1.7940, Train: 28.06%, Valid: 27.29%, Test: 26.64%, Best Valid: 27.29%, Best Test: 26.64%
Epoch: 100, Loss: 1.4314, Train: 38.24%, Valid: 38.71%, Test: 36.12%, Best Valid: 39.57%, Best Test: 37.25%
Epoch: 200, Loss: 1.4095, Train: 34.54%, Valid: 35.00%, Test: 32.05%, Best Valid: 39.71%, Best Test: 38.15%
Epoch: 300, Loss: 1.3952, Train: 36.11%, Valid: 35.57%, Test: 29.57%, Best Valid: 39.71%, Best Test: 38.15%
Epoch: 400, Loss: 1.3047, Train: 43.52%, Valid: 42.14%, Test: 39.50%, Best Valid: 42.57%, Best Test: 40.41%
Run 02:
Highest Train: 65.28
Highest Valid: 43.29
Highest Test: 41.08
Chosen epoch: 401
Final Train: 42.87
Final Test: 37.92
Pre-training MLP for 50 epochs to generate co-occurrence matrix...
MLP pre-training complete. Penalty matrix frozen.
Epoch: 00, Loss: 1.8409, Train: 32.95%, Valid: 32.64%, Test: 35.11%, Best Valid: 32.64%, Best Test: 35.11%
Epoch: 100, Loss: 1.5062, Train: 33.62%, Valid: 34.85%, Test: 38.67%, Best Valid: 38.02%, Best Test: 38.00%
Epoch: 200, Loss: 1.3920, Train: 41.17%, Valid: 37.74%, Test: 40.22%, Best Valid: 40.77%, Best Test: 38.67%
Epoch: 300, Loss: 1.3133, Train: 46.04%, Valid: 39.26%, Test: 41.78%, Best Valid: 40.77%, Best Test: 38.67%
Epoch: 400, Loss: 0.6368, Train: 78.89%, Valid: 34.57%, Test: 34.44%, Best Valid: 42.56%, Best Test: 41.33%
Run 03:
Highest Train: 97.04
Highest Valid: 42.56
Highest Test: 43.56
Chosen epoch: 331
Final Train: 59.98
Final Test: 41.33
Pre-training MLP for 50 epochs to generate co-occurrence matrix...
MLP pre-training complete. Penalty matrix frozen.
Epoch: 00, Loss: 1.8691, Train: 10.57%, Valid: 9.68%, Test: 11.56%, Best Valid: 9.68%, Best Test: 11.56%
Epoch: 100, Loss: 0.8917, Train: 63.21%, Valid: 38.29%, Test: 40.22%, Best Valid: 39.55%, Best Test: 42.22%
Epoch: 200, Loss: 0.2898, Train: 95.47%, Valid: 30.29%, Test: 34.00%, Best Valid: 39.55%, Best Test: 42.22%
Epoch: 300, Loss: 0.1407, Train: 96.13%, Valid: 30.15%, Test: 31.56%, Best Valid: 39.55%, Best Test: 42.22%
Epoch: 400, Loss: 0.0990, Train: 98.58%, Valid: 31.84%, Test: 32.67%, Best Valid: 39.55%, Best Test: 42.22%
Run 04:
Highest Train: 99.91
Highest Valid: 39.55
Highest Test: 44.89
Chosen epoch: 51
Final Train: 41.79
Final Test: 42.22
Pre-training MLP for 50 epochs to generate co-occurrence matrix...
MLP pre-training complete. Penalty matrix frozen.
Epoch: 00, Loss: 1.8106, Train: 11.56%, Valid: 9.74%, Test: 9.13%, Best Valid: 9.74%, Best Test: 9.13%
Epoch: 100, Loss: 1.4910, Train: 36.87%, Valid: 35.33%, Test: 36.75%, Best Valid: 37.00%, Best Test: 38.31%
Epoch: 200, Loss: 1.4278, Train: 40.09%, Valid: 37.41%, Test: 41.43%, Best Valid: 37.55%, Best Test: 38.75%
Epoch: 300, Loss: 1.2037, Train: 49.00%, Valid: 38.66%, Test: 39.87%, Best Valid: 39.08%, Best Test: 41.20%
Epoch: 400, Loss: 0.7017, Train: 71.28%, Valid: 37.97%, Test: 37.86%, Best Valid: 39.08%, Best Test: 41.20%
Run 05:
Highest Train: 92.99
Highest Valid: 39.22
Highest Test: 42.76
Chosen epoch: 412
Final Train: 73.18
Final Test: 39.42
Pre-training MLP for 50 epochs to generate co-occurrence matrix...
MLP pre-training complete. Penalty matrix frozen.
Epoch: 00, Loss: 1.8332, Train: 23.49%, Valid: 22.72%, Test: 23.30%, Best Valid: 22.72%, Best Test: 23.30%
Epoch: 100, Loss: 1.2680, Train: 44.57%, Valid: 35.46%, Test: 42.42%, Best Valid: 39.80%, Best Test: 40.88%
Epoch: 200, Loss: 0.6618, Train: 78.83%, Valid: 36.90%, Test: 38.46%, Best Valid: 40.09%, Best Test: 41.76%
Epoch: 300, Loss: 0.2440, Train: 95.45%, Valid: 35.17%, Test: 36.92%, Best Valid: 40.96%, Best Test: 39.78%
Epoch: 400, Loss: 0.1446, Train: 98.24%, Valid: 33.72%, Test: 37.36%, Best Valid: 40.96%, Best Test: 39.78%
Run 06:
Highest Train: 99.63
Highest Valid: 40.96
Highest Test: 43.74
Chosen epoch: 246
Final Train: 92.29
Final Test: 39.78
Pre-training MLP for 50 epochs to generate co-occurrence matrix...
MLP pre-training complete. Penalty matrix frozen.
Epoch: 00, Loss: 1.8041, Train: 17.05%, Valid: 16.33%, Test: 20.18%, Best Valid: 16.33%, Best Test: 20.18%
Epoch: 100, Loss: 1.4003, Train: 36.96%, Valid: 37.86%, Test: 38.57%, Best Valid: 39.02%, Best Test: 39.24%
Epoch: 200, Loss: 1.3869, Train: 34.93%, Valid: 36.56%, Test: 35.87%, Best Valid: 41.04%, Best Test: 39.91%
Epoch: 300, Loss: 1.3500, Train: 41.38%, Valid: 38.58%, Test: 36.55%, Best Valid: 41.04%, Best Test: 39.91%
Epoch: 400, Loss: 1.1019, Train: 52.63%, Valid: 42.05%, Test: 36.55%, Best Valid: 42.34%, Best Test: 37.89%
Run 07:
Highest Train: 89.12
Highest Valid: 43.64
Highest Test: 40.81
Chosen epoch: 405
Final Train: 55.67
Final Test: 36.10
Pre-training MLP for 50 epochs to generate co-occurrence matrix...
MLP pre-training complete. Penalty matrix frozen.
Epoch: 00, Loss: 1.8434, Train: 24.17%, Valid: 22.73%, Test: 21.71%, Best Valid: 22.73%, Best Test: 21.71%
Epoch: 100, Loss: 1.3044, Train: 41.58%, Valid: 36.40%, Test: 36.26%, Best Valid: 42.35%, Best Test: 36.95%
Epoch: 200, Loss: 0.7967, Train: 72.31%, Valid: 37.08%, Test: 38.34%, Best Valid: 42.35%, Best Test: 36.95%
Epoch: 300, Loss: 0.3742, Train: 92.86%, Valid: 37.08%, Test: 35.10%, Best Valid: 42.35%, Best Test: 36.95%
Epoch: 400, Loss: 0.1756, Train: 94.48%, Valid: 31.26%, Test: 34.41%, Best Valid: 42.35%, Best Test: 36.95%
Run 08:
Highest Train: 99.52
Highest Valid: 42.35
Highest Test: 42.73
Chosen epoch: 84
Final Train: 45.10
Final Test: 36.95
Pre-training MLP for 50 epochs to generate co-occurrence matrix...
MLP pre-training complete. Penalty matrix frozen.
Epoch: 00, Loss: 1.8302, Train: 20.11%, Valid: 18.67%, Test: 18.01%, Best Valid: 18.67%, Best Test: 18.01%
Epoch: 100, Loss: 1.2853, Train: 42.71%, Valid: 37.05%, Test: 38.92%, Best Valid: 38.78%, Best Test: 37.47%
Epoch: 200, Loss: 0.5294, Train: 85.61%, Valid: 35.17%, Test: 37.27%, Best Valid: 39.51%, Best Test: 36.44%
Epoch: 300, Loss: 0.1202, Train: 97.14%, Valid: 33.57%, Test: 32.92%, Best Valid: 39.51%, Best Test: 36.44%
Epoch: 400, Loss: 0.0524, Train: 99.62%, Valid: 34.15%, Test: 34.78%, Best Valid: 39.51%, Best Test: 36.44%
Run 09:
Highest Train: 100.00
Highest Valid: 39.51
Highest Test: 41.41
Chosen epoch: 119
Final Train: 52.53
Final Test: 36.44
Pre-training MLP for 50 epochs to generate co-occurrence matrix...
MLP pre-training complete. Penalty matrix frozen.
Epoch: 00, Loss: 1.8007, Train: 18.81%, Valid: 16.51%, Test: 17.79%, Best Valid: 16.51%, Best Test: 17.79%
Epoch: 100, Loss: 1.4658, Train: 39.01%, Valid: 36.15%, Test: 34.13%, Best Valid: 37.79%, Best Test: 38.22%
Epoch: 200, Loss: 1.4078, Train: 40.97%, Valid: 37.93%, Test: 36.78%, Best Valid: 39.56%, Best Test: 37.74%
Epoch: 300, Loss: 0.9466, Train: 64.06%, Valid: 38.06%, Test: 32.21%, Best Valid: 41.61%, Best Test: 35.82%
Epoch: 400, Loss: 0.3409, Train: 81.01%, Valid: 33.02%, Test: 29.81%, Best Valid: 41.61%, Best Test: 35.82%
Run 10:
Highest Train: 98.70
Highest Valid: 41.61
Highest Test: 42.07
Chosen epoch: 284
Final Train: 52.89
Final Test: 35.82
All runs:
Highest Train: 94.17 ± 10.77
Highest Test: 42.75 ± 1.41
Highest Valid: 41.56 ± 1.66
  Final Train: 56.98 ± 15.42
   Final Test: 38.93 ± 2.71
Saving results to results/placebo/squirrel/MPNN_gat.csv
--- mlp_reg | transform=none | lambda=0.1 | mlp_epochs=50 ---
Namespace(bn=True, cpu=False, data_dir='./data/', dataset='squirrel', device=0, display_step=100, dropout=0.5, epochs=500, gnn='gat', hidden_channels=512, jk=False, label_num_per_class=20, lambda_val=0.1, ln=False, local_layers=7, lr=0.005, metric='acc', mlp_epochs=50, mlp_reg=True, model='MPNN', model_dir='models', num_heads=1, oracle_reg=False, paired_seeds=True, penalty_transform='none', pre_linear=False, pre_ln=False, rand_split=False, rand_split_class=False, reg_start_epoch=10, reg_update_freq=5, res=True, result_dir='results/placebo', runs=10, save_model=False, seed=42, test_num=1000, train_prop=0.5, use_reg=True, valid_num=500, valid_prop=0.25, weight_decay=0.0005)
squirrel
dataset squirrel | num nodes 2223 | num edge 46998 | num node feats 2089 | num classes 5
MODEL: MPNNs(
  (h_lins): ModuleList()
  (local_convs): ModuleList(
    (0): GATConv(2089, 512, heads=1)
    (1): GATConv(512, 512, heads=1)
    (2): GATConv(512, 512, heads=1)
    (3): GATConv(512, 512, heads=1)
    (4): GATConv(512, 512, heads=1)
    (5): GATConv(512, 512, heads=1)
    (6): GATConv(512, 512, heads=1)
  )
  (lins): ModuleList(
    (0): Linear(in_features=2089, out_features=512, bias=True)
    (1): Linear(in_features=512, out_features=512, bias=True)
    (2): Linear(in_features=512, out_features=512, bias=True)
    (3): Linear(in_features=512, out_features=512, bias=True)
    (4): Linear(in_features=512, out_features=512, bias=True)
    (5): Linear(in_features=512, out_features=512, bias=True)
    (6): Linear(in_features=512, out_features=512, bias=True)
  )
  (lns): ModuleList(
    (0): LayerNorm((512,), eps=1e-05, elementwise_affine=True)
    (1): LayerNorm((512,), eps=1e-05, elementwise_affine=True)
    (2): LayerNorm((512,), eps=1e-05, elementwise_affine=True)
    (3): LayerNorm((512,), eps=1e-05, elementwise_affine=True)
    (4): LayerNorm((512,), eps=1e-05, elementwise_affine=True)
    (5): LayerNorm((512,), eps=1e-05, elementwise_affine=True)
    (6): LayerNorm((512,), eps=1e-05, elementwise_affine=True)
  )
  (bns): ModuleList(
    (0): BatchNorm1d(512, eps=1e-05, momentum=0.1, affine=True, track_running_stats=True)
    (1): BatchNorm1d(512, eps=1e-05, momentum=0.1, affine=True, track_running_stats=True)
    (2): BatchNorm1d(512, eps=1e-05, momentum=0.1, affine=True, track_running_stats=True)
    (3): BatchNorm1d(512, eps=1e-05, momentum=0.1, affine=True, track_running_stats=True)
    (4): BatchNorm1d(512, eps=1e-05, momentum=0.1, affine=True, track_running_stats=True)
    (5): BatchNorm1d(512, eps=1e-05, momentum=0.1, affine=True, track_running_stats=True)
    (6): BatchNorm1d(512, eps=1e-05, momentum=0.1, affine=True, track_running_stats=True)
  )
  (lin_in): Linear(in_features=2089, out_features=512, bias=True)
  (pred_local): Linear(in_features=512, out_features=5, bias=True)
)
Pre-training MLP for 50 epochs to generate co-occurrence matrix...
MLP pre-training complete. Penalty matrix frozen.
Epoch: 00, Loss: 1.9258, Train: 24.31%, Valid: 21.31%, Test: 23.01%, Best Valid: 21.31%, Best Test: 23.01%
Epoch: 100, Loss: 1.1999, Train: 51.66%, Valid: 40.95%, Test: 42.70%, Best Valid: 42.34%, Best Test: 40.71%
Epoch: 200, Loss: 0.5042, Train: 88.03%, Valid: 32.17%, Test: 35.62%, Best Valid: 42.34%, Best Test: 40.71%
Epoch: 300, Loss: 0.1148, Train: 96.96%, Valid: 31.48%, Test: 32.96%, Best Valid: 42.34%, Best Test: 40.71%
Epoch: 400, Loss: 0.0827, Train: 99.81%, Valid: 32.45%, Test: 36.06%, Best Valid: 42.34%, Best Test: 40.71%
Run 01:
Highest Train: 99.81
Highest Valid: 42.34
Highest Test: 46.02
Chosen epoch: 86
Final Train: 45.87
Final Test: 40.71
Pre-training MLP for 50 epochs to generate co-occurrence matrix...
MLP pre-training complete. Penalty matrix frozen.
Epoch: 00, Loss: 1.8794, Train: 28.33%, Valid: 27.43%, Test: 26.64%, Best Valid: 27.43%, Best Test: 26.64%
Epoch: 100, Loss: 1.5360, Train: 35.74%, Valid: 36.43%, Test: 34.31%, Best Valid: 40.14%, Best Test: 36.12%
Epoch: 200, Loss: 1.2903, Train: 39.63%, Valid: 38.57%, Test: 37.70%, Best Valid: 42.57%, Best Test: 38.60%
Epoch: 300, Loss: 0.4082, Train: 85.28%, Valid: 35.86%, Test: 34.76%, Best Valid: 42.57%, Best Test: 38.60%
Epoch: 400, Loss: 0.2296, Train: 95.37%, Valid: 33.57%, Test: 31.60%, Best Valid: 42.57%, Best Test: 38.60%
Run 02:
Highest Train: 99.07
Highest Valid: 42.57
Highest Test: 40.41
Chosen epoch: 194
Final Train: 44.44
Final Test: 38.60
Pre-training MLP for 50 epochs to generate co-occurrence matrix...
MLP pre-training complete. Penalty matrix frozen.
Epoch: 00, Loss: 1.9286, Train: 33.05%, Valid: 31.27%, Test: 32.22%, Best Valid: 31.27%, Best Test: 32.22%
Epoch: 100, Loss: 1.5027, Train: 38.30%, Valid: 36.50%, Test: 39.78%, Best Valid: 39.26%, Best Test: 41.33%
Epoch: 200, Loss: 1.3273, Train: 38.97%, Valid: 38.29%, Test: 40.67%, Best Valid: 41.60%, Best Test: 39.11%
Epoch: 300, Loss: 0.5783, Train: 83.57%, Valid: 37.60%, Test: 38.00%, Best Valid: 41.60%, Best Test: 39.11%
Epoch: 400, Loss: 0.3162, Train: 92.26%, Valid: 35.12%, Test: 32.67%, Best Valid: 41.60%, Best Test: 39.11%
Run 03:
Highest Train: 97.23
Highest Valid: 41.60
Highest Test: 43.33
Chosen epoch: 186
Final Train: 43.36
Final Test: 39.11
Pre-training MLP for 50 epochs to generate co-occurrence matrix...
MLP pre-training complete. Penalty matrix frozen.
Epoch: 00, Loss: 1.9581, Train: 10.57%, Valid: 9.68%, Test: 11.56%, Best Valid: 9.68%, Best Test: 11.56%
Epoch: 100, Loss: 0.9422, Train: 65.75%, Valid: 39.69%, Test: 39.78%, Best Valid: 40.95%, Best Test: 42.67%
Epoch: 200, Loss: 0.3103, Train: 90.75%, Valid: 30.01%, Test: 31.56%, Best Valid: 40.95%, Best Test: 42.67%
Epoch: 300, Loss: 0.1175, Train: 98.40%, Valid: 29.17%, Test: 33.78%, Best Valid: 40.95%, Best Test: 42.67%
Epoch: 400, Loss: 0.0398, Train: 99.72%, Valid: 31.14%, Test: 32.44%, Best Valid: 40.95%, Best Test: 42.67%
Run 04:
Highest Train: 100.00
Highest Valid: 40.95
Highest Test: 48.00
Chosen epoch: 71
Final Train: 50.00
Final Test: 42.67
Pre-training MLP for 50 epochs to generate co-occurrence matrix...
MLP pre-training complete. Penalty matrix frozen.
Epoch: 00, Loss: 1.8969, Train: 11.56%, Valid: 9.74%, Test: 9.13%, Best Valid: 9.74%, Best Test: 9.13%
Epoch: 100, Loss: 1.5263, Train: 37.73%, Valid: 36.16%, Test: 38.08%, Best Valid: 37.13%, Best Test: 36.97%
Epoch: 200, Loss: 1.3901, Train: 44.45%, Valid: 40.33%, Test: 39.64%, Best Valid: 40.47%, Best Test: 39.87%
Epoch: 300, Loss: 0.5366, Train: 82.56%, Valid: 35.74%, Test: 37.19%, Best Valid: 40.47%, Best Test: 39.87%
Epoch: 400, Loss: 0.2121, Train: 96.40%, Valid: 35.61%, Test: 36.53%, Best Valid: 40.47%, Best Test: 39.87%
Run 05:
Highest Train: 99.62
Highest Valid: 40.47
Highest Test: 43.21
Chosen epoch: 198
Final Train: 43.70
Final Test: 39.87
Pre-training MLP for 50 epochs to generate co-occurrence matrix...
MLP pre-training complete. Penalty matrix frozen.
Epoch: 00, Loss: 1.9205, Train: 23.49%, Valid: 22.72%, Test: 23.30%, Best Valid: 22.72%, Best Test: 23.30%
Epoch: 100, Loss: 1.3712, Train: 43.18%, Valid: 37.34%, Test: 37.14%, Best Valid: 40.23%, Best Test: 38.02%
Epoch: 200, Loss: 0.5671, Train: 85.98%, Valid: 37.34%, Test: 38.90%, Best Valid: 40.23%, Best Test: 38.02%
Epoch: 300, Loss: 0.3896, Train: 92.48%, Valid: 35.17%, Test: 35.82%, Best Valid: 40.23%, Best Test: 38.02%
Epoch: 400, Loss: 0.1975, Train: 97.86%, Valid: 32.27%, Test: 32.97%, Best Valid: 40.23%, Best Test: 38.02%
Run 06:
Highest Train: 99.54
Highest Valid: 40.23
Highest Test: 42.42
Chosen epoch: 61
Final Train: 43.27
Final Test: 38.02
Pre-training MLP for 50 epochs to generate co-occurrence matrix...
MLP pre-training complete. Penalty matrix frozen.
Epoch: 00, Loss: 1.8900, Train: 15.30%, Valid: 15.32%, Test: 18.16%, Best Valid: 15.32%, Best Test: 18.16%
Epoch: 100, Loss: 1.5026, Train: 34.38%, Valid: 36.71%, Test: 33.63%, Best Valid: 40.17%, Best Test: 37.44%
Epoch: 200, Loss: 1.4564, Train: 37.33%, Valid: 36.27%, Test: 37.00%, Best Valid: 40.17%, Best Test: 37.44%
Epoch: 300, Loss: 1.4510, Train: 38.71%, Valid: 38.01%, Test: 36.55%, Best Valid: 40.17%, Best Test: 37.44%
Epoch: 400, Loss: 1.4068, Train: 38.34%, Valid: 37.57%, Test: 37.89%, Best Valid: 41.18%, Best Test: 38.12%
Run 07:
Highest Train: 43.78
Highest Valid: 41.18
Highest Test: 39.46
Chosen epoch: 357
Final Train: 40.83
Final Test: 38.12
Pre-training MLP for 50 epochs to generate co-occurrence matrix...
MLP pre-training complete. Penalty matrix frozen.
Epoch: 00, Loss: 1.9312, Train: 24.17%, Valid: 22.73%, Test: 21.71%, Best Valid: 22.73%, Best Test: 21.71%
Epoch: 100, Loss: 1.2755, Train: 50.05%, Valid: 42.22%, Test: 39.03%, Best Valid: 43.57%, Best Test: 40.65%
Epoch: 200, Loss: 0.6785, Train: 70.60%, Valid: 41.95%, Test: 39.49%, Best Valid: 44.11%, Best Test: 42.96%
Epoch: 300, Loss: 0.2012, Train: 97.72%, Valid: 38.02%, Test: 37.41%, Best Valid: 44.11%, Best Test: 42.96%
Epoch: 400, Loss: 0.0780, Train: 99.05%, Valid: 35.99%, Test: 32.33%, Best Valid: 44.11%, Best Test: 42.96%
Run 08:
Highest Train: 99.90
Highest Valid: 44.11
Highest Test: 42.96
Chosen epoch: 109
Final Train: 51.95
Final Test: 42.96
Pre-training MLP for 50 epochs to generate co-occurrence matrix...
MLP pre-training complete. Penalty matrix frozen.
Epoch: 00, Loss: 1.9173, Train: 19.26%, Valid: 16.35%, Test: 16.98%, Best Valid: 16.35%, Best Test: 16.98%
Epoch: 100, Loss: 1.2260, Train: 40.61%, Valid: 38.06%, Test: 37.27%, Best Valid: 42.11%, Best Test: 37.68%
Epoch: 200, Loss: 0.2398, Train: 96.19%, Valid: 34.30%, Test: 30.85%, Best Valid: 42.11%, Best Test: 37.68%
Epoch: 300, Loss: 0.0704, Train: 98.47%, Valid: 32.85%, Test: 36.44%, Best Valid: 42.11%, Best Test: 37.68%
Epoch: 400, Loss: 0.0497, Train: 99.90%, Valid: 34.15%, Test: 33.75%, Best Valid: 42.11%, Best Test: 37.68%
Run 09:
Highest Train: 99.90
Highest Valid: 42.11
Highest Test: 42.24
Chosen epoch: 47
Final Train: 38.89
Final Test: 37.68
Pre-training MLP for 50 epochs to generate co-occurrence matrix...
MLP pre-training complete. Penalty matrix frozen.
Epoch: 00, Loss: 1.8864, Train: 18.90%, Valid: 16.51%, Test: 17.79%, Best Valid: 16.51%, Best Test: 17.79%
Epoch: 100, Loss: 1.5416, Train: 36.22%, Valid: 34.92%, Test: 34.86%, Best Valid: 37.24%, Best Test: 36.54%
Epoch: 200, Loss: 1.2260, Train: 42.46%, Valid: 36.83%, Test: 38.70%, Best Valid: 41.34%, Best Test: 37.74%
Epoch: 300, Loss: 0.6340, Train: 82.22%, Valid: 37.24%, Test: 32.21%, Best Valid: 41.47%, Best Test: 34.38%
Epoch: 400, Loss: 0.2799, Train: 94.32%, Valid: 34.92%, Test: 32.69%, Best Valid: 41.47%, Best Test: 34.38%
Run 10:
Highest Train: 99.16
Highest Valid: 41.47
Highest Test: 40.87
Chosen epoch: 261
Final Train: 82.12
Final Test: 34.38
All runs:
Highest Train: 93.80 ± 17.60
Highest Test: 42.89 ± 2.56
Highest Valid: 41.71 ± 1.14
  Final Train: 48.44 ± 12.45
   Final Test: 39.21 ± 2.52
Saving results to results/placebo/squirrel/MPNN_gat.csv
--- mlp_reg | transform=none | lambda=0.2 | mlp_epochs=50 ---
Namespace(bn=True, cpu=False, data_dir='./data/', dataset='squirrel', device=0, display_step=100, dropout=0.5, epochs=500, gnn='gat', hidden_channels=512, jk=False, label_num_per_class=20, lambda_val=0.2, ln=False, local_layers=7, lr=0.005, metric='acc', mlp_epochs=50, mlp_reg=True, model='MPNN', model_dir='models', num_heads=1, oracle_reg=False, paired_seeds=True, penalty_transform='none', pre_linear=False, pre_ln=False, rand_split=False, rand_split_class=False, reg_start_epoch=10, reg_update_freq=5, res=True, result_dir='results/placebo', runs=10, save_model=False, seed=42, test_num=1000, train_prop=0.5, use_reg=True, valid_num=500, valid_prop=0.25, weight_decay=0.0005)
squirrel
dataset squirrel | num nodes 2223 | num edge 46998 | num node feats 2089 | num classes 5
MODEL: MPNNs(
  (h_lins): ModuleList()
  (local_convs): ModuleList(
    (0): GATConv(2089, 512, heads=1)
    (1): GATConv(512, 512, heads=1)
    (2): GATConv(512, 512, heads=1)
    (3): GATConv(512, 512, heads=1)
    (4): GATConv(512, 512, heads=1)
    (5): GATConv(512, 512, heads=1)
    (6): GATConv(512, 512, heads=1)
  )
  (lins): ModuleList(
    (0): Linear(in_features=2089, out_features=512, bias=True)
    (1): Linear(in_features=512, out_features=512, bias=True)
    (2): Linear(in_features=512, out_features=512, bias=True)
    (3): Linear(in_features=512, out_features=512, bias=True)
    (4): Linear(in_features=512, out_features=512, bias=True)
    (5): Linear(in_features=512, out_features=512, bias=True)
    (6): Linear(in_features=512, out_features=512, bias=True)
  )
  (lns): ModuleList(
    (0): LayerNorm((512,), eps=1e-05, elementwise_affine=True)
    (1): LayerNorm((512,), eps=1e-05, elementwise_affine=True)
    (2): LayerNorm((512,), eps=1e-05, elementwise_affine=True)
    (3): LayerNorm((512,), eps=1e-05, elementwise_affine=True)
    (4): LayerNorm((512,), eps=1e-05, elementwise_affine=True)
    (5): LayerNorm((512,), eps=1e-05, elementwise_affine=True)
    (6): LayerNorm((512,), eps=1e-05, elementwise_affine=True)
  )
  (bns): ModuleList(
    (0): BatchNorm1d(512, eps=1e-05, momentum=0.1, affine=True, track_running_stats=True)
    (1): BatchNorm1d(512, eps=1e-05, momentum=0.1, affine=True, track_running_stats=True)
    (2): BatchNorm1d(512, eps=1e-05, momentum=0.1, affine=True, track_running_stats=True)
    (3): BatchNorm1d(512, eps=1e-05, momentum=0.1, affine=True, track_running_stats=True)
    (4): BatchNorm1d(512, eps=1e-05, momentum=0.1, affine=True, track_running_stats=True)
    (5): BatchNorm1d(512, eps=1e-05, momentum=0.1, affine=True, track_running_stats=True)
    (6): BatchNorm1d(512, eps=1e-05, momentum=0.1, affine=True, track_running_stats=True)
  )
  (lin_in): Linear(in_features=2089, out_features=512, bias=True)
  (pred_local): Linear(in_features=512, out_features=5, bias=True)
)
Pre-training MLP for 50 epochs to generate co-occurrence matrix...
MLP pre-training complete. Penalty matrix frozen.
Epoch: 00, Loss: 2.1008, Train: 24.22%, Valid: 21.31%, Test: 22.57%, Best Valid: 21.31%, Best Test: 22.57%
Epoch: 100, Loss: 1.1652, Train: 58.88%, Valid: 36.63%, Test: 42.70%, Best Valid: 39.42%, Best Test: 38.05%
Epoch: 200, Loss: 0.2745, Train: 93.73%, Valid: 33.43%, Test: 40.71%, Best Valid: 39.42%, Best Test: 38.05%
Epoch: 300, Loss: 0.1779, Train: 98.10%, Valid: 33.15%, Test: 38.05%, Best Valid: 39.42%, Best Test: 38.05%
Epoch: 400, Loss: 0.0601, Train: 99.34%, Valid: 35.38%, Test: 35.18%, Best Valid: 39.42%, Best Test: 38.05%
Run 01:
Highest Train: 99.91
Highest Valid: 39.42
Highest Test: 44.03
Chosen epoch: 46
Final Train: 42.36
Final Test: 38.05
Pre-training MLP for 50 epochs to generate co-occurrence matrix...
MLP pre-training complete. Penalty matrix frozen.
Epoch: 00, Loss: 2.0503, Train: 26.94%, Valid: 25.57%, Test: 25.06%, Best Valid: 25.57%, Best Test: 25.06%
Epoch: 100, Loss: 1.6969, Train: 35.93%, Valid: 37.29%, Test: 36.34%, Best Valid: 38.00%, Best Test: 37.02%
Epoch: 200, Loss: 1.6255, Train: 39.44%, Valid: 38.57%, Test: 35.89%, Best Valid: 39.29%, Best Test: 37.02%
Epoch: 300, Loss: 1.5355, Train: 44.26%, Valid: 40.71%, Test: 38.60%, Best Valid: 43.71%, Best Test: 38.60%
Epoch: 400, Loss: 0.7430, Train: 79.07%, Valid: 38.57%, Test: 36.79%, Best Valid: 43.71%, Best Test: 38.60%
Run 02:
Highest Train: 94.54
Highest Valid: 43.71
Highest Test: 42.21
Chosen epoch: 289
Final Train: 42.87
Final Test: 38.60
Pre-training MLP for 50 epochs to generate co-occurrence matrix...
MLP pre-training complete. Penalty matrix frozen.
Epoch: 00, Loss: 2.1039, Train: 26.65%, Valid: 23.14%, Test: 22.00%, Best Valid: 23.14%, Best Test: 22.00%
Epoch: 100, Loss: 1.7711, Train: 33.52%, Valid: 36.36%, Test: 39.11%, Best Valid: 36.36%, Best Test: 39.11%
Epoch: 200, Loss: 1.6128, Train: 39.26%, Valid: 38.02%, Test: 40.44%, Best Valid: 38.57%, Best Test: 40.22%
Epoch: 300, Loss: 1.5336, Train: 42.50%, Valid: 38.43%, Test: 40.44%, Best Valid: 39.94%, Best Test: 37.56%
Epoch: 400, Loss: 1.4880, Train: 45.18%, Valid: 38.98%, Test: 41.11%, Best Valid: 41.46%, Best Test: 39.78%
Run 03:
Highest Train: 69.44
Highest Valid: 43.80
Highest Test: 44.00
Chosen epoch: 459
Final Train: 56.64
Final Test: 42.22
Pre-training MLP for 50 epochs to generate co-occurrence matrix...
MLP pre-training complete. Penalty matrix frozen.
Epoch: 00, Loss: 2.1361, Train: 10.57%, Valid: 9.68%, Test: 11.56%, Best Valid: 9.68%, Best Test: 11.56%
Epoch: 100, Loss: 0.7525, Train: 80.19%, Valid: 35.62%, Test: 36.89%, Best Valid: 40.39%, Best Test: 37.78%
Epoch: 200, Loss: 0.2349, Train: 94.06%, Valid: 32.12%, Test: 33.78%, Best Valid: 40.39%, Best Test: 37.78%
Epoch: 300, Loss: 0.1446, Train: 98.77%, Valid: 33.10%, Test: 34.89%, Best Valid: 40.39%, Best Test: 37.78%
Epoch: 400, Loss: 0.0864, Train: 99.62%, Valid: 32.12%, Test: 34.67%, Best Valid: 40.39%, Best Test: 37.78%
Run 04:
Highest Train: 99.81
Highest Valid: 40.39
Highest Test: 44.22
Chosen epoch: 79
Final Train: 67.55
Final Test: 37.78
Pre-training MLP for 50 epochs to generate co-occurrence matrix...
MLP pre-training complete. Penalty matrix frozen.
Epoch: 00, Loss: 2.0693, Train: 11.56%, Valid: 9.74%, Test: 9.13%, Best Valid: 9.74%, Best Test: 9.13%
Epoch: 100, Loss: 1.6757, Train: 41.61%, Valid: 37.83%, Test: 39.42%, Best Valid: 39.64%, Best Test: 41.20%
Epoch: 200, Loss: 0.9132, Train: 64.74%, Valid: 36.30%, Test: 40.53%, Best Valid: 39.92%, Best Test: 39.20%
Epoch: 300, Loss: 0.2385, Train: 93.74%, Valid: 31.85%, Test: 33.63%, Best Valid: 39.92%, Best Test: 39.20%
Epoch: 400, Loss: 0.0606, Train: 98.67%, Valid: 32.55%, Test: 32.96%, Best Valid: 39.92%, Best Test: 39.20%
Run 05:
Highest Train: 100.00
Highest Valid: 39.92
Highest Test: 43.65
Chosen epoch: 104
Final Train: 43.51
Final Test: 39.20
Pre-training MLP for 50 epochs to generate co-occurrence matrix...
MLP pre-training complete. Penalty matrix frozen.
Epoch: 00, Loss: 2.0951, Train: 10.86%, Valid: 11.00%, Test: 10.55%, Best Valid: 11.00%, Best Test: 10.55%
Epoch: 100, Loss: 1.4938, Train: 44.29%, Valid: 36.76%, Test: 38.02%, Best Valid: 40.38%, Best Test: 38.68%
Epoch: 200, Loss: 0.8067, Train: 66.30%, Valid: 37.63%, Test: 36.48%, Best Valid: 40.38%, Best Test: 38.68%
Epoch: 300, Loss: 0.3327, Train: 94.71%, Valid: 33.43%, Test: 34.51%, Best Valid: 40.38%, Best Test: 38.68%
Epoch: 400, Loss: 0.1749, Train: 97.12%, Valid: 35.17%, Test: 34.29%, Best Valid: 40.38%, Best Test: 38.68%
Run 06:
Highest Train: 99.81
Highest Valid: 40.38
Highest Test: 42.42
Chosen epoch: 70
Final Train: 43.45
Final Test: 38.68
Pre-training MLP for 50 epochs to generate co-occurrence matrix...
MLP pre-training complete. Penalty matrix frozen.
Epoch: 00, Loss: 2.0618, Train: 9.49%, Valid: 10.26%, Test: 12.78%, Best Valid: 10.26%, Best Test: 12.78%
Epoch: 100, Loss: 1.6071, Train: 37.70%, Valid: 39.45%, Test: 38.57%, Best Valid: 40.75%, Best Test: 36.55%
Epoch: 200, Loss: 1.4833, Train: 40.46%, Valid: 40.90%, Test: 37.22%, Best Valid: 43.35%, Best Test: 32.51%
Epoch: 300, Loss: 1.1791, Train: 59.54%, Valid: 38.29%, Test: 33.86%, Best Valid: 43.64%, Best Test: 33.18%
Epoch: 400, Loss: 0.6785, Train: 83.87%, Valid: 37.28%, Test: 35.87%, Best Valid: 43.93%, Best Test: 39.01%
Run 07:
Highest Train: 95.39
Highest Valid: 43.93
Highest Test: 40.81
Chosen epoch: 332
Final Train: 69.40
Final Test: 39.01
Pre-training MLP for 50 epochs to generate co-occurrence matrix...
MLP pre-training complete. Penalty matrix frozen.
Epoch: 00, Loss: 2.1067, Train: 24.17%, Valid: 22.73%, Test: 21.71%, Best Valid: 22.73%, Best Test: 21.71%
Epoch: 100, Loss: 1.3064, Train: 46.24%, Valid: 38.70%, Test: 39.03%, Best Valid: 40.60%, Best Test: 40.18%
Epoch: 200, Loss: 0.5992, Train: 90.10%, Valid: 35.72%, Test: 35.10%, Best Valid: 41.81%, Best Test: 40.18%
Epoch: 300, Loss: 0.2066, Train: 97.91%, Valid: 35.18%, Test: 32.56%, Best Valid: 41.81%, Best Test: 40.18%
Epoch: 400, Loss: 0.0611, Train: 99.62%, Valid: 33.96%, Test: 32.79%, Best Valid: 41.81%, Best Test: 40.18%
Run 08:
Highest Train: 100.00
Highest Valid: 41.81
Highest Test: 43.88
Chosen epoch: 118
Final Train: 56.42
Final Test: 40.18
Pre-training MLP for 50 epochs to generate co-occurrence matrix...
MLP pre-training complete. Penalty matrix frozen.
Epoch: 00, Loss: 2.0916, Train: 19.26%, Valid: 16.35%, Test: 16.98%, Best Valid: 16.35%, Best Test: 16.98%
Epoch: 100, Loss: 1.0290, Train: 67.02%, Valid: 38.93%, Test: 36.02%, Best Valid: 40.09%, Best Test: 37.06%
Epoch: 200, Loss: 0.2253, Train: 91.33%, Valid: 30.97%, Test: 30.85%, Best Valid: 40.09%, Best Test: 37.06%
Epoch: 300, Loss: 0.0657, Train: 99.71%, Valid: 32.13%, Test: 30.64%, Best Valid: 40.09%, Best Test: 37.06%
Epoch: 400, Loss: 0.0606, Train: 99.90%, Valid: 32.27%, Test: 33.13%, Best Valid: 40.09%, Best Test: 37.06%
Run 09:
Highest Train: 100.00
Highest Valid: 40.09
Highest Test: 39.96
Chosen epoch: 75
Final Train: 47.76
Final Test: 37.06
Pre-training MLP for 50 epochs to generate co-occurrence matrix...
MLP pre-training complete. Penalty matrix frozen.
Epoch: 00, Loss: 2.0579, Train: 18.99%, Valid: 16.64%, Test: 17.79%, Best Valid: 16.64%, Best Test: 17.79%
Epoch: 100, Loss: 1.6309, Train: 40.50%, Valid: 38.61%, Test: 38.22%, Best Valid: 38.88%, Best Test: 37.98%
Epoch: 200, Loss: 1.2728, Train: 56.05%, Valid: 39.29%, Test: 36.06%, Best Valid: 40.65%, Best Test: 36.78%
Epoch: 300, Loss: 0.8117, Train: 75.88%, Valid: 35.88%, Test: 35.82%, Best Valid: 40.93%, Best Test: 37.02%
Epoch: 400, Loss: 0.4210, Train: 90.50%, Valid: 35.20%, Test: 32.69%, Best Valid: 40.93%, Best Test: 37.02%
Run 10:
Highest Train: 97.11
Highest Valid: 40.93
Highest Test: 41.11
Chosen epoch: 206
Final Train: 57.17
Final Test: 37.02
All runs:
Highest Train: 95.60 ± 9.43
Highest Test: 42.63 ± 1.56
Highest Valid: 41.44 ± 1.76
  Final Train: 52.71 ± 10.26
   Final Test: 38.78 ± 1.55
Saving results to results/placebo/squirrel/MPNN_gat.csv
--- mlp_reg | transform=none | lambda=0.4 | mlp_epochs=50 ---
Namespace(bn=True, cpu=False, data_dir='./data/', dataset='squirrel', device=0, display_step=100, dropout=0.5, epochs=500, gnn='gat', hidden_channels=512, jk=False, label_num_per_class=20, lambda_val=0.4, ln=False, local_layers=7, lr=0.005, metric='acc', mlp_epochs=50, mlp_reg=True, model='MPNN', model_dir='models', num_heads=1, oracle_reg=False, paired_seeds=True, penalty_transform='none', pre_linear=False, pre_ln=False, rand_split=False, rand_split_class=False, reg_start_epoch=10, reg_update_freq=5, res=True, result_dir='results/placebo', runs=10, save_model=False, seed=42, test_num=1000, train_prop=0.5, use_reg=True, valid_num=500, valid_prop=0.25, weight_decay=0.0005)
squirrel
dataset squirrel | num nodes 2223 | num edge 46998 | num node feats 2089 | num classes 5
MODEL: MPNNs(
  (h_lins): ModuleList()
  (local_convs): ModuleList(
    (0): GATConv(2089, 512, heads=1)
    (1): GATConv(512, 512, heads=1)
    (2): GATConv(512, 512, heads=1)
    (3): GATConv(512, 512, heads=1)
    (4): GATConv(512, 512, heads=1)
    (5): GATConv(512, 512, heads=1)
    (6): GATConv(512, 512, heads=1)
  )
  (lins): ModuleList(
    (0): Linear(in_features=2089, out_features=512, bias=True)
    (1): Linear(in_features=512, out_features=512, bias=True)
    (2): Linear(in_features=512, out_features=512, bias=True)
    (3): Linear(in_features=512, out_features=512, bias=True)
    (4): Linear(in_features=512, out_features=512, bias=True)
    (5): Linear(in_features=512, out_features=512, bias=True)
    (6): Linear(in_features=512, out_features=512, bias=True)
  )
  (lns): ModuleList(
    (0): LayerNorm((512,), eps=1e-05, elementwise_affine=True)
    (1): LayerNorm((512,), eps=1e-05, elementwise_affine=True)
    (2): LayerNorm((512,), eps=1e-05, elementwise_affine=True)
    (3): LayerNorm((512,), eps=1e-05, elementwise_affine=True)
    (4): LayerNorm((512,), eps=1e-05, elementwise_affine=True)
    (5): LayerNorm((512,), eps=1e-05, elementwise_affine=True)
    (6): LayerNorm((512,), eps=1e-05, elementwise_affine=True)
  )
  (bns): ModuleList(
    (0): BatchNorm1d(512, eps=1e-05, momentum=0.1, affine=True, track_running_stats=True)
    (1): BatchNorm1d(512, eps=1e-05, momentum=0.1, affine=True, track_running_stats=True)
    (2): BatchNorm1d(512, eps=1e-05, momentum=0.1, affine=True, track_running_stats=True)
    (3): BatchNorm1d(512, eps=1e-05, momentum=0.1, affine=True, track_running_stats=True)
    (4): BatchNorm1d(512, eps=1e-05, momentum=0.1, affine=True, track_running_stats=True)
    (5): BatchNorm1d(512, eps=1e-05, momentum=0.1, affine=True, track_running_stats=True)
    (6): BatchNorm1d(512, eps=1e-05, momentum=0.1, affine=True, track_running_stats=True)
  )
  (lin_in): Linear(in_features=2089, out_features=512, bias=True)
  (pred_local): Linear(in_features=512, out_features=5, bias=True)
)
Pre-training MLP for 50 epochs to generate co-occurrence matrix...
MLP pre-training complete. Penalty matrix frozen.
Epoch: 00, Loss: 2.4510, Train: 22.03%, Valid: 18.80%, Test: 21.46%, Best Valid: 18.80%, Best Test: 21.46%
Epoch: 100, Loss: 1.8383, Train: 39.32%, Valid: 39.00%, Test: 39.16%, Best Valid: 39.14%, Best Test: 37.17%
Epoch: 200, Loss: 0.8099, Train: 86.04%, Valid: 35.38%, Test: 37.17%, Best Valid: 41.23%, Best Test: 41.37%
Epoch: 300, Loss: 0.2897, Train: 97.63%, Valid: 30.36%, Test: 32.52%, Best Valid: 41.23%, Best Test: 41.37%
Epoch: 400, Loss: 0.1173, Train: 98.77%, Valid: 32.31%, Test: 33.63%, Best Valid: 41.23%, Best Test: 41.37%
Run 01:
Highest Train: 99.91
Highest Valid: 41.23
Highest Test: 45.13
Chosen epoch: 102
Final Train: 41.88
Final Test: 41.37
Pre-training MLP for 50 epochs to generate co-occurrence matrix...
MLP pre-training complete. Penalty matrix frozen.
Epoch: 00, Loss: 2.3920, Train: 21.57%, Valid: 19.14%, Test: 18.96%, Best Valid: 19.14%, Best Test: 18.96%
Epoch: 100, Loss: 1.8096, Train: 41.85%, Valid: 38.86%, Test: 37.92%, Best Valid: 42.86%, Best Test: 40.63%
Epoch: 200, Loss: 0.7189, Train: 89.26%, Valid: 35.14%, Test: 34.09%, Best Valid: 42.86%, Best Test: 40.63%
Epoch: 300, Loss: 0.2256, Train: 93.70%, Valid: 35.00%, Test: 32.73%, Best Valid: 42.86%, Best Test: 40.63%
Epoch: 400, Loss: 0.1373, Train: 99.35%, Valid: 32.29%, Test: 32.73%, Best Valid: 42.86%, Best Test: 40.63%
Run 02:
Highest Train: 99.91
Highest Valid: 42.86
Highest Test: 41.76
Chosen epoch: 94
Final Train: 44.44
Final Test: 40.63
Pre-training MLP for 50 epochs to generate co-occurrence matrix...
MLP pre-training complete. Penalty matrix frozen.
Epoch: 00, Loss: 2.4546, Train: 24.93%, Valid: 22.31%, Test: 20.67%, Best Valid: 22.31%, Best Test: 20.67%
Epoch: 100, Loss: 2.0297, Train: 34.57%, Valid: 33.75%, Test: 39.11%, Best Valid: 37.19%, Best Test: 39.78%
Epoch: 200, Loss: 1.6136, Train: 51.96%, Valid: 35.26%, Test: 36.67%, Best Valid: 39.12%, Best Test: 42.22%
Epoch: 300, Loss: 0.5376, Train: 88.73%, Valid: 31.27%, Test: 33.56%, Best Valid: 39.12%, Best Test: 42.22%
Epoch: 400, Loss: 0.2678, Train: 97.80%, Valid: 32.37%, Test: 33.78%, Best Valid: 39.12%, Best Test: 42.22%
Run 03:
Highest Train: 99.81
Highest Valid: 39.12
Highest Test: 42.44
Chosen epoch: 180
Final Train: 48.52
Final Test: 42.22
Pre-training MLP for 50 epochs to generate co-occurrence matrix...
MLP pre-training complete. Penalty matrix frozen.
Epoch: 00, Loss: 2.4922, Train: 10.57%, Valid: 9.68%, Test: 11.56%, Best Valid: 9.68%, Best Test: 11.56%
Epoch: 100, Loss: 1.6528, Train: 45.00%, Valid: 34.92%, Test: 40.00%, Best Valid: 37.45%, Best Test: 37.33%
Epoch: 200, Loss: 0.4781, Train: 89.62%, Valid: 33.52%, Test: 34.67%, Best Valid: 38.15%, Best Test: 38.22%
Epoch: 300, Loss: 0.1696, Train: 96.60%, Valid: 29.17%, Test: 30.89%, Best Valid: 38.15%, Best Test: 38.22%
Epoch: 400, Loss: 0.0805, Train: 99.53%, Valid: 33.80%, Test: 34.00%, Best Valid: 38.15%, Best Test: 38.22%
Run 04:
Highest Train: 99.91
Highest Valid: 38.15
Highest Test: 42.44
Chosen epoch: 132
Final Train: 62.55
Final Test: 38.22
Pre-training MLP for 50 epochs to generate co-occurrence matrix...
MLP pre-training complete. Penalty matrix frozen.
Epoch: 00, Loss: 2.4142, Train: 11.56%, Valid: 9.74%, Test: 9.13%, Best Valid: 9.74%, Best Test: 9.13%
Epoch: 100, Loss: 2.0859, Train: 37.82%, Valid: 35.33%, Test: 38.31%, Best Valid: 36.30%, Best Test: 38.31%
Epoch: 200, Loss: 1.8975, Train: 38.58%, Valid: 34.91%, Test: 37.19%, Best Valid: 37.41%, Best Test: 38.53%
Epoch: 300, Loss: 1.0171, Train: 63.13%, Valid: 36.16%, Test: 36.30%, Best Valid: 37.83%, Best Test: 39.64%
Epoch: 400, Loss: 0.3686, Train: 93.93%, Valid: 33.38%, Test: 31.18%, Best Valid: 37.83%, Best Test: 39.64%
Run 05:
Highest Train: 99.34
Highest Valid: 37.83
Highest Test: 40.98
Chosen epoch: 256
Final Train: 47.77
Final Test: 39.64
Pre-training MLP for 50 epochs to generate co-occurrence matrix...
MLP pre-training complete. Penalty matrix frozen.
Epoch: 00, Loss: 2.4443, Train: 10.12%, Valid: 11.29%, Test: 10.33%, Best Valid: 11.29%, Best Test: 10.33%
Epoch: 100, Loss: 1.6074, Train: 49.58%, Valid: 40.23%, Test: 37.80%, Best Valid: 40.38%, Best Test: 36.92%
Epoch: 200, Loss: 1.1607, Train: 62.58%, Valid: 35.46%, Test: 41.10%, Best Valid: 40.67%, Best Test: 40.00%
Epoch: 300, Loss: 0.4792, Train: 86.82%, Valid: 35.89%, Test: 39.78%, Best Valid: 40.67%, Best Test: 40.00%
Epoch: 400, Loss: 0.1400, Train: 99.07%, Valid: 33.43%, Test: 35.16%, Best Valid: 40.67%, Best Test: 40.00%
Run 06:
Highest Train: 99.91
Highest Valid: 40.67
Highest Test: 43.08
Chosen epoch: 192
Final Train: 63.79
Final Test: 40.00
Pre-training MLP for 50 epochs to generate co-occurrence matrix...
MLP pre-training complete. Penalty matrix frozen.
Epoch: 00, Loss: 2.4054, Train: 10.23%, Valid: 10.40%, Test: 11.88%, Best Valid: 10.40%, Best Test: 11.88%
Epoch: 100, Loss: 1.9512, Train: 36.96%, Valid: 37.72%, Test: 37.00%, Best Valid: 39.88%, Best Test: 37.89%
Epoch: 200, Loss: 1.9479, Train: 39.45%, Valid: 38.44%, Test: 34.53%, Best Valid: 39.88%, Best Test: 37.89%
Epoch: 300, Loss: 1.4108, Train: 57.14%, Valid: 35.69%, Test: 35.87%, Best Valid: 42.05%, Best Test: 39.01%
Epoch: 400, Loss: 0.9319, Train: 79.45%, Valid: 37.28%, Test: 34.75%, Best Valid: 42.05%, Best Test: 39.01%
Run 07:
Highest Train: 93.64
Highest Valid: 42.05
Highest Test: 41.93
Chosen epoch: 216
Final Train: 42.03
Final Test: 39.01
Pre-training MLP for 50 epochs to generate co-occurrence matrix...
MLP pre-training complete. Penalty matrix frozen.
Epoch: 00, Loss: 2.4578, Train: 24.17%, Valid: 22.73%, Test: 21.71%, Best Valid: 22.73%, Best Test: 21.71%
Epoch: 100, Loss: 1.8636, Train: 39.58%, Valid: 36.81%, Test: 36.49%, Best Valid: 41.27%, Best Test: 39.03%
Epoch: 200, Loss: 1.3646, Train: 52.52%, Valid: 39.24%, Test: 37.18%, Best Valid: 42.22%, Best Test: 37.41%
Epoch: 300, Loss: 0.7659, Train: 85.06%, Valid: 39.24%, Test: 39.03%, Best Valid: 42.22%, Best Test: 37.41%
Epoch: 400, Loss: 0.4355, Train: 90.96%, Valid: 34.64%, Test: 37.64%, Best Valid: 42.22%, Best Test: 37.41%
Run 08:
Highest Train: 97.62
Highest Valid: 42.22
Highest Test: 43.88
Chosen epoch: 176
Final Train: 55.76
Final Test: 37.41
Pre-training MLP for 50 epochs to generate co-occurrence matrix...
MLP pre-training complete. Penalty matrix frozen.
Epoch: 00, Loss: 2.4402, Train: 19.26%, Valid: 16.35%, Test: 16.98%, Best Valid: 16.35%, Best Test: 16.98%
Epoch: 100, Loss: 1.5156, Train: 48.43%, Valid: 38.06%, Test: 37.06%, Best Valid: 39.36%, Best Test: 32.92%
Epoch: 200, Loss: 0.6133, Train: 90.66%, Valid: 34.01%, Test: 30.85%, Best Valid: 41.10%, Best Test: 40.17%
Epoch: 300, Loss: 0.1388, Train: 98.67%, Valid: 33.86%, Test: 32.30%, Best Valid: 41.10%, Best Test: 40.17%
Epoch: 400, Loss: 0.1333, Train: 99.52%, Valid: 31.55%, Test: 34.58%, Best Valid: 41.10%, Best Test: 40.17%
Run 09:
Highest Train: 99.90
Highest Valid: 41.10
Highest Test: 42.86
Chosen epoch: 115
Final Train: 52.91
Final Test: 40.17
Pre-training MLP for 50 epochs to generate co-occurrence matrix...
MLP pre-training complete. Penalty matrix frozen.
Epoch: 00, Loss: 2.4009, Train: 22.53%, Valid: 21.83%, Test: 21.63%, Best Valid: 21.83%, Best Test: 21.63%
Epoch: 100, Loss: 2.1314, Train: 36.31%, Valid: 35.88%, Test: 36.30%, Best Valid: 36.83%, Best Test: 35.58%
Epoch: 200, Loss: 2.1119, Train: 35.10%, Valid: 34.65%, Test: 33.89%, Best Valid: 36.83%, Best Test: 35.58%
Epoch: 300, Loss: 2.0933, Train: 37.80%, Valid: 35.88%, Test: 35.34%, Best Valid: 36.83%, Best Test: 35.58%
Epoch: 400, Loss: 2.0256, Train: 35.94%, Valid: 35.20%, Test: 34.13%, Best Valid: 37.52%, Best Test: 35.34%
Run 10:
Highest Train: 39.94
Highest Valid: 38.74
Highest Test: 37.50
Chosen epoch: 499
Final Train: 39.94
Final Test: 37.50
All runs:
Highest Train: 92.99 ± 18.74
Highest Test: 42.20 ± 2.02
Highest Valid: 40.40 ± 1.81
  Final Train: 49.96 ± 8.55
   Final Test: 39.62 ± 1.60
Saving results to results/placebo/squirrel/MPNN_gat.csv
Condition sweep completed.
Task 23 done.
