Sat Sep 12 14:05:42 2026       
+-----------------------------------------------------------------------------------------+
| NVIDIA-SMI 580.159.04             Driver Version: 580.159.04     CUDA Version: 13.0     |
+-----------------------------------------+------------------------+----------------------+
| GPU  Name                 Persistence-M | Bus-Id          Disp.A | Volatile Uncorr. ECC |
| Fan  Temp   Perf          Pwr:Usage/Cap |           Memory-Usage | GPU-Util  Compute M. |
|                                         |                        |               MIG M. |
|=========================================+========================+======================|
|   0  NVIDIA A100-SXM4-80GB          On  |   00000000:01:00.0 Off |                   On |
| N/A   58C    P0            257W /  500W |   55102MiB /  81920MiB |     N/A      Default |
|                                         |                        |              Enabled |
+-----------------------------------------+------------------------+----------------------+
|   1  NVIDIA A100-SXM4-80GB          On  |   00000000:41:00.0 Off |                   On |
| N/A   35C    P0            116W /  500W |    4566MiB /  81920MiB |     N/A      Default |
|                                         |                        |              Enabled |
+-----------------------------------------+------------------------+----------------------+
|   2  NVIDIA A100-SXM4-80GB          On  |   00000000:81:00.0 Off |                   On |
| N/A   45C    P0            176W /  500W |   40098MiB /  81920MiB |     N/A      Default |
|                                         |                        |              Enabled |
+-----------------------------------------+------------------------+----------------------+
|   3  NVIDIA A100-SXM4-80GB          On  |   00000000:C1:00.0 Off |                   On |
| N/A   43C    P0            164W /  500W |   18224MiB /  81920MiB |     N/A      Default |
|                                         |                        |              Enabled |
+-----------------------------------------+------------------------+----------------------+

+-----------------------------------------------------------------------------------------+
| MIG devices:                                                                            |
+------------------+----------------------------------+-----------+-----------------------+
| GPU  GI  CI  MIG |              Shared Memory-Usage |        Vol|        Shared         |
|      ID  ID  Dev |                Shared BAR1-Usage | SM     Unc| CE ENC  DEC  OFA  JPG |
|                  |                                  |        ECC|                       |
|==================+==================================+===========+=======================|
|  2    3   0   0  |              71MiB / 19968MiB    | 28      0 |  2   0    1    0    0 |
|                  |               0MiB / 12271MiB    |           |                       |
+------------------+----------------------------------+-----------+-----------------------+

+-----------------------------------------------------------------------------------------+
| Processes:                                                                              |
|  GPU   GI   CI              PID   Type   Process name                        GPU Memory |
|        ID   ID                                                               Usage      |
|=========================================================================================|
|    0    5    0           637788      C   python                                 5408MiB |
|    0   14    0          2792928      C   .../conda_env/Pytorch/bin/python       4788MiB |
|    0   14    0          2792931      C   .../conda_env/Pytorch/bin/python       4788MiB |
|    0    1    0          3663038      C   ...nda3/envs/spot_nsf/bin/python      39840MiB |
|    1    5    0           663096      C   ...yground/CAST/.venv/bin/python       4020MiB |
|    1   14    0          3669225      C   ...e-environment/venv/bin/python        282MiB |
|    3    5    0           638200      C   python                                16440MiB |
|    3    1    0           647714      C   python                                 1518MiB |
+-----------------------------------------------------------------------------------------+
Transfer cell: mode=keep cond=transfer prior=all budget=5/class -> results/transfer_keep
python main.py --gnn gcn --dataset ogbn-arxiv --data_dir ../large_graph/data/   --hidden_channels 512 --epochs 2000 --lr 0.0005 --local_layers 5 --bn --res   --device 0 --runs 10   --rand_split_class --label_num_per_class 5 --resample_split_per_run   --valid_num 2000 --test_num 20000   --year_split 2018 --source_mode keep --budget_tag 5
==========================================================
Low-label sweep: python main.py --gnn gcn --dataset ogbn-arxiv --data_dir ../large_graph/data/   --hidden_channels 512 --epochs 2000 --lr 0.0005 --local_layers 5 --bn --res   --device 0 --runs 10   --rand_split_class --label_num_per_class 5 --resample_split_per_run   --valid_num 2000 --test_num 20000   --year_split 2018 --source_mode keep --budget_tag 5
result_dir=results/transfer_keep conditions=[transfer]
==========================================================
--- transfer prior priors/arxiv_lt2018_all.pt  | lambda=0.01 ---
