Fri Sep  4 13:47:56 2026       
+-----------------------------------------------------------------------------------------+
| NVIDIA-SMI 580.159.04             Driver Version: 580.159.04     CUDA Version: 13.0     |
+-----------------------------------------+------------------------+----------------------+
| GPU  Name                 Persistence-M | Bus-Id          Disp.A | Volatile Uncorr. ECC |
| Fan  Temp   Perf          Pwr:Usage/Cap |           Memory-Usage | GPU-Util  Compute M. |
|                                         |                        |               MIG M. |
|=========================================+========================+======================|
|   0  NVIDIA A100-SXM4-80GB          On  |   00000000:01:00.0 Off |                   On |
| N/A   53C    P0            219W /  500W |   43506MiB /  81920MiB |     N/A      Default |
|                                         |                        |              Enabled |
+-----------------------------------------+------------------------+----------------------+
|   1  NVIDIA A100-SXM4-80GB          On  |   00000000:41:00.0 Off |                   On |
| N/A   37C    P0            150W /  500W |   33544MiB /  81920MiB |     N/A      Default |
|                                         |                        |              Enabled |
+-----------------------------------------+------------------------+----------------------+
|   2  NVIDIA A100-SXM4-80GB          On  |   00000000:81:00.0 Off |                   On |
| N/A   41C    P0            145W /  500W |   37304MiB /  81920MiB |     N/A      Default |
|                                         |                        |              Enabled |
+-----------------------------------------+------------------------+----------------------+
|   3  NVIDIA A100-SXM4-80GB          On  |   00000000:C1:00.0 Off |                   On |
| N/A   44C    P0            216W /  500W |   51662MiB /  81920MiB |     N/A      Default |
|                                         |                        |              Enabled |
+-----------------------------------------+------------------------+----------------------+

+-----------------------------------------------------------------------------------------+
| MIG devices:                                                                            |
+------------------+----------------------------------+-----------+-----------------------+
| GPU  GI  CI  MIG |              Shared Memory-Usage |        Vol|        Shared         |
|      ID  ID  Dev |                Shared BAR1-Usage | SM     Unc| CE ENC  DEC  OFA  JPG |
|                  |                                  |        ECC|                       |
|==================+==================================+===========+=======================|
|  1    5   0   0  |              71MiB / 19968MiB    | 28      0 |  2   0    1    0    0 |
|                  |               0MiB / 12271MiB    |           |                       |
+------------------+----------------------------------+-----------+-----------------------+

+-----------------------------------------------------------------------------------------+
| Processes:                                                                              |
|  GPU   GI   CI              PID   Type   Process name                        GPU Memory |
|        ID   ID                                                               Usage      |
|=========================================================================================|
|    0    1    0          2306037      C   python                                32546MiB |
|    0    5    0          2912451      C   python                                10694MiB |
|    2    2    0          2915024      C   .../geller/tb439/env7/bin/python      31628MiB |
|    2    3    0          2984421      C   python                                 5410MiB |
|    3    1    0          2505545      C   python                                35028MiB |
|    3    5    0          2776853      C   python                                16368MiB |
+-----------------------------------------------------------------------------------------+
Transfer cell: mode=keep cond=baseline prior=all budget=20/class -> results/transfer_keep
python main.py --gnn gcn --dataset ogbn-arxiv --data_dir ../large_graph/data/   --hidden_channels 512 --epochs 2000 --lr 0.0005 --local_layers 5 --bn --res   --device 0 --runs 10   --rand_split_class --label_num_per_class 20 --resample_split_per_run   --valid_num 2000 --test_num 20000   --year_split 2018 --source_mode keep --budget_tag 20
==========================================================
Low-label sweep: python main.py --gnn gcn --dataset ogbn-arxiv --data_dir ../large_graph/data/   --hidden_channels 512 --epochs 2000 --lr 0.0005 --local_layers 5 --bn --res   --device 0 --runs 10   --rand_split_class --label_num_per_class 20 --resample_split_per_run   --valid_num 2000 --test_num 20000   --year_split 2018 --source_mode keep --budget_tag 20
result_dir=results/transfer_keep conditions=[baseline]
==========================================================
--- baseline ---
Namespace(bn=True, budget_tag='20', cooc_file='', count_reg=False, count_smoothing=1.0, cpu=False, data_dir='../large_graph/data/', dataset='ogbn-arxiv', device=0, display_step=100, dropout=0.5, epochs=2000, gnn='gcn', hidden_channels=512, jk=False, label_num_per_class=20, lambda_val=0.5, ln=False, local_layers=5, lr=0.0005, metric='acc', mlp_epochs=500, mlp_reg=False, model='MPNN', model_dir='models', num_heads=1, oracle_reg=False, paired_seeds=True, penalty_transform='none', pre_linear=False, pre_ln=False, rand_split=False, rand_split_class=True, reg_start_epoch=10, reg_update_freq=5, res=True, resample_split_per_run=True, result_dir='results/transfer_keep', runs=10, save_model=False, seed=42, source_mode='keep', test_num=20000, train_per_class=0, train_prop=0.5, use_reg=False, valid_num=2000, valid_per_class=0, valid_prop=0.25, weight_decay=0.0005, year_split=2018)
ogbn-arxiv
Year split at 2018: source (<2018) 90941 nodes | target (>=2018) 78402 nodes | mode=keep
train:torch.Size([788]), valid:torch.Size([2000]), test:torch.Size([20000])
dataset ogbn-arxiv | num nodes 169343 | num edge 1166243 | num node feats 128 | num classes 40
MODEL: MPNNs(
  (h_lins): ModuleList()
  (local_convs): ModuleList(
    (0): GCNConv(128, 512)
    (1): GCNConv(512, 512)
    (2): GCNConv(512, 512)
    (3): GCNConv(512, 512)
    (4): GCNConv(512, 512)
  )
  (lins): ModuleList(
    (0): Linear(in_features=128, out_features=512, bias=True)
    (1): Linear(in_features=512, out_features=512, bias=True)
    (2): Linear(in_features=512, out_features=512, bias=True)
    (3): Linear(in_features=512, out_features=512, bias=True)
    (4): Linear(in_features=512, out_features=512, bias=True)
  )
  (lns): ModuleList(
    (0): LayerNorm((512,), eps=1e-05, elementwise_affine=True)
    (1): LayerNorm((512,), eps=1e-05, elementwise_affine=True)
    (2): LayerNorm((512,), eps=1e-05, elementwise_affine=True)
    (3): LayerNorm((512,), eps=1e-05, elementwise_affine=True)
    (4): LayerNorm((512,), eps=1e-05, elementwise_affine=True)
  )
  (bns): ModuleList(
    (0): BatchNorm1d(512, eps=1e-05, momentum=0.1, affine=True, track_running_stats=True)
    (1): BatchNorm1d(512, eps=1e-05, momentum=0.1, affine=True, track_running_stats=True)
    (2): BatchNorm1d(512, eps=1e-05, momentum=0.1, affine=True, track_running_stats=True)
    (3): BatchNorm1d(512, eps=1e-05, momentum=0.1, affine=True, track_running_stats=True)
    (4): BatchNorm1d(512, eps=1e-05, momentum=0.1, affine=True, track_running_stats=True)
  )
  (lin_in): Linear(in_features=128, out_features=512, bias=True)
  (pred_local): Linear(in_features=512, out_features=40, bias=True)
)
train:torch.Size([788]), valid:torch.Size([2000]), test:torch.Size([20000])
Epoch: 00, Loss: 3.8670, Train: 3.43%, Valid: 2.65%, Test: 2.44%, Best Valid: 2.65%, Best Test: 2.44%
Epoch: 100, Loss: 0.6059, Train: 91.24%, Valid: 40.40%, Test: 39.41%, Best Valid: 40.95%, Best Test: 40.17%
Epoch: 200, Loss: 0.0886, Train: 99.87%, Valid: 44.00%, Test: 43.96%, Best Valid: 44.00%, Best Test: 43.96%
Epoch: 300, Loss: 0.0446, Train: 100.00%, Valid: 41.50%, Test: 42.21%, Best Valid: 49.05%, Best Test: 48.78%
Epoch: 400, Loss: 0.0283, Train: 99.87%, Valid: 39.10%, Test: 39.77%, Best Valid: 49.05%, Best Test: 48.78%
Epoch: 500, Loss: 0.0222, Train: 100.00%, Valid: 40.50%, Test: 40.89%, Best Valid: 49.05%, Best Test: 48.78%
Epoch: 600, Loss: 0.0144, Train: 100.00%, Valid: 37.25%, Test: 37.92%, Best Valid: 49.05%, Best Test: 48.78%
Epoch: 700, Loss: 0.0134, Train: 100.00%, Valid: 37.65%, Test: 38.86%, Best Valid: 49.05%, Best Test: 48.78%
Epoch: 800, Loss: 0.0119, Train: 100.00%, Valid: 34.55%, Test: 35.75%, Best Valid: 49.05%, Best Test: 48.78%
Epoch: 900, Loss: 0.0077, Train: 99.87%, Valid: 44.40%, Test: 45.32%, Best Valid: 49.05%, Best Test: 48.78%
Epoch: 1000, Loss: 0.0127, Train: 100.00%, Valid: 35.25%, Test: 36.55%, Best Valid: 49.05%, Best Test: 48.78%
Epoch: 1100, Loss: 0.0099, Train: 100.00%, Valid: 36.90%, Test: 38.33%, Best Valid: 49.05%, Best Test: 48.78%
Epoch: 1200, Loss: 0.0115, Train: 100.00%, Valid: 35.65%, Test: 35.92%, Best Valid: 49.05%, Best Test: 48.78%
Epoch: 1300, Loss: 0.0089, Train: 100.00%, Valid: 35.55%, Test: 35.55%, Best Valid: 49.05%, Best Test: 48.78%
Epoch: 1400, Loss: 0.0100, Train: 99.87%, Valid: 37.30%, Test: 37.13%, Best Valid: 49.05%, Best Test: 48.78%
Epoch: 1500, Loss: 0.0123, Train: 100.00%, Valid: 28.70%, Test: 28.71%, Best Valid: 49.05%, Best Test: 48.78%
Epoch: 1600, Loss: 0.0050, Train: 100.00%, Valid: 35.00%, Test: 35.91%, Best Valid: 49.05%, Best Test: 48.78%
Epoch: 1700, Loss: 0.0098, Train: 100.00%, Valid: 37.00%, Test: 37.70%, Best Valid: 49.05%, Best Test: 48.78%
Epoch: 1800, Loss: 0.0086, Train: 100.00%, Valid: 31.75%, Test: 32.54%, Best Valid: 49.05%, Best Test: 48.78%
Epoch: 1900, Loss: 0.0054, Train: 100.00%, Valid: 30.55%, Test: 30.98%, Best Valid: 49.05%, Best Test: 48.78%
Run 01:
Highest Train: 100.00
Highest Valid: 49.05
Highest Test: 48.78
Chosen epoch: 210
Final Train: 99.75
Final Test: 48.78
train:torch.Size([788]), valid:torch.Size([2000]), test:torch.Size([20000])
Epoch: 00, Loss: 3.8848, Train: 2.79%, Valid: 0.50%, Test: 0.94%, Best Valid: 0.50%, Best Test: 0.94%
Epoch: 100, Loss: 0.5696, Train: 93.27%, Valid: 48.75%, Test: 48.04%, Best Valid: 48.75%, Best Test: 48.04%
Epoch: 200, Loss: 0.1103, Train: 99.62%, Valid: 46.05%, Test: 45.78%, Best Valid: 50.85%, Best Test: 49.97%
Epoch: 300, Loss: 0.0425, Train: 99.87%, Valid: 45.25%, Test: 44.29%, Best Valid: 51.20%, Best Test: 50.09%
Epoch: 400, Loss: 0.0268, Train: 100.00%, Valid: 47.75%, Test: 46.78%, Best Valid: 51.20%, Best Test: 50.09%
Epoch: 500, Loss: 0.0198, Train: 100.00%, Valid: 48.25%, Test: 48.34%, Best Valid: 51.20%, Best Test: 50.09%
Epoch: 600, Loss: 0.0189, Train: 100.00%, Valid: 39.90%, Test: 38.83%, Best Valid: 51.20%, Best Test: 50.09%
Epoch: 700, Loss: 0.0161, Train: 99.87%, Valid: 42.60%, Test: 42.80%, Best Valid: 51.20%, Best Test: 50.09%
Epoch: 800, Loss: 0.0100, Train: 100.00%, Valid: 43.85%, Test: 42.34%, Best Valid: 51.20%, Best Test: 50.09%
Epoch: 900, Loss: 0.0162, Train: 100.00%, Valid: 43.75%, Test: 42.41%, Best Valid: 51.20%, Best Test: 50.09%
Epoch: 1000, Loss: 0.0155, Train: 100.00%, Valid: 47.00%, Test: 45.77%, Best Valid: 51.20%, Best Test: 50.09%
Epoch: 1100, Loss: 0.0091, Train: 100.00%, Valid: 43.20%, Test: 43.65%, Best Valid: 51.20%, Best Test: 50.09%
Epoch: 1200, Loss: 0.0091, Train: 100.00%, Valid: 36.80%, Test: 35.98%, Best Valid: 51.20%, Best Test: 50.09%
Epoch: 1300, Loss: 0.0183, Train: 100.00%, Valid: 39.90%, Test: 39.05%, Best Valid: 51.20%, Best Test: 50.09%
Epoch: 1400, Loss: 0.0104, Train: 99.87%, Valid: 38.55%, Test: 37.98%, Best Valid: 51.20%, Best Test: 50.09%
Epoch: 1500, Loss: 0.0079, Train: 99.87%, Valid: 36.05%, Test: 35.63%, Best Valid: 51.20%, Best Test: 50.09%
Epoch: 1600, Loss: 0.0086, Train: 100.00%, Valid: 43.90%, Test: 43.60%, Best Valid: 51.20%, Best Test: 50.09%
Epoch: 1700, Loss: 0.0078, Train: 100.00%, Valid: 41.05%, Test: 40.27%, Best Valid: 51.20%, Best Test: 50.09%
Epoch: 1800, Loss: 0.0043, Train: 100.00%, Valid: 35.60%, Test: 35.55%, Best Valid: 51.20%, Best Test: 50.09%
Epoch: 1900, Loss: 0.0094, Train: 99.62%, Valid: 33.75%, Test: 33.23%, Best Valid: 51.20%, Best Test: 50.09%
Run 02:
Highest Train: 100.00
Highest Valid: 51.20
Highest Test: 50.35
Chosen epoch: 249
Final Train: 100.00
Final Test: 50.09
train:torch.Size([788]), valid:torch.Size([2000]), test:torch.Size([20000])
Epoch: 00, Loss: 3.8668, Train: 1.90%, Valid: 11.25%, Test: 12.04%, Best Valid: 11.25%, Best Test: 12.04%
Epoch: 100, Loss: 0.5944, Train: 91.88%, Valid: 47.40%, Test: 46.59%, Best Valid: 48.35%, Best Test: 47.59%
Epoch: 200, Loss: 0.1018, Train: 99.87%, Valid: 47.30%, Test: 46.18%, Best Valid: 50.35%, Best Test: 48.65%
Epoch: 300, Loss: 0.0433, Train: 100.00%, Valid: 44.80%, Test: 44.19%, Best Valid: 50.35%, Best Test: 48.65%
Epoch: 400, Loss: 0.0262, Train: 100.00%, Valid: 44.60%, Test: 44.22%, Best Valid: 50.35%, Best Test: 48.65%
Epoch: 500, Loss: 0.0196, Train: 100.00%, Valid: 45.40%, Test: 45.43%, Best Valid: 50.35%, Best Test: 48.65%
Epoch: 600, Loss: 0.0077, Train: 100.00%, Valid: 40.80%, Test: 41.02%, Best Valid: 50.35%, Best Test: 48.65%
Epoch: 700, Loss: 0.0111, Train: 100.00%, Valid: 40.50%, Test: 41.22%, Best Valid: 50.35%, Best Test: 48.65%
Epoch: 800, Loss: 0.0089, Train: 100.00%, Valid: 50.30%, Test: 50.18%, Best Valid: 51.85%, Best Test: 51.63%
Epoch: 900, Loss: 0.0122, Train: 100.00%, Valid: 37.35%, Test: 37.91%, Best Valid: 51.85%, Best Test: 51.63%
Epoch: 1000, Loss: 0.0116, Train: 100.00%, Valid: 35.95%, Test: 35.20%, Best Valid: 51.85%, Best Test: 51.63%
Epoch: 1100, Loss: 0.0123, Train: 99.87%, Valid: 37.80%, Test: 36.67%, Best Valid: 51.85%, Best Test: 51.63%
Epoch: 1200, Loss: 0.0085, Train: 100.00%, Valid: 39.15%, Test: 38.81%, Best Valid: 51.85%, Best Test: 51.63%
Epoch: 1300, Loss: 0.0141, Train: 100.00%, Valid: 44.35%, Test: 44.42%, Best Valid: 51.85%, Best Test: 51.63%
Epoch: 1400, Loss: 0.0168, Train: 99.49%, Valid: 29.60%, Test: 29.72%, Best Valid: 51.85%, Best Test: 51.63%
Epoch: 1500, Loss: 0.0111, Train: 100.00%, Valid: 42.55%, Test: 41.62%, Best Valid: 51.85%, Best Test: 51.63%
Epoch: 1600, Loss: 0.0096, Train: 99.75%, Valid: 36.70%, Test: 37.92%, Best Valid: 51.85%, Best Test: 51.63%
Epoch: 1700, Loss: 0.0055, Train: 100.00%, Valid: 41.00%, Test: 40.36%, Best Valid: 51.85%, Best Test: 51.63%
Epoch: 1800, Loss: 0.0091, Train: 100.00%, Valid: 35.80%, Test: 35.95%, Best Valid: 51.85%, Best Test: 51.63%
Epoch: 1900, Loss: 0.0072, Train: 100.00%, Valid: 39.80%, Test: 39.18%, Best Valid: 51.85%, Best Test: 51.63%
Run 03:
Highest Train: 100.00
Highest Valid: 51.85
Highest Test: 51.67
Chosen epoch: 796
Final Train: 100.00
Final Test: 51.63
train:torch.Size([788]), valid:torch.Size([2000]), test:torch.Size([20000])
Epoch: 00, Loss: 3.9205, Train: 2.92%, Valid: 8.75%, Test: 8.44%, Best Valid: 8.75%, Best Test: 8.44%
Epoch: 100, Loss: 0.5291, Train: 93.91%, Valid: 44.20%, Test: 43.12%, Best Valid: 45.00%, Best Test: 44.48%
Epoch: 200, Loss: 0.0912, Train: 100.00%, Valid: 44.35%, Test: 44.32%, Best Valid: 51.70%, Best Test: 51.15%
Epoch: 300, Loss: 0.0450, Train: 99.87%, Valid: 38.55%, Test: 38.50%, Best Valid: 51.70%, Best Test: 51.15%
Epoch: 400, Loss: 0.0277, Train: 100.00%, Valid: 45.40%, Test: 45.49%, Best Valid: 51.70%, Best Test: 51.15%
Epoch: 500, Loss: 0.0130, Train: 100.00%, Valid: 45.95%, Test: 45.71%, Best Valid: 51.80%, Best Test: 51.78%
Epoch: 600, Loss: 0.0136, Train: 100.00%, Valid: 46.65%, Test: 47.33%, Best Valid: 51.80%, Best Test: 51.78%
Epoch: 700, Loss: 0.0101, Train: 100.00%, Valid: 41.00%, Test: 40.70%, Best Valid: 51.80%, Best Test: 51.78%
Epoch: 800, Loss: 0.0101, Train: 100.00%, Valid: 43.80%, Test: 43.74%, Best Valid: 51.80%, Best Test: 51.78%
Epoch: 900, Loss: 0.0054, Train: 100.00%, Valid: 46.20%, Test: 46.45%, Best Valid: 51.80%, Best Test: 51.78%
Epoch: 1000, Loss: 0.0057, Train: 100.00%, Valid: 41.45%, Test: 41.30%, Best Valid: 51.80%, Best Test: 51.78%
Epoch: 1100, Loss: 0.0081, Train: 99.87%, Valid: 36.80%, Test: 36.45%, Best Valid: 51.80%, Best Test: 51.78%
Epoch: 1200, Loss: 0.0079, Train: 100.00%, Valid: 43.85%, Test: 43.46%, Best Valid: 51.80%, Best Test: 51.78%
Epoch: 1300, Loss: 0.0077, Train: 99.87%, Valid: 49.75%, Test: 49.87%, Best Valid: 51.80%, Best Test: 51.78%
Epoch: 1400, Loss: 0.0131, Train: 99.49%, Valid: 53.45%, Test: 52.49%, Best Valid: 53.45%, Best Test: 52.49%
Epoch: 1500, Loss: 0.0094, Train: 99.75%, Valid: 38.40%, Test: 38.05%, Best Valid: 53.45%, Best Test: 52.49%
Epoch: 1600, Loss: 0.0155, Train: 100.00%, Valid: 46.35%, Test: 46.64%, Best Valid: 53.45%, Best Test: 52.49%
Epoch: 1700, Loss: 0.0035, Train: 100.00%, Valid: 40.90%, Test: 41.26%, Best Valid: 53.45%, Best Test: 52.49%
Epoch: 1800, Loss: 0.0107, Train: 100.00%, Valid: 43.40%, Test: 44.41%, Best Valid: 53.45%, Best Test: 52.49%
Epoch: 1900, Loss: 0.0066, Train: 99.87%, Valid: 33.05%, Test: 32.13%, Best Valid: 53.45%, Best Test: 52.49%
Run 04:
Highest Train: 100.00
Highest Valid: 53.45
Highest Test: 52.62
Chosen epoch: 1400
Final Train: 99.49
Final Test: 52.49
train:torch.Size([788]), valid:torch.Size([2000]), test:torch.Size([20000])
Epoch: 00, Loss: 3.8627, Train: 2.66%, Valid: 12.95%, Test: 12.34%, Best Valid: 12.95%, Best Test: 12.34%
Epoch: 100, Loss: 0.5898, Train: 93.40%, Valid: 46.45%, Test: 48.34%, Best Valid: 48.70%, Best Test: 49.53%
Epoch: 200, Loss: 0.1049, Train: 99.87%, Valid: 48.70%, Test: 49.55%, Best Valid: 51.85%, Best Test: 51.77%
Epoch: 300, Loss: 0.0445, Train: 100.00%, Valid: 44.40%, Test: 45.83%, Best Valid: 51.85%, Best Test: 51.77%
Epoch: 400, Loss: 0.0277, Train: 100.00%, Valid: 40.45%, Test: 40.52%, Best Valid: 51.85%, Best Test: 51.77%
Epoch: 500, Loss: 0.0228, Train: 100.00%, Valid: 38.25%, Test: 39.45%, Best Valid: 51.85%, Best Test: 51.77%
Epoch: 600, Loss: 0.0179, Train: 100.00%, Valid: 42.25%, Test: 43.02%, Best Valid: 51.85%, Best Test: 51.77%
Epoch: 700, Loss: 0.0106, Train: 100.00%, Valid: 39.50%, Test: 39.47%, Best Valid: 51.85%, Best Test: 51.77%
Epoch: 800, Loss: 0.0085, Train: 100.00%, Valid: 41.20%, Test: 41.49%, Best Valid: 51.85%, Best Test: 51.77%
Epoch: 900, Loss: 0.0064, Train: 100.00%, Valid: 40.70%, Test: 40.74%, Best Valid: 51.85%, Best Test: 51.77%
Epoch: 1000, Loss: 0.0062, Train: 100.00%, Valid: 43.10%, Test: 44.07%, Best Valid: 51.85%, Best Test: 51.77%
Epoch: 1100, Loss: 0.0103, Train: 100.00%, Valid: 41.65%, Test: 42.37%, Best Valid: 51.85%, Best Test: 51.77%
Epoch: 1200, Loss: 0.0109, Train: 100.00%, Valid: 39.80%, Test: 39.99%, Best Valid: 51.85%, Best Test: 51.77%
Epoch: 1300, Loss: 0.0123, Train: 99.87%, Valid: 34.80%, Test: 35.05%, Best Valid: 51.85%, Best Test: 51.77%
Epoch: 1400, Loss: 0.0080, Train: 100.00%, Valid: 39.20%, Test: 38.79%, Best Valid: 53.00%, Best Test: 51.62%
Epoch: 1500, Loss: 0.0095, Train: 100.00%, Valid: 43.85%, Test: 44.69%, Best Valid: 53.00%, Best Test: 51.62%
Epoch: 1600, Loss: 0.0052, Train: 100.00%, Valid: 42.95%, Test: 42.37%, Best Valid: 53.00%, Best Test: 51.62%
Epoch: 1700, Loss: 0.0093, Train: 100.00%, Valid: 37.75%, Test: 38.97%, Best Valid: 53.00%, Best Test: 51.62%
Epoch: 1800, Loss: 0.0211, Train: 99.87%, Valid: 38.40%, Test: 38.75%, Best Valid: 53.00%, Best Test: 51.62%
Epoch: 1900, Loss: 0.0098, Train: 100.00%, Valid: 43.50%, Test: 42.94%, Best Valid: 53.00%, Best Test: 51.62%
Run 05:
Highest Train: 100.00
Highest Valid: 53.00
Highest Test: 52.00
Chosen epoch: 1352
Final Train: 99.87
Final Test: 51.62
train:torch.Size([788]), valid:torch.Size([2000]), test:torch.Size([20000])
Epoch: 00, Loss: 3.8230, Train: 2.16%, Valid: 2.65%, Test: 2.46%, Best Valid: 2.65%, Best Test: 2.46%
Epoch: 100, Loss: 0.5620, Train: 94.42%, Valid: 48.05%, Test: 45.88%, Best Valid: 48.05%, Best Test: 45.88%
Epoch: 200, Loss: 0.1243, Train: 99.49%, Valid: 45.65%, Test: 45.17%, Best Valid: 52.20%, Best Test: 51.46%
Epoch: 300, Loss: 0.0408, Train: 100.00%, Valid: 44.20%, Test: 42.99%, Best Valid: 52.55%, Best Test: 51.57%
Epoch: 400, Loss: 0.0221, Train: 100.00%, Valid: 39.10%, Test: 37.77%, Best Valid: 52.55%, Best Test: 51.57%
Epoch: 500, Loss: 0.0245, Train: 100.00%, Valid: 44.55%, Test: 44.19%, Best Valid: 52.55%, Best Test: 51.57%
Epoch: 600, Loss: 0.0128, Train: 100.00%, Valid: 46.95%, Test: 46.70%, Best Valid: 52.55%, Best Test: 51.57%
Epoch: 700, Loss: 0.0177, Train: 100.00%, Valid: 41.00%, Test: 40.97%, Best Valid: 52.55%, Best Test: 51.57%
Epoch: 800, Loss: 0.0073, Train: 100.00%, Valid: 43.80%, Test: 43.70%, Best Valid: 52.55%, Best Test: 51.57%
Epoch: 900, Loss: 0.0084, Train: 100.00%, Valid: 42.10%, Test: 41.69%, Best Valid: 52.55%, Best Test: 51.57%
Epoch: 1000, Loss: 0.0116, Train: 99.87%, Valid: 40.15%, Test: 39.81%, Best Valid: 52.55%, Best Test: 51.57%
Epoch: 1100, Loss: 0.0123, Train: 100.00%, Valid: 38.10%, Test: 37.04%, Best Valid: 52.55%, Best Test: 51.57%
Epoch: 1200, Loss: 0.0153, Train: 99.87%, Valid: 37.90%, Test: 36.78%, Best Valid: 52.55%, Best Test: 51.57%
Epoch: 1300, Loss: 0.0113, Train: 100.00%, Valid: 36.20%, Test: 34.54%, Best Valid: 52.55%, Best Test: 51.57%
Epoch: 1400, Loss: 0.0112, Train: 100.00%, Valid: 41.85%, Test: 41.76%, Best Valid: 52.55%, Best Test: 51.57%
Epoch: 1500, Loss: 0.0150, Train: 100.00%, Valid: 39.60%, Test: 39.48%, Best Valid: 52.55%, Best Test: 51.57%
Epoch: 1600, Loss: 0.0089, Train: 100.00%, Valid: 41.80%, Test: 41.25%, Best Valid: 52.55%, Best Test: 51.57%
Epoch: 1700, Loss: 0.0271, Train: 100.00%, Valid: 38.75%, Test: 39.00%, Best Valid: 52.55%, Best Test: 51.57%
Epoch: 1800, Loss: 0.0046, Train: 100.00%, Valid: 38.55%, Test: 37.13%, Best Valid: 52.55%, Best Test: 51.57%
Epoch: 1900, Loss: 0.0048, Train: 100.00%, Valid: 42.70%, Test: 42.24%, Best Valid: 52.55%, Best Test: 51.57%
Run 06:
Highest Train: 100.00
Highest Valid: 52.55
Highest Test: 51.71
Chosen epoch: 231
Final Train: 99.37
Final Test: 51.56
train:torch.Size([788]), valid:torch.Size([2000]), test:torch.Size([20000])
Epoch: 00, Loss: 3.8865, Train: 3.55%, Valid: 0.80%, Test: 0.69%, Best Valid: 0.80%, Best Test: 0.69%
Epoch: 100, Loss: 0.5532, Train: 92.26%, Valid: 45.15%, Test: 44.96%, Best Valid: 45.90%, Best Test: 45.06%
Epoch: 200, Loss: 0.1021, Train: 100.00%, Valid: 47.25%, Test: 46.58%, Best Valid: 49.95%, Best Test: 49.85%
Epoch: 300, Loss: 0.0378, Train: 100.00%, Valid: 45.50%, Test: 44.80%, Best Valid: 49.95%, Best Test: 49.85%
Epoch: 400, Loss: 0.0182, Train: 100.00%, Valid: 44.60%, Test: 46.18%, Best Valid: 49.95%, Best Test: 49.85%
Epoch: 500, Loss: 0.0221, Train: 100.00%, Valid: 43.05%, Test: 43.38%, Best Valid: 49.95%, Best Test: 49.85%
Epoch: 600, Loss: 0.0133, Train: 100.00%, Valid: 44.60%, Test: 44.47%, Best Valid: 49.95%, Best Test: 49.85%
Epoch: 700, Loss: 0.0112, Train: 100.00%, Valid: 41.45%, Test: 41.97%, Best Valid: 49.95%, Best Test: 49.85%
Epoch: 800, Loss: 0.0150, Train: 100.00%, Valid: 43.45%, Test: 43.13%, Best Valid: 49.95%, Best Test: 49.85%
Epoch: 900, Loss: 0.0087, Train: 100.00%, Valid: 42.65%, Test: 43.42%, Best Valid: 49.95%, Best Test: 49.85%
Epoch: 1000, Loss: 0.0101, Train: 100.00%, Valid: 42.00%, Test: 42.32%, Best Valid: 49.95%, Best Test: 49.85%
Epoch: 1100, Loss: 0.0060, Train: 100.00%, Valid: 42.20%, Test: 41.95%, Best Valid: 49.95%, Best Test: 49.85%
Epoch: 1200, Loss: 0.0165, Train: 100.00%, Valid: 42.75%, Test: 43.26%, Best Valid: 49.95%, Best Test: 49.85%
Epoch: 1300, Loss: 0.0059, Train: 100.00%, Valid: 37.65%, Test: 36.79%, Best Valid: 49.95%, Best Test: 49.85%
Epoch: 1400, Loss: 0.0134, Train: 100.00%, Valid: 41.10%, Test: 42.05%, Best Valid: 49.95%, Best Test: 49.85%
Epoch: 1500, Loss: 0.0057, Train: 100.00%, Valid: 42.15%, Test: 42.91%, Best Valid: 49.95%, Best Test: 49.85%
Epoch: 1600, Loss: 0.0094, Train: 100.00%, Valid: 41.80%, Test: 42.04%, Best Valid: 49.95%, Best Test: 49.85%
Epoch: 1700, Loss: 0.0073, Train: 100.00%, Valid: 38.55%, Test: 39.12%, Best Valid: 49.95%, Best Test: 49.85%
Epoch: 1800, Loss: 0.0111, Train: 100.00%, Valid: 42.30%, Test: 43.40%, Best Valid: 49.95%, Best Test: 49.85%
Epoch: 1900, Loss: 0.0083, Train: 99.87%, Valid: 38.50%, Test: 38.05%, Best Valid: 49.95%, Best Test: 49.85%
Run 07:
Highest Train: 100.00
Highest Valid: 49.95
Highest Test: 50.13
Chosen epoch: 160
Final Train: 98.86
Final Test: 49.85
train:torch.Size([788]), valid:torch.Size([2000]), test:torch.Size([20000])
Epoch: 00, Loss: 3.8463, Train: 2.66%, Valid: 0.20%, Test: 0.17%, Best Valid: 0.20%, Best Test: 0.17%
Epoch: 100, Loss: 0.5765, Train: 90.61%, Valid: 46.40%, Test: 45.02%, Best Valid: 49.30%, Best Test: 49.08%
Epoch: 200, Loss: 0.1119, Train: 100.00%, Valid: 48.15%, Test: 46.34%, Best Valid: 52.50%, Best Test: 50.47%
Epoch: 300, Loss: 0.0415, Train: 100.00%, Valid: 48.50%, Test: 46.22%, Best Valid: 53.30%, Best Test: 52.18%
Epoch: 400, Loss: 0.0287, Train: 100.00%, Valid: 46.25%, Test: 45.07%, Best Valid: 53.30%, Best Test: 52.18%
Epoch: 500, Loss: 0.0205, Train: 100.00%, Valid: 41.50%, Test: 40.06%, Best Valid: 53.30%, Best Test: 52.18%
Epoch: 600, Loss: 0.0153, Train: 100.00%, Valid: 48.05%, Test: 47.53%, Best Valid: 53.30%, Best Test: 52.18%
Epoch: 700, Loss: 0.0140, Train: 100.00%, Valid: 46.50%, Test: 44.89%, Best Valid: 53.30%, Best Test: 52.18%
Epoch: 800, Loss: 0.0092, Train: 100.00%, Valid: 44.05%, Test: 43.04%, Best Valid: 53.30%, Best Test: 52.18%
Epoch: 900, Loss: 0.0102, Train: 100.00%, Valid: 41.80%, Test: 40.13%, Best Valid: 53.30%, Best Test: 52.18%
Epoch: 1000, Loss: 0.0130, Train: 100.00%, Valid: 42.00%, Test: 41.45%, Best Valid: 53.30%, Best Test: 52.18%
Epoch: 1100, Loss: 0.0104, Train: 100.00%, Valid: 37.50%, Test: 36.91%, Best Valid: 53.30%, Best Test: 52.18%
Epoch: 1200, Loss: 0.0080, Train: 99.75%, Valid: 36.40%, Test: 35.17%, Best Valid: 53.30%, Best Test: 52.18%
Epoch: 1300, Loss: 0.0067, Train: 100.00%, Valid: 39.80%, Test: 36.69%, Best Valid: 53.30%, Best Test: 52.18%
Epoch: 1400, Loss: 0.0092, Train: 100.00%, Valid: 44.35%, Test: 43.66%, Best Valid: 53.30%, Best Test: 52.18%
Epoch: 1500, Loss: 0.0104, Train: 100.00%, Valid: 38.45%, Test: 36.95%, Best Valid: 53.30%, Best Test: 52.18%
Epoch: 1600, Loss: 0.0091, Train: 100.00%, Valid: 41.85%, Test: 40.96%, Best Valid: 53.30%, Best Test: 52.18%
Epoch: 1700, Loss: 0.0114, Train: 100.00%, Valid: 39.50%, Test: 39.35%, Best Valid: 53.30%, Best Test: 52.18%
Epoch: 1800, Loss: 0.0133, Train: 100.00%, Valid: 37.60%, Test: 36.17%, Best Valid: 53.30%, Best Test: 52.18%
Epoch: 1900, Loss: 0.0048, Train: 100.00%, Valid: 45.30%, Test: 45.84%, Best Valid: 53.30%, Best Test: 52.18%
Run 08:
Highest Train: 100.00
Highest Valid: 53.30
Highest Test: 52.28
Chosen epoch: 261
Final Train: 99.87
Final Test: 52.18
train:torch.Size([788]), valid:torch.Size([2000]), test:torch.Size([20000])
Epoch: 00, Loss: 3.8563, Train: 2.54%, Valid: 0.55%, Test: 0.68%, Best Valid: 0.55%, Best Test: 0.68%
Epoch: 100, Loss: 0.6207, Train: 92.26%, Valid: 46.90%, Test: 46.57%, Best Valid: 47.25%, Best Test: 46.45%
Epoch: 200, Loss: 0.1386, Train: 99.87%, Valid: 46.75%, Test: 46.38%, Best Valid: 50.45%, Best Test: 50.27%
Epoch: 300, Loss: 0.0425, Train: 100.00%, Valid: 45.45%, Test: 44.95%, Best Valid: 50.45%, Best Test: 50.27%
Epoch: 400, Loss: 0.0278, Train: 100.00%, Valid: 44.30%, Test: 44.51%, Best Valid: 50.45%, Best Test: 50.27%
Epoch: 500, Loss: 0.0165, Train: 100.00%, Valid: 41.95%, Test: 41.44%, Best Valid: 50.45%, Best Test: 50.27%
Epoch: 600, Loss: 0.0203, Train: 100.00%, Valid: 43.80%, Test: 43.49%, Best Valid: 50.45%, Best Test: 50.27%
Epoch: 700, Loss: 0.0108, Train: 100.00%, Valid: 38.00%, Test: 38.27%, Best Valid: 50.45%, Best Test: 50.27%
Epoch: 800, Loss: 0.0176, Train: 100.00%, Valid: 39.30%, Test: 39.83%, Best Valid: 50.45%, Best Test: 50.27%
Epoch: 900, Loss: 0.0084, Train: 100.00%, Valid: 42.95%, Test: 43.02%, Best Valid: 50.45%, Best Test: 50.27%
Epoch: 1000, Loss: 0.0076, Train: 100.00%, Valid: 41.85%, Test: 41.16%, Best Valid: 50.45%, Best Test: 50.27%
Epoch: 1100, Loss: 0.0089, Train: 100.00%, Valid: 36.55%, Test: 36.23%, Best Valid: 50.45%, Best Test: 50.27%
Epoch: 1200, Loss: 0.0061, Train: 100.00%, Valid: 38.95%, Test: 38.95%, Best Valid: 50.45%, Best Test: 50.27%
Epoch: 1300, Loss: 0.0109, Train: 100.00%, Valid: 36.40%, Test: 36.61%, Best Valid: 50.45%, Best Test: 50.27%
Epoch: 1400, Loss: 0.0078, Train: 100.00%, Valid: 35.95%, Test: 36.31%, Best Valid: 50.45%, Best Test: 50.27%
Epoch: 1500, Loss: 0.0232, Train: 99.87%, Valid: 37.95%, Test: 38.77%, Best Valid: 50.45%, Best Test: 50.27%
Epoch: 1600, Loss: 0.0057, Train: 100.00%, Valid: 36.45%, Test: 36.28%, Best Valid: 50.45%, Best Test: 50.27%
Epoch: 1700, Loss: 0.0121, Train: 100.00%, Valid: 42.35%, Test: 41.84%, Best Valid: 50.45%, Best Test: 50.27%
Epoch: 1800, Loss: 0.0204, Train: 99.87%, Valid: 33.00%, Test: 32.98%, Best Valid: 50.45%, Best Test: 50.27%
Epoch: 1900, Loss: 0.0153, Train: 100.00%, Valid: 41.05%, Test: 41.84%, Best Valid: 50.45%, Best Test: 50.27%
Run 09:
Highest Train: 100.00
Highest Valid: 50.45
Highest Test: 50.42
Chosen epoch: 177
Final Train: 99.87
Final Test: 50.27
train:torch.Size([788]), valid:torch.Size([2000]), test:torch.Size([20000])
Epoch: 00, Loss: 3.9084, Train: 2.41%, Valid: 0.80%, Test: 0.54%, Best Valid: 0.80%, Best Test: 0.54%
Epoch: 100, Loss: 0.6000, Train: 93.15%, Valid: 44.30%, Test: 44.47%, Best Valid: 44.85%, Best Test: 44.85%
Epoch: 200, Loss: 0.1076, Train: 99.49%, Valid: 41.95%, Test: 41.69%, Best Valid: 49.05%, Best Test: 50.13%
Epoch: 300, Loss: 0.0369, Train: 100.00%, Valid: 45.60%, Test: 45.32%, Best Valid: 51.05%, Best Test: 51.25%
Epoch: 400, Loss: 0.0205, Train: 100.00%, Valid: 47.35%, Test: 45.76%, Best Valid: 52.25%, Best Test: 52.08%
Epoch: 500, Loss: 0.0196, Train: 100.00%, Valid: 44.10%, Test: 43.95%, Best Valid: 52.25%, Best Test: 52.08%
Epoch: 600, Loss: 0.0144, Train: 100.00%, Valid: 42.15%, Test: 40.88%, Best Valid: 52.25%, Best Test: 52.08%
Epoch: 700, Loss: 0.0125, Train: 100.00%, Valid: 44.85%, Test: 44.44%, Best Valid: 52.25%, Best Test: 52.08%
Epoch: 800, Loss: 0.0090, Train: 100.00%, Valid: 45.65%, Test: 44.75%, Best Valid: 52.25%, Best Test: 52.08%
Epoch: 900, Loss: 0.0079, Train: 100.00%, Valid: 46.35%, Test: 45.75%, Best Valid: 52.25%, Best Test: 52.08%
Epoch: 1000, Loss: 0.0149, Train: 100.00%, Valid: 43.05%, Test: 42.68%, Best Valid: 52.25%, Best Test: 52.08%
Epoch: 1100, Loss: 0.0065, Train: 100.00%, Valid: 46.35%, Test: 46.12%, Best Valid: 52.25%, Best Test: 52.08%
Epoch: 1200, Loss: 0.0116, Train: 100.00%, Valid: 44.55%, Test: 43.98%, Best Valid: 52.25%, Best Test: 52.08%
Epoch: 1300, Loss: 0.0056, Train: 99.87%, Valid: 41.00%, Test: 40.87%, Best Valid: 52.25%, Best Test: 52.08%
Epoch: 1400, Loss: 0.0175, Train: 100.00%, Valid: 39.25%, Test: 37.73%, Best Valid: 52.25%, Best Test: 52.08%
Epoch: 1500, Loss: 0.0052, Train: 100.00%, Valid: 42.30%, Test: 40.87%, Best Valid: 52.25%, Best Test: 52.08%
Epoch: 1600, Loss: 0.0067, Train: 100.00%, Valid: 39.55%, Test: 37.69%, Best Valid: 52.25%, Best Test: 52.08%
Epoch: 1700, Loss: 0.0230, Train: 100.00%, Valid: 45.65%, Test: 44.05%, Best Valid: 52.25%, Best Test: 52.08%
Epoch: 1800, Loss: 0.0075, Train: 100.00%, Valid: 41.65%, Test: 42.45%, Best Valid: 52.25%, Best Test: 52.08%
Epoch: 1900, Loss: 0.0056, Train: 100.00%, Valid: 38.25%, Test: 37.31%, Best Valid: 52.25%, Best Test: 52.08%
Run 10:
Highest Train: 100.00
Highest Valid: 52.25
Highest Test: 52.69
Chosen epoch: 311
Final Train: 100.00
Final Test: 52.07
All runs:
Highest Train: 100.00 ± 0.00
Highest Test: 51.27 ± 1.28
Highest Valid: 51.70 ± 1.50
  Final Train: 99.71 ± 0.37
   Final Test: 51.06 ± 1.22
Saving results to results/transfer_keep/ogbn-arxiv/MPNN_gcn.csv
Low-label sweep completed.
Task 16 done.
