Fri Sep 11 15:06:21 2026       
+-----------------------------------------------------------------------------------------+
| NVIDIA-SMI 580.159.04             Driver Version: 580.159.04     CUDA Version: 13.0     |
+-----------------------------------------+------------------------+----------------------+
| GPU  Name                 Persistence-M | Bus-Id          Disp.A | Volatile Uncorr. ECC |
| Fan  Temp   Perf          Pwr:Usage/Cap |           Memory-Usage | GPU-Util  Compute M. |
|                                         |                        |               MIG M. |
|=========================================+========================+======================|
|   0  NVIDIA A100-SXM4-80GB          On  |   00000000:01:00.0 Off |                   On |
| N/A   44C    P0            175W /  500W |   34677MiB /  81920MiB |     N/A      Default |
|                                         |                        |              Enabled |
+-----------------------------------------+------------------------+----------------------+
|   1  NVIDIA A100-SXM4-80GB          On  |   00000000:41:00.0 Off |                   On |
| N/A   48C    P0            242W /  500W |   10737MiB /  81920MiB |     N/A      Default |
|                                         |                        |              Enabled |
+-----------------------------------------+------------------------+----------------------+
|   2  NVIDIA A100-SXM4-80GB          On  |   00000000:81:00.0 Off |                   On |
| N/A   34C    P0             53W /  500W |     249MiB /  81920MiB |     N/A      Default |
|                                         |                        |              Enabled |
+-----------------------------------------+------------------------+----------------------+
|   3  NVIDIA A100-SXM4-80GB          On  |   00000000:C1:00.0 Off |                   On |
| N/A   35C    P0            141W /  500W |   16863MiB /  81920MiB |     N/A      Default |
|                                         |                        |              Enabled |
+-----------------------------------------+------------------------+----------------------+

+-----------------------------------------------------------------------------------------+
| MIG devices:                                                                            |
+------------------+----------------------------------+-----------+-----------------------+
| GPU  GI  CI  MIG |              Shared Memory-Usage |        Vol|        Shared         |
|      ID  ID  Dev |                Shared BAR1-Usage | SM     Unc| CE ENC  DEC  OFA  JPG |
|                  |                                  |        ECC|                       |
|==================+==================================+===========+=======================|
|  0    5   0   0  |              71MiB / 19968MiB    | 28      0 |  2   0    1    0    0 |
|                  |               0MiB / 12271MiB    |           |                       |
+------------------+----------------------------------+-----------+-----------------------+

+-----------------------------------------------------------------------------------------+
| Processes:                                                                              |
|  GPU   GI   CI              PID   Type   Process name                        GPU Memory |
|        ID   ID                                                               Usage      |
|=========================================================================================|
|    1   13    0           960290      C   ...ware/symmetrix-env/bin/python       1934MiB |
|    1   14    0           960291      C   ...ware/symmetrix-env/bin/python       1394MiB |
|    1    1    0          1270369      C   python                                 6232MiB |
|    1    5    0          2207538      C   python                                  896MiB |
|    3    5    0          2198676      C   python                                16606MiB |
+-----------------------------------------------------------------------------------------+
Transfer cell: mode=keep cond=count prior=all budget=50/class -> results/transfer_keep
python main.py --gnn gcn --dataset ogbn-arxiv --data_dir ../large_graph/data/   --hidden_channels 512 --epochs 2000 --lr 0.0005 --local_layers 5 --bn --res   --device 0 --runs 10   --rand_split_class --label_num_per_class 50 --resample_split_per_run   --valid_num 2000 --test_num 20000   --year_split 2018 --source_mode keep --budget_tag 50
==========================================================
Low-label sweep: python main.py --gnn gcn --dataset ogbn-arxiv --data_dir ../large_graph/data/   --hidden_channels 512 --epochs 2000 --lr 0.0005 --local_layers 5 --bn --res   --device 0 --runs 10   --rand_split_class --label_num_per_class 50 --resample_split_per_run   --valid_num 2000 --test_num 20000   --year_split 2018 --source_mode keep --budget_tag 50
result_dir=results/transfer_keep conditions=[count]
==========================================================
--- count_reg | lambda=0.01 ---
    (already completed — requeue resume, skipping)
--- count_reg | lambda=0.05 ---
Namespace(bn=True, budget_tag='50', cooc_file='', count_reg=True, count_smoothing=1.0, cpu=False, data_dir='../large_graph/data/', dataset='ogbn-arxiv', device=0, display_step=100, dropout=0.5, epochs=2000, gnn='gcn', hidden_channels=512, jk=False, label_num_per_class=50, lambda_val=0.05, ln=False, local_layers=5, lr=0.0005, metric='acc', mlp_epochs=500, mlp_reg=False, model='MPNN', model_dir='models', num_heads=1, oracle_reg=False, paired_seeds=True, penalty_transform='none', pre_linear=False, pre_ln=False, rand_split=False, rand_split_class=True, reg_start_epoch=10, reg_update_freq=5, res=True, resample_split_per_run=True, result_dir='results/transfer_keep', runs=10, save_model=False, seed=42, source_mode='keep', test_num=20000, train_per_class=0, train_prop=0.5, use_reg=True, valid_num=2000, valid_per_class=0, valid_prop=0.25, weight_decay=0.0005, year_split=2018)
ogbn-arxiv
Year split at 2018: source (<2018) 90941 nodes | target (>=2018) 78402 nodes | mode=keep
train:torch.Size([1958]), valid:torch.Size([2000]), test:torch.Size([20000])
dataset ogbn-arxiv | num nodes 169343 | num edge 1166243 | num node feats 128 | num classes 40
MODEL: MPNNs(
  (h_lins): ModuleList()
  (local_convs): ModuleList(
    (0): GCNConv(128, 512)
    (1): GCNConv(512, 512)
    (2): GCNConv(512, 512)
    (3): GCNConv(512, 512)
    (4): GCNConv(512, 512)
  )
  (lins): ModuleList(
    (0): Linear(in_features=128, out_features=512, bias=True)
    (1): Linear(in_features=512, out_features=512, bias=True)
    (2): Linear(in_features=512, out_features=512, bias=True)
    (3): Linear(in_features=512, out_features=512, bias=True)
    (4): Linear(in_features=512, out_features=512, bias=True)
  )
  (lns): ModuleList(
    (0): LayerNorm((512,), eps=1e-05, elementwise_affine=True)
    (1): LayerNorm((512,), eps=1e-05, elementwise_affine=True)
    (2): LayerNorm((512,), eps=1e-05, elementwise_affine=True)
    (3): LayerNorm((512,), eps=1e-05, elementwise_affine=True)
    (4): LayerNorm((512,), eps=1e-05, elementwise_affine=True)
  )
  (bns): ModuleList(
    (0): BatchNorm1d(512, eps=1e-05, momentum=0.1, affine=True, track_running_stats=True)
    (1): BatchNorm1d(512, eps=1e-05, momentum=0.1, affine=True, track_running_stats=True)
    (2): BatchNorm1d(512, eps=1e-05, momentum=0.1, affine=True, track_running_stats=True)
    (3): BatchNorm1d(512, eps=1e-05, momentum=0.1, affine=True, track_running_stats=True)
    (4): BatchNorm1d(512, eps=1e-05, momentum=0.1, affine=True, track_running_stats=True)
  )
  (lin_in): Linear(in_features=128, out_features=512, bias=True)
  (pred_local): Linear(in_features=512, out_features=40, bias=True)
)
train:torch.Size([1958]), valid:torch.Size([2000]), test:torch.Size([20000])
Counting co-occurrence on train-train edges (leakage-free estimator)...
Count penalty frozen (286 train-train edges).
Epoch: 00, Loss: 4.0644, Train: 3.73%, Valid: 2.15%, Test: 2.43%, Best Valid: 2.15%, Best Test: 2.43%
Epoch: 100, Loss: 0.8018, Train: 85.34%, Valid: 44.70%, Test: 45.52%, Best Valid: 46.55%, Best Test: 46.98%
Epoch: 200, Loss: 0.2259, Train: 96.99%, Valid: 41.45%, Test: 41.83%, Best Valid: 52.60%, Best Test: 52.12%
Epoch: 300, Loss: 0.1131, Train: 99.74%, Valid: 42.80%, Test: 42.63%, Best Valid: 52.60%, Best Test: 52.12%
Epoch: 400, Loss: 0.0641, Train: 99.90%, Valid: 43.40%, Test: 43.25%, Best Valid: 54.05%, Best Test: 53.79%
Epoch: 500, Loss: 0.0410, Train: 99.90%, Valid: 45.55%, Test: 45.22%, Best Valid: 54.05%, Best Test: 53.79%
Epoch: 600, Loss: 0.0404, Train: 100.00%, Valid: 46.70%, Test: 46.12%, Best Valid: 54.10%, Best Test: 53.92%
Epoch: 700, Loss: 0.0287, Train: 99.90%, Valid: 47.60%, Test: 46.62%, Best Valid: 54.35%, Best Test: 54.19%
Epoch: 800, Loss: 0.0265, Train: 99.74%, Valid: 38.40%, Test: 38.33%, Best Valid: 54.35%, Best Test: 54.19%
Epoch: 900, Loss: 0.0279, Train: 100.00%, Valid: 43.00%, Test: 43.05%, Best Valid: 54.70%, Best Test: 53.80%
Epoch: 1000, Loss: 0.0213, Train: 99.95%, Valid: 45.45%, Test: 46.42%, Best Valid: 54.70%, Best Test: 53.80%
Epoch: 1100, Loss: 0.0159, Train: 100.00%, Valid: 46.60%, Test: 45.39%, Best Valid: 54.70%, Best Test: 53.80%
Epoch: 1200, Loss: 0.0198, Train: 99.69%, Valid: 38.75%, Test: 37.95%, Best Valid: 54.70%, Best Test: 53.80%
Epoch: 1300, Loss: 0.0183, Train: 100.00%, Valid: 41.45%, Test: 41.14%, Best Valid: 54.70%, Best Test: 53.80%
Epoch: 1400, Loss: 0.0160, Train: 100.00%, Valid: 36.55%, Test: 37.14%, Best Valid: 54.70%, Best Test: 53.80%
Epoch: 1500, Loss: 0.0174, Train: 100.00%, Valid: 43.85%, Test: 42.73%, Best Valid: 54.70%, Best Test: 53.80%
Epoch: 1600, Loss: 0.0167, Train: 99.69%, Valid: 55.30%, Test: 54.26%, Best Valid: 55.50%, Best Test: 54.44%
Epoch: 1700, Loss: 0.0196, Train: 100.00%, Valid: 37.95%, Test: 38.35%, Best Valid: 55.50%, Best Test: 54.44%
Epoch: 1800, Loss: 0.0180, Train: 100.00%, Valid: 34.30%, Test: 35.20%, Best Valid: 55.50%, Best Test: 54.44%
Epoch: 1900, Loss: 0.0142, Train: 100.00%, Valid: 38.20%, Test: 38.88%, Best Valid: 55.50%, Best Test: 54.44%
Run 01:
Highest Train: 100.00
Highest Valid: 55.50
Highest Test: 54.44
Chosen epoch: 1599
Final Train: 99.64
Final Test: 54.44
train:torch.Size([1958]), valid:torch.Size([2000]), test:torch.Size([20000])
Counting co-occurrence on train-train edges (leakage-free estimator)...
Count penalty frozen (250 train-train edges).
Epoch: 00, Loss: 4.0653, Train: 2.35%, Valid: 0.90%, Test: 0.59%, Best Valid: 0.90%, Best Test: 0.59%
Epoch: 100, Loss: 0.7998, Train: 85.65%, Valid: 49.55%, Test: 49.00%, Best Valid: 49.55%, Best Test: 49.00%
Epoch: 200, Loss: 0.2579, Train: 97.96%, Valid: 48.90%, Test: 47.23%, Best Valid: 53.50%, Best Test: 53.45%
Epoch: 300, Loss: 0.1075, Train: 99.49%, Valid: 47.80%, Test: 46.28%, Best Valid: 54.05%, Best Test: 53.02%
Epoch: 400, Loss: 0.0700, Train: 99.85%, Valid: 40.30%, Test: 40.76%, Best Valid: 54.05%, Best Test: 53.02%
Epoch: 500, Loss: 0.0493, Train: 99.95%, Valid: 48.95%, Test: 48.63%, Best Valid: 54.05%, Best Test: 53.02%
Epoch: 600, Loss: 0.0395, Train: 100.00%, Valid: 45.15%, Test: 45.68%, Best Valid: 54.05%, Best Test: 53.02%
Epoch: 700, Loss: 0.0259, Train: 100.00%, Valid: 48.80%, Test: 48.25%, Best Valid: 54.05%, Best Test: 53.02%
Epoch: 800, Loss: 0.0262, Train: 99.95%, Valid: 52.10%, Test: 51.64%, Best Valid: 54.40%, Best Test: 53.83%
Epoch: 900, Loss: 0.0219, Train: 99.95%, Valid: 43.15%, Test: 43.79%, Best Valid: 54.40%, Best Test: 53.83%
Epoch: 1000, Loss: 0.0217, Train: 100.00%, Valid: 42.10%, Test: 42.34%, Best Valid: 54.40%, Best Test: 53.83%
Epoch: 1100, Loss: 0.0247, Train: 100.00%, Valid: 43.25%, Test: 43.37%, Best Valid: 54.40%, Best Test: 53.83%
Epoch: 1200, Loss: 0.0146, Train: 100.00%, Valid: 45.65%, Test: 47.02%, Best Valid: 54.40%, Best Test: 53.83%
Epoch: 1300, Loss: 0.0160, Train: 99.90%, Valid: 43.25%, Test: 44.26%, Best Valid: 54.40%, Best Test: 53.83%
Epoch: 1400, Loss: 0.0199, Train: 100.00%, Valid: 41.30%, Test: 40.54%, Best Valid: 54.40%, Best Test: 53.83%
Epoch: 1500, Loss: 0.0195, Train: 100.00%, Valid: 45.15%, Test: 45.86%, Best Valid: 54.40%, Best Test: 53.83%
Epoch: 1600, Loss: 0.0120, Train: 100.00%, Valid: 47.50%, Test: 46.09%, Best Valid: 54.40%, Best Test: 53.83%
Epoch: 1700, Loss: 0.0152, Train: 100.00%, Valid: 45.90%, Test: 46.12%, Best Valid: 54.40%, Best Test: 53.83%
Epoch: 1800, Loss: 0.0114, Train: 100.00%, Valid: 45.55%, Test: 45.88%, Best Valid: 54.40%, Best Test: 53.83%
Epoch: 1900, Loss: 0.0133, Train: 100.00%, Valid: 45.40%, Test: 45.78%, Best Valid: 54.40%, Best Test: 53.83%
Run 02:
Highest Train: 100.00
Highest Valid: 54.40
Highest Test: 53.83
Chosen epoch: 773
Final Train: 100.00
Final Test: 53.83
train:torch.Size([1958]), valid:torch.Size([2000]), test:torch.Size([20000])
Counting co-occurrence on train-train edges (leakage-free estimator)...
Count penalty frozen (316 train-train edges).
Epoch: 00, Loss: 4.0614, Train: 2.45%, Valid: 10.85%, Test: 10.48%, Best Valid: 10.85%, Best Test: 10.48%
Epoch: 100, Loss: 0.8022, Train: 85.50%, Valid: 50.10%, Test: 51.72%, Best Valid: 50.10%, Best Test: 51.72%
Epoch: 200, Loss: 0.2340, Train: 97.91%, Valid: 51.00%, Test: 52.36%, Best Valid: 54.85%, Best Test: 55.10%
Epoch: 300, Loss: 0.1098, Train: 99.54%, Valid: 53.70%, Test: 54.38%, Best Valid: 54.90%, Best Test: 55.73%
Epoch: 400, Loss: 0.0556, Train: 99.95%, Valid: 45.40%, Test: 46.27%, Best Valid: 54.90%, Best Test: 55.73%
Epoch: 500, Loss: 0.0384, Train: 100.00%, Valid: 48.65%, Test: 50.09%, Best Valid: 54.90%, Best Test: 55.73%
Epoch: 600, Loss: 0.0244, Train: 100.00%, Valid: 45.30%, Test: 47.20%, Best Valid: 54.90%, Best Test: 55.73%
Epoch: 700, Loss: 0.0367, Train: 99.95%, Valid: 51.15%, Test: 51.41%, Best Valid: 54.90%, Best Test: 55.73%
Epoch: 800, Loss: 0.0261, Train: 100.00%, Valid: 45.35%, Test: 46.15%, Best Valid: 54.90%, Best Test: 55.73%
Epoch: 900, Loss: 0.0206, Train: 99.95%, Valid: 45.65%, Test: 47.21%, Best Valid: 54.90%, Best Test: 55.73%
Epoch: 1000, Loss: 0.0174, Train: 100.00%, Valid: 49.60%, Test: 50.73%, Best Valid: 54.90%, Best Test: 55.73%
Epoch: 1100, Loss: 0.0161, Train: 99.95%, Valid: 48.70%, Test: 49.31%, Best Valid: 54.90%, Best Test: 55.73%
Epoch: 1200, Loss: 0.0238, Train: 100.00%, Valid: 47.25%, Test: 47.57%, Best Valid: 54.90%, Best Test: 55.73%
Epoch: 1300, Loss: 0.0202, Train: 100.00%, Valid: 42.65%, Test: 43.90%, Best Valid: 54.90%, Best Test: 55.73%
Epoch: 1400, Loss: 0.0151, Train: 99.85%, Valid: 41.85%, Test: 41.75%, Best Valid: 54.90%, Best Test: 55.73%
Epoch: 1500, Loss: 0.0209, Train: 100.00%, Valid: 46.90%, Test: 48.16%, Best Valid: 54.90%, Best Test: 55.73%
Epoch: 1600, Loss: 0.0146, Train: 99.95%, Valid: 47.60%, Test: 49.12%, Best Valid: 54.90%, Best Test: 55.73%
Epoch: 1700, Loss: 0.0205, Train: 100.00%, Valid: 44.30%, Test: 45.50%, Best Valid: 54.90%, Best Test: 55.73%
Epoch: 1800, Loss: 0.0124, Train: 100.00%, Valid: 46.75%, Test: 47.36%, Best Valid: 54.90%, Best Test: 55.73%
Epoch: 1900, Loss: 0.0123, Train: 99.95%, Valid: 44.35%, Test: 44.44%, Best Valid: 54.90%, Best Test: 55.73%
Run 03:
Highest Train: 100.00
Highest Valid: 54.90
Highest Test: 55.87
Chosen epoch: 254
Final Train: 99.59
Final Test: 55.73
train:torch.Size([1958]), valid:torch.Size([2000]), test:torch.Size([20000])
Counting co-occurrence on train-train edges (leakage-free estimator)...
Count penalty frozen (238 train-train edges).
Epoch: 00, Loss: 4.0789, Train: 3.93%, Valid: 10.00%, Test: 9.50%, Best Valid: 10.00%, Best Test: 9.50%
Epoch: 100, Loss: 0.7908, Train: 86.72%, Valid: 44.85%, Test: 46.31%, Best Valid: 46.15%, Best Test: 46.48%
Epoch: 200, Loss: 0.2097, Train: 99.23%, Valid: 48.65%, Test: 49.40%, Best Valid: 53.85%, Best Test: 53.73%
Epoch: 300, Loss: 0.1084, Train: 99.74%, Valid: 56.05%, Test: 56.00%, Best Valid: 56.15%, Best Test: 56.02%
Epoch: 400, Loss: 0.0614, Train: 99.90%, Valid: 43.35%, Test: 44.05%, Best Valid: 56.15%, Best Test: 56.02%
Epoch: 500, Loss: 0.0458, Train: 99.95%, Valid: 48.90%, Test: 48.24%, Best Valid: 56.15%, Best Test: 56.02%
Epoch: 600, Loss: 0.0296, Train: 100.00%, Valid: 45.80%, Test: 46.74%, Best Valid: 56.15%, Best Test: 56.02%
Epoch: 700, Loss: 0.0290, Train: 100.00%, Valid: 48.35%, Test: 49.30%, Best Valid: 56.20%, Best Test: 56.14%
Epoch: 800, Loss: 0.0256, Train: 99.90%, Valid: 50.65%, Test: 50.64%, Best Valid: 56.20%, Best Test: 56.14%
Epoch: 900, Loss: 0.0222, Train: 100.00%, Valid: 44.70%, Test: 44.98%, Best Valid: 56.20%, Best Test: 56.14%
Epoch: 1000, Loss: 0.0199, Train: 99.95%, Valid: 40.45%, Test: 41.34%, Best Valid: 56.20%, Best Test: 56.14%
Epoch: 1100, Loss: 0.0154, Train: 100.00%, Valid: 39.40%, Test: 39.81%, Best Valid: 56.20%, Best Test: 56.14%
Epoch: 1200, Loss: 0.0197, Train: 100.00%, Valid: 43.90%, Test: 44.00%, Best Valid: 56.20%, Best Test: 56.14%
Epoch: 1300, Loss: 0.0197, Train: 99.80%, Valid: 45.05%, Test: 45.20%, Best Valid: 56.20%, Best Test: 56.14%
Epoch: 1400, Loss: 0.0148, Train: 100.00%, Valid: 47.00%, Test: 46.73%, Best Valid: 56.20%, Best Test: 56.14%
Epoch: 1500, Loss: 0.0215, Train: 100.00%, Valid: 38.75%, Test: 39.68%, Best Valid: 56.20%, Best Test: 56.14%
Epoch: 1600, Loss: 0.0180, Train: 100.00%, Valid: 45.00%, Test: 44.44%, Best Valid: 56.55%, Best Test: 55.99%
Epoch: 1700, Loss: 0.0242, Train: 100.00%, Valid: 47.30%, Test: 47.84%, Best Valid: 56.55%, Best Test: 55.99%
Epoch: 1800, Loss: 0.0142, Train: 99.95%, Valid: 42.90%, Test: 44.34%, Best Valid: 56.55%, Best Test: 55.99%
Epoch: 1900, Loss: 0.0105, Train: 100.00%, Valid: 37.40%, Test: 38.34%, Best Valid: 56.55%, Best Test: 55.99%
Run 04:
Highest Train: 100.00
Highest Valid: 56.55
Highest Test: 56.34
Chosen epoch: 1552
Final Train: 99.59
Final Test: 55.99
train:torch.Size([1958]), valid:torch.Size([2000]), test:torch.Size([20000])
Counting co-occurrence on train-train edges (leakage-free estimator)...
Count penalty frozen (234 train-train edges).
Epoch: 00, Loss: 4.0614, Train: 2.40%, Valid: 9.55%, Test: 8.75%, Best Valid: 9.55%, Best Test: 8.75%
Epoch: 100, Loss: 0.8625, Train: 86.36%, Valid: 47.20%, Test: 49.54%, Best Valid: 49.10%, Best Test: 51.68%
Epoch: 200, Loss: 0.2453, Train: 98.47%, Valid: 45.80%, Test: 47.80%, Best Valid: 56.55%, Best Test: 58.42%
Epoch: 300, Loss: 0.0989, Train: 99.69%, Valid: 46.60%, Test: 48.75%, Best Valid: 56.55%, Best Test: 58.42%
Epoch: 400, Loss: 0.0595, Train: 99.90%, Valid: 51.50%, Test: 53.12%, Best Valid: 56.55%, Best Test: 58.42%
Epoch: 500, Loss: 0.0497, Train: 99.95%, Valid: 50.65%, Test: 51.84%, Best Valid: 56.55%, Best Test: 58.42%
Epoch: 600, Loss: 0.0342, Train: 99.95%, Valid: 53.25%, Test: 55.03%, Best Valid: 56.70%, Best Test: 57.16%
Epoch: 700, Loss: 0.0287, Train: 100.00%, Valid: 47.95%, Test: 48.49%, Best Valid: 56.70%, Best Test: 57.16%
Epoch: 800, Loss: 0.0233, Train: 99.95%, Valid: 44.90%, Test: 46.62%, Best Valid: 56.70%, Best Test: 57.16%
Epoch: 900, Loss: 0.0228, Train: 100.00%, Valid: 48.40%, Test: 50.38%, Best Valid: 56.70%, Best Test: 57.16%
Epoch: 1000, Loss: 0.0251, Train: 100.00%, Valid: 51.10%, Test: 53.14%, Best Valid: 56.70%, Best Test: 57.16%
Epoch: 1100, Loss: 0.0211, Train: 100.00%, Valid: 45.80%, Test: 46.58%, Best Valid: 56.70%, Best Test: 57.16%
Epoch: 1200, Loss: 0.0188, Train: 100.00%, Valid: 49.00%, Test: 49.86%, Best Valid: 56.70%, Best Test: 57.16%
Epoch: 1300, Loss: 0.0238, Train: 99.64%, Valid: 44.80%, Test: 44.77%, Best Valid: 56.70%, Best Test: 57.16%
Epoch: 1400, Loss: 0.0149, Train: 100.00%, Valid: 53.15%, Test: 54.71%, Best Valid: 56.70%, Best Test: 57.16%
Epoch: 1500, Loss: 0.0190, Train: 100.00%, Valid: 48.55%, Test: 48.59%, Best Valid: 56.70%, Best Test: 57.16%
Epoch: 1600, Loss: 0.0157, Train: 100.00%, Valid: 42.80%, Test: 43.89%, Best Valid: 56.70%, Best Test: 57.16%
Epoch: 1700, Loss: 0.0161, Train: 100.00%, Valid: 44.25%, Test: 45.05%, Best Valid: 56.70%, Best Test: 57.16%
Epoch: 1800, Loss: 0.0158, Train: 100.00%, Valid: 43.75%, Test: 45.07%, Best Valid: 56.70%, Best Test: 57.16%
Epoch: 1900, Loss: 0.0130, Train: 100.00%, Valid: 45.25%, Test: 46.33%, Best Valid: 56.70%, Best Test: 57.16%
Run 05:
Highest Train: 100.00
Highest Valid: 56.70
Highest Test: 58.42
Chosen epoch: 598
Final Train: 99.64
Final Test: 57.17
train:torch.Size([1958]), valid:torch.Size([2000]), test:torch.Size([20000])
Counting co-occurrence on train-train edges (leakage-free estimator)...
Count penalty frozen (236 train-train edges).
Epoch: 00, Loss: 4.0229, Train: 2.45%, Valid: 2.05%, Test: 2.60%, Best Valid: 2.05%, Best Test: 2.60%
Epoch: 100, Loss: 0.8478, Train: 83.50%, Valid: 51.95%, Test: 51.24%, Best Valid: 52.55%, Best Test: 52.76%
Epoch: 200, Loss: 0.2887, Train: 98.42%, Valid: 49.00%, Test: 48.89%, Best Valid: 57.00%, Best Test: 56.14%
Epoch: 300, Loss: 0.1173, Train: 99.44%, Valid: 47.10%, Test: 47.52%, Best Valid: 58.20%, Best Test: 57.03%
Epoch: 400, Loss: 0.0726, Train: 99.69%, Valid: 50.60%, Test: 50.02%, Best Valid: 58.20%, Best Test: 57.03%
Epoch: 500, Loss: 0.0491, Train: 99.90%, Valid: 52.50%, Test: 52.12%, Best Valid: 58.20%, Best Test: 57.03%
Epoch: 600, Loss: 0.0352, Train: 100.00%, Valid: 49.95%, Test: 49.66%, Best Valid: 58.20%, Best Test: 57.03%
Epoch: 700, Loss: 0.0336, Train: 99.90%, Valid: 44.65%, Test: 44.28%, Best Valid: 58.20%, Best Test: 57.03%
Epoch: 800, Loss: 0.0232, Train: 100.00%, Valid: 51.35%, Test: 50.90%, Best Valid: 58.20%, Best Test: 57.03%
Epoch: 900, Loss: 0.0278, Train: 99.95%, Valid: 51.50%, Test: 49.55%, Best Valid: 58.20%, Best Test: 57.03%
Epoch: 1000, Loss: 0.0257, Train: 100.00%, Valid: 44.90%, Test: 44.94%, Best Valid: 58.20%, Best Test: 57.03%
Epoch: 1100, Loss: 0.0251, Train: 100.00%, Valid: 51.95%, Test: 51.02%, Best Valid: 58.20%, Best Test: 57.03%
Epoch: 1200, Loss: 0.0204, Train: 100.00%, Valid: 47.10%, Test: 46.23%, Best Valid: 58.20%, Best Test: 57.03%
Epoch: 1300, Loss: 0.0204, Train: 100.00%, Valid: 47.75%, Test: 46.76%, Best Valid: 58.20%, Best Test: 57.03%
Epoch: 1400, Loss: 0.0172, Train: 100.00%, Valid: 47.50%, Test: 46.60%, Best Valid: 58.20%, Best Test: 57.03%
Epoch: 1500, Loss: 0.0174, Train: 100.00%, Valid: 43.10%, Test: 42.63%, Best Valid: 58.20%, Best Test: 57.03%
Epoch: 1600, Loss: 0.0133, Train: 100.00%, Valid: 48.85%, Test: 47.84%, Best Valid: 58.20%, Best Test: 57.03%
Epoch: 1700, Loss: 0.0221, Train: 100.00%, Valid: 50.35%, Test: 49.74%, Best Valid: 58.20%, Best Test: 57.03%
Epoch: 1800, Loss: 0.0172, Train: 100.00%, Valid: 46.80%, Test: 45.17%, Best Valid: 58.20%, Best Test: 57.03%
Epoch: 1900, Loss: 0.0173, Train: 100.00%, Valid: 45.50%, Test: 44.42%, Best Valid: 58.20%, Best Test: 57.03%
Run 06:
Highest Train: 100.00
Highest Valid: 58.20
Highest Test: 57.02
Chosen epoch: 205
Final Train: 98.11
Final Test: 57.02
train:torch.Size([1958]), valid:torch.Size([2000]), test:torch.Size([20000])
Counting co-occurrence on train-train edges (leakage-free estimator)...
Count penalty frozen (278 train-train edges).
Epoch: 00, Loss: 4.0802, Train: 3.93%, Valid: 0.70%, Test: 0.77%, Best Valid: 0.70%, Best Test: 0.77%
Epoch: 100, Loss: 0.7980, Train: 85.90%, Valid: 50.00%, Test: 52.78%, Best Valid: 50.50%, Best Test: 52.64%
Epoch: 200, Loss: 0.2783, Train: 98.62%, Valid: 49.20%, Test: 52.39%, Best Valid: 54.50%, Best Test: 56.18%
Epoch: 300, Loss: 0.1206, Train: 99.59%, Valid: 52.40%, Test: 55.82%, Best Valid: 55.10%, Best Test: 57.26%
Epoch: 400, Loss: 0.0680, Train: 99.95%, Valid: 49.45%, Test: 51.79%, Best Valid: 55.10%, Best Test: 57.26%
Epoch: 500, Loss: 0.0455, Train: 99.95%, Valid: 48.35%, Test: 51.83%, Best Valid: 55.10%, Best Test: 57.26%
Epoch: 600, Loss: 0.0365, Train: 100.00%, Valid: 51.90%, Test: 54.30%, Best Valid: 55.10%, Best Test: 57.26%
Epoch: 700, Loss: 0.0344, Train: 100.00%, Valid: 46.50%, Test: 48.62%, Best Valid: 55.10%, Best Test: 57.26%
Epoch: 800, Loss: 0.0244, Train: 99.95%, Valid: 43.75%, Test: 46.68%, Best Valid: 55.10%, Best Test: 57.26%
Epoch: 900, Loss: 0.0246, Train: 100.00%, Valid: 48.30%, Test: 50.59%, Best Valid: 55.10%, Best Test: 57.26%
Epoch: 1000, Loss: 0.0201, Train: 100.00%, Valid: 46.75%, Test: 48.71%, Best Valid: 55.10%, Best Test: 57.26%
Epoch: 1100, Loss: 0.0254, Train: 100.00%, Valid: 45.30%, Test: 47.95%, Best Valid: 55.10%, Best Test: 57.26%
Epoch: 1200, Loss: 0.0216, Train: 100.00%, Valid: 47.90%, Test: 49.94%, Best Valid: 55.10%, Best Test: 57.26%
Epoch: 1300, Loss: 0.0207, Train: 100.00%, Valid: 47.95%, Test: 50.14%, Best Valid: 55.10%, Best Test: 57.26%
Epoch: 1400, Loss: 0.0175, Train: 99.95%, Valid: 39.70%, Test: 41.84%, Best Valid: 55.10%, Best Test: 57.26%
Epoch: 1500, Loss: 0.0143, Train: 99.49%, Valid: 53.45%, Test: 54.06%, Best Valid: 55.10%, Best Test: 57.26%
Epoch: 1600, Loss: 0.0168, Train: 100.00%, Valid: 47.15%, Test: 47.28%, Best Valid: 55.10%, Best Test: 57.26%
Epoch: 1700, Loss: 0.0195, Train: 100.00%, Valid: 45.40%, Test: 48.56%, Best Valid: 55.10%, Best Test: 57.26%
Epoch: 1800, Loss: 0.0239, Train: 100.00%, Valid: 48.10%, Test: 49.93%, Best Valid: 55.10%, Best Test: 57.26%
Epoch: 1900, Loss: 0.0194, Train: 100.00%, Valid: 43.25%, Test: 44.84%, Best Valid: 55.10%, Best Test: 57.26%
Run 07:
Highest Train: 100.00
Highest Valid: 55.10
Highest Test: 57.41
Chosen epoch: 206
Final Train: 96.63
Final Test: 57.26
train:torch.Size([1958]), valid:torch.Size([2000]), test:torch.Size([20000])
Counting co-occurrence on train-train edges (leakage-free estimator)...
Count penalty frozen (330 train-train edges).
Epoch: 00, Loss: 4.0448, Train: 2.60%, Valid: 0.20%, Test: 0.16%, Best Valid: 0.20%, Best Test: 0.16%
Epoch: 100, Loss: 0.7967, Train: 86.52%, Valid: 53.15%, Test: 51.15%, Best Valid: 56.25%, Best Test: 54.64%
Epoch: 200, Loss: 0.2627, Train: 97.60%, Valid: 51.25%, Test: 49.46%, Best Valid: 56.25%, Best Test: 54.64%
Epoch: 300, Loss: 0.1075, Train: 99.64%, Valid: 51.40%, Test: 48.81%, Best Valid: 56.35%, Best Test: 54.20%
Epoch: 400, Loss: 0.0708, Train: 100.00%, Valid: 51.90%, Test: 49.85%, Best Valid: 56.35%, Best Test: 54.20%
Epoch: 500, Loss: 0.0468, Train: 100.00%, Valid: 48.45%, Test: 46.52%, Best Valid: 56.35%, Best Test: 54.20%
Epoch: 600, Loss: 0.0385, Train: 99.95%, Valid: 52.30%, Test: 50.22%, Best Valid: 56.35%, Best Test: 54.20%
Epoch: 700, Loss: 0.0303, Train: 100.00%, Valid: 48.90%, Test: 46.34%, Best Valid: 56.35%, Best Test: 54.20%
Epoch: 800, Loss: 0.0231, Train: 100.00%, Valid: 52.90%, Test: 51.19%, Best Valid: 56.35%, Best Test: 54.20%
Epoch: 900, Loss: 0.0255, Train: 100.00%, Valid: 46.75%, Test: 45.38%, Best Valid: 56.85%, Best Test: 55.70%
Epoch: 1000, Loss: 0.0257, Train: 100.00%, Valid: 50.90%, Test: 48.55%, Best Valid: 56.85%, Best Test: 55.70%
Epoch: 1100, Loss: 0.0219, Train: 100.00%, Valid: 51.75%, Test: 49.45%, Best Valid: 56.85%, Best Test: 55.70%
Epoch: 1200, Loss: 0.0297, Train: 99.95%, Valid: 43.95%, Test: 41.77%, Best Valid: 56.85%, Best Test: 55.70%
Epoch: 1300, Loss: 0.0137, Train: 100.00%, Valid: 43.90%, Test: 42.79%, Best Valid: 56.85%, Best Test: 55.70%
Epoch: 1400, Loss: 0.0169, Train: 100.00%, Valid: 45.05%, Test: 42.39%, Best Valid: 56.85%, Best Test: 55.70%
Epoch: 1500, Loss: 0.0132, Train: 100.00%, Valid: 52.05%, Test: 49.70%, Best Valid: 56.85%, Best Test: 55.70%
Epoch: 1600, Loss: 0.0141, Train: 100.00%, Valid: 47.85%, Test: 45.97%, Best Valid: 56.85%, Best Test: 55.70%
Epoch: 1700, Loss: 0.0151, Train: 100.00%, Valid: 49.20%, Test: 45.73%, Best Valid: 56.85%, Best Test: 55.70%
Epoch: 1800, Loss: 0.0140, Train: 99.95%, Valid: 51.55%, Test: 49.61%, Best Valid: 56.85%, Best Test: 55.70%
Epoch: 1900, Loss: 0.0149, Train: 100.00%, Valid: 51.70%, Test: 49.95%, Best Valid: 56.85%, Best Test: 55.70%
Run 08:
Highest Train: 100.00
Highest Valid: 56.85
Highest Test: 55.70
Chosen epoch: 832
Final Train: 100.00
Final Test: 55.70
train:torch.Size([1958]), valid:torch.Size([2000]), test:torch.Size([20000])
Counting co-occurrence on train-train edges (leakage-free estimator)...
Count penalty frozen (262 train-train edges).
Epoch: 00, Loss: 4.0457, Train: 2.55%, Valid: 0.60%, Test: 0.69%, Best Valid: 0.60%, Best Test: 0.69%
Epoch: 100, Loss: 0.8572, Train: 85.09%, Valid: 51.45%, Test: 51.02%, Best Valid: 52.55%, Best Test: 51.61%
Epoch: 200, Loss: 0.2690, Train: 98.42%, Valid: 49.90%, Test: 49.54%, Best Valid: 57.35%, Best Test: 54.67%
Epoch: 300, Loss: 0.1142, Train: 99.80%, Valid: 53.70%, Test: 52.22%, Best Valid: 57.35%, Best Test: 54.67%
Epoch: 400, Loss: 0.0684, Train: 99.69%, Valid: 42.20%, Test: 42.61%, Best Valid: 57.35%, Best Test: 54.67%
Epoch: 500, Loss: 0.0511, Train: 99.80%, Valid: 47.25%, Test: 45.78%, Best Valid: 57.35%, Best Test: 54.67%
Epoch: 600, Loss: 0.0447, Train: 100.00%, Valid: 46.40%, Test: 46.33%, Best Valid: 57.35%, Best Test: 54.67%
Epoch: 700, Loss: 0.0321, Train: 100.00%, Valid: 52.40%, Test: 51.93%, Best Valid: 57.35%, Best Test: 54.67%
Epoch: 800, Loss: 0.0228, Train: 100.00%, Valid: 47.15%, Test: 46.66%, Best Valid: 57.35%, Best Test: 54.67%
Epoch: 900, Loss: 0.0202, Train: 100.00%, Valid: 46.00%, Test: 45.91%, Best Valid: 57.35%, Best Test: 54.67%
Epoch: 1000, Loss: 0.0221, Train: 99.95%, Valid: 45.35%, Test: 44.38%, Best Valid: 57.35%, Best Test: 54.67%
Epoch: 1100, Loss: 0.0227, Train: 100.00%, Valid: 47.85%, Test: 46.99%, Best Valid: 57.35%, Best Test: 54.67%
Epoch: 1200, Loss: 0.0164, Train: 100.00%, Valid: 50.45%, Test: 48.70%, Best Valid: 57.35%, Best Test: 54.67%
Epoch: 1300, Loss: 0.0231, Train: 100.00%, Valid: 45.85%, Test: 45.86%, Best Valid: 57.35%, Best Test: 54.67%
Epoch: 1400, Loss: 0.0153, Train: 100.00%, Valid: 47.50%, Test: 46.73%, Best Valid: 57.35%, Best Test: 54.67%
Epoch: 1500, Loss: 0.0143, Train: 100.00%, Valid: 42.45%, Test: 42.73%, Best Valid: 57.35%, Best Test: 54.67%
Epoch: 1600, Loss: 0.0140, Train: 99.95%, Valid: 42.30%, Test: 42.60%, Best Valid: 57.35%, Best Test: 54.67%
Epoch: 1700, Loss: 0.0132, Train: 99.95%, Valid: 44.95%, Test: 45.22%, Best Valid: 57.35%, Best Test: 54.67%
Epoch: 1800, Loss: 0.0101, Train: 100.00%, Valid: 43.25%, Test: 42.60%, Best Valid: 57.35%, Best Test: 54.67%
Epoch: 1900, Loss: 0.0170, Train: 99.95%, Valid: 42.75%, Test: 42.74%, Best Valid: 57.35%, Best Test: 54.67%
Run 09:
Highest Train: 100.00
Highest Valid: 57.35
Highest Test: 56.08
Chosen epoch: 157
Final Train: 95.71
Final Test: 54.67
train:torch.Size([1958]), valid:torch.Size([2000]), test:torch.Size([20000])
Counting co-occurrence on train-train edges (leakage-free estimator)...
Count penalty frozen (260 train-train edges).
Epoch: 00, Loss: 4.0647, Train: 1.99%, Valid: 0.30%, Test: 0.59%, Best Valid: 0.30%, Best Test: 0.59%
Epoch: 100, Loss: 0.7999, Train: 86.11%, Valid: 47.55%, Test: 47.27%, Best Valid: 51.15%, Best Test: 50.06%
Epoch: 200, Loss: 0.2334, Train: 98.62%, Valid: 49.60%, Test: 48.53%, Best Valid: 57.30%, Best Test: 56.59%
Epoch: 300, Loss: 0.1042, Train: 99.64%, Valid: 52.25%, Test: 51.78%, Best Valid: 57.30%, Best Test: 56.59%
Epoch: 400, Loss: 0.0632, Train: 99.95%, Valid: 50.20%, Test: 49.41%, Best Valid: 57.30%, Best Test: 56.59%
Epoch: 500, Loss: 0.0487, Train: 100.00%, Valid: 46.95%, Test: 45.72%, Best Valid: 57.30%, Best Test: 56.59%
Epoch: 600, Loss: 0.0308, Train: 100.00%, Valid: 48.60%, Test: 47.04%, Best Valid: 57.30%, Best Test: 56.59%
Epoch: 700, Loss: 0.0300, Train: 100.00%, Valid: 50.95%, Test: 50.88%, Best Valid: 57.30%, Best Test: 56.59%
Epoch: 800, Loss: 0.0257, Train: 100.00%, Valid: 42.30%, Test: 40.61%, Best Valid: 57.30%, Best Test: 56.59%
Epoch: 900, Loss: 0.0203, Train: 100.00%, Valid: 48.05%, Test: 47.38%, Best Valid: 57.30%, Best Test: 56.59%
Epoch: 1000, Loss: 0.0167, Train: 100.00%, Valid: 52.15%, Test: 50.62%, Best Valid: 57.30%, Best Test: 56.59%
Epoch: 1100, Loss: 0.0196, Train: 100.00%, Valid: 45.70%, Test: 44.98%, Best Valid: 57.30%, Best Test: 56.59%
Epoch: 1200, Loss: 0.0181, Train: 99.95%, Valid: 51.65%, Test: 51.10%, Best Valid: 57.30%, Best Test: 56.59%
Epoch: 1300, Loss: 0.0224, Train: 99.95%, Valid: 44.40%, Test: 42.39%, Best Valid: 57.30%, Best Test: 56.59%
Epoch: 1400, Loss: 0.0125, Train: 100.00%, Valid: 47.25%, Test: 46.15%, Best Valid: 57.30%, Best Test: 56.59%
Epoch: 1500, Loss: 0.0156, Train: 100.00%, Valid: 52.00%, Test: 50.24%, Best Valid: 57.30%, Best Test: 56.59%
Epoch: 1600, Loss: 0.0252, Train: 100.00%, Valid: 49.50%, Test: 49.36%, Best Valid: 57.30%, Best Test: 56.59%
Epoch: 1700, Loss: 0.0171, Train: 100.00%, Valid: 47.70%, Test: 46.17%, Best Valid: 57.30%, Best Test: 56.59%
Epoch: 1800, Loss: 0.0125, Train: 100.00%, Valid: 55.05%, Test: 53.21%, Best Valid: 57.30%, Best Test: 56.59%
Epoch: 1900, Loss: 0.0122, Train: 100.00%, Valid: 45.90%, Test: 44.61%, Best Valid: 57.30%, Best Test: 56.59%
Run 10:
Highest Train: 100.00
Highest Valid: 57.30
Highest Test: 56.59
Chosen epoch: 140
Final Train: 93.51
Final Test: 56.59
All runs:
Highest Train: 100.00 ± 0.00
Highest Test: 56.17 ± 1.35
Highest Valid: 56.29 ± 1.24
  Final Train: 98.24 ± 2.24
   Final Test: 55.84 ± 1.21
Saving results to results/transfer_keep/ogbn-arxiv/MPNN_gcn.csv
--- count_reg | lambda=0.1 ---
