Fri Sep 11 18:50:57 2026       
+-----------------------------------------------------------------------------------------+
| NVIDIA-SMI 580.159.04             Driver Version: 580.159.04     CUDA Version: 13.0     |
+-----------------------------------------+------------------------+----------------------+
| GPU  Name                 Persistence-M | Bus-Id          Disp.A | Volatile Uncorr. ECC |
| Fan  Temp   Perf          Pwr:Usage/Cap |           Memory-Usage | GPU-Util  Compute M. |
|                                         |                        |               MIG M. |
|=========================================+========================+======================|
|   0  NVIDIA A100-SXM4-80GB          On  |   00000000:01:00.0 Off |                   On |
| N/A   41C    P0            125W /  500W |   11250MiB /  81920MiB |     N/A      Default |
|                                         |                        |              Enabled |
+-----------------------------------------+------------------------+----------------------+
|   1  NVIDIA A100-SXM4-80GB          On  |   00000000:41:00.0 Off |                   On |
| N/A   40C    P0            215W /  500W |   11825MiB /  81920MiB |     N/A      Default |
|                                         |                        |              Enabled |
+-----------------------------------------+------------------------+----------------------+
|   2  NVIDIA A100-SXM4-80GB          On  |   00000000:81:00.0 Off |                   On |
| N/A   41C    P0            143W /  500W |   17033MiB /  81920MiB |     N/A      Default |
|                                         |                        |              Enabled |
+-----------------------------------------+------------------------+----------------------+
|   3  NVIDIA A100-SXM4-80GB          On  |   00000000:C1:00.0 Off |                   On |
| N/A   29C    P0             50W /  500W |     249MiB /  81920MiB |     N/A      Default |
|                                         |                        |              Enabled |
+-----------------------------------------+------------------------+----------------------+

+-----------------------------------------------------------------------------------------+
| MIG devices:                                                                            |
+------------------+----------------------------------+-----------+-----------------------+
| GPU  GI  CI  MIG |              Shared Memory-Usage |        Vol|        Shared         |
|      ID  ID  Dev |                Shared BAR1-Usage | SM     Unc| CE ENC  DEC  OFA  JPG |
|                  |                                  |        ECC|                       |
|==================+==================================+===========+=======================|
|  3    5   0   0  |              71MiB / 19968MiB    | 28      0 |  2   0    1    0    0 |
|                  |               0MiB / 12271MiB    |           |                       |
+------------------+----------------------------------+-----------+-----------------------+

+-----------------------------------------------------------------------------------------+
| Processes:                                                                              |
|  GPU   GI   CI              PID   Type   Process name                        GPU Memory |
|        ID   ID                                                               Usage      |
|=========================================================================================|
|    0   13    0           860706      C   ...ware/symmetrix-env/bin/python        498MiB |
|    0   14    0          2187709      C   .../conda_env/Pytorch/bin/python       4788MiB |
|    0   14    0          2187735      C   .../conda_env/Pytorch/bin/python       4788MiB |
|    0    5    0          2261078      C   python                                  896MiB |
|    1    3    0           378421      C   python                                 1974MiB |
|    1    9    0          2187670      C   .../conda_env/Pytorch/bin/python       4788MiB |
|    1   10    0          2252100      C   .../conda_env/Pytorch/bin/python       4788MiB |
|    2    3    0          2183132      C   python                                16776MiB |
+-----------------------------------------------------------------------------------------+
Transfer cell: mode=keep cond=transfer prior=m100 budget=20/class -> results/transfer_keep_m100
python main.py --gnn gcn --dataset ogbn-arxiv --data_dir ../large_graph/data/   --hidden_channels 512 --epochs 2000 --lr 0.0005 --local_layers 5 --bn --res   --device 0 --runs 10   --rand_split_class --label_num_per_class 20 --resample_split_per_run   --valid_num 2000 --test_num 20000   --year_split 2018 --source_mode keep --budget_tag 20
==========================================================
Low-label sweep: python main.py --gnn gcn --dataset ogbn-arxiv --data_dir ../large_graph/data/   --hidden_channels 512 --epochs 2000 --lr 0.0005 --local_layers 5 --bn --res   --device 0 --runs 10   --rand_split_class --label_num_per_class 20 --resample_split_per_run   --valid_num 2000 --test_num 20000   --year_split 2018 --source_mode keep --budget_tag 20
result_dir=results/transfer_keep_m100 conditions=[transfer]
==========================================================
--- transfer prior priors/arxiv_lt2018_m100.pt  | lambda=0.01 ---
    (already completed — requeue resume, skipping)
--- transfer prior priors/arxiv_lt2018_m100.pt  | lambda=0.05 ---
    (already completed — requeue resume, skipping)
--- transfer prior priors/arxiv_lt2018_m100.pt  | lambda=0.1 ---
Namespace(bn=True, budget_tag='20', cooc_file='priors/arxiv_lt2018_m100.pt', count_reg=False, count_smoothing=1.0, cpu=False, data_dir='../large_graph/data/', dataset='ogbn-arxiv', device=0, display_step=100, dropout=0.5, epochs=2000, gnn='gcn', hidden_channels=512, jk=False, label_num_per_class=20, lambda_val=0.1, ln=False, local_layers=5, lr=0.0005, metric='acc', mlp_epochs=500, mlp_reg=False, model='MPNN', model_dir='models', num_heads=1, oracle_reg=False, paired_seeds=True, penalty_transform='none', pre_linear=False, pre_ln=False, rand_split=False, rand_split_class=True, reg_start_epoch=10, reg_update_freq=5, res=True, resample_split_per_run=True, result_dir='results/transfer_keep_m100', runs=10, save_model=False, seed=42, source_mode='keep', test_num=20000, train_per_class=0, train_prop=0.5, use_reg=True, valid_num=2000, valid_per_class=0, valid_prop=0.25, weight_decay=0.0005, year_split=2018)
ogbn-arxiv
Year split at 2018: source (<2018) 90941 nodes | target (>=2018) 78402 nodes | mode=keep
train:torch.Size([788]), valid:torch.Size([2000]), test:torch.Size([20000])
dataset ogbn-arxiv | num nodes 169343 | num edge 1166243 | num node feats 128 | num classes 40
MODEL: MPNNs(
  (h_lins): ModuleList()
  (local_convs): ModuleList(
    (0): GCNConv(128, 512)
    (1): GCNConv(512, 512)
    (2): GCNConv(512, 512)
    (3): GCNConv(512, 512)
    (4): GCNConv(512, 512)
  )
  (lins): ModuleList(
    (0): Linear(in_features=128, out_features=512, bias=True)
    (1): Linear(in_features=512, out_features=512, bias=True)
    (2): Linear(in_features=512, out_features=512, bias=True)
    (3): Linear(in_features=512, out_features=512, bias=True)
    (4): Linear(in_features=512, out_features=512, bias=True)
  )
  (lns): ModuleList(
    (0): LayerNorm((512,), eps=1e-05, elementwise_affine=True)
    (1): LayerNorm((512,), eps=1e-05, elementwise_affine=True)
    (2): LayerNorm((512,), eps=1e-05, elementwise_affine=True)
    (3): LayerNorm((512,), eps=1e-05, elementwise_affine=True)
    (4): LayerNorm((512,), eps=1e-05, elementwise_affine=True)
  )
  (bns): ModuleList(
    (0): BatchNorm1d(512, eps=1e-05, momentum=0.1, affine=True, track_running_stats=True)
    (1): BatchNorm1d(512, eps=1e-05, momentum=0.1, affine=True, track_running_stats=True)
    (2): BatchNorm1d(512, eps=1e-05, momentum=0.1, affine=True, track_running_stats=True)
    (3): BatchNorm1d(512, eps=1e-05, momentum=0.1, affine=True, track_running_stats=True)
    (4): BatchNorm1d(512, eps=1e-05, momentum=0.1, affine=True, track_running_stats=True)
  )
  (lin_in): Linear(in_features=128, out_features=512, bias=True)
  (pred_local): Linear(in_features=512, out_features=40, bias=True)
)
train:torch.Size([788]), valid:torch.Size([2000]), test:torch.Size([20000])
Loading precomputed co-occurrence prior from priors/arxiv_lt2018_m100.pt ...
Transferred prior frozen (rel. dist to this graph's oracle matrix: 0.6621).
Epoch: 00, Loss: 4.2537, Train: 3.43%, Valid: 2.65%, Test: 2.38%, Best Valid: 2.65%, Best Test: 2.38%
Epoch: 100, Loss: 0.6593, Train: 90.99%, Valid: 41.35%, Test: 40.35%, Best Valid: 42.05%, Best Test: 41.27%
Epoch: 200, Loss: 0.0991, Train: 99.87%, Valid: 44.55%, Test: 44.67%, Best Valid: 44.70%, Best Test: 44.64%
Epoch: 300, Loss: 0.0461, Train: 100.00%, Valid: 43.10%, Test: 43.60%, Best Valid: 48.85%, Best Test: 48.70%
Epoch: 400, Loss: 0.0261, Train: 100.00%, Valid: 41.35%, Test: 42.33%, Best Valid: 48.85%, Best Test: 48.70%
Epoch: 500, Loss: 0.0268, Train: 100.00%, Valid: 38.40%, Test: 38.77%, Best Valid: 48.85%, Best Test: 48.70%
Epoch: 600, Loss: 0.0171, Train: 100.00%, Valid: 37.90%, Test: 39.17%, Best Valid: 48.85%, Best Test: 48.70%
Epoch: 700, Loss: 0.0165, Train: 100.00%, Valid: 38.70%, Test: 39.89%, Best Valid: 48.85%, Best Test: 48.70%
Epoch: 800, Loss: 0.0122, Train: 100.00%, Valid: 33.95%, Test: 34.73%, Best Valid: 48.85%, Best Test: 48.70%
Epoch: 900, Loss: 0.0069, Train: 100.00%, Valid: 42.85%, Test: 43.47%, Best Valid: 48.85%, Best Test: 48.70%
Epoch: 1000, Loss: 0.0182, Train: 100.00%, Valid: 43.85%, Test: 43.61%, Best Valid: 48.85%, Best Test: 48.70%
Epoch: 1100, Loss: 0.0129, Train: 100.00%, Valid: 34.85%, Test: 35.14%, Best Valid: 48.85%, Best Test: 48.70%
Epoch: 1200, Loss: 0.0123, Train: 100.00%, Valid: 39.05%, Test: 40.59%, Best Valid: 48.85%, Best Test: 48.70%
Epoch: 1300, Loss: 0.0089, Train: 100.00%, Valid: 33.00%, Test: 33.64%, Best Valid: 48.85%, Best Test: 48.70%
Epoch: 1400, Loss: 0.0110, Train: 100.00%, Valid: 41.25%, Test: 42.42%, Best Valid: 48.85%, Best Test: 48.70%
Epoch: 1500, Loss: 0.0120, Train: 100.00%, Valid: 34.35%, Test: 34.86%, Best Valid: 48.85%, Best Test: 48.70%
Epoch: 1600, Loss: 0.0067, Train: 100.00%, Valid: 35.25%, Test: 35.45%, Best Valid: 48.85%, Best Test: 48.70%
Epoch: 1700, Loss: 0.0212, Train: 100.00%, Valid: 36.50%, Test: 37.74%, Best Valid: 48.85%, Best Test: 48.70%
Epoch: 1800, Loss: 0.0086, Train: 100.00%, Valid: 32.10%, Test: 34.38%, Best Valid: 48.85%, Best Test: 48.70%
Epoch: 1900, Loss: 0.0057, Train: 100.00%, Valid: 35.10%, Test: 35.32%, Best Valid: 48.85%, Best Test: 48.70%
Run 01:
Highest Train: 100.00
Highest Valid: 48.85
Highest Test: 48.69
Chosen epoch: 210
Final Train: 99.75
Final Test: 48.69
train:torch.Size([788]), valid:torch.Size([2000]), test:torch.Size([20000])
Loading precomputed co-occurrence prior from priors/arxiv_lt2018_m100.pt ...
Transferred prior frozen (rel. dist to this graph's oracle matrix: 0.6621).
Epoch: 00, Loss: 4.2733, Train: 2.54%, Valid: 0.50%, Test: 0.97%, Best Valid: 0.50%, Best Test: 0.97%
Epoch: 100, Loss: 0.6182, Train: 93.02%, Valid: 48.50%, Test: 48.10%, Best Valid: 48.50%, Best Test: 48.10%
Epoch: 200, Loss: 0.1207, Train: 99.62%, Valid: 47.35%, Test: 46.99%, Best Valid: 51.15%, Best Test: 49.80%
Epoch: 300, Loss: 0.0431, Train: 99.87%, Valid: 45.85%, Test: 44.39%, Best Valid: 51.15%, Best Test: 49.80%
Epoch: 400, Loss: 0.0294, Train: 100.00%, Valid: 48.25%, Test: 47.46%, Best Valid: 51.15%, Best Test: 49.80%
Epoch: 500, Loss: 0.0197, Train: 100.00%, Valid: 48.95%, Test: 48.64%, Best Valid: 51.15%, Best Test: 49.80%
Epoch: 600, Loss: 0.0217, Train: 100.00%, Valid: 40.60%, Test: 40.23%, Best Valid: 51.15%, Best Test: 49.80%
Epoch: 700, Loss: 0.0140, Train: 100.00%, Valid: 43.15%, Test: 42.25%, Best Valid: 51.15%, Best Test: 49.80%
Epoch: 800, Loss: 0.0127, Train: 100.00%, Valid: 43.05%, Test: 41.20%, Best Valid: 51.15%, Best Test: 49.80%
Epoch: 900, Loss: 0.0139, Train: 100.00%, Valid: 45.95%, Test: 44.66%, Best Valid: 51.15%, Best Test: 49.80%
Epoch: 1000, Loss: 0.0093, Train: 100.00%, Valid: 38.45%, Test: 37.45%, Best Valid: 51.15%, Best Test: 49.80%
Epoch: 1100, Loss: 0.0078, Train: 100.00%, Valid: 46.25%, Test: 45.78%, Best Valid: 51.15%, Best Test: 49.80%
Epoch: 1200, Loss: 0.0081, Train: 100.00%, Valid: 39.00%, Test: 38.88%, Best Valid: 51.15%, Best Test: 49.80%
Epoch: 1300, Loss: 0.0125, Train: 100.00%, Valid: 42.65%, Test: 42.99%, Best Valid: 51.15%, Best Test: 49.80%
Epoch: 1400, Loss: 0.0089, Train: 100.00%, Valid: 37.75%, Test: 36.50%, Best Valid: 51.15%, Best Test: 49.80%
Epoch: 1500, Loss: 0.0078, Train: 100.00%, Valid: 40.85%, Test: 39.67%, Best Valid: 51.15%, Best Test: 49.80%
Epoch: 1600, Loss: 0.0190, Train: 100.00%, Valid: 38.45%, Test: 37.40%, Best Valid: 51.15%, Best Test: 49.80%
Epoch: 1700, Loss: 0.0070, Train: 100.00%, Valid: 41.85%, Test: 41.40%, Best Valid: 51.15%, Best Test: 49.80%
Epoch: 1800, Loss: 0.0075, Train: 99.87%, Valid: 41.20%, Test: 40.60%, Best Valid: 51.15%, Best Test: 49.80%
Epoch: 1900, Loss: 0.0047, Train: 100.00%, Valid: 40.30%, Test: 37.95%, Best Valid: 51.15%, Best Test: 49.80%
Run 02:
Highest Train: 100.00
Highest Valid: 51.15
Highest Test: 50.68
Chosen epoch: 144
Final Train: 98.60
Final Test: 49.81
train:torch.Size([788]), valid:torch.Size([2000]), test:torch.Size([20000])
Loading precomputed co-occurrence prior from priors/arxiv_lt2018_m100.pt ...
Transferred prior frozen (rel. dist to this graph's oracle matrix: 0.6621).
Epoch: 00, Loss: 4.2535, Train: 1.78%, Valid: 11.70%, Test: 12.36%, Best Valid: 11.70%, Best Test: 12.36%
Epoch: 100, Loss: 0.6515, Train: 91.88%, Valid: 47.15%, Test: 46.11%, Best Valid: 48.30%, Best Test: 47.39%
Epoch: 200, Loss: 0.1080, Train: 99.87%, Valid: 49.25%, Test: 47.80%, Best Valid: 50.85%, Best Test: 49.51%
Epoch: 300, Loss: 0.0492, Train: 99.87%, Valid: 45.50%, Test: 45.09%, Best Valid: 50.85%, Best Test: 49.51%
Epoch: 400, Loss: 0.0274, Train: 100.00%, Valid: 48.05%, Test: 47.27%, Best Valid: 50.85%, Best Test: 49.51%
Epoch: 500, Loss: 0.0226, Train: 100.00%, Valid: 44.45%, Test: 44.51%, Best Valid: 51.30%, Best Test: 49.96%
Epoch: 600, Loss: 0.0098, Train: 100.00%, Valid: 40.00%, Test: 39.78%, Best Valid: 51.30%, Best Test: 49.96%
Epoch: 700, Loss: 0.0107, Train: 100.00%, Valid: 41.35%, Test: 41.62%, Best Valid: 51.30%, Best Test: 49.96%
Epoch: 800, Loss: 0.0133, Train: 100.00%, Valid: 49.45%, Test: 49.34%, Best Valid: 51.30%, Best Test: 49.96%
Epoch: 900, Loss: 0.0132, Train: 100.00%, Valid: 42.40%, Test: 42.30%, Best Valid: 51.30%, Best Test: 49.96%
Epoch: 1000, Loss: 0.0231, Train: 100.00%, Valid: 39.00%, Test: 38.97%, Best Valid: 51.30%, Best Test: 49.96%
Epoch: 1100, Loss: 0.0147, Train: 100.00%, Valid: 45.25%, Test: 45.77%, Best Valid: 51.30%, Best Test: 49.96%
Epoch: 1200, Loss: 0.0179, Train: 100.00%, Valid: 40.95%, Test: 41.57%, Best Valid: 51.30%, Best Test: 49.96%
Epoch: 1300, Loss: 0.0086, Train: 100.00%, Valid: 41.70%, Test: 39.97%, Best Valid: 51.30%, Best Test: 49.96%
Epoch: 1400, Loss: 0.0071, Train: 100.00%, Valid: 34.25%, Test: 33.79%, Best Valid: 51.30%, Best Test: 49.96%
Epoch: 1500, Loss: 0.0106, Train: 100.00%, Valid: 37.75%, Test: 37.92%, Best Valid: 51.30%, Best Test: 49.96%
Epoch: 1600, Loss: 0.0136, Train: 99.87%, Valid: 35.50%, Test: 34.37%, Best Valid: 51.30%, Best Test: 49.96%
Epoch: 1700, Loss: 0.0116, Train: 100.00%, Valid: 35.15%, Test: 35.05%, Best Valid: 51.30%, Best Test: 49.96%
Epoch: 1800, Loss: 0.0065, Train: 100.00%, Valid: 36.05%, Test: 36.76%, Best Valid: 51.30%, Best Test: 49.96%
Epoch: 1900, Loss: 0.0121, Train: 100.00%, Valid: 39.95%, Test: 40.72%, Best Valid: 51.30%, Best Test: 49.96%
Run 03:
Highest Train: 100.00
Highest Valid: 51.30
Highest Test: 50.03
Chosen epoch: 482
Final Train: 100.00
Final Test: 49.97
train:torch.Size([788]), valid:torch.Size([2000]), test:torch.Size([20000])
Loading precomputed co-occurrence prior from priors/arxiv_lt2018_m100.pt ...
Transferred prior frozen (rel. dist to this graph's oracle matrix: 0.6621).
Epoch: 00, Loss: 4.3125, Train: 3.05%, Valid: 9.20%, Test: 8.83%, Best Valid: 9.20%, Best Test: 8.83%
Epoch: 100, Loss: 0.5797, Train: 93.40%, Valid: 45.20%, Test: 43.80%, Best Valid: 46.35%, Best Test: 45.73%
Epoch: 200, Loss: 0.1021, Train: 100.00%, Valid: 45.20%, Test: 45.06%, Best Valid: 51.80%, Best Test: 51.99%
Epoch: 300, Loss: 0.0499, Train: 99.87%, Valid: 38.60%, Test: 38.07%, Best Valid: 52.50%, Best Test: 53.15%
Epoch: 400, Loss: 0.0286, Train: 100.00%, Valid: 45.20%, Test: 45.19%, Best Valid: 52.50%, Best Test: 53.15%
Epoch: 500, Loss: 0.0126, Train: 100.00%, Valid: 47.10%, Test: 47.32%, Best Valid: 53.25%, Best Test: 52.93%
Epoch: 600, Loss: 0.0189, Train: 99.87%, Valid: 44.00%, Test: 43.85%, Best Valid: 53.25%, Best Test: 52.93%
Epoch: 700, Loss: 0.0107, Train: 100.00%, Valid: 42.05%, Test: 41.77%, Best Valid: 53.25%, Best Test: 52.93%
Epoch: 800, Loss: 0.0112, Train: 100.00%, Valid: 44.30%, Test: 44.53%, Best Valid: 53.25%, Best Test: 52.93%
Epoch: 900, Loss: 0.0085, Train: 100.00%, Valid: 49.90%, Test: 50.16%, Best Valid: 53.25%, Best Test: 52.93%
Epoch: 1000, Loss: 0.0079, Train: 100.00%, Valid: 43.20%, Test: 43.48%, Best Valid: 53.25%, Best Test: 52.93%
Epoch: 1100, Loss: 0.0103, Train: 100.00%, Valid: 40.60%, Test: 40.51%, Best Valid: 53.25%, Best Test: 52.93%
Epoch: 1200, Loss: 0.0075, Train: 100.00%, Valid: 41.05%, Test: 41.06%, Best Valid: 53.25%, Best Test: 52.93%
Epoch: 1300, Loss: 0.0105, Train: 100.00%, Valid: 43.40%, Test: 43.72%, Best Valid: 53.25%, Best Test: 52.93%
Epoch: 1400, Loss: 0.0088, Train: 100.00%, Valid: 47.60%, Test: 46.69%, Best Valid: 53.25%, Best Test: 52.93%
Epoch: 1500, Loss: 0.0096, Train: 99.87%, Valid: 36.80%, Test: 36.87%, Best Valid: 53.25%, Best Test: 52.93%
Epoch: 1600, Loss: 0.0128, Train: 100.00%, Valid: 48.45%, Test: 48.72%, Best Valid: 53.25%, Best Test: 52.93%
Epoch: 1700, Loss: 0.0089, Train: 99.87%, Valid: 32.55%, Test: 30.76%, Best Valid: 53.25%, Best Test: 52.93%
Epoch: 1800, Loss: 0.0092, Train: 100.00%, Valid: 42.20%, Test: 42.24%, Best Valid: 53.25%, Best Test: 52.93%
Epoch: 1900, Loss: 0.0128, Train: 100.00%, Valid: 41.60%, Test: 42.00%, Best Valid: 53.25%, Best Test: 52.93%
Run 04:
Highest Train: 100.00
Highest Valid: 53.25
Highest Test: 53.51
Chosen epoch: 432
Final Train: 99.87
Final Test: 52.93
train:torch.Size([788]), valid:torch.Size([2000]), test:torch.Size([20000])
Loading precomputed co-occurrence prior from priors/arxiv_lt2018_m100.pt ...
Transferred prior frozen (rel. dist to this graph's oracle matrix: 0.6621).
Epoch: 00, Loss: 4.2490, Train: 3.05%, Valid: 13.15%, Test: 12.41%, Best Valid: 13.15%, Best Test: 12.41%
Epoch: 100, Loss: 0.6412, Train: 93.40%, Valid: 47.40%, Test: 49.62%, Best Valid: 49.30%, Best Test: 50.65%
Epoch: 200, Loss: 0.1111, Train: 99.87%, Valid: 48.95%, Test: 49.73%, Best Valid: 52.10%, Best Test: 52.23%
Epoch: 300, Loss: 0.0520, Train: 100.00%, Valid: 45.60%, Test: 47.23%, Best Valid: 52.10%, Best Test: 52.23%
Epoch: 400, Loss: 0.0296, Train: 99.87%, Valid: 41.10%, Test: 41.98%, Best Valid: 52.10%, Best Test: 52.23%
Epoch: 500, Loss: 0.0227, Train: 100.00%, Valid: 40.85%, Test: 42.93%, Best Valid: 52.10%, Best Test: 52.23%
Epoch: 600, Loss: 0.0184, Train: 100.00%, Valid: 43.55%, Test: 43.51%, Best Valid: 52.10%, Best Test: 52.23%
Epoch: 700, Loss: 0.0095, Train: 100.00%, Valid: 43.20%, Test: 44.01%, Best Valid: 52.10%, Best Test: 52.23%
Epoch: 800, Loss: 0.0091, Train: 100.00%, Valid: 40.75%, Test: 42.47%, Best Valid: 52.10%, Best Test: 52.23%
Epoch: 900, Loss: 0.0073, Train: 100.00%, Valid: 42.75%, Test: 42.70%, Best Valid: 52.10%, Best Test: 52.23%
Epoch: 1000, Loss: 0.0086, Train: 99.87%, Valid: 44.20%, Test: 45.41%, Best Valid: 52.10%, Best Test: 52.23%
Epoch: 1100, Loss: 0.0128, Train: 100.00%, Valid: 37.95%, Test: 36.87%, Best Valid: 52.10%, Best Test: 52.23%
Epoch: 1200, Loss: 0.0130, Train: 99.87%, Valid: 39.05%, Test: 41.25%, Best Valid: 52.10%, Best Test: 52.23%
Epoch: 1300, Loss: 0.0047, Train: 100.00%, Valid: 37.65%, Test: 37.77%, Best Valid: 52.10%, Best Test: 52.23%
Epoch: 1400, Loss: 0.0065, Train: 100.00%, Valid: 42.60%, Test: 41.91%, Best Valid: 52.75%, Best Test: 50.66%
Epoch: 1500, Loss: 0.0084, Train: 100.00%, Valid: 43.10%, Test: 42.39%, Best Valid: 52.75%, Best Test: 50.66%
Epoch: 1600, Loss: 0.0116, Train: 100.00%, Valid: 36.90%, Test: 37.43%, Best Valid: 52.75%, Best Test: 50.66%
Epoch: 1700, Loss: 0.0087, Train: 100.00%, Valid: 44.70%, Test: 44.20%, Best Valid: 52.75%, Best Test: 50.66%
Epoch: 1800, Loss: 0.0072, Train: 100.00%, Valid: 39.40%, Test: 39.52%, Best Valid: 52.75%, Best Test: 50.66%
Epoch: 1900, Loss: 0.0112, Train: 100.00%, Valid: 41.15%, Test: 40.67%, Best Valid: 52.75%, Best Test: 50.66%
Run 05:
Highest Train: 100.00
Highest Valid: 52.75
Highest Test: 52.33
Chosen epoch: 1360
Final Train: 100.00
Final Test: 50.66
train:torch.Size([788]), valid:torch.Size([2000]), test:torch.Size([20000])
Loading precomputed co-occurrence prior from priors/arxiv_lt2018_m100.pt ...
Transferred prior frozen (rel. dist to this graph's oracle matrix: 0.6621).
Epoch: 00, Loss: 4.2053, Train: 2.16%, Valid: 2.70%, Test: 2.50%, Best Valid: 2.70%, Best Test: 2.50%
Epoch: 100, Loss: 0.6101, Train: 94.54%, Valid: 48.85%, Test: 46.49%, Best Valid: 49.00%, Best Test: 46.58%
Epoch: 200, Loss: 0.1350, Train: 99.49%, Valid: 46.85%, Test: 46.49%, Best Valid: 52.55%, Best Test: 52.19%
Epoch: 300, Loss: 0.0445, Train: 100.00%, Valid: 42.80%, Test: 41.38%, Best Valid: 53.20%, Best Test: 51.80%
Epoch: 400, Loss: 0.0241, Train: 100.00%, Valid: 40.80%, Test: 39.65%, Best Valid: 53.20%, Best Test: 51.80%
Epoch: 500, Loss: 0.0229, Train: 100.00%, Valid: 46.45%, Test: 45.17%, Best Valid: 53.20%, Best Test: 51.80%
Epoch: 600, Loss: 0.0128, Train: 99.87%, Valid: 46.70%, Test: 46.32%, Best Valid: 53.20%, Best Test: 51.80%
Epoch: 700, Loss: 0.0174, Train: 100.00%, Valid: 39.75%, Test: 39.76%, Best Valid: 53.20%, Best Test: 51.80%
Epoch: 800, Loss: 0.0082, Train: 100.00%, Valid: 42.15%, Test: 41.75%, Best Valid: 53.20%, Best Test: 51.80%
Epoch: 900, Loss: 0.0089, Train: 100.00%, Valid: 38.85%, Test: 37.97%, Best Valid: 53.20%, Best Test: 51.80%
Epoch: 1000, Loss: 0.0104, Train: 100.00%, Valid: 43.20%, Test: 42.38%, Best Valid: 53.20%, Best Test: 51.80%
Epoch: 1100, Loss: 0.0125, Train: 100.00%, Valid: 38.50%, Test: 38.17%, Best Valid: 53.20%, Best Test: 51.80%
Epoch: 1200, Loss: 0.0098, Train: 100.00%, Valid: 42.30%, Test: 41.45%, Best Valid: 53.20%, Best Test: 51.80%
Epoch: 1300, Loss: 0.0115, Train: 100.00%, Valid: 33.75%, Test: 32.38%, Best Valid: 53.20%, Best Test: 51.80%
Epoch: 1400, Loss: 0.0119, Train: 100.00%, Valid: 37.00%, Test: 35.23%, Best Valid: 53.20%, Best Test: 51.80%
Epoch: 1500, Loss: 0.0078, Train: 99.24%, Valid: 41.20%, Test: 40.90%, Best Valid: 53.20%, Best Test: 51.80%
Epoch: 1600, Loss: 0.0133, Train: 100.00%, Valid: 32.30%, Test: 32.73%, Best Valid: 53.20%, Best Test: 51.80%
Epoch: 1700, Loss: 0.0110, Train: 100.00%, Valid: 37.95%, Test: 37.73%, Best Valid: 53.20%, Best Test: 51.80%
Epoch: 1800, Loss: 0.0157, Train: 100.00%, Valid: 37.55%, Test: 37.10%, Best Valid: 53.20%, Best Test: 51.80%
Epoch: 1900, Loss: 0.0088, Train: 100.00%, Valid: 35.25%, Test: 34.60%, Best Valid: 53.20%, Best Test: 51.80%
Run 06:
Highest Train: 100.00
Highest Valid: 53.20
Highest Test: 52.18
Chosen epoch: 231
Final Train: 99.37
Final Test: 51.79
train:torch.Size([788]), valid:torch.Size([2000]), test:torch.Size([20000])
Loading precomputed co-occurrence prior from priors/arxiv_lt2018_m100.pt ...
Transferred prior frozen (rel. dist to this graph's oracle matrix: 0.6621).
Epoch: 00, Loss: 4.2751, Train: 3.43%, Valid: 0.85%, Test: 0.69%, Best Valid: 0.85%, Best Test: 0.69%
Epoch: 100, Loss: 0.6025, Train: 92.26%, Valid: 46.50%, Test: 45.67%, Best Valid: 46.95%, Best Test: 46.11%
Epoch: 200, Loss: 0.1097, Train: 100.00%, Valid: 48.85%, Test: 47.95%, Best Valid: 50.60%, Best Test: 51.09%
Epoch: 300, Loss: 0.0392, Train: 100.00%, Valid: 46.35%, Test: 45.93%, Best Valid: 50.60%, Best Test: 51.09%
Epoch: 400, Loss: 0.0196, Train: 100.00%, Valid: 44.50%, Test: 46.18%, Best Valid: 50.60%, Best Test: 51.09%
Epoch: 500, Loss: 0.0227, Train: 100.00%, Valid: 43.90%, Test: 44.48%, Best Valid: 50.60%, Best Test: 51.09%
Epoch: 600, Loss: 0.0148, Train: 100.00%, Valid: 44.10%, Test: 44.26%, Best Valid: 50.60%, Best Test: 51.09%
Epoch: 700, Loss: 0.0132, Train: 100.00%, Valid: 41.45%, Test: 41.63%, Best Valid: 50.60%, Best Test: 51.09%
Epoch: 800, Loss: 0.0159, Train: 100.00%, Valid: 44.55%, Test: 44.40%, Best Valid: 50.60%, Best Test: 51.09%
Epoch: 900, Loss: 0.0128, Train: 100.00%, Valid: 45.75%, Test: 46.96%, Best Valid: 50.60%, Best Test: 51.09%
Epoch: 1000, Loss: 0.0098, Train: 100.00%, Valid: 41.80%, Test: 42.19%, Best Valid: 50.60%, Best Test: 51.09%
Epoch: 1100, Loss: 0.0083, Train: 100.00%, Valid: 40.40%, Test: 40.51%, Best Valid: 50.60%, Best Test: 51.09%
Epoch: 1200, Loss: 0.0145, Train: 100.00%, Valid: 39.30%, Test: 39.34%, Best Valid: 50.60%, Best Test: 51.09%
Epoch: 1300, Loss: 0.0071, Train: 100.00%, Valid: 39.95%, Test: 39.53%, Best Valid: 50.60%, Best Test: 51.09%
Epoch: 1400, Loss: 0.0103, Train: 100.00%, Valid: 31.65%, Test: 32.02%, Best Valid: 50.60%, Best Test: 51.09%
Epoch: 1500, Loss: 0.0074, Train: 100.00%, Valid: 39.20%, Test: 40.86%, Best Valid: 50.60%, Best Test: 51.09%
Epoch: 1600, Loss: 0.0128, Train: 100.00%, Valid: 30.25%, Test: 31.72%, Best Valid: 50.60%, Best Test: 51.09%
Epoch: 1700, Loss: 0.0140, Train: 100.00%, Valid: 39.80%, Test: 40.24%, Best Valid: 50.60%, Best Test: 51.09%
Epoch: 1800, Loss: 0.0125, Train: 100.00%, Valid: 37.10%, Test: 37.51%, Best Valid: 50.60%, Best Test: 51.09%
Epoch: 1900, Loss: 0.0121, Train: 99.87%, Valid: 32.70%, Test: 33.17%, Best Valid: 50.60%, Best Test: 51.09%
Run 07:
Highest Train: 100.00
Highest Valid: 50.60
Highest Test: 51.10
Chosen epoch: 162
Final Train: 98.98
Final Test: 51.10
train:torch.Size([788]), valid:torch.Size([2000]), test:torch.Size([20000])
Loading precomputed co-occurrence prior from priors/arxiv_lt2018_m100.pt ...
Transferred prior frozen (rel. dist to this graph's oracle matrix: 0.6621).
Epoch: 00, Loss: 4.2310, Train: 2.66%, Valid: 0.20%, Test: 0.18%, Best Valid: 0.20%, Best Test: 0.18%
Epoch: 100, Loss: 0.6297, Train: 90.61%, Valid: 46.25%, Test: 44.79%, Best Valid: 49.20%, Best Test: 48.60%
Epoch: 200, Loss: 0.1207, Train: 99.87%, Valid: 49.45%, Test: 47.70%, Best Valid: 54.35%, Best Test: 52.29%
Epoch: 300, Loss: 0.0461, Train: 99.87%, Valid: 49.20%, Test: 47.14%, Best Valid: 54.35%, Best Test: 52.29%
Epoch: 400, Loss: 0.0354, Train: 100.00%, Valid: 49.60%, Test: 47.22%, Best Valid: 54.35%, Best Test: 52.29%
Epoch: 500, Loss: 0.0200, Train: 100.00%, Valid: 41.20%, Test: 39.40%, Best Valid: 54.35%, Best Test: 52.29%
Epoch: 600, Loss: 0.0162, Train: 100.00%, Valid: 50.40%, Test: 49.28%, Best Valid: 54.35%, Best Test: 52.29%
Epoch: 700, Loss: 0.0126, Train: 100.00%, Valid: 47.15%, Test: 45.86%, Best Valid: 54.35%, Best Test: 52.29%
Epoch: 800, Loss: 0.0090, Train: 100.00%, Valid: 47.75%, Test: 46.83%, Best Valid: 54.35%, Best Test: 52.29%
Epoch: 900, Loss: 0.0108, Train: 100.00%, Valid: 39.55%, Test: 38.20%, Best Valid: 54.35%, Best Test: 52.29%
Epoch: 1000, Loss: 0.0171, Train: 100.00%, Valid: 42.65%, Test: 42.60%, Best Valid: 54.35%, Best Test: 52.29%
Epoch: 1100, Loss: 0.0063, Train: 100.00%, Valid: 45.20%, Test: 45.00%, Best Valid: 54.35%, Best Test: 52.29%
Epoch: 1200, Loss: 0.0110, Train: 99.62%, Valid: 34.00%, Test: 33.00%, Best Valid: 54.35%, Best Test: 52.29%
Epoch: 1300, Loss: 0.0116, Train: 100.00%, Valid: 39.60%, Test: 37.96%, Best Valid: 54.35%, Best Test: 52.29%
Epoch: 1400, Loss: 0.0176, Train: 100.00%, Valid: 45.00%, Test: 43.96%, Best Valid: 54.35%, Best Test: 52.29%
Epoch: 1500, Loss: 0.0047, Train: 100.00%, Valid: 44.80%, Test: 43.66%, Best Valid: 54.35%, Best Test: 52.29%
Epoch: 1600, Loss: 0.0073, Train: 100.00%, Valid: 40.05%, Test: 39.01%, Best Valid: 54.35%, Best Test: 52.29%
Epoch: 1700, Loss: 0.0166, Train: 100.00%, Valid: 33.70%, Test: 33.19%, Best Valid: 54.35%, Best Test: 52.29%
Epoch: 1800, Loss: 0.0136, Train: 100.00%, Valid: 37.40%, Test: 37.16%, Best Valid: 54.35%, Best Test: 52.29%
Epoch: 1900, Loss: 0.0055, Train: 100.00%, Valid: 40.85%, Test: 39.69%, Best Valid: 54.35%, Best Test: 52.29%
Run 08:
Highest Train: 100.00
Highest Valid: 54.35
Highest Test: 52.29
Chosen epoch: 178
Final Train: 99.24
Final Test: 52.29
train:torch.Size([788]), valid:torch.Size([2000]), test:torch.Size([20000])
Loading precomputed co-occurrence prior from priors/arxiv_lt2018_m100.pt ...
Transferred prior frozen (rel. dist to this graph's oracle matrix: 0.6621).
Epoch: 00, Loss: 4.2419, Train: 2.54%, Valid: 0.55%, Test: 0.68%, Best Valid: 0.55%, Best Test: 0.68%
Epoch: 100, Loss: 0.6856, Train: 92.39%, Valid: 47.80%, Test: 47.71%, Best Valid: 47.80%, Best Test: 47.71%
Epoch: 200, Loss: 0.1532, Train: 99.87%, Valid: 46.95%, Test: 46.33%, Best Valid: 52.25%, Best Test: 51.97%
Epoch: 300, Loss: 0.0457, Train: 100.00%, Valid: 47.10%, Test: 47.18%, Best Valid: 52.25%, Best Test: 51.97%
Epoch: 400, Loss: 0.0278, Train: 100.00%, Valid: 47.75%, Test: 47.57%, Best Valid: 52.25%, Best Test: 51.97%
Epoch: 500, Loss: 0.0198, Train: 100.00%, Valid: 44.15%, Test: 43.25%, Best Valid: 52.25%, Best Test: 51.97%
Epoch: 600, Loss: 0.0235, Train: 100.00%, Valid: 42.05%, Test: 42.56%, Best Valid: 52.25%, Best Test: 51.97%
Epoch: 700, Loss: 0.0150, Train: 100.00%, Valid: 39.30%, Test: 40.16%, Best Valid: 52.25%, Best Test: 51.97%
Epoch: 800, Loss: 0.0190, Train: 100.00%, Valid: 41.95%, Test: 42.15%, Best Valid: 52.25%, Best Test: 51.97%
Epoch: 900, Loss: 0.0097, Train: 100.00%, Valid: 42.00%, Test: 42.59%, Best Valid: 52.25%, Best Test: 51.97%
Epoch: 1000, Loss: 0.0111, Train: 100.00%, Valid: 40.35%, Test: 40.53%, Best Valid: 52.25%, Best Test: 51.97%
Epoch: 1100, Loss: 0.0111, Train: 100.00%, Valid: 35.85%, Test: 35.37%, Best Valid: 52.25%, Best Test: 51.97%
Epoch: 1200, Loss: 0.0153, Train: 100.00%, Valid: 37.85%, Test: 38.01%, Best Valid: 52.25%, Best Test: 51.97%
Epoch: 1300, Loss: 0.0095, Train: 100.00%, Valid: 39.40%, Test: 38.56%, Best Valid: 52.25%, Best Test: 51.97%
Epoch: 1400, Loss: 0.0081, Train: 100.00%, Valid: 36.55%, Test: 36.45%, Best Valid: 52.25%, Best Test: 51.97%
Epoch: 1500, Loss: 0.0259, Train: 100.00%, Valid: 31.00%, Test: 30.48%, Best Valid: 52.25%, Best Test: 51.97%
Epoch: 1600, Loss: 0.0093, Train: 100.00%, Valid: 40.65%, Test: 40.39%, Best Valid: 52.25%, Best Test: 51.97%
Epoch: 1700, Loss: 0.0125, Train: 100.00%, Valid: 41.05%, Test: 41.14%, Best Valid: 52.25%, Best Test: 51.97%
Epoch: 1800, Loss: 0.0066, Train: 100.00%, Valid: 36.10%, Test: 37.47%, Best Valid: 52.25%, Best Test: 51.97%
Epoch: 1900, Loss: 0.0075, Train: 100.00%, Valid: 39.20%, Test: 39.15%, Best Valid: 52.25%, Best Test: 51.97%
Run 09:
Highest Train: 100.00
Highest Valid: 52.25
Highest Test: 51.97
Chosen epoch: 178
Final Train: 99.75
Final Test: 51.97
train:torch.Size([788]), valid:torch.Size([2000]), test:torch.Size([20000])
Loading precomputed co-occurrence prior from priors/arxiv_lt2018_m100.pt ...
Transferred prior frozen (rel. dist to this graph's oracle matrix: 0.6621).
Epoch: 00, Loss: 4.2993, Train: 2.41%, Valid: 0.65%, Test: 0.52%, Best Valid: 0.65%, Best Test: 0.52%
Epoch: 100, Loss: 0.6481, Train: 94.16%, Valid: 44.65%, Test: 44.89%, Best Valid: 45.85%, Best Test: 45.94%
Epoch: 200, Loss: 0.1132, Train: 99.49%, Valid: 43.45%, Test: 42.93%, Best Valid: 50.50%, Best Test: 51.59%
Epoch: 300, Loss: 0.0426, Train: 100.00%, Valid: 45.05%, Test: 44.57%, Best Valid: 52.65%, Best Test: 52.63%
Epoch: 400, Loss: 0.0245, Train: 100.00%, Valid: 48.65%, Test: 47.67%, Best Valid: 52.65%, Best Test: 52.63%
Epoch: 500, Loss: 0.0216, Train: 100.00%, Valid: 44.05%, Test: 43.44%, Best Valid: 52.65%, Best Test: 52.63%
Epoch: 600, Loss: 0.0180, Train: 100.00%, Valid: 45.45%, Test: 44.26%, Best Valid: 52.65%, Best Test: 52.63%
Epoch: 700, Loss: 0.0175, Train: 99.87%, Valid: 44.35%, Test: 44.02%, Best Valid: 52.65%, Best Test: 52.63%
Epoch: 800, Loss: 0.0083, Train: 100.00%, Valid: 46.35%, Test: 45.85%, Best Valid: 52.65%, Best Test: 52.63%
Epoch: 900, Loss: 0.0083, Train: 100.00%, Valid: 47.45%, Test: 46.48%, Best Valid: 52.65%, Best Test: 52.63%
Epoch: 1000, Loss: 0.0132, Train: 100.00%, Valid: 43.80%, Test: 44.27%, Best Valid: 52.65%, Best Test: 52.63%
Epoch: 1100, Loss: 0.0065, Train: 100.00%, Valid: 40.10%, Test: 39.27%, Best Valid: 52.65%, Best Test: 52.63%
Epoch: 1200, Loss: 0.0083, Train: 100.00%, Valid: 46.75%, Test: 44.46%, Best Valid: 52.65%, Best Test: 52.63%
Epoch: 1300, Loss: 0.0065, Train: 99.62%, Valid: 39.80%, Test: 39.10%, Best Valid: 52.65%, Best Test: 52.63%
Epoch: 1400, Loss: 0.0164, Train: 100.00%, Valid: 49.05%, Test: 49.27%, Best Valid: 52.65%, Best Test: 52.63%
Epoch: 1500, Loss: 0.0095, Train: 100.00%, Valid: 41.35%, Test: 41.78%, Best Valid: 52.65%, Best Test: 52.63%
Epoch: 1600, Loss: 0.0102, Train: 99.87%, Valid: 41.55%, Test: 40.49%, Best Valid: 52.65%, Best Test: 52.63%
Epoch: 1700, Loss: 0.0067, Train: 100.00%, Valid: 40.45%, Test: 40.89%, Best Valid: 52.65%, Best Test: 52.63%
Epoch: 1800, Loss: 0.0058, Train: 100.00%, Valid: 46.95%, Test: 45.98%, Best Valid: 52.65%, Best Test: 52.63%
Epoch: 1900, Loss: 0.0141, Train: 99.87%, Valid: 36.35%, Test: 35.78%, Best Valid: 52.65%, Best Test: 52.63%
Run 10:
Highest Train: 100.00
Highest Valid: 52.65
Highest Test: 52.63
Chosen epoch: 276
Final Train: 100.00
Final Test: 52.63
All runs:
Highest Train: 100.00 ± 0.00
Highest Test: 51.54 ± 1.42
Highest Valid: 52.03 ± 1.59
  Final Train: 99.56 ± 0.49
   Final Test: 51.18 ± 1.38
Saving results to results/transfer_keep_m100/ogbn-arxiv/MPNN_gcn.csv
--- transfer prior priors/arxiv_lt2018_m100.pt  | lambda=0.2 ---
