Sat Sep 12 19:29:29 2026       
+-----------------------------------------------------------------------------------------+
| NVIDIA-SMI 580.159.04             Driver Version: 580.159.04     CUDA Version: 13.0     |
+-----------------------------------------+------------------------+----------------------+
| GPU  Name                 Persistence-M | Bus-Id          Disp.A | Volatile Uncorr. ECC |
| Fan  Temp   Perf          Pwr:Usage/Cap |           Memory-Usage | GPU-Util  Compute M. |
|                                         |                        |               MIG M. |
|=========================================+========================+======================|
|   0  NVIDIA A100-SXM4-80GB          On  |   00000000:01:00.0 Off |                   On |
| N/A   51C    P0            263W /  500W |   47291MiB /  81920MiB |     N/A      Default |
|                                         |                        |              Enabled |
+-----------------------------------------+------------------------+----------------------+
|   1  NVIDIA A100-SXM4-80GB          On  |   00000000:41:00.0 Off |                   On |
| N/A   50C    P0            245W /  500W |   52043MiB /  81920MiB |     N/A      Default |
|                                         |                        |              Enabled |
+-----------------------------------------+------------------------+----------------------+
|   2  NVIDIA A100-SXM4-80GB          On  |   00000000:81:00.0 Off |                   On |
| N/A   47C    P0            155W /  500W |   17710MiB /  81920MiB |     N/A      Default |
|                                         |                        |              Enabled |
+-----------------------------------------+------------------------+----------------------+
|   3  NVIDIA A100-SXM4-80GB          On  |   00000000:C1:00.0 Off |                   On |
| N/A   28C    P0             51W /  500W |     249MiB /  81920MiB |     N/A      Default |
|                                         |                        |              Enabled |
+-----------------------------------------+------------------------+----------------------+

+-----------------------------------------------------------------------------------------+
| MIG devices:                                                                            |
+------------------+----------------------------------+-----------+-----------------------+
| GPU  GI  CI  MIG |              Shared Memory-Usage |        Vol|        Shared         |
|      ID  ID  Dev |                Shared BAR1-Usage | SM     Unc| CE ENC  DEC  OFA  JPG |
|                  |                                  |        ECC|                       |
|==================+==================================+===========+=======================|
|  3    5   0   0  |              71MiB / 19968MiB    | 28      0 |  2   0    1    0    0 |
|                  |               0MiB / 12271MiB    |           |                       |
+------------------+----------------------------------+-----------+-----------------------+

+-----------------------------------------------------------------------------------------+
| Processes:                                                                              |
|  GPU   GI   CI              PID   Type   Process name                        GPU Memory |
|        ID   ID                                                               Usage      |
|=========================================================================================|
|    0    9    0          3020360      C   ...ware/symmetrix-env/bin/python        426MiB |
|    0   10    0          3020677      C   ...ware/symmetrix-env/bin/python        606MiB |
|    0    2    0          3058728      C   ...nda3/envs/spot_nsf/bin/python      39840MiB |
|    0    3    0          3068246      C   python                                 6138MiB |
|    1    3    0          2999014      C   python                                10700MiB |
|    1    9    0          3020676      C   ...ware/symmetrix-env/bin/python        606MiB |
|    1   10    0          3020944      C   ...ware/symmetrix-env/bin/python        616MiB |
|    1    2    0          3049354      C   ...nda3/envs/spot_nsf/bin/python      39840MiB |
|    2    9    0          3020943      C   ...ware/symmetrix-env/bin/python        672MiB |
|    2    3    0          3049517      C   python                                16774MiB |
+-----------------------------------------------------------------------------------------+
Transfer cell: mode=keep cond=oracle prior=all budget=20/class -> results/transfer_keep
python main.py --gnn gcn --dataset ogbn-arxiv --data_dir ../large_graph/data/   --hidden_channels 512 --epochs 2000 --lr 0.0005 --local_layers 5 --bn --res   --device 0 --runs 10   --rand_split_class --label_num_per_class 20 --resample_split_per_run   --valid_num 2000 --test_num 20000   --year_split 2018 --source_mode keep --budget_tag 20
==========================================================
Low-label sweep: python main.py --gnn gcn --dataset ogbn-arxiv --data_dir ../large_graph/data/   --hidden_channels 512 --epochs 2000 --lr 0.0005 --local_layers 5 --bn --res   --device 0 --runs 10   --rand_split_class --label_num_per_class 20 --resample_split_per_run   --valid_num 2000 --test_num 20000   --year_split 2018 --source_mode keep --budget_tag 20
result_dir=results/transfer_keep conditions=[oracle]
==========================================================
--- oracle_reg | lambda=0.01 ---
    (already completed — requeue resume, skipping)
--- oracle_reg | lambda=0.05 ---
