Fri Sep 11 14:43:47 2026       
+-----------------------------------------------------------------------------------------+
| NVIDIA-SMI 580.159.04             Driver Version: 580.159.04     CUDA Version: 13.0     |
+-----------------------------------------+------------------------+----------------------+
| GPU  Name                 Persistence-M | Bus-Id          Disp.A | Volatile Uncorr. ECC |
| Fan  Temp   Perf          Pwr:Usage/Cap |           Memory-Usage | GPU-Util  Compute M. |
|                                         |                        |               MIG M. |
|=========================================+========================+======================|
|   0  NVIDIA A100-SXM4-80GB          On  |   00000000:01:00.0 Off |                   On |
| N/A   36C    P0            124W /  500W |    1658MiB /  81920MiB |     N/A      Default |
|                                         |                        |              Enabled |
+-----------------------------------------+------------------------+----------------------+
|   1  NVIDIA A100-SXM4-80GB          On  |   00000000:41:00.0 Off |                   On |
| N/A   33C    P0             86W /  500W |    2225MiB /  81920MiB |     N/A      Default |
|                                         |                        |              Enabled |
+-----------------------------------------+------------------------+----------------------+
|   2  NVIDIA A100-SXM4-80GB          On  |   00000000:81:00.0 Off |                   On |
| N/A   41C    P0            163W /  500W |   32678MiB /  81920MiB |     N/A      Default |
|                                         |                        |              Enabled |
+-----------------------------------------+------------------------+----------------------+
|   3  NVIDIA A100-SXM4-80GB          On  |   00000000:C1:00.0 Off |                   On |
| N/A   26C    P0             49W /  500W |     249MiB /  81920MiB |     N/A      Default |
|                                         |                        |              Enabled |
+-----------------------------------------+------------------------+----------------------+

+-----------------------------------------------------------------------------------------+
| MIG devices:                                                                            |
+------------------+----------------------------------+-----------+-----------------------+
| GPU  GI  CI  MIG |              Shared Memory-Usage |        Vol|        Shared         |
|      ID  ID  Dev |                Shared BAR1-Usage | SM     Unc| CE ENC  DEC  OFA  JPG |
|                  |                                  |        ECC|                       |
|==================+==================================+===========+=======================|
|  3    5   0   0  |              71MiB / 19968MiB    | 28      0 |  2   0    1    0    0 |
|                  |               0MiB / 12271MiB    |           |                       |
+------------------+----------------------------------+-----------+-----------------------+

+-----------------------------------------------------------------------------------------+
| Processes:                                                                              |
|  GPU   GI   CI              PID   Type   Process name                        GPU Memory |
|        ID   ID                                                               Usage      |
|=========================================================================================|
|    0   13    0           860706      C   ...ware/symmetrix-env/bin/python        498MiB |
|    0    5    0          2176925      C   python                                  896MiB |
|    1    3    0           378421      C   python                                 1968MiB |
|    2    2    0           684775      C   python                                32006MiB |
|    2    3    0          2174956      C   ...da/envs/torch-cuda/bin/python        406MiB |
+-----------------------------------------------------------------------------------------+
Transfer cell: mode=drop cond=transfer prior=all budget=20/class -> results/transfer_drop
python main.py --gnn gcn --dataset ogbn-arxiv --data_dir ../large_graph/data/   --hidden_channels 512 --epochs 2000 --lr 0.0005 --local_layers 5 --bn --res   --device 0 --runs 10   --rand_split_class --label_num_per_class 20 --resample_split_per_run   --valid_num 2000 --test_num 20000   --year_split 2018 --source_mode drop --budget_tag 20
==========================================================
Low-label sweep: python main.py --gnn gcn --dataset ogbn-arxiv --data_dir ../large_graph/data/   --hidden_channels 512 --epochs 2000 --lr 0.0005 --local_layers 5 --bn --res   --device 0 --runs 10   --rand_split_class --label_num_per_class 20 --resample_split_per_run   --valid_num 2000 --test_num 20000   --year_split 2018 --source_mode drop --budget_tag 20
result_dir=results/transfer_drop conditions=[transfer]
==========================================================
--- transfer prior priors/arxiv_lt2018_all.pt  | lambda=0.01 ---
    (already completed — requeue resume, skipping)
--- transfer prior priors/arxiv_lt2018_all.pt  | lambda=0.05 ---
    (already completed — requeue resume, skipping)
--- transfer prior priors/arxiv_lt2018_all.pt  | lambda=0.1 ---
    (already completed — requeue resume, skipping)
--- transfer prior priors/arxiv_lt2018_all.pt  | lambda=0.2 ---
    (already completed — requeue resume, skipping)
--- transfer prior priors/arxiv_lt2018_all.pt  | lambda=0.4 ---
    (already completed — requeue resume, skipping)
--- transfer prior priors/arxiv_lt2018_all.pt  | lambda=0.8 ---
    (already completed — requeue resume, skipping)
--- transfer prior priors/arxiv_lt2018_all.pt  | lambda=1.6 ---
Namespace(bn=True, budget_tag='20', cooc_file='priors/arxiv_lt2018_all.pt', count_reg=False, count_smoothing=1.0, cpu=False, data_dir='../large_graph/data/', dataset='ogbn-arxiv', device=0, display_step=100, dropout=0.5, epochs=2000, gnn='gcn', hidden_channels=512, jk=False, label_num_per_class=20, lambda_val=1.6, ln=False, local_layers=5, lr=0.0005, metric='acc', mlp_epochs=500, mlp_reg=False, model='MPNN', model_dir='models', num_heads=1, oracle_reg=False, paired_seeds=True, penalty_transform='none', pre_linear=False, pre_ln=False, rand_split=False, rand_split_class=True, reg_start_epoch=10, reg_update_freq=5, res=True, resample_split_per_run=True, result_dir='results/transfer_drop', runs=10, save_model=False, seed=42, source_mode='drop', test_num=20000, train_per_class=0, train_prop=0.5, use_reg=True, valid_num=2000, valid_per_class=0, valid_prop=0.25, weight_decay=0.0005, year_split=2018)
ogbn-arxiv
Year split at 2018: source (<2018) 90941 nodes | target (>=2018) 78402 nodes | mode=drop
  induced target subgraph: 78402 nodes, 215800 directed edges
train:torch.Size([788]), valid:torch.Size([2000]), test:torch.Size([20000])
dataset ogbn-arxiv | num nodes 78402 | num edge 215800 | num node feats 128 | num classes 40
MODEL: MPNNs(
  (h_lins): ModuleList()
  (local_convs): ModuleList(
    (0): GCNConv(128, 512)
    (1): GCNConv(512, 512)
    (2): GCNConv(512, 512)
    (3): GCNConv(512, 512)
    (4): GCNConv(512, 512)
  )
  (lins): ModuleList(
    (0): Linear(in_features=128, out_features=512, bias=True)
    (1): Linear(in_features=512, out_features=512, bias=True)
    (2): Linear(in_features=512, out_features=512, bias=True)
    (3): Linear(in_features=512, out_features=512, bias=True)
    (4): Linear(in_features=512, out_features=512, bias=True)
  )
  (lns): ModuleList(
    (0): LayerNorm((512,), eps=1e-05, elementwise_affine=True)
    (1): LayerNorm((512,), eps=1e-05, elementwise_affine=True)
    (2): LayerNorm((512,), eps=1e-05, elementwise_affine=True)
    (3): LayerNorm((512,), eps=1e-05, elementwise_affine=True)
    (4): LayerNorm((512,), eps=1e-05, elementwise_affine=True)
  )
  (bns): ModuleList(
    (0): BatchNorm1d(512, eps=1e-05, momentum=0.1, affine=True, track_running_stats=True)
    (1): BatchNorm1d(512, eps=1e-05, momentum=0.1, affine=True, track_running_stats=True)
    (2): BatchNorm1d(512, eps=1e-05, momentum=0.1, affine=True, track_running_stats=True)
    (3): BatchNorm1d(512, eps=1e-05, momentum=0.1, affine=True, track_running_stats=True)
    (4): BatchNorm1d(512, eps=1e-05, momentum=0.1, affine=True, track_running_stats=True)
  )
  (lin_in): Linear(in_features=128, out_features=512, bias=True)
  (pred_local): Linear(in_features=512, out_features=40, bias=True)
)
train:torch.Size([788]), valid:torch.Size([2000]), test:torch.Size([20000])
Loading precomputed co-occurrence prior from priors/arxiv_lt2018_all.pt ...
Transferred prior frozen (rel. dist to this graph's oracle matrix: 0.3567).
Epoch: 00, Loss: 10.1146, Train: 3.05%, Valid: 2.40%, Test: 2.15%, Best Valid: 2.40%, Best Test: 2.15%
Epoch: 100, Loss: 11.9258, Train: 8.50%, Valid: 4.85%, Test: 4.22%, Best Valid: 13.50%, Best Test: 13.38%
Epoch: 200, Loss: 4.1799, Train: 69.92%, Valid: 6.35%, Test: 5.62%, Best Valid: 13.50%, Best Test: 13.38%
Epoch: 300, Loss: 1.3447, Train: 96.32%, Valid: 7.15%, Test: 6.45%, Best Valid: 13.50%, Best Test: 13.38%
Epoch: 400, Loss: 0.4793, Train: 99.11%, Valid: 7.65%, Test: 7.24%, Best Valid: 13.50%, Best Test: 13.38%
Epoch: 500, Loss: 0.3695, Train: 99.75%, Valid: 8.70%, Test: 7.96%, Best Valid: 13.50%, Best Test: 13.38%
Epoch: 600, Loss: 0.1978, Train: 100.00%, Valid: 8.85%, Test: 8.39%, Best Valid: 13.50%, Best Test: 13.38%
Epoch: 700, Loss: 0.1829, Train: 100.00%, Valid: 9.80%, Test: 9.48%, Best Valid: 13.50%, Best Test: 13.38%
Epoch: 800, Loss: 0.1212, Train: 100.00%, Valid: 9.85%, Test: 9.62%, Best Valid: 13.50%, Best Test: 13.38%
Epoch: 900, Loss: 0.0794, Train: 99.87%, Valid: 9.05%, Test: 8.73%, Best Valid: 13.50%, Best Test: 13.38%
Epoch: 1000, Loss: 0.0557, Train: 100.00%, Valid: 9.75%, Test: 9.61%, Best Valid: 13.50%, Best Test: 13.38%
Epoch: 1100, Loss: 0.0571, Train: 100.00%, Valid: 9.75%, Test: 10.15%, Best Valid: 13.50%, Best Test: 13.38%
Epoch: 1200, Loss: 0.0519, Train: 100.00%, Valid: 10.40%, Test: 10.33%, Best Valid: 13.50%, Best Test: 13.38%
Epoch: 1300, Loss: 0.0640, Train: 100.00%, Valid: 10.50%, Test: 10.38%, Best Valid: 13.50%, Best Test: 13.38%
Epoch: 1400, Loss: 0.0576, Train: 100.00%, Valid: 12.00%, Test: 11.82%, Best Valid: 13.50%, Best Test: 13.38%
Epoch: 1500, Loss: 0.0285, Train: 100.00%, Valid: 11.25%, Test: 11.62%, Best Valid: 13.50%, Best Test: 13.38%
Epoch: 1600, Loss: 0.0531, Train: 100.00%, Valid: 11.35%, Test: 10.93%, Best Valid: 13.50%, Best Test: 13.38%
Epoch: 1700, Loss: 0.0250, Train: 100.00%, Valid: 13.60%, Test: 13.61%, Best Valid: 13.60%, Best Test: 13.61%
Epoch: 1800, Loss: 0.0572, Train: 100.00%, Valid: 11.65%, Test: 11.37%, Best Valid: 13.75%, Best Test: 13.56%
Epoch: 1900, Loss: 0.0372, Train: 100.00%, Valid: 13.25%, Test: 13.17%, Best Valid: 15.45%, Best Test: 15.90%
Run 01:
Highest Train: 100.00
Highest Valid: 15.45
Highest Test: 15.90
Chosen epoch: 1888
Final Train: 100.00
Final Test: 15.90
train:torch.Size([788]), valid:torch.Size([2000]), test:torch.Size([20000])
Loading precomputed co-occurrence prior from priors/arxiv_lt2018_all.pt ...
Transferred prior frozen (rel. dist to this graph's oracle matrix: 0.3567).
Epoch: 00, Loss: 10.2310, Train: 2.16%, Valid: 0.60%, Test: 0.88%, Best Valid: 0.60%, Best Test: 0.88%
Epoch: 100, Loss: 9.8866, Train: 14.72%, Valid: 22.60%, Test: 22.29%, Best Valid: 22.60%, Best Test: 22.26%
Epoch: 200, Loss: 2.8608, Train: 80.20%, Valid: 25.20%, Test: 24.19%, Best Valid: 25.35%, Best Test: 24.05%
Epoch: 300, Loss: 0.8626, Train: 96.95%, Valid: 26.00%, Test: 25.07%, Best Valid: 27.70%, Best Test: 27.18%
Epoch: 400, Loss: 0.3951, Train: 99.62%, Valid: 26.80%, Test: 26.33%, Best Valid: 27.75%, Best Test: 26.78%
Epoch: 500, Loss: 0.3135, Train: 99.62%, Valid: 28.50%, Test: 27.77%, Best Valid: 29.75%, Best Test: 29.04%
Epoch: 600, Loss: 0.1482, Train: 99.87%, Valid: 28.00%, Test: 27.57%, Best Valid: 29.75%, Best Test: 29.04%
Epoch: 700, Loss: 0.1024, Train: 99.75%, Valid: 29.40%, Test: 29.06%, Best Valid: 30.65%, Best Test: 30.16%
Epoch: 800, Loss: 0.0900, Train: 99.87%, Valid: 29.45%, Test: 28.85%, Best Valid: 31.15%, Best Test: 29.93%
Epoch: 900, Loss: 0.1262, Train: 100.00%, Valid: 31.10%, Test: 30.35%, Best Valid: 31.20%, Best Test: 30.20%
Epoch: 1000, Loss: 0.0882, Train: 100.00%, Valid: 30.40%, Test: 29.00%, Best Valid: 32.80%, Best Test: 31.75%
Epoch: 1100, Loss: 0.0388, Train: 100.00%, Valid: 31.35%, Test: 30.26%, Best Valid: 32.80%, Best Test: 31.75%
Epoch: 1200, Loss: 0.0595, Train: 100.00%, Valid: 31.75%, Test: 30.36%, Best Valid: 34.00%, Best Test: 32.84%
Epoch: 1300, Loss: 0.0782, Train: 100.00%, Valid: 30.55%, Test: 30.01%, Best Valid: 34.00%, Best Test: 32.84%
Epoch: 1400, Loss: 0.0362, Train: 100.00%, Valid: 31.70%, Test: 31.11%, Best Valid: 34.00%, Best Test: 32.84%
Epoch: 1500, Loss: 0.0583, Train: 100.00%, Valid: 30.65%, Test: 30.57%, Best Valid: 34.00%, Best Test: 32.84%
Epoch: 1600, Loss: 0.0371, Train: 100.00%, Valid: 33.75%, Test: 33.05%, Best Valid: 34.00%, Best Test: 32.84%
Epoch: 1700, Loss: 0.0291, Train: 100.00%, Valid: 31.25%, Test: 31.01%, Best Valid: 34.00%, Best Test: 32.84%
Epoch: 1800, Loss: 0.0292, Train: 100.00%, Valid: 31.05%, Test: 30.07%, Best Valid: 34.00%, Best Test: 32.84%
Epoch: 1900, Loss: 0.0417, Train: 100.00%, Valid: 31.85%, Test: 31.33%, Best Valid: 34.00%, Best Test: 32.84%
Run 02:
Highest Train: 100.00
Highest Valid: 34.00
Highest Test: 33.44
Chosen epoch: 1151
Final Train: 100.00
Final Test: 32.83
train:torch.Size([788]), valid:torch.Size([2000]), test:torch.Size([20000])
Loading precomputed co-occurrence prior from priors/arxiv_lt2018_all.pt ...
Transferred prior frozen (rel. dist to this graph's oracle matrix: 0.3567).
Epoch: 00, Loss: 10.1119, Train: 2.03%, Valid: 8.65%, Test: 9.15%, Best Valid: 8.65%, Best Test: 9.15%
Epoch: 100, Loss: 8.9408, Train: 21.19%, Valid: 23.35%, Test: 22.99%, Best Valid: 23.40%, Best Test: 23.05%
Epoch: 200, Loss: 2.7230, Train: 86.17%, Valid: 25.70%, Test: 25.41%, Best Valid: 25.85%, Best Test: 25.40%
Epoch: 300, Loss: 0.8044, Train: 98.98%, Valid: 27.00%, Test: 27.38%, Best Valid: 27.40%, Best Test: 27.51%
Epoch: 400, Loss: 0.3269, Train: 99.75%, Valid: 27.35%, Test: 27.52%, Best Valid: 29.85%, Best Test: 29.93%
Epoch: 500, Loss: 0.2523, Train: 99.75%, Valid: 27.75%, Test: 28.39%, Best Valid: 29.85%, Best Test: 29.93%
Epoch: 600, Loss: 0.1654, Train: 99.87%, Valid: 27.60%, Test: 28.77%, Best Valid: 29.85%, Best Test: 29.93%
Epoch: 700, Loss: 0.1310, Train: 99.75%, Valid: 28.95%, Test: 29.68%, Best Valid: 30.30%, Best Test: 30.40%
Epoch: 800, Loss: 0.1252, Train: 99.75%, Valid: 29.00%, Test: 30.01%, Best Valid: 31.80%, Best Test: 31.54%
Epoch: 900, Loss: 0.0757, Train: 99.87%, Valid: 29.50%, Test: 30.65%, Best Valid: 31.80%, Best Test: 31.54%
Epoch: 1000, Loss: 0.0510, Train: 100.00%, Valid: 30.00%, Test: 30.34%, Best Valid: 31.80%, Best Test: 31.54%
Epoch: 1100, Loss: 0.0561, Train: 100.00%, Valid: 30.30%, Test: 30.04%, Best Valid: 31.80%, Best Test: 31.54%
Epoch: 1200, Loss: 0.0607, Train: 100.00%, Valid: 30.75%, Test: 31.03%, Best Valid: 31.80%, Best Test: 31.54%
Epoch: 1300, Loss: 0.0484, Train: 100.00%, Valid: 31.90%, Test: 32.12%, Best Valid: 32.30%, Best Test: 32.06%
Epoch: 1400, Loss: 0.0546, Train: 100.00%, Valid: 32.45%, Test: 32.80%, Best Valid: 33.60%, Best Test: 33.91%
Epoch: 1500, Loss: 0.0341, Train: 100.00%, Valid: 31.65%, Test: 32.09%, Best Valid: 33.60%, Best Test: 33.91%
Epoch: 1600, Loss: 0.0351, Train: 100.00%, Valid: 31.15%, Test: 31.24%, Best Valid: 33.60%, Best Test: 33.91%
Epoch: 1700, Loss: 0.0257, Train: 100.00%, Valid: 31.90%, Test: 32.01%, Best Valid: 33.60%, Best Test: 33.91%
Epoch: 1800, Loss: 0.0306, Train: 100.00%, Valid: 31.60%, Test: 32.17%, Best Valid: 33.95%, Best Test: 34.27%
Epoch: 1900, Loss: 0.0517, Train: 100.00%, Valid: 33.20%, Test: 33.61%, Best Valid: 34.50%, Best Test: 33.68%
Run 03:
Highest Train: 100.00
Highest Valid: 34.50
Highest Test: 34.33
Chosen epoch: 1892
Final Train: 100.00
Final Test: 33.68
train:torch.Size([788]), valid:torch.Size([2000]), test:torch.Size([20000])
Loading precomputed co-occurrence prior from priors/arxiv_lt2018_all.pt ...
Transferred prior frozen (rel. dist to this graph's oracle matrix: 0.3567).
Epoch: 00, Loss: 10.1645, Train: 2.03%, Valid: 3.75%, Test: 3.91%, Best Valid: 3.75%, Best Test: 3.91%
Epoch: 100, Loss: 9.1534, Train: 14.59%, Valid: 22.65%, Test: 22.65%, Best Valid: 22.85%, Best Test: 22.60%
Epoch: 200, Loss: 3.1436, Train: 76.27%, Valid: 24.40%, Test: 24.68%, Best Valid: 24.40%, Best Test: 24.69%
Epoch: 300, Loss: 1.0870, Train: 97.84%, Valid: 25.90%, Test: 26.24%, Best Valid: 26.05%, Best Test: 26.32%
Epoch: 400, Loss: 0.4506, Train: 99.62%, Valid: 27.85%, Test: 27.89%, Best Valid: 28.20%, Best Test: 28.37%
Epoch: 500, Loss: 0.2769, Train: 99.75%, Valid: 29.40%, Test: 29.82%, Best Valid: 29.55%, Best Test: 29.84%
Epoch: 600, Loss: 0.1845, Train: 99.87%, Valid: 29.20%, Test: 29.39%, Best Valid: 29.75%, Best Test: 29.63%
Epoch: 700, Loss: 0.1094, Train: 99.62%, Valid: 29.70%, Test: 29.70%, Best Valid: 30.20%, Best Test: 30.39%
Epoch: 800, Loss: 0.0845, Train: 100.00%, Valid: 30.60%, Test: 30.35%, Best Valid: 31.10%, Best Test: 30.79%
Epoch: 900, Loss: 0.1273, Train: 100.00%, Valid: 30.80%, Test: 30.89%, Best Valid: 31.75%, Best Test: 31.19%
Epoch: 1000, Loss: 0.0908, Train: 99.87%, Valid: 30.95%, Test: 30.64%, Best Valid: 31.75%, Best Test: 31.19%
Epoch: 1100, Loss: 0.0693, Train: 100.00%, Valid: 30.90%, Test: 30.80%, Best Valid: 32.45%, Best Test: 31.99%
Epoch: 1200, Loss: 0.0567, Train: 100.00%, Valid: 32.55%, Test: 31.90%, Best Valid: 33.35%, Best Test: 33.79%
Epoch: 1300, Loss: 0.0489, Train: 100.00%, Valid: 31.85%, Test: 31.94%, Best Valid: 33.35%, Best Test: 33.79%
Epoch: 1400, Loss: 0.0707, Train: 100.00%, Valid: 32.25%, Test: 32.19%, Best Valid: 33.45%, Best Test: 33.23%
Epoch: 1500, Loss: 0.0554, Train: 99.87%, Valid: 32.60%, Test: 32.08%, Best Valid: 33.45%, Best Test: 33.23%
Epoch: 1600, Loss: 0.0425, Train: 100.00%, Valid: 32.65%, Test: 32.42%, Best Valid: 34.25%, Best Test: 33.86%
Epoch: 1700, Loss: 0.0469, Train: 100.00%, Valid: 33.05%, Test: 32.70%, Best Valid: 34.95%, Best Test: 33.88%
Epoch: 1800, Loss: 0.0230, Train: 100.00%, Valid: 32.25%, Test: 32.26%, Best Valid: 36.65%, Best Test: 37.24%
Epoch: 1900, Loss: 0.0440, Train: 100.00%, Valid: 32.70%, Test: 33.05%, Best Valid: 36.65%, Best Test: 37.24%
Run 04:
Highest Train: 100.00
Highest Valid: 36.65
Highest Test: 37.24
Chosen epoch: 1741
Final Train: 100.00
Final Test: 37.24
train:torch.Size([788]), valid:torch.Size([2000]), test:torch.Size([20000])
Loading precomputed co-occurrence prior from priors/arxiv_lt2018_all.pt ...
Transferred prior frozen (rel. dist to this graph's oracle matrix: 0.3567).
Epoch: 00, Loss: 10.2953, Train: 2.66%, Valid: 7.40%, Test: 7.43%, Best Valid: 7.40%, Best Test: 7.43%
Epoch: 100, Loss: 9.3616, Train: 17.01%, Valid: 21.70%, Test: 20.59%, Best Valid: 21.70%, Best Test: 20.59%
Epoch: 200, Loss: 3.0449, Train: 80.58%, Valid: 22.95%, Test: 22.73%, Best Valid: 23.20%, Best Test: 22.13%
Epoch: 300, Loss: 0.9422, Train: 98.98%, Valid: 26.50%, Test: 25.78%, Best Valid: 26.50%, Best Test: 25.91%
Epoch: 400, Loss: 0.3727, Train: 100.00%, Valid: 27.80%, Test: 26.92%, Best Valid: 27.80%, Best Test: 26.92%
Epoch: 500, Loss: 0.2227, Train: 99.75%, Valid: 27.95%, Test: 27.53%, Best Valid: 28.80%, Best Test: 28.47%
Epoch: 600, Loss: 0.1649, Train: 100.00%, Valid: 28.25%, Test: 27.71%, Best Valid: 29.30%, Best Test: 28.84%
Epoch: 700, Loss: 0.1073, Train: 99.87%, Valid: 29.60%, Test: 28.73%, Best Valid: 30.40%, Best Test: 29.18%
Epoch: 800, Loss: 0.0836, Train: 99.87%, Valid: 30.00%, Test: 29.00%, Best Valid: 30.60%, Best Test: 29.98%
Epoch: 900, Loss: 0.0723, Train: 100.00%, Valid: 30.85%, Test: 30.04%, Best Valid: 31.45%, Best Test: 30.29%
Epoch: 1000, Loss: 0.0466, Train: 100.00%, Valid: 32.20%, Test: 31.08%, Best Valid: 32.30%, Best Test: 31.23%
Epoch: 1100, Loss: 0.0750, Train: 100.00%, Valid: 32.05%, Test: 31.03%, Best Valid: 32.55%, Best Test: 31.09%
Epoch: 1200, Loss: 0.0707, Train: 100.00%, Valid: 32.25%, Test: 31.70%, Best Valid: 32.80%, Best Test: 32.02%
Epoch: 1300, Loss: 0.0502, Train: 100.00%, Valid: 30.85%, Test: 30.55%, Best Valid: 35.45%, Best Test: 34.22%
Epoch: 1400, Loss: 0.0271, Train: 100.00%, Valid: 31.30%, Test: 30.55%, Best Valid: 35.45%, Best Test: 34.22%
Epoch: 1500, Loss: 0.0408, Train: 100.00%, Valid: 33.30%, Test: 32.71%, Best Valid: 35.45%, Best Test: 34.22%
Epoch: 1600, Loss: 0.0189, Train: 100.00%, Valid: 34.55%, Test: 33.09%, Best Valid: 35.45%, Best Test: 34.22%
Epoch: 1700, Loss: 0.0323, Train: 100.00%, Valid: 33.75%, Test: 32.93%, Best Valid: 35.50%, Best Test: 34.31%
Epoch: 1800, Loss: 0.0556, Train: 100.00%, Valid: 32.80%, Test: 32.04%, Best Valid: 36.20%, Best Test: 34.86%
Epoch: 1900, Loss: 0.0215, Train: 99.87%, Valid: 31.95%, Test: 31.34%, Best Valid: 36.35%, Best Test: 34.68%
Run 05:
Highest Train: 100.00
Highest Valid: 36.45
Highest Test: 34.85
Chosen epoch: 1986
Final Train: 100.00
Final Test: 34.69
train:torch.Size([788]), valid:torch.Size([2000]), test:torch.Size([20000])
Loading precomputed co-occurrence prior from priors/arxiv_lt2018_all.pt ...
Transferred prior frozen (rel. dist to this graph's oracle matrix: 0.3567).
Epoch: 00, Loss: 10.2004, Train: 1.65%, Valid: 2.35%, Test: 2.07%, Best Valid: 2.35%, Best Test: 2.07%
Epoch: 100, Loss: 9.6358, Train: 15.23%, Valid: 20.10%, Test: 20.59%, Best Valid: 20.90%, Best Test: 20.58%
Epoch: 200, Loss: 2.9808, Train: 74.75%, Valid: 21.90%, Test: 22.48%, Best Valid: 22.35%, Best Test: 22.78%
Epoch: 300, Loss: 1.1372, Train: 96.95%, Valid: 24.55%, Test: 24.29%, Best Valid: 26.15%, Best Test: 25.51%
Epoch: 400, Loss: 0.4807, Train: 99.62%, Valid: 26.90%, Test: 25.92%, Best Valid: 27.90%, Best Test: 26.82%
Epoch: 500, Loss: 0.3107, Train: 99.37%, Valid: 26.50%, Test: 25.82%, Best Valid: 29.15%, Best Test: 27.37%
Epoch: 600, Loss: 0.1502, Train: 99.62%, Valid: 27.80%, Test: 26.58%, Best Valid: 29.85%, Best Test: 27.44%
Epoch: 700, Loss: 0.1397, Train: 99.75%, Valid: 27.85%, Test: 26.99%, Best Valid: 29.85%, Best Test: 27.44%
Epoch: 800, Loss: 0.0910, Train: 99.62%, Valid: 29.05%, Test: 27.35%, Best Valid: 30.05%, Best Test: 28.44%
Epoch: 900, Loss: 0.0990, Train: 99.62%, Valid: 31.65%, Test: 29.47%, Best Valid: 31.65%, Best Test: 29.43%
Epoch: 1000, Loss: 0.0708, Train: 99.75%, Valid: 32.15%, Test: 29.62%, Best Valid: 32.65%, Best Test: 29.73%
Epoch: 1100, Loss: 0.0842, Train: 99.87%, Valid: 29.85%, Test: 28.07%, Best Valid: 32.65%, Best Test: 29.73%
Epoch: 1200, Loss: 0.0708, Train: 99.87%, Valid: 32.35%, Test: 29.43%, Best Valid: 32.75%, Best Test: 29.53%
Epoch: 1300, Loss: 0.0383, Train: 100.00%, Valid: 34.05%, Test: 31.45%, Best Valid: 34.15%, Best Test: 31.16%
Epoch: 1400, Loss: 0.0395, Train: 100.00%, Valid: 32.25%, Test: 30.03%, Best Valid: 35.05%, Best Test: 31.95%
Epoch: 1500, Loss: 0.0500, Train: 100.00%, Valid: 34.10%, Test: 31.37%, Best Valid: 35.05%, Best Test: 31.95%
Epoch: 1600, Loss: 0.0279, Train: 100.00%, Valid: 33.35%, Test: 30.55%, Best Valid: 36.05%, Best Test: 32.34%
Epoch: 1700, Loss: 0.0431, Train: 100.00%, Valid: 33.10%, Test: 30.64%, Best Valid: 36.05%, Best Test: 32.34%
Epoch: 1800, Loss: 0.0239, Train: 100.00%, Valid: 33.70%, Test: 30.80%, Best Valid: 37.05%, Best Test: 32.84%
Epoch: 1900, Loss: 0.0231, Train: 100.00%, Valid: 35.70%, Test: 31.86%, Best Valid: 37.05%, Best Test: 32.84%
Run 06:
Highest Train: 100.00
Highest Valid: 37.05
Highest Test: 34.01
Chosen epoch: 1775
Final Train: 100.00
Final Test: 32.85
train:torch.Size([788]), valid:torch.Size([2000]), test:torch.Size([20000])
Loading precomputed co-occurrence prior from priors/arxiv_lt2018_all.pt ...
Transferred prior frozen (rel. dist to this graph's oracle matrix: 0.3567).
Epoch: 00, Loss: 10.2684, Train: 4.19%, Valid: 1.10%, Test: 0.98%, Best Valid: 1.10%, Best Test: 0.98%
Epoch: 100, Loss: 9.8727, Train: 17.77%, Valid: 6.90%, Test: 6.93%, Best Valid: 18.65%, Best Test: 17.89%
Epoch: 200, Loss: 3.0036, Train: 75.51%, Valid: 8.60%, Test: 8.49%, Best Valid: 18.65%, Best Test: 17.89%
Epoch: 300, Loss: 0.9191, Train: 92.13%, Valid: 9.30%, Test: 9.20%, Best Valid: 18.65%, Best Test: 17.89%
Epoch: 400, Loss: 0.4355, Train: 98.35%, Valid: 10.35%, Test: 10.28%, Best Valid: 18.65%, Best Test: 17.89%
Epoch: 500, Loss: 0.2541, Train: 99.11%, Valid: 10.95%, Test: 10.66%, Best Valid: 18.65%, Best Test: 17.89%
Epoch: 600, Loss: 0.1378, Train: 99.87%, Valid: 11.45%, Test: 11.45%, Best Valid: 18.65%, Best Test: 17.89%
Epoch: 700, Loss: 0.1074, Train: 99.75%, Valid: 12.90%, Test: 12.03%, Best Valid: 18.65%, Best Test: 17.89%
Epoch: 800, Loss: 0.0821, Train: 99.87%, Valid: 14.15%, Test: 13.28%, Best Valid: 18.65%, Best Test: 17.89%
Epoch: 900, Loss: 0.0728, Train: 99.75%, Valid: 13.80%, Test: 13.43%, Best Valid: 18.65%, Best Test: 17.89%
Epoch: 1000, Loss: 0.0695, Train: 100.00%, Valid: 14.35%, Test: 14.00%, Best Valid: 18.65%, Best Test: 17.89%
Epoch: 1100, Loss: 0.0488, Train: 99.87%, Valid: 14.25%, Test: 14.37%, Best Valid: 18.65%, Best Test: 17.89%
Epoch: 1200, Loss: 0.0532, Train: 99.87%, Valid: 14.05%, Test: 14.16%, Best Valid: 18.65%, Best Test: 17.89%
Epoch: 1300, Loss: 0.0425, Train: 99.75%, Valid: 14.65%, Test: 14.19%, Best Valid: 18.65%, Best Test: 17.89%
Epoch: 1400, Loss: 0.0312, Train: 99.87%, Valid: 15.25%, Test: 14.75%, Best Valid: 18.65%, Best Test: 17.89%
Epoch: 1500, Loss: 0.0462, Train: 100.00%, Valid: 15.50%, Test: 15.04%, Best Valid: 18.65%, Best Test: 17.89%
Epoch: 1600, Loss: 0.0346, Train: 99.87%, Valid: 16.40%, Test: 15.75%, Best Valid: 18.65%, Best Test: 17.89%
Epoch: 1700, Loss: 0.0421, Train: 100.00%, Valid: 15.85%, Test: 15.52%, Best Valid: 18.65%, Best Test: 17.89%
Epoch: 1800, Loss: 0.0307, Train: 100.00%, Valid: 16.50%, Test: 16.41%, Best Valid: 18.65%, Best Test: 17.89%
Epoch: 1900, Loss: 0.0480, Train: 100.00%, Valid: 14.95%, Test: 14.92%, Best Valid: 18.65%, Best Test: 17.89%
Run 07:
Highest Train: 100.00
Highest Valid: 18.65
Highest Test: 18.15
Chosen epoch: 21
Final Train: 4.70
Final Test: 17.89
train:torch.Size([788]), valid:torch.Size([2000]), test:torch.Size([20000])
Loading precomputed co-occurrence prior from priors/arxiv_lt2018_all.pt ...
Transferred prior frozen (rel. dist to this graph's oracle matrix: 0.3567).
Epoch: 00, Loss: 10.1477, Train: 2.54%, Valid: 0.25%, Test: 0.21%, Best Valid: 0.25%, Best Test: 0.21%
Epoch: 100, Loss: 9.1007, Train: 15.99%, Valid: 21.90%, Test: 20.79%, Best Valid: 21.95%, Best Test: 20.72%
Epoch: 200, Loss: 2.7846, Train: 81.47%, Valid: 23.00%, Test: 22.18%, Best Valid: 23.30%, Best Test: 22.30%
Epoch: 300, Loss: 0.8793, Train: 98.98%, Valid: 25.60%, Test: 24.59%, Best Valid: 25.60%, Best Test: 24.59%
Epoch: 400, Loss: 0.4239, Train: 99.49%, Valid: 25.95%, Test: 24.91%, Best Valid: 28.15%, Best Test: 27.19%
Epoch: 500, Loss: 0.2935, Train: 99.75%, Valid: 27.70%, Test: 26.96%, Best Valid: 29.05%, Best Test: 28.01%
Epoch: 600, Loss: 0.2106, Train: 99.87%, Valid: 28.35%, Test: 27.36%, Best Valid: 29.05%, Best Test: 28.01%
Epoch: 700, Loss: 0.1447, Train: 99.87%, Valid: 27.95%, Test: 26.95%, Best Valid: 29.05%, Best Test: 28.01%
Epoch: 800, Loss: 0.0860, Train: 99.87%, Valid: 28.20%, Test: 27.73%, Best Valid: 29.30%, Best Test: 28.62%
Epoch: 900, Loss: 0.0992, Train: 100.00%, Valid: 29.70%, Test: 28.84%, Best Valid: 30.15%, Best Test: 29.23%
Epoch: 1000, Loss: 0.0707, Train: 99.87%, Valid: 29.10%, Test: 27.99%, Best Valid: 30.15%, Best Test: 29.23%
Epoch: 1100, Loss: 0.0801, Train: 100.00%, Valid: 29.45%, Test: 28.19%, Best Valid: 32.00%, Best Test: 30.63%
Epoch: 1200, Loss: 0.0578, Train: 100.00%, Valid: 30.50%, Test: 28.93%, Best Valid: 33.85%, Best Test: 31.54%
Epoch: 1300, Loss: 0.0538, Train: 100.00%, Valid: 30.55%, Test: 29.29%, Best Valid: 33.85%, Best Test: 31.54%
Epoch: 1400, Loss: 0.0416, Train: 100.00%, Valid: 29.40%, Test: 28.73%, Best Valid: 33.85%, Best Test: 31.54%
Epoch: 1500, Loss: 0.0757, Train: 100.00%, Valid: 33.45%, Test: 32.00%, Best Valid: 34.20%, Best Test: 32.57%
Epoch: 1600, Loss: 0.0318, Train: 100.00%, Valid: 31.40%, Test: 30.28%, Best Valid: 34.90%, Best Test: 32.91%
Epoch: 1700, Loss: 0.0291, Train: 100.00%, Valid: 33.30%, Test: 32.09%, Best Valid: 34.90%, Best Test: 32.91%
Epoch: 1800, Loss: 0.0451, Train: 100.00%, Valid: 33.45%, Test: 32.20%, Best Valid: 34.90%, Best Test: 32.91%
Epoch: 1900, Loss: 0.0264, Train: 100.00%, Valid: 30.50%, Test: 29.00%, Best Valid: 34.90%, Best Test: 32.91%
Run 08:
Highest Train: 100.00
Highest Valid: 34.90
Highest Test: 33.28
Chosen epoch: 1525
Final Train: 100.00
Final Test: 32.92
train:torch.Size([788]), valid:torch.Size([2000]), test:torch.Size([20000])
Loading precomputed co-occurrence prior from priors/arxiv_lt2018_all.pt ...
Transferred prior frozen (rel. dist to this graph's oracle matrix: 0.3567).
Epoch: 00, Loss: 10.1898, Train: 2.54%, Valid: 0.45%, Test: 0.68%, Best Valid: 0.45%, Best Test: 0.68%
Epoch: 100, Loss: 9.0059, Train: 16.75%, Valid: 23.25%, Test: 22.84%, Best Valid: 23.30%, Best Test: 22.84%
Epoch: 200, Loss: 2.6536, Train: 81.47%, Valid: 25.90%, Test: 25.36%, Best Valid: 26.15%, Best Test: 25.34%
Epoch: 300, Loss: 0.8642, Train: 97.34%, Valid: 27.25%, Test: 26.54%, Best Valid: 28.25%, Best Test: 27.10%
Epoch: 400, Loss: 0.4527, Train: 99.87%, Valid: 29.60%, Test: 28.61%, Best Valid: 29.90%, Best Test: 29.34%
Epoch: 500, Loss: 0.2646, Train: 99.87%, Valid: 29.45%, Test: 29.05%, Best Valid: 30.70%, Best Test: 29.96%
Epoch: 600, Loss: 0.1977, Train: 100.00%, Valid: 30.10%, Test: 29.07%, Best Valid: 31.65%, Best Test: 30.45%
Epoch: 700, Loss: 0.1969, Train: 100.00%, Valid: 31.10%, Test: 30.69%, Best Valid: 32.15%, Best Test: 31.37%
Epoch: 800, Loss: 0.1617, Train: 99.87%, Valid: 31.20%, Test: 30.59%, Best Valid: 32.25%, Best Test: 31.19%
Epoch: 900, Loss: 0.0872, Train: 100.00%, Valid: 30.85%, Test: 30.66%, Best Valid: 32.55%, Best Test: 31.33%
Epoch: 1000, Loss: 0.0793, Train: 100.00%, Valid: 31.25%, Test: 30.80%, Best Valid: 33.35%, Best Test: 32.72%
Epoch: 1100, Loss: 0.0662, Train: 100.00%, Valid: 31.85%, Test: 31.16%, Best Valid: 33.35%, Best Test: 32.72%
Epoch: 1200, Loss: 0.0531, Train: 100.00%, Valid: 32.30%, Test: 32.27%, Best Valid: 33.65%, Best Test: 32.60%
Epoch: 1300, Loss: 0.0774, Train: 100.00%, Valid: 32.45%, Test: 31.85%, Best Valid: 33.65%, Best Test: 32.60%
Epoch: 1400, Loss: 0.0351, Train: 100.00%, Valid: 31.55%, Test: 31.55%, Best Valid: 34.75%, Best Test: 33.58%
Epoch: 1500, Loss: 0.0554, Train: 100.00%, Valid: 34.60%, Test: 33.97%, Best Valid: 35.45%, Best Test: 35.08%
Epoch: 1600, Loss: 0.0429, Train: 100.00%, Valid: 34.50%, Test: 34.46%, Best Valid: 35.45%, Best Test: 35.08%
Epoch: 1700, Loss: 0.0481, Train: 100.00%, Valid: 36.55%, Test: 35.11%, Best Valid: 36.55%, Best Test: 35.11%
Epoch: 1800, Loss: 0.0225, Train: 100.00%, Valid: 36.60%, Test: 35.08%, Best Valid: 36.60%, Best Test: 35.09%
Epoch: 1900, Loss: 0.0451, Train: 100.00%, Valid: 34.80%, Test: 33.91%, Best Valid: 37.30%, Best Test: 35.51%
Run 09:
Highest Train: 100.00
Highest Valid: 37.30
Highest Test: 35.64
Chosen epoch: 1803
Final Train: 100.00
Final Test: 35.51
train:torch.Size([788]), valid:torch.Size([2000]), test:torch.Size([20000])
Loading precomputed co-occurrence prior from priors/arxiv_lt2018_all.pt ...
Transferred prior frozen (rel. dist to this graph's oracle matrix: 0.3567).
Epoch: 00, Loss: 10.2827, Train: 2.41%, Valid: 0.80%, Test: 0.64%, Best Valid: 0.80%, Best Test: 0.64%
Epoch: 100, Loss: 9.6873, Train: 13.45%, Valid: 20.75%, Test: 20.47%, Best Valid: 20.90%, Best Test: 20.43%
Epoch: 200, Loss: 3.2445, Train: 76.65%, Valid: 22.20%, Test: 22.15%, Best Valid: 22.25%, Best Test: 21.98%
Epoch: 300, Loss: 1.0573, Train: 98.35%, Valid: 23.40%, Test: 23.34%, Best Valid: 23.60%, Best Test: 23.32%
Epoch: 400, Loss: 0.4564, Train: 99.87%, Valid: 24.70%, Test: 24.83%, Best Valid: 24.75%, Best Test: 24.87%
Epoch: 500, Loss: 0.2548, Train: 99.87%, Valid: 25.15%, Test: 25.06%, Best Valid: 26.65%, Best Test: 25.64%
Epoch: 600, Loss: 0.1583, Train: 100.00%, Valid: 27.05%, Test: 26.43%, Best Valid: 27.95%, Best Test: 27.05%
Epoch: 700, Loss: 0.1092, Train: 100.00%, Valid: 26.75%, Test: 26.70%, Best Valid: 27.95%, Best Test: 27.05%
Epoch: 800, Loss: 0.0770, Train: 100.00%, Valid: 27.15%, Test: 26.50%, Best Valid: 27.95%, Best Test: 27.05%
Epoch: 900, Loss: 0.0823, Train: 100.00%, Valid: 27.60%, Test: 27.29%, Best Valid: 28.30%, Best Test: 27.37%
Epoch: 1000, Loss: 0.0705, Train: 100.00%, Valid: 28.20%, Test: 27.47%, Best Valid: 28.30%, Best Test: 27.37%
Epoch: 1100, Loss: 0.0736, Train: 100.00%, Valid: 27.80%, Test: 27.84%, Best Valid: 28.85%, Best Test: 28.04%
Epoch: 1200, Loss: 0.0502, Train: 100.00%, Valid: 28.50%, Test: 28.29%, Best Valid: 29.30%, Best Test: 28.67%
Epoch: 1300, Loss: 0.0482, Train: 100.00%, Valid: 28.45%, Test: 27.82%, Best Valid: 30.50%, Best Test: 29.95%
Epoch: 1400, Loss: 0.0375, Train: 100.00%, Valid: 29.40%, Test: 28.34%, Best Valid: 30.50%, Best Test: 29.95%
Epoch: 1500, Loss: 0.0424, Train: 100.00%, Valid: 28.70%, Test: 28.57%, Best Valid: 30.50%, Best Test: 29.95%
Epoch: 1600, Loss: 0.0393, Train: 100.00%, Valid: 29.35%, Test: 29.22%, Best Valid: 30.50%, Best Test: 29.95%
Epoch: 1700, Loss: 0.0427, Train: 100.00%, Valid: 28.65%, Test: 28.80%, Best Valid: 30.75%, Best Test: 29.95%
Epoch: 1800, Loss: 0.0412, Train: 100.00%, Valid: 29.70%, Test: 29.59%, Best Valid: 30.75%, Best Test: 29.95%
Epoch: 1900, Loss: 0.0302, Train: 100.00%, Valid: 29.65%, Test: 29.74%, Best Valid: 32.05%, Best Test: 31.31%
Run 10:
Highest Train: 100.00
Highest Valid: 32.05
Highest Test: 31.40
Chosen epoch: 1865
Final Train: 100.00
Final Test: 31.31
All runs:
Highest Train: 100.00 ± 0.00
Highest Test: 30.83 ± 7.45
Highest Valid: 31.70 ± 7.92
  Final Train: 90.47 ± 30.14
   Final Test: 30.48 ± 7.36
Saving results to results/transfer_drop/ogbn-arxiv/MPNN_gcn.csv
Low-label sweep completed.
Task 28 done.
