Fri Sep 11 15:11:23 2026       
+-----------------------------------------------------------------------------------------+
| NVIDIA-SMI 580.159.04             Driver Version: 580.159.04     CUDA Version: 13.0     |
+-----------------------------------------+------------------------+----------------------+
| GPU  Name                 Persistence-M | Bus-Id          Disp.A | Volatile Uncorr. ECC |
| Fan  Temp   Perf          Pwr:Usage/Cap |           Memory-Usage | GPU-Util  Compute M. |
|                                         |                        |               MIG M. |
|=========================================+========================+======================|
|   0  NVIDIA A100-SXM4-80GB          On  |   00000000:01:00.0 Off |                   On |
| N/A   49C    P0            236W /  500W |   50708MiB /  81920MiB |     N/A      Default |
|                                         |                        |              Enabled |
+-----------------------------------------+------------------------+----------------------+
|   1  NVIDIA A100-SXM4-80GB          On  |   00000000:41:00.0 Off |                   On |
| N/A   36C    P0            119W /  500W |    4734MiB /  81920MiB |     N/A      Default |
|                                         |                        |              Enabled |
+-----------------------------------------+------------------------+----------------------+
|   2  NVIDIA A100-SXM4-80GB          On  |   00000000:81:00.0 Off |                   On |
| N/A   41C    P0            152W /  500W |   17482MiB /  81920MiB |     N/A      Default |
|                                         |                        |              Enabled |
+-----------------------------------------+------------------------+----------------------+
|   3  NVIDIA A100-SXM4-80GB          On  |   00000000:C1:00.0 Off |                   On |
| N/A   34C    P0            123W /  500W |    2018MiB /  81920MiB |     N/A      Default |
|                                         |                        |              Enabled |
+-----------------------------------------+------------------------+----------------------+

+-----------------------------------------------------------------------------------------+
| MIG devices:                                                                            |
+------------------+----------------------------------+-----------+-----------------------+
| GPU  GI  CI  MIG |              Shared Memory-Usage |        Vol|        Shared         |
|      ID  ID  Dev |                Shared BAR1-Usage | SM     Unc| CE ENC  DEC  OFA  JPG |
|                  |                                  |        ECC|                       |
|==================+==================================+===========+=======================|
|  0    5   0   0  |              71MiB / 19968MiB    | 28      0 |  2   0    1    0    0 |
|                  |               0MiB / 12271MiB    |           |                       |
+------------------+----------------------------------+-----------+-----------------------+

+-----------------------------------------------------------------------------------------+
| Processes:                                                                              |
|  GPU   GI   CI              PID   Type   Process name                        GPU Memory |
|        ID   ID                                                               Usage      |
|=========================================================================================|
|    1   13    0          1621556      C   ...ware/symmetrix-env/bin/python       3286MiB |
|    1   14    0          2796695      C   ...e-environment/venv/bin/python        282MiB |
|    1    5    0          2796869      C   python                                  894MiB |
|    2    9    0          1620966      C   ...ware/symmetrix-env/bin/python        424MiB |
|    2   10    0          1620967      C   ...ware/symmetrix-env/bin/python        426MiB |
|    2    3    0          2796649      C   python                                16360MiB |
|    3   14    0          1620962      C   ...ware/symmetrix-env/bin/python        426MiB |
|    3   13    0          1620965      C   ...ware/symmetrix-env/bin/python        426MiB |
|    3    5    0          2795592      C   python                                  894MiB |
+-----------------------------------------------------------------------------------------+
Transfer cell: mode=labels cond=transfer prior=all budget=20/class -> results/transfer_labels
python main.py --gnn gcn --dataset ogbn-arxiv --data_dir ../large_graph/data/   --hidden_channels 512 --epochs 2000 --lr 0.0005 --local_layers 5 --bn --res   --device 0 --runs 10   --rand_split_class --label_num_per_class 20 --resample_split_per_run   --valid_num 2000 --test_num 20000   --year_split 2018 --source_mode labels --budget_tag 20
==========================================================
Low-label sweep: python main.py --gnn gcn --dataset ogbn-arxiv --data_dir ../large_graph/data/   --hidden_channels 512 --epochs 2000 --lr 0.0005 --local_layers 5 --bn --res   --device 0 --runs 10   --rand_split_class --label_num_per_class 20 --resample_split_per_run   --valid_num 2000 --test_num 20000   --year_split 2018 --source_mode labels --budget_tag 20
result_dir=results/transfer_labels conditions=[transfer]
==========================================================
--- transfer prior priors/arxiv_lt2018_all.pt  | lambda=0.01 ---
    (already completed — requeue resume, skipping)
--- transfer prior priors/arxiv_lt2018_all.pt  | lambda=0.05 ---
Namespace(bn=True, budget_tag='20', cooc_file='priors/arxiv_lt2018_all.pt', count_reg=False, count_smoothing=1.0, cpu=False, data_dir='../large_graph/data/', dataset='ogbn-arxiv', device=0, display_step=100, dropout=0.5, epochs=2000, gnn='gcn', hidden_channels=512, jk=False, label_num_per_class=20, lambda_val=0.05, ln=False, local_layers=5, lr=0.0005, metric='acc', mlp_epochs=500, mlp_reg=False, model='MPNN', model_dir='models', num_heads=1, oracle_reg=False, paired_seeds=True, penalty_transform='none', pre_linear=False, pre_ln=False, rand_split=False, rand_split_class=True, reg_start_epoch=10, reg_update_freq=5, res=True, resample_split_per_run=True, result_dir='results/transfer_labels', runs=10, save_model=False, seed=42, source_mode='labels', test_num=20000, train_per_class=0, train_prop=0.5, use_reg=True, valid_num=2000, valid_per_class=0, valid_prop=0.25, weight_decay=0.0005, year_split=2018)
ogbn-arxiv
Year split at 2018: source (<2018) 90941 nodes | target (>=2018) 78402 nodes | mode=labels
train:torch.Size([788]), valid:torch.Size([2000]), test:torch.Size([20000])
dataset ogbn-arxiv | num nodes 169343 | num edge 1166243 | num node feats 128 | num classes 40
MODEL: MPNNs(
  (h_lins): ModuleList()
  (local_convs): ModuleList(
    (0): GCNConv(128, 512)
    (1): GCNConv(512, 512)
    (2): GCNConv(512, 512)
    (3): GCNConv(512, 512)
    (4): GCNConv(512, 512)
  )
  (lins): ModuleList(
    (0): Linear(in_features=128, out_features=512, bias=True)
    (1): Linear(in_features=512, out_features=512, bias=True)
    (2): Linear(in_features=512, out_features=512, bias=True)
    (3): Linear(in_features=512, out_features=512, bias=True)
    (4): Linear(in_features=512, out_features=512, bias=True)
  )
  (lns): ModuleList(
    (0): LayerNorm((512,), eps=1e-05, elementwise_affine=True)
    (1): LayerNorm((512,), eps=1e-05, elementwise_affine=True)
    (2): LayerNorm((512,), eps=1e-05, elementwise_affine=True)
    (3): LayerNorm((512,), eps=1e-05, elementwise_affine=True)
    (4): LayerNorm((512,), eps=1e-05, elementwise_affine=True)
  )
  (bns): ModuleList(
    (0): BatchNorm1d(512, eps=1e-05, momentum=0.1, affine=True, track_running_stats=True)
    (1): BatchNorm1d(512, eps=1e-05, momentum=0.1, affine=True, track_running_stats=True)
    (2): BatchNorm1d(512, eps=1e-05, momentum=0.1, affine=True, track_running_stats=True)
    (3): BatchNorm1d(512, eps=1e-05, momentum=0.1, affine=True, track_running_stats=True)
    (4): BatchNorm1d(512, eps=1e-05, momentum=0.1, affine=True, track_running_stats=True)
  )
  (lin_in): Linear(in_features=128, out_features=512, bias=True)
  (pred_local): Linear(in_features=512, out_features=40, bias=True)
)
train:torch.Size([788]), valid:torch.Size([2000]), test:torch.Size([20000])
Source labels added to training: 91729 train nodes
Loading precomputed co-occurrence prior from priors/arxiv_lt2018_all.pt ...
Transferred prior frozen (rel. dist to this graph's oracle matrix: 0.1736).
Epoch: 00, Loss: 4.0559, Train: 3.93%, Valid: 3.85%, Test: 4.34%, Best Valid: 3.85%, Best Test: 4.34%
Epoch: 100, Loss: 1.0587, Train: 48.10%, Valid: 71.45%, Test: 71.44%, Best Valid: 71.60%, Best Test: 71.43%
Epoch: 200, Loss: 0.8948, Train: 55.33%, Valid: 72.00%, Test: 73.04%, Best Valid: 73.30%, Best Test: 73.11%
Epoch: 300, Loss: 0.7930, Train: 62.94%, Valid: 72.90%, Test: 73.00%, Best Valid: 74.10%, Best Test: 73.80%
Epoch: 400, Loss: 0.7255, Train: 67.26%, Valid: 73.40%, Test: 73.28%, Best Valid: 74.45%, Best Test: 73.69%
Epoch: 500, Loss: 0.6794, Train: 69.42%, Valid: 74.35%, Test: 74.22%, Best Valid: 74.85%, Best Test: 74.35%
Epoch: 600, Loss: 0.6388, Train: 74.37%, Valid: 72.10%, Test: 72.41%, Best Valid: 74.85%, Best Test: 74.35%
Epoch: 700, Loss: 0.6138, Train: 73.35%, Valid: 73.75%, Test: 74.10%, Best Valid: 74.85%, Best Test: 74.35%
Epoch: 800, Loss: 0.5826, Train: 77.16%, Valid: 72.10%, Test: 72.13%, Best Valid: 74.85%, Best Test: 74.35%
Epoch: 900, Loss: 0.5661, Train: 80.46%, Valid: 72.35%, Test: 73.06%, Best Valid: 74.85%, Best Test: 74.35%
Epoch: 1000, Loss: 0.5396, Train: 80.58%, Valid: 71.85%, Test: 72.28%, Best Valid: 75.10%, Best Test: 73.34%
Epoch: 1100, Loss: 0.5181, Train: 81.73%, Valid: 74.00%, Test: 73.40%, Best Valid: 75.10%, Best Test: 73.34%
Epoch: 1200, Loss: 0.4990, Train: 84.90%, Valid: 74.75%, Test: 73.61%, Best Valid: 75.10%, Best Test: 73.34%
Epoch: 1300, Loss: 0.4883, Train: 82.49%, Valid: 72.05%, Test: 72.57%, Best Valid: 75.10%, Best Test: 73.34%
Epoch: 1400, Loss: 0.4698, Train: 84.90%, Valid: 72.95%, Test: 72.92%, Best Valid: 75.10%, Best Test: 73.34%
Epoch: 1500, Loss: 0.4545, Train: 86.68%, Valid: 73.30%, Test: 72.91%, Best Valid: 75.10%, Best Test: 73.34%
Epoch: 1600, Loss: 0.4414, Train: 88.96%, Valid: 73.25%, Test: 72.95%, Best Valid: 75.10%, Best Test: 73.34%
Epoch: 1700, Loss: 0.4279, Train: 90.48%, Valid: 72.50%, Test: 73.00%, Best Valid: 75.10%, Best Test: 73.34%
Epoch: 1800, Loss: 0.4191, Train: 90.23%, Valid: 72.75%, Test: 72.62%, Best Valid: 75.10%, Best Test: 73.34%
Epoch: 1900, Loss: 0.4004, Train: 91.75%, Valid: 72.30%, Test: 72.59%, Best Valid: 75.10%, Best Test: 73.34%
Run 01:
Highest Train: 92.64
Highest Valid: 75.10
Highest Test: 74.46
Chosen epoch: 973
Final Train: 75.25
Final Test: 73.34
train:torch.Size([788]), valid:torch.Size([2000]), test:torch.Size([20000])
Source labels added to training: 91729 train nodes
Loading precomputed co-occurrence prior from priors/arxiv_lt2018_all.pt ...
Transferred prior frozen (rel. dist to this graph's oracle matrix: 0.1736).
Epoch: 00, Loss: 4.0794, Train: 2.28%, Valid: 2.25%, Test: 2.75%, Best Valid: 2.25%, Best Test: 2.75%
Epoch: 100, Loss: 1.0598, Train: 48.98%, Valid: 71.40%, Test: 71.75%, Best Valid: 71.75%, Best Test: 71.45%
Epoch: 200, Loss: 0.9004, Train: 54.82%, Valid: 72.60%, Test: 73.28%, Best Valid: 73.35%, Best Test: 72.88%
Epoch: 300, Loss: 0.7976, Train: 60.28%, Valid: 72.05%, Test: 72.06%, Best Valid: 75.15%, Best Test: 73.45%
Epoch: 400, Loss: 0.7255, Train: 66.75%, Valid: 73.10%, Test: 72.92%, Best Valid: 75.25%, Best Test: 73.83%
Epoch: 500, Loss: 0.6792, Train: 67.77%, Valid: 73.10%, Test: 72.44%, Best Valid: 75.75%, Best Test: 74.20%
Epoch: 600, Loss: 0.6458, Train: 70.94%, Valid: 74.85%, Test: 73.76%, Best Valid: 75.75%, Best Test: 74.20%
Epoch: 700, Loss: 0.6117, Train: 72.59%, Valid: 72.85%, Test: 72.61%, Best Valid: 75.75%, Best Test: 74.20%
Epoch: 800, Loss: 0.5853, Train: 76.78%, Valid: 73.00%, Test: 72.76%, Best Valid: 75.75%, Best Test: 74.20%
Epoch: 900, Loss: 0.5695, Train: 78.43%, Valid: 72.05%, Test: 72.06%, Best Valid: 75.75%, Best Test: 74.20%
Epoch: 1000, Loss: 0.5493, Train: 76.78%, Valid: 72.45%, Test: 72.56%, Best Valid: 75.75%, Best Test: 74.20%
Epoch: 1100, Loss: 0.5220, Train: 77.54%, Valid: 71.70%, Test: 71.89%, Best Valid: 75.75%, Best Test: 74.20%
Epoch: 1200, Loss: 0.5079, Train: 82.87%, Valid: 73.15%, Test: 72.49%, Best Valid: 75.75%, Best Test: 74.20%
Epoch: 1300, Loss: 0.4907, Train: 82.36%, Valid: 73.50%, Test: 73.00%, Best Valid: 75.75%, Best Test: 74.20%
Epoch: 1400, Loss: 0.4713, Train: 84.26%, Valid: 70.05%, Test: 70.47%, Best Valid: 75.75%, Best Test: 74.20%
Epoch: 1500, Loss: 0.4533, Train: 87.69%, Valid: 72.75%, Test: 72.28%, Best Valid: 75.75%, Best Test: 74.20%
Epoch: 1600, Loss: 0.4397, Train: 87.56%, Valid: 72.85%, Test: 72.86%, Best Valid: 75.75%, Best Test: 74.20%
Epoch: 1700, Loss: 0.4276, Train: 88.20%, Valid: 73.35%, Test: 72.83%, Best Valid: 75.75%, Best Test: 74.20%
Epoch: 1800, Loss: 0.4166, Train: 88.58%, Valid: 73.40%, Test: 72.67%, Best Valid: 75.75%, Best Test: 74.20%
Epoch: 1900, Loss: 0.4043, Train: 89.09%, Valid: 73.15%, Test: 72.36%, Best Valid: 75.75%, Best Test: 74.20%
Run 02:
Highest Train: 92.89
Highest Valid: 75.75
Highest Test: 74.37
Chosen epoch: 462
Final Train: 66.62
Final Test: 74.21
train:torch.Size([788]), valid:torch.Size([2000]), test:torch.Size([20000])
Source labels added to training: 91729 train nodes
Loading precomputed co-occurrence prior from priors/arxiv_lt2018_all.pt ...
Transferred prior frozen (rel. dist to this graph's oracle matrix: 0.1736).
Epoch: 00, Loss: 3.9901, Train: 3.30%, Valid: 17.65%, Test: 18.68%, Best Valid: 17.65%, Best Test: 18.68%
Epoch: 100, Loss: 1.0596, Train: 47.84%, Valid: 70.40%, Test: 71.32%, Best Valid: 70.75%, Best Test: 71.15%
Epoch: 200, Loss: 0.8924, Train: 55.08%, Valid: 73.20%, Test: 73.26%, Best Valid: 73.40%, Best Test: 73.26%
Epoch: 300, Loss: 0.7915, Train: 59.64%, Valid: 73.05%, Test: 73.04%, Best Valid: 74.10%, Best Test: 73.72%
Epoch: 400, Loss: 0.7263, Train: 64.09%, Valid: 73.70%, Test: 73.84%, Best Valid: 74.25%, Best Test: 73.66%
Epoch: 500, Loss: 0.6798, Train: 68.40%, Valid: 72.30%, Test: 72.11%, Best Valid: 74.25%, Best Test: 73.66%
Epoch: 600, Loss: 0.6379, Train: 71.83%, Valid: 72.70%, Test: 72.78%, Best Valid: 74.25%, Best Test: 73.66%
Epoch: 700, Loss: 0.6152, Train: 73.35%, Valid: 73.05%, Test: 73.41%, Best Valid: 74.25%, Best Test: 73.66%
Epoch: 800, Loss: 0.5871, Train: 73.48%, Valid: 72.00%, Test: 72.52%, Best Valid: 74.25%, Best Test: 73.66%
Epoch: 900, Loss: 0.5602, Train: 75.89%, Valid: 73.95%, Test: 73.61%, Best Valid: 74.25%, Best Test: 73.66%
Epoch: 1000, Loss: 0.5452, Train: 74.11%, Valid: 73.05%, Test: 72.77%, Best Valid: 74.25%, Best Test: 73.66%
Epoch: 1100, Loss: 0.5238, Train: 79.44%, Valid: 72.05%, Test: 72.49%, Best Valid: 74.25%, Best Test: 73.66%
Epoch: 1200, Loss: 0.5107, Train: 81.98%, Valid: 71.45%, Test: 72.10%, Best Valid: 74.25%, Best Test: 73.66%
Epoch: 1300, Loss: 0.4857, Train: 85.53%, Valid: 71.30%, Test: 72.00%, Best Valid: 74.25%, Best Test: 73.66%
Epoch: 1400, Loss: 0.4697, Train: 85.66%, Valid: 72.85%, Test: 72.92%, Best Valid: 74.25%, Best Test: 73.66%
Epoch: 1500, Loss: 0.4574, Train: 85.66%, Valid: 72.80%, Test: 73.27%, Best Valid: 74.25%, Best Test: 73.66%
Epoch: 1600, Loss: 0.4418, Train: 88.96%, Valid: 71.65%, Test: 71.58%, Best Valid: 74.25%, Best Test: 73.66%
Epoch: 1700, Loss: 0.4293, Train: 89.34%, Valid: 72.35%, Test: 72.76%, Best Valid: 74.25%, Best Test: 73.66%
Epoch: 1800, Loss: 0.4158, Train: 90.99%, Valid: 72.50%, Test: 72.86%, Best Valid: 74.25%, Best Test: 73.66%
Epoch: 1900, Loss: 0.4070, Train: 90.74%, Valid: 72.60%, Test: 72.82%, Best Valid: 74.25%, Best Test: 73.66%
Run 03:
Highest Train: 94.54
Highest Valid: 74.25
Highest Test: 74.28
Chosen epoch: 376
Final Train: 63.07
Final Test: 73.66
train:torch.Size([788]), valid:torch.Size([2000]), test:torch.Size([20000])
Source labels added to training: 91729 train nodes
Loading precomputed co-occurrence prior from priors/arxiv_lt2018_all.pt ...
Transferred prior frozen (rel. dist to this graph's oracle matrix: 0.1736).
Epoch: 00, Loss: 4.1007, Train: 5.08%, Valid: 24.25%, Test: 25.09%, Best Valid: 24.25%, Best Test: 25.09%
Epoch: 100, Loss: 1.0649, Train: 49.11%, Valid: 72.35%, Test: 71.78%, Best Valid: 72.35%, Best Test: 71.78%
Epoch: 200, Loss: 0.9033, Train: 55.84%, Valid: 73.60%, Test: 73.02%, Best Valid: 75.00%, Best Test: 73.17%
Epoch: 300, Loss: 0.8012, Train: 61.68%, Valid: 73.90%, Test: 73.28%, Best Valid: 75.25%, Best Test: 73.62%
Epoch: 400, Loss: 0.7307, Train: 66.12%, Valid: 74.40%, Test: 73.20%, Best Valid: 75.55%, Best Test: 74.05%
Epoch: 500, Loss: 0.6783, Train: 70.43%, Valid: 73.85%, Test: 72.77%, Best Valid: 75.55%, Best Test: 74.05%
Epoch: 600, Loss: 0.6441, Train: 72.46%, Valid: 74.30%, Test: 74.00%, Best Valid: 75.55%, Best Test: 74.05%
Epoch: 700, Loss: 0.6172, Train: 73.22%, Valid: 74.55%, Test: 73.34%, Best Valid: 75.55%, Best Test: 74.05%
Epoch: 800, Loss: 0.5899, Train: 75.25%, Valid: 74.90%, Test: 74.22%, Best Valid: 75.55%, Best Test: 74.05%
Epoch: 900, Loss: 0.5684, Train: 78.55%, Valid: 74.60%, Test: 73.67%, Best Valid: 75.55%, Best Test: 74.05%
Epoch: 1000, Loss: 0.5452, Train: 79.70%, Valid: 73.95%, Test: 73.68%, Best Valid: 75.55%, Best Test: 74.05%
Epoch: 1100, Loss: 0.5287, Train: 82.36%, Valid: 72.25%, Test: 71.81%, Best Valid: 75.55%, Best Test: 74.05%
Epoch: 1200, Loss: 0.5050, Train: 83.12%, Valid: 74.15%, Test: 73.32%, Best Valid: 75.55%, Best Test: 74.05%
Epoch: 1300, Loss: 0.4868, Train: 84.39%, Valid: 73.10%, Test: 72.10%, Best Valid: 75.55%, Best Test: 74.05%
Epoch: 1400, Loss: 0.4731, Train: 87.18%, Valid: 73.90%, Test: 72.86%, Best Valid: 75.55%, Best Test: 74.05%
Epoch: 1500, Loss: 0.4526, Train: 87.44%, Valid: 73.60%, Test: 73.31%, Best Valid: 75.55%, Best Test: 74.05%
Epoch: 1600, Loss: 0.4407, Train: 87.69%, Valid: 72.45%, Test: 72.69%, Best Valid: 75.55%, Best Test: 74.05%
Epoch: 1700, Loss: 0.4269, Train: 90.23%, Valid: 73.35%, Test: 72.97%, Best Valid: 75.55%, Best Test: 74.05%
Epoch: 1800, Loss: 0.4141, Train: 91.75%, Valid: 74.00%, Test: 72.63%, Best Valid: 75.55%, Best Test: 74.05%
Epoch: 1900, Loss: 0.4068, Train: 91.75%, Valid: 72.35%, Test: 72.81%, Best Valid: 75.55%, Best Test: 74.05%
Run 04:
Highest Train: 93.15
Highest Valid: 75.55
Highest Test: 74.51
Chosen epoch: 366
Final Train: 63.45
Final Test: 74.05
train:torch.Size([788]), valid:torch.Size([2000]), test:torch.Size([20000])
Source labels added to training: 91729 train nodes
Loading precomputed co-occurrence prior from priors/arxiv_lt2018_all.pt ...
Transferred prior frozen (rel. dist to this graph's oracle matrix: 0.1736).
Epoch: 00, Loss: 4.0280, Train: 3.30%, Valid: 21.25%, Test: 19.77%, Best Valid: 21.25%, Best Test: 19.77%
Epoch: 100, Loss: 1.0603, Train: 46.19%, Valid: 71.45%, Test: 72.21%, Best Valid: 71.45%, Best Test: 72.21%
Epoch: 200, Loss: 0.8960, Train: 53.43%, Valid: 72.90%, Test: 73.30%, Best Valid: 73.40%, Best Test: 73.41%
Epoch: 300, Loss: 0.7952, Train: 58.25%, Valid: 73.90%, Test: 74.06%, Best Valid: 74.10%, Best Test: 73.99%
Epoch: 400, Loss: 0.7219, Train: 64.34%, Valid: 72.30%, Test: 73.26%, Best Valid: 74.20%, Best Test: 74.24%
Epoch: 500, Loss: 0.6803, Train: 68.15%, Valid: 72.35%, Test: 72.88%, Best Valid: 74.60%, Best Test: 74.00%
Epoch: 600, Loss: 0.6415, Train: 71.32%, Valid: 74.00%, Test: 74.05%, Best Valid: 74.60%, Best Test: 74.00%
Epoch: 700, Loss: 0.6172, Train: 71.32%, Valid: 72.60%, Test: 72.47%, Best Valid: 74.60%, Best Test: 74.00%
Epoch: 800, Loss: 0.5887, Train: 75.76%, Valid: 73.55%, Test: 73.58%, Best Valid: 74.60%, Best Test: 74.00%
Epoch: 900, Loss: 0.5687, Train: 76.78%, Valid: 72.60%, Test: 72.67%, Best Valid: 74.60%, Best Test: 74.00%
Epoch: 1000, Loss: 0.5440, Train: 79.95%, Valid: 72.60%, Test: 73.58%, Best Valid: 74.60%, Best Test: 74.00%
Epoch: 1100, Loss: 0.5235, Train: 82.23%, Valid: 72.60%, Test: 73.12%, Best Valid: 74.60%, Best Test: 74.00%
Epoch: 1200, Loss: 0.5040, Train: 81.60%, Valid: 73.00%, Test: 73.58%, Best Valid: 74.60%, Best Test: 74.00%
Epoch: 1300, Loss: 0.4903, Train: 83.88%, Valid: 72.25%, Test: 72.67%, Best Valid: 74.60%, Best Test: 74.00%
Epoch: 1400, Loss: 0.4692, Train: 87.31%, Valid: 72.50%, Test: 72.81%, Best Valid: 74.60%, Best Test: 74.00%
Epoch: 1500, Loss: 0.4585, Train: 88.71%, Valid: 71.85%, Test: 71.80%, Best Valid: 74.60%, Best Test: 74.00%
Epoch: 1600, Loss: 0.4413, Train: 85.53%, Valid: 72.75%, Test: 73.19%, Best Valid: 74.60%, Best Test: 74.00%
Epoch: 1700, Loss: 0.4252, Train: 89.97%, Valid: 72.80%, Test: 73.57%, Best Valid: 74.60%, Best Test: 74.00%
Epoch: 1800, Loss: 0.4185, Train: 90.23%, Valid: 73.15%, Test: 73.06%, Best Valid: 74.60%, Best Test: 74.00%
Epoch: 1900, Loss: 0.4072, Train: 92.26%, Valid: 72.30%, Test: 72.34%, Best Valid: 74.60%, Best Test: 74.00%
Run 05:
Highest Train: 94.42
Highest Valid: 74.60
Highest Test: 74.58
Chosen epoch: 450
Final Train: 65.48
Final Test: 74.01
train:torch.Size([788]), valid:torch.Size([2000]), test:torch.Size([20000])
Source labels added to training: 91729 train nodes
Loading precomputed co-occurrence prior from priors/arxiv_lt2018_all.pt ...
Transferred prior frozen (rel. dist to this graph's oracle matrix: 0.1736).
Epoch: 00, Loss: 3.9986, Train: 2.92%, Valid: 3.65%, Test: 3.38%, Best Valid: 3.65%, Best Test: 3.38%
Epoch: 100, Loss: 1.0557, Train: 47.08%, Valid: 72.70%, Test: 71.28%, Best Valid: 72.95%, Best Test: 71.27%
Epoch: 200, Loss: 0.8900, Train: 56.35%, Valid: 73.20%, Test: 71.62%, Best Valid: 74.20%, Best Test: 72.61%
Epoch: 300, Loss: 0.7876, Train: 60.66%, Valid: 72.00%, Test: 71.70%, Best Valid: 74.20%, Best Test: 72.61%
Epoch: 400, Loss: 0.7238, Train: 65.10%, Valid: 72.90%, Test: 72.97%, Best Valid: 74.20%, Best Test: 72.61%
Epoch: 500, Loss: 0.6786, Train: 69.80%, Valid: 72.40%, Test: 71.45%, Best Valid: 74.45%, Best Test: 73.72%
Epoch: 600, Loss: 0.6395, Train: 72.84%, Valid: 73.20%, Test: 72.92%, Best Valid: 74.45%, Best Test: 73.72%
Epoch: 700, Loss: 0.6098, Train: 73.35%, Valid: 72.85%, Test: 72.64%, Best Valid: 74.45%, Best Test: 73.72%
Epoch: 800, Loss: 0.5838, Train: 78.05%, Valid: 73.65%, Test: 73.12%, Best Valid: 74.45%, Best Test: 73.72%
Epoch: 900, Loss: 0.5622, Train: 78.43%, Valid: 73.00%, Test: 72.67%, Best Valid: 74.45%, Best Test: 73.72%
Epoch: 1000, Loss: 0.5457, Train: 78.30%, Valid: 73.80%, Test: 73.54%, Best Valid: 74.45%, Best Test: 73.72%
Epoch: 1100, Loss: 0.5204, Train: 81.09%, Valid: 72.60%, Test: 71.55%, Best Valid: 74.45%, Best Test: 73.72%
Epoch: 1200, Loss: 0.5067, Train: 82.87%, Valid: 73.00%, Test: 73.00%, Best Valid: 74.45%, Best Test: 73.72%
Epoch: 1300, Loss: 0.4860, Train: 85.41%, Valid: 72.75%, Test: 72.28%, Best Valid: 74.45%, Best Test: 73.72%
Epoch: 1400, Loss: 0.4620, Train: 87.18%, Valid: 71.90%, Test: 71.67%, Best Valid: 74.45%, Best Test: 73.72%
Epoch: 1500, Loss: 0.4570, Train: 87.06%, Valid: 73.40%, Test: 72.94%, Best Valid: 74.45%, Best Test: 73.72%
Epoch: 1600, Loss: 0.4385, Train: 88.96%, Valid: 73.05%, Test: 72.50%, Best Valid: 74.45%, Best Test: 73.72%
Epoch: 1700, Loss: 0.4250, Train: 88.96%, Valid: 71.85%, Test: 70.91%, Best Valid: 74.45%, Best Test: 73.72%
Epoch: 1800, Loss: 0.4149, Train: 87.06%, Valid: 72.35%, Test: 72.02%, Best Valid: 74.45%, Best Test: 73.72%
Epoch: 1900, Loss: 0.4016, Train: 92.26%, Valid: 72.35%, Test: 71.83%, Best Valid: 74.45%, Best Test: 73.72%
Run 06:
Highest Train: 93.53
Highest Valid: 74.45
Highest Test: 73.96
Chosen epoch: 456
Final Train: 67.39
Final Test: 73.72
train:torch.Size([788]), valid:torch.Size([2000]), test:torch.Size([20000])
Source labels added to training: 91729 train nodes
Loading precomputed co-occurrence prior from priors/arxiv_lt2018_all.pt ...
Transferred prior frozen (rel. dist to this graph's oracle matrix: 0.1736).
Epoch: 00, Loss: 4.0887, Train: 3.30%, Valid: 4.10%, Test: 3.72%, Best Valid: 4.10%, Best Test: 3.72%
Epoch: 100, Loss: 1.0653, Train: 47.46%, Valid: 71.30%, Test: 71.81%, Best Valid: 71.50%, Best Test: 71.40%
Epoch: 200, Loss: 0.9007, Train: 54.70%, Valid: 73.95%, Test: 73.66%, Best Valid: 74.15%, Best Test: 73.89%
Epoch: 300, Loss: 0.7945, Train: 59.01%, Valid: 73.95%, Test: 73.58%, Best Valid: 74.95%, Best Test: 73.93%
Epoch: 400, Loss: 0.7287, Train: 66.12%, Valid: 73.95%, Test: 73.87%, Best Valid: 75.00%, Best Test: 74.20%
Epoch: 500, Loss: 0.6816, Train: 68.02%, Valid: 73.75%, Test: 73.42%, Best Valid: 75.00%, Best Test: 74.20%
Epoch: 600, Loss: 0.6458, Train: 69.67%, Valid: 74.05%, Test: 74.05%, Best Valid: 75.00%, Best Test: 74.20%
Epoch: 700, Loss: 0.6104, Train: 72.34%, Valid: 74.00%, Test: 74.23%, Best Valid: 75.00%, Best Test: 74.20%
Epoch: 800, Loss: 0.5891, Train: 77.16%, Valid: 72.80%, Test: 72.95%, Best Valid: 75.00%, Best Test: 74.20%
Epoch: 900, Loss: 0.5641, Train: 75.13%, Valid: 73.85%, Test: 73.67%, Best Valid: 75.00%, Best Test: 74.20%
Epoch: 1000, Loss: 0.5425, Train: 76.52%, Valid: 73.60%, Test: 72.92%, Best Valid: 75.00%, Best Test: 74.20%
Epoch: 1100, Loss: 0.5245, Train: 79.95%, Valid: 72.50%, Test: 72.15%, Best Valid: 75.00%, Best Test: 74.20%
Epoch: 1200, Loss: 0.5097, Train: 81.09%, Valid: 73.10%, Test: 72.89%, Best Valid: 75.00%, Best Test: 74.20%
Epoch: 1300, Loss: 0.4876, Train: 84.77%, Valid: 73.95%, Test: 73.00%, Best Valid: 75.00%, Best Test: 74.20%
Epoch: 1400, Loss: 0.4690, Train: 84.52%, Valid: 72.55%, Test: 72.58%, Best Valid: 75.00%, Best Test: 74.20%
Epoch: 1500, Loss: 0.4550, Train: 86.04%, Valid: 73.60%, Test: 72.56%, Best Valid: 75.00%, Best Test: 74.20%
Epoch: 1600, Loss: 0.4398, Train: 83.25%, Valid: 74.25%, Test: 73.16%, Best Valid: 75.00%, Best Test: 74.20%
Epoch: 1700, Loss: 0.4259, Train: 90.23%, Valid: 73.65%, Test: 72.59%, Best Valid: 75.00%, Best Test: 74.20%
Epoch: 1800, Loss: 0.4167, Train: 90.86%, Valid: 72.10%, Test: 71.62%, Best Valid: 75.00%, Best Test: 74.20%
Epoch: 1900, Loss: 0.4076, Train: 89.97%, Valid: 73.65%, Test: 72.57%, Best Valid: 75.00%, Best Test: 74.20%
Run 07:
Highest Train: 92.39
Highest Valid: 75.00
Highest Test: 74.51
Chosen epoch: 359
Final Train: 63.07
Final Test: 74.21
train:torch.Size([788]), valid:torch.Size([2000]), test:torch.Size([20000])
Source labels added to training: 91729 train nodes
Loading precomputed co-occurrence prior from priors/arxiv_lt2018_all.pt ...
Transferred prior frozen (rel. dist to this graph's oracle matrix: 0.1736).
Epoch: 00, Loss: 4.0429, Train: 2.92%, Valid: 1.45%, Test: 1.10%, Best Valid: 1.45%, Best Test: 1.10%
Epoch: 100, Loss: 1.0591, Train: 48.22%, Valid: 71.00%, Test: 71.81%, Best Valid: 71.00%, Best Test: 71.81%
Epoch: 200, Loss: 0.8951, Train: 54.31%, Valid: 71.80%, Test: 72.82%, Best Valid: 72.45%, Best Test: 73.30%
Epoch: 300, Loss: 0.7957, Train: 60.66%, Valid: 72.85%, Test: 73.62%, Best Valid: 73.30%, Best Test: 73.83%
Epoch: 400, Loss: 0.7257, Train: 63.07%, Valid: 72.70%, Test: 73.70%, Best Valid: 73.30%, Best Test: 73.83%
Epoch: 500, Loss: 0.6841, Train: 70.05%, Valid: 71.75%, Test: 73.00%, Best Valid: 73.40%, Best Test: 74.13%
Epoch: 600, Loss: 0.6419, Train: 72.46%, Valid: 71.85%, Test: 73.19%, Best Valid: 73.40%, Best Test: 74.13%
Epoch: 700, Loss: 0.6100, Train: 73.98%, Valid: 72.20%, Test: 73.29%, Best Valid: 73.80%, Best Test: 74.03%
Epoch: 800, Loss: 0.5892, Train: 74.87%, Valid: 70.55%, Test: 72.15%, Best Valid: 73.80%, Best Test: 74.03%
Epoch: 900, Loss: 0.5627, Train: 76.65%, Valid: 71.50%, Test: 73.15%, Best Valid: 73.80%, Best Test: 74.03%
Epoch: 1000, Loss: 0.5418, Train: 77.03%, Valid: 70.90%, Test: 72.59%, Best Valid: 73.80%, Best Test: 74.03%
Epoch: 1100, Loss: 0.5245, Train: 80.84%, Valid: 72.75%, Test: 73.29%, Best Valid: 73.80%, Best Test: 74.03%
Epoch: 1200, Loss: 0.5030, Train: 82.74%, Valid: 71.40%, Test: 73.22%, Best Valid: 73.80%, Best Test: 74.03%
Epoch: 1300, Loss: 0.4868, Train: 83.38%, Valid: 71.95%, Test: 73.07%, Best Valid: 73.80%, Best Test: 74.03%
Epoch: 1400, Loss: 0.4755, Train: 86.68%, Valid: 70.50%, Test: 72.09%, Best Valid: 73.80%, Best Test: 74.03%
Epoch: 1500, Loss: 0.4572, Train: 84.64%, Valid: 71.15%, Test: 72.39%, Best Valid: 73.80%, Best Test: 74.03%
Epoch: 1600, Loss: 0.4412, Train: 83.88%, Valid: 71.85%, Test: 73.31%, Best Valid: 73.80%, Best Test: 74.03%
Epoch: 1700, Loss: 0.4293, Train: 87.06%, Valid: 71.20%, Test: 72.42%, Best Valid: 73.80%, Best Test: 74.03%
Epoch: 1800, Loss: 0.4149, Train: 89.47%, Valid: 72.45%, Test: 72.88%, Best Valid: 73.80%, Best Test: 74.03%
Epoch: 1900, Loss: 0.4039, Train: 90.36%, Valid: 70.80%, Test: 72.20%, Best Valid: 73.80%, Best Test: 74.03%
Run 08:
Highest Train: 93.65
Highest Valid: 73.80
Highest Test: 74.39
Chosen epoch: 640
Final Train: 69.42
Final Test: 74.03
train:torch.Size([788]), valid:torch.Size([2000]), test:torch.Size([20000])
Source labels added to training: 91729 train nodes
Loading precomputed co-occurrence prior from priors/arxiv_lt2018_all.pt ...
Transferred prior frozen (rel. dist to this graph's oracle matrix: 0.1736).
Epoch: 00, Loss: 4.1669, Train: 2.92%, Valid: 0.85%, Test: 0.88%, Best Valid: 0.85%, Best Test: 0.88%
Epoch: 100, Loss: 1.0696, Train: 46.45%, Valid: 70.85%, Test: 71.46%, Best Valid: 71.30%, Best Test: 71.47%
Epoch: 200, Loss: 0.9005, Train: 52.92%, Valid: 72.05%, Test: 72.90%, Best Valid: 72.65%, Best Test: 72.69%
Epoch: 300, Loss: 0.7990, Train: 58.63%, Valid: 72.25%, Test: 73.71%, Best Valid: 73.45%, Best Test: 73.42%
Epoch: 400, Loss: 0.7299, Train: 61.93%, Valid: 73.15%, Test: 73.48%, Best Valid: 74.10%, Best Test: 73.75%
Epoch: 500, Loss: 0.6778, Train: 65.36%, Valid: 68.15%, Test: 69.95%, Best Valid: 74.35%, Best Test: 74.14%
Epoch: 600, Loss: 0.6445, Train: 69.80%, Valid: 73.35%, Test: 72.81%, Best Valid: 74.45%, Best Test: 73.83%
Epoch: 700, Loss: 0.6142, Train: 73.86%, Valid: 72.65%, Test: 72.02%, Best Valid: 74.45%, Best Test: 73.83%
Epoch: 800, Loss: 0.5918, Train: 75.89%, Valid: 73.15%, Test: 72.99%, Best Valid: 74.45%, Best Test: 73.83%
Epoch: 900, Loss: 0.5674, Train: 74.62%, Valid: 73.05%, Test: 73.62%, Best Valid: 74.45%, Best Test: 73.83%
Epoch: 1000, Loss: 0.5437, Train: 77.28%, Valid: 72.50%, Test: 72.84%, Best Valid: 74.45%, Best Test: 73.83%
Epoch: 1100, Loss: 0.5229, Train: 79.44%, Valid: 73.25%, Test: 73.49%, Best Valid: 74.45%, Best Test: 73.83%
Epoch: 1200, Loss: 0.5044, Train: 82.23%, Valid: 73.00%, Test: 73.02%, Best Valid: 74.45%, Best Test: 73.83%
Epoch: 1300, Loss: 0.4871, Train: 81.22%, Valid: 71.40%, Test: 72.43%, Best Valid: 74.45%, Best Test: 73.83%
Epoch: 1400, Loss: 0.4726, Train: 85.28%, Valid: 71.45%, Test: 71.19%, Best Valid: 74.45%, Best Test: 73.83%
Epoch: 1500, Loss: 0.4604, Train: 85.91%, Valid: 72.55%, Test: 72.80%, Best Valid: 74.45%, Best Test: 73.83%
Epoch: 1600, Loss: 0.4366, Train: 89.34%, Valid: 72.05%, Test: 72.27%, Best Valid: 74.45%, Best Test: 73.83%
Epoch: 1700, Loss: 0.4256, Train: 89.21%, Valid: 72.35%, Test: 72.34%, Best Valid: 74.45%, Best Test: 73.83%
Epoch: 1800, Loss: 0.4150, Train: 92.39%, Valid: 72.25%, Test: 72.39%, Best Valid: 74.45%, Best Test: 73.83%
Epoch: 1900, Loss: 0.4030, Train: 92.77%, Valid: 71.65%, Test: 71.67%, Best Valid: 74.45%, Best Test: 73.83%
Run 09:
Highest Train: 93.53
Highest Valid: 74.45
Highest Test: 74.16
Chosen epoch: 599
Final Train: 70.94
Final Test: 73.83
train:torch.Size([788]), valid:torch.Size([2000]), test:torch.Size([20000])
Source labels added to training: 91729 train nodes
Loading precomputed co-occurrence prior from priors/arxiv_lt2018_all.pt ...
Transferred prior frozen (rel. dist to this graph's oracle matrix: 0.1736).
Epoch: 00, Loss: 4.0640, Train: 4.06%, Valid: 20.95%, Test: 22.26%, Best Valid: 20.95%, Best Test: 22.26%
Epoch: 100, Loss: 1.0593, Train: 48.10%, Valid: 70.80%, Test: 71.45%, Best Valid: 71.25%, Best Test: 71.44%
Epoch: 200, Loss: 0.8974, Train: 55.08%, Valid: 71.50%, Test: 72.91%, Best Valid: 71.85%, Best Test: 72.95%
Epoch: 300, Loss: 0.7921, Train: 60.15%, Valid: 72.90%, Test: 73.11%, Best Valid: 73.05%, Best Test: 73.41%
Epoch: 400, Loss: 0.7296, Train: 61.93%, Valid: 71.60%, Test: 72.21%, Best Valid: 73.80%, Best Test: 73.77%
Epoch: 500, Loss: 0.6788, Train: 66.50%, Valid: 72.30%, Test: 73.04%, Best Valid: 73.80%, Best Test: 73.77%
Epoch: 600, Loss: 0.6424, Train: 68.15%, Valid: 73.25%, Test: 73.46%, Best Valid: 73.80%, Best Test: 73.77%
Epoch: 700, Loss: 0.6163, Train: 73.48%, Valid: 68.90%, Test: 69.36%, Best Valid: 73.80%, Best Test: 73.77%
Epoch: 800, Loss: 0.5864, Train: 73.10%, Valid: 71.40%, Test: 72.54%, Best Valid: 73.80%, Best Test: 73.77%
Epoch: 900, Loss: 0.5660, Train: 77.54%, Valid: 72.45%, Test: 72.85%, Best Valid: 73.80%, Best Test: 73.77%
Epoch: 1000, Loss: 0.5454, Train: 77.41%, Valid: 71.20%, Test: 72.41%, Best Valid: 73.80%, Best Test: 73.77%
Epoch: 1100, Loss: 0.5231, Train: 77.66%, Valid: 72.60%, Test: 73.29%, Best Valid: 73.85%, Best Test: 73.73%
Epoch: 1200, Loss: 0.5073, Train: 80.71%, Valid: 71.60%, Test: 71.69%, Best Valid: 74.35%, Best Test: 73.37%
Epoch: 1300, Loss: 0.4874, Train: 83.25%, Valid: 71.75%, Test: 72.44%, Best Valid: 74.35%, Best Test: 73.37%
Epoch: 1400, Loss: 0.4690, Train: 80.96%, Valid: 70.90%, Test: 71.62%, Best Valid: 74.35%, Best Test: 73.37%
Epoch: 1500, Loss: 0.4580, Train: 87.31%, Valid: 72.75%, Test: 72.70%, Best Valid: 74.35%, Best Test: 73.37%
Epoch: 1600, Loss: 0.4427, Train: 85.41%, Valid: 71.15%, Test: 71.69%, Best Valid: 74.35%, Best Test: 73.37%
Epoch: 1700, Loss: 0.4293, Train: 88.32%, Valid: 71.00%, Test: 71.97%, Best Valid: 74.35%, Best Test: 73.37%
Epoch: 1800, Loss: 0.4161, Train: 86.55%, Valid: 72.20%, Test: 72.72%, Best Valid: 74.35%, Best Test: 73.37%
Epoch: 1900, Loss: 0.4143, Train: 88.96%, Valid: 72.95%, Test: 72.90%, Best Valid: 74.35%, Best Test: 73.37%
Run 10:
Highest Train: 92.39
Highest Valid: 74.35
Highest Test: 74.10
Chosen epoch: 1125
Final Train: 77.54
Final Test: 73.37
All runs:
Highest Train: 93.31 ± 0.77
Highest Test: 74.33 ± 0.20
Highest Valid: 74.73 ± 0.61
  Final Train: 68.22 ± 5.07
   Final Test: 73.84 ± 0.31
Saving results to results/transfer_labels/ogbn-arxiv/MPNN_gcn.csv
--- transfer prior priors/arxiv_lt2018_all.pt  | lambda=0.1 ---
