Thu Sep 10 17:46:10 2026       
+-----------------------------------------------------------------------------------------+
| NVIDIA-SMI 580.159.04             Driver Version: 580.159.04     CUDA Version: 13.0     |
+-----------------------------------------+------------------------+----------------------+
| GPU  Name                 Persistence-M | Bus-Id          Disp.A | Volatile Uncorr. ECC |
| Fan  Temp   Perf          Pwr:Usage/Cap |           Memory-Usage | GPU-Util  Compute M. |
|                                         |                        |               MIG M. |
|=========================================+========================+======================|
|   0  NVIDIA A100-SXM4-80GB          On  |   00000000:01:00.0 Off |                   On |
| N/A   34C    P0             90W /  500W |    5904MiB /  81920MiB |     N/A      Default |
|                                         |                        |              Enabled |
+-----------------------------------------+------------------------+----------------------+
|   1  NVIDIA A100-SXM4-80GB          On  |   00000000:41:00.0 Off |                   On |
| N/A   35C    P0            166W /  500W |   10825MiB /  81920MiB |     N/A      Default |
|                                         |                        |              Enabled |
+-----------------------------------------+------------------------+----------------------+
|   2  NVIDIA A100-SXM4-80GB          On  |   00000000:81:00.0 Off |                   On |
| N/A   47C    P0            191W /  500W |   23659MiB /  81920MiB |     N/A      Default |
|                                         |                        |              Enabled |
+-----------------------------------------+------------------------+----------------------+
|   3  NVIDIA A100-SXM4-80GB          On  |   00000000:C1:00.0 Off |                   On |
| N/A   31C    P0             91W /  500W |    1344MiB /  81920MiB |     N/A      Default |
|                                         |                        |              Enabled |
+-----------------------------------------+------------------------+----------------------+

+-----------------------------------------------------------------------------------------+
| MIG devices:                                                                            |
+------------------+----------------------------------+-----------+-----------------------+
| GPU  GI  CI  MIG |              Shared Memory-Usage |        Vol|        Shared         |
|      ID  ID  Dev |                Shared BAR1-Usage | SM     Unc| CE ENC  DEC  OFA  JPG |
|                  |                                  |        ECC|                       |
|==================+==================================+===========+=======================|
|  3    5   0   0  |              71MiB / 19968MiB    | 28      0 |  2   0    1    0    0 |
|                  |               0MiB / 12271MiB    |           |                       |
+------------------+----------------------------------+-----------+-----------------------+

+-----------------------------------------------------------------------------------------+
| Processes:                                                                              |
|  GPU   GI   CI              PID   Type   Process name                        GPU Memory |
|        ID   ID                                                               Usage      |
|=========================================================================================|
|    0    3    0           433811      C   .../conda_env/Pytorch/bin/python       4848MiB |
|    0    9    0          1045820      C   ...ware/symmetrix-env/bin/python        360MiB |
|    0   10    0          1045828      C   ...ware/symmetrix-env/bin/python        424MiB |
|    1    3    0           434015      C   .../conda_env/Pytorch/bin/python       4848MiB |
|    1    3    0           434039      C   .../conda_env/Pytorch/bin/python       4848MiB |
|    1   10    0          1045827      C   ...ware/symmetrix-env/bin/python        426MiB |
|    1    9    0          1045829      C   ...ware/symmetrix-env/bin/python        426MiB |
|    2    2    0           955813      C   python                                20650MiB |
|    2    3    0          1040701      C   python                                 1728MiB |
|    2    9    0          1045830      C   ...ware/symmetrix-env/bin/python        500MiB |
|    2   10    0          1045832      C   ...ware/symmetrix-env/bin/python        500MiB |
+-----------------------------------------------------------------------------------------+
Transfer cell: mode=keep cond=count prior=all budget=5/class -> results/transfer_keep
python main.py --gnn gcn --dataset ogbn-arxiv --data_dir ../large_graph/data/   --hidden_channels 512 --epochs 2000 --lr 0.0005 --local_layers 5 --bn --res   --device 0 --runs 10   --rand_split_class --label_num_per_class 5 --resample_split_per_run   --valid_num 2000 --test_num 20000   --year_split 2018 --source_mode keep --budget_tag 5
==========================================================
Low-label sweep: python main.py --gnn gcn --dataset ogbn-arxiv --data_dir ../large_graph/data/   --hidden_channels 512 --epochs 2000 --lr 0.0005 --local_layers 5 --bn --res   --device 0 --runs 10   --rand_split_class --label_num_per_class 5 --resample_split_per_run   --valid_num 2000 --test_num 20000   --year_split 2018 --source_mode keep --budget_tag 5
result_dir=results/transfer_keep conditions=[count]
==========================================================
--- count_reg | lambda=0.01 ---
    (already completed — requeue resume, skipping)
--- count_reg | lambda=0.05 ---
    (already completed — requeue resume, skipping)
--- count_reg | lambda=0.1 ---
    (already completed — requeue resume, skipping)
--- count_reg | lambda=0.2 ---
Namespace(bn=True, budget_tag='5', cooc_file='', count_reg=True, count_smoothing=1.0, cpu=False, data_dir='../large_graph/data/', dataset='ogbn-arxiv', device=0, display_step=100, dropout=0.5, epochs=2000, gnn='gcn', hidden_channels=512, jk=False, label_num_per_class=5, lambda_val=0.2, ln=False, local_layers=5, lr=0.0005, metric='acc', mlp_epochs=500, mlp_reg=False, model='MPNN', model_dir='models', num_heads=1, oracle_reg=False, paired_seeds=True, penalty_transform='none', pre_linear=False, pre_ln=False, rand_split=False, rand_split_class=True, reg_start_epoch=10, reg_update_freq=5, res=True, resample_split_per_run=True, result_dir='results/transfer_keep', runs=10, save_model=False, seed=42, source_mode='keep', test_num=20000, train_per_class=0, train_prop=0.5, use_reg=True, valid_num=2000, valid_per_class=0, valid_prop=0.25, weight_decay=0.0005, year_split=2018)
ogbn-arxiv
Year split at 2018: source (<2018) 90941 nodes | target (>=2018) 78402 nodes | mode=keep
train:torch.Size([200]), valid:torch.Size([2000]), test:torch.Size([20000])
dataset ogbn-arxiv | num nodes 169343 | num edge 1166243 | num node feats 128 | num classes 40
MODEL: MPNNs(
  (h_lins): ModuleList()
  (local_convs): ModuleList(
    (0): GCNConv(128, 512)
    (1): GCNConv(512, 512)
    (2): GCNConv(512, 512)
    (3): GCNConv(512, 512)
    (4): GCNConv(512, 512)
  )
  (lins): ModuleList(
    (0): Linear(in_features=128, out_features=512, bias=True)
    (1): Linear(in_features=512, out_features=512, bias=True)
    (2): Linear(in_features=512, out_features=512, bias=True)
    (3): Linear(in_features=512, out_features=512, bias=True)
    (4): Linear(in_features=512, out_features=512, bias=True)
  )
  (lns): ModuleList(
    (0): LayerNorm((512,), eps=1e-05, elementwise_affine=True)
    (1): LayerNorm((512,), eps=1e-05, elementwise_affine=True)
    (2): LayerNorm((512,), eps=1e-05, elementwise_affine=True)
    (3): LayerNorm((512,), eps=1e-05, elementwise_affine=True)
    (4): LayerNorm((512,), eps=1e-05, elementwise_affine=True)
  )
  (bns): ModuleList(
    (0): BatchNorm1d(512, eps=1e-05, momentum=0.1, affine=True, track_running_stats=True)
    (1): BatchNorm1d(512, eps=1e-05, momentum=0.1, affine=True, track_running_stats=True)
    (2): BatchNorm1d(512, eps=1e-05, momentum=0.1, affine=True, track_running_stats=True)
    (3): BatchNorm1d(512, eps=1e-05, momentum=0.1, affine=True, track_running_stats=True)
    (4): BatchNorm1d(512, eps=1e-05, momentum=0.1, affine=True, track_running_stats=True)
  )
  (lin_in): Linear(in_features=128, out_features=512, bias=True)
  (pred_local): Linear(in_features=512, out_features=40, bias=True)
)
train:torch.Size([200]), valid:torch.Size([2000]), test:torch.Size([20000])
Counting co-occurrence on train-train edges (leakage-free estimator)...
Count penalty frozen (2 train-train edges).
Epoch: 00, Loss: 4.6512, Train: 5.00%, Valid: 2.40%, Test: 2.77%, Best Valid: 2.40%, Best Test: 2.77%
Epoch: 100, Loss: 0.4269, Train: 95.00%, Valid: 25.80%, Test: 26.66%, Best Valid: 28.10%, Best Test: 27.71%
Epoch: 200, Loss: 0.0443, Train: 100.00%, Valid: 31.95%, Test: 31.66%, Best Valid: 34.10%, Best Test: 34.56%
Epoch: 300, Loss: 0.0218, Train: 100.00%, Valid: 28.55%, Test: 29.15%, Best Valid: 34.50%, Best Test: 34.34%
Epoch: 400, Loss: 0.0153, Train: 100.00%, Valid: 29.85%, Test: 29.98%, Best Valid: 34.70%, Best Test: 34.42%
Epoch: 500, Loss: 0.0171, Train: 100.00%, Valid: 32.05%, Test: 32.21%, Best Valid: 34.70%, Best Test: 34.42%
Epoch: 600, Loss: 0.0063, Train: 100.00%, Valid: 30.90%, Test: 31.36%, Best Valid: 34.70%, Best Test: 34.42%
Epoch: 700, Loss: 0.0035, Train: 100.00%, Valid: 32.70%, Test: 33.62%, Best Valid: 34.70%, Best Test: 34.42%
Epoch: 800, Loss: 0.0068, Train: 100.00%, Valid: 32.55%, Test: 33.27%, Best Valid: 34.70%, Best Test: 34.42%
Epoch: 900, Loss: 0.0063, Train: 100.00%, Valid: 30.30%, Test: 30.43%, Best Valid: 34.70%, Best Test: 34.42%
Epoch: 1000, Loss: 0.0107, Train: 100.00%, Valid: 29.65%, Test: 29.38%, Best Valid: 34.95%, Best Test: 34.73%
Epoch: 1100, Loss: 0.0131, Train: 100.00%, Valid: 29.85%, Test: 29.85%, Best Valid: 34.95%, Best Test: 34.73%
Epoch: 1200, Loss: 0.0251, Train: 100.00%, Valid: 25.65%, Test: 26.21%, Best Valid: 34.95%, Best Test: 34.73%
Epoch: 1300, Loss: 0.0037, Train: 100.00%, Valid: 31.35%, Test: 31.44%, Best Valid: 34.95%, Best Test: 34.73%
Epoch: 1400, Loss: 0.0031, Train: 100.00%, Valid: 24.60%, Test: 24.61%, Best Valid: 34.95%, Best Test: 34.73%
Epoch: 1500, Loss: 0.0024, Train: 100.00%, Valid: 26.20%, Test: 27.08%, Best Valid: 34.95%, Best Test: 34.73%
Epoch: 1600, Loss: 0.0018, Train: 100.00%, Valid: 26.35%, Test: 26.60%, Best Valid: 34.95%, Best Test: 34.73%
Epoch: 1700, Loss: 0.0011, Train: 100.00%, Valid: 28.00%, Test: 28.39%, Best Valid: 34.95%, Best Test: 34.73%
Epoch: 1800, Loss: 0.0302, Train: 100.00%, Valid: 20.35%, Test: 20.02%, Best Valid: 34.95%, Best Test: 34.73%
Epoch: 1900, Loss: 0.0166, Train: 100.00%, Valid: 20.80%, Test: 22.00%, Best Valid: 34.95%, Best Test: 34.73%
Run 01:
Highest Train: 100.00
Highest Valid: 34.95
Highest Test: 35.15
Chosen epoch: 948
Final Train: 100.00
Final Test: 34.73
train:torch.Size([200]), valid:torch.Size([2000]), test:torch.Size([20000])
Counting co-occurrence on train-train edges (leakage-free estimator)...
Count penalty frozen (2 train-train edges).
Epoch: 00, Loss: 4.6217, Train: 4.00%, Valid: 0.55%, Test: 0.52%, Best Valid: 0.55%, Best Test: 0.52%
Epoch: 100, Loss: 0.3935, Train: 99.00%, Valid: 38.75%, Test: 37.90%, Best Valid: 39.95%, Best Test: 39.02%
Epoch: 200, Loss: 0.0461, Train: 100.00%, Valid: 40.10%, Test: 39.18%, Best Valid: 43.05%, Best Test: 41.12%
Epoch: 300, Loss: 0.0111, Train: 100.00%, Valid: 38.15%, Test: 37.26%, Best Valid: 43.05%, Best Test: 41.12%
Epoch: 400, Loss: 0.0098, Train: 100.00%, Valid: 37.15%, Test: 36.52%, Best Valid: 43.90%, Best Test: 43.10%
Epoch: 500, Loss: 0.0058, Train: 100.00%, Valid: 40.90%, Test: 39.83%, Best Valid: 43.90%, Best Test: 43.10%
Epoch: 600, Loss: 0.0044, Train: 100.00%, Valid: 35.95%, Test: 34.46%, Best Valid: 43.90%, Best Test: 43.10%
Epoch: 700, Loss: 0.0025, Train: 100.00%, Valid: 38.55%, Test: 37.25%, Best Valid: 43.90%, Best Test: 43.10%
Epoch: 800, Loss: 0.0047, Train: 100.00%, Valid: 32.00%, Test: 30.91%, Best Valid: 43.90%, Best Test: 43.10%
Epoch: 900, Loss: 0.0250, Train: 100.00%, Valid: 38.70%, Test: 37.83%, Best Valid: 43.90%, Best Test: 43.10%
Epoch: 1000, Loss: 0.0049, Train: 100.00%, Valid: 35.95%, Test: 34.23%, Best Valid: 43.90%, Best Test: 43.10%
Epoch: 1100, Loss: 0.0017, Train: 100.00%, Valid: 28.20%, Test: 26.83%, Best Valid: 43.90%, Best Test: 43.10%
Epoch: 1200, Loss: 0.0071, Train: 100.00%, Valid: 33.70%, Test: 33.24%, Best Valid: 43.90%, Best Test: 43.10%
Epoch: 1300, Loss: 0.0059, Train: 100.00%, Valid: 32.65%, Test: 31.46%, Best Valid: 43.90%, Best Test: 43.10%
Epoch: 1400, Loss: 0.0018, Train: 100.00%, Valid: 30.50%, Test: 29.27%, Best Valid: 43.90%, Best Test: 43.10%
Epoch: 1500, Loss: 0.0063, Train: 100.00%, Valid: 32.00%, Test: 28.92%, Best Valid: 43.90%, Best Test: 43.10%
Epoch: 1600, Loss: 0.0053, Train: 100.00%, Valid: 29.15%, Test: 26.13%, Best Valid: 43.90%, Best Test: 43.10%
Epoch: 1700, Loss: 0.0083, Train: 100.00%, Valid: 34.65%, Test: 33.43%, Best Valid: 43.90%, Best Test: 43.10%
Epoch: 1800, Loss: 0.0078, Train: 99.50%, Valid: 19.55%, Test: 18.48%, Best Valid: 43.90%, Best Test: 43.10%
Epoch: 1900, Loss: 0.0144, Train: 100.00%, Valid: 28.90%, Test: 27.53%, Best Valid: 43.90%, Best Test: 43.10%
Run 02:
Highest Train: 100.00
Highest Valid: 43.90
Highest Test: 43.15
Chosen epoch: 329
Final Train: 100.00
Final Test: 43.10
train:torch.Size([200]), valid:torch.Size([2000]), test:torch.Size([20000])
Counting co-occurrence on train-train edges (leakage-free estimator)...
Count penalty frozen (0 train-train edges).
Epoch: 00, Loss: 4.6617, Train: 1.50%, Valid: 12.45%, Test: 12.78%, Best Valid: 12.45%, Best Test: 12.78%
Epoch: 100, Loss: 0.5036, Train: 98.00%, Valid: 33.40%, Test: 33.52%, Best Valid: 34.05%, Best Test: 33.65%
Epoch: 200, Loss: 0.0580, Train: 100.00%, Valid: 35.95%, Test: 36.30%, Best Valid: 37.30%, Best Test: 37.71%
Epoch: 300, Loss: 0.0137, Train: 100.00%, Valid: 34.65%, Test: 35.30%, Best Valid: 37.30%, Best Test: 37.71%
Epoch: 400, Loss: 0.0090, Train: 100.00%, Valid: 33.55%, Test: 34.58%, Best Valid: 37.30%, Best Test: 37.71%
Epoch: 500, Loss: 0.0168, Train: 100.00%, Valid: 33.35%, Test: 33.63%, Best Valid: 37.30%, Best Test: 37.71%
Epoch: 600, Loss: 0.0081, Train: 100.00%, Valid: 32.55%, Test: 33.42%, Best Valid: 37.30%, Best Test: 37.71%
Epoch: 700, Loss: 0.0074, Train: 100.00%, Valid: 34.15%, Test: 33.60%, Best Valid: 37.30%, Best Test: 37.71%
Epoch: 800, Loss: 0.0103, Train: 100.00%, Valid: 30.00%, Test: 29.45%, Best Valid: 37.30%, Best Test: 37.71%
Epoch: 900, Loss: 0.0051, Train: 100.00%, Valid: 29.75%, Test: 29.68%, Best Valid: 37.30%, Best Test: 37.71%
Epoch: 1000, Loss: 0.0020, Train: 100.00%, Valid: 31.15%, Test: 30.89%, Best Valid: 37.30%, Best Test: 37.71%
Epoch: 1100, Loss: 0.0037, Train: 100.00%, Valid: 33.25%, Test: 33.59%, Best Valid: 37.30%, Best Test: 37.71%
Epoch: 1200, Loss: 0.0045, Train: 100.00%, Valid: 33.25%, Test: 32.73%, Best Valid: 37.30%, Best Test: 37.71%
Epoch: 1300, Loss: 0.0192, Train: 100.00%, Valid: 31.30%, Test: 30.89%, Best Valid: 37.30%, Best Test: 37.71%
Epoch: 1400, Loss: 0.0030, Train: 100.00%, Valid: 32.25%, Test: 31.29%, Best Valid: 37.30%, Best Test: 37.71%
Epoch: 1500, Loss: 0.0082, Train: 100.00%, Valid: 29.20%, Test: 27.86%, Best Valid: 37.30%, Best Test: 37.71%
Epoch: 1600, Loss: 0.0102, Train: 100.00%, Valid: 27.10%, Test: 26.36%, Best Valid: 37.30%, Best Test: 37.71%
Epoch: 1700, Loss: 0.0033, Train: 100.00%, Valid: 31.15%, Test: 29.02%, Best Valid: 37.30%, Best Test: 37.71%
Epoch: 1800, Loss: 0.0354, Train: 100.00%, Valid: 33.70%, Test: 31.34%, Best Valid: 37.30%, Best Test: 37.71%
Epoch: 1900, Loss: 0.0093, Train: 100.00%, Valid: 24.50%, Test: 24.12%, Best Valid: 37.30%, Best Test: 37.71%
Run 03:
Highest Train: 100.00
Highest Valid: 37.30
Highest Test: 37.72
Chosen epoch: 191
Final Train: 100.00
Final Test: 37.72
train:torch.Size([200]), valid:torch.Size([2000]), test:torch.Size([20000])
Counting co-occurrence on train-train edges (leakage-free estimator)...
Count penalty frozen (0 train-train edges).
Epoch: 00, Loss: 4.7053, Train: 1.00%, Valid: 2.75%, Test: 3.12%, Best Valid: 2.75%, Best Test: 3.12%
Epoch: 100, Loss: 0.3541, Train: 99.00%, Valid: 42.65%, Test: 43.64%, Best Valid: 42.80%, Best Test: 42.14%
Epoch: 200, Loss: 0.0502, Train: 100.00%, Valid: 41.45%, Test: 42.23%, Best Valid: 44.90%, Best Test: 45.40%
Epoch: 300, Loss: 0.0208, Train: 100.00%, Valid: 41.40%, Test: 42.34%, Best Valid: 44.90%, Best Test: 45.40%
Epoch: 400, Loss: 0.0099, Train: 100.00%, Valid: 42.05%, Test: 42.09%, Best Valid: 44.90%, Best Test: 45.40%
Epoch: 500, Loss: 0.0101, Train: 100.00%, Valid: 38.20%, Test: 38.01%, Best Valid: 44.90%, Best Test: 45.40%
Epoch: 600, Loss: 0.0084, Train: 100.00%, Valid: 42.25%, Test: 42.83%, Best Valid: 44.90%, Best Test: 45.40%
Epoch: 700, Loss: 0.0064, Train: 100.00%, Valid: 42.15%, Test: 42.32%, Best Valid: 44.90%, Best Test: 45.40%
Epoch: 800, Loss: 0.0063, Train: 100.00%, Valid: 40.95%, Test: 40.59%, Best Valid: 44.90%, Best Test: 45.40%
Epoch: 900, Loss: 0.0061, Train: 100.00%, Valid: 42.40%, Test: 41.99%, Best Valid: 44.90%, Best Test: 45.40%
Epoch: 1000, Loss: 0.0034, Train: 100.00%, Valid: 35.10%, Test: 35.35%, Best Valid: 44.90%, Best Test: 45.40%
Epoch: 1100, Loss: 0.0050, Train: 100.00%, Valid: 33.50%, Test: 33.25%, Best Valid: 44.90%, Best Test: 45.40%
Epoch: 1200, Loss: 0.0058, Train: 100.00%, Valid: 38.65%, Test: 38.94%, Best Valid: 44.90%, Best Test: 45.40%
Epoch: 1300, Loss: 0.0049, Train: 100.00%, Valid: 38.00%, Test: 37.72%, Best Valid: 44.90%, Best Test: 45.40%
Epoch: 1400, Loss: 0.0040, Train: 100.00%, Valid: 32.60%, Test: 33.36%, Best Valid: 44.90%, Best Test: 45.40%
Epoch: 1500, Loss: 0.0042, Train: 100.00%, Valid: 36.85%, Test: 36.36%, Best Valid: 44.90%, Best Test: 45.40%
Epoch: 1600, Loss: 0.0047, Train: 99.50%, Valid: 22.25%, Test: 21.04%, Best Valid: 44.90%, Best Test: 45.40%
Epoch: 1700, Loss: 0.0120, Train: 100.00%, Valid: 25.30%, Test: 24.54%, Best Valid: 44.90%, Best Test: 45.40%
Epoch: 1800, Loss: 0.0009, Train: 100.00%, Valid: 34.75%, Test: 34.09%, Best Valid: 44.90%, Best Test: 45.40%
Epoch: 1900, Loss: 0.0234, Train: 100.00%, Valid: 30.40%, Test: 29.57%, Best Valid: 44.90%, Best Test: 45.40%
Run 04:
Highest Train: 100.00
Highest Valid: 44.90
Highest Test: 45.42
Chosen epoch: 124
Final Train: 99.50
Final Test: 45.40
train:torch.Size([200]), valid:torch.Size([2000]), test:torch.Size([20000])
Counting co-occurrence on train-train edges (leakage-free estimator)...
Count penalty frozen (4 train-train edges).
Epoch: 00, Loss: 4.6392, Train: 3.50%, Valid: 11.85%, Test: 11.54%, Best Valid: 11.85%, Best Test: 11.54%
Epoch: 100, Loss: 0.3929, Train: 98.00%, Valid: 34.80%, Test: 34.59%, Best Valid: 36.90%, Best Test: 37.03%
Epoch: 200, Loss: 0.0391, Train: 100.00%, Valid: 34.80%, Test: 34.66%, Best Valid: 36.90%, Best Test: 37.03%
Epoch: 300, Loss: 0.0179, Train: 100.00%, Valid: 28.85%, Test: 29.83%, Best Valid: 36.90%, Best Test: 37.03%
Epoch: 400, Loss: 0.0113, Train: 100.00%, Valid: 28.60%, Test: 29.29%, Best Valid: 36.90%, Best Test: 37.03%
Epoch: 500, Loss: 0.0063, Train: 100.00%, Valid: 28.95%, Test: 29.45%, Best Valid: 36.90%, Best Test: 37.03%
Epoch: 600, Loss: 0.0050, Train: 100.00%, Valid: 26.10%, Test: 27.23%, Best Valid: 36.90%, Best Test: 37.03%
Epoch: 700, Loss: 0.0076, Train: 100.00%, Valid: 24.85%, Test: 25.79%, Best Valid: 36.90%, Best Test: 37.03%
Epoch: 800, Loss: 0.0075, Train: 100.00%, Valid: 24.85%, Test: 26.57%, Best Valid: 36.90%, Best Test: 37.03%
Epoch: 900, Loss: 0.0033, Train: 100.00%, Valid: 26.90%, Test: 27.88%, Best Valid: 36.90%, Best Test: 37.03%
Epoch: 1000, Loss: 0.0065, Train: 100.00%, Valid: 24.45%, Test: 25.06%, Best Valid: 36.90%, Best Test: 37.03%
Epoch: 1100, Loss: 0.0101, Train: 99.00%, Valid: 19.55%, Test: 20.17%, Best Valid: 36.90%, Best Test: 37.03%
Epoch: 1200, Loss: 0.0171, Train: 100.00%, Valid: 28.30%, Test: 28.85%, Best Valid: 36.90%, Best Test: 37.03%
Epoch: 1300, Loss: 0.0065, Train: 100.00%, Valid: 28.95%, Test: 29.09%, Best Valid: 36.90%, Best Test: 37.03%
Epoch: 1400, Loss: 0.0104, Train: 100.00%, Valid: 30.65%, Test: 31.05%, Best Valid: 36.90%, Best Test: 37.03%
Epoch: 1500, Loss: 0.0091, Train: 100.00%, Valid: 24.00%, Test: 24.54%, Best Valid: 36.90%, Best Test: 37.03%
Epoch: 1600, Loss: 0.0090, Train: 99.00%, Valid: 15.60%, Test: 15.61%, Best Valid: 36.90%, Best Test: 37.03%
Epoch: 1700, Loss: 0.0092, Train: 100.00%, Valid: 30.25%, Test: 31.08%, Best Valid: 36.90%, Best Test: 37.03%
Epoch: 1800, Loss: 0.0069, Train: 100.00%, Valid: 23.65%, Test: 23.94%, Best Valid: 36.90%, Best Test: 37.03%
Epoch: 1900, Loss: 0.0026, Train: 100.00%, Valid: 24.45%, Test: 25.07%, Best Valid: 36.90%, Best Test: 37.03%
Run 05:
Highest Train: 100.00
Highest Valid: 36.90
Highest Test: 37.02
Chosen epoch: 95
Final Train: 97.00
Final Test: 37.02
train:torch.Size([200]), valid:torch.Size([2000]), test:torch.Size([20000])
Counting co-occurrence on train-train edges (leakage-free estimator)...
Count penalty frozen (4 train-train edges).
Epoch: 00, Loss: 4.6365, Train: 2.00%, Valid: 2.25%, Test: 2.21%, Best Valid: 2.25%, Best Test: 2.21%
Epoch: 100, Loss: 0.4591, Train: 97.50%, Valid: 32.95%, Test: 32.35%, Best Valid: 34.95%, Best Test: 35.80%
Epoch: 200, Loss: 0.0521, Train: 100.00%, Valid: 30.95%, Test: 31.44%, Best Valid: 36.00%, Best Test: 35.10%
Epoch: 300, Loss: 0.0384, Train: 100.00%, Valid: 29.50%, Test: 29.65%, Best Valid: 36.00%, Best Test: 35.10%
Epoch: 400, Loss: 0.0142, Train: 100.00%, Valid: 28.35%, Test: 28.84%, Best Valid: 36.00%, Best Test: 35.10%
Epoch: 500, Loss: 0.0062, Train: 100.00%, Valid: 28.60%, Test: 28.68%, Best Valid: 36.00%, Best Test: 35.10%
Epoch: 600, Loss: 0.0041, Train: 100.00%, Valid: 30.35%, Test: 31.41%, Best Valid: 36.00%, Best Test: 35.10%
Epoch: 700, Loss: 0.0093, Train: 100.00%, Valid: 26.35%, Test: 26.96%, Best Valid: 36.00%, Best Test: 35.10%
Epoch: 800, Loss: 0.0066, Train: 100.00%, Valid: 27.35%, Test: 27.87%, Best Valid: 36.00%, Best Test: 35.10%
Epoch: 900, Loss: 0.0034, Train: 100.00%, Valid: 27.95%, Test: 28.16%, Best Valid: 36.00%, Best Test: 35.10%
Epoch: 1000, Loss: 0.0072, Train: 100.00%, Valid: 31.35%, Test: 31.77%, Best Valid: 36.00%, Best Test: 35.10%
Epoch: 1100, Loss: 0.0039, Train: 100.00%, Valid: 30.05%, Test: 31.51%, Best Valid: 36.00%, Best Test: 35.10%
Epoch: 1200, Loss: 0.0049, Train: 100.00%, Valid: 23.45%, Test: 23.89%, Best Valid: 36.00%, Best Test: 35.10%
Epoch: 1300, Loss: 0.0114, Train: 98.50%, Valid: 16.90%, Test: 17.12%, Best Valid: 36.00%, Best Test: 35.10%
Epoch: 1400, Loss: 0.0071, Train: 100.00%, Valid: 27.75%, Test: 28.48%, Best Valid: 36.00%, Best Test: 35.10%
Epoch: 1500, Loss: 0.0062, Train: 100.00%, Valid: 22.25%, Test: 21.32%, Best Valid: 36.00%, Best Test: 35.10%
Epoch: 1600, Loss: 0.0048, Train: 100.00%, Valid: 23.55%, Test: 23.52%, Best Valid: 36.00%, Best Test: 35.10%
Epoch: 1700, Loss: 0.0023, Train: 100.00%, Valid: 23.90%, Test: 23.99%, Best Valid: 36.00%, Best Test: 35.10%
Epoch: 1800, Loss: 0.0068, Train: 100.00%, Valid: 23.15%, Test: 23.41%, Best Valid: 36.00%, Best Test: 35.10%
Epoch: 1900, Loss: 0.0041, Train: 99.00%, Valid: 13.75%, Test: 14.21%, Best Valid: 36.00%, Best Test: 35.10%
Run 06:
Highest Train: 100.00
Highest Valid: 36.00
Highest Test: 35.80
Chosen epoch: 116
Final Train: 99.50
Final Test: 35.10
train:torch.Size([200]), valid:torch.Size([2000]), test:torch.Size([20000])
Counting co-occurrence on train-train edges (leakage-free estimator)...
Count penalty frozen (4 train-train edges).
Epoch: 00, Loss: 4.6178, Train: 5.00%, Valid: 0.55%, Test: 0.54%, Best Valid: 0.55%, Best Test: 0.54%
Epoch: 100, Loss: 0.3971, Train: 99.00%, Valid: 34.00%, Test: 33.75%, Best Valid: 34.20%, Best Test: 33.63%
Epoch: 200, Loss: 0.0336, Train: 100.00%, Valid: 38.55%, Test: 37.11%, Best Valid: 38.55%, Best Test: 37.11%
Epoch: 300, Loss: 0.0147, Train: 100.00%, Valid: 36.35%, Test: 35.35%, Best Valid: 38.95%, Best Test: 36.76%
Epoch: 400, Loss: 0.0096, Train: 100.00%, Valid: 35.95%, Test: 34.51%, Best Valid: 38.95%, Best Test: 36.76%
Epoch: 500, Loss: 0.0082, Train: 100.00%, Valid: 34.55%, Test: 33.79%, Best Valid: 38.95%, Best Test: 36.76%
Epoch: 600, Loss: 0.0066, Train: 100.00%, Valid: 33.40%, Test: 32.46%, Best Valid: 38.95%, Best Test: 36.76%
Epoch: 700, Loss: 0.0034, Train: 100.00%, Valid: 36.50%, Test: 35.27%, Best Valid: 38.95%, Best Test: 36.76%
Epoch: 800, Loss: 0.0053, Train: 100.00%, Valid: 32.60%, Test: 31.51%, Best Valid: 38.95%, Best Test: 36.76%
Epoch: 900, Loss: 0.0059, Train: 100.00%, Valid: 35.10%, Test: 33.92%, Best Valid: 38.95%, Best Test: 36.76%
Epoch: 1000, Loss: 0.0051, Train: 100.00%, Valid: 31.20%, Test: 30.95%, Best Valid: 38.95%, Best Test: 36.76%
Epoch: 1100, Loss: 0.0036, Train: 100.00%, Valid: 32.15%, Test: 31.54%, Best Valid: 38.95%, Best Test: 36.76%
Epoch: 1200, Loss: 0.0057, Train: 100.00%, Valid: 30.25%, Test: 29.05%, Best Valid: 38.95%, Best Test: 36.76%
Epoch: 1300, Loss: 0.0064, Train: 99.50%, Valid: 23.35%, Test: 22.59%, Best Valid: 38.95%, Best Test: 36.76%
Epoch: 1400, Loss: 0.0029, Train: 100.00%, Valid: 27.95%, Test: 25.81%, Best Valid: 38.95%, Best Test: 36.76%
Epoch: 1500, Loss: 0.0019, Train: 100.00%, Valid: 32.80%, Test: 32.37%, Best Valid: 38.95%, Best Test: 36.76%
Epoch: 1600, Loss: 0.0033, Train: 100.00%, Valid: 29.95%, Test: 28.79%, Best Valid: 38.95%, Best Test: 36.76%
Epoch: 1700, Loss: 0.0058, Train: 100.00%, Valid: 25.45%, Test: 24.37%, Best Valid: 38.95%, Best Test: 36.76%
Epoch: 1800, Loss: 0.0014, Train: 100.00%, Valid: 31.30%, Test: 30.08%, Best Valid: 38.95%, Best Test: 36.76%
Epoch: 1900, Loss: 0.0096, Train: 100.00%, Valid: 25.30%, Test: 25.00%, Best Valid: 38.95%, Best Test: 36.76%
Run 07:
Highest Train: 100.00
Highest Valid: 38.95
Highest Test: 37.44
Chosen epoch: 202
Final Train: 100.00
Final Test: 36.76
train:torch.Size([200]), valid:torch.Size([2000]), test:torch.Size([20000])
Counting co-occurrence on train-train edges (leakage-free estimator)...
Count penalty frozen (2 train-train edges).
Epoch: 00, Loss: 4.5973, Train: 3.00%, Valid: 0.15%, Test: 0.27%, Best Valid: 0.15%, Best Test: 0.27%
Epoch: 100, Loss: 0.4662, Train: 97.50%, Valid: 36.75%, Test: 35.91%, Best Valid: 37.00%, Best Test: 36.30%
Epoch: 200, Loss: 0.0801, Train: 100.00%, Valid: 34.30%, Test: 33.90%, Best Valid: 38.55%, Best Test: 38.42%
Epoch: 300, Loss: 0.0279, Train: 100.00%, Valid: 33.80%, Test: 33.75%, Best Valid: 38.55%, Best Test: 38.42%
Epoch: 400, Loss: 0.0115, Train: 100.00%, Valid: 32.95%, Test: 33.25%, Best Valid: 38.55%, Best Test: 38.42%
Epoch: 500, Loss: 0.0082, Train: 100.00%, Valid: 33.20%, Test: 32.78%, Best Valid: 38.55%, Best Test: 38.42%
Epoch: 600, Loss: 0.0065, Train: 100.00%, Valid: 35.85%, Test: 34.87%, Best Valid: 38.55%, Best Test: 38.42%
Epoch: 700, Loss: 0.0084, Train: 100.00%, Valid: 31.45%, Test: 31.11%, Best Valid: 38.55%, Best Test: 38.42%
Epoch: 800, Loss: 0.0107, Train: 100.00%, Valid: 31.45%, Test: 31.16%, Best Valid: 38.55%, Best Test: 38.42%
Epoch: 900, Loss: 0.0035, Train: 100.00%, Valid: 33.00%, Test: 32.77%, Best Valid: 38.55%, Best Test: 38.42%
Epoch: 1000, Loss: 0.0075, Train: 100.00%, Valid: 31.65%, Test: 30.79%, Best Valid: 38.55%, Best Test: 38.42%
Epoch: 1100, Loss: 0.0015, Train: 100.00%, Valid: 31.55%, Test: 30.69%, Best Valid: 38.55%, Best Test: 38.42%
Epoch: 1200, Loss: 0.0061, Train: 100.00%, Valid: 27.75%, Test: 27.46%, Best Valid: 38.55%, Best Test: 38.42%
Epoch: 1300, Loss: 0.0039, Train: 100.00%, Valid: 26.30%, Test: 26.74%, Best Valid: 38.55%, Best Test: 38.42%
Epoch: 1400, Loss: 0.0258, Train: 100.00%, Valid: 23.85%, Test: 24.19%, Best Valid: 38.55%, Best Test: 38.42%
Epoch: 1500, Loss: 0.0066, Train: 99.50%, Valid: 18.20%, Test: 18.35%, Best Valid: 38.55%, Best Test: 38.42%
Epoch: 1600, Loss: 0.0017, Train: 100.00%, Valid: 26.20%, Test: 27.12%, Best Valid: 38.55%, Best Test: 38.42%
Epoch: 1700, Loss: 0.0010, Train: 100.00%, Valid: 26.95%, Test: 27.45%, Best Valid: 38.55%, Best Test: 38.42%
Epoch: 1800, Loss: 0.0011, Train: 100.00%, Valid: 25.45%, Test: 24.75%, Best Valid: 38.55%, Best Test: 38.42%
Epoch: 1900, Loss: 0.0029, Train: 100.00%, Valid: 24.40%, Test: 24.73%, Best Valid: 38.55%, Best Test: 38.42%
Run 08:
Highest Train: 100.00
Highest Valid: 38.55
Highest Test: 38.44
Chosen epoch: 177
Final Train: 100.00
Final Test: 38.42
train:torch.Size([200]), valid:torch.Size([2000]), test:torch.Size([20000])
Counting co-occurrence on train-train edges (leakage-free estimator)...
Count penalty frozen (4 train-train edges).
Epoch: 00, Loss: 4.6117, Train: 2.50%, Valid: 0.70%, Test: 0.67%, Best Valid: 0.70%, Best Test: 0.67%
Epoch: 100, Loss: 0.4615, Train: 98.00%, Valid: 29.35%, Test: 30.39%, Best Valid: 30.20%, Best Test: 31.70%
Epoch: 200, Loss: 0.0476, Train: 100.00%, Valid: 31.60%, Test: 31.32%, Best Valid: 33.25%, Best Test: 33.86%
Epoch: 300, Loss: 0.0185, Train: 100.00%, Valid: 31.05%, Test: 31.50%, Best Valid: 34.15%, Best Test: 34.21%
Epoch: 400, Loss: 0.0091, Train: 100.00%, Valid: 29.45%, Test: 30.02%, Best Valid: 34.20%, Best Test: 35.34%
Epoch: 500, Loss: 0.0071, Train: 100.00%, Valid: 32.55%, Test: 32.58%, Best Valid: 34.20%, Best Test: 35.34%
Epoch: 600, Loss: 0.0040, Train: 100.00%, Valid: 28.60%, Test: 28.99%, Best Valid: 34.20%, Best Test: 35.34%
Epoch: 700, Loss: 0.0066, Train: 100.00%, Valid: 27.30%, Test: 27.63%, Best Valid: 34.20%, Best Test: 35.34%
Epoch: 800, Loss: 0.0049, Train: 100.00%, Valid: 26.70%, Test: 26.83%, Best Valid: 36.80%, Best Test: 36.62%
Epoch: 900, Loss: 0.0026, Train: 100.00%, Valid: 32.10%, Test: 31.07%, Best Valid: 36.80%, Best Test: 36.62%
Epoch: 1000, Loss: 0.0032, Train: 100.00%, Valid: 31.90%, Test: 30.75%, Best Valid: 36.80%, Best Test: 36.62%
Epoch: 1100, Loss: 0.0023, Train: 99.00%, Valid: 21.85%, Test: 22.43%, Best Valid: 36.80%, Best Test: 36.62%
Epoch: 1200, Loss: 0.0069, Train: 100.00%, Valid: 24.45%, Test: 24.97%, Best Valid: 42.55%, Best Test: 40.16%
Epoch: 1300, Loss: 0.0034, Train: 100.00%, Valid: 30.20%, Test: 30.09%, Best Valid: 42.55%, Best Test: 40.16%
Epoch: 1400, Loss: 0.0048, Train: 100.00%, Valid: 24.85%, Test: 25.14%, Best Valid: 42.55%, Best Test: 40.16%
Epoch: 1500, Loss: 0.0021, Train: 100.00%, Valid: 27.40%, Test: 26.39%, Best Valid: 42.55%, Best Test: 40.16%
Epoch: 1600, Loss: 0.0132, Train: 100.00%, Valid: 29.00%, Test: 30.44%, Best Valid: 42.55%, Best Test: 40.16%
Epoch: 1700, Loss: 0.0233, Train: 100.00%, Valid: 13.55%, Test: 14.52%, Best Valid: 42.55%, Best Test: 40.16%
Epoch: 1800, Loss: 0.0064, Train: 100.00%, Valid: 24.35%, Test: 24.76%, Best Valid: 42.55%, Best Test: 40.16%
Epoch: 1900, Loss: 0.0036, Train: 100.00%, Valid: 22.30%, Test: 23.48%, Best Valid: 42.55%, Best Test: 40.16%
Run 09:
Highest Train: 100.00
Highest Valid: 42.55
Highest Test: 40.26
Chosen epoch: 1119
Final Train: 100.00
Final Test: 40.17
train:torch.Size([200]), valid:torch.Size([2000]), test:torch.Size([20000])
Counting co-occurrence on train-train edges (leakage-free estimator)...
Count penalty frozen (2 train-train edges).
Epoch: 00, Loss: 4.7517, Train: 1.50%, Valid: 0.55%, Test: 0.28%, Best Valid: 0.55%, Best Test: 0.28%
Epoch: 100, Loss: 0.3891, Train: 96.00%, Valid: 34.85%, Test: 35.84%, Best Valid: 35.80%, Best Test: 36.75%
Epoch: 200, Loss: 0.0420, Train: 100.00%, Valid: 31.50%, Test: 31.60%, Best Valid: 37.55%, Best Test: 38.41%
Epoch: 300, Loss: 0.0289, Train: 100.00%, Valid: 33.40%, Test: 34.01%, Best Valid: 38.35%, Best Test: 38.34%
Epoch: 400, Loss: 0.0175, Train: 100.00%, Valid: 35.40%, Test: 36.07%, Best Valid: 38.35%, Best Test: 38.34%
Epoch: 500, Loss: 0.0060, Train: 100.00%, Valid: 33.75%, Test: 34.59%, Best Valid: 38.35%, Best Test: 38.34%
Epoch: 600, Loss: 0.0087, Train: 100.00%, Valid: 37.45%, Test: 37.16%, Best Valid: 38.35%, Best Test: 38.34%
Epoch: 700, Loss: 0.0095, Train: 100.00%, Valid: 34.25%, Test: 34.77%, Best Valid: 39.00%, Best Test: 38.70%
Epoch: 800, Loss: 0.0061, Train: 100.00%, Valid: 35.90%, Test: 36.30%, Best Valid: 39.00%, Best Test: 38.70%
Epoch: 900, Loss: 0.0022, Train: 100.00%, Valid: 36.80%, Test: 36.50%, Best Valid: 39.00%, Best Test: 38.70%
Epoch: 1000, Loss: 0.0039, Train: 100.00%, Valid: 32.10%, Test: 32.20%, Best Valid: 39.00%, Best Test: 38.70%
Epoch: 1100, Loss: 0.0117, Train: 100.00%, Valid: 25.85%, Test: 24.73%, Best Valid: 39.00%, Best Test: 38.70%
Epoch: 1200, Loss: 0.0119, Train: 100.00%, Valid: 34.70%, Test: 34.48%, Best Valid: 39.65%, Best Test: 38.60%
Epoch: 1300, Loss: 0.0169, Train: 100.00%, Valid: 34.15%, Test: 34.09%, Best Valid: 39.65%, Best Test: 38.60%
Epoch: 1400, Loss: 0.0071, Train: 100.00%, Valid: 31.60%, Test: 30.98%, Best Valid: 39.65%, Best Test: 38.60%
Epoch: 1500, Loss: 0.0037, Train: 100.00%, Valid: 29.65%, Test: 29.13%, Best Valid: 39.65%, Best Test: 38.60%
Epoch: 1600, Loss: 0.0042, Train: 100.00%, Valid: 32.85%, Test: 32.05%, Best Valid: 39.65%, Best Test: 38.60%
Epoch: 1700, Loss: 0.0014, Train: 100.00%, Valid: 31.45%, Test: 31.95%, Best Valid: 39.65%, Best Test: 38.60%
Epoch: 1800, Loss: 0.0024, Train: 100.00%, Valid: 31.50%, Test: 31.23%, Best Valid: 39.65%, Best Test: 38.60%
Epoch: 1900, Loss: 0.0015, Train: 100.00%, Valid: 27.65%, Test: 27.55%, Best Valid: 39.65%, Best Test: 38.60%
Run 10:
Highest Train: 100.00
Highest Valid: 39.65
Highest Test: 38.78
Chosen epoch: 1153
Final Train: 100.00
Final Test: 38.60
All runs:
Highest Train: 100.00 ± 0.00
Highest Test: 38.92 ± 3.22
Highest Valid: 39.36 ± 3.39
  Final Train: 99.60 ± 0.94
   Final Test: 38.70 ± 3.38
Saving results to results/transfer_keep/ogbn-arxiv/MPNN_gcn.csv
--- count_reg | lambda=0.4 ---
