Thu Sep 10 09:10:44 2026       
+-----------------------------------------------------------------------------------------+
| NVIDIA-SMI 580.159.04             Driver Version: 580.159.04     CUDA Version: 13.0     |
+-----------------------------------------+------------------------+----------------------+
| GPU  Name                 Persistence-M | Bus-Id          Disp.A | Volatile Uncorr. ECC |
| Fan  Temp   Perf          Pwr:Usage/Cap |           Memory-Usage | GPU-Util  Compute M. |
|                                         |                        |               MIG M. |
|=========================================+========================+======================|
|   0  NVIDIA A100-SXM4-80GB          On  |   00000000:01:00.0 Off |                   On |
| N/A   40C    P0            148W /  500W |    3010MiB /  81920MiB |     N/A      Default |
|                                         |                        |              Enabled |
+-----------------------------------------+------------------------+----------------------+
|   1  NVIDIA A100-SXM4-80GB          On  |   00000000:41:00.0 Off |                   On |
| N/A   30C    P0             50W /  500W |     249MiB /  81920MiB |     N/A      Default |
|                                         |                        |              Enabled |
+-----------------------------------------+------------------------+----------------------+
|   2  NVIDIA A100-SXM4-80GB          On  |   00000000:81:00.0 Off |                   On |
| N/A   37C    P0            121W /  500W |    1985MiB /  81920MiB |     N/A      Default |
|                                         |                        |              Enabled |
+-----------------------------------------+------------------------+----------------------+
|   3  NVIDIA A100-SXM4-80GB          On  |   00000000:C1:00.0 Off |                   On |
| N/A   33C    P0            113W /  500W |    1985MiB /  81920MiB |     N/A      Default |
|                                         |                        |              Enabled |
+-----------------------------------------+------------------------+----------------------+

+-----------------------------------------------------------------------------------------+
| MIG devices:                                                                            |
+------------------+----------------------------------+-----------+-----------------------+
| GPU  GI  CI  MIG |              Shared Memory-Usage |        Vol|        Shared         |
|      ID  ID  Dev |                Shared BAR1-Usage | SM     Unc| CE ENC  DEC  OFA  JPG |
|                  |                                  |        ECC|                       |
|==================+==================================+===========+=======================|
|  1    5   0   0  |              71MiB / 19968MiB    | 28      0 |  2   0    1    0    0 |
|                  |               0MiB / 12271MiB    |           |                       |
+------------------+----------------------------------+-----------+-----------------------+

+-----------------------------------------------------------------------------------------+
| Processes:                                                                              |
|  GPU   GI   CI              PID   Type   Process name                        GPU Memory |
|        ID   ID                                                               Usage      |
|=========================================================================================|
|    0   13    0           763396      C   ...e-environment/venv/bin/python       1018MiB |
|    0    5    0          1229001      C   python                                 1728MiB |
|    2    3    0          1224484      C   python                                 1728MiB |
|    3    5    0          1231637      C   python                                 1728MiB |
+-----------------------------------------------------------------------------------------+
Transfer cell: mode=drop cond=oracle prior=all budget=20/class -> results/transfer_drop
python main.py --gnn gcn --dataset ogbn-arxiv --data_dir ../large_graph/data/   --hidden_channels 512 --epochs 2000 --lr 0.0005 --local_layers 5 --bn --res   --device 0 --runs 10   --rand_split_class --label_num_per_class 20 --resample_split_per_run   --valid_num 2000 --test_num 20000   --year_split 2018 --source_mode drop --budget_tag 20
==========================================================
Low-label sweep: python main.py --gnn gcn --dataset ogbn-arxiv --data_dir ../large_graph/data/   --hidden_channels 512 --epochs 2000 --lr 0.0005 --local_layers 5 --bn --res   --device 0 --runs 10   --rand_split_class --label_num_per_class 20 --resample_split_per_run   --valid_num 2000 --test_num 20000   --year_split 2018 --source_mode drop --budget_tag 20
result_dir=results/transfer_drop conditions=[oracle]
==========================================================
--- oracle_reg | lambda=0.01 ---
    (already completed — requeue resume, skipping)
--- oracle_reg | lambda=0.05 ---
    (already completed — requeue resume, skipping)
--- oracle_reg | lambda=0.1 ---
    (already completed — requeue resume, skipping)
--- oracle_reg | lambda=0.2 ---
    (already completed — requeue resume, skipping)
--- oracle_reg | lambda=0.4 ---
    (already completed — requeue resume, skipping)
--- oracle_reg | lambda=0.8 ---
    (already completed — requeue resume, skipping)
--- oracle_reg | lambda=1.6 ---
    (already completed — requeue resume, skipping)
Low-label sweep completed.
Task 27 done.
