Sun Sep 13 22:09:30 2026       
+-----------------------------------------------------------------------------------------+
| NVIDIA-SMI 580.159.04             Driver Version: 580.159.04     CUDA Version: 13.0     |
+-----------------------------------------+------------------------+----------------------+
| GPU  Name                 Persistence-M | Bus-Id          Disp.A | Volatile Uncorr. ECC |
| Fan  Temp   Perf          Pwr:Usage/Cap |           Memory-Usage | GPU-Util  Compute M. |
|                                         |                        |               MIG M. |
|=========================================+========================+======================|
|   0  NVIDIA A100-SXM4-80GB          On  |   00000000:01:00.0 Off |                   On |
| N/A   55C    P0            262W /  500W |   48168MiB /  81920MiB |     N/A      Default |
|                                         |                        |              Enabled |
+-----------------------------------------+------------------------+----------------------+
|   1  NVIDIA A100-SXM4-80GB          On  |   00000000:41:00.0 Off |                   On |
| N/A   49C    P0            241W /  500W |   33057MiB /  81920MiB |     N/A      Default |
|                                         |                        |              Enabled |
+-----------------------------------------+------------------------+----------------------+
|   2  NVIDIA A100-SXM4-80GB          On  |   00000000:81:00.0 Off |                   On |
| N/A   46C    P0            149W /  500W |   20898MiB /  81920MiB |     N/A      Default |
|                                         |                        |              Enabled |
+-----------------------------------------+------------------------+----------------------+
|   3  NVIDIA A100-SXM4-80GB          On  |   00000000:C1:00.0 Off |                   On |
| N/A   48C    P0            232W /  500W |   49001MiB /  81920MiB |     N/A      Default |
|                                         |                        |              Enabled |
+-----------------------------------------+------------------------+----------------------+

+-----------------------------------------------------------------------------------------+
| MIG devices:                                                                            |
+------------------+----------------------------------+-----------+-----------------------+
| GPU  GI  CI  MIG |              Shared Memory-Usage |        Vol|        Shared         |
|      ID  ID  Dev |                Shared BAR1-Usage | SM     Unc| CE ENC  DEC  OFA  JPG |
|                  |                                  |        ECC|                       |
|==================+==================================+===========+=======================|
|  0    5   0   0  |              71MiB / 19968MiB    | 28      0 |  2   0    1    0    0 |
|                  |               0MiB / 12271MiB    |           |                       |
+------------------+----------------------------------+-----------+-----------------------+

+-----------------------------------------------------------------------------------------+
| Processes:                                                                              |
|  GPU   GI   CI              PID   Type   Process name                        GPU Memory |
|        ID   ID                                                               Usage      |
|=========================================================================================|
|    1    9    0          2187670      C   .../conda_env/Pytorch/bin/python       4788MiB |
|    1   10    0          2252100      C   .../conda_env/Pytorch/bin/python       4788MiB |
|    1    2    0          3369607      C   ...yground/CAST/.venv/bin/python       3570MiB |
|    1    3    0          4159553      C   ...yground/CAST/.venv/bin/python      19630MiB |
|    2   10    0          3131862      C   ...ware/symmetrix-env/bin/python        498MiB |
|    2    9    0          3131863      C   ...ware/symmetrix-env/bin/python        498MiB |
|    2    3    0          4159554      C   ...yground/CAST/.venv/bin/python      19630MiB |
|    3   13    0          3132186      C   ...ware/symmetrix-env/bin/python       1652MiB |
|    3   14    0          3132187      C   ...ware/symmetrix-env/bin/python       2348MiB |
|    3    1    0          4064857      C   python                                39062MiB |
|    3    5    0          4161484      C   ...yground/CAST/.venv/bin/python       5658MiB |
+-----------------------------------------------------------------------------------------+
Transfer cell: mode=keep cond=transfer prior=all budget=20/class -> results/transfer_keep
python main.py --gnn gcn --dataset ogbn-arxiv --data_dir ../large_graph/data/   --hidden_channels 512 --epochs 2000 --lr 0.0005 --local_layers 5 --bn --res   --device 0 --runs 10   --rand_split_class --label_num_per_class 20 --resample_split_per_run   --valid_num 2000 --test_num 20000   --year_split 2018 --source_mode keep --budget_tag 20
==========================================================
Low-label sweep: python main.py --gnn gcn --dataset ogbn-arxiv --data_dir ../large_graph/data/   --hidden_channels 512 --epochs 2000 --lr 0.0005 --local_layers 5 --bn --res   --device 0 --runs 10   --rand_split_class --label_num_per_class 20 --resample_split_per_run   --valid_num 2000 --test_num 20000   --year_split 2018 --source_mode keep --budget_tag 20
result_dir=results/transfer_keep conditions=[transfer]
==========================================================
--- transfer prior priors/arxiv_lt2018_all.pt  | lambda=0.01 ---
    (already completed — requeue resume, skipping)
--- transfer prior priors/arxiv_lt2018_all.pt  | lambda=0.05 ---
