Sun Sep 13 21:17:49 2026       
+-----------------------------------------------------------------------------------------+
| NVIDIA-SMI 580.159.04             Driver Version: 580.159.04     CUDA Version: 13.0     |
+-----------------------------------------+------------------------+----------------------+
| GPU  Name                 Persistence-M | Bus-Id          Disp.A | Volatile Uncorr. ECC |
| Fan  Temp   Perf          Pwr:Usage/Cap |           Memory-Usage | GPU-Util  Compute M. |
|                                         |                        |               MIG M. |
|=========================================+========================+======================|
|   0  NVIDIA A100-SXM4-80GB          On  |   00000000:01:00.0 Off |                   On |
| N/A   32C    P0             90W /  500W |    1370MiB /  81920MiB |     N/A      Default |
|                                         |                        |              Enabled |
+-----------------------------------------+------------------------+----------------------+
|   1  NVIDIA A100-SXM4-80GB          On  |   00000000:41:00.0 Off |                   On |
| N/A   35C    P0            135W /  500W |    5533MiB /  81920MiB |     N/A      Default |
|                                         |                        |              Enabled |
+-----------------------------------------+------------------------+----------------------+
|   2  NVIDIA A100-SXM4-80GB          On  |   00000000:81:00.0 Off |                   On |
| N/A   32C    P0             69W /  500W |    1372MiB /  81920MiB |     N/A      Default |
|                                         |                        |              Enabled |
+-----------------------------------------+------------------------+----------------------+
|   3  NVIDIA A100-SXM4-80GB          On  |   00000000:C1:00.0 Off |                   On |
| N/A   26C    P0             52W /  500W |     249MiB /  81920MiB |     N/A      Default |
|                                         |                        |              Enabled |
+-----------------------------------------+------------------------+----------------------+

+-----------------------------------------------------------------------------------------+
| MIG devices:                                                                            |
+------------------+----------------------------------+-----------+-----------------------+
| GPU  GI  CI  MIG |              Shared Memory-Usage |        Vol|        Shared         |
|      ID  ID  Dev |                Shared BAR1-Usage | SM     Unc| CE ENC  DEC  OFA  JPG |
|                  |                                  |        ECC|                       |
|==================+==================================+===========+=======================|
|  0    5   0   0  |              71MiB / 19968MiB    | 28      0 |  2   0    1    0    0 |
|                  |               0MiB / 12271MiB    |           |                       |
+------------------+----------------------------------+-----------+-----------------------+

+-----------------------------------------------------------------------------------------+
| Processes:                                                                              |
|  GPU   GI   CI              PID   Type   Process name                        GPU Memory |
|        ID   ID                                                               Usage      |
|=========================================================================================|
|    1   13    0            82851      C   ...ware/symmetrix-env/bin/python        822MiB |
|    1   14    0            83119      C   ...ware/symmetrix-env/bin/python        868MiB |
|    1    1    0           410495      C   ...yground/CAST/.venv/bin/python       3570MiB |
|    2    9    0            83120      C   ...ware/symmetrix-env/bin/python       1116MiB |
+-----------------------------------------------------------------------------------------+
Transfer cell: mode=keep cond=count prior=all budget=50/class -> results/transfer_keep
python main.py --gnn gcn --dataset ogbn-arxiv --data_dir ../large_graph/data/   --hidden_channels 512 --epochs 2000 --lr 0.0005 --local_layers 5 --bn --res   --device 0 --runs 10   --rand_split_class --label_num_per_class 50 --resample_split_per_run   --valid_num 2000 --test_num 20000   --year_split 2018 --source_mode keep --budget_tag 50
==========================================================
Low-label sweep: python main.py --gnn gcn --dataset ogbn-arxiv --data_dir ../large_graph/data/   --hidden_channels 512 --epochs 2000 --lr 0.0005 --local_layers 5 --bn --res   --device 0 --runs 10   --rand_split_class --label_num_per_class 50 --resample_split_per_run   --valid_num 2000 --test_num 20000   --year_split 2018 --source_mode keep --budget_tag 50
result_dir=results/transfer_keep conditions=[count]
==========================================================
--- count_reg | lambda=0.01 ---
    (already completed — requeue resume, skipping)
--- count_reg | lambda=0.05 ---
    (already completed — requeue resume, skipping)
--- count_reg | lambda=0.1 ---
