Thu Sep 10 19:27:45 2026       
+-----------------------------------------------------------------------------------------+
| NVIDIA-SMI 580.159.04             Driver Version: 580.159.04     CUDA Version: 13.0     |
+-----------------------------------------+------------------------+----------------------+
| GPU  Name                 Persistence-M | Bus-Id          Disp.A | Volatile Uncorr. ECC |
| Fan  Temp   Perf          Pwr:Usage/Cap |           Memory-Usage | GPU-Util  Compute M. |
|                                         |                        |               MIG M. |
|=========================================+========================+======================|
|   0  NVIDIA A100-SXM4-80GB          On  |   00000000:01:00.0 Off |                   On |
| N/A   41C    P0            147W /  500W |    3010MiB /  81920MiB |     N/A      Default |
|                                         |                        |              Enabled |
+-----------------------------------------+------------------------+----------------------+
|   1  NVIDIA A100-SXM4-80GB          On  |   00000000:41:00.0 Off |                   On |
| N/A   32C    P0             76W /  500W |    2682MiB /  81920MiB |     N/A      Default |
|                                         |                        |              Enabled |
+-----------------------------------------+------------------------+----------------------+
|   2  NVIDIA A100-SXM4-80GB          On  |   00000000:81:00.0 Off |                   On |
| N/A   38C    P0            125W /  500W |    2784MiB /  81920MiB |     N/A      Default |
|                                         |                        |              Enabled |
+-----------------------------------------+------------------------+----------------------+
|   3  NVIDIA A100-SXM4-80GB          On  |   00000000:C1:00.0 Off |                   On |
| N/A   34C    P0            124W /  500W |    2848MiB /  81920MiB |     N/A      Default |
|                                         |                        |              Enabled |
+-----------------------------------------+------------------------+----------------------+

+-----------------------------------------------------------------------------------------+
| MIG devices:                                                                            |
+------------------+----------------------------------+-----------+-----------------------+
| GPU  GI  CI  MIG |              Shared Memory-Usage |        Vol|        Shared         |
|      ID  ID  Dev |                Shared BAR1-Usage | SM     Unc| CE ENC  DEC  OFA  JPG |
|                  |                                  |        ECC|                       |
|==================+==================================+===========+=======================|
|  1    5   0   0  |              71MiB / 19968MiB    | 28      0 |  2   0    1    0    0 |
|                  |               0MiB / 12271MiB    |           |                       |
+------------------+----------------------------------+-----------+-----------------------+

+-----------------------------------------------------------------------------------------+
| Processes:                                                                              |
|  GPU   GI   CI              PID   Type   Process name                        GPU Memory |
|        ID   ID                                                               Usage      |
|=========================================================================================|
|    0   13    0           763396      C   ...e-environment/venv/bin/python       1018MiB |
|    0    5    0          1624309      C   python                                 1728MiB |
|    2    3    0          1620377      C   python                                 1728MiB |
|    2    9    0          1620966      C   ...ware/symmetrix-env/bin/python        360MiB |
|    2   10    0          1620967      C   ...ware/symmetrix-env/bin/python        424MiB |
|    3   14    0          1620962      C   ...ware/symmetrix-env/bin/python        424MiB |
|    3   13    0          1620965      C   ...ware/symmetrix-env/bin/python        424MiB |
|    3    5    0          1643314      C   python                                 1728MiB |
+-----------------------------------------------------------------------------------------+
Transfer cell: mode=labels cond=transfer prior=all budget=5/class -> results/transfer_labels
python main.py --gnn gcn --dataset ogbn-arxiv --data_dir ../large_graph/data/   --hidden_channels 512 --epochs 2000 --lr 0.0005 --local_layers 5 --bn --res   --device 0 --runs 10   --rand_split_class --label_num_per_class 5 --resample_split_per_run   --valid_num 2000 --test_num 20000   --year_split 2018 --source_mode labels --budget_tag 5
==========================================================
Low-label sweep: python main.py --gnn gcn --dataset ogbn-arxiv --data_dir ../large_graph/data/   --hidden_channels 512 --epochs 2000 --lr 0.0005 --local_layers 5 --bn --res   --device 0 --runs 10   --rand_split_class --label_num_per_class 5 --resample_split_per_run   --valid_num 2000 --test_num 20000   --year_split 2018 --source_mode labels --budget_tag 5
result_dir=results/transfer_labels conditions=[transfer]
==========================================================
--- transfer prior priors/arxiv_lt2018_all.pt  | lambda=0.01 ---
    (already completed — requeue resume, skipping)
--- transfer prior priors/arxiv_lt2018_all.pt  | lambda=0.05 ---
    (already completed — requeue resume, skipping)
--- transfer prior priors/arxiv_lt2018_all.pt  | lambda=0.1 ---
