Fri Sep 11 11:15:02 2026       
+-----------------------------------------------------------------------------------------+
| NVIDIA-SMI 580.159.04             Driver Version: 580.159.04     CUDA Version: 13.0     |
+-----------------------------------------+------------------------+----------------------+
| GPU  Name                 Persistence-M | Bus-Id          Disp.A | Volatile Uncorr. ECC |
| Fan  Temp   Perf          Pwr:Usage/Cap |           Memory-Usage | GPU-Util  Compute M. |
|                                         |                        |               MIG M. |
|=========================================+========================+======================|
|   0  NVIDIA A100-SXM4-80GB          On  |   00000000:01:00.0 Off |                   On |
| N/A   44C    P0            183W /  500W |   45967MiB /  81920MiB |     N/A      Default |
|                                         |                        |              Enabled |
+-----------------------------------------+------------------------+----------------------+
|   1  NVIDIA A100-SXM4-80GB          On  |   00000000:41:00.0 Off |                   On |
| N/A   33C    P0             86W /  500W |   11055MiB /  81920MiB |     N/A      Default |
|                                         |                        |              Enabled |
+-----------------------------------------+------------------------+----------------------+
|   2  NVIDIA A100-SXM4-80GB          On  |   00000000:81:00.0 Off |                   On |
| N/A   45C    P0            185W /  500W |   36073MiB /  81920MiB |     N/A      Default |
|                                         |                        |              Enabled |
+-----------------------------------------+------------------------+----------------------+
|   3  NVIDIA A100-SXM4-80GB          On  |   00000000:C1:00.0 Off |                   On |
| N/A   31C    P0             84W /  500W |    1892MiB /  81920MiB |     N/A      Default |
|                                         |                        |              Enabled |
+-----------------------------------------+------------------------+----------------------+

+-----------------------------------------------------------------------------------------+
| MIG devices:                                                                            |
+------------------+----------------------------------+-----------+-----------------------+
| GPU  GI  CI  MIG |              Shared Memory-Usage |        Vol|        Shared         |
|      ID  ID  Dev |                Shared BAR1-Usage | SM     Unc| CE ENC  DEC  OFA  JPG |
|                  |                                  |        ECC|                       |
|==================+==================================+===========+=======================|
|  3    5   0   0  |              71MiB / 19968MiB    | 28      0 |  2   0    1    0    0 |
|                  |               0MiB / 12271MiB    |           |                       |
+------------------+----------------------------------+-----------+-----------------------+

+-----------------------------------------------------------------------------------------+
| Processes:                                                                              |
|  GPU   GI   CI              PID   Type   Process name                        GPU Memory |
|        ID   ID                                                               Usage      |
|=========================================================================================|
|    0    3    0           433811      C   .../conda_env/Pytorch/bin/python       4848MiB |
|    0    9    0          1045820      C   ...ware/symmetrix-env/bin/python        498MiB |
|    0   10    0          1045828      C   ...ware/symmetrix-env/bin/python        500MiB |
|    0    2    0          1340534      C   ...nda3/envs/spot_nsf/bin/python      39840MiB |
|    1    3    0           434015      C   .../conda_env/Pytorch/bin/python       4848MiB |
|    1    3    0           434039      C   .../conda_env/Pytorch/bin/python       4848MiB |
|    1   10    0          1045827      C   ...ware/symmetrix-env/bin/python        582MiB |
|    1    9    0          1045829      C   ...ware/symmetrix-env/bin/python        500MiB |
|    2    2    0           955813      C   python                                33512MiB |
|    2    9    0          1045830      C   ...ware/symmetrix-env/bin/python        582MiB |
|    2   10    0          1045832      C   ...ware/symmetrix-env/bin/python        944MiB |
|    2    3    0          1359545      C   python                                  754MiB |
+-----------------------------------------------------------------------------------------+
Transfer cell: mode=keep cond=transfer prior=m20 budget=5/class -> results/transfer_keep_m20
python main.py --gnn gcn --dataset ogbn-arxiv --data_dir ../large_graph/data/   --hidden_channels 512 --epochs 2000 --lr 0.0005 --local_layers 5 --bn --res   --device 0 --runs 10   --rand_split_class --label_num_per_class 5 --resample_split_per_run   --valid_num 2000 --test_num 20000   --year_split 2018 --source_mode keep --budget_tag 5
==========================================================
Low-label sweep: python main.py --gnn gcn --dataset ogbn-arxiv --data_dir ../large_graph/data/   --hidden_channels 512 --epochs 2000 --lr 0.0005 --local_layers 5 --bn --res   --device 0 --runs 10   --rand_split_class --label_num_per_class 5 --resample_split_per_run   --valid_num 2000 --test_num 20000   --year_split 2018 --source_mode keep --budget_tag 5
result_dir=results/transfer_keep_m20 conditions=[transfer]
==========================================================
--- transfer prior priors/arxiv_lt2018_m20.pt  | lambda=0.01 ---
    (already completed — requeue resume, skipping)
--- transfer prior priors/arxiv_lt2018_m20.pt  | lambda=0.05 ---
