Sat Jul 25 22:51:01 2026       
+-----------------------------------------------------------------------------------------+
| NVIDIA-SMI 580.159.04             Driver Version: 580.159.04     CUDA Version: 13.0     |
+-----------------------------------------+------------------------+----------------------+
| GPU  Name                 Persistence-M | Bus-Id          Disp.A | Volatile Uncorr. ECC |
| Fan  Temp   Perf          Pwr:Usage/Cap |           Memory-Usage | GPU-Util  Compute M. |
|                                         |                        |               MIG M. |
|=========================================+========================+======================|
|   0  NVIDIA A100-SXM4-80GB          On  |   00000000:01:00.0 Off |                   On |
| N/A   49C    P0            207W /  500W |   11393MiB /  81920MiB |     N/A      Default |
|                                         |                        |              Enabled |
+-----------------------------------------+------------------------+----------------------+
|   1  NVIDIA A100-SXM4-80GB          On  |   00000000:41:00.0 Off |                   On |
| N/A   42C    P0            184W /  500W |    4505MiB /  81920MiB |     N/A      Default |
|                                         |                        |              Enabled |
+-----------------------------------------+------------------------+----------------------+
|   2  NVIDIA A100-SXM4-80GB          On  |   00000000:81:00.0 Off |                   On |
| N/A   46C    P0            155W /  500W |    9393MiB /  81920MiB |     N/A      Default |
|                                         |                        |              Enabled |
+-----------------------------------------+------------------------+----------------------+
|   3  NVIDIA A100-SXM4-80GB          On  |   00000000:C1:00.0 Off |                   On |
| N/A   37C    P0            150W /  500W |   20980MiB /  81920MiB |     N/A      Default |
|                                         |                        |              Enabled |
+-----------------------------------------+------------------------+----------------------+

+-----------------------------------------------------------------------------------------+
| MIG devices:                                                                            |
+------------------+----------------------------------+-----------+-----------------------+
| GPU  GI  CI  MIG |              Shared Memory-Usage |        Vol|        Shared         |
|      ID  ID  Dev |                Shared BAR1-Usage | SM     Unc| CE ENC  DEC  OFA  JPG |
|                  |                                  |        ECC|                       |
|==================+==================================+===========+=======================|
|  2    3   0   0  |              71MiB / 19968MiB    | 28      0 |  2   0    1    0    0 |
|                  |               0MiB / 12271MiB    |           |                       |
+------------------+----------------------------------+-----------+-----------------------+

+-----------------------------------------------------------------------------------------+
| Processes:                                                                              |
|  GPU   GI   CI              PID   Type   Process name                        GPU Memory |
|        ID   ID                                                               Usage      |
|=========================================================================================|
|    0    1    0           268164      C   python                                 9802MiB |
|    0    5    0           363442      C   ...a/envs/graph-mamba/bin/python        256MiB |
|    0   14    0          2570058      C   ...ware/symmetrix-env/bin/python        594MiB |
|    0   13    0          2570059      C   ...ware/symmetrix-env/bin/python        524MiB |
|    1    1    0           406512      C   python                                 1134MiB |
|    1    5    0           408390      C   python                                 1856MiB |
|    1   14    0          2571763      C   ...ware/symmetrix-env/bin/python        640MiB |
|    1   13    0          2571766      C   ...ware/symmetrix-env/bin/python        562MiB |
|    3    5    0           395771      C   python                                 3950MiB |
|    3   13    0          2571757      C   ...ware/symmetrix-env/bin/python       7500MiB |
|    3   14    0          2571769      C   ...ware/symmetrix-env/bin/python       9226MiB |
+-----------------------------------------------------------------------------------------+
Confirming search winner: sgformer / minesweeper
python main.py --model sgformer --dataset minesweeper --lr 0.001 --hidden_channels 64 --dropout 0.5 --weight_decay 0.0005 --num_heads 1 --runs 10 --device 0 --result_dir results_tuned --model_dir models/gt_confirm_1108500_12 --paired_seeds --metric rocauc --layers 3 --tr_layers 1 --graph_weight 0.8 --alpha 0.5 --use_graph --use_residual --epochs 1000 --use_bn
Namespace(aggregate='add', alpha=0.5, attention='gcn', beta=-1.0, bn=False, cpu=False, data_dir='../data/', dataset='minesweeper', device=0, dim_inner=64, display_step=100, dropout=0.5, epochs=1000, global_dropout=None, global_epochs=0, global_layers=2, gnn='gcn', graph_weight=0.8, hidden_channels=64, hops=10, in_dropout=0.0, jk=False, label_num_per_class=20, lambda_val=0.5, layers=3, ln=False, local_epochs=0, local_gnn_type='GCN', local_layers=7, lr=0.001, metric='rocauc', mlp_epochs=500, mlp_reg=False, model='sgformer', model_dir='models/gt_confirm_1108500_12', n_heads=1, num_centroids=4096, num_heads=1, oracle_reg=False, paired_seeds=True, pe_types='RWSE', penalty_transform='none', pre_linear=False, pre_ln=False, rand_split=False, rand_split_class=False, reg_start_epoch=10, reg_update_freq=5, res=False, result_dir='results_tuned', runs=10, save_model=False, save_result=False, seed=42, test_num=1000, tr_dropout=None, tr_layers=1, tr_weight_decay=None, train_prop=0.5, use_act=False, use_bn=True, use_graph=True, use_reg=False, use_residual=True, use_weight=False, valid_num=500, valid_prop=0.25, weight_decay=0.0005)
minesweeper
dataset minesweeper | num nodes 10000 | num edge 39402 | num node feats 7 | num classes 2
MODEL: SGFormer(
  (trans_conv): TransConv(
    (convs): ModuleList(
      (0): TransConvLayer(
        (Wk): Linear(in_features=64, out_features=64, bias=True)
        (Wq): Linear(in_features=64, out_features=64, bias=True)
      )
    )
    (fcs): ModuleList(
      (0): Linear(in_features=7, out_features=64, bias=True)
    )
    (bns): ModuleList(
      (0): LayerNorm((64,), eps=1e-05, elementwise_affine=True)
      (1): LayerNorm((64,), eps=1e-05, elementwise_affine=True)
    )
  )
  (gnn): GCN(
    (convs): ModuleList(
      (0): GCNConv(7, 64)
      (1): GCNConv(64, 64)
      (2): GCNConv(64, 64)
    )
    (bns): ModuleList(
      (0): BatchNorm1d(64, eps=1e-05, momentum=0.1, affine=True, track_running_stats=True)
      (1): BatchNorm1d(64, eps=1e-05, momentum=0.1, affine=True, track_running_stats=True)
    )
  )
  (fc): Linear(in_features=64, out_features=2, bias=True)
)
Epoch: 00, Loss: 0.7220, Train: 47.87%, Valid: 50.63%, Test: 48.57%, Best Valid: 50.63%, Best Test: 48.57%
Epoch: 100, Loss: 0.4402, Train: 75.18%, Valid: 73.60%, Test: 72.29%, Best Valid: 73.60%, Best Test: 72.29%
Epoch: 200, Loss: 0.4307, Train: 77.69%, Valid: 75.32%, Test: 74.07%, Best Valid: 75.32%, Best Test: 74.07%
Epoch: 300, Loss: 0.4197, Train: 79.52%, Valid: 76.75%, Test: 75.46%, Best Valid: 76.75%, Best Test: 75.46%
Epoch: 400, Loss: 0.4110, Train: 80.99%, Valid: 77.84%, Test: 76.71%, Best Valid: 77.85%, Best Test: 76.74%
Epoch: 500, Loss: 0.4086, Train: 81.85%, Valid: 78.16%, Test: 77.33%, Best Valid: 78.40%, Best Test: 77.52%
Epoch: 600, Loss: 0.3999, Train: 82.72%, Valid: 78.57%, Test: 77.65%, Best Valid: 78.86%, Best Test: 77.75%
Epoch: 700, Loss: 0.3973, Train: 83.43%, Valid: 78.90%, Test: 78.06%, Best Valid: 79.07%, Best Test: 78.11%
Epoch: 800, Loss: 0.3940, Train: 84.27%, Valid: 79.24%, Test: 78.45%, Best Valid: 79.77%, Best Test: 78.76%
Epoch: 900, Loss: 0.3873, Train: 84.87%, Valid: 79.82%, Test: 78.99%, Best Valid: 79.91%, Best Test: 78.96%
Run 01:
Highest Train: 85.39
Highest Valid: 80.38
Highest Test: 79.46
Chosen epoch: 976
Final Train: 85.23
Final Test: 79.44
Epoch: 00, Loss: 0.7790, Train: 48.31%, Valid: 47.56%, Test: 47.29%, Best Valid: 47.56%, Best Test: 47.29%
Epoch: 100, Loss: 0.4427, Train: 74.54%, Valid: 73.89%, Test: 75.15%, Best Valid: 73.89%, Best Test: 75.15%
Epoch: 200, Loss: 0.4328, Train: 77.68%, Valid: 76.18%, Test: 77.40%, Best Valid: 76.18%, Best Test: 77.40%
Epoch: 300, Loss: 0.4252, Train: 78.99%, Valid: 76.79%, Test: 78.37%, Best Valid: 76.80%, Best Test: 78.32%
Epoch: 400, Loss: 0.4164, Train: 80.22%, Valid: 77.61%, Test: 79.23%, Best Valid: 77.61%, Best Test: 79.23%
Epoch: 500, Loss: 0.4119, Train: 81.14%, Valid: 78.10%, Test: 79.95%, Best Valid: 78.14%, Best Test: 79.92%
Epoch: 600, Loss: 0.4040, Train: 82.14%, Valid: 78.68%, Test: 80.18%, Best Valid: 78.72%, Best Test: 80.28%
Epoch: 700, Loss: 0.3978, Train: 82.71%, Valid: 79.23%, Test: 80.69%, Best Valid: 79.29%, Best Test: 80.56%
Epoch: 800, Loss: 0.3974, Train: 83.45%, Valid: 79.52%, Test: 80.83%, Best Valid: 79.52%, Best Test: 80.83%
Epoch: 900, Loss: 0.3951, Train: 84.16%, Valid: 79.76%, Test: 80.96%, Best Valid: 80.05%, Best Test: 81.34%
Run 02:
Highest Train: 84.83
Highest Valid: 80.36
Highest Test: 81.53
Chosen epoch: 987
Final Train: 84.72
Final Test: 81.53
Epoch: 00, Loss: 0.7059, Train: 49.54%, Valid: 48.35%, Test: 47.90%, Best Valid: 48.35%, Best Test: 47.90%
Epoch: 100, Loss: 0.4410, Train: 75.78%, Valid: 72.23%, Test: 73.57%, Best Valid: 72.23%, Best Test: 73.57%
Epoch: 200, Loss: 0.4262, Train: 78.60%, Valid: 74.73%, Test: 75.19%, Best Valid: 74.73%, Best Test: 75.19%
Epoch: 300, Loss: 0.4200, Train: 80.43%, Valid: 76.30%, Test: 76.37%, Best Valid: 76.30%, Best Test: 76.37%
Epoch: 400, Loss: 0.4121, Train: 81.52%, Valid: 76.85%, Test: 77.27%, Best Valid: 76.94%, Best Test: 77.03%
Epoch: 500, Loss: 0.4058, Train: 82.20%, Valid: 77.42%, Test: 77.96%, Best Valid: 77.42%, Best Test: 77.96%
Epoch: 600, Loss: 0.4000, Train: 82.81%, Valid: 77.58%, Test: 78.60%, Best Valid: 77.76%, Best Test: 78.14%
Epoch: 700, Loss: 0.4001, Train: 83.42%, Valid: 78.24%, Test: 79.18%, Best Valid: 78.29%, Best Test: 78.87%
Epoch: 800, Loss: 0.3896, Train: 84.10%, Valid: 78.72%, Test: 79.49%, Best Valid: 78.80%, Best Test: 79.47%
Epoch: 900, Loss: 0.3874, Train: 84.70%, Valid: 79.60%, Test: 79.78%, Best Valid: 79.62%, Best Test: 79.87%
Run 03:
Highest Train: 85.28
Highest Valid: 80.22
Highest Test: 80.41
Chosen epoch: 996
Final Train: 85.26
Final Test: 80.29
Epoch: 00, Loss: 0.6520, Train: 48.73%, Valid: 47.67%, Test: 47.19%, Best Valid: 47.67%, Best Test: 47.19%
Epoch: 100, Loss: 0.4364, Train: 76.31%, Valid: 73.76%, Test: 74.98%, Best Valid: 73.76%, Best Test: 74.98%
Epoch: 200, Loss: 0.4256, Train: 78.73%, Valid: 75.75%, Test: 77.15%, Best Valid: 75.75%, Best Test: 77.15%
Epoch: 300, Loss: 0.4190, Train: 79.88%, Valid: 76.50%, Test: 78.10%, Best Valid: 76.50%, Best Test: 78.10%
Epoch: 400, Loss: 0.4123, Train: 81.34%, Valid: 77.23%, Test: 79.12%, Best Valid: 77.26%, Best Test: 79.12%
Epoch: 500, Loss: 0.4074, Train: 82.10%, Valid: 77.59%, Test: 79.42%, Best Valid: 77.59%, Best Test: 79.42%
Epoch: 600, Loss: 0.4040, Train: 82.86%, Valid: 77.81%, Test: 79.71%, Best Valid: 77.93%, Best Test: 79.80%
Epoch: 700, Loss: 0.3938, Train: 83.76%, Valid: 78.26%, Test: 80.41%, Best Valid: 78.49%, Best Test: 80.59%
Epoch: 800, Loss: 0.3893, Train: 84.52%, Valid: 78.68%, Test: 80.76%, Best Valid: 78.77%, Best Test: 80.78%
Epoch: 900, Loss: 0.3828, Train: 85.13%, Valid: 79.10%, Test: 81.00%, Best Valid: 79.23%, Best Test: 80.97%
Run 04:
Highest Train: 85.79
Highest Valid: 79.67
Highest Test: 81.58
Chosen epoch: 977
Final Train: 85.74
Final Test: 81.54
Epoch: 00, Loss: 0.6146, Train: 54.06%, Valid: 53.90%, Test: 51.92%, Best Valid: 53.90%, Best Test: 51.92%
Epoch: 100, Loss: 0.4416, Train: 75.38%, Valid: 73.92%, Test: 73.85%, Best Valid: 73.92%, Best Test: 73.85%
Epoch: 200, Loss: 0.4282, Train: 78.24%, Valid: 76.72%, Test: 76.25%, Best Valid: 76.72%, Best Test: 76.25%
Epoch: 300, Loss: 0.4189, Train: 80.08%, Valid: 78.12%, Test: 77.61%, Best Valid: 78.14%, Best Test: 77.57%
Epoch: 400, Loss: 0.4129, Train: 81.21%, Valid: 78.87%, Test: 78.50%, Best Valid: 78.94%, Best Test: 78.52%
Epoch: 500, Loss: 0.4060, Train: 81.92%, Valid: 79.10%, Test: 78.94%, Best Valid: 79.31%, Best Test: 79.00%
Epoch: 600, Loss: 0.4009, Train: 82.84%, Valid: 79.49%, Test: 79.30%, Best Valid: 79.60%, Best Test: 79.25%
Epoch: 700, Loss: 0.3954, Train: 83.73%, Valid: 80.25%, Test: 79.97%, Best Valid: 80.46%, Best Test: 79.81%
Epoch: 800, Loss: 0.3915, Train: 84.15%, Valid: 80.65%, Test: 80.29%, Best Valid: 80.90%, Best Test: 80.31%
Epoch: 900, Loss: 0.3904, Train: 84.80%, Valid: 81.06%, Test: 80.69%, Best Valid: 81.28%, Best Test: 80.84%
Run 05:
Highest Train: 85.46
Highest Valid: 81.69
Highest Test: 81.26
Chosen epoch: 966
Final Train: 85.46
Final Test: 81.18
Epoch: 00, Loss: 0.8360, Train: 55.64%, Valid: 55.09%, Test: 56.03%, Best Valid: 55.09%, Best Test: 56.03%
Epoch: 100, Loss: 0.4456, Train: 74.51%, Valid: 74.60%, Test: 74.32%, Best Valid: 74.60%, Best Test: 74.32%
Epoch: 200, Loss: 0.4366, Train: 77.03%, Valid: 76.65%, Test: 76.82%, Best Valid: 76.65%, Best Test: 76.82%
Epoch: 300, Loss: 0.4279, Train: 78.85%, Valid: 77.97%, Test: 78.34%, Best Valid: 77.97%, Best Test: 78.34%
Epoch: 400, Loss: 0.4210, Train: 79.89%, Valid: 78.43%, Test: 78.82%, Best Valid: 78.44%, Best Test: 79.00%
Epoch: 500, Loss: 0.4136, Train: 81.08%, Valid: 78.77%, Test: 79.69%, Best Valid: 78.86%, Best Test: 79.49%
Epoch: 600, Loss: 0.4091, Train: 81.81%, Valid: 78.55%, Test: 80.16%, Best Valid: 78.86%, Best Test: 79.49%
Epoch: 700, Loss: 0.4074, Train: 82.52%, Valid: 78.45%, Test: 80.63%, Best Valid: 78.86%, Best Test: 79.49%
Epoch: 800, Loss: 0.4023, Train: 83.07%, Valid: 78.54%, Test: 80.78%, Best Valid: 78.87%, Best Test: 80.63%
Epoch: 900, Loss: 0.3918, Train: 83.74%, Valid: 79.04%, Test: 81.33%, Best Valid: 79.21%, Best Test: 81.19%
Run 06:
Highest Train: 84.40
Highest Valid: 79.41
Highest Test: 81.61
Chosen epoch: 967
Final Train: 83.98
Final Test: 81.37
Epoch: 00, Loss: 0.7870, Train: 50.34%, Valid: 49.69%, Test: 51.24%, Best Valid: 49.69%, Best Test: 51.24%
Epoch: 100, Loss: 0.4436, Train: 74.32%, Valid: 74.31%, Test: 72.94%, Best Valid: 74.31%, Best Test: 72.94%
Epoch: 200, Loss: 0.4338, Train: 76.99%, Valid: 76.60%, Test: 75.15%, Best Valid: 76.60%, Best Test: 75.15%
Epoch: 300, Loss: 0.4273, Train: 78.76%, Valid: 77.78%, Test: 76.35%, Best Valid: 77.79%, Best Test: 76.35%
Epoch: 400, Loss: 0.4196, Train: 80.03%, Valid: 78.55%, Test: 77.43%, Best Valid: 78.55%, Best Test: 77.43%
Epoch: 500, Loss: 0.4136, Train: 81.15%, Valid: 79.25%, Test: 78.34%, Best Valid: 79.45%, Best Test: 78.29%
Epoch: 600, Loss: 0.4087, Train: 82.08%, Valid: 80.06%, Test: 78.91%, Best Valid: 80.06%, Best Test: 78.91%
Epoch: 700, Loss: 0.4032, Train: 82.49%, Valid: 80.11%, Test: 79.09%, Best Valid: 80.62%, Best Test: 79.34%
Epoch: 800, Loss: 0.3984, Train: 83.33%, Valid: 80.91%, Test: 79.58%, Best Valid: 80.94%, Best Test: 79.77%
Epoch: 900, Loss: 0.3944, Train: 84.16%, Valid: 81.37%, Test: 79.83%, Best Valid: 81.44%, Best Test: 79.85%
Run 07:
Highest Train: 84.96
Highest Valid: 81.72
Highest Test: 80.26
Chosen epoch: 984
Final Train: 84.73
Final Test: 80.26
Epoch: 00, Loss: 0.7454, Train: 56.20%, Valid: 56.52%, Test: 58.83%, Best Valid: 56.52%, Best Test: 58.83%
Epoch: 100, Loss: 0.4466, Train: 74.05%, Valid: 73.15%, Test: 73.98%, Best Valid: 73.15%, Best Test: 73.98%
Epoch: 200, Loss: 0.4321, Train: 77.24%, Valid: 75.30%, Test: 76.09%, Best Valid: 75.30%, Best Test: 76.09%
Epoch: 300, Loss: 0.4256, Train: 79.36%, Valid: 76.82%, Test: 77.45%, Best Valid: 76.82%, Best Test: 77.45%
Epoch: 400, Loss: 0.4173, Train: 80.46%, Valid: 77.66%, Test: 78.21%, Best Valid: 77.66%, Best Test: 78.21%
Epoch: 500, Loss: 0.4138, Train: 81.53%, Valid: 78.30%, Test: 78.79%, Best Valid: 78.30%, Best Test: 78.79%
Epoch: 600, Loss: 0.4050, Train: 82.43%, Valid: 78.70%, Test: 79.00%, Best Valid: 79.02%, Best Test: 79.20%
Epoch: 700, Loss: 0.4028, Train: 83.01%, Valid: 79.17%, Test: 79.54%, Best Valid: 79.44%, Best Test: 79.59%
Epoch: 800, Loss: 0.3948, Train: 83.72%, Valid: 79.65%, Test: 79.97%, Best Valid: 79.90%, Best Test: 80.03%
Epoch: 900, Loss: 0.3891, Train: 84.38%, Valid: 80.28%, Test: 80.03%, Best Valid: 80.28%, Best Test: 80.03%
Run 08:
Highest Train: 85.20
Highest Valid: 80.58
Highest Test: 80.58
Chosen epoch: 998
Final Train: 85.12
Final Test: 80.57
Epoch: 00, Loss: 0.7991, Train: 57.46%, Valid: 57.09%, Test: 57.76%, Best Valid: 57.09%, Best Test: 57.76%
Epoch: 100, Loss: 0.4430, Train: 74.43%, Valid: 73.19%, Test: 73.85%, Best Valid: 73.19%, Best Test: 73.85%
Epoch: 200, Loss: 0.4345, Train: 76.83%, Valid: 75.13%, Test: 76.16%, Best Valid: 75.13%, Best Test: 76.16%
Epoch: 300, Loss: 0.4257, Train: 78.22%, Valid: 75.99%, Test: 77.28%, Best Valid: 75.99%, Best Test: 77.28%
Epoch: 400, Loss: 0.4213, Train: 79.47%, Valid: 76.70%, Test: 78.20%, Best Valid: 76.72%, Best Test: 78.25%
Epoch: 500, Loss: 0.4174, Train: 80.59%, Valid: 77.49%, Test: 78.83%, Best Valid: 77.49%, Best Test: 78.72%
Epoch: 600, Loss: 0.4141, Train: 81.37%, Valid: 78.10%, Test: 79.37%, Best Valid: 78.10%, Best Test: 79.37%
Epoch: 700, Loss: 0.4053, Train: 82.09%, Valid: 78.67%, Test: 79.82%, Best Valid: 78.70%, Best Test: 79.93%
Epoch: 800, Loss: 0.4007, Train: 82.94%, Valid: 79.07%, Test: 80.33%, Best Valid: 79.21%, Best Test: 80.55%
Epoch: 900, Loss: 0.3967, Train: 83.73%, Valid: 79.44%, Test: 80.91%, Best Valid: 79.65%, Best Test: 81.06%
Run 09:
Highest Train: 84.31
Highest Valid: 79.89
Highest Test: 81.36
Chosen epoch: 956
Final Train: 83.98
Final Test: 81.25
Epoch: 00, Loss: 0.9114, Train: 44.78%, Valid: 45.78%, Test: 42.52%, Best Valid: 45.78%, Best Test: 42.52%
Epoch: 100, Loss: 0.4508, Train: 73.53%, Valid: 73.03%, Test: 74.63%, Best Valid: 73.03%, Best Test: 74.63%
Epoch: 200, Loss: 0.4398, Train: 76.00%, Valid: 74.99%, Test: 76.67%, Best Valid: 74.99%, Best Test: 76.67%
Epoch: 300, Loss: 0.4308, Train: 77.64%, Valid: 76.30%, Test: 78.02%, Best Valid: 76.32%, Best Test: 77.98%
Epoch: 400, Loss: 0.4253, Train: 78.97%, Valid: 77.21%, Test: 78.77%, Best Valid: 77.21%, Best Test: 78.77%
Epoch: 500, Loss: 0.4182, Train: 80.53%, Valid: 77.93%, Test: 79.65%, Best Valid: 77.93%, Best Test: 79.65%
Epoch: 600, Loss: 0.4127, Train: 81.46%, Valid: 78.57%, Test: 80.33%, Best Valid: 78.57%, Best Test: 80.33%
Epoch: 700, Loss: 0.4076, Train: 82.22%, Valid: 78.60%, Test: 80.61%, Best Valid: 79.00%, Best Test: 80.68%
Epoch: 800, Loss: 0.4020, Train: 82.76%, Valid: 78.76%, Test: 80.91%, Best Valid: 79.06%, Best Test: 81.04%
Epoch: 900, Loss: 0.3985, Train: 83.40%, Valid: 79.01%, Test: 81.35%, Best Valid: 79.30%, Best Test: 81.48%
Run 10:
Highest Train: 83.98
Highest Valid: 79.58
Highest Test: 81.67
Chosen epoch: 992
Final Train: 83.80
Final Test: 81.66
All runs:
Highest Train: 84.96 ± 0.58
Highest Test: 80.97 ± 0.75
Highest Valid: 80.35 ± 0.81
  Final Train: 84.80 ± 0.68
   Final Test: 80.91 ± 0.73
Saving results to results_tuned/minesweeper/sgformer.csv
Confirmed: sgformer / minesweeper
