Sat Jul 25 21:09:13 2026       
+-----------------------------------------------------------------------------------------+
| NVIDIA-SMI 580.159.04             Driver Version: 580.159.04     CUDA Version: 13.0     |
+-----------------------------------------+------------------------+----------------------+
| GPU  Name                 Persistence-M | Bus-Id          Disp.A | Volatile Uncorr. ECC |
| Fan  Temp   Perf          Pwr:Usage/Cap |           Memory-Usage | GPU-Util  Compute M. |
|                                         |                        |               MIG M. |
|=========================================+========================+======================|
|   0  NVIDIA A100-SXM4-80GB          On  |   00000000:01:00.0 Off |                   On |
| N/A   48C    P0            231W /  500W |   11393MiB /  81920MiB |     N/A      Default |
|                                         |                        |              Enabled |
+-----------------------------------------+------------------------+----------------------+
|   1  NVIDIA A100-SXM4-80GB          On  |   00000000:41:00.0 Off |                   On |
| N/A   42C    P0            200W /  500W |   14271MiB /  81920MiB |     N/A      Default |
|                                         |                        |              Enabled |
+-----------------------------------------+------------------------+----------------------+
|   2  NVIDIA A100-SXM4-80GB          On  |   00000000:81:00.0 Off |                   On |
| N/A   49C    P0            200W /  500W |   16591MiB /  81920MiB |     N/A      Default |
|                                         |                        |              Enabled |
+-----------------------------------------+------------------------+----------------------+
|   3  NVIDIA A100-SXM4-80GB          On  |   00000000:C1:00.0 Off |                   On |
| N/A   32C    P0             99W /  500W |   16990MiB /  81920MiB |     N/A      Default |
|                                         |                        |              Enabled |
+-----------------------------------------+------------------------+----------------------+

+-----------------------------------------------------------------------------------------+
| MIG devices:                                                                            |
+------------------+----------------------------------+-----------+-----------------------+
| GPU  GI  CI  MIG |              Shared Memory-Usage |        Vol|        Shared         |
|      ID  ID  Dev |                Shared BAR1-Usage | SM     Unc| CE ENC  DEC  OFA  JPG |
|                  |                                  |        ECC|                       |
|==================+==================================+===========+=======================|
|  3    5   0   0  |              71MiB / 19968MiB    | 28      0 |  2   0    1    0    0 |
|                  |               0MiB / 12271MiB    |           |                       |
+------------------+----------------------------------+-----------+-----------------------+

+-----------------------------------------------------------------------------------------+
| Processes:                                                                              |
|  GPU   GI   CI              PID   Type   Process name                        GPU Memory |
|        ID   ID                                                               Usage      |
|=========================================================================================|
|    0    1    0           268164      C   python                                 9802MiB |
|    0    5    0           363442      C   ...a/envs/graph-mamba/bin/python        256MiB |
|    0   14    0          2570058      C   ...ware/symmetrix-env/bin/python        562MiB |
|    0   13    0          2570059      C   ...ware/symmetrix-env/bin/python        492MiB |
|    1    1    0           369855      C   python                                 1134MiB |
|    1    5    0           370349      C   python                                11654MiB |
|    1   14    0          2571763      C   ...ware/symmetrix-env/bin/python        640MiB |
|    1   13    0          2571766      C   ...ware/symmetrix-env/bin/python        562MiB |
|    2    2    0           345767      C   python                                 3704MiB |
|    2    3    0           362310      C   ...a/envs/graph-mamba/bin/python       4674MiB |
|    2    9    0          2571749      C   ...ware/symmetrix-env/bin/python        790MiB |
|    2   10    0          2571767      C   ...ware/symmetrix-env/bin/python       7142MiB |
+-----------------------------------------------------------------------------------------+
Confirming search winner: polynormer / cora
python main.py --model polynormer --dataset cora --lr 0.001 --hidden_channels 64 --dropout 0.5 --weight_decay 0.0005 --num_heads 8 --runs 10 --device 0 --result_dir results_tuned --model_dir models/gt_confirm_1108500_0 --paired_seeds --rand_split_class --valid_num 500 --test_num 1000 --seed 123 --local_layers 5 --global_layers 1 --local_epochs 100 --global_epochs 1000 --beta -1.0 --in_dropout 0.2 --save_model
Namespace(aggregate='add', alpha=0.5, attention='gcn', beta=-1.0, bn=False, cpu=False, data_dir='../data/', dataset='cora', device=0, dim_inner=64, display_step=100, dropout=0.5, epochs=500, global_dropout=None, global_epochs=1000, global_layers=1, gnn='gcn', graph_weight=0.8, hidden_channels=64, hops=10, in_dropout=0.2, jk=False, label_num_per_class=20, lambda_val=0.5, layers=1, ln=False, local_epochs=100, local_gnn_type='GCN', local_layers=5, lr=0.001, metric='acc', mlp_epochs=500, mlp_reg=False, model='polynormer', model_dir='models/gt_confirm_1108500_0', n_heads=8, num_centroids=4096, num_heads=8, oracle_reg=False, paired_seeds=True, pe_types='RWSE', penalty_transform='none', pre_linear=False, pre_ln=False, rand_split=False, rand_split_class=True, reg_start_epoch=10, reg_update_freq=5, res=False, result_dir='results_tuned', runs=10, save_model=True, save_result=False, seed=123, test_num=1000, tr_dropout=None, tr_layers=1, tr_weight_decay=None, train_prop=0.5, use_act=False, use_bn=False, use_graph=False, use_reg=False, use_residual=False, use_weight=False, valid_num=500, valid_prop=0.25, weight_decay=0.0005)
cora
Num nodes: 2708
train:torch.Size([140]), valid:torch.Size([500]), test:torch.Size([1000])
dataset cora | num nodes 2708 | num edge 10556 | num node feats 1433 | num classes 7
MODEL: Polynormer(
  (h_lins): ModuleList(
    (0): Linear(in_features=512, out_features=512, bias=True)
    (1): Linear(in_features=512, out_features=512, bias=True)
    (2): Linear(in_features=512, out_features=512, bias=True)
    (3): Linear(in_features=512, out_features=512, bias=True)
    (4): Linear(in_features=512, out_features=512, bias=True)
  )
  (local_convs): ModuleList(
    (0): GATConv(512, 64, heads=8)
    (1): GATConv(512, 64, heads=8)
    (2): GATConv(512, 64, heads=8)
    (3): GATConv(512, 64, heads=8)
    (4): GATConv(512, 64, heads=8)
  )
  (lins): ModuleList(
    (0): Linear(in_features=512, out_features=512, bias=True)
    (1): Linear(in_features=512, out_features=512, bias=True)
    (2): Linear(in_features=512, out_features=512, bias=True)
    (3): Linear(in_features=512, out_features=512, bias=True)
    (4): Linear(in_features=512, out_features=512, bias=True)
  )
  (lns): ModuleList(
    (0): LayerNorm((512,), eps=1e-05, elementwise_affine=True)
    (1): LayerNorm((512,), eps=1e-05, elementwise_affine=True)
    (2): LayerNorm((512,), eps=1e-05, elementwise_affine=True)
    (3): LayerNorm((512,), eps=1e-05, elementwise_affine=True)
    (4): LayerNorm((512,), eps=1e-05, elementwise_affine=True)
  )
  (lin_in): Linear(in_features=1433, out_features=512, bias=True)
  (ln): LayerNorm((512,), eps=1e-05, elementwise_affine=True)
  (global_attn): GlobalAttn(
    (h_lins): ModuleList(
      (0): Linear(in_features=512, out_features=512, bias=True)
    )
    (k_lins): ModuleList(
      (0): Linear(in_features=512, out_features=512, bias=True)
    )
    (v_lins): ModuleList(
      (0): Linear(in_features=512, out_features=512, bias=True)
    )
    (lns): ModuleList(
      (0): LayerNorm((512,), eps=1e-05, elementwise_affine=True)
    )
    (lin_out): Linear(in_features=512, out_features=512, bias=True)
  )
  (pred_local): Linear(in_features=512, out_features=7, bias=True)
  (pred_global): Linear(in_features=512, out_features=7, bias=True)
)
Epoch: 00, Loss: 2.2873, Train: 24.29%, Valid: 23.40%, Test: 23.60%, Best Valid: 23.40%, Best Test: 23.60%
Switching Polynormer to global attention phase.
Epoch: 100, Loss: 1.9708, Train: 95.71%, Valid: 74.00%, Test: 76.00%, Best Valid: 81.00%, Best Test: 81.90%
Epoch: 200, Loss: 0.0004, Train: 100.00%, Valid: 77.80%, Test: 79.80%, Best Valid: 82.40%, Best Test: 83.30%
Epoch: 300, Loss: 0.0002, Train: 100.00%, Valid: 76.60%, Test: 81.30%, Best Valid: 82.40%, Best Test: 83.30%
Epoch: 400, Loss: 0.0003, Train: 100.00%, Valid: 76.20%, Test: 79.70%, Best Valid: 82.40%, Best Test: 83.30%
Epoch: 500, Loss: 0.0005, Train: 100.00%, Valid: 77.20%, Test: 79.50%, Best Valid: 82.40%, Best Test: 83.30%
Epoch: 600, Loss: 0.0022, Train: 100.00%, Valid: 71.00%, Test: 74.50%, Best Valid: 82.40%, Best Test: 83.30%
Epoch: 700, Loss: 0.0009, Train: 100.00%, Valid: 76.40%, Test: 78.20%, Best Valid: 82.40%, Best Test: 83.30%
Epoch: 800, Loss: 0.0013, Train: 100.00%, Valid: 73.60%, Test: 77.40%, Best Valid: 82.40%, Best Test: 83.30%
Epoch: 900, Loss: 0.0006, Train: 100.00%, Valid: 73.60%, Test: 77.30%, Best Valid: 82.40%, Best Test: 83.30%
Epoch: 1000, Loss: 0.0002, Train: 100.00%, Valid: 72.80%, Test: 77.00%, Best Valid: 82.40%, Best Test: 83.30%
Run 01:
Highest Train: 100.00
Highest Valid: 82.40
Highest Test: 83.50
Chosen epoch: 118
Final Train: 100.00
Final Test: 83.30
Epoch: 00, Loss: 2.2969, Train: 22.86%, Valid: 21.60%, Test: 19.30%, Best Valid: 21.60%, Best Test: 19.30%
Switching Polynormer to global attention phase.
Epoch: 100, Loss: 1.9458, Train: 15.00%, Valid: 7.40%, Test: 6.30%, Best Valid: 81.80%, Best Test: 82.70%
Epoch: 200, Loss: 0.0477, Train: 100.00%, Valid: 71.40%, Test: 75.30%, Best Valid: 81.80%, Best Test: 82.70%
Epoch: 300, Loss: 0.0002, Train: 100.00%, Valid: 75.40%, Test: 78.10%, Best Valid: 81.80%, Best Test: 82.70%
Epoch: 400, Loss: 0.0005, Train: 100.00%, Valid: 75.60%, Test: 78.40%, Best Valid: 81.80%, Best Test: 82.70%
Epoch: 500, Loss: 0.0003, Train: 100.00%, Valid: 75.00%, Test: 77.30%, Best Valid: 81.80%, Best Test: 82.70%
Epoch: 600, Loss: 0.0003, Train: 100.00%, Valid: 73.80%, Test: 78.50%, Best Valid: 81.80%, Best Test: 82.70%
Epoch: 700, Loss: 0.0004, Train: 100.00%, Valid: 69.60%, Test: 76.10%, Best Valid: 81.80%, Best Test: 82.70%
Epoch: 800, Loss: 0.0005, Train: 100.00%, Valid: 69.60%, Test: 75.40%, Best Valid: 81.80%, Best Test: 82.70%
Epoch: 900, Loss: 0.0062, Train: 100.00%, Valid: 70.20%, Test: 76.40%, Best Valid: 81.80%, Best Test: 82.70%
Epoch: 1000, Loss: 0.0005, Train: 100.00%, Valid: 74.20%, Test: 78.30%, Best Valid: 81.80%, Best Test: 82.70%
Run 02:
Highest Train: 100.00
Highest Valid: 81.80
Highest Test: 84.10
Chosen epoch: 41
Final Train: 100.00
Final Test: 82.70
Epoch: 00, Loss: 2.2133, Train: 19.29%, Valid: 16.00%, Test: 13.40%, Best Valid: 16.00%, Best Test: 13.40%
Switching Polynormer to global attention phase.
Epoch: 100, Loss: 1.9461, Train: 24.29%, Valid: 23.60%, Test: 23.60%, Best Valid: 82.80%, Best Test: 83.80%
Epoch: 200, Loss: 0.0139, Train: 100.00%, Valid: 77.00%, Test: 80.70%, Best Valid: 82.80%, Best Test: 83.80%
Epoch: 300, Loss: 0.0004, Train: 100.00%, Valid: 77.00%, Test: 78.90%, Best Valid: 82.80%, Best Test: 83.80%
Epoch: 400, Loss: 0.0005, Train: 100.00%, Valid: 77.00%, Test: 80.80%, Best Valid: 82.80%, Best Test: 83.80%
Epoch: 500, Loss: 0.0003, Train: 100.00%, Valid: 77.40%, Test: 81.70%, Best Valid: 82.80%, Best Test: 83.80%
Epoch: 600, Loss: 0.0003, Train: 100.00%, Valid: 77.00%, Test: 80.30%, Best Valid: 82.80%, Best Test: 83.80%
Epoch: 700, Loss: 0.0007, Train: 100.00%, Valid: 70.60%, Test: 72.40%, Best Valid: 82.80%, Best Test: 83.80%
Epoch: 800, Loss: 0.0008, Train: 100.00%, Valid: 72.80%, Test: 76.80%, Best Valid: 82.80%, Best Test: 83.80%
Epoch: 900, Loss: 0.0686, Train: 100.00%, Valid: 74.20%, Test: 77.00%, Best Valid: 82.80%, Best Test: 83.80%
Epoch: 1000, Loss: 0.0006, Train: 100.00%, Valid: 75.00%, Test: 77.50%, Best Valid: 82.80%, Best Test: 83.80%
Run 03:
Highest Train: 100.00
Highest Valid: 82.80
Highest Test: 84.00
Chosen epoch: 29
Final Train: 100.00
Final Test: 83.80
Epoch: 00, Loss: 2.2345, Train: 24.29%, Valid: 17.20%, Test: 18.60%, Best Valid: 17.20%, Best Test: 18.60%
Switching Polynormer to global attention phase.
Epoch: 100, Loss: 1.9457, Train: 14.29%, Valid: 15.80%, Test: 15.70%, Best Valid: 80.20%, Best Test: 82.50%
Epoch: 200, Loss: 0.0345, Train: 100.00%, Valid: 75.60%, Test: 78.00%, Best Valid: 80.80%, Best Test: 82.70%
Epoch: 300, Loss: 0.0002, Train: 100.00%, Valid: 75.60%, Test: 78.70%, Best Valid: 80.80%, Best Test: 82.70%
Epoch: 400, Loss: 0.0019, Train: 100.00%, Valid: 79.20%, Test: 80.30%, Best Valid: 80.80%, Best Test: 82.70%
Epoch: 500, Loss: 0.0022, Train: 100.00%, Valid: 78.80%, Test: 79.90%, Best Valid: 80.80%, Best Test: 82.70%
Epoch: 600, Loss: 0.0003, Train: 100.00%, Valid: 76.60%, Test: 79.80%, Best Valid: 80.80%, Best Test: 82.70%
Epoch: 700, Loss: 0.0004, Train: 100.00%, Valid: 77.40%, Test: 79.50%, Best Valid: 80.80%, Best Test: 82.70%
Epoch: 800, Loss: 0.0005, Train: 100.00%, Valid: 77.00%, Test: 79.60%, Best Valid: 80.80%, Best Test: 82.70%
Epoch: 900, Loss: 0.0199, Train: 100.00%, Valid: 75.20%, Test: 79.90%, Best Valid: 80.80%, Best Test: 82.70%
Epoch: 1000, Loss: 0.0011, Train: 100.00%, Valid: 77.40%, Test: 77.70%, Best Valid: 80.80%, Best Test: 82.70%
Run 04:
Highest Train: 100.00
Highest Valid: 80.80
Highest Test: 83.10
Chosen epoch: 163
Final Train: 100.00
Final Test: 82.70
Epoch: 00, Loss: 2.2720, Train: 20.00%, Valid: 18.20%, Test: 17.30%, Best Valid: 18.20%, Best Test: 17.30%
Switching Polynormer to global attention phase.
Epoch: 100, Loss: 1.9459, Train: 14.29%, Valid: 15.80%, Test: 15.70%, Best Valid: 80.60%, Best Test: 83.00%
Epoch: 200, Loss: 0.0607, Train: 100.00%, Valid: 74.80%, Test: 80.10%, Best Valid: 80.60%, Best Test: 83.00%
Epoch: 300, Loss: 0.0001, Train: 100.00%, Valid: 74.40%, Test: 79.20%, Best Valid: 80.60%, Best Test: 83.00%
Epoch: 400, Loss: 0.0007, Train: 100.00%, Valid: 73.60%, Test: 79.30%, Best Valid: 80.60%, Best Test: 83.00%
Epoch: 500, Loss: 0.0005, Train: 100.00%, Valid: 74.60%, Test: 79.50%, Best Valid: 80.60%, Best Test: 83.00%
Epoch: 600, Loss: 0.0004, Train: 100.00%, Valid: 74.40%, Test: 77.90%, Best Valid: 80.60%, Best Test: 83.00%
Epoch: 700, Loss: 0.0005, Train: 100.00%, Valid: 74.60%, Test: 79.60%, Best Valid: 80.60%, Best Test: 83.00%
Epoch: 800, Loss: 0.0005, Train: 100.00%, Valid: 72.00%, Test: 76.50%, Best Valid: 80.60%, Best Test: 83.00%
Epoch: 900, Loss: 0.0011, Train: 100.00%, Valid: 71.80%, Test: 73.60%, Best Valid: 80.60%, Best Test: 83.00%
Epoch: 1000, Loss: 0.0006, Train: 100.00%, Valid: 78.60%, Test: 80.80%, Best Valid: 80.60%, Best Test: 83.00%
Run 05:
Highest Train: 100.00
Highest Valid: 80.60
Highest Test: 84.00
Chosen epoch: 58
Final Train: 100.00
Final Test: 83.00
Epoch: 00, Loss: 2.2355, Train: 18.57%, Valid: 16.00%, Test: 13.60%, Best Valid: 16.00%, Best Test: 13.60%
Switching Polynormer to global attention phase.
Epoch: 100, Loss: 1.9459, Train: 14.29%, Valid: 7.40%, Test: 6.20%, Best Valid: 81.60%, Best Test: 83.10%
Epoch: 200, Loss: 0.0002, Train: 100.00%, Valid: 78.20%, Test: 79.90%, Best Valid: 81.60%, Best Test: 83.10%
Epoch: 300, Loss: 0.0001, Train: 100.00%, Valid: 77.80%, Test: 80.80%, Best Valid: 81.60%, Best Test: 83.10%
Epoch: 400, Loss: 0.0006, Train: 100.00%, Valid: 76.20%, Test: 79.50%, Best Valid: 81.60%, Best Test: 83.10%
Epoch: 500, Loss: 0.0010, Train: 100.00%, Valid: 78.80%, Test: 81.30%, Best Valid: 81.60%, Best Test: 83.10%
Epoch: 600, Loss: 0.0006, Train: 100.00%, Valid: 76.00%, Test: 79.10%, Best Valid: 81.60%, Best Test: 83.10%
Epoch: 700, Loss: 0.0004, Train: 100.00%, Valid: 77.40%, Test: 81.70%, Best Valid: 81.60%, Best Test: 83.10%
Epoch: 800, Loss: 0.0003, Train: 100.00%, Valid: 76.80%, Test: 81.20%, Best Valid: 81.60%, Best Test: 83.10%
Epoch: 900, Loss: 0.0001, Train: 100.00%, Valid: 71.60%, Test: 77.60%, Best Valid: 81.60%, Best Test: 83.10%
Epoch: 1000, Loss: 0.0006, Train: 100.00%, Valid: 72.80%, Test: 78.30%, Best Valid: 81.60%, Best Test: 83.10%
Run 06:
Highest Train: 100.00
Highest Valid: 81.60
Highest Test: 83.70
Chosen epoch: 52
Final Train: 100.00
Final Test: 83.10
Epoch: 00, Loss: 2.1695, Train: 17.86%, Valid: 20.00%, Test: 19.70%, Best Valid: 20.00%, Best Test: 19.70%
Switching Polynormer to global attention phase.
Epoch: 100, Loss: 1.9456, Train: 28.57%, Valid: 12.60%, Test: 12.10%, Best Valid: 80.00%, Best Test: 82.90%
Epoch: 200, Loss: 0.0026, Train: 100.00%, Valid: 77.00%, Test: 79.30%, Best Valid: 81.20%, Best Test: 82.90%
Epoch: 300, Loss: 0.0001, Train: 100.00%, Valid: 70.20%, Test: 73.60%, Best Valid: 81.20%, Best Test: 82.90%
Epoch: 400, Loss: 0.0002, Train: 100.00%, Valid: 76.40%, Test: 79.60%, Best Valid: 81.20%, Best Test: 82.90%
Epoch: 500, Loss: 0.0068, Train: 100.00%, Valid: 76.20%, Test: 79.70%, Best Valid: 81.20%, Best Test: 82.90%
Epoch: 600, Loss: 0.0004, Train: 100.00%, Valid: 77.20%, Test: 81.00%, Best Valid: 81.20%, Best Test: 82.90%
Epoch: 700, Loss: 0.0035, Train: 100.00%, Valid: 74.20%, Test: 77.40%, Best Valid: 81.20%, Best Test: 82.90%
Epoch: 800, Loss: 0.0004, Train: 100.00%, Valid: 74.40%, Test: 77.80%, Best Valid: 81.20%, Best Test: 82.90%
Epoch: 900, Loss: 0.0035, Train: 100.00%, Valid: 70.60%, Test: 72.00%, Best Valid: 81.20%, Best Test: 82.90%
Epoch: 1000, Loss: 0.0152, Train: 100.00%, Valid: 76.20%, Test: 76.00%, Best Valid: 81.20%, Best Test: 82.90%
Run 07:
Highest Train: 100.00
Highest Valid: 81.20
Highest Test: 83.60
Chosen epoch: 121
Final Train: 100.00
Final Test: 82.90
Epoch: 00, Loss: 2.3330, Train: 16.43%, Valid: 12.60%, Test: 15.80%, Best Valid: 12.60%, Best Test: 15.80%
Switching Polynormer to global attention phase.
Epoch: 100, Loss: 1.9459, Train: 14.29%, Valid: 12.00%, Test: 11.40%, Best Valid: 81.40%, Best Test: 83.00%
Epoch: 200, Loss: 0.0090, Train: 100.00%, Valid: 78.00%, Test: 80.30%, Best Valid: 81.40%, Best Test: 83.00%
Epoch: 300, Loss: 0.0005, Train: 100.00%, Valid: 76.40%, Test: 78.40%, Best Valid: 81.40%, Best Test: 83.00%
Epoch: 400, Loss: 0.0012, Train: 100.00%, Valid: 73.60%, Test: 75.70%, Best Valid: 81.40%, Best Test: 83.00%
Epoch: 500, Loss: 0.0024, Train: 100.00%, Valid: 74.40%, Test: 76.10%, Best Valid: 81.40%, Best Test: 83.00%
Epoch: 600, Loss: 0.0006, Train: 100.00%, Valid: 74.00%, Test: 74.40%, Best Valid: 81.40%, Best Test: 83.00%
Epoch: 700, Loss: 0.0008, Train: 100.00%, Valid: 76.40%, Test: 77.90%, Best Valid: 81.40%, Best Test: 83.00%
Epoch: 800, Loss: 0.0002, Train: 100.00%, Valid: 77.60%, Test: 79.00%, Best Valid: 81.40%, Best Test: 83.00%
Epoch: 900, Loss: 0.0007, Train: 100.00%, Valid: 77.40%, Test: 78.20%, Best Valid: 81.40%, Best Test: 83.00%
Epoch: 1000, Loss: 0.0003, Train: 100.00%, Valid: 72.40%, Test: 75.10%, Best Valid: 81.40%, Best Test: 83.00%
Run 08:
Highest Train: 100.00
Highest Valid: 81.40
Highest Test: 84.50
Chosen epoch: 54
Final Train: 100.00
Final Test: 83.00
Epoch: 00, Loss: 2.2954, Train: 16.43%, Valid: 15.60%, Test: 19.00%, Best Valid: 15.60%, Best Test: 19.00%
Switching Polynormer to global attention phase.
Epoch: 100, Loss: 1.9460, Train: 55.71%, Valid: 42.40%, Test: 43.80%, Best Valid: 82.20%, Best Test: 82.70%
Epoch: 200, Loss: 0.0033, Train: 100.00%, Valid: 73.80%, Test: 76.60%, Best Valid: 82.20%, Best Test: 82.70%
Epoch: 300, Loss: 0.0001, Train: 100.00%, Valid: 76.40%, Test: 78.40%, Best Valid: 82.20%, Best Test: 82.70%
Epoch: 400, Loss: 0.0015, Train: 100.00%, Valid: 74.60%, Test: 76.90%, Best Valid: 82.20%, Best Test: 82.70%
Epoch: 500, Loss: 0.0004, Train: 100.00%, Valid: 76.20%, Test: 78.60%, Best Valid: 82.20%, Best Test: 82.70%
Epoch: 600, Loss: 0.0011, Train: 100.00%, Valid: 78.20%, Test: 80.30%, Best Valid: 82.20%, Best Test: 82.70%
Epoch: 700, Loss: 0.0008, Train: 100.00%, Valid: 75.20%, Test: 79.40%, Best Valid: 82.20%, Best Test: 82.70%
Epoch: 800, Loss: 0.0007, Train: 100.00%, Valid: 76.00%, Test: 79.60%, Best Valid: 82.20%, Best Test: 82.70%
Epoch: 900, Loss: 0.0005, Train: 100.00%, Valid: 74.80%, Test: 76.80%, Best Valid: 82.20%, Best Test: 82.70%
Epoch: 1000, Loss: 0.0002, Train: 100.00%, Valid: 72.80%, Test: 76.10%, Best Valid: 82.20%, Best Test: 82.70%
Run 09:
Highest Train: 100.00
Highest Valid: 82.20
Highest Test: 82.90
Chosen epoch: 32
Final Train: 100.00
Final Test: 82.70
Epoch: 00, Loss: 2.2975, Train: 26.43%, Valid: 16.40%, Test: 19.30%, Best Valid: 16.40%, Best Test: 19.30%
Switching Polynormer to global attention phase.
Epoch: 100, Loss: 1.9461, Train: 14.29%, Valid: 14.80%, Test: 11.40%, Best Valid: 82.80%, Best Test: 83.60%
Epoch: 200, Loss: 0.0048, Train: 100.00%, Valid: 76.20%, Test: 78.80%, Best Valid: 82.80%, Best Test: 83.60%
Epoch: 300, Loss: 0.0034, Train: 100.00%, Valid: 77.00%, Test: 79.70%, Best Valid: 82.80%, Best Test: 83.60%
Epoch: 400, Loss: 0.0024, Train: 100.00%, Valid: 76.60%, Test: 79.90%, Best Valid: 82.80%, Best Test: 83.60%
Epoch: 500, Loss: 0.0004, Train: 100.00%, Valid: 76.60%, Test: 80.40%, Best Valid: 82.80%, Best Test: 83.60%
Epoch: 600, Loss: 0.0005, Train: 100.00%, Valid: 76.60%, Test: 81.60%, Best Valid: 82.80%, Best Test: 83.60%
Epoch: 700, Loss: 0.0017, Train: 100.00%, Valid: 72.80%, Test: 74.50%, Best Valid: 82.80%, Best Test: 83.60%
Epoch: 800, Loss: 0.0003, Train: 100.00%, Valid: 73.60%, Test: 78.90%, Best Valid: 82.80%, Best Test: 83.60%
Epoch: 900, Loss: 0.0003, Train: 100.00%, Valid: 75.20%, Test: 78.80%, Best Valid: 82.80%, Best Test: 83.60%
Epoch: 1000, Loss: 0.0034, Train: 100.00%, Valid: 71.80%, Test: 76.90%, Best Valid: 82.80%, Best Test: 83.60%
Run 10:
Highest Train: 100.00
Highest Valid: 82.80
Highest Test: 83.90
Chosen epoch: 40
Final Train: 100.00
Final Test: 83.60
All runs:
Highest Train: 100.00 ± 0.00
Highest Test: 83.73 ± 0.48
Highest Valid: 81.76 ± 0.78
  Final Train: 100.00 ± 0.00
   Final Test: 83.08 ± 0.38
Saving results to results_tuned/cora/polynormer.csv
Confirmed: polynormer / cora
