Sun Jul 26 00:56:51 2026       
+-----------------------------------------------------------------------------------------+
| NVIDIA-SMI 580.159.04             Driver Version: 580.159.04     CUDA Version: 13.0     |
+-----------------------------------------+------------------------+----------------------+
| GPU  Name                 Persistence-M | Bus-Id          Disp.A | Volatile Uncorr. ECC |
| Fan  Temp   Perf          Pwr:Usage/Cap |           Memory-Usage | GPU-Util  Compute M. |
|                                         |                        |               MIG M. |
|=========================================+========================+======================|
|   0  NVIDIA A100-SXM4-80GB          On  |   00000000:01:00.0 Off |                   On |
| N/A   51C    P0            284W /  500W |   54395MiB /  81920MiB |     N/A      Default |
|                                         |                        |              Enabled |
+-----------------------------------------+------------------------+----------------------+
|   1  NVIDIA A100-SXM4-80GB          On  |   00000000:41:00.0 Off |                   On |
| N/A   40C    P0            189W /  500W |   22655MiB /  81920MiB |     N/A      Default |
|                                         |                        |              Enabled |
+-----------------------------------------+------------------------+----------------------+
|   2  NVIDIA A100-SXM4-80GB          On  |   00000000:81:00.0 Off |                   On |
| N/A   40C    P0            123W /  500W |    3422MiB /  81920MiB |     N/A      Default |
|                                         |                        |              Enabled |
+-----------------------------------------+------------------------+----------------------+
|   3  NVIDIA A100-SXM4-80GB          On  |   00000000:C1:00.0 Off |                   On |
| N/A   31C    P0            111W /  500W |    3422MiB /  81920MiB |     N/A      Default |
|                                         |                        |              Enabled |
+-----------------------------------------+------------------------+----------------------+

+-----------------------------------------------------------------------------------------+
| MIG devices:                                                                            |
+------------------+----------------------------------+-----------+-----------------------+
| GPU  GI  CI  MIG |              Shared Memory-Usage |        Vol|        Shared         |
|      ID  ID  Dev |                Shared BAR1-Usage | SM     Unc| CE ENC  DEC  OFA  JPG |
|                  |                                  |        ECC|                       |
|==================+==================================+===========+=======================|
|  2    3   0   0  |              71MiB / 19968MiB    | 28      0 |  2   0    1    0    0 |
|                  |               0MiB / 12271MiB    |           |                       |
+------------------+----------------------------------+-----------+-----------------------+

+-----------------------------------------------------------------------------------------+
| Processes:                                                                              |
|  GPU   GI   CI              PID   Type   Process name                        GPU Memory |
|        ID   ID                                                               Usage      |
|=========================================================================================|
|    0   10    0          2166476      C   ...ware/symmetrix-env/bin/python       8240MiB |
|    0    9    0          2166477      C   ...ware/symmetrix-env/bin/python       8430MiB |
|    0    2    0          2902273      C   python                                25430MiB |
|    0    3    0          2983651      C   python                                12014MiB |
|    1    9    0          2166478      C   ...ware/symmetrix-env/bin/python       8522MiB |
|    1    3    0          2860967      C   python                                10696MiB |
|    1    2    0          2977627      C   python                                 3164MiB |
|    3    1    0          2977626      C   python                                 3164MiB |
+-----------------------------------------------------------------------------------------+
Confirming search winner: polynormer / squirrel
python main.py --model polynormer --dataset squirrel --lr 0.001 --hidden_channels 64 --dropout 0.7 --weight_decay 0.0005 --num_heads 8 --runs 10 --device 0 --result_dir results_tuned --model_dir models/gt_confirm_1108500_4 --paired_seeds  --local_layers 3 --global_layers 1 --local_epochs 100 --global_epochs 500 --beta -1.0 --in_dropout 0.2 --save_model
Namespace(aggregate='add', alpha=0.5, attention='gcn', beta=-1.0, bn=False, cpu=False, data_dir='../data/', dataset='squirrel', device=0, dim_inner=64, display_step=100, dropout=0.7, epochs=500, global_dropout=None, global_epochs=500, global_layers=1, gnn='gcn', graph_weight=0.8, hidden_channels=64, hops=10, in_dropout=0.2, jk=False, label_num_per_class=20, lambda_val=0.5, layers=1, ln=False, local_epochs=100, local_gnn_type='GCN', local_layers=3, lr=0.001, metric='acc', mlp_epochs=500, mlp_reg=False, model='polynormer', model_dir='models/gt_confirm_1108500_4', n_heads=8, num_centroids=4096, num_heads=8, oracle_reg=False, paired_seeds=True, pe_types='RWSE', penalty_transform='none', pre_linear=False, pre_ln=False, rand_split=False, rand_split_class=False, reg_start_epoch=10, reg_update_freq=5, res=False, result_dir='results_tuned', runs=10, save_model=True, save_result=False, seed=42, test_num=1000, tr_dropout=None, tr_layers=1, tr_weight_decay=None, train_prop=0.5, use_act=False, use_bn=False, use_graph=False, use_reg=False, use_residual=False, use_weight=False, valid_num=500, valid_prop=0.25, weight_decay=0.0005)
squirrel
dataset squirrel | num nodes 2223 | num edge 46998 | num node feats 2089 | num classes 5
MODEL: Polynormer(
  (h_lins): ModuleList(
    (0): Linear(in_features=512, out_features=512, bias=True)
    (1): Linear(in_features=512, out_features=512, bias=True)
    (2): Linear(in_features=512, out_features=512, bias=True)
  )
  (local_convs): ModuleList(
    (0): GATConv(512, 64, heads=8)
    (1): GATConv(512, 64, heads=8)
    (2): GATConv(512, 64, heads=8)
  )
  (lins): ModuleList(
    (0): Linear(in_features=512, out_features=512, bias=True)
    (1): Linear(in_features=512, out_features=512, bias=True)
    (2): Linear(in_features=512, out_features=512, bias=True)
  )
  (lns): ModuleList(
    (0): LayerNorm((512,), eps=1e-05, elementwise_affine=True)
    (1): LayerNorm((512,), eps=1e-05, elementwise_affine=True)
    (2): LayerNorm((512,), eps=1e-05, elementwise_affine=True)
  )
  (lin_in): Linear(in_features=2089, out_features=512, bias=True)
  (ln): LayerNorm((512,), eps=1e-05, elementwise_affine=True)
  (global_attn): GlobalAttn(
    (h_lins): ModuleList(
      (0): Linear(in_features=512, out_features=512, bias=True)
    )
    (k_lins): ModuleList(
      (0): Linear(in_features=512, out_features=512, bias=True)
    )
    (v_lins): ModuleList(
      (0): Linear(in_features=512, out_features=512, bias=True)
    )
    (lns): ModuleList(
      (0): LayerNorm((512,), eps=1e-05, elementwise_affine=True)
    )
    (lin_out): Linear(in_features=512, out_features=512, bias=True)
  )
  (pred_local): Linear(in_features=512, out_features=5, bias=True)
  (pred_global): Linear(in_features=512, out_features=5, bias=True)
)
Epoch: 00, Loss: 1.7420, Train: 33.24%, Valid: 34.40%, Test: 33.41%, Best Valid: 34.40%, Best Test: 33.41%
Switching Polynormer to global attention phase.
Epoch: 100, Loss: 1.6322, Train: 32.95%, Valid: 35.10%, Test: 34.73%, Best Valid: 37.33%, Best Test: 41.81%
Epoch: 200, Loss: 0.2302, Train: 99.53%, Valid: 31.62%, Test: 34.73%, Best Valid: 37.33%, Best Test: 41.81%
Epoch: 300, Loss: 0.1195, Train: 99.53%, Valid: 31.06%, Test: 33.41%, Best Valid: 37.33%, Best Test: 41.81%
Epoch: 400, Loss: 0.0820, Train: 99.53%, Valid: 29.53%, Test: 33.19%, Best Valid: 37.33%, Best Test: 41.81%
Epoch: 500, Loss: 0.0995, Train: 99.53%, Valid: 30.92%, Test: 32.08%, Best Valid: 37.33%, Best Test: 41.81%
Run 01:
Highest Train: 99.72
Highest Valid: 37.33
Highest Test: 42.04
Chosen epoch: 40
Final Train: 74.17
Final Test: 41.81
Epoch: 00, Loss: 1.7359, Train: 31.48%, Valid: 32.86%, Test: 34.09%, Best Valid: 32.86%, Best Test: 34.09%
Switching Polynormer to global attention phase.
Epoch: 100, Loss: 1.6073, Train: 32.22%, Valid: 35.57%, Test: 35.89%, Best Valid: 40.43%, Best Test: 41.53%
Epoch: 200, Loss: 0.3142, Train: 98.24%, Valid: 28.71%, Test: 35.44%, Best Valid: 40.43%, Best Test: 41.53%
Epoch: 300, Loss: 0.1664, Train: 99.63%, Valid: 30.43%, Test: 35.67%, Best Valid: 40.43%, Best Test: 41.53%
Epoch: 400, Loss: 0.0876, Train: 99.63%, Valid: 31.71%, Test: 34.31%, Best Valid: 40.43%, Best Test: 41.53%
Epoch: 500, Loss: 0.1141, Train: 99.54%, Valid: 32.86%, Test: 34.54%, Best Valid: 40.43%, Best Test: 41.53%
Run 02:
Highest Train: 99.72
Highest Valid: 40.43
Highest Test: 41.53
Chosen epoch: 29
Final Train: 62.50
Final Test: 41.53
Epoch: 00, Loss: 1.6865, Train: 29.89%, Valid: 30.03%, Test: 29.11%, Best Valid: 30.03%, Best Test: 29.11%
Switching Polynormer to global attention phase.
Epoch: 100, Loss: 1.6088, Train: 33.14%, Valid: 33.20%, Test: 37.33%, Best Valid: 42.29%, Best Test: 40.44%
Epoch: 200, Loss: 0.2873, Train: 96.75%, Valid: 33.47%, Test: 30.00%, Best Valid: 42.29%, Best Test: 40.44%
Epoch: 300, Loss: 0.1234, Train: 99.33%, Valid: 34.44%, Test: 30.67%, Best Valid: 42.29%, Best Test: 40.44%
Epoch: 400, Loss: 0.0924, Train: 99.52%, Valid: 34.30%, Test: 28.22%, Best Valid: 42.29%, Best Test: 40.44%
Epoch: 500, Loss: 0.0609, Train: 99.62%, Valid: 33.88%, Test: 28.44%, Best Valid: 42.29%, Best Test: 40.44%
Run 03:
Highest Train: 99.81
Highest Valid: 42.29
Highest Test: 41.11
Chosen epoch: 35
Final Train: 68.77
Final Test: 40.44
Epoch: 00, Loss: 1.7886, Train: 32.45%, Valid: 31.84%, Test: 35.11%, Best Valid: 31.84%, Best Test: 35.11%
Switching Polynormer to global attention phase.
Epoch: 100, Loss: 1.6083, Train: 33.30%, Valid: 34.08%, Test: 35.56%, Best Valid: 38.85%, Best Test: 41.33%
Epoch: 200, Loss: 0.3577, Train: 98.21%, Valid: 32.26%, Test: 31.33%, Best Valid: 38.85%, Best Test: 41.33%
Epoch: 300, Loss: 0.1093, Train: 99.62%, Valid: 31.00%, Test: 29.78%, Best Valid: 38.85%, Best Test: 41.33%
Epoch: 400, Loss: 0.1118, Train: 99.72%, Valid: 31.00%, Test: 30.44%, Best Valid: 38.85%, Best Test: 41.33%
Epoch: 500, Loss: 0.0675, Train: 99.72%, Valid: 31.42%, Test: 30.89%, Best Valid: 38.85%, Best Test: 41.33%
Run 04:
Highest Train: 99.72
Highest Valid: 38.85
Highest Test: 41.78
Chosen epoch: 30
Final Train: 62.45
Final Test: 41.33
Epoch: 00, Loss: 1.7034, Train: 34.22%, Valid: 32.82%, Test: 35.41%, Best Valid: 32.82%, Best Test: 35.41%
Switching Polynormer to global attention phase.
Epoch: 100, Loss: 1.6076, Train: 34.12%, Valid: 32.82%, Test: 35.63%, Best Valid: 38.66%, Best Test: 38.31%
Epoch: 200, Loss: 0.3821, Train: 96.78%, Valid: 31.15%, Test: 34.52%, Best Valid: 38.66%, Best Test: 38.31%
Epoch: 300, Loss: 0.1398, Train: 99.34%, Valid: 28.93%, Test: 30.96%, Best Valid: 38.66%, Best Test: 38.31%
Epoch: 400, Loss: 0.0892, Train: 99.43%, Valid: 30.46%, Test: 31.85%, Best Valid: 38.66%, Best Test: 38.31%
Epoch: 500, Loss: 0.1129, Train: 99.53%, Valid: 29.62%, Test: 31.85%, Best Valid: 38.66%, Best Test: 38.31%
Run 05:
Highest Train: 99.53
Highest Valid: 38.66
Highest Test: 40.76
Chosen epoch: 23
Final Train: 55.26
Final Test: 38.31
Epoch: 00, Loss: 1.7327, Train: 35.10%, Valid: 32.42%, Test: 33.85%, Best Valid: 32.42%, Best Test: 33.85%
Switching Polynormer to global attention phase.
Epoch: 100, Loss: 1.6082, Train: 35.10%, Valid: 32.42%, Test: 33.85%, Best Valid: 39.07%, Best Test: 40.66%
Epoch: 200, Loss: 0.2781, Train: 98.61%, Valid: 31.84%, Test: 31.43%, Best Valid: 39.07%, Best Test: 40.66%
Epoch: 300, Loss: 0.1255, Train: 99.54%, Valid: 30.10%, Test: 29.67%, Best Valid: 39.07%, Best Test: 40.66%
Epoch: 400, Loss: 0.1221, Train: 99.54%, Valid: 32.27%, Test: 33.63%, Best Valid: 39.07%, Best Test: 40.66%
Epoch: 500, Loss: 0.0932, Train: 99.63%, Valid: 34.73%, Test: 33.63%, Best Valid: 39.07%, Best Test: 40.66%
Run 06:
Highest Train: 99.63
Highest Valid: 39.07
Highest Test: 42.64
Chosen epoch: 43
Final Train: 78.74
Final Test: 40.66
Epoch: 00, Loss: 1.7360, Train: 33.18%, Valid: 35.69%, Test: 33.41%, Best Valid: 35.69%, Best Test: 33.41%
Switching Polynormer to global attention phase.
Epoch: 100, Loss: 1.6106, Train: 33.27%, Valid: 35.55%, Test: 33.41%, Best Valid: 40.46%, Best Test: 36.77%
Epoch: 200, Loss: 0.3855, Train: 97.70%, Valid: 34.54%, Test: 32.29%, Best Valid: 40.46%, Best Test: 36.77%
Epoch: 300, Loss: 0.1297, Train: 99.63%, Valid: 34.10%, Test: 33.18%, Best Valid: 40.46%, Best Test: 36.77%
Epoch: 400, Loss: 0.0981, Train: 99.82%, Valid: 33.53%, Test: 33.41%, Best Valid: 40.46%, Best Test: 36.77%
Epoch: 500, Loss: 0.0708, Train: 99.91%, Valid: 34.25%, Test: 31.84%, Best Valid: 40.46%, Best Test: 36.77%
Run 07:
Highest Train: 99.91
Highest Valid: 40.46
Highest Test: 39.69
Chosen epoch: 23
Final Train: 55.76
Final Test: 36.77
Epoch: 00, Loss: 1.7521, Train: 33.21%, Valid: 35.05%, Test: 35.10%, Best Valid: 35.05%, Best Test: 35.10%
Switching Polynormer to global attention phase.
Epoch: 100, Loss: 1.6090, Train: 32.83%, Valid: 35.05%, Test: 35.10%, Best Valid: 39.65%, Best Test: 34.87%
Epoch: 200, Loss: 0.2932, Train: 98.00%, Valid: 31.66%, Test: 33.03%, Best Valid: 39.65%, Best Test: 34.87%
Epoch: 300, Loss: 0.1213, Train: 99.43%, Valid: 30.04%, Test: 31.18%, Best Valid: 39.65%, Best Test: 34.87%
Epoch: 400, Loss: 0.1034, Train: 99.43%, Valid: 30.72%, Test: 32.79%, Best Valid: 39.65%, Best Test: 34.87%
Epoch: 500, Loss: 0.0668, Train: 99.52%, Valid: 31.94%, Test: 33.03%, Best Valid: 39.65%, Best Test: 34.87%
Run 08:
Highest Train: 99.71
Highest Valid: 39.65
Highest Test: 37.64
Chosen epoch: 35
Final Train: 72.31
Final Test: 34.87
Epoch: 00, Loss: 1.7214, Train: 33.84%, Valid: 34.88%, Test: 34.99%, Best Valid: 34.88%, Best Test: 34.99%
Switching Polynormer to global attention phase.
Epoch: 100, Loss: 1.6072, Train: 32.60%, Valid: 34.88%, Test: 35.82%, Best Valid: 38.78%, Best Test: 43.06%
Epoch: 200, Loss: 0.2879, Train: 98.28%, Valid: 30.39%, Test: 32.71%, Best Valid: 39.36%, Best Test: 40.37%
Epoch: 300, Loss: 0.1453, Train: 99.52%, Valid: 32.85%, Test: 36.23%, Best Valid: 39.36%, Best Test: 40.37%
Epoch: 400, Loss: 0.0856, Train: 99.90%, Valid: 32.27%, Test: 33.54%, Best Valid: 39.36%, Best Test: 40.37%
Epoch: 500, Loss: 0.0652, Train: 99.90%, Valid: 30.82%, Test: 33.54%, Best Valid: 39.36%, Best Test: 40.37%
Run 09:
Highest Train: 99.90
Highest Valid: 39.36
Highest Test: 43.06
Chosen epoch: 115
Final Train: 45.47
Final Test: 40.37
Epoch: 00, Loss: 1.7581, Train: 33.61%, Valid: 34.65%, Test: 33.41%, Best Valid: 34.65%, Best Test: 33.41%
Switching Polynormer to global attention phase.
Epoch: 100, Loss: 1.6095, Train: 33.89%, Valid: 34.65%, Test: 33.17%, Best Valid: 39.43%, Best Test: 36.78%
Epoch: 200, Loss: 0.2863, Train: 98.32%, Valid: 32.88%, Test: 29.09%, Best Valid: 39.43%, Best Test: 36.78%
Epoch: 300, Loss: 0.1305, Train: 99.44%, Valid: 31.79%, Test: 29.81%, Best Valid: 39.43%, Best Test: 36.78%
Epoch: 400, Loss: 0.1020, Train: 99.44%, Valid: 31.11%, Test: 29.09%, Best Valid: 39.43%, Best Test: 36.78%
Epoch: 500, Loss: 0.0837, Train: 99.53%, Valid: 33.15%, Test: 29.57%, Best Valid: 39.43%, Best Test: 36.78%
Run 10:
Highest Train: 99.63
Highest Valid: 39.43
Highest Test: 38.46
Chosen epoch: 39
Final Train: 74.21
Final Test: 36.78
All runs:
Highest Train: 99.73 ± 0.12
Highest Test: 40.87 ± 1.77
Highest Valid: 39.55 ± 1.32
  Final Train: 64.96 ± 10.54
   Final Test: 39.29 ± 2.43
Saving results to results_tuned/squirrel/polynormer.csv
Confirmed: polynormer / squirrel
