Sun Jul 26 15:55:53 2026       
+-----------------------------------------------------------------------------------------+
| NVIDIA-SMI 580.159.04             Driver Version: 580.159.04     CUDA Version: 13.0     |
+-----------------------------------------+------------------------+----------------------+
| GPU  Name                 Persistence-M | Bus-Id          Disp.A | Volatile Uncorr. ECC |
| Fan  Temp   Perf          Pwr:Usage/Cap |           Memory-Usage | GPU-Util  Compute M. |
|                                         |                        |               MIG M. |
|=========================================+========================+======================|
|   0  NVIDIA A100-SXM4-80GB          On  |   00000000:01:00.0 Off |                   On |
| N/A   29C    P0             52W /  500W |     249MiB /  81920MiB |     N/A      Default |
|                                         |                        |              Enabled |
+-----------------------------------------+------------------------+----------------------+
|   1  NVIDIA A100-SXM4-80GB          On  |   00000000:41:00.0 Off |                   On |
| N/A   44C    P0            202W /  500W |   16014MiB /  81920MiB |     N/A      Default |
|                                         |                        |              Enabled |
+-----------------------------------------+------------------------+----------------------+
|   2  NVIDIA A100-SXM4-80GB          On  |   00000000:81:00.0 Off |                   On |
| N/A   42C    P0            133W /  500W |    2273MiB /  81920MiB |     N/A      Default |
|                                         |                        |              Enabled |
+-----------------------------------------+------------------------+----------------------+
|   3  NVIDIA A100-SXM4-80GB          On  |   00000000:C1:00.0 Off |                   On |
| N/A   25C    P0             49W /  500W |     252MiB /  81920MiB |     N/A      Default |
|                                         |                        |              Enabled |
+-----------------------------------------+------------------------+----------------------+

+-----------------------------------------------------------------------------------------+
| MIG devices:                                                                            |
+------------------+----------------------------------+-----------+-----------------------+
| GPU  GI  CI  MIG |              Shared Memory-Usage |        Vol|        Shared         |
|      ID  ID  Dev |                Shared BAR1-Usage | SM     Unc| CE ENC  DEC  OFA  JPG |
|                  |                                  |        ECC|                       |
|==================+==================================+===========+=======================|
|  0    5   0   0  |              71MiB / 19968MiB    | 28      0 |  2   0    1    0    0 |
|                  |               0MiB / 12271MiB    |           |                       |
+------------------+----------------------------------+-----------+-----------------------+

+-----------------------------------------------------------------------------------------+
| Processes:                                                                              |
|  GPU   GI   CI              PID   Type   Process name                        GPU Memory |
|        ID   ID                                                               Usage      |
|=========================================================================================|
|    1    3    0          2389998      C   python                                12044MiB |
|    1    2    0          2429223      C   python                                 3704MiB |
|    2    3    0          2429353      C   python                                 2016MiB |
+-----------------------------------------------------------------------------------------+
Reg sweep (search winner): sgformer / coauthor-cs | group 2
python main.py --model sgformer --dataset coauthor-cs --lr 0.001 --hidden_channels 256 --dropout 0.7 --weight_decay 0.0005 --num_heads 1 --runs 10 --device 0 --result_dir results_tuned --model_dir models/gt_reg_s_1108501_30 --paired_seeds  --layers 2 --tr_layers 1 --graph_weight 0.8 --alpha 0.5 --use_graph --use_residual --epochs 1000
==========================================================
Condition sweep: python main.py --model sgformer --dataset coauthor-cs --lr 0.001 --hidden_channels 256 --dropout 0.7 --weight_decay 0.0005 --num_heads 1 --runs 10 --device 0 --result_dir results_tuned --model_dir models/gt_reg_s_1108501_30 --paired_seeds  --layers 2 --tr_layers 1 --graph_weight 0.8 --alpha 0.5 --use_graph --use_residual --epochs 1000
result_dir=results_tuned transforms=[homophily] oracle=0 baseline=0
==========================================================
--- mlp_reg | transform=homophily | lambda=0.01 | mlp_epochs=500 ---
    (already completed — requeue resume, skipping)
--- mlp_reg | transform=homophily | lambda=0.05 | mlp_epochs=500 ---
Namespace(aggregate='add', alpha=0.5, attention='gcn', beta=-1.0, bn=False, cpu=False, data_dir='../data/', dataset='coauthor-cs', device=0, dim_inner=256, display_step=100, dropout=0.7, epochs=1000, global_dropout=None, global_epochs=0, global_layers=2, gnn='gcn', graph_weight=0.8, hidden_channels=256, hops=10, in_dropout=0.0, jk=False, label_num_per_class=20, lambda_val=0.05, layers=2, ln=False, local_epochs=0, local_gnn_type='GCN', local_layers=7, lr=0.001, metric='acc', mlp_epochs=500, mlp_reg=True, model='sgformer', model_dir='models/gt_reg_s_1108501_30', n_heads=1, num_centroids=4096, num_heads=1, oracle_reg=False, paired_seeds=True, pe_types='RWSE', penalty_transform='homophily', pre_linear=False, pre_ln=False, rand_split=False, rand_split_class=False, reg_start_epoch=10, reg_update_freq=5, res=False, result_dir='results_tuned', runs=10, save_model=False, save_result=False, seed=42, test_num=1000, tr_dropout=None, tr_layers=1, tr_weight_decay=None, train_prop=0.5, use_act=False, use_bn=False, use_graph=True, use_reg=True, use_residual=True, use_weight=False, valid_num=500, valid_prop=0.25, weight_decay=0.0005)
coauthor-cs
dataset coauthor-cs | num nodes 18333 | num edge 163788 | num node feats 6805 | num classes 15
MODEL: SGFormer(
  (trans_conv): TransConv(
    (convs): ModuleList(
      (0): TransConvLayer(
        (Wk): Linear(in_features=256, out_features=256, bias=True)
        (Wq): Linear(in_features=256, out_features=256, bias=True)
      )
    )
    (fcs): ModuleList(
      (0): Linear(in_features=6805, out_features=256, bias=True)
    )
    (bns): ModuleList(
      (0): LayerNorm((256,), eps=1e-05, elementwise_affine=True)
      (1): LayerNorm((256,), eps=1e-05, elementwise_affine=True)
    )
  )
  (gnn): GCN(
    (convs): ModuleList(
      (0): GCNConv(6805, 256)
      (1): GCNConv(256, 256)
    )
    (bns): ModuleList(
      (0): BatchNorm1d(256, eps=1e-05, momentum=0.1, affine=True, track_running_stats=True)
    )
  )
  (fc): Linear(in_features=256, out_features=15, bias=True)
)
Pre-training MLP for 500 epochs to generate co-occurrence matrix...
Penalty transform 'homophily': rel Frobenius dist to original = 0.2737, off-diag CV of original penalty = 0.2709
MLP pre-training complete. Penalty matrix frozen.
Epoch: 00, Loss: 2.8515, Train: 12.29%, Valid: 11.97%, Test: 10.96%, Best Valid: 11.97%, Best Test: 10.96%
Epoch: 100, Loss: 1.2193, Train: 65.43%, Valid: 65.17%, Test: 64.42%, Best Valid: 65.17%, Best Test: 64.42%
Epoch: 200, Loss: 0.6094, Train: 86.25%, Valid: 86.31%, Test: 86.59%, Best Valid: 86.31%, Best Test: 86.59%
Epoch: 300, Loss: 0.4306, Train: 90.01%, Valid: 88.93%, Test: 89.67%, Best Valid: 89.14%, Best Test: 89.53%
Epoch: 400, Loss: 0.3889, Train: 91.21%, Valid: 89.83%, Test: 90.70%, Best Valid: 89.83%, Best Test: 90.70%
Epoch: 500, Loss: 0.3586, Train: 92.24%, Valid: 90.94%, Test: 91.77%, Best Valid: 91.08%, Best Test: 91.74%
Epoch: 600, Loss: 0.3313, Train: 92.76%, Valid: 91.52%, Test: 92.45%, Best Valid: 91.60%, Best Test: 92.50%
Epoch: 700, Loss: 0.3134, Train: 92.99%, Valid: 91.90%, Test: 92.67%, Best Valid: 91.90%, Best Test: 92.67%
Epoch: 800, Loss: 0.3041, Train: 93.34%, Valid: 91.82%, Test: 92.86%, Best Valid: 92.03%, Best Test: 92.83%
Epoch: 900, Loss: 0.2978, Train: 93.35%, Valid: 91.90%, Test: 93.16%, Best Valid: 92.06%, Best Test: 93.02%
Run 01:
Highest Train: 93.54
Highest Valid: 92.09
Highest Test: 93.35
Chosen epoch: 993
Final Train: 93.48
Final Test: 93.18
Pre-training MLP for 500 epochs to generate co-occurrence matrix...
Penalty transform 'homophily': rel Frobenius dist to original = 0.2768, off-diag CV of original penalty = 0.2739
MLP pre-training complete. Penalty matrix frozen.
Epoch: 00, Loss: 2.8492, Train: 3.88%, Valid: 3.57%, Test: 4.09%, Best Valid: 3.57%, Best Test: 4.09%
Epoch: 100, Loss: 1.1962, Train: 71.48%, Valid: 70.95%, Test: 70.58%, Best Valid: 70.95%, Best Test: 70.58%
Epoch: 200, Loss: 0.5372, Train: 88.16%, Valid: 87.67%, Test: 87.70%, Best Valid: 87.67%, Best Test: 87.70%
Epoch: 300, Loss: 0.4199, Train: 90.20%, Valid: 89.14%, Test: 89.61%, Best Valid: 89.17%, Best Test: 89.64%
Epoch: 400, Loss: 0.3809, Train: 91.44%, Valid: 90.02%, Test: 90.89%, Best Valid: 90.07%, Best Test: 90.79%
Epoch: 500, Loss: 0.3565, Train: 92.07%, Valid: 90.64%, Test: 91.63%, Best Valid: 90.67%, Best Test: 91.60%
Epoch: 600, Loss: 0.3395, Train: 92.40%, Valid: 90.94%, Test: 92.04%, Best Valid: 91.19%, Best Test: 92.04%
Epoch: 700, Loss: 0.3216, Train: 92.90%, Valid: 91.60%, Test: 92.58%, Best Valid: 91.60%, Best Test: 92.42%
Epoch: 800, Loss: 0.3072, Train: 93.14%, Valid: 91.82%, Test: 92.80%, Best Valid: 91.90%, Best Test: 92.83%
Epoch: 900, Loss: 0.3000, Train: 93.42%, Valid: 92.03%, Test: 92.97%, Best Valid: 92.06%, Best Test: 92.99%
Run 02:
Highest Train: 93.60
Highest Valid: 92.12
Highest Test: 93.21
Chosen epoch: 901
Final Train: 93.40
Final Test: 92.99
Pre-training MLP for 500 epochs to generate co-occurrence matrix...
Penalty transform 'homophily': rel Frobenius dist to original = 0.2711, off-diag CV of original penalty = 0.2691
MLP pre-training complete. Penalty matrix frozen.
Epoch: 00, Loss: 2.8328, Train: 22.05%, Valid: 23.92%, Test: 22.74%, Best Valid: 23.92%, Best Test: 22.74%
Epoch: 100, Loss: 1.1453, Train: 74.12%, Valid: 72.86%, Test: 73.23%, Best Valid: 72.86%, Best Test: 73.23%
Epoch: 200, Loss: 0.5298, Train: 88.07%, Valid: 87.59%, Test: 87.81%, Best Valid: 87.59%, Best Test: 87.81%
Epoch: 300, Loss: 0.4173, Train: 90.19%, Valid: 89.31%, Test: 89.83%, Best Valid: 89.33%, Best Test: 89.80%
Epoch: 400, Loss: 0.3816, Train: 90.85%, Valid: 89.99%, Test: 90.32%, Best Valid: 89.99%, Best Test: 90.32%
Epoch: 500, Loss: 0.3627, Train: 91.99%, Valid: 90.62%, Test: 91.71%, Best Valid: 90.62%, Best Test: 91.68%
Epoch: 600, Loss: 0.3422, Train: 92.37%, Valid: 90.83%, Test: 91.98%, Best Valid: 90.89%, Best Test: 91.96%
Epoch: 700, Loss: 0.3247, Train: 92.73%, Valid: 91.24%, Test: 92.31%, Best Valid: 91.24%, Best Test: 92.31%
Epoch: 800, Loss: 0.3112, Train: 92.93%, Valid: 91.73%, Test: 92.50%, Best Valid: 91.79%, Best Test: 92.48%
Epoch: 900, Loss: 0.3002, Train: 93.24%, Valid: 91.79%, Test: 92.48%, Best Valid: 91.82%, Best Test: 92.53%
Run 03:
Highest Train: 93.47
Highest Valid: 91.98
Highest Test: 92.69
Chosen epoch: 972
Final Train: 93.47
Final Test: 92.61
Pre-training MLP for 500 epochs to generate co-occurrence matrix...
Penalty transform 'homophily': rel Frobenius dist to original = 0.2750, off-diag CV of original penalty = 0.2726
MLP pre-training complete. Penalty matrix frozen.
Epoch: 00, Loss: 2.8422, Train: 16.89%, Valid: 16.20%, Test: 17.07%, Best Valid: 16.20%, Best Test: 17.07%
Epoch: 100, Loss: 1.1371, Train: 74.27%, Valid: 73.35%, Test: 73.80%, Best Valid: 73.35%, Best Test: 73.80%
Epoch: 200, Loss: 0.6097, Train: 85.19%, Valid: 84.75%, Test: 85.20%, Best Valid: 84.81%, Best Test: 85.11%
Epoch: 300, Loss: 0.4153, Train: 90.54%, Valid: 89.63%, Test: 90.38%, Best Valid: 89.69%, Best Test: 90.24%
Epoch: 400, Loss: 0.3683, Train: 91.87%, Valid: 90.67%, Test: 91.63%, Best Valid: 90.78%, Best Test: 91.60%
Epoch: 500, Loss: 0.3323, Train: 92.81%, Valid: 91.46%, Test: 92.26%, Best Valid: 91.57%, Best Test: 92.31%
Epoch: 600, Loss: 0.3178, Train: 93.20%, Valid: 91.71%, Test: 92.48%, Best Valid: 91.79%, Best Test: 92.42%
Epoch: 700, Loss: 0.3032, Train: 93.41%, Valid: 91.82%, Test: 92.61%, Best Valid: 91.95%, Best Test: 92.83%
Epoch: 800, Loss: 0.2966, Train: 93.52%, Valid: 92.01%, Test: 92.97%, Best Valid: 92.01%, Best Test: 92.91%
Epoch: 900, Loss: 0.2928, Train: 93.57%, Valid: 92.03%, Test: 93.10%, Best Valid: 92.17%, Best Test: 93.02%
Run 04:
Highest Train: 93.70
Highest Valid: 92.25
Highest Test: 93.21
Chosen epoch: 982
Final Train: 93.64
Final Test: 93.21
Pre-training MLP for 500 epochs to generate co-occurrence matrix...
Penalty transform 'homophily': rel Frobenius dist to original = 0.2721, off-diag CV of original penalty = 0.2698
MLP pre-training complete. Penalty matrix frozen.
Epoch: 00, Loss: 2.8417, Train: 17.24%, Valid: 16.83%, Test: 17.23%, Best Valid: 16.83%, Best Test: 17.23%
Epoch: 100, Loss: 1.1549, Train: 73.26%, Valid: 72.45%, Test: 72.55%, Best Valid: 72.45%, Best Test: 72.55%
Epoch: 200, Loss: 0.5660, Train: 85.64%, Valid: 84.97%, Test: 85.50%, Best Valid: 85.22%, Best Test: 85.55%
Epoch: 300, Loss: 0.4259, Train: 90.15%, Valid: 88.79%, Test: 89.67%, Best Valid: 89.01%, Best Test: 89.67%
Epoch: 400, Loss: 0.3868, Train: 91.18%, Valid: 89.99%, Test: 90.54%, Best Valid: 90.04%, Best Test: 90.40%
Epoch: 500, Loss: 0.3588, Train: 92.26%, Valid: 90.59%, Test: 91.41%, Best Valid: 90.64%, Best Test: 91.38%
Epoch: 600, Loss: 0.3393, Train: 92.77%, Valid: 91.11%, Test: 91.71%, Best Valid: 91.22%, Best Test: 91.68%
Epoch: 700, Loss: 0.3205, Train: 92.94%, Valid: 91.24%, Test: 92.09%, Best Valid: 91.41%, Best Test: 92.15%
Epoch: 800, Loss: 0.3082, Train: 93.26%, Valid: 91.63%, Test: 92.31%, Best Valid: 91.65%, Best Test: 92.34%
Epoch: 900, Loss: 0.3011, Train: 93.48%, Valid: 91.73%, Test: 92.45%, Best Valid: 91.82%, Best Test: 92.39%
Run 05:
Highest Train: 93.60
Highest Valid: 91.93
Highest Test: 92.67
Chosen epoch: 981
Final Train: 93.53
Final Test: 92.53
Pre-training MLP for 500 epochs to generate co-occurrence matrix...
Penalty transform 'homophily': rel Frobenius dist to original = 0.2711, off-diag CV of original penalty = 0.2691
MLP pre-training complete. Penalty matrix frozen.
Epoch: 00, Loss: 2.8490, Train: 7.68%, Valid: 7.26%, Test: 7.72%, Best Valid: 7.26%, Best Test: 7.72%
Epoch: 100, Loss: 1.1789, Train: 73.22%, Valid: 72.75%, Test: 72.44%, Best Valid: 72.75%, Best Test: 72.44%
Epoch: 200, Loss: 0.5256, Train: 88.20%, Valid: 87.62%, Test: 87.76%, Best Valid: 87.67%, Best Test: 87.79%
Epoch: 300, Loss: 0.4236, Train: 90.04%, Valid: 89.20%, Test: 89.75%, Best Valid: 89.25%, Best Test: 89.83%
Epoch: 400, Loss: 0.3841, Train: 91.12%, Valid: 89.93%, Test: 90.65%, Best Valid: 89.99%, Best Test: 90.65%
Epoch: 500, Loss: 0.3618, Train: 91.94%, Valid: 90.64%, Test: 91.49%, Best Valid: 90.64%, Best Test: 91.49%
Epoch: 600, Loss: 0.3399, Train: 92.47%, Valid: 91.11%, Test: 92.07%, Best Valid: 91.13%, Best Test: 91.98%
Epoch: 700, Loss: 0.3218, Train: 92.89%, Valid: 91.27%, Test: 92.31%, Best Valid: 91.41%, Best Test: 92.42%
Epoch: 800, Loss: 0.3090, Train: 93.00%, Valid: 91.41%, Test: 92.31%, Best Valid: 91.60%, Best Test: 92.31%
Epoch: 900, Loss: 0.3063, Train: 93.15%, Valid: 91.52%, Test: 92.45%, Best Valid: 91.68%, Best Test: 92.37%
Run 06:
Highest Train: 93.45
Highest Valid: 91.73
Highest Test: 92.61
Chosen epoch: 996
Final Train: 93.27
Final Test: 92.42
Pre-training MLP for 500 epochs to generate co-occurrence matrix...
Penalty transform 'homophily': rel Frobenius dist to original = 0.2719, off-diag CV of original penalty = 0.2694
MLP pre-training complete. Penalty matrix frozen.
Epoch: 00, Loss: 2.8452, Train: 11.12%, Valid: 10.94%, Test: 11.23%, Best Valid: 10.94%, Best Test: 11.23%
Epoch: 100, Loss: 1.2099, Train: 72.73%, Valid: 72.09%, Test: 72.03%, Best Valid: 72.09%, Best Test: 72.03%
Epoch: 200, Loss: 0.5529, Train: 86.41%, Valid: 85.60%, Test: 86.34%, Best Valid: 85.60%, Best Test: 86.34%
Epoch: 300, Loss: 0.4095, Train: 91.28%, Valid: 89.77%, Test: 90.65%, Best Valid: 89.83%, Best Test: 90.54%
Epoch: 400, Loss: 0.3558, Train: 92.68%, Valid: 91.13%, Test: 91.88%, Best Valid: 91.24%, Best Test: 92.04%
Epoch: 500, Loss: 0.3237, Train: 93.13%, Valid: 91.41%, Test: 92.42%, Best Valid: 91.68%, Best Test: 92.37%
Epoch: 600, Loss: 0.3114, Train: 93.39%, Valid: 91.76%, Test: 92.69%, Best Valid: 91.82%, Best Test: 92.78%
Epoch: 700, Loss: 0.3007, Train: 93.49%, Valid: 91.87%, Test: 92.83%, Best Valid: 92.06%, Best Test: 92.94%
Epoch: 800, Loss: 0.2934, Train: 93.69%, Valid: 92.03%, Test: 93.02%, Best Valid: 92.12%, Best Test: 92.99%
Epoch: 900, Loss: 0.2872, Train: 93.64%, Valid: 92.14%, Test: 92.97%, Best Valid: 92.31%, Best Test: 93.02%
Run 07:
Highest Train: 93.87
Highest Valid: 92.31
Highest Test: 93.08
Chosen epoch: 876
Final Train: 93.70
Final Test: 93.02
Pre-training MLP for 500 epochs to generate co-occurrence matrix...
Penalty transform 'homophily': rel Frobenius dist to original = 0.2712, off-diag CV of original penalty = 0.2695
MLP pre-training complete. Penalty matrix frozen.
Epoch: 00, Loss: 2.8456, Train: 22.05%, Valid: 23.92%, Test: 22.74%, Best Valid: 23.92%, Best Test: 22.74%
Epoch: 100, Loss: 1.1642, Train: 71.95%, Valid: 71.03%, Test: 71.16%, Best Valid: 71.03%, Best Test: 71.16%
Epoch: 200, Loss: 0.5904, Train: 87.14%, Valid: 86.55%, Test: 86.94%, Best Valid: 86.55%, Best Test: 86.94%
Epoch: 300, Loss: 0.4177, Train: 90.36%, Valid: 89.61%, Test: 90.05%, Best Valid: 89.61%, Best Test: 90.05%
Epoch: 400, Loss: 0.3771, Train: 91.74%, Valid: 90.62%, Test: 91.47%, Best Valid: 90.62%, Best Test: 91.47%
Epoch: 500, Loss: 0.3502, Train: 92.22%, Valid: 90.83%, Test: 91.90%, Best Valid: 91.03%, Best Test: 91.93%
Epoch: 600, Loss: 0.3281, Train: 92.64%, Valid: 91.41%, Test: 92.31%, Best Valid: 91.41%, Best Test: 92.31%
Epoch: 700, Loss: 0.3123, Train: 93.13%, Valid: 91.84%, Test: 92.88%, Best Valid: 91.90%, Best Test: 92.83%
Epoch: 800, Loss: 0.2989, Train: 93.44%, Valid: 92.06%, Test: 93.08%, Best Valid: 92.14%, Best Test: 93.05%
Epoch: 900, Loss: 0.2904, Train: 93.48%, Valid: 92.03%, Test: 93.18%, Best Valid: 92.23%, Best Test: 93.13%
Run 08:
Highest Train: 93.71
Highest Valid: 92.42
Highest Test: 93.29
Chosen epoch: 974
Final Train: 93.62
Final Test: 93.27
Pre-training MLP for 500 epochs to generate co-occurrence matrix...
Penalty transform 'homophily': rel Frobenius dist to original = 0.2689, off-diag CV of original penalty = 0.2672
MLP pre-training complete. Penalty matrix frozen.
Epoch: 00, Loss: 2.8373, Train: 12.29%, Valid: 11.97%, Test: 10.96%, Best Valid: 11.97%, Best Test: 10.96%
Epoch: 100, Loss: 1.1146, Train: 73.81%, Valid: 72.59%, Test: 73.36%, Best Valid: 72.59%, Best Test: 73.36%
Epoch: 200, Loss: 0.6144, Train: 85.28%, Valid: 84.48%, Test: 85.41%, Best Valid: 84.48%, Best Test: 85.41%
Epoch: 300, Loss: 0.4270, Train: 90.65%, Valid: 89.44%, Test: 90.24%, Best Valid: 89.47%, Best Test: 90.21%
Epoch: 400, Loss: 0.3786, Train: 91.52%, Valid: 90.29%, Test: 91.11%, Best Valid: 90.34%, Best Test: 91.00%
Epoch: 500, Loss: 0.3511, Train: 92.39%, Valid: 91.03%, Test: 91.88%, Best Valid: 91.11%, Best Test: 91.85%
Epoch: 600, Loss: 0.3311, Train: 92.74%, Valid: 91.35%, Test: 92.34%, Best Valid: 91.46%, Best Test: 92.37%
Epoch: 700, Loss: 0.3153, Train: 92.95%, Valid: 91.76%, Test: 92.72%, Best Valid: 91.98%, Best Test: 92.75%
Epoch: 800, Loss: 0.3024, Train: 93.34%, Valid: 92.06%, Test: 93.02%, Best Valid: 92.12%, Best Test: 92.99%
Epoch: 900, Loss: 0.2941, Train: 93.49%, Valid: 92.31%, Test: 93.27%, Best Valid: 92.33%, Best Test: 93.08%
Run 09:
Highest Train: 93.66
Highest Valid: 92.36
Highest Test: 93.38
Chosen epoch: 911
Final Train: 93.42
Final Test: 93.24
Pre-training MLP for 500 epochs to generate co-occurrence matrix...
Penalty transform 'homophily': rel Frobenius dist to original = 0.2721, off-diag CV of original penalty = 0.2699
MLP pre-training complete. Penalty matrix frozen.
Epoch: 00, Loss: 2.8379, Train: 13.10%, Valid: 13.07%, Test: 11.72%, Best Valid: 13.07%, Best Test: 11.72%
Epoch: 100, Loss: 1.1941, Train: 74.45%, Valid: 73.46%, Test: 73.50%, Best Valid: 73.46%, Best Test: 73.50%
Epoch: 200, Loss: 0.5552, Train: 87.12%, Valid: 86.72%, Test: 86.91%, Best Valid: 86.72%, Best Test: 86.91%
Epoch: 300, Loss: 0.4192, Train: 90.99%, Valid: 89.63%, Test: 90.54%, Best Valid: 89.66%, Best Test: 90.21%
Epoch: 400, Loss: 0.3624, Train: 92.20%, Valid: 90.53%, Test: 91.74%, Best Valid: 90.70%, Best Test: 91.74%
Epoch: 500, Loss: 0.3389, Train: 92.63%, Valid: 91.24%, Test: 92.53%, Best Valid: 91.38%, Best Test: 92.58%
Epoch: 600, Loss: 0.3169, Train: 93.10%, Valid: 91.79%, Test: 93.08%, Best Valid: 91.87%, Best Test: 93.05%
Epoch: 700, Loss: 0.3038, Train: 93.22%, Valid: 91.82%, Test: 93.27%, Best Valid: 91.93%, Best Test: 93.10%
Epoch: 800, Loss: 0.2968, Train: 93.46%, Valid: 92.06%, Test: 93.46%, Best Valid: 92.20%, Best Test: 93.32%
Epoch: 900, Loss: 0.2915, Train: 93.54%, Valid: 92.20%, Test: 93.24%, Best Valid: 92.50%, Best Test: 93.27%
Run 10:
Highest Train: 93.74
Highest Valid: 92.53
Highest Test: 93.46
Chosen epoch: 990
Final Train: 93.74
Final Test: 93.35
All runs:
Highest Train: 93.63 ± 0.13
Highest Test: 93.09 ± 0.32
Highest Valid: 92.17 ± 0.25
  Final Train: 93.53 ± 0.15
   Final Test: 92.98 ± 0.34
Saving results to results_tuned/coauthor-cs/sgformer.csv
--- mlp_reg | transform=homophily | lambda=0.1 | mlp_epochs=500 ---
Namespace(aggregate='add', alpha=0.5, attention='gcn', beta=-1.0, bn=False, cpu=False, data_dir='../data/', dataset='coauthor-cs', device=0, dim_inner=256, display_step=100, dropout=0.7, epochs=1000, global_dropout=None, global_epochs=0, global_layers=2, gnn='gcn', graph_weight=0.8, hidden_channels=256, hops=10, in_dropout=0.0, jk=False, label_num_per_class=20, lambda_val=0.1, layers=2, ln=False, local_epochs=0, local_gnn_type='GCN', local_layers=7, lr=0.001, metric='acc', mlp_epochs=500, mlp_reg=True, model='sgformer', model_dir='models/gt_reg_s_1108501_30', n_heads=1, num_centroids=4096, num_heads=1, oracle_reg=False, paired_seeds=True, pe_types='RWSE', penalty_transform='homophily', pre_linear=False, pre_ln=False, rand_split=False, rand_split_class=False, reg_start_epoch=10, reg_update_freq=5, res=False, result_dir='results_tuned', runs=10, save_model=False, save_result=False, seed=42, test_num=1000, tr_dropout=None, tr_layers=1, tr_weight_decay=None, train_prop=0.5, use_act=False, use_bn=False, use_graph=True, use_reg=True, use_residual=True, use_weight=False, valid_num=500, valid_prop=0.25, weight_decay=0.0005)
coauthor-cs
dataset coauthor-cs | num nodes 18333 | num edge 163788 | num node feats 6805 | num classes 15
MODEL: SGFormer(
  (trans_conv): TransConv(
    (convs): ModuleList(
      (0): TransConvLayer(
        (Wk): Linear(in_features=256, out_features=256, bias=True)
        (Wq): Linear(in_features=256, out_features=256, bias=True)
      )
    )
    (fcs): ModuleList(
      (0): Linear(in_features=6805, out_features=256, bias=True)
    )
    (bns): ModuleList(
      (0): LayerNorm((256,), eps=1e-05, elementwise_affine=True)
      (1): LayerNorm((256,), eps=1e-05, elementwise_affine=True)
    )
  )
  (gnn): GCN(
    (convs): ModuleList(
      (0): GCNConv(6805, 256)
      (1): GCNConv(256, 256)
    )
    (bns): ModuleList(
      (0): BatchNorm1d(256, eps=1e-05, momentum=0.1, affine=True, track_running_stats=True)
    )
  )
  (fc): Linear(in_features=256, out_features=15, bias=True)
)
Pre-training MLP for 500 epochs to generate co-occurrence matrix...
Penalty transform 'homophily': rel Frobenius dist to original = 0.2737, off-diag CV of original penalty = 0.2709
MLP pre-training complete. Penalty matrix frozen.
Epoch: 00, Loss: 2.9873, Train: 12.29%, Valid: 11.97%, Test: 10.96%, Best Valid: 11.97%, Best Test: 10.96%
Epoch: 100, Loss: 1.2725, Train: 64.77%, Valid: 64.65%, Test: 63.79%, Best Valid: 64.65%, Best Test: 63.79%
Epoch: 200, Loss: 0.6412, Train: 86.09%, Valid: 86.09%, Test: 86.26%, Best Valid: 86.09%, Best Test: 86.26%
Epoch: 300, Loss: 0.4463, Train: 90.09%, Valid: 88.93%, Test: 89.53%, Best Valid: 89.12%, Best Test: 89.45%
Epoch: 400, Loss: 0.4024, Train: 91.30%, Valid: 89.74%, Test: 90.62%, Best Valid: 89.80%, Best Test: 90.43%
Epoch: 500, Loss: 0.3689, Train: 92.32%, Valid: 90.97%, Test: 91.90%, Best Valid: 91.03%, Best Test: 91.79%
Epoch: 600, Loss: 0.3423, Train: 92.78%, Valid: 91.60%, Test: 92.56%, Best Valid: 91.65%, Best Test: 92.58%
Epoch: 700, Loss: 0.3236, Train: 93.08%, Valid: 91.98%, Test: 92.75%, Best Valid: 91.98%, Best Test: 92.75%
Epoch: 800, Loss: 0.3144, Train: 93.34%, Valid: 91.87%, Test: 93.08%, Best Valid: 92.06%, Best Test: 92.88%
Epoch: 900, Loss: 0.3076, Train: 93.39%, Valid: 91.84%, Test: 93.10%, Best Valid: 92.06%, Best Test: 92.88%
Run 01:
Highest Train: 93.64
Highest Valid: 92.09
Highest Test: 93.35
Chosen epoch: 993
Final Train: 93.54
Final Test: 93.21
Pre-training MLP for 500 epochs to generate co-occurrence matrix...
Penalty transform 'homophily': rel Frobenius dist to original = 0.2768, off-diag CV of original penalty = 0.2739
MLP pre-training complete. Penalty matrix frozen.
Epoch: 00, Loss: 2.9849, Train: 3.88%, Valid: 3.57%, Test: 4.09%, Best Valid: 3.57%, Best Test: 4.09%
Epoch: 100, Loss: 1.2452, Train: 71.32%, Valid: 70.70%, Test: 70.17%, Best Valid: 70.70%, Best Test: 70.17%
Epoch: 200, Loss: 0.5558, Train: 88.21%, Valid: 87.53%, Test: 87.79%, Best Valid: 87.53%, Best Test: 87.79%
Epoch: 300, Loss: 0.4343, Train: 90.19%, Valid: 89.12%, Test: 89.61%, Best Valid: 89.14%, Best Test: 89.64%
Epoch: 400, Loss: 0.3936, Train: 91.42%, Valid: 89.93%, Test: 91.03%, Best Valid: 90.13%, Best Test: 90.84%
Epoch: 500, Loss: 0.3667, Train: 92.08%, Valid: 90.75%, Test: 91.66%, Best Valid: 90.75%, Best Test: 91.63%
Epoch: 600, Loss: 0.3484, Train: 92.54%, Valid: 91.35%, Test: 92.18%, Best Valid: 91.41%, Best Test: 92.23%
Epoch: 700, Loss: 0.3284, Train: 93.04%, Valid: 91.71%, Test: 92.86%, Best Valid: 91.76%, Best Test: 92.75%
Epoch: 800, Loss: 0.3155, Train: 93.19%, Valid: 91.90%, Test: 92.91%, Best Valid: 91.98%, Best Test: 92.88%
Epoch: 900, Loss: 0.3086, Train: 93.38%, Valid: 92.09%, Test: 93.05%, Best Valid: 92.09%, Best Test: 93.05%
Run 02:
Highest Train: 93.58
Highest Valid: 92.09
Highest Test: 93.24
Chosen epoch: 900
Final Train: 93.38
Final Test: 93.05
Pre-training MLP for 500 epochs to generate co-occurrence matrix...
Penalty transform 'homophily': rel Frobenius dist to original = 0.2711, off-diag CV of original penalty = 0.2691
MLP pre-training complete. Penalty matrix frozen.
Epoch: 00, Loss: 2.9677, Train: 22.05%, Valid: 23.92%, Test: 22.74%, Best Valid: 23.92%, Best Test: 22.74%
Epoch: 100, Loss: 1.1977, Train: 73.91%, Valid: 72.89%, Test: 73.17%, Best Valid: 72.89%, Best Test: 73.17%
Epoch: 200, Loss: 0.5540, Train: 88.00%, Valid: 87.59%, Test: 87.65%, Best Valid: 87.59%, Best Test: 87.65%
Epoch: 300, Loss: 0.4327, Train: 90.19%, Valid: 89.23%, Test: 89.91%, Best Valid: 89.25%, Best Test: 89.86%
Epoch: 400, Loss: 0.3951, Train: 91.09%, Valid: 90.02%, Test: 90.57%, Best Valid: 90.02%, Best Test: 90.51%
Epoch: 500, Loss: 0.3754, Train: 92.00%, Valid: 90.56%, Test: 91.74%, Best Valid: 90.62%, Best Test: 91.36%
Epoch: 600, Loss: 0.3550, Train: 92.36%, Valid: 90.78%, Test: 92.01%, Best Valid: 90.86%, Best Test: 92.04%
Epoch: 700, Loss: 0.3367, Train: 92.67%, Valid: 91.19%, Test: 92.28%, Best Valid: 91.22%, Best Test: 92.09%
Epoch: 800, Loss: 0.3227, Train: 92.96%, Valid: 91.73%, Test: 92.53%, Best Valid: 91.76%, Best Test: 92.50%
Epoch: 900, Loss: 0.3109, Train: 93.24%, Valid: 91.76%, Test: 92.53%, Best Valid: 91.84%, Best Test: 92.58%
Run 03:
Highest Train: 93.47
Highest Valid: 92.01
Highest Test: 92.72
Chosen epoch: 967
Final Train: 93.35
Final Test: 92.69
Pre-training MLP for 500 epochs to generate co-occurrence matrix...
Penalty transform 'homophily': rel Frobenius dist to original = 0.2750, off-diag CV of original penalty = 0.2726
MLP pre-training complete. Penalty matrix frozen.
Epoch: 00, Loss: 2.9776, Train: 16.26%, Valid: 15.49%, Test: 16.52%, Best Valid: 15.49%, Best Test: 16.52%
Epoch: 100, Loss: 1.1816, Train: 73.95%, Valid: 73.27%, Test: 73.72%, Best Valid: 73.27%, Best Test: 73.72%
Epoch: 200, Loss: 0.6423, Train: 84.89%, Valid: 84.51%, Test: 84.87%, Best Valid: 84.51%, Best Test: 84.87%
Epoch: 300, Loss: 0.4309, Train: 90.55%, Valid: 89.77%, Test: 90.35%, Best Valid: 89.85%, Best Test: 90.38%
Epoch: 400, Loss: 0.3798, Train: 91.96%, Valid: 90.64%, Test: 91.66%, Best Valid: 90.75%, Best Test: 91.63%
Epoch: 500, Loss: 0.3437, Train: 92.86%, Valid: 91.46%, Test: 92.26%, Best Valid: 91.57%, Best Test: 92.28%
Epoch: 600, Loss: 0.3289, Train: 93.24%, Valid: 91.73%, Test: 92.64%, Best Valid: 91.76%, Best Test: 92.56%
Epoch: 700, Loss: 0.3138, Train: 93.44%, Valid: 91.87%, Test: 92.80%, Best Valid: 91.95%, Best Test: 92.72%
Epoch: 800, Loss: 0.3075, Train: 93.54%, Valid: 92.01%, Test: 93.02%, Best Valid: 92.09%, Best Test: 92.88%
Epoch: 900, Loss: 0.3035, Train: 93.62%, Valid: 92.06%, Test: 93.13%, Best Valid: 92.17%, Best Test: 93.10%
Run 04:
Highest Train: 93.67
Highest Valid: 92.28
Highest Test: 93.21
Chosen epoch: 992
Final Train: 93.61
Final Test: 93.18
Pre-training MLP for 500 epochs to generate co-occurrence matrix...
Penalty transform 'homophily': rel Frobenius dist to original = 0.2721, off-diag CV of original penalty = 0.2698
MLP pre-training complete. Penalty matrix frozen.
Epoch: 00, Loss: 2.9770, Train: 17.17%, Valid: 16.78%, Test: 17.20%, Best Valid: 16.78%, Best Test: 17.20%
Epoch: 100, Loss: 1.2092, Train: 72.96%, Valid: 72.39%, Test: 72.19%, Best Valid: 72.39%, Best Test: 72.19%
Epoch: 200, Loss: 0.5961, Train: 85.41%, Valid: 84.94%, Test: 85.28%, Best Valid: 84.94%, Best Test: 85.28%
Epoch: 300, Loss: 0.4433, Train: 90.10%, Valid: 88.73%, Test: 89.67%, Best Valid: 88.95%, Best Test: 89.75%
Epoch: 400, Loss: 0.4011, Train: 91.10%, Valid: 89.88%, Test: 90.38%, Best Valid: 89.91%, Best Test: 90.43%
Epoch: 500, Loss: 0.3716, Train: 92.19%, Valid: 90.67%, Test: 91.41%, Best Valid: 90.67%, Best Test: 91.41%
Epoch: 600, Loss: 0.3509, Train: 92.74%, Valid: 91.08%, Test: 91.82%, Best Valid: 91.19%, Best Test: 91.77%
Epoch: 700, Loss: 0.3313, Train: 92.96%, Valid: 91.22%, Test: 92.12%, Best Valid: 91.49%, Best Test: 92.09%
Epoch: 800, Loss: 0.3189, Train: 93.27%, Valid: 91.60%, Test: 92.45%, Best Valid: 91.63%, Best Test: 92.34%
Epoch: 900, Loss: 0.3108, Train: 93.51%, Valid: 91.73%, Test: 92.50%, Best Valid: 91.84%, Best Test: 92.53%
Run 05:
Highest Train: 93.66
Highest Valid: 91.93
Highest Test: 92.67
Chosen epoch: 942
Final Train: 93.59
Final Test: 92.50
Pre-training MLP for 500 epochs to generate co-occurrence matrix...
Penalty transform 'homophily': rel Frobenius dist to original = 0.2711, off-diag CV of original penalty = 0.2691
MLP pre-training complete. Penalty matrix frozen.
Epoch: 00, Loss: 2.9846, Train: 7.68%, Valid: 7.26%, Test: 7.72%, Best Valid: 7.26%, Best Test: 7.72%
Epoch: 100, Loss: 1.2400, Train: 72.15%, Valid: 71.90%, Test: 71.05%, Best Valid: 71.90%, Best Test: 71.05%
Epoch: 200, Loss: 0.5493, Train: 88.02%, Valid: 87.67%, Test: 87.81%, Best Valid: 87.70%, Best Test: 87.70%
Epoch: 300, Loss: 0.4407, Train: 90.02%, Valid: 89.12%, Test: 89.80%, Best Valid: 89.14%, Best Test: 89.75%
Epoch: 400, Loss: 0.4003, Train: 90.98%, Valid: 89.83%, Test: 90.49%, Best Valid: 89.85%, Best Test: 90.59%
Epoch: 500, Loss: 0.3778, Train: 91.76%, Valid: 90.37%, Test: 91.33%, Best Valid: 90.37%, Best Test: 91.33%
Epoch: 600, Loss: 0.3568, Train: 92.42%, Valid: 91.08%, Test: 91.93%, Best Valid: 91.16%, Best Test: 91.93%
Epoch: 700, Loss: 0.3374, Train: 92.79%, Valid: 91.19%, Test: 92.26%, Best Valid: 91.38%, Best Test: 92.37%
Epoch: 800, Loss: 0.3224, Train: 93.01%, Valid: 91.33%, Test: 92.31%, Best Valid: 91.60%, Best Test: 92.26%
Epoch: 900, Loss: 0.3193, Train: 93.15%, Valid: 91.54%, Test: 92.42%, Best Valid: 91.71%, Best Test: 92.45%
Run 06:
Highest Train: 93.41
Highest Valid: 91.76
Highest Test: 92.56
Chosen epoch: 998
Final Train: 93.41
Final Test: 92.50
Pre-training MLP for 500 epochs to generate co-occurrence matrix...
Penalty transform 'homophily': rel Frobenius dist to original = 0.2719, off-diag CV of original penalty = 0.2694
MLP pre-training complete. Penalty matrix frozen.
Epoch: 00, Loss: 2.9807, Train: 11.12%, Valid: 10.94%, Test: 11.23%, Best Valid: 10.94%, Best Test: 11.23%
Epoch: 100, Loss: 1.2687, Train: 72.20%, Valid: 71.63%, Test: 71.40%, Best Valid: 71.63%, Best Test: 71.40%
Epoch: 200, Loss: 0.5851, Train: 85.93%, Valid: 85.24%, Test: 86.01%, Best Valid: 85.24%, Best Test: 85.80%
Epoch: 300, Loss: 0.4308, Train: 91.16%, Valid: 89.74%, Test: 90.40%, Best Valid: 89.74%, Best Test: 90.16%
Epoch: 400, Loss: 0.3717, Train: 92.59%, Valid: 90.94%, Test: 91.77%, Best Valid: 91.19%, Best Test: 91.85%
Epoch: 500, Loss: 0.3377, Train: 93.10%, Valid: 91.46%, Test: 92.31%, Best Valid: 91.57%, Best Test: 92.28%
Epoch: 600, Loss: 0.3238, Train: 93.36%, Valid: 91.71%, Test: 92.67%, Best Valid: 91.76%, Best Test: 92.75%
Epoch: 700, Loss: 0.3125, Train: 93.41%, Valid: 91.87%, Test: 92.86%, Best Valid: 91.95%, Best Test: 92.88%
Epoch: 800, Loss: 0.3052, Train: 93.68%, Valid: 91.95%, Test: 92.94%, Best Valid: 92.06%, Best Test: 92.99%
Epoch: 900, Loss: 0.2987, Train: 93.66%, Valid: 92.01%, Test: 92.97%, Best Valid: 92.17%, Best Test: 92.99%
Run 07:
Highest Train: 93.84
Highest Valid: 92.25
Highest Test: 93.08
Chosen epoch: 997
Final Train: 93.67
Final Test: 92.94
Pre-training MLP for 500 epochs to generate co-occurrence matrix...
Penalty transform 'homophily': rel Frobenius dist to original = 0.2712, off-diag CV of original penalty = 0.2695
MLP pre-training complete. Penalty matrix frozen.
Epoch: 00, Loss: 2.9811, Train: 22.05%, Valid: 23.92%, Test: 22.74%, Best Valid: 23.92%, Best Test: 22.74%
Epoch: 100, Loss: 1.2140, Train: 71.37%, Valid: 70.57%, Test: 70.45%, Best Valid: 70.57%, Best Test: 70.45%
Epoch: 200, Loss: 0.6234, Train: 86.98%, Valid: 86.39%, Test: 86.83%, Best Valid: 86.39%, Best Test: 86.83%
Epoch: 300, Loss: 0.4328, Train: 90.61%, Valid: 89.66%, Test: 90.29%, Best Valid: 89.66%, Best Test: 90.19%
Epoch: 400, Loss: 0.3894, Train: 91.77%, Valid: 90.62%, Test: 91.55%, Best Valid: 90.62%, Best Test: 91.47%
Epoch: 500, Loss: 0.3625, Train: 92.20%, Valid: 90.83%, Test: 91.82%, Best Valid: 91.00%, Best Test: 91.93%
Epoch: 600, Loss: 0.3409, Train: 92.64%, Valid: 91.22%, Test: 92.23%, Best Valid: 91.24%, Best Test: 92.15%
Epoch: 700, Loss: 0.3279, Train: 92.99%, Valid: 91.60%, Test: 92.50%, Best Valid: 91.65%, Best Test: 92.45%
Epoch: 800, Loss: 0.3124, Train: 93.42%, Valid: 92.03%, Test: 93.05%, Best Valid: 92.17%, Best Test: 93.08%
Epoch: 900, Loss: 0.3019, Train: 93.53%, Valid: 92.23%, Test: 93.18%, Best Valid: 92.39%, Best Test: 93.21%
Run 08:
Highest Train: 93.72
Highest Valid: 92.47
Highest Test: 93.29
Chosen epoch: 958
Final Train: 93.61
Final Test: 93.18
Pre-training MLP for 500 epochs to generate co-occurrence matrix...
Penalty transform 'homophily': rel Frobenius dist to original = 0.2689, off-diag CV of original penalty = 0.2672
MLP pre-training complete. Penalty matrix frozen.
Epoch: 00, Loss: 2.9724, Train: 12.29%, Valid: 11.97%, Test: 10.96%, Best Valid: 11.97%, Best Test: 10.96%
Epoch: 100, Loss: 1.1594, Train: 73.87%, Valid: 72.72%, Test: 73.20%, Best Valid: 72.72%, Best Test: 73.20%
Epoch: 200, Loss: 0.6483, Train: 85.11%, Valid: 84.32%, Test: 85.22%, Best Valid: 84.32%, Best Test: 85.22%
Epoch: 300, Loss: 0.4441, Train: 90.65%, Valid: 89.55%, Test: 90.27%, Best Valid: 89.61%, Best Test: 90.02%
Epoch: 400, Loss: 0.3920, Train: 91.50%, Valid: 90.34%, Test: 91.09%, Best Valid: 90.34%, Best Test: 91.00%
Epoch: 500, Loss: 0.3643, Train: 92.36%, Valid: 91.03%, Test: 91.96%, Best Valid: 91.16%, Best Test: 91.90%
Epoch: 600, Loss: 0.3431, Train: 92.73%, Valid: 91.41%, Test: 92.37%, Best Valid: 91.46%, Best Test: 92.34%
Epoch: 700, Loss: 0.3265, Train: 92.98%, Valid: 91.73%, Test: 92.69%, Best Valid: 91.98%, Best Test: 92.75%
Epoch: 800, Loss: 0.3138, Train: 93.32%, Valid: 92.06%, Test: 92.94%, Best Valid: 92.17%, Best Test: 93.05%
Epoch: 900, Loss: 0.3052, Train: 93.50%, Valid: 92.28%, Test: 93.18%, Best Valid: 92.36%, Best Test: 93.18%
Run 09:
Highest Train: 93.69
Highest Valid: 92.42
Highest Test: 93.35
Chosen epoch: 988
Final Train: 93.52
Final Test: 93.32
Pre-training MLP for 500 epochs to generate co-occurrence matrix...
Penalty transform 'homophily': rel Frobenius dist to original = 0.2721, off-diag CV of original penalty = 0.2699
MLP pre-training complete. Penalty matrix frozen.
Epoch: 00, Loss: 2.9730, Train: 13.16%, Valid: 13.18%, Test: 11.75%, Best Valid: 13.18%, Best Test: 11.75%
Epoch: 100, Loss: 1.2401, Train: 74.29%, Valid: 73.43%, Test: 73.06%, Best Valid: 73.43%, Best Test: 73.06%
Epoch: 200, Loss: 0.5755, Train: 87.20%, Valid: 86.85%, Test: 87.24%, Best Valid: 86.85%, Best Test: 87.24%
Epoch: 300, Loss: 0.4345, Train: 90.93%, Valid: 89.58%, Test: 90.40%, Best Valid: 89.58%, Best Test: 90.21%
Epoch: 400, Loss: 0.3758, Train: 92.18%, Valid: 90.53%, Test: 91.77%, Best Valid: 90.73%, Best Test: 91.79%
Epoch: 500, Loss: 0.3525, Train: 92.61%, Valid: 91.22%, Test: 92.50%, Best Valid: 91.38%, Best Test: 92.48%
Epoch: 600, Loss: 0.3289, Train: 93.07%, Valid: 91.73%, Test: 93.10%, Best Valid: 91.79%, Best Test: 92.97%
Epoch: 700, Loss: 0.3151, Train: 93.26%, Valid: 91.84%, Test: 93.24%, Best Valid: 91.93%, Best Test: 92.97%
Epoch: 800, Loss: 0.3082, Train: 93.45%, Valid: 92.06%, Test: 93.43%, Best Valid: 92.17%, Best Test: 93.29%
Epoch: 900, Loss: 0.3018, Train: 93.56%, Valid: 92.14%, Test: 93.18%, Best Valid: 92.39%, Best Test: 93.27%
Run 10:
Highest Train: 93.76
Highest Valid: 92.53
Highest Test: 93.48
Chosen epoch: 927
Final Train: 93.60
Final Test: 93.40
All runs:
Highest Train: 93.64 ± 0.13
Highest Test: 93.09 ± 0.33
Highest Valid: 92.18 ± 0.25
  Final Train: 93.53 ± 0.11
   Final Test: 93.00 ± 0.33
Saving results to results_tuned/coauthor-cs/sgformer.csv
--- mlp_reg | transform=homophily | lambda=0.2 | mlp_epochs=500 ---
Namespace(aggregate='add', alpha=0.5, attention='gcn', beta=-1.0, bn=False, cpu=False, data_dir='../data/', dataset='coauthor-cs', device=0, dim_inner=256, display_step=100, dropout=0.7, epochs=1000, global_dropout=None, global_epochs=0, global_layers=2, gnn='gcn', graph_weight=0.8, hidden_channels=256, hops=10, in_dropout=0.0, jk=False, label_num_per_class=20, lambda_val=0.2, layers=2, ln=False, local_epochs=0, local_gnn_type='GCN', local_layers=7, lr=0.001, metric='acc', mlp_epochs=500, mlp_reg=True, model='sgformer', model_dir='models/gt_reg_s_1108501_30', n_heads=1, num_centroids=4096, num_heads=1, oracle_reg=False, paired_seeds=True, pe_types='RWSE', penalty_transform='homophily', pre_linear=False, pre_ln=False, rand_split=False, rand_split_class=False, reg_start_epoch=10, reg_update_freq=5, res=False, result_dir='results_tuned', runs=10, save_model=False, save_result=False, seed=42, test_num=1000, tr_dropout=None, tr_layers=1, tr_weight_decay=None, train_prop=0.5, use_act=False, use_bn=False, use_graph=True, use_reg=True, use_residual=True, use_weight=False, valid_num=500, valid_prop=0.25, weight_decay=0.0005)
coauthor-cs
dataset coauthor-cs | num nodes 18333 | num edge 163788 | num node feats 6805 | num classes 15
MODEL: SGFormer(
  (trans_conv): TransConv(
    (convs): ModuleList(
      (0): TransConvLayer(
        (Wk): Linear(in_features=256, out_features=256, bias=True)
        (Wq): Linear(in_features=256, out_features=256, bias=True)
      )
    )
    (fcs): ModuleList(
      (0): Linear(in_features=6805, out_features=256, bias=True)
    )
    (bns): ModuleList(
      (0): LayerNorm((256,), eps=1e-05, elementwise_affine=True)
      (1): LayerNorm((256,), eps=1e-05, elementwise_affine=True)
    )
  )
  (gnn): GCN(
    (convs): ModuleList(
      (0): GCNConv(6805, 256)
      (1): GCNConv(256, 256)
    )
    (bns): ModuleList(
      (0): BatchNorm1d(256, eps=1e-05, momentum=0.1, affine=True, track_running_stats=True)
    )
  )
  (fc): Linear(in_features=256, out_features=15, bias=True)
)
Pre-training MLP for 500 epochs to generate co-occurrence matrix...
Penalty transform 'homophily': rel Frobenius dist to original = 0.2737, off-diag CV of original penalty = 0.2709
MLP pre-training complete. Penalty matrix frozen.
Epoch: 00, Loss: 3.2589, Train: 12.29%, Valid: 11.97%, Test: 10.96%, Best Valid: 11.97%, Best Test: 10.96%
Epoch: 100, Loss: 1.3837, Train: 62.42%, Valid: 62.44%, Test: 61.86%, Best Valid: 62.44%, Best Test: 61.86%
Epoch: 200, Loss: 0.7005, Train: 85.74%, Valid: 85.82%, Test: 86.01%, Best Valid: 85.82%, Best Test: 86.01%
Epoch: 300, Loss: 0.4790, Train: 90.03%, Valid: 88.93%, Test: 89.61%, Best Valid: 89.20%, Best Test: 89.75%
Epoch: 400, Loss: 0.4289, Train: 91.21%, Valid: 89.72%, Test: 90.57%, Best Valid: 89.77%, Best Test: 90.27%
Epoch: 500, Loss: 0.3953, Train: 92.31%, Valid: 90.89%, Test: 91.88%, Best Valid: 90.97%, Best Test: 91.82%
Epoch: 600, Loss: 0.3656, Train: 92.86%, Valid: 91.57%, Test: 92.64%, Best Valid: 91.73%, Best Test: 92.67%
Epoch: 700, Loss: 0.3452, Train: 93.20%, Valid: 91.90%, Test: 92.94%, Best Valid: 91.93%, Best Test: 92.88%
Epoch: 800, Loss: 0.3355, Train: 93.38%, Valid: 91.84%, Test: 93.10%, Best Valid: 92.06%, Best Test: 92.99%
Epoch: 900, Loss: 0.3279, Train: 93.44%, Valid: 91.95%, Test: 93.13%, Best Valid: 92.09%, Best Test: 93.10%
Run 01:
Highest Train: 93.64
Highest Valid: 92.25
Highest Test: 93.27
Chosen epoch: 993
Final Train: 93.57
Final Test: 93.27
Pre-training MLP for 500 epochs to generate co-occurrence matrix...
Penalty transform 'homophily': rel Frobenius dist to original = 0.2768, off-diag CV of original penalty = 0.2739
MLP pre-training complete. Penalty matrix frozen.
Epoch: 00, Loss: 3.2563, Train: 3.88%, Valid: 3.57%, Test: 4.09%, Best Valid: 3.57%, Best Test: 4.09%
Epoch: 100, Loss: 1.3608, Train: 68.56%, Valid: 67.70%, Test: 66.41%, Best Valid: 67.70%, Best Test: 66.41%
Epoch: 200, Loss: 0.6133, Train: 87.86%, Valid: 87.42%, Test: 87.40%, Best Valid: 87.42%, Best Test: 87.40%
Epoch: 300, Loss: 0.4649, Train: 90.18%, Valid: 89.09%, Test: 89.67%, Best Valid: 89.14%, Best Test: 89.61%
Epoch: 400, Loss: 0.4181, Train: 91.46%, Valid: 90.10%, Test: 90.84%, Best Valid: 90.18%, Best Test: 90.81%
Epoch: 500, Loss: 0.3887, Train: 92.15%, Valid: 90.75%, Test: 91.71%, Best Valid: 90.83%, Best Test: 91.71%
Epoch: 600, Loss: 0.3736, Train: 92.52%, Valid: 91.22%, Test: 92.07%, Best Valid: 91.24%, Best Test: 91.98%
Epoch: 700, Loss: 0.3539, Train: 93.00%, Valid: 91.65%, Test: 92.56%, Best Valid: 91.71%, Best Test: 92.45%
Epoch: 800, Loss: 0.3384, Train: 93.21%, Valid: 91.87%, Test: 92.99%, Best Valid: 91.90%, Best Test: 92.91%
Epoch: 900, Loss: 0.3297, Train: 93.44%, Valid: 92.12%, Test: 93.08%, Best Valid: 92.17%, Best Test: 93.10%
Run 02:
Highest Train: 93.72
Highest Valid: 92.39
Highest Test: 93.27
Chosen epoch: 960
Final Train: 93.55
Final Test: 93.27
Pre-training MLP for 500 epochs to generate co-occurrence matrix...
Penalty transform 'homophily': rel Frobenius dist to original = 0.2711, off-diag CV of original penalty = 0.2691
MLP pre-training complete. Penalty matrix frozen.
Epoch: 00, Loss: 3.2375, Train: 22.05%, Valid: 23.92%, Test: 22.74%, Best Valid: 23.92%, Best Test: 22.74%
Epoch: 100, Loss: 1.3082, Train: 73.22%, Valid: 72.34%, Test: 72.44%, Best Valid: 72.34%, Best Test: 72.44%
Epoch: 200, Loss: 0.6122, Train: 87.44%, Valid: 87.29%, Test: 87.16%, Best Valid: 87.29%, Best Test: 87.16%
Epoch: 300, Loss: 0.4617, Train: 90.11%, Valid: 89.14%, Test: 89.91%, Best Valid: 89.14%, Best Test: 89.91%
Epoch: 400, Loss: 0.4190, Train: 91.34%, Valid: 90.13%, Test: 90.89%, Best Valid: 90.15%, Best Test: 90.84%
Epoch: 500, Loss: 0.3910, Train: 92.27%, Valid: 91.00%, Test: 91.98%, Best Valid: 91.05%, Best Test: 91.96%
Epoch: 600, Loss: 0.3636, Train: 92.76%, Valid: 91.43%, Test: 92.34%, Best Valid: 91.60%, Best Test: 92.28%
Epoch: 700, Loss: 0.3448, Train: 93.20%, Valid: 91.79%, Test: 92.72%, Best Valid: 91.79%, Best Test: 92.72%
Epoch: 800, Loss: 0.3346, Train: 93.30%, Valid: 91.82%, Test: 92.83%, Best Valid: 91.87%, Best Test: 92.80%
Epoch: 900, Loss: 0.3262, Train: 93.50%, Valid: 91.93%, Test: 92.86%, Best Valid: 92.06%, Best Test: 92.83%
Run 03:
Highest Train: 93.68
Highest Valid: 92.25
Highest Test: 92.97
Chosen epoch: 981
Final Train: 93.62
Final Test: 92.91
Pre-training MLP for 500 epochs to generate co-occurrence matrix...
Penalty transform 'homophily': rel Frobenius dist to original = 0.2750, off-diag CV of original penalty = 0.2726
MLP pre-training complete. Penalty matrix frozen.
Epoch: 00, Loss: 3.2483, Train: 15.51%, Valid: 14.78%, Test: 15.62%, Best Valid: 14.78%, Best Test: 15.62%
Epoch: 100, Loss: 1.2813, Train: 73.19%, Valid: 72.31%, Test: 72.68%, Best Valid: 72.31%, Best Test: 72.68%
Epoch: 200, Loss: 0.7015, Train: 84.27%, Valid: 84.18%, Test: 84.30%, Best Valid: 84.18%, Best Test: 84.30%
Epoch: 300, Loss: 0.4649, Train: 90.45%, Valid: 89.69%, Test: 90.51%, Best Valid: 89.69%, Best Test: 90.08%
Epoch: 400, Loss: 0.4076, Train: 91.89%, Valid: 90.59%, Test: 91.74%, Best Valid: 90.59%, Best Test: 91.49%
Epoch: 500, Loss: 0.3678, Train: 92.88%, Valid: 91.41%, Test: 92.42%, Best Valid: 91.54%, Best Test: 92.34%
Epoch: 600, Loss: 0.3524, Train: 93.25%, Valid: 91.71%, Test: 92.64%, Best Valid: 91.76%, Best Test: 92.67%
Epoch: 700, Loss: 0.3370, Train: 93.42%, Valid: 91.93%, Test: 92.86%, Best Valid: 92.01%, Best Test: 92.69%
Epoch: 800, Loss: 0.3301, Train: 93.57%, Valid: 92.06%, Test: 93.08%, Best Valid: 92.09%, Best Test: 92.99%
Epoch: 900, Loss: 0.3261, Train: 93.60%, Valid: 92.12%, Test: 93.16%, Best Valid: 92.17%, Best Test: 93.21%
Run 04:
Highest Train: 93.68
Highest Valid: 92.28
Highest Test: 93.21
Chosen epoch: 972
Final Train: 93.64
Final Test: 93.18
Pre-training MLP for 500 epochs to generate co-occurrence matrix...
Penalty transform 'homophily': rel Frobenius dist to original = 0.2721, off-diag CV of original penalty = 0.2698
MLP pre-training complete. Penalty matrix frozen.
Epoch: 00, Loss: 3.2477, Train: 17.76%, Valid: 17.54%, Test: 17.99%, Best Valid: 17.54%, Best Test: 17.99%
Epoch: 100, Loss: 1.3162, Train: 72.42%, Valid: 71.90%, Test: 71.89%, Best Valid: 71.90%, Best Test: 71.89%
Epoch: 200, Loss: 0.6561, Train: 84.87%, Valid: 84.56%, Test: 85.01%, Best Valid: 84.56%, Best Test: 85.01%
Epoch: 300, Loss: 0.4804, Train: 90.24%, Valid: 88.82%, Test: 89.72%, Best Valid: 88.93%, Best Test: 89.61%
Epoch: 400, Loss: 0.4282, Train: 91.14%, Valid: 89.74%, Test: 90.46%, Best Valid: 89.83%, Best Test: 90.43%
Epoch: 500, Loss: 0.3943, Train: 92.24%, Valid: 90.75%, Test: 91.41%, Best Valid: 90.75%, Best Test: 91.25%
Epoch: 600, Loss: 0.3704, Train: 92.77%, Valid: 91.30%, Test: 91.96%, Best Valid: 91.38%, Best Test: 91.71%
Epoch: 700, Loss: 0.3485, Train: 93.19%, Valid: 91.49%, Test: 92.28%, Best Valid: 91.63%, Best Test: 92.28%
Epoch: 800, Loss: 0.3379, Train: 93.55%, Valid: 91.71%, Test: 92.50%, Best Valid: 91.84%, Best Test: 92.45%
Epoch: 900, Loss: 0.3302, Train: 93.66%, Valid: 91.93%, Test: 92.56%, Best Valid: 92.01%, Best Test: 92.67%
Run 05:
Highest Train: 93.83
Highest Valid: 92.12
Highest Test: 92.88
Chosen epoch: 944
Final Train: 93.77
Final Test: 92.75
Pre-training MLP for 500 epochs to generate co-occurrence matrix...
Penalty transform 'homophily': rel Frobenius dist to original = 0.2711, off-diag CV of original penalty = 0.2691
MLP pre-training complete. Penalty matrix frozen.
Epoch: 00, Loss: 3.2560, Train: 7.68%, Valid: 7.26%, Test: 7.72%, Best Valid: 7.26%, Best Test: 7.72%
Epoch: 100, Loss: 1.3642, Train: 69.98%, Valid: 70.16%, Test: 69.27%, Best Valid: 70.16%, Best Test: 69.27%
Epoch: 200, Loss: 0.5994, Train: 87.68%, Valid: 87.45%, Test: 87.62%, Best Valid: 87.45%, Best Test: 87.62%
Epoch: 300, Loss: 0.4746, Train: 89.98%, Valid: 89.01%, Test: 89.72%, Best Valid: 89.09%, Best Test: 89.75%
Epoch: 400, Loss: 0.4290, Train: 91.02%, Valid: 89.77%, Test: 90.54%, Best Valid: 89.91%, Best Test: 90.59%
Epoch: 500, Loss: 0.4047, Train: 91.74%, Valid: 90.37%, Test: 91.30%, Best Valid: 90.45%, Best Test: 91.25%
Epoch: 600, Loss: 0.3815, Train: 92.41%, Valid: 91.11%, Test: 92.04%, Best Valid: 91.13%, Best Test: 91.96%
Epoch: 700, Loss: 0.3585, Train: 92.84%, Valid: 91.35%, Test: 92.23%, Best Valid: 91.41%, Best Test: 92.26%
Epoch: 800, Loss: 0.3427, Train: 93.05%, Valid: 91.35%, Test: 92.26%, Best Valid: 91.63%, Best Test: 92.34%
Epoch: 900, Loss: 0.3401, Train: 93.16%, Valid: 91.57%, Test: 92.53%, Best Valid: 91.76%, Best Test: 92.53%
Run 06:
Highest Train: 93.45
Highest Valid: 91.82
Highest Test: 92.75
Chosen epoch: 994
Final Train: 93.33
Final Test: 92.58
Pre-training MLP for 500 epochs to generate co-occurrence matrix...
Penalty transform 'homophily': rel Frobenius dist to original = 0.2719, off-diag CV of original penalty = 0.2694
MLP pre-training complete. Penalty matrix frozen.
Epoch: 00, Loss: 3.2516, Train: 11.12%, Valid: 10.94%, Test: 11.23%, Best Valid: 10.94%, Best Test: 11.23%
Epoch: 100, Loss: 1.3802, Train: 70.82%, Valid: 70.38%, Test: 69.77%, Best Valid: 70.38%, Best Test: 69.77%
Epoch: 200, Loss: 0.6278, Train: 85.74%, Valid: 85.16%, Test: 85.82%, Best Valid: 85.24%, Best Test: 85.55%
Epoch: 300, Loss: 0.4598, Train: 90.87%, Valid: 89.63%, Test: 90.38%, Best Valid: 89.66%, Best Test: 90.13%
Epoch: 400, Loss: 0.3969, Train: 92.58%, Valid: 90.94%, Test: 91.77%, Best Valid: 91.24%, Best Test: 91.88%
Epoch: 500, Loss: 0.3616, Train: 93.11%, Valid: 91.41%, Test: 92.45%, Best Valid: 91.63%, Best Test: 92.42%
Epoch: 600, Loss: 0.3467, Train: 93.39%, Valid: 91.71%, Test: 92.69%, Best Valid: 91.79%, Best Test: 92.75%
Epoch: 700, Loss: 0.3356, Train: 93.40%, Valid: 91.82%, Test: 92.86%, Best Valid: 91.95%, Best Test: 92.83%
Epoch: 800, Loss: 0.3263, Train: 93.68%, Valid: 91.95%, Test: 92.91%, Best Valid: 92.06%, Best Test: 93.05%
Epoch: 900, Loss: 0.3201, Train: 93.66%, Valid: 92.01%, Test: 92.99%, Best Valid: 92.23%, Best Test: 92.88%
Run 07:
Highest Train: 93.83
Highest Valid: 92.23
Highest Test: 93.05
Chosen epoch: 882
Final Train: 93.74
Final Test: 92.88
Pre-training MLP for 500 epochs to generate co-occurrence matrix...
Penalty transform 'homophily': rel Frobenius dist to original = 0.2712, off-diag CV of original penalty = 0.2695
MLP pre-training complete. Penalty matrix frozen.
Epoch: 00, Loss: 3.2521, Train: 22.05%, Valid: 23.92%, Test: 22.74%, Best Valid: 23.92%, Best Test: 22.74%
Epoch: 100, Loss: 1.3241, Train: 70.37%, Valid: 69.31%, Test: 68.76%, Best Valid: 69.31%, Best Test: 68.76%
Epoch: 200, Loss: 0.6879, Train: 86.55%, Valid: 86.14%, Test: 86.21%, Best Valid: 86.14%, Best Test: 86.21%
Epoch: 300, Loss: 0.4623, Train: 90.66%, Valid: 89.77%, Test: 90.46%, Best Valid: 89.85%, Best Test: 90.32%
Epoch: 400, Loss: 0.4128, Train: 91.83%, Valid: 90.56%, Test: 91.47%, Best Valid: 90.70%, Best Test: 91.49%
Epoch: 500, Loss: 0.3841, Train: 92.40%, Valid: 90.89%, Test: 91.96%, Best Valid: 91.03%, Best Test: 92.01%
Epoch: 600, Loss: 0.3551, Train: 92.95%, Valid: 91.54%, Test: 92.56%, Best Valid: 91.71%, Best Test: 92.56%
Epoch: 700, Loss: 0.3393, Train: 93.34%, Valid: 91.84%, Test: 92.78%, Best Valid: 92.01%, Best Test: 92.72%
Epoch: 800, Loss: 0.3290, Train: 93.55%, Valid: 92.12%, Test: 93.02%, Best Valid: 92.14%, Best Test: 92.99%
Epoch: 900, Loss: 0.3207, Train: 93.70%, Valid: 92.17%, Test: 93.10%, Best Valid: 92.25%, Best Test: 93.05%
Run 08:
Highest Train: 93.80
Highest Valid: 92.42
Highest Test: 93.29
Chosen epoch: 990
Final Train: 93.77
Final Test: 93.24
Pre-training MLP for 500 epochs to generate co-occurrence matrix...
Penalty transform 'homophily': rel Frobenius dist to original = 0.2689, off-diag CV of original penalty = 0.2672
MLP pre-training complete. Penalty matrix frozen.
Epoch: 00, Loss: 3.2426, Train: 12.29%, Valid: 11.97%, Test: 10.96%, Best Valid: 11.97%, Best Test: 10.96%
Epoch: 100, Loss: 1.2632, Train: 72.91%, Valid: 71.66%, Test: 72.46%, Best Valid: 71.66%, Best Test: 72.46%
Epoch: 200, Loss: 0.7130, Train: 84.58%, Valid: 83.99%, Test: 84.65%, Best Valid: 83.99%, Best Test: 84.65%
Epoch: 300, Loss: 0.4824, Train: 90.59%, Valid: 89.61%, Test: 90.35%, Best Valid: 89.61%, Best Test: 89.94%
Epoch: 400, Loss: 0.4186, Train: 91.61%, Valid: 90.51%, Test: 91.22%, Best Valid: 90.59%, Best Test: 91.28%
Epoch: 500, Loss: 0.3886, Train: 92.38%, Valid: 91.11%, Test: 91.93%, Best Valid: 91.11%, Best Test: 91.68%
Epoch: 600, Loss: 0.3662, Train: 92.75%, Valid: 91.46%, Test: 92.31%, Best Valid: 91.57%, Best Test: 92.23%
Epoch: 700, Loss: 0.3488, Train: 93.05%, Valid: 91.79%, Test: 92.72%, Best Valid: 91.93%, Best Test: 92.83%
Epoch: 800, Loss: 0.3358, Train: 93.34%, Valid: 92.14%, Test: 93.05%, Best Valid: 92.14%, Best Test: 92.97%
Epoch: 900, Loss: 0.3272, Train: 93.61%, Valid: 92.28%, Test: 93.29%, Best Valid: 92.36%, Best Test: 93.27%
Run 09:
Highest Train: 93.76
Highest Valid: 92.44
Highest Test: 93.43
Chosen epoch: 997
Final Train: 93.74
Final Test: 93.40
Pre-training MLP for 500 epochs to generate co-occurrence matrix...
Penalty transform 'homophily': rel Frobenius dist to original = 0.2721, off-diag CV of original penalty = 0.2699
MLP pre-training complete. Penalty matrix frozen.
Epoch: 00, Loss: 3.2433, Train: 12.94%, Valid: 12.77%, Test: 11.50%, Best Valid: 12.77%, Best Test: 11.50%
Epoch: 100, Loss: 1.3604, Train: 73.16%, Valid: 72.48%, Test: 71.84%, Best Valid: 72.48%, Best Test: 71.84%
Epoch: 200, Loss: 0.6229, Train: 86.96%, Valid: 86.58%, Test: 86.97%, Best Valid: 86.58%, Best Test: 86.97%
Epoch: 300, Loss: 0.4679, Train: 90.61%, Valid: 89.50%, Test: 90.21%, Best Valid: 89.58%, Best Test: 89.99%
Epoch: 400, Loss: 0.4055, Train: 92.05%, Valid: 90.43%, Test: 91.77%, Best Valid: 90.78%, Best Test: 91.74%
Epoch: 500, Loss: 0.3796, Train: 92.62%, Valid: 91.24%, Test: 92.58%, Best Valid: 91.38%, Best Test: 92.56%
Epoch: 600, Loss: 0.3534, Train: 93.08%, Valid: 91.79%, Test: 93.02%, Best Valid: 91.79%, Best Test: 92.83%
Epoch: 700, Loss: 0.3393, Train: 93.29%, Valid: 91.82%, Test: 93.27%, Best Valid: 91.95%, Best Test: 93.27%
Epoch: 800, Loss: 0.3303, Train: 93.47%, Valid: 92.14%, Test: 93.35%, Best Valid: 92.20%, Best Test: 93.32%
Epoch: 900, Loss: 0.3238, Train: 93.55%, Valid: 92.14%, Test: 93.24%, Best Valid: 92.39%, Best Test: 93.24%
Run 10:
Highest Train: 93.80
Highest Valid: 92.47
Highest Test: 93.46
Chosen epoch: 968
Final Train: 93.74
Final Test: 93.43
All runs:
Highest Train: 93.72 ± 0.11
Highest Test: 93.16 ± 0.24
Highest Valid: 92.27 ± 0.19
  Final Train: 93.65 ± 0.14
   Final Test: 93.09 ± 0.29
Saving results to results_tuned/coauthor-cs/sgformer.csv
--- mlp_reg | transform=homophily | lambda=0.4 | mlp_epochs=500 ---
Namespace(aggregate='add', alpha=0.5, attention='gcn', beta=-1.0, bn=False, cpu=False, data_dir='../data/', dataset='coauthor-cs', device=0, dim_inner=256, display_step=100, dropout=0.7, epochs=1000, global_dropout=None, global_epochs=0, global_layers=2, gnn='gcn', graph_weight=0.8, hidden_channels=256, hops=10, in_dropout=0.0, jk=False, label_num_per_class=20, lambda_val=0.4, layers=2, ln=False, local_epochs=0, local_gnn_type='GCN', local_layers=7, lr=0.001, metric='acc', mlp_epochs=500, mlp_reg=True, model='sgformer', model_dir='models/gt_reg_s_1108501_30', n_heads=1, num_centroids=4096, num_heads=1, oracle_reg=False, paired_seeds=True, pe_types='RWSE', penalty_transform='homophily', pre_linear=False, pre_ln=False, rand_split=False, rand_split_class=False, reg_start_epoch=10, reg_update_freq=5, res=False, result_dir='results_tuned', runs=10, save_model=False, save_result=False, seed=42, test_num=1000, tr_dropout=None, tr_layers=1, tr_weight_decay=None, train_prop=0.5, use_act=False, use_bn=False, use_graph=True, use_reg=True, use_residual=True, use_weight=False, valid_num=500, valid_prop=0.25, weight_decay=0.0005)
coauthor-cs
dataset coauthor-cs | num nodes 18333 | num edge 163788 | num node feats 6805 | num classes 15
MODEL: SGFormer(
  (trans_conv): TransConv(
    (convs): ModuleList(
      (0): TransConvLayer(
        (Wk): Linear(in_features=256, out_features=256, bias=True)
        (Wq): Linear(in_features=256, out_features=256, bias=True)
      )
    )
    (fcs): ModuleList(
      (0): Linear(in_features=6805, out_features=256, bias=True)
    )
    (bns): ModuleList(
      (0): LayerNorm((256,), eps=1e-05, elementwise_affine=True)
      (1): LayerNorm((256,), eps=1e-05, elementwise_affine=True)
    )
  )
  (gnn): GCN(
    (convs): ModuleList(
      (0): GCNConv(6805, 256)
      (1): GCNConv(256, 256)
    )
    (bns): ModuleList(
      (0): BatchNorm1d(256, eps=1e-05, momentum=0.1, affine=True, track_running_stats=True)
    )
  )
  (fc): Linear(in_features=256, out_features=15, bias=True)
)
Pre-training MLP for 500 epochs to generate co-occurrence matrix...
Penalty transform 'homophily': rel Frobenius dist to original = 0.2737, off-diag CV of original penalty = 0.2709
MLP pre-training complete. Penalty matrix frozen.
Epoch: 00, Loss: 3.8020, Train: 12.29%, Valid: 11.97%, Test: 10.96%, Best Valid: 11.97%, Best Test: 10.96%
Epoch: 100, Loss: 1.6774, Train: 55.31%, Valid: 55.32%, Test: 53.95%, Best Valid: 55.32%, Best Test: 53.95%
Epoch: 200, Loss: 0.8724, Train: 83.23%, Valid: 83.61%, Test: 83.53%, Best Valid: 83.61%, Best Test: 83.53%
Epoch: 300, Loss: 0.5597, Train: 89.85%, Valid: 89.09%, Test: 89.48%, Best Valid: 89.23%, Best Test: 89.37%
Epoch: 400, Loss: 0.4921, Train: 90.98%, Valid: 89.85%, Test: 90.65%, Best Valid: 89.88%, Best Test: 90.40%
Epoch: 500, Loss: 0.4567, Train: 92.14%, Valid: 90.75%, Test: 91.68%, Best Valid: 90.81%, Best Test: 91.79%
Epoch: 600, Loss: 0.4242, Train: 92.72%, Valid: 91.38%, Test: 92.23%, Best Valid: 91.38%, Best Test: 92.18%
Epoch: 700, Loss: 0.3956, Train: 93.07%, Valid: 91.71%, Test: 92.75%, Best Valid: 91.79%, Best Test: 92.58%
Epoch: 800, Loss: 0.3820, Train: 93.52%, Valid: 92.06%, Test: 93.02%, Best Valid: 92.12%, Best Test: 92.99%
Epoch: 900, Loss: 0.3732, Train: 93.61%, Valid: 92.17%, Test: 93.32%, Best Valid: 92.39%, Best Test: 93.16%
Run 01:
Highest Train: 93.67
Highest Valid: 92.39
Highest Test: 93.38
Chosen epoch: 872
Final Train: 93.54
Final Test: 93.16
Pre-training MLP for 500 epochs to generate co-occurrence matrix...
Penalty transform 'homophily': rel Frobenius dist to original = 0.2768, off-diag CV of original penalty = 0.2739
MLP pre-training complete. Penalty matrix frozen.
Epoch: 00, Loss: 3.7990, Train: 3.88%, Valid: 3.57%, Test: 4.09%, Best Valid: 3.57%, Best Test: 4.09%
Epoch: 100, Loss: 1.6567, Train: 55.56%, Valid: 55.97%, Test: 53.95%, Best Valid: 55.97%, Best Test: 53.95%
Epoch: 200, Loss: 0.7381, Train: 87.19%, Valid: 87.15%, Test: 86.91%, Best Valid: 87.21%, Best Test: 86.89%
Epoch: 300, Loss: 0.5369, Train: 90.06%, Valid: 88.95%, Test: 89.67%, Best Valid: 89.01%, Best Test: 89.59%
Epoch: 400, Loss: 0.4824, Train: 91.00%, Valid: 89.77%, Test: 90.35%, Best Valid: 89.77%, Best Test: 90.24%
Epoch: 500, Loss: 0.4455, Train: 92.24%, Valid: 90.78%, Test: 91.74%, Best Valid: 90.83%, Best Test: 91.68%
Epoch: 600, Loss: 0.4175, Train: 92.84%, Valid: 91.57%, Test: 92.39%, Best Valid: 91.63%, Best Test: 92.42%
Epoch: 700, Loss: 0.3897, Train: 93.22%, Valid: 91.84%, Test: 92.97%, Best Valid: 91.93%, Best Test: 92.88%
Epoch: 800, Loss: 0.3771, Train: 93.42%, Valid: 92.01%, Test: 93.02%, Best Valid: 92.12%, Best Test: 93.02%
Epoch: 900, Loss: 0.3725, Train: 93.54%, Valid: 92.14%, Test: 93.13%, Best Valid: 92.20%, Best Test: 92.97%
Run 02:
Highest Train: 93.69
Highest Valid: 92.42
Highest Test: 93.32
Chosen epoch: 996
Final Train: 93.66
Final Test: 93.29
Pre-training MLP for 500 epochs to generate co-occurrence matrix...
Penalty transform 'homophily': rel Frobenius dist to original = 0.2711, off-diag CV of original penalty = 0.2691
MLP pre-training complete. Penalty matrix frozen.
Epoch: 00, Loss: 3.7771, Train: 22.05%, Valid: 23.92%, Test: 22.74%, Best Valid: 23.92%, Best Test: 22.74%
Epoch: 100, Loss: 1.6285, Train: 63.97%, Valid: 64.68%, Test: 63.30%, Best Valid: 64.68%, Best Test: 63.30%
Epoch: 200, Loss: 0.7666, Train: 86.26%, Valid: 86.20%, Test: 86.48%, Best Valid: 86.20%, Best Test: 86.48%
Epoch: 300, Loss: 0.5363, Train: 90.06%, Valid: 89.09%, Test: 89.89%, Best Valid: 89.23%, Best Test: 89.67%
Epoch: 400, Loss: 0.4855, Train: 91.05%, Valid: 89.93%, Test: 90.65%, Best Valid: 89.96%, Best Test: 90.46%
Epoch: 500, Loss: 0.4532, Train: 92.14%, Valid: 90.78%, Test: 91.77%, Best Valid: 90.83%, Best Test: 91.71%
Epoch: 600, Loss: 0.4186, Train: 92.73%, Valid: 91.46%, Test: 92.34%, Best Valid: 91.52%, Best Test: 92.34%
Epoch: 700, Loss: 0.3950, Train: 93.18%, Valid: 91.65%, Test: 92.67%, Best Valid: 91.71%, Best Test: 92.50%
Epoch: 800, Loss: 0.3813, Train: 93.35%, Valid: 91.84%, Test: 92.75%, Best Valid: 91.93%, Best Test: 92.83%
Epoch: 900, Loss: 0.3706, Train: 93.57%, Valid: 92.03%, Test: 92.88%, Best Valid: 92.14%, Best Test: 92.75%
Run 03:
Highest Train: 93.69
Highest Valid: 92.33
Highest Test: 92.99
Chosen epoch: 980
Final Train: 93.66
Final Test: 92.91
Pre-training MLP for 500 epochs to generate co-occurrence matrix...
Penalty transform 'homophily': rel Frobenius dist to original = 0.2750, off-diag CV of original penalty = 0.2726
MLP pre-training complete. Penalty matrix frozen.
Epoch: 00, Loss: 3.7896, Train: 14.85%, Valid: 14.16%, Test: 14.67%, Best Valid: 14.16%, Best Test: 14.67%
Epoch: 100, Loss: 1.5299, Train: 62.89%, Valid: 62.96%, Test: 62.60%, Best Valid: 62.96%, Best Test: 62.60%
Epoch: 200, Loss: 0.8215, Train: 83.49%, Valid: 83.22%, Test: 83.83%, Best Valid: 83.25%, Best Test: 83.62%
Epoch: 300, Loss: 0.5406, Train: 90.04%, Valid: 89.28%, Test: 89.89%, Best Valid: 89.28%, Best Test: 89.86%
Epoch: 400, Loss: 0.4785, Train: 91.15%, Valid: 90.18%, Test: 90.95%, Best Valid: 90.26%, Best Test: 90.89%
Epoch: 500, Loss: 0.4392, Train: 92.37%, Valid: 91.03%, Test: 92.04%, Best Valid: 91.03%, Best Test: 91.98%
Epoch: 600, Loss: 0.4090, Train: 93.03%, Valid: 91.54%, Test: 92.53%, Best Valid: 91.60%, Best Test: 92.61%
Epoch: 700, Loss: 0.3884, Train: 93.34%, Valid: 91.76%, Test: 92.83%, Best Valid: 91.90%, Best Test: 92.72%
Epoch: 800, Loss: 0.3774, Train: 93.48%, Valid: 91.95%, Test: 92.94%, Best Valid: 92.06%, Best Test: 92.88%
Epoch: 900, Loss: 0.3727, Train: 93.54%, Valid: 91.98%, Test: 93.02%, Best Valid: 92.20%, Best Test: 93.02%
Run 04:
Highest Train: 93.70
Highest Valid: 92.50
Highest Test: 93.21
Chosen epoch: 992
Final Train: 93.69
Final Test: 93.21
Pre-training MLP for 500 epochs to generate co-occurrence matrix...
Penalty transform 'homophily': rel Frobenius dist to original = 0.2721, off-diag CV of original penalty = 0.2698
MLP pre-training complete. Penalty matrix frozen.
Epoch: 00, Loss: 3.7889, Train: 20.44%, Valid: 20.16%, Test: 20.94%, Best Valid: 20.16%, Best Test: 20.94%
Epoch: 100, Loss: 1.6202, Train: 65.61%, Valid: 65.52%, Test: 64.34%, Best Valid: 65.52%, Best Test: 64.34%
Epoch: 200, Loss: 0.7627, Train: 84.52%, Valid: 84.45%, Test: 84.68%, Best Valid: 84.45%, Best Test: 84.51%
Epoch: 300, Loss: 0.5498, Train: 90.28%, Valid: 89.39%, Test: 89.97%, Best Valid: 89.39%, Best Test: 89.97%
Epoch: 400, Loss: 0.4878, Train: 91.34%, Valid: 90.13%, Test: 90.84%, Best Valid: 90.13%, Best Test: 90.84%
Epoch: 500, Loss: 0.4508, Train: 92.13%, Valid: 90.75%, Test: 91.36%, Best Valid: 90.81%, Best Test: 91.33%
Epoch: 600, Loss: 0.4225, Train: 92.86%, Valid: 91.57%, Test: 92.12%, Best Valid: 91.63%, Best Test: 92.12%
Epoch: 700, Loss: 0.3933, Train: 93.22%, Valid: 91.73%, Test: 92.50%, Best Valid: 91.87%, Best Test: 92.50%
Epoch: 800, Loss: 0.3854, Train: 93.49%, Valid: 92.09%, Test: 92.75%, Best Valid: 92.17%, Best Test: 92.69%
Epoch: 900, Loss: 0.3761, Train: 93.55%, Valid: 92.20%, Test: 92.88%, Best Valid: 92.25%, Best Test: 92.86%
Run 05:
Highest Train: 93.70
Highest Valid: 92.33
Highest Test: 93.13
Chosen epoch: 993
Final Train: 93.64
Final Test: 93.10
Pre-training MLP for 500 epochs to generate co-occurrence matrix...
Penalty transform 'homophily': rel Frobenius dist to original = 0.2711, off-diag CV of original penalty = 0.2691
MLP pre-training complete. Penalty matrix frozen.
Epoch: 00, Loss: 3.7986, Train: 7.68%, Valid: 7.26%, Test: 7.72%, Best Valid: 7.26%, Best Test: 7.72%
Epoch: 100, Loss: 1.7224, Train: 54.20%, Valid: 54.56%, Test: 53.54%, Best Valid: 54.56%, Best Test: 53.54%
Epoch: 200, Loss: 0.7268, Train: 86.44%, Valid: 86.28%, Test: 86.53%, Best Valid: 86.28%, Best Test: 86.53%
Epoch: 300, Loss: 0.5498, Train: 89.92%, Valid: 88.79%, Test: 89.39%, Best Valid: 88.87%, Best Test: 89.31%
Epoch: 400, Loss: 0.4951, Train: 90.78%, Valid: 89.55%, Test: 90.35%, Best Valid: 89.66%, Best Test: 90.21%
Epoch: 500, Loss: 0.4639, Train: 91.49%, Valid: 90.21%, Test: 91.14%, Best Valid: 90.21%, Best Test: 91.11%
Epoch: 600, Loss: 0.4390, Train: 92.34%, Valid: 90.89%, Test: 92.01%, Best Valid: 90.94%, Best Test: 92.01%
Epoch: 700, Loss: 0.4110, Train: 92.83%, Valid: 91.27%, Test: 92.26%, Best Valid: 91.41%, Best Test: 92.23%
Epoch: 800, Loss: 0.3917, Train: 93.09%, Valid: 91.43%, Test: 92.31%, Best Valid: 91.63%, Best Test: 92.39%
Epoch: 900, Loss: 0.3876, Train: 93.27%, Valid: 91.68%, Test: 92.56%, Best Valid: 91.73%, Best Test: 92.48%
Run 06:
Highest Train: 93.47
Highest Valid: 91.95
Highest Test: 92.69
Chosen epoch: 996
Final Train: 93.40
Final Test: 92.69
Pre-training MLP for 500 epochs to generate co-occurrence matrix...
Penalty transform 'homophily': rel Frobenius dist to original = 0.2719, off-diag CV of original penalty = 0.2694
MLP pre-training complete. Penalty matrix frozen.
Epoch: 00, Loss: 3.7936, Train: 11.12%, Valid: 10.91%, Test: 11.21%, Best Valid: 10.91%, Best Test: 11.21%
Epoch: 100, Loss: 1.7126, Train: 61.23%, Valid: 61.07%, Test: 59.98%, Best Valid: 61.07%, Best Test: 59.98%
Epoch: 200, Loss: 0.7565, Train: 84.58%, Valid: 84.37%, Test: 84.81%, Best Valid: 84.37%, Best Test: 84.81%
Epoch: 300, Loss: 0.5452, Train: 90.04%, Valid: 89.14%, Test: 89.78%, Best Valid: 89.14%, Best Test: 89.78%
Epoch: 400, Loss: 0.4815, Train: 91.31%, Valid: 90.29%, Test: 90.76%, Best Valid: 90.29%, Best Test: 90.76%
Epoch: 500, Loss: 0.4318, Train: 92.68%, Valid: 91.41%, Test: 92.01%, Best Valid: 91.54%, Best Test: 92.04%
Epoch: 600, Loss: 0.4061, Train: 93.04%, Valid: 91.68%, Test: 92.45%, Best Valid: 91.82%, Best Test: 92.39%
Epoch: 700, Loss: 0.3903, Train: 93.34%, Valid: 91.76%, Test: 92.72%, Best Valid: 91.87%, Best Test: 92.72%
Epoch: 800, Loss: 0.3802, Train: 93.50%, Valid: 91.93%, Test: 92.88%, Best Valid: 92.01%, Best Test: 92.83%
Epoch: 900, Loss: 0.3696, Train: 93.55%, Valid: 92.14%, Test: 93.08%, Best Valid: 92.14%, Best Test: 93.08%
Run 07:
Highest Train: 93.67
Highest Valid: 92.23
Highest Test: 93.24
Chosen epoch: 959
Final Train: 93.64
Final Test: 93.02
Pre-training MLP for 500 epochs to generate co-occurrence matrix...
Penalty transform 'homophily': rel Frobenius dist to original = 0.2712, off-diag CV of original penalty = 0.2695
MLP pre-training complete. Penalty matrix frozen.
Epoch: 00, Loss: 3.7942, Train: 22.05%, Valid: 23.92%, Test: 22.74%, Best Valid: 23.92%, Best Test: 22.74%
Epoch: 100, Loss: 1.6165, Train: 64.21%, Valid: 63.48%, Test: 62.24%, Best Valid: 63.48%, Best Test: 62.24%
Epoch: 200, Loss: 0.8227, Train: 85.27%, Valid: 85.02%, Test: 85.33%, Best Valid: 85.02%, Best Test: 85.33%
Epoch: 300, Loss: 0.5408, Train: 90.14%, Valid: 89.47%, Test: 90.13%, Best Valid: 89.47%, Best Test: 90.13%
Epoch: 400, Loss: 0.4864, Train: 91.34%, Valid: 90.26%, Test: 91.06%, Best Valid: 90.26%, Best Test: 91.06%
Epoch: 500, Loss: 0.4528, Train: 92.00%, Valid: 90.70%, Test: 91.74%, Best Valid: 90.81%, Best Test: 91.71%
Epoch: 600, Loss: 0.4177, Train: 92.74%, Valid: 91.27%, Test: 92.26%, Best Valid: 91.41%, Best Test: 92.26%
Epoch: 700, Loss: 0.3954, Train: 93.04%, Valid: 91.73%, Test: 92.69%, Best Valid: 91.79%, Best Test: 92.72%
Epoch: 800, Loss: 0.3800, Train: 93.39%, Valid: 91.95%, Test: 93.08%, Best Valid: 92.06%, Best Test: 93.13%
Epoch: 900, Loss: 0.3690, Train: 93.55%, Valid: 92.06%, Test: 93.21%, Best Valid: 92.28%, Best Test: 93.13%
Run 08:
Highest Train: 93.73
Highest Valid: 92.36
Highest Test: 93.32
Chosen epoch: 975
Final Train: 93.61
Final Test: 93.24
Pre-training MLP for 500 epochs to generate co-occurrence matrix...
Penalty transform 'homophily': rel Frobenius dist to original = 0.2689, off-diag CV of original penalty = 0.2672
MLP pre-training complete. Penalty matrix frozen.
Epoch: 00, Loss: 3.7830, Train: 12.29%, Valid: 11.97%, Test: 10.96%, Best Valid: 11.97%, Best Test: 10.96%
Epoch: 100, Loss: 1.5225, Train: 63.81%, Valid: 63.48%, Test: 63.55%, Best Valid: 63.48%, Best Test: 63.55%
Epoch: 200, Loss: 0.8413, Train: 83.65%, Valid: 82.98%, Test: 83.70%, Best Valid: 82.98%, Best Test: 83.70%
Epoch: 300, Loss: 0.5600, Train: 90.44%, Valid: 89.44%, Test: 90.27%, Best Valid: 89.53%, Best Test: 90.21%
Epoch: 400, Loss: 0.4834, Train: 91.37%, Valid: 90.45%, Test: 91.22%, Best Valid: 90.48%, Best Test: 91.17%
Epoch: 500, Loss: 0.4523, Train: 92.19%, Valid: 90.89%, Test: 91.71%, Best Valid: 90.92%, Best Test: 91.74%
Epoch: 600, Loss: 0.4240, Train: 92.56%, Valid: 91.13%, Test: 92.09%, Best Valid: 91.27%, Best Test: 92.01%
Epoch: 700, Loss: 0.4073, Train: 92.86%, Valid: 91.35%, Test: 92.48%, Best Valid: 91.41%, Best Test: 92.50%
Epoch: 800, Loss: 0.3916, Train: 93.09%, Valid: 91.63%, Test: 92.88%, Best Valid: 91.73%, Best Test: 92.75%
Epoch: 900, Loss: 0.3793, Train: 93.34%, Valid: 92.06%, Test: 93.08%, Best Valid: 92.17%, Best Test: 93.05%
Run 09:
Highest Train: 93.54
Highest Valid: 92.42
Highest Test: 93.27
Chosen epoch: 989
Final Train: 93.51
Final Test: 93.18
Pre-training MLP for 500 epochs to generate co-occurrence matrix...
Penalty transform 'homophily': rel Frobenius dist to original = 0.2721, off-diag CV of original penalty = 0.2699
MLP pre-training complete. Penalty matrix frozen.
Epoch: 00, Loss: 3.7839, Train: 12.67%, Valid: 12.47%, Test: 11.34%, Best Valid: 12.47%, Best Test: 11.34%
Epoch: 100, Loss: 1.7074, Train: 65.82%, Valid: 65.85%, Test: 65.08%, Best Valid: 65.85%, Best Test: 65.08%
Epoch: 200, Loss: 0.7391, Train: 85.84%, Valid: 85.68%, Test: 85.99%, Best Valid: 85.68%, Best Test: 85.99%
Epoch: 300, Loss: 0.5370, Train: 90.33%, Valid: 89.44%, Test: 90.08%, Best Valid: 89.50%, Best Test: 90.08%
Epoch: 400, Loss: 0.4675, Train: 91.97%, Valid: 90.51%, Test: 91.71%, Best Valid: 90.75%, Best Test: 91.66%
Epoch: 500, Loss: 0.4335, Train: 92.59%, Valid: 91.24%, Test: 92.50%, Best Valid: 91.30%, Best Test: 92.56%
Epoch: 600, Loss: 0.4043, Train: 93.04%, Valid: 91.68%, Test: 93.02%, Best Valid: 91.76%, Best Test: 93.05%
Epoch: 700, Loss: 0.3871, Train: 93.33%, Valid: 91.73%, Test: 93.27%, Best Valid: 91.98%, Best Test: 93.13%
Epoch: 800, Loss: 0.3749, Train: 93.44%, Valid: 92.20%, Test: 93.40%, Best Valid: 92.25%, Best Test: 93.38%
Epoch: 900, Loss: 0.3701, Train: 93.59%, Valid: 92.23%, Test: 93.32%, Best Valid: 92.39%, Best Test: 93.43%
Run 10:
Highest Train: 93.78
Highest Valid: 92.61
Highest Test: 93.59
Chosen epoch: 974
Final Train: 93.77
Final Test: 93.57
All runs:
Highest Train: 93.66 ± 0.09
Highest Test: 93.21 ± 0.24
Highest Valid: 92.35 ± 0.17
  Final Train: 93.61 ± 0.11
   Final Test: 93.14 ± 0.23
Saving results to results_tuned/coauthor-cs/sgformer.csv
Condition sweep completed.
Task 30 done.
