Sun Jul 26 17:03:30 2026       
+-----------------------------------------------------------------------------------------+
| NVIDIA-SMI 580.159.04             Driver Version: 580.159.04     CUDA Version: 13.0     |
+-----------------------------------------+------------------------+----------------------+
| GPU  Name                 Persistence-M | Bus-Id          Disp.A | Volatile Uncorr. ECC |
| Fan  Temp   Perf          Pwr:Usage/Cap |           Memory-Usage | GPU-Util  Compute M. |
|                                         |                        |               MIG M. |
|=========================================+========================+======================|
|   0  NVIDIA A100-SXM4-80GB          On  |   00000000:01:00.0 Off |                   On |
| N/A   40C    P0            146W /  500W |   29230MiB /  81920MiB |     N/A      Default |
|                                         |                        |              Enabled |
+-----------------------------------------+------------------------+----------------------+
|   1  NVIDIA A100-SXM4-80GB          On  |   00000000:41:00.0 Off |                   On |
| N/A   30C    P0             68W /  500W |    8778MiB /  81920MiB |     N/A      Default |
|                                         |                        |              Enabled |
+-----------------------------------------+------------------------+----------------------+
|   2  NVIDIA A100-SXM4-80GB          On  |   00000000:81:00.0 Off |                   On |
| N/A   39C    P0            130W /  500W |    2105MiB /  81920MiB |     N/A      Default |
|                                         |                        |              Enabled |
+-----------------------------------------+------------------------+----------------------+
|   3  NVIDIA A100-SXM4-80GB          On  |   00000000:C1:00.0 Off |                   On |
| N/A   34C    P0            145W /  500W |   12353MiB /  81920MiB |     N/A      Default |
|                                         |                        |              Enabled |
+-----------------------------------------+------------------------+----------------------+

+-----------------------------------------------------------------------------------------+
| MIG devices:                                                                            |
+------------------+----------------------------------+-----------+-----------------------+
| GPU  GI  CI  MIG |              Shared Memory-Usage |        Vol|        Shared         |
|      ID  ID  Dev |                Shared BAR1-Usage | SM     Unc| CE ENC  DEC  OFA  JPG |
|                  |                                  |        ECC|                       |
|==================+==================================+===========+=======================|
|  1    3   0   0  |              71MiB / 19968MiB    | 28      0 |  2   0    1    0    0 |
|                  |               0MiB / 12271MiB    |           |                       |
+------------------+----------------------------------+-----------+-----------------------+

+-----------------------------------------------------------------------------------------+
| Processes:                                                                              |
|  GPU   GI   CI              PID   Type   Process name                        GPU Memory |
|        ID   ID                                                               Usage      |
|=========================================================================================|
|    0   10    0          2166476      C   ...ware/symmetrix-env/bin/python       8240MiB |
|    0    9    0          2166477      C   ...ware/symmetrix-env/bin/python       8622MiB |
|    0    3    0          3262327      C   python                                12096MiB |
|    2    3    0          3316421      C   python                                 1848MiB |
|    3    5    0          3264656      C   python                                12096MiB |
+-----------------------------------------------------------------------------------------+
Reg sweep (search winner): sgformer / coauthor-cs | group 1
python main.py --model sgformer --dataset coauthor-cs --lr 0.001 --hidden_channels 256 --dropout 0.7 --weight_decay 0.0005 --num_heads 1 --runs 10 --device 0 --result_dir results_tuned --model_dir models/gt_reg_s_1108501_29 --paired_seeds  --layers 2 --tr_layers 1 --graph_weight 0.8 --alpha 0.5 --use_graph --use_residual --epochs 1000
==========================================================
Condition sweep: python main.py --model sgformer --dataset coauthor-cs --lr 0.001 --hidden_channels 256 --dropout 0.7 --weight_decay 0.0005 --num_heads 1 --runs 10 --device 0 --result_dir results_tuned --model_dir models/gt_reg_s_1108501_29 --paired_seeds  --layers 2 --tr_layers 1 --graph_weight 0.8 --alpha 0.5 --use_graph --use_residual --epochs 1000
result_dir=results_tuned transforms=[shuffle] oracle=0 baseline=0
==========================================================
--- mlp_reg | transform=shuffle | lambda=0.01 | mlp_epochs=500 ---
    (already completed — requeue resume, skipping)
--- mlp_reg | transform=shuffle | lambda=0.05 | mlp_epochs=500 ---
Namespace(aggregate='add', alpha=0.5, attention='gcn', beta=-1.0, bn=False, cpu=False, data_dir='../data/', dataset='coauthor-cs', device=0, dim_inner=256, display_step=100, dropout=0.7, epochs=1000, global_dropout=None, global_epochs=0, global_layers=2, gnn='gcn', graph_weight=0.8, hidden_channels=256, hops=10, in_dropout=0.0, jk=False, label_num_per_class=20, lambda_val=0.05, layers=2, ln=False, local_epochs=0, local_gnn_type='GCN', local_layers=7, lr=0.001, metric='acc', mlp_epochs=500, mlp_reg=True, model='sgformer', model_dir='models/gt_reg_s_1108501_29', n_heads=1, num_centroids=4096, num_heads=1, oracle_reg=False, paired_seeds=True, pe_types='RWSE', penalty_transform='shuffle', pre_linear=False, pre_ln=False, rand_split=False, rand_split_class=False, reg_start_epoch=10, reg_update_freq=5, res=False, result_dir='results_tuned', runs=10, save_model=False, save_result=False, seed=42, test_num=1000, tr_dropout=None, tr_layers=1, tr_weight_decay=None, train_prop=0.5, use_act=False, use_bn=False, use_graph=True, use_reg=True, use_residual=True, use_weight=False, valid_num=500, valid_prop=0.25, weight_decay=0.0005)
coauthor-cs
dataset coauthor-cs | num nodes 18333 | num edge 163788 | num node feats 6805 | num classes 15
MODEL: SGFormer(
  (trans_conv): TransConv(
    (convs): ModuleList(
      (0): TransConvLayer(
        (Wk): Linear(in_features=256, out_features=256, bias=True)
        (Wq): Linear(in_features=256, out_features=256, bias=True)
      )
    )
    (fcs): ModuleList(
      (0): Linear(in_features=6805, out_features=256, bias=True)
    )
    (bns): ModuleList(
      (0): LayerNorm((256,), eps=1e-05, elementwise_affine=True)
      (1): LayerNorm((256,), eps=1e-05, elementwise_affine=True)
    )
  )
  (gnn): GCN(
    (convs): ModuleList(
      (0): GCNConv(6805, 256)
      (1): GCNConv(256, 256)
    )
    (bns): ModuleList(
      (0): BatchNorm1d(256, eps=1e-05, momentum=0.1, affine=True, track_running_stats=True)
    )
  )
  (fc): Linear(in_features=256, out_features=15, bias=True)
)
Pre-training MLP for 500 epochs to generate co-occurrence matrix...
Penalty transform 'shuffle': rel Frobenius dist to original = 0.5213, off-diag CV of original penalty = 0.2709
MLP pre-training complete. Penalty matrix frozen.
Epoch: 00, Loss: 2.8515, Train: 12.29%, Valid: 11.97%, Test: 10.96%, Best Valid: 11.97%, Best Test: 10.96%
Epoch: 100, Loss: 1.2324, Train: 65.90%, Valid: 65.96%, Test: 65.81%, Best Valid: 65.96%, Best Test: 65.81%
Epoch: 200, Loss: 0.6033, Train: 87.10%, Valid: 86.85%, Test: 87.27%, Best Valid: 86.93%, Best Test: 87.24%
Epoch: 300, Loss: 0.4364, Train: 90.23%, Valid: 88.95%, Test: 89.86%, Best Valid: 89.20%, Best Test: 89.91%
Epoch: 400, Loss: 0.3912, Train: 91.34%, Valid: 89.91%, Test: 91.14%, Best Valid: 89.93%, Best Test: 91.22%
Epoch: 500, Loss: 0.3618, Train: 92.44%, Valid: 91.11%, Test: 92.04%, Best Valid: 91.24%, Best Test: 92.04%
Epoch: 600, Loss: 0.3336, Train: 92.84%, Valid: 91.52%, Test: 92.50%, Best Valid: 91.68%, Best Test: 92.64%
Epoch: 700, Loss: 0.3176, Train: 93.11%, Valid: 91.76%, Test: 92.67%, Best Valid: 91.90%, Best Test: 92.45%
Epoch: 800, Loss: 0.3074, Train: 93.33%, Valid: 91.82%, Test: 92.83%, Best Valid: 91.90%, Best Test: 92.45%
Epoch: 900, Loss: 0.3000, Train: 93.43%, Valid: 91.84%, Test: 93.08%, Best Valid: 92.01%, Best Test: 93.16%
Run 01:
Highest Train: 93.57
Highest Valid: 92.09
Highest Test: 93.24
Chosen epoch: 994
Final Train: 93.54
Final Test: 93.10
Pre-training MLP for 500 epochs to generate co-occurrence matrix...
Penalty transform 'shuffle': rel Frobenius dist to original = 0.5114, off-diag CV of original penalty = 0.2739
MLP pre-training complete. Penalty matrix frozen.
Epoch: 00, Loss: 2.8492, Train: 3.88%, Valid: 3.57%, Test: 4.09%, Best Valid: 3.57%, Best Test: 4.09%
Epoch: 100, Loss: 1.2066, Train: 72.62%, Valid: 71.99%, Test: 71.70%, Best Valid: 71.99%, Best Test: 71.70%
Epoch: 200, Loss: 0.5471, Train: 88.09%, Valid: 87.73%, Test: 87.95%, Best Valid: 87.73%, Best Test: 87.95%
Epoch: 300, Loss: 0.4257, Train: 90.24%, Valid: 89.25%, Test: 89.80%, Best Valid: 89.28%, Best Test: 89.99%
Epoch: 400, Loss: 0.3850, Train: 91.69%, Valid: 90.13%, Test: 91.19%, Best Valid: 90.21%, Best Test: 91.14%
Epoch: 500, Loss: 0.3564, Train: 92.17%, Valid: 90.78%, Test: 91.74%, Best Valid: 90.83%, Best Test: 91.63%
Epoch: 600, Loss: 0.3389, Train: 92.52%, Valid: 91.35%, Test: 92.15%, Best Valid: 91.46%, Best Test: 92.18%
Epoch: 700, Loss: 0.3205, Train: 93.06%, Valid: 91.68%, Test: 92.78%, Best Valid: 91.76%, Best Test: 92.72%
Epoch: 800, Loss: 0.3084, Train: 93.18%, Valid: 91.82%, Test: 92.83%, Best Valid: 91.95%, Best Test: 92.88%
Epoch: 900, Loss: 0.3021, Train: 93.35%, Valid: 92.03%, Test: 93.08%, Best Valid: 92.03%, Best Test: 93.08%
Run 02:
Highest Train: 93.54
Highest Valid: 92.03
Highest Test: 93.27
Chosen epoch: 900
Final Train: 93.35
Final Test: 93.08
Pre-training MLP for 500 epochs to generate co-occurrence matrix...
Penalty transform 'shuffle': rel Frobenius dist to original = 0.4997, off-diag CV of original penalty = 0.2691
MLP pre-training complete. Penalty matrix frozen.
Epoch: 00, Loss: 2.8328, Train: 22.05%, Valid: 23.92%, Test: 22.74%, Best Valid: 23.92%, Best Test: 22.74%
Epoch: 100, Loss: 1.1363, Train: 74.66%, Valid: 73.46%, Test: 73.88%, Best Valid: 73.46%, Best Test: 73.88%
Epoch: 200, Loss: 0.5294, Train: 88.33%, Valid: 87.73%, Test: 88.25%, Best Valid: 87.78%, Best Test: 88.22%
Epoch: 300, Loss: 0.4214, Train: 90.25%, Valid: 89.31%, Test: 89.91%, Best Valid: 89.31%, Best Test: 89.91%
Epoch: 400, Loss: 0.3860, Train: 90.92%, Valid: 89.93%, Test: 90.38%, Best Valid: 89.93%, Best Test: 90.38%
Epoch: 500, Loss: 0.3641, Train: 92.04%, Valid: 90.70%, Test: 91.60%, Best Valid: 90.75%, Best Test: 91.33%
Epoch: 600, Loss: 0.3414, Train: 92.58%, Valid: 91.13%, Test: 92.09%, Best Valid: 91.22%, Best Test: 92.01%
Epoch: 700, Loss: 0.3211, Train: 92.95%, Valid: 91.49%, Test: 92.34%, Best Valid: 91.54%, Best Test: 92.26%
Epoch: 800, Loss: 0.3100, Train: 93.13%, Valid: 91.73%, Test: 92.48%, Best Valid: 91.79%, Best Test: 92.37%
Epoch: 900, Loss: 0.3017, Train: 93.24%, Valid: 91.76%, Test: 92.64%, Best Valid: 91.82%, Best Test: 92.53%
Run 03:
Highest Train: 93.46
Highest Valid: 91.98
Highest Test: 92.72
Chosen epoch: 998
Final Train: 93.37
Final Test: 92.61
Pre-training MLP for 500 epochs to generate co-occurrence matrix...
Penalty transform 'shuffle': rel Frobenius dist to original = 0.4944, off-diag CV of original penalty = 0.2726
MLP pre-training complete. Penalty matrix frozen.
Epoch: 00, Loss: 2.8422, Train: 16.54%, Valid: 15.74%, Test: 16.82%, Best Valid: 15.74%, Best Test: 16.82%
Epoch: 100, Loss: 1.1550, Train: 73.88%, Valid: 73.35%, Test: 73.72%, Best Valid: 73.35%, Best Test: 73.72%
Epoch: 200, Loss: 0.6107, Train: 85.24%, Valid: 84.83%, Test: 85.33%, Best Valid: 84.86%, Best Test: 85.28%
Epoch: 300, Loss: 0.4250, Train: 90.47%, Valid: 89.36%, Test: 90.13%, Best Valid: 89.39%, Best Test: 90.02%
Epoch: 400, Loss: 0.3714, Train: 91.89%, Valid: 90.67%, Test: 91.44%, Best Valid: 90.67%, Best Test: 91.44%
Epoch: 500, Loss: 0.3344, Train: 92.83%, Valid: 91.49%, Test: 92.28%, Best Valid: 91.49%, Best Test: 92.28%
Epoch: 600, Loss: 0.3186, Train: 93.27%, Valid: 91.68%, Test: 92.39%, Best Valid: 91.76%, Best Test: 92.39%
Epoch: 700, Loss: 0.3046, Train: 93.50%, Valid: 91.82%, Test: 92.58%, Best Valid: 91.95%, Best Test: 92.58%
Epoch: 800, Loss: 0.2988, Train: 93.61%, Valid: 91.87%, Test: 92.78%, Best Valid: 92.03%, Best Test: 92.72%
Epoch: 900, Loss: 0.2953, Train: 93.69%, Valid: 92.03%, Test: 92.67%, Best Valid: 92.12%, Best Test: 92.69%
Run 04:
Highest Train: 93.87
Highest Valid: 92.23
Highest Test: 92.88
Chosen epoch: 990
Final Train: 93.76
Final Test: 92.78
Pre-training MLP for 500 epochs to generate co-occurrence matrix...
Penalty transform 'shuffle': rel Frobenius dist to original = 0.5020, off-diag CV of original penalty = 0.2698
MLP pre-training complete. Penalty matrix frozen.
Epoch: 00, Loss: 2.8417, Train: 19.79%, Valid: 19.56%, Test: 19.74%, Best Valid: 19.56%, Best Test: 19.74%
Epoch: 100, Loss: 1.1688, Train: 73.45%, Valid: 72.53%, Test: 72.68%, Best Valid: 72.53%, Best Test: 72.68%
Epoch: 200, Loss: 0.5688, Train: 85.88%, Valid: 85.22%, Test: 85.88%, Best Valid: 85.35%, Best Test: 85.69%
Epoch: 300, Loss: 0.4312, Train: 90.19%, Valid: 88.87%, Test: 89.83%, Best Valid: 89.01%, Best Test: 89.89%
Epoch: 400, Loss: 0.3916, Train: 91.18%, Valid: 89.91%, Test: 90.57%, Best Valid: 89.93%, Best Test: 90.38%
Epoch: 500, Loss: 0.3640, Train: 92.20%, Valid: 90.64%, Test: 91.47%, Best Valid: 90.64%, Best Test: 91.47%
Epoch: 600, Loss: 0.3448, Train: 92.76%, Valid: 91.08%, Test: 91.79%, Best Valid: 91.13%, Best Test: 91.79%
Epoch: 700, Loss: 0.3262, Train: 92.84%, Valid: 91.16%, Test: 91.96%, Best Valid: 91.38%, Best Test: 92.15%
Epoch: 800, Loss: 0.3143, Train: 93.15%, Valid: 91.35%, Test: 92.26%, Best Valid: 91.63%, Best Test: 92.23%
Epoch: 900, Loss: 0.3062, Train: 93.44%, Valid: 91.73%, Test: 92.42%, Best Valid: 91.82%, Best Test: 92.37%
Run 05:
Highest Train: 93.56
Highest Valid: 91.82
Highest Test: 92.61
Chosen epoch: 899
Final Train: 93.45
Final Test: 92.37
Pre-training MLP for 500 epochs to generate co-occurrence matrix...
Penalty transform 'shuffle': rel Frobenius dist to original = 0.4866, off-diag CV of original penalty = 0.2691
MLP pre-training complete. Penalty matrix frozen.
Epoch: 00, Loss: 2.8490, Train: 7.68%, Valid: 7.26%, Test: 7.72%, Best Valid: 7.26%, Best Test: 7.72%
Epoch: 100, Loss: 1.1725, Train: 73.26%, Valid: 73.05%, Test: 72.16%, Best Valid: 73.05%, Best Test: 72.16%
Epoch: 200, Loss: 0.5273, Train: 88.30%, Valid: 87.89%, Test: 87.92%, Best Valid: 87.89%, Best Test: 87.92%
Epoch: 300, Loss: 0.4304, Train: 90.14%, Valid: 89.12%, Test: 89.72%, Best Valid: 89.28%, Best Test: 89.72%
Epoch: 400, Loss: 0.3895, Train: 91.15%, Valid: 89.96%, Test: 90.65%, Best Valid: 89.99%, Best Test: 90.81%
Epoch: 500, Loss: 0.3675, Train: 91.86%, Valid: 90.53%, Test: 91.28%, Best Valid: 90.53%, Best Test: 91.28%
Epoch: 600, Loss: 0.3470, Train: 92.39%, Valid: 91.03%, Test: 91.90%, Best Valid: 91.05%, Best Test: 91.96%
Epoch: 700, Loss: 0.3272, Train: 92.86%, Valid: 91.30%, Test: 92.23%, Best Valid: 91.49%, Best Test: 92.26%
Epoch: 800, Loss: 0.3136, Train: 93.04%, Valid: 91.38%, Test: 92.39%, Best Valid: 91.54%, Best Test: 92.37%
Epoch: 900, Loss: 0.3099, Train: 93.19%, Valid: 91.49%, Test: 92.53%, Best Valid: 91.71%, Best Test: 92.42%
Run 06:
Highest Train: 93.42
Highest Valid: 91.76
Highest Test: 92.61
Chosen epoch: 913
Final Train: 93.19
Final Test: 92.42
Pre-training MLP for 500 epochs to generate co-occurrence matrix...
Penalty transform 'shuffle': rel Frobenius dist to original = 0.4752, off-diag CV of original penalty = 0.2694
MLP pre-training complete. Penalty matrix frozen.
Epoch: 00, Loss: 2.8452, Train: 11.12%, Valid: 10.94%, Test: 11.23%, Best Valid: 10.94%, Best Test: 11.23%
Epoch: 100, Loss: 1.2346, Train: 73.47%, Valid: 72.83%, Test: 72.44%, Best Valid: 72.83%, Best Test: 72.44%
Epoch: 200, Loss: 0.5685, Train: 86.21%, Valid: 85.54%, Test: 86.21%, Best Valid: 85.57%, Best Test: 86.07%
Epoch: 300, Loss: 0.4229, Train: 91.04%, Valid: 89.88%, Test: 90.59%, Best Valid: 89.88%, Best Test: 90.59%
Epoch: 400, Loss: 0.3641, Train: 92.55%, Valid: 91.05%, Test: 91.66%, Best Valid: 91.16%, Best Test: 91.68%
Epoch: 500, Loss: 0.3301, Train: 93.06%, Valid: 91.43%, Test: 92.39%, Best Valid: 91.57%, Best Test: 92.28%
Epoch: 600, Loss: 0.3164, Train: 93.42%, Valid: 91.65%, Test: 92.83%, Best Valid: 91.87%, Best Test: 92.61%
Epoch: 700, Loss: 0.3047, Train: 93.44%, Valid: 91.84%, Test: 92.88%, Best Valid: 91.90%, Best Test: 92.91%
Epoch: 800, Loss: 0.2977, Train: 93.69%, Valid: 91.90%, Test: 93.05%, Best Valid: 92.03%, Best Test: 92.97%
Epoch: 900, Loss: 0.2905, Train: 93.68%, Valid: 92.06%, Test: 92.91%, Best Valid: 92.25%, Best Test: 93.05%
Run 07:
Highest Train: 93.83
Highest Valid: 92.33
Highest Test: 93.10
Chosen epoch: 997
Final Train: 93.70
Final Test: 92.97
Pre-training MLP for 500 epochs to generate co-occurrence matrix...
Penalty transform 'shuffle': rel Frobenius dist to original = 0.5438, off-diag CV of original penalty = 0.2695
MLP pre-training complete. Penalty matrix frozen.
Epoch: 00, Loss: 2.8456, Train: 22.05%, Valid: 23.92%, Test: 22.74%, Best Valid: 23.92%, Best Test: 22.74%
Epoch: 100, Loss: 1.1782, Train: 71.92%, Valid: 70.87%, Test: 71.07%, Best Valid: 70.87%, Best Test: 71.07%
Epoch: 200, Loss: 0.5843, Train: 87.13%, Valid: 86.96%, Test: 87.16%, Best Valid: 86.96%, Best Test: 87.16%
Epoch: 300, Loss: 0.4249, Train: 90.56%, Valid: 89.61%, Test: 90.02%, Best Valid: 89.66%, Best Test: 89.99%
Epoch: 400, Loss: 0.3818, Train: 91.89%, Valid: 90.59%, Test: 91.68%, Best Valid: 90.67%, Best Test: 91.66%
Epoch: 500, Loss: 0.3503, Train: 92.35%, Valid: 91.27%, Test: 92.18%, Best Valid: 91.41%, Best Test: 92.23%
Epoch: 600, Loss: 0.3250, Train: 93.03%, Valid: 91.93%, Test: 92.69%, Best Valid: 91.93%, Best Test: 92.69%
Epoch: 700, Loss: 0.3127, Train: 93.24%, Valid: 92.06%, Test: 92.97%, Best Valid: 92.20%, Best Test: 92.94%
Epoch: 800, Loss: 0.2995, Train: 93.38%, Valid: 91.98%, Test: 93.10%, Best Valid: 92.25%, Best Test: 93.05%
Epoch: 900, Loss: 0.2921, Train: 93.48%, Valid: 92.12%, Test: 93.05%, Best Valid: 92.28%, Best Test: 93.18%
Run 08:
Highest Train: 93.72
Highest Valid: 92.28
Highest Test: 93.32
Chosen epoch: 822
Final Train: 93.42
Final Test: 93.18
Pre-training MLP for 500 epochs to generate co-occurrence matrix...
Penalty transform 'shuffle': rel Frobenius dist to original = 0.5008, off-diag CV of original penalty = 0.2672
MLP pre-training complete. Penalty matrix frozen.
Epoch: 00, Loss: 2.8373, Train: 12.29%, Valid: 11.97%, Test: 10.96%, Best Valid: 11.97%, Best Test: 10.96%
Epoch: 100, Loss: 1.1266, Train: 73.42%, Valid: 72.50%, Test: 72.85%, Best Valid: 72.50%, Best Test: 72.85%
Epoch: 200, Loss: 0.6238, Train: 85.10%, Valid: 84.32%, Test: 85.20%, Best Valid: 84.32%, Best Test: 85.20%
Epoch: 300, Loss: 0.4348, Train: 90.47%, Valid: 89.42%, Test: 90.29%, Best Valid: 89.50%, Best Test: 90.29%
Epoch: 400, Loss: 0.3798, Train: 91.83%, Valid: 90.48%, Test: 91.33%, Best Valid: 90.59%, Best Test: 91.30%
Epoch: 500, Loss: 0.3499, Train: 92.40%, Valid: 91.13%, Test: 92.04%, Best Valid: 91.22%, Best Test: 91.85%
Epoch: 600, Loss: 0.3303, Train: 92.77%, Valid: 91.52%, Test: 92.37%, Best Valid: 91.54%, Best Test: 92.20%
Epoch: 700, Loss: 0.3153, Train: 93.12%, Valid: 91.76%, Test: 92.78%, Best Valid: 92.09%, Best Test: 92.83%
Epoch: 800, Loss: 0.3040, Train: 93.35%, Valid: 92.09%, Test: 92.97%, Best Valid: 92.20%, Best Test: 93.08%
Epoch: 900, Loss: 0.2958, Train: 93.50%, Valid: 92.17%, Test: 93.24%, Best Valid: 92.28%, Best Test: 93.08%
Run 09:
Highest Train: 93.70
Highest Valid: 92.33
Highest Test: 93.38
Chosen epoch: 955
Final Train: 93.52
Final Test: 93.27
Pre-training MLP for 500 epochs to generate co-occurrence matrix...
Penalty transform 'shuffle': rel Frobenius dist to original = 0.5210, off-diag CV of original penalty = 0.2699
MLP pre-training complete. Penalty matrix frozen.
Epoch: 00, Loss: 2.8379, Train: 13.18%, Valid: 13.09%, Test: 11.72%, Best Valid: 13.09%, Best Test: 11.72%
Epoch: 100, Loss: 1.2042, Train: 74.40%, Valid: 73.92%, Test: 73.64%, Best Valid: 73.92%, Best Test: 73.64%
Epoch: 200, Loss: 0.5612, Train: 86.49%, Valid: 85.79%, Test: 86.50%, Best Valid: 85.79%, Best Test: 86.50%
Epoch: 300, Loss: 0.4312, Train: 90.40%, Valid: 89.28%, Test: 89.94%, Best Valid: 89.28%, Best Test: 89.99%
Epoch: 400, Loss: 0.3735, Train: 91.94%, Valid: 90.45%, Test: 91.63%, Best Valid: 90.51%, Best Test: 91.41%
Epoch: 500, Loss: 0.3500, Train: 92.46%, Valid: 91.16%, Test: 92.12%, Best Valid: 91.24%, Best Test: 92.07%
Epoch: 600, Loss: 0.3251, Train: 92.97%, Valid: 91.82%, Test: 92.86%, Best Valid: 91.82%, Best Test: 92.86%
Epoch: 700, Loss: 0.3115, Train: 93.17%, Valid: 91.84%, Test: 93.08%, Best Valid: 91.98%, Best Test: 92.94%
Epoch: 800, Loss: 0.3025, Train: 93.39%, Valid: 91.98%, Test: 93.35%, Best Valid: 92.06%, Best Test: 93.18%
Epoch: 900, Loss: 0.2978, Train: 93.51%, Valid: 92.01%, Test: 93.27%, Best Valid: 92.25%, Best Test: 93.29%
Run 10:
Highest Train: 93.72
Highest Valid: 92.33
Highest Test: 93.40
Chosen epoch: 951
Final Train: 93.55
Final Test: 93.27
All runs:
Highest Train: 93.64 ± 0.15
Highest Test: 93.05 ± 0.32
Highest Valid: 92.12 ± 0.22
  Final Train: 93.49 ± 0.17
   Final Test: 92.90 ± 0.34
Saving results to results_tuned/coauthor-cs/sgformer.csv
--- mlp_reg | transform=shuffle | lambda=0.1 | mlp_epochs=500 ---
Namespace(aggregate='add', alpha=0.5, attention='gcn', beta=-1.0, bn=False, cpu=False, data_dir='../data/', dataset='coauthor-cs', device=0, dim_inner=256, display_step=100, dropout=0.7, epochs=1000, global_dropout=None, global_epochs=0, global_layers=2, gnn='gcn', graph_weight=0.8, hidden_channels=256, hops=10, in_dropout=0.0, jk=False, label_num_per_class=20, lambda_val=0.1, layers=2, ln=False, local_epochs=0, local_gnn_type='GCN', local_layers=7, lr=0.001, metric='acc', mlp_epochs=500, mlp_reg=True, model='sgformer', model_dir='models/gt_reg_s_1108501_29', n_heads=1, num_centroids=4096, num_heads=1, oracle_reg=False, paired_seeds=True, pe_types='RWSE', penalty_transform='shuffle', pre_linear=False, pre_ln=False, rand_split=False, rand_split_class=False, reg_start_epoch=10, reg_update_freq=5, res=False, result_dir='results_tuned', runs=10, save_model=False, save_result=False, seed=42, test_num=1000, tr_dropout=None, tr_layers=1, tr_weight_decay=None, train_prop=0.5, use_act=False, use_bn=False, use_graph=True, use_reg=True, use_residual=True, use_weight=False, valid_num=500, valid_prop=0.25, weight_decay=0.0005)
coauthor-cs
dataset coauthor-cs | num nodes 18333 | num edge 163788 | num node feats 6805 | num classes 15
MODEL: SGFormer(
  (trans_conv): TransConv(
    (convs): ModuleList(
      (0): TransConvLayer(
        (Wk): Linear(in_features=256, out_features=256, bias=True)
        (Wq): Linear(in_features=256, out_features=256, bias=True)
      )
    )
    (fcs): ModuleList(
      (0): Linear(in_features=6805, out_features=256, bias=True)
    )
    (bns): ModuleList(
      (0): LayerNorm((256,), eps=1e-05, elementwise_affine=True)
      (1): LayerNorm((256,), eps=1e-05, elementwise_affine=True)
    )
  )
  (gnn): GCN(
    (convs): ModuleList(
      (0): GCNConv(6805, 256)
      (1): GCNConv(256, 256)
    )
    (bns): ModuleList(
      (0): BatchNorm1d(256, eps=1e-05, momentum=0.1, affine=True, track_running_stats=True)
    )
  )
  (fc): Linear(in_features=256, out_features=15, bias=True)
)
Pre-training MLP for 500 epochs to generate co-occurrence matrix...
Penalty transform 'shuffle': rel Frobenius dist to original = 0.5213, off-diag CV of original penalty = 0.2709
MLP pre-training complete. Penalty matrix frozen.
Epoch: 00, Loss: 2.9873, Train: 12.29%, Valid: 11.97%, Test: 10.96%, Best Valid: 11.97%, Best Test: 10.96%
Epoch: 100, Loss: 1.3021, Train: 63.79%, Valid: 63.91%, Test: 64.26%, Best Valid: 63.91%, Best Test: 64.26%
Epoch: 200, Loss: 0.6368, Train: 87.14%, Valid: 86.69%, Test: 87.76%, Best Valid: 86.69%, Best Test: 87.76%
Epoch: 300, Loss: 0.4605, Train: 90.36%, Valid: 89.03%, Test: 89.91%, Best Valid: 89.14%, Best Test: 89.83%
Epoch: 400, Loss: 0.4112, Train: 91.37%, Valid: 89.93%, Test: 91.25%, Best Valid: 89.93%, Best Test: 91.25%
Epoch: 500, Loss: 0.3803, Train: 92.43%, Valid: 91.00%, Test: 92.04%, Best Valid: 91.22%, Best Test: 92.09%
Epoch: 600, Loss: 0.3517, Train: 92.87%, Valid: 91.35%, Test: 92.50%, Best Valid: 91.68%, Best Test: 92.45%
Epoch: 700, Loss: 0.3343, Train: 93.15%, Valid: 91.71%, Test: 92.53%, Best Valid: 91.87%, Best Test: 92.50%
Epoch: 800, Loss: 0.3227, Train: 93.32%, Valid: 91.79%, Test: 92.83%, Best Valid: 91.87%, Best Test: 92.50%
Epoch: 900, Loss: 0.3155, Train: 93.42%, Valid: 91.79%, Test: 93.05%, Best Valid: 91.93%, Best Test: 92.94%
Run 01:
Highest Train: 93.54
Highest Valid: 92.06
Highest Test: 93.21
Chosen epoch: 995
Final Train: 93.51
Final Test: 93.21
Pre-training MLP for 500 epochs to generate co-occurrence matrix...
Penalty transform 'shuffle': rel Frobenius dist to original = 0.5114, off-diag CV of original penalty = 0.2739
MLP pre-training complete. Penalty matrix frozen.
Epoch: 00, Loss: 2.9849, Train: 3.88%, Valid: 3.57%, Test: 4.09%, Best Valid: 3.57%, Best Test: 4.09%
Epoch: 100, Loss: 1.2691, Train: 72.92%, Valid: 72.56%, Test: 72.27%, Best Valid: 72.56%, Best Test: 72.27%
Epoch: 200, Loss: 0.5854, Train: 87.97%, Valid: 87.64%, Test: 87.95%, Best Valid: 87.64%, Best Test: 87.95%
Epoch: 300, Loss: 0.4482, Train: 90.21%, Valid: 89.20%, Test: 89.86%, Best Valid: 89.23%, Best Test: 89.99%
Epoch: 400, Loss: 0.4034, Train: 91.60%, Valid: 90.04%, Test: 91.09%, Best Valid: 90.21%, Best Test: 91.09%
Epoch: 500, Loss: 0.3749, Train: 92.23%, Valid: 90.81%, Test: 91.77%, Best Valid: 90.81%, Best Test: 91.77%
Epoch: 600, Loss: 0.3552, Train: 92.68%, Valid: 91.43%, Test: 92.28%, Best Valid: 91.60%, Best Test: 92.37%
Epoch: 700, Loss: 0.3343, Train: 93.14%, Valid: 91.76%, Test: 92.72%, Best Valid: 91.79%, Best Test: 92.72%
Epoch: 800, Loss: 0.3229, Train: 93.18%, Valid: 91.95%, Test: 92.86%, Best Valid: 91.95%, Best Test: 92.86%
Epoch: 900, Loss: 0.3164, Train: 93.34%, Valid: 91.98%, Test: 93.13%, Best Valid: 92.01%, Best Test: 92.88%
Run 02:
Highest Train: 93.58
Highest Valid: 92.09
Highest Test: 93.24
Chosen epoch: 985
Final Train: 93.58
Final Test: 93.21
Pre-training MLP for 500 epochs to generate co-occurrence matrix...
Penalty transform 'shuffle': rel Frobenius dist to original = 0.4997, off-diag CV of original penalty = 0.2691
MLP pre-training complete. Penalty matrix frozen.
Epoch: 00, Loss: 2.9677, Train: 22.05%, Valid: 23.92%, Test: 22.74%, Best Valid: 23.92%, Best Test: 22.74%
Epoch: 100, Loss: 1.1779, Train: 74.72%, Valid: 74.00%, Test: 74.51%, Best Valid: 74.00%, Best Test: 74.51%
Epoch: 200, Loss: 0.5537, Train: 88.36%, Valid: 87.81%, Test: 88.30%, Best Valid: 87.81%, Best Test: 88.30%
Epoch: 300, Loss: 0.4420, Train: 90.33%, Valid: 89.36%, Test: 89.91%, Best Valid: 89.39%, Best Test: 89.83%
Epoch: 400, Loss: 0.4049, Train: 91.01%, Valid: 90.02%, Test: 90.40%, Best Valid: 90.02%, Best Test: 90.40%
Epoch: 500, Loss: 0.3826, Train: 92.11%, Valid: 90.64%, Test: 91.74%, Best Valid: 90.73%, Best Test: 91.36%
Epoch: 600, Loss: 0.3625, Train: 92.38%, Valid: 90.92%, Test: 91.96%, Best Valid: 90.92%, Best Test: 91.96%
Epoch: 700, Loss: 0.3437, Train: 92.74%, Valid: 91.24%, Test: 92.28%, Best Valid: 91.27%, Best Test: 92.12%
Epoch: 800, Loss: 0.3299, Train: 92.97%, Valid: 91.73%, Test: 92.42%, Best Valid: 91.73%, Best Test: 92.42%
Epoch: 900, Loss: 0.3184, Train: 93.23%, Valid: 91.68%, Test: 92.42%, Best Valid: 91.76%, Best Test: 92.56%
Run 03:
Highest Train: 93.52
Highest Valid: 91.84
Highest Test: 92.72
Chosen epoch: 967
Final Train: 93.32
Final Test: 92.56
Pre-training MLP for 500 epochs to generate co-occurrence matrix...
Penalty transform 'shuffle': rel Frobenius dist to original = 0.4944, off-diag CV of original penalty = 0.2726
MLP pre-training complete. Penalty matrix frozen.
Epoch: 00, Loss: 2.9776, Train: 16.76%, Valid: 16.01%, Test: 17.01%, Best Valid: 16.01%, Best Test: 17.01%
Epoch: 100, Loss: 1.2076, Train: 73.78%, Valid: 73.00%, Test: 73.56%, Best Valid: 73.00%, Best Test: 73.56%
Epoch: 200, Loss: 0.6282, Train: 85.44%, Valid: 85.11%, Test: 85.50%, Best Valid: 85.27%, Best Test: 85.50%
Epoch: 300, Loss: 0.4395, Train: 90.55%, Valid: 89.53%, Test: 90.24%, Best Valid: 89.58%, Best Test: 90.27%
Epoch: 400, Loss: 0.3907, Train: 91.92%, Valid: 90.64%, Test: 91.38%, Best Valid: 90.64%, Best Test: 91.38%
Epoch: 500, Loss: 0.3539, Train: 92.79%, Valid: 91.52%, Test: 92.18%, Best Valid: 91.57%, Best Test: 92.04%
Epoch: 600, Loss: 0.3351, Train: 93.19%, Valid: 91.57%, Test: 92.48%, Best Valid: 91.68%, Best Test: 92.48%
Epoch: 700, Loss: 0.3194, Train: 93.44%, Valid: 91.73%, Test: 92.53%, Best Valid: 91.87%, Best Test: 92.42%
Epoch: 800, Loss: 0.3125, Train: 93.58%, Valid: 91.79%, Test: 92.78%, Best Valid: 91.98%, Best Test: 92.61%
Epoch: 900, Loss: 0.3095, Train: 93.71%, Valid: 92.06%, Test: 92.78%, Best Valid: 92.12%, Best Test: 92.78%
Run 04:
Highest Train: 93.81
Highest Valid: 92.23
Highest Test: 92.94
Chosen epoch: 998
Final Train: 93.72
Final Test: 92.86
Pre-training MLP for 500 epochs to generate co-occurrence matrix...
Penalty transform 'shuffle': rel Frobenius dist to original = 0.5020, off-diag CV of original penalty = 0.2698
MLP pre-training complete. Penalty matrix frozen.
Epoch: 00, Loss: 2.9770, Train: 20.39%, Valid: 20.40%, Test: 20.67%, Best Valid: 20.40%, Best Test: 20.67%
Epoch: 100, Loss: 1.2261, Train: 74.16%, Valid: 73.13%, Test: 73.42%, Best Valid: 73.13%, Best Test: 73.42%
Epoch: 200, Loss: 0.5889, Train: 86.16%, Valid: 85.60%, Test: 86.15%, Best Valid: 85.62%, Best Test: 86.12%
Epoch: 300, Loss: 0.4504, Train: 90.17%, Valid: 88.87%, Test: 89.86%, Best Valid: 89.06%, Best Test: 89.83%
Epoch: 400, Loss: 0.4100, Train: 91.10%, Valid: 89.96%, Test: 90.54%, Best Valid: 89.96%, Best Test: 90.54%
Epoch: 500, Loss: 0.3827, Train: 92.10%, Valid: 90.53%, Test: 91.44%, Best Valid: 90.53%, Best Test: 91.44%
Epoch: 600, Loss: 0.3636, Train: 92.70%, Valid: 91.05%, Test: 91.74%, Best Valid: 91.05%, Best Test: 91.58%
Epoch: 700, Loss: 0.3451, Train: 92.78%, Valid: 91.19%, Test: 91.96%, Best Valid: 91.30%, Best Test: 92.18%
Epoch: 800, Loss: 0.3336, Train: 93.04%, Valid: 91.38%, Test: 92.20%, Best Valid: 91.57%, Best Test: 92.15%
Epoch: 900, Loss: 0.3235, Train: 93.30%, Valid: 91.60%, Test: 92.31%, Best Valid: 91.76%, Best Test: 92.31%
Run 05:
Highest Train: 93.56
Highest Valid: 91.79
Highest Test: 92.56
Chosen epoch: 925
Final Train: 93.39
Final Test: 92.34
Pre-training MLP for 500 epochs to generate co-occurrence matrix...
Penalty transform 'shuffle': rel Frobenius dist to original = 0.4866, off-diag CV of original penalty = 0.2691
MLP pre-training complete. Penalty matrix frozen.
Epoch: 00, Loss: 2.9846, Train: 7.68%, Valid: 7.26%, Test: 7.72%, Best Valid: 7.26%, Best Test: 7.72%
Epoch: 100, Loss: 1.2323, Train: 71.01%, Valid: 71.19%, Test: 70.88%, Best Valid: 71.19%, Best Test: 70.88%
Epoch: 200, Loss: 0.5555, Train: 88.17%, Valid: 87.83%, Test: 87.95%, Best Valid: 87.89%, Best Test: 87.87%
Epoch: 300, Loss: 0.4518, Train: 90.05%, Valid: 89.09%, Test: 89.67%, Best Valid: 89.23%, Best Test: 89.78%
Epoch: 400, Loss: 0.4091, Train: 91.08%, Valid: 89.91%, Test: 90.65%, Best Valid: 90.04%, Best Test: 90.62%
Epoch: 500, Loss: 0.3841, Train: 91.90%, Valid: 90.56%, Test: 91.28%, Best Valid: 90.56%, Best Test: 91.19%
Epoch: 600, Loss: 0.3611, Train: 92.54%, Valid: 91.11%, Test: 91.88%, Best Valid: 91.11%, Best Test: 91.96%
Epoch: 700, Loss: 0.3417, Train: 92.93%, Valid: 91.27%, Test: 92.23%, Best Valid: 91.43%, Best Test: 92.26%
Epoch: 800, Loss: 0.3281, Train: 93.04%, Valid: 91.35%, Test: 92.28%, Best Valid: 91.57%, Best Test: 92.26%
Epoch: 900, Loss: 0.3243, Train: 93.19%, Valid: 91.49%, Test: 92.50%, Best Valid: 91.65%, Best Test: 92.42%
Run 06:
Highest Train: 93.44
Highest Valid: 91.71
Highest Test: 92.61
Chosen epoch: 913
Final Train: 93.23
Final Test: 92.34
Pre-training MLP for 500 epochs to generate co-occurrence matrix...
Penalty transform 'shuffle': rel Frobenius dist to original = 0.4752, off-diag CV of original penalty = 0.2694
MLP pre-training complete. Penalty matrix frozen.
Epoch: 00, Loss: 2.9807, Train: 11.12%, Valid: 10.94%, Test: 11.23%, Best Valid: 10.94%, Best Test: 11.23%
Epoch: 100, Loss: 1.3124, Train: 70.86%, Valid: 70.81%, Test: 70.31%, Best Valid: 70.81%, Best Test: 70.31%
Epoch: 200, Loss: 0.6006, Train: 86.33%, Valid: 85.52%, Test: 86.29%, Best Valid: 85.57%, Best Test: 86.23%
Epoch: 300, Loss: 0.4446, Train: 91.12%, Valid: 89.85%, Test: 90.57%, Best Valid: 89.88%, Best Test: 90.59%
Epoch: 400, Loss: 0.3829, Train: 92.52%, Valid: 91.03%, Test: 91.71%, Best Valid: 91.16%, Best Test: 91.77%
Epoch: 500, Loss: 0.3466, Train: 93.12%, Valid: 91.49%, Test: 92.37%, Best Valid: 91.60%, Best Test: 92.34%
Epoch: 600, Loss: 0.3318, Train: 93.38%, Valid: 91.73%, Test: 92.64%, Best Valid: 91.82%, Best Test: 92.64%
Epoch: 700, Loss: 0.3199, Train: 93.45%, Valid: 91.71%, Test: 92.80%, Best Valid: 91.93%, Best Test: 92.99%
Epoch: 800, Loss: 0.3118, Train: 93.64%, Valid: 91.95%, Test: 93.02%, Best Valid: 92.03%, Best Test: 93.02%
Epoch: 900, Loss: 0.3047, Train: 93.61%, Valid: 91.98%, Test: 92.99%, Best Valid: 92.25%, Best Test: 93.10%
Run 07:
Highest Train: 93.82
Highest Valid: 92.28
Highest Test: 93.13
Chosen epoch: 998
Final Train: 93.75
Final Test: 93.05
Pre-training MLP for 500 epochs to generate co-occurrence matrix...
Penalty transform 'shuffle': rel Frobenius dist to original = 0.5438, off-diag CV of original penalty = 0.2695
MLP pre-training complete. Penalty matrix frozen.
Epoch: 00, Loss: 2.9811, Train: 22.05%, Valid: 23.92%, Test: 22.74%, Best Valid: 23.92%, Best Test: 22.74%
Epoch: 100, Loss: 1.2470, Train: 71.22%, Valid: 70.54%, Test: 70.75%, Best Valid: 70.54%, Best Test: 70.75%
Epoch: 200, Loss: 0.6504, Train: 86.64%, Valid: 86.50%, Test: 86.67%, Best Valid: 86.50%, Best Test: 86.67%
Epoch: 300, Loss: 0.4484, Train: 90.88%, Valid: 89.55%, Test: 90.62%, Best Valid: 89.66%, Best Test: 90.27%
Epoch: 400, Loss: 0.3952, Train: 92.12%, Valid: 90.81%, Test: 92.04%, Best Valid: 90.94%, Best Test: 92.07%
Epoch: 500, Loss: 0.3592, Train: 92.74%, Valid: 91.49%, Test: 92.50%, Best Valid: 91.68%, Best Test: 92.69%
Epoch: 600, Loss: 0.3352, Train: 93.10%, Valid: 91.90%, Test: 92.99%, Best Valid: 91.93%, Best Test: 92.88%
Epoch: 700, Loss: 0.3251, Train: 93.27%, Valid: 91.95%, Test: 93.16%, Best Valid: 92.12%, Best Test: 93.02%
Epoch: 800, Loss: 0.3123, Train: 93.44%, Valid: 92.01%, Test: 93.16%, Best Valid: 92.17%, Best Test: 93.10%
Epoch: 900, Loss: 0.3050, Train: 93.62%, Valid: 92.14%, Test: 93.24%, Best Valid: 92.25%, Best Test: 93.08%
Run 08:
Highest Train: 93.77
Highest Valid: 92.25
Highest Test: 93.35
Chosen epoch: 821
Final Train: 93.37
Final Test: 93.08
Pre-training MLP for 500 epochs to generate co-occurrence matrix...
Penalty transform 'shuffle': rel Frobenius dist to original = 0.5008, off-diag CV of original penalty = 0.2672
MLP pre-training complete. Penalty matrix frozen.
Epoch: 00, Loss: 2.9724, Train: 12.29%, Valid: 11.97%, Test: 10.96%, Best Valid: 11.97%, Best Test: 10.96%
Epoch: 100, Loss: 1.1799, Train: 73.00%, Valid: 72.39%, Test: 72.41%, Best Valid: 72.39%, Best Test: 72.41%
Epoch: 200, Loss: 0.6564, Train: 84.99%, Valid: 84.34%, Test: 85.17%, Best Valid: 84.34%, Best Test: 85.17%
Epoch: 300, Loss: 0.4582, Train: 90.40%, Valid: 89.39%, Test: 90.16%, Best Valid: 89.47%, Best Test: 90.08%
Epoch: 400, Loss: 0.3931, Train: 91.96%, Valid: 90.75%, Test: 91.66%, Best Valid: 90.81%, Best Test: 91.66%
Epoch: 500, Loss: 0.3623, Train: 92.47%, Valid: 91.19%, Test: 91.96%, Best Valid: 91.33%, Best Test: 92.04%
Epoch: 600, Loss: 0.3421, Train: 92.84%, Valid: 91.63%, Test: 92.45%, Best Valid: 91.63%, Best Test: 92.56%
Epoch: 700, Loss: 0.3275, Train: 93.14%, Valid: 91.84%, Test: 92.88%, Best Valid: 92.06%, Best Test: 92.83%
Epoch: 800, Loss: 0.3170, Train: 93.41%, Valid: 92.01%, Test: 93.08%, Best Valid: 92.20%, Best Test: 92.99%
Epoch: 900, Loss: 0.3087, Train: 93.51%, Valid: 92.28%, Test: 93.10%, Best Valid: 92.36%, Best Test: 93.05%
Run 09:
Highest Train: 93.72
Highest Valid: 92.50
Highest Test: 93.32
Chosen epoch: 944
Final Train: 93.57
Final Test: 93.18
Pre-training MLP for 500 epochs to generate co-occurrence matrix...
Penalty transform 'shuffle': rel Frobenius dist to original = 0.5210, off-diag CV of original penalty = 0.2699
MLP pre-training complete. Penalty matrix frozen.
Epoch: 00, Loss: 2.9730, Train: 13.16%, Valid: 13.01%, Test: 11.72%, Best Valid: 13.01%, Best Test: 11.72%
Epoch: 100, Loss: 1.2773, Train: 73.03%, Valid: 72.78%, Test: 72.38%, Best Valid: 72.78%, Best Test: 72.38%
Epoch: 200, Loss: 0.5937, Train: 86.06%, Valid: 85.30%, Test: 86.31%, Best Valid: 85.30%, Best Test: 86.31%
Epoch: 300, Loss: 0.4609, Train: 90.16%, Valid: 89.17%, Test: 89.67%, Best Valid: 89.17%, Best Test: 89.67%
Epoch: 400, Loss: 0.4003, Train: 91.80%, Valid: 90.23%, Test: 91.38%, Best Valid: 90.40%, Best Test: 91.17%
Epoch: 500, Loss: 0.3726, Train: 92.35%, Valid: 90.89%, Test: 91.88%, Best Valid: 91.00%, Best Test: 91.96%
Epoch: 600, Loss: 0.3466, Train: 92.86%, Valid: 91.68%, Test: 92.67%, Best Valid: 91.68%, Best Test: 92.64%
Epoch: 700, Loss: 0.3309, Train: 93.09%, Valid: 91.73%, Test: 92.86%, Best Valid: 91.90%, Best Test: 92.83%
Epoch: 800, Loss: 0.3215, Train: 93.32%, Valid: 91.95%, Test: 93.16%, Best Valid: 91.98%, Best Test: 92.97%
Epoch: 900, Loss: 0.3152, Train: 93.34%, Valid: 91.93%, Test: 93.18%, Best Valid: 92.03%, Best Test: 93.05%
Run 10:
Highest Train: 93.60
Highest Valid: 92.17
Highest Test: 93.40
Chosen epoch: 978
Final Train: 93.58
Final Test: 93.35
All runs:
Highest Train: 93.64 ± 0.13
Highest Test: 93.05 ± 0.32
Highest Valid: 92.09 ± 0.25
  Final Train: 93.50 ± 0.17
   Final Test: 92.92 ± 0.38
Saving results to results_tuned/coauthor-cs/sgformer.csv
--- mlp_reg | transform=shuffle | lambda=0.2 | mlp_epochs=500 ---
Namespace(aggregate='add', alpha=0.5, attention='gcn', beta=-1.0, bn=False, cpu=False, data_dir='../data/', dataset='coauthor-cs', device=0, dim_inner=256, display_step=100, dropout=0.7, epochs=1000, global_dropout=None, global_epochs=0, global_layers=2, gnn='gcn', graph_weight=0.8, hidden_channels=256, hops=10, in_dropout=0.0, jk=False, label_num_per_class=20, lambda_val=0.2, layers=2, ln=False, local_epochs=0, local_gnn_type='GCN', local_layers=7, lr=0.001, metric='acc', mlp_epochs=500, mlp_reg=True, model='sgformer', model_dir='models/gt_reg_s_1108501_29', n_heads=1, num_centroids=4096, num_heads=1, oracle_reg=False, paired_seeds=True, pe_types='RWSE', penalty_transform='shuffle', pre_linear=False, pre_ln=False, rand_split=False, rand_split_class=False, reg_start_epoch=10, reg_update_freq=5, res=False, result_dir='results_tuned', runs=10, save_model=False, save_result=False, seed=42, test_num=1000, tr_dropout=None, tr_layers=1, tr_weight_decay=None, train_prop=0.5, use_act=False, use_bn=False, use_graph=True, use_reg=True, use_residual=True, use_weight=False, valid_num=500, valid_prop=0.25, weight_decay=0.0005)
coauthor-cs
dataset coauthor-cs | num nodes 18333 | num edge 163788 | num node feats 6805 | num classes 15
MODEL: SGFormer(
  (trans_conv): TransConv(
    (convs): ModuleList(
      (0): TransConvLayer(
        (Wk): Linear(in_features=256, out_features=256, bias=True)
        (Wq): Linear(in_features=256, out_features=256, bias=True)
      )
    )
    (fcs): ModuleList(
      (0): Linear(in_features=6805, out_features=256, bias=True)
    )
    (bns): ModuleList(
      (0): LayerNorm((256,), eps=1e-05, elementwise_affine=True)
      (1): LayerNorm((256,), eps=1e-05, elementwise_affine=True)
    )
  )
  (gnn): GCN(
    (convs): ModuleList(
      (0): GCNConv(6805, 256)
      (1): GCNConv(256, 256)
    )
    (bns): ModuleList(
      (0): BatchNorm1d(256, eps=1e-05, momentum=0.1, affine=True, track_running_stats=True)
    )
  )
  (fc): Linear(in_features=256, out_features=15, bias=True)
)
Pre-training MLP for 500 epochs to generate co-occurrence matrix...
Penalty transform 'shuffle': rel Frobenius dist to original = 0.5213, off-diag CV of original penalty = 0.2709
MLP pre-training complete. Penalty matrix frozen.
Epoch: 00, Loss: 3.2589, Train: 12.29%, Valid: 11.97%, Test: 10.96%, Best Valid: 11.97%, Best Test: 10.96%
Epoch: 100, Loss: 1.4193, Train: 62.03%, Valid: 62.11%, Test: 62.32%, Best Valid: 62.11%, Best Test: 62.32%
Epoch: 200, Loss: 0.7099, Train: 86.88%, Valid: 86.39%, Test: 87.24%, Best Valid: 86.44%, Best Test: 87.19%
Epoch: 300, Loss: 0.5083, Train: 90.24%, Valid: 89.06%, Test: 90.02%, Best Valid: 89.14%, Best Test: 89.97%
Epoch: 400, Loss: 0.4516, Train: 91.27%, Valid: 89.91%, Test: 91.28%, Best Valid: 89.91%, Best Test: 91.33%
Epoch: 500, Loss: 0.4182, Train: 92.34%, Valid: 90.94%, Test: 92.01%, Best Valid: 91.08%, Best Test: 91.96%
Epoch: 600, Loss: 0.3865, Train: 92.81%, Valid: 91.52%, Test: 92.37%, Best Valid: 91.60%, Best Test: 92.50%
Epoch: 700, Loss: 0.3661, Train: 93.13%, Valid: 91.76%, Test: 92.50%, Best Valid: 91.90%, Best Test: 92.67%
Epoch: 800, Loss: 0.3525, Train: 93.30%, Valid: 91.76%, Test: 92.75%, Best Valid: 91.90%, Best Test: 92.67%
Epoch: 900, Loss: 0.3453, Train: 93.41%, Valid: 91.71%, Test: 92.88%, Best Valid: 91.90%, Best Test: 92.67%
Run 01:
Highest Train: 93.54
Highest Valid: 92.01
Highest Test: 93.05
Chosen epoch: 987
Final Train: 93.46
Final Test: 92.97
Pre-training MLP for 500 epochs to generate co-occurrence matrix...
Penalty transform 'shuffle': rel Frobenius dist to original = 0.5114, off-diag CV of original penalty = 0.2739
MLP pre-training complete. Penalty matrix frozen.
Epoch: 00, Loss: 3.2563, Train: 3.88%, Valid: 3.57%, Test: 4.09%, Best Valid: 3.57%, Best Test: 4.09%
Epoch: 100, Loss: 1.3925, Train: 70.58%, Valid: 70.32%, Test: 70.53%, Best Valid: 70.32%, Best Test: 70.53%
Epoch: 200, Loss: 0.6478, Train: 87.71%, Valid: 87.59%, Test: 87.73%, Best Valid: 87.59%, Best Test: 87.73%
Epoch: 300, Loss: 0.4854, Train: 90.34%, Valid: 89.33%, Test: 89.86%, Best Valid: 89.33%, Best Test: 89.86%
Epoch: 400, Loss: 0.4324, Train: 91.77%, Valid: 90.40%, Test: 91.41%, Best Valid: 90.67%, Best Test: 91.25%
Epoch: 500, Loss: 0.4024, Train: 92.24%, Valid: 90.78%, Test: 91.93%, Best Valid: 90.92%, Best Test: 91.88%
Epoch: 600, Loss: 0.3895, Train: 92.62%, Valid: 91.22%, Test: 92.23%, Best Valid: 91.54%, Best Test: 92.34%
Epoch: 700, Loss: 0.3670, Train: 93.04%, Valid: 91.76%, Test: 92.67%, Best Valid: 91.76%, Best Test: 92.58%
Epoch: 800, Loss: 0.3522, Train: 93.23%, Valid: 91.79%, Test: 93.02%, Best Valid: 91.95%, Best Test: 93.10%
Epoch: 900, Loss: 0.3443, Train: 93.44%, Valid: 92.01%, Test: 93.13%, Best Valid: 92.06%, Best Test: 93.18%
Run 02:
Highest Train: 93.66
Highest Valid: 92.23
Highest Test: 93.24
Chosen epoch: 917
Final Train: 93.44
Final Test: 93.13
Pre-training MLP for 500 epochs to generate co-occurrence matrix...
Penalty transform 'shuffle': rel Frobenius dist to original = 0.4997, off-diag CV of original penalty = 0.2691
MLP pre-training complete. Penalty matrix frozen.
Epoch: 00, Loss: 3.2375, Train: 22.05%, Valid: 23.92%, Test: 22.74%, Best Valid: 23.92%, Best Test: 22.74%
Epoch: 100, Loss: 1.2726, Train: 74.70%, Valid: 73.92%, Test: 74.84%, Best Valid: 73.92%, Best Test: 74.84%
Epoch: 200, Loss: 0.6049, Train: 88.37%, Valid: 87.78%, Test: 88.39%, Best Valid: 87.78%, Best Test: 88.39%
Epoch: 300, Loss: 0.4810, Train: 90.42%, Valid: 89.47%, Test: 90.05%, Best Valid: 89.47%, Best Test: 90.05%
Epoch: 400, Loss: 0.4400, Train: 91.26%, Valid: 89.93%, Test: 90.59%, Best Valid: 89.99%, Best Test: 90.46%
Epoch: 500, Loss: 0.4163, Train: 92.12%, Valid: 90.70%, Test: 91.93%, Best Valid: 90.75%, Best Test: 91.63%
Epoch: 600, Loss: 0.3921, Train: 92.43%, Valid: 91.11%, Test: 92.04%, Best Valid: 91.11%, Best Test: 92.04%
Epoch: 700, Loss: 0.3724, Train: 92.78%, Valid: 91.33%, Test: 92.45%, Best Valid: 91.38%, Best Test: 92.42%
Epoch: 800, Loss: 0.3609, Train: 93.04%, Valid: 91.54%, Test: 92.75%, Best Valid: 91.76%, Best Test: 92.72%
Epoch: 900, Loss: 0.3458, Train: 93.30%, Valid: 91.87%, Test: 92.75%, Best Valid: 91.93%, Best Test: 92.72%
Run 03:
Highest Train: 93.47
Highest Valid: 91.95
Highest Test: 93.05
Chosen epoch: 921
Final Train: 93.27
Final Test: 92.72
Pre-training MLP for 500 epochs to generate co-occurrence matrix...
Penalty transform 'shuffle': rel Frobenius dist to original = 0.4944, off-diag CV of original penalty = 0.2726
MLP pre-training complete. Penalty matrix frozen.
Epoch: 00, Loss: 3.2483, Train: 14.23%, Valid: 13.48%, Test: 13.82%, Best Valid: 13.48%, Best Test: 13.82%
Epoch: 100, Loss: 1.3329, Train: 72.09%, Valid: 71.93%, Test: 72.19%, Best Valid: 71.93%, Best Test: 72.19%
Epoch: 200, Loss: 0.6758, Train: 85.54%, Valid: 85.22%, Test: 85.47%, Best Valid: 85.22%, Best Test: 85.47%
Epoch: 300, Loss: 0.4824, Train: 90.53%, Valid: 89.72%, Test: 90.32%, Best Valid: 89.74%, Best Test: 90.13%
Epoch: 400, Loss: 0.4285, Train: 91.91%, Valid: 90.75%, Test: 91.52%, Best Valid: 90.75%, Best Test: 91.52%
Epoch: 500, Loss: 0.3888, Train: 92.62%, Valid: 91.38%, Test: 92.28%, Best Valid: 91.52%, Best Test: 92.18%
Epoch: 600, Loss: 0.3668, Train: 93.02%, Valid: 91.73%, Test: 92.50%, Best Valid: 91.82%, Best Test: 92.42%
Epoch: 700, Loss: 0.3510, Train: 93.29%, Valid: 91.73%, Test: 92.75%, Best Valid: 91.95%, Best Test: 92.67%
Epoch: 800, Loss: 0.3421, Train: 93.50%, Valid: 91.95%, Test: 92.83%, Best Valid: 92.01%, Best Test: 92.88%
Epoch: 900, Loss: 0.3379, Train: 93.57%, Valid: 92.03%, Test: 93.02%, Best Valid: 92.12%, Best Test: 93.02%
Run 04:
Highest Train: 93.70
Highest Valid: 92.25
Highest Test: 93.18
Chosen epoch: 970
Final Train: 93.53
Final Test: 93.08
Pre-training MLP for 500 epochs to generate co-occurrence matrix...
Penalty transform 'shuffle': rel Frobenius dist to original = 0.5020, off-diag CV of original penalty = 0.2698
MLP pre-training complete. Penalty matrix frozen.
Epoch: 00, Loss: 3.2477, Train: 20.65%, Valid: 20.40%, Test: 20.99%, Best Valid: 20.40%, Best Test: 20.99%
Epoch: 100, Loss: 1.3808, Train: 71.78%, Valid: 71.09%, Test: 70.50%, Best Valid: 71.09%, Best Test: 70.50%
Epoch: 200, Loss: 0.6520, Train: 86.40%, Valid: 85.84%, Test: 86.26%, Best Valid: 85.90%, Best Test: 86.26%
Epoch: 300, Loss: 0.5082, Train: 89.95%, Valid: 88.76%, Test: 89.48%, Best Valid: 88.79%, Best Test: 89.53%
Epoch: 400, Loss: 0.4528, Train: 91.04%, Valid: 89.93%, Test: 90.57%, Best Valid: 89.93%, Best Test: 90.57%
Epoch: 500, Loss: 0.4222, Train: 91.81%, Valid: 90.40%, Test: 91.22%, Best Valid: 90.43%, Best Test: 91.25%
Epoch: 600, Loss: 0.4046, Train: 92.39%, Valid: 90.94%, Test: 91.77%, Best Valid: 90.97%, Best Test: 91.82%
Epoch: 700, Loss: 0.3820, Train: 92.46%, Valid: 91.11%, Test: 91.90%, Best Valid: 91.35%, Best Test: 92.01%
Epoch: 800, Loss: 0.3717, Train: 92.84%, Valid: 91.30%, Test: 92.39%, Best Valid: 91.54%, Best Test: 92.15%
Epoch: 900, Loss: 0.3586, Train: 93.23%, Valid: 91.46%, Test: 92.39%, Best Valid: 91.68%, Best Test: 92.34%
Run 05:
Highest Train: 93.43
Highest Valid: 91.82
Highest Test: 92.53
Chosen epoch: 982
Final Train: 93.33
Final Test: 92.23
Pre-training MLP for 500 epochs to generate co-occurrence matrix...
Penalty transform 'shuffle': rel Frobenius dist to original = 0.4866, off-diag CV of original penalty = 0.2691
MLP pre-training complete. Penalty matrix frozen.
Epoch: 00, Loss: 3.2560, Train: 7.68%, Valid: 7.26%, Test: 7.72%, Best Valid: 7.26%, Best Test: 7.72%
Epoch: 100, Loss: 1.3816, Train: 65.82%, Valid: 66.31%, Test: 65.57%, Best Valid: 66.31%, Best Test: 65.57%
Epoch: 200, Loss: 0.6418, Train: 87.15%, Valid: 86.72%, Test: 87.16%, Best Valid: 86.72%, Best Test: 87.16%
Epoch: 300, Loss: 0.5001, Train: 90.05%, Valid: 89.33%, Test: 89.69%, Best Valid: 89.33%, Best Test: 89.69%
Epoch: 400, Loss: 0.4470, Train: 91.26%, Valid: 90.04%, Test: 90.68%, Best Valid: 90.18%, Best Test: 90.73%
Epoch: 500, Loss: 0.4166, Train: 92.05%, Valid: 90.81%, Test: 91.22%, Best Valid: 90.81%, Best Test: 91.22%
Epoch: 600, Loss: 0.3903, Train: 92.71%, Valid: 91.22%, Test: 91.98%, Best Valid: 91.43%, Best Test: 91.98%
Epoch: 700, Loss: 0.3721, Train: 92.94%, Valid: 91.49%, Test: 92.15%, Best Valid: 91.63%, Best Test: 92.09%
Epoch: 800, Loss: 0.3566, Train: 93.16%, Valid: 91.52%, Test: 92.23%, Best Valid: 91.79%, Best Test: 92.15%
Epoch: 900, Loss: 0.3535, Train: 93.37%, Valid: 91.73%, Test: 92.37%, Best Valid: 91.79%, Best Test: 92.15%
Run 06:
Highest Train: 93.48
Highest Valid: 91.84
Highest Test: 92.50
Chosen epoch: 967
Final Train: 93.43
Final Test: 92.37
Pre-training MLP for 500 epochs to generate co-occurrence matrix...
Penalty transform 'shuffle': rel Frobenius dist to original = 0.4752, off-diag CV of original penalty = 0.2694
MLP pre-training complete. Penalty matrix frozen.
Epoch: 00, Loss: 3.2516, Train: 11.11%, Valid: 10.91%, Test: 11.21%, Best Valid: 10.91%, Best Test: 11.21%
Epoch: 100, Loss: 1.4643, Train: 61.03%, Valid: 61.13%, Test: 61.53%, Best Valid: 61.13%, Best Test: 61.53%
Epoch: 200, Loss: 0.6692, Train: 86.49%, Valid: 85.82%, Test: 86.23%, Best Valid: 85.82%, Best Test: 86.15%
Epoch: 300, Loss: 0.4840, Train: 90.74%, Valid: 90.02%, Test: 90.32%, Best Valid: 90.04%, Best Test: 90.40%
Epoch: 400, Loss: 0.4247, Train: 92.25%, Valid: 91.08%, Test: 91.63%, Best Valid: 91.08%, Best Test: 91.63%
Epoch: 500, Loss: 0.3811, Train: 92.83%, Valid: 91.43%, Test: 92.18%, Best Valid: 91.60%, Best Test: 92.04%
Epoch: 600, Loss: 0.3669, Train: 93.17%, Valid: 91.68%, Test: 92.56%, Best Valid: 91.84%, Best Test: 92.72%
Epoch: 700, Loss: 0.3527, Train: 93.34%, Valid: 91.82%, Test: 92.80%, Best Valid: 92.01%, Best Test: 92.88%
Epoch: 800, Loss: 0.3422, Train: 93.54%, Valid: 92.03%, Test: 93.10%, Best Valid: 92.12%, Best Test: 93.13%
Epoch: 900, Loss: 0.3332, Train: 93.59%, Valid: 92.12%, Test: 93.21%, Best Valid: 92.33%, Best Test: 93.21%
Run 07:
Highest Train: 93.76
Highest Valid: 92.39
Highest Test: 93.29
Chosen epoch: 923
Final Train: 93.67
Final Test: 93.18
Pre-training MLP for 500 epochs to generate co-occurrence matrix...
Penalty transform 'shuffle': rel Frobenius dist to original = 0.5438, off-diag CV of original penalty = 0.2695
MLP pre-training complete. Penalty matrix frozen.
Epoch: 00, Loss: 3.2521, Train: 22.05%, Valid: 23.92%, Test: 22.74%, Best Valid: 23.92%, Best Test: 22.74%
Epoch: 100, Loss: 1.3773, Train: 69.72%, Valid: 69.48%, Test: 69.49%, Best Valid: 69.48%, Best Test: 69.49%
Epoch: 200, Loss: 0.7182, Train: 86.35%, Valid: 86.33%, Test: 86.70%, Best Valid: 86.33%, Best Test: 86.70%
Epoch: 300, Loss: 0.4966, Train: 90.89%, Valid: 89.58%, Test: 90.62%, Best Valid: 89.69%, Best Test: 90.76%
Epoch: 400, Loss: 0.4297, Train: 92.23%, Valid: 90.83%, Test: 92.31%, Best Valid: 90.86%, Best Test: 92.45%
Epoch: 500, Loss: 0.3877, Train: 92.79%, Valid: 91.35%, Test: 92.69%, Best Valid: 91.49%, Best Test: 92.75%
Epoch: 600, Loss: 0.3647, Train: 93.06%, Valid: 91.82%, Test: 92.94%, Best Valid: 91.98%, Best Test: 92.99%
Epoch: 700, Loss: 0.3544, Train: 93.33%, Valid: 91.93%, Test: 93.08%, Best Valid: 92.06%, Best Test: 93.35%
Epoch: 800, Loss: 0.3409, Train: 93.39%, Valid: 92.12%, Test: 93.29%, Best Valid: 92.20%, Best Test: 93.38%
Epoch: 900, Loss: 0.3323, Train: 93.66%, Valid: 92.14%, Test: 93.35%, Best Valid: 92.28%, Best Test: 93.35%
Run 08:
Highest Train: 93.80
Highest Valid: 92.33
Highest Test: 93.51
Chosen epoch: 977
Final Train: 93.68
Final Test: 93.29
Pre-training MLP for 500 epochs to generate co-occurrence matrix...
Penalty transform 'shuffle': rel Frobenius dist to original = 0.5008, off-diag CV of original penalty = 0.2672
MLP pre-training complete. Penalty matrix frozen.
Epoch: 00, Loss: 3.2426, Train: 12.29%, Valid: 11.97%, Test: 10.96%, Best Valid: 11.97%, Best Test: 10.96%
Epoch: 100, Loss: 1.2908, Train: 71.40%, Valid: 70.27%, Test: 71.43%, Best Valid: 70.27%, Best Test: 71.43%
Epoch: 200, Loss: 0.6937, Train: 85.45%, Valid: 85.00%, Test: 85.39%, Best Valid: 85.00%, Best Test: 85.39%
Epoch: 300, Loss: 0.4965, Train: 90.21%, Valid: 89.12%, Test: 89.89%, Best Valid: 89.23%, Best Test: 89.69%
Epoch: 400, Loss: 0.4222, Train: 91.99%, Valid: 90.89%, Test: 91.79%, Best Valid: 90.89%, Best Test: 91.79%
Epoch: 500, Loss: 0.3913, Train: 92.61%, Valid: 91.35%, Test: 92.18%, Best Valid: 91.41%, Best Test: 92.18%
Epoch: 600, Loss: 0.3697, Train: 92.95%, Valid: 91.71%, Test: 92.50%, Best Valid: 91.79%, Best Test: 92.53%
Epoch: 700, Loss: 0.3556, Train: 93.24%, Valid: 92.03%, Test: 92.83%, Best Valid: 92.12%, Best Test: 92.78%
Epoch: 800, Loss: 0.3442, Train: 93.44%, Valid: 92.23%, Test: 92.97%, Best Valid: 92.25%, Best Test: 92.97%
Epoch: 900, Loss: 0.3368, Train: 93.64%, Valid: 92.36%, Test: 93.18%, Best Valid: 92.39%, Best Test: 93.10%
Run 09:
Highest Train: 93.79
Highest Valid: 92.44
Highest Test: 93.29
Chosen epoch: 944
Final Train: 93.64
Final Test: 93.13
Pre-training MLP for 500 epochs to generate co-occurrence matrix...
Penalty transform 'shuffle': rel Frobenius dist to original = 0.5210, off-diag CV of original penalty = 0.2699
MLP pre-training complete. Penalty matrix frozen.
Epoch: 00, Loss: 3.2433, Train: 13.44%, Valid: 13.34%, Test: 11.97%, Best Valid: 13.34%, Best Test: 11.97%
Epoch: 100, Loss: 1.4530, Train: 67.59%, Valid: 68.17%, Test: 66.71%, Best Valid: 68.17%, Best Test: 66.71%
Epoch: 200, Loss: 0.6556, Train: 85.81%, Valid: 85.00%, Test: 85.96%, Best Valid: 85.13%, Best Test: 85.80%
Epoch: 300, Loss: 0.5123, Train: 90.06%, Valid: 89.03%, Test: 89.45%, Best Valid: 89.09%, Best Test: 89.23%
Epoch: 400, Loss: 0.4517, Train: 91.05%, Valid: 89.80%, Test: 90.62%, Best Valid: 89.80%, Best Test: 90.62%
Epoch: 500, Loss: 0.4232, Train: 92.10%, Valid: 90.64%, Test: 91.68%, Best Valid: 90.73%, Best Test: 91.55%
Epoch: 600, Loss: 0.3897, Train: 92.79%, Valid: 91.49%, Test: 92.50%, Best Valid: 91.49%, Best Test: 92.50%
Epoch: 700, Loss: 0.3689, Train: 93.01%, Valid: 91.60%, Test: 92.72%, Best Valid: 91.73%, Best Test: 92.83%
Epoch: 800, Loss: 0.3562, Train: 93.11%, Valid: 91.90%, Test: 92.86%, Best Valid: 91.90%, Best Test: 92.86%
Epoch: 900, Loss: 0.3489, Train: 93.39%, Valid: 91.84%, Test: 92.91%, Best Valid: 91.90%, Best Test: 92.86%
Run 10:
Highest Train: 93.44
Highest Valid: 91.95
Highest Test: 93.13
Chosen epoch: 929
Final Train: 93.32
Final Test: 92.94
All runs:
Highest Train: 93.61 ± 0.15
Highest Test: 93.08 ± 0.33
Highest Valid: 92.12 ± 0.23
  Final Train: 93.48 ± 0.15
   Final Test: 92.90 ± 0.36
Saving results to results_tuned/coauthor-cs/sgformer.csv
--- mlp_reg | transform=shuffle | lambda=0.4 | mlp_epochs=500 ---
Namespace(aggregate='add', alpha=0.5, attention='gcn', beta=-1.0, bn=False, cpu=False, data_dir='../data/', dataset='coauthor-cs', device=0, dim_inner=256, display_step=100, dropout=0.7, epochs=1000, global_dropout=None, global_epochs=0, global_layers=2, gnn='gcn', graph_weight=0.8, hidden_channels=256, hops=10, in_dropout=0.0, jk=False, label_num_per_class=20, lambda_val=0.4, layers=2, ln=False, local_epochs=0, local_gnn_type='GCN', local_layers=7, lr=0.001, metric='acc', mlp_epochs=500, mlp_reg=True, model='sgformer', model_dir='models/gt_reg_s_1108501_29', n_heads=1, num_centroids=4096, num_heads=1, oracle_reg=False, paired_seeds=True, pe_types='RWSE', penalty_transform='shuffle', pre_linear=False, pre_ln=False, rand_split=False, rand_split_class=False, reg_start_epoch=10, reg_update_freq=5, res=False, result_dir='results_tuned', runs=10, save_model=False, save_result=False, seed=42, test_num=1000, tr_dropout=None, tr_layers=1, tr_weight_decay=None, train_prop=0.5, use_act=False, use_bn=False, use_graph=True, use_reg=True, use_residual=True, use_weight=False, valid_num=500, valid_prop=0.25, weight_decay=0.0005)
coauthor-cs
dataset coauthor-cs | num nodes 18333 | num edge 163788 | num node feats 6805 | num classes 15
MODEL: SGFormer(
  (trans_conv): TransConv(
    (convs): ModuleList(
      (0): TransConvLayer(
        (Wk): Linear(in_features=256, out_features=256, bias=True)
        (Wq): Linear(in_features=256, out_features=256, bias=True)
      )
    )
    (fcs): ModuleList(
      (0): Linear(in_features=6805, out_features=256, bias=True)
    )
    (bns): ModuleList(
      (0): LayerNorm((256,), eps=1e-05, elementwise_affine=True)
      (1): LayerNorm((256,), eps=1e-05, elementwise_affine=True)
    )
  )
  (gnn): GCN(
    (convs): ModuleList(
      (0): GCNConv(6805, 256)
      (1): GCNConv(256, 256)
    )
    (bns): ModuleList(
      (0): BatchNorm1d(256, eps=1e-05, momentum=0.1, affine=True, track_running_stats=True)
    )
  )
  (fc): Linear(in_features=256, out_features=15, bias=True)
)
Pre-training MLP for 500 epochs to generate co-occurrence matrix...
Penalty transform 'shuffle': rel Frobenius dist to original = 0.5213, off-diag CV of original penalty = 0.2709
MLP pre-training complete. Penalty matrix frozen.
Epoch: 00, Loss: 3.8020, Train: 12.29%, Valid: 11.97%, Test: 10.96%, Best Valid: 11.97%, Best Test: 10.96%
Epoch: 100, Loss: 1.7002, Train: 55.22%, Valid: 55.43%, Test: 55.15%, Best Valid: 55.43%, Best Test: 55.15%
Epoch: 200, Loss: 0.8514, Train: 86.38%, Valid: 85.95%, Test: 86.56%, Best Valid: 85.95%, Best Test: 86.31%
Epoch: 300, Loss: 0.6059, Train: 89.85%, Valid: 88.82%, Test: 89.72%, Best Valid: 88.87%, Best Test: 89.59%
Epoch: 400, Loss: 0.5313, Train: 91.27%, Valid: 89.99%, Test: 91.38%, Best Valid: 90.04%, Best Test: 91.47%
Epoch: 500, Loss: 0.4866, Train: 92.39%, Valid: 91.05%, Test: 91.98%, Best Valid: 91.22%, Best Test: 92.04%
Epoch: 600, Loss: 0.4498, Train: 92.94%, Valid: 91.43%, Test: 92.23%, Best Valid: 91.68%, Best Test: 92.39%
Epoch: 700, Loss: 0.4292, Train: 93.23%, Valid: 91.73%, Test: 92.50%, Best Valid: 91.93%, Best Test: 92.64%
Epoch: 800, Loss: 0.4119, Train: 93.34%, Valid: 91.76%, Test: 92.69%, Best Valid: 91.98%, Best Test: 92.64%
Epoch: 900, Loss: 0.4058, Train: 93.48%, Valid: 91.73%, Test: 92.75%, Best Valid: 91.98%, Best Test: 92.64%
Run 01:
Highest Train: 93.57
Highest Valid: 91.98
Highest Test: 93.02
Chosen epoch: 738
Final Train: 93.31
Final Test: 92.64
Pre-training MLP for 500 epochs to generate co-occurrence matrix...
Penalty transform 'shuffle': rel Frobenius dist to original = 0.5114, off-diag CV of original penalty = 0.2739
MLP pre-training complete. Penalty matrix frozen.
Epoch: 00, Loss: 3.7990, Train: 3.88%, Valid: 3.57%, Test: 4.09%, Best Valid: 3.57%, Best Test: 4.09%
Epoch: 100, Loss: 1.7276, Train: 60.91%, Valid: 60.91%, Test: 61.21%, Best Valid: 60.91%, Best Test: 61.21%
Epoch: 200, Loss: 0.8432, Train: 86.39%, Valid: 85.82%, Test: 86.50%, Best Valid: 85.82%, Best Test: 86.50%
Epoch: 300, Loss: 0.5680, Train: 91.08%, Valid: 89.85%, Test: 90.68%, Best Valid: 89.85%, Best Test: 90.68%
Epoch: 400, Loss: 0.4870, Train: 92.27%, Valid: 90.59%, Test: 92.34%, Best Valid: 90.73%, Best Test: 92.28%
Epoch: 500, Loss: 0.4525, Train: 92.68%, Valid: 91.00%, Test: 92.48%, Best Valid: 91.24%, Best Test: 92.58%
Epoch: 600, Loss: 0.4335, Train: 93.07%, Valid: 91.79%, Test: 92.97%, Best Valid: 91.79%, Best Test: 92.97%
Epoch: 700, Loss: 0.4107, Train: 93.35%, Valid: 92.06%, Test: 93.10%, Best Valid: 92.06%, Best Test: 93.10%
Epoch: 800, Loss: 0.3990, Train: 93.45%, Valid: 91.93%, Test: 93.05%, Best Valid: 92.06%, Best Test: 93.10%
Epoch: 900, Loss: 0.3909, Train: 93.57%, Valid: 92.14%, Test: 93.16%, Best Valid: 92.25%, Best Test: 93.24%
Run 02:
Highest Train: 93.84
Highest Valid: 92.33
Highest Test: 93.32
Chosen epoch: 915
Final Train: 93.64
Final Test: 93.29
Pre-training MLP for 500 epochs to generate co-occurrence matrix...
Penalty transform 'shuffle': rel Frobenius dist to original = 0.4997, off-diag CV of original penalty = 0.2691
MLP pre-training complete. Penalty matrix frozen.
Epoch: 00, Loss: 3.7771, Train: 22.05%, Valid: 23.92%, Test: 22.74%, Best Valid: 23.92%, Best Test: 22.74%
Epoch: 100, Loss: 1.4947, Train: 70.92%, Valid: 70.79%, Test: 70.61%, Best Valid: 70.79%, Best Test: 70.61%
Epoch: 200, Loss: 0.7422, Train: 87.85%, Valid: 87.29%, Test: 87.90%, Best Valid: 87.29%, Best Test: 87.90%
Epoch: 300, Loss: 0.5761, Train: 90.33%, Valid: 89.36%, Test: 90.08%, Best Valid: 89.36%, Best Test: 90.08%
Epoch: 400, Loss: 0.5005, Train: 92.00%, Valid: 90.83%, Test: 91.77%, Best Valid: 90.83%, Best Test: 91.77%
Epoch: 500, Loss: 0.4653, Train: 92.76%, Valid: 91.08%, Test: 92.20%, Best Valid: 91.16%, Best Test: 92.20%
Epoch: 600, Loss: 0.4358, Train: 93.04%, Valid: 91.22%, Test: 92.48%, Best Valid: 91.54%, Best Test: 92.45%
Epoch: 700, Loss: 0.4175, Train: 93.18%, Valid: 91.57%, Test: 92.61%, Best Valid: 91.71%, Best Test: 92.56%
Epoch: 800, Loss: 0.4098, Train: 93.29%, Valid: 91.57%, Test: 92.72%, Best Valid: 91.76%, Best Test: 92.61%
Epoch: 900, Loss: 0.3972, Train: 93.47%, Valid: 91.57%, Test: 92.67%, Best Valid: 91.84%, Best Test: 92.72%
Run 03:
Highest Train: 93.49
Highest Valid: 91.87
Highest Test: 92.83
Chosen epoch: 919
Final Train: 93.37
Final Test: 92.80
Pre-training MLP for 500 epochs to generate co-occurrence matrix...
Penalty transform 'shuffle': rel Frobenius dist to original = 0.4944, off-diag CV of original penalty = 0.2726
MLP pre-training complete. Penalty matrix frozen.
Epoch: 00, Loss: 3.7896, Train: 12.76%, Valid: 12.06%, Test: 12.54%, Best Valid: 12.06%, Best Test: 12.54%
Epoch: 100, Loss: 1.5965, Train: 66.52%, Valid: 67.08%, Test: 66.44%, Best Valid: 67.08%, Best Test: 66.44%
Epoch: 200, Loss: 0.7750, Train: 86.36%, Valid: 85.84%, Test: 86.10%, Best Valid: 85.84%, Best Test: 86.10%
Epoch: 300, Loss: 0.5716, Train: 90.25%, Valid: 89.50%, Test: 90.02%, Best Valid: 89.61%, Best Test: 89.91%
Epoch: 400, Loss: 0.5193, Train: 91.34%, Valid: 90.29%, Test: 91.03%, Best Valid: 90.29%, Best Test: 90.73%
Epoch: 500, Loss: 0.4770, Train: 92.17%, Valid: 91.00%, Test: 91.79%, Best Valid: 91.13%, Best Test: 91.60%
Epoch: 600, Loss: 0.4452, Train: 92.61%, Valid: 91.49%, Test: 92.15%, Best Valid: 91.54%, Best Test: 92.20%
Epoch: 700, Loss: 0.4220, Train: 93.01%, Valid: 91.65%, Test: 92.39%, Best Valid: 91.76%, Best Test: 92.39%
Epoch: 800, Loss: 0.4087, Train: 93.29%, Valid: 91.84%, Test: 92.67%, Best Valid: 91.90%, Best Test: 92.56%
Epoch: 900, Loss: 0.4019, Train: 93.43%, Valid: 91.93%, Test: 92.72%, Best Valid: 92.01%, Best Test: 92.78%
Run 04:
Highest Train: 93.60
Highest Valid: 92.12
Highest Test: 92.99
Chosen epoch: 957
Final Train: 93.44
Final Test: 92.80
Pre-training MLP for 500 epochs to generate co-occurrence matrix...
Penalty transform 'shuffle': rel Frobenius dist to original = 0.5020, off-diag CV of original penalty = 0.2698
MLP pre-training complete. Penalty matrix frozen.
Epoch: 00, Loss: 3.7889, Train: 20.66%, Valid: 20.70%, Test: 21.46%, Best Valid: 20.70%, Best Test: 21.46%
Epoch: 100, Loss: 1.7555, Train: 63.79%, Valid: 64.65%, Test: 63.39%, Best Valid: 64.65%, Best Test: 63.39%
Epoch: 200, Loss: 0.8035, Train: 85.51%, Valid: 85.35%, Test: 85.80%, Best Valid: 85.35%, Best Test: 85.80%
Epoch: 300, Loss: 0.6014, Train: 90.02%, Valid: 88.65%, Test: 89.69%, Best Valid: 88.71%, Best Test: 89.45%
Epoch: 400, Loss: 0.5311, Train: 90.84%, Valid: 89.66%, Test: 90.24%, Best Valid: 89.72%, Best Test: 90.19%
Epoch: 500, Loss: 0.4961, Train: 91.78%, Valid: 90.40%, Test: 91.09%, Best Valid: 90.40%, Best Test: 91.09%
Epoch: 600, Loss: 0.4733, Train: 92.35%, Valid: 90.64%, Test: 91.58%, Best Valid: 90.73%, Best Test: 91.58%
Epoch: 700, Loss: 0.4493, Train: 92.46%, Valid: 90.62%, Test: 91.79%, Best Valid: 90.89%, Best Test: 91.79%
Epoch: 800, Loss: 0.4385, Train: 92.84%, Valid: 90.89%, Test: 92.01%, Best Valid: 91.19%, Best Test: 91.93%
Epoch: 900, Loss: 0.4248, Train: 93.17%, Valid: 91.35%, Test: 92.48%, Best Valid: 91.65%, Best Test: 92.45%
Run 05:
Highest Train: 93.33
Highest Valid: 91.93
Highest Test: 92.67
Chosen epoch: 980
Final Train: 93.29
Final Test: 92.64
Pre-training MLP for 500 epochs to generate co-occurrence matrix...
Penalty transform 'shuffle': rel Frobenius dist to original = 0.4866, off-diag CV of original penalty = 0.2691
MLP pre-training complete. Penalty matrix frozen.
Epoch: 00, Loss: 3.7986, Train: 7.68%, Valid: 7.26%, Test: 7.72%, Best Valid: 7.26%, Best Test: 7.72%
Epoch: 100, Loss: 1.7141, Train: 59.61%, Valid: 60.09%, Test: 58.94%, Best Valid: 60.09%, Best Test: 58.94%
Epoch: 200, Loss: 0.7887, Train: 85.59%, Valid: 85.16%, Test: 85.96%, Best Valid: 85.19%, Best Test: 85.93%
Epoch: 300, Loss: 0.6090, Train: 89.69%, Valid: 88.93%, Test: 89.15%, Best Valid: 89.01%, Best Test: 89.09%
Epoch: 400, Loss: 0.5442, Train: 90.85%, Valid: 89.72%, Test: 90.43%, Best Valid: 89.91%, Best Test: 90.49%
Epoch: 500, Loss: 0.5138, Train: 91.40%, Valid: 90.21%, Test: 90.79%, Best Valid: 90.26%, Best Test: 90.84%
Epoch: 600, Loss: 0.4925, Train: 91.97%, Valid: 90.73%, Test: 91.33%, Best Valid: 90.81%, Best Test: 91.19%
Epoch: 700, Loss: 0.4722, Train: 92.44%, Valid: 91.27%, Test: 91.66%, Best Valid: 91.27%, Best Test: 91.66%
Epoch: 800, Loss: 0.4448, Train: 92.76%, Valid: 91.49%, Test: 92.01%, Best Valid: 91.63%, Best Test: 91.85%
Epoch: 900, Loss: 0.4305, Train: 93.11%, Valid: 91.63%, Test: 92.04%, Best Valid: 91.79%, Best Test: 92.04%
Run 06:
Highest Train: 93.35
Highest Valid: 91.84
Highest Test: 92.26
Chosen epoch: 995
Final Train: 93.27
Final Test: 91.98
Pre-training MLP for 500 epochs to generate co-occurrence matrix...
Penalty transform 'shuffle': rel Frobenius dist to original = 0.4752, off-diag CV of original penalty = 0.2694
MLP pre-training complete. Penalty matrix frozen.
Epoch: 00, Loss: 3.7936, Train: 11.11%, Valid: 10.91%, Test: 11.21%, Best Valid: 10.91%, Best Test: 11.21%
Epoch: 100, Loss: 1.8194, Train: 55.31%, Valid: 55.56%, Test: 55.81%, Best Valid: 55.56%, Best Test: 55.53%
Epoch: 200, Loss: 0.8058, Train: 87.48%, Valid: 87.21%, Test: 87.21%, Best Valid: 87.21%, Best Test: 87.21%
Epoch: 300, Loss: 0.5835, Train: 90.67%, Valid: 89.80%, Test: 90.19%, Best Valid: 89.88%, Best Test: 90.21%
Epoch: 400, Loss: 0.5147, Train: 91.93%, Valid: 90.64%, Test: 91.44%, Best Valid: 90.64%, Best Test: 91.44%
Epoch: 500, Loss: 0.4723, Train: 92.65%, Valid: 91.16%, Test: 91.88%, Best Valid: 91.22%, Best Test: 91.88%
Epoch: 600, Loss: 0.4539, Train: 92.82%, Valid: 91.52%, Test: 91.98%, Best Valid: 91.52%, Best Test: 91.98%
Epoch: 700, Loss: 0.4354, Train: 93.00%, Valid: 91.54%, Test: 92.07%, Best Valid: 91.73%, Best Test: 92.09%
Epoch: 800, Loss: 0.4198, Train: 93.28%, Valid: 91.76%, Test: 92.39%, Best Valid: 91.90%, Best Test: 92.37%
Epoch: 900, Loss: 0.4080, Train: 93.46%, Valid: 91.95%, Test: 92.67%, Best Valid: 92.06%, Best Test: 92.61%
Run 07:
Highest Train: 93.72
Highest Valid: 92.25
Highest Test: 92.99
Chosen epoch: 978
Final Train: 93.63
Final Test: 92.80
Pre-training MLP for 500 epochs to generate co-occurrence matrix...
Penalty transform 'shuffle': rel Frobenius dist to original = 0.5438, off-diag CV of original penalty = 0.2695
MLP pre-training complete. Penalty matrix frozen.
Epoch: 00, Loss: 3.7942, Train: 22.05%, Valid: 23.92%, Test: 22.74%, Best Valid: 23.92%, Best Test: 22.74%
Epoch: 100, Loss: 1.6507, Train: 66.68%, Valid: 66.58%, Test: 66.79%, Best Valid: 66.58%, Best Test: 66.79%
Epoch: 200, Loss: 0.8781, Train: 85.53%, Valid: 85.05%, Test: 86.12%, Best Valid: 85.05%, Best Test: 86.12%
Epoch: 300, Loss: 0.5948, Train: 90.72%, Valid: 89.61%, Test: 90.57%, Best Valid: 89.72%, Best Test: 90.76%
Epoch: 400, Loss: 0.4946, Train: 92.46%, Valid: 91.08%, Test: 92.18%, Best Valid: 91.08%, Best Test: 92.18%
Epoch: 500, Loss: 0.4494, Train: 92.97%, Valid: 91.79%, Test: 92.86%, Best Valid: 91.79%, Best Test: 92.86%
Epoch: 600, Loss: 0.4258, Train: 93.14%, Valid: 91.82%, Test: 92.80%, Best Valid: 92.03%, Best Test: 92.80%
Epoch: 700, Loss: 0.4151, Train: 93.26%, Valid: 92.01%, Test: 92.78%, Best Valid: 92.14%, Best Test: 92.75%
Epoch: 800, Loss: 0.4004, Train: 93.52%, Valid: 92.17%, Test: 93.10%, Best Valid: 92.23%, Best Test: 93.02%
Epoch: 900, Loss: 0.3919, Train: 93.54%, Valid: 92.14%, Test: 92.97%, Best Valid: 92.31%, Best Test: 93.10%
Run 08:
Highest Train: 93.72
Highest Valid: 92.44
Highest Test: 93.24
Chosen epoch: 986
Final Train: 93.64
Final Test: 92.94
Pre-training MLP for 500 epochs to generate co-occurrence matrix...
Penalty transform 'shuffle': rel Frobenius dist to original = 0.5008, off-diag CV of original penalty = 0.2672
MLP pre-training complete. Penalty matrix frozen.
Epoch: 00, Loss: 3.7830, Train: 12.29%, Valid: 11.97%, Test: 10.96%, Best Valid: 11.97%, Best Test: 10.96%
Epoch: 100, Loss: 1.5369, Train: 68.25%, Valid: 68.11%, Test: 69.11%, Best Valid: 68.11%, Best Test: 69.11%
Epoch: 200, Loss: 0.8155, Train: 85.60%, Valid: 85.22%, Test: 86.01%, Best Valid: 85.22%, Best Test: 86.01%
Epoch: 300, Loss: 0.5790, Train: 89.80%, Valid: 89.25%, Test: 89.67%, Best Valid: 89.31%, Best Test: 89.48%
Epoch: 400, Loss: 0.4781, Train: 92.45%, Valid: 91.27%, Test: 92.31%, Best Valid: 91.41%, Best Test: 92.28%
Epoch: 500, Loss: 0.4409, Train: 92.94%, Valid: 91.82%, Test: 92.64%, Best Valid: 91.93%, Best Test: 92.61%
Epoch: 600, Loss: 0.4167, Train: 93.41%, Valid: 92.03%, Test: 92.78%, Best Valid: 92.03%, Best Test: 92.69%
Epoch: 700, Loss: 0.4049, Train: 93.55%, Valid: 91.93%, Test: 92.88%, Best Valid: 92.09%, Best Test: 92.91%
Epoch: 800, Loss: 0.3943, Train: 93.71%, Valid: 92.23%, Test: 93.18%, Best Valid: 92.23%, Best Test: 93.02%
Epoch: 900, Loss: 0.3895, Train: 93.78%, Valid: 92.28%, Test: 93.08%, Best Valid: 92.39%, Best Test: 93.08%
Run 09:
Highest Train: 93.92
Highest Valid: 92.42
Highest Test: 93.29
Chosen epoch: 942
Final Train: 93.79
Final Test: 93.21
Pre-training MLP for 500 epochs to generate co-occurrence matrix...
Penalty transform 'shuffle': rel Frobenius dist to original = 0.5210, off-diag CV of original penalty = 0.2699
MLP pre-training complete. Penalty matrix frozen.
Epoch: 00, Loss: 3.7839, Train: 14.07%, Valid: 13.94%, Test: 12.73%, Best Valid: 13.94%, Best Test: 12.73%
Epoch: 100, Loss: 1.8636, Train: 56.26%, Valid: 56.44%, Test: 55.34%, Best Valid: 56.44%, Best Test: 55.34%
Epoch: 200, Loss: 0.8546, Train: 84.35%, Valid: 84.02%, Test: 84.76%, Best Valid: 84.02%, Best Test: 84.76%
Epoch: 300, Loss: 0.6251, Train: 89.84%, Valid: 88.73%, Test: 89.18%, Best Valid: 88.76%, Best Test: 89.15%
Epoch: 400, Loss: 0.5457, Train: 90.98%, Valid: 89.69%, Test: 90.16%, Best Valid: 89.69%, Best Test: 90.24%
Epoch: 500, Loss: 0.5175, Train: 91.49%, Valid: 90.18%, Test: 90.92%, Best Valid: 90.18%, Best Test: 90.92%
Epoch: 600, Loss: 0.4841, Train: 92.34%, Valid: 90.64%, Test: 91.71%, Best Valid: 90.64%, Best Test: 91.66%
Epoch: 700, Loss: 0.4605, Train: 92.64%, Valid: 90.89%, Test: 92.23%, Best Valid: 91.16%, Best Test: 92.07%
Epoch: 800, Loss: 0.4340, Train: 92.87%, Valid: 91.35%, Test: 92.37%, Best Valid: 91.49%, Best Test: 92.34%
Epoch: 900, Loss: 0.4257, Train: 93.19%, Valid: 91.63%, Test: 92.39%, Best Valid: 91.71%, Best Test: 92.28%
Run 10:
Highest Train: 93.47
Highest Valid: 91.82
Highest Test: 92.56
Chosen epoch: 943
Final Train: 93.30
Final Test: 92.42
All runs:
Highest Train: 93.60 ± 0.20
Highest Test: 92.92 ± 0.34
Highest Valid: 92.10 ± 0.25
  Final Train: 93.47 ± 0.19
   Final Test: 92.75 ± 0.38
Saving results to results_tuned/coauthor-cs/sgformer.csv
Condition sweep completed.
Task 29 done.
