Sun Jul 26 06:30:00 2026       
+-----------------------------------------------------------------------------------------+
| NVIDIA-SMI 580.159.04             Driver Version: 580.159.04     CUDA Version: 13.0     |
+-----------------------------------------+------------------------+----------------------+
| GPU  Name                 Persistence-M | Bus-Id          Disp.A | Volatile Uncorr. ECC |
| Fan  Temp   Perf          Pwr:Usage/Cap |           Memory-Usage | GPU-Util  Compute M. |
|                                         |                        |               MIG M. |
|=========================================+========================+======================|
|   0  NVIDIA A100-SXM4-80GB          On  |   00000000:01:00.0 Off |                   On |
| N/A   40C    P0            138W /  500W |    3747MiB /  81920MiB |     N/A      Default |
|                                         |                        |              Enabled |
+-----------------------------------------+------------------------+----------------------+
|   1  NVIDIA A100-SXM4-80GB          On  |   00000000:41:00.0 Off |                   On |
| N/A   33C    P0            129W /  500W |    2843MiB /  81920MiB |     N/A      Default |
|                                         |                        |              Enabled |
+-----------------------------------------+------------------------+----------------------+
|   2  NVIDIA A100-SXM4-80GB          On  |   00000000:81:00.0 Off |                   On |
| N/A   31C    P0             52W /  500W |     249MiB /  81920MiB |     N/A      Default |
|                                         |                        |              Enabled |
+-----------------------------------------+------------------------+----------------------+
|   3  NVIDIA A100-SXM4-80GB          On  |   00000000:C1:00.0 Off |                   On |
| N/A   35C    P0            135W /  500W |    3745MiB /  81920MiB |     N/A      Default |
|                                         |                        |              Enabled |
+-----------------------------------------+------------------------+----------------------+

+-----------------------------------------------------------------------------------------+
| MIG devices:                                                                            |
+------------------+----------------------------------+-----------+-----------------------+
| GPU  GI  CI  MIG |              Shared Memory-Usage |        Vol|        Shared         |
|      ID  ID  Dev |                Shared BAR1-Usage | SM     Unc| CE ENC  DEC  OFA  JPG |
|                  |                                  |        ECC|                       |
|==================+==================================+===========+=======================|
|  2    3   0   0  |              71MiB / 19968MiB    | 28      0 |  2   0    1    0    0 |
|                  |               0MiB / 12271MiB    |           |                       |
+------------------+----------------------------------+-----------+-----------------------+

+-----------------------------------------------------------------------------------------+
| Processes:                                                                              |
|  GPU   GI   CI              PID   Type   Process name                        GPU Memory |
|        ID   ID                                                               Usage      |
|=========================================================================================|
|    0    5    0           766239      C   python                                 3490MiB |
|    1    5    0           776484      C   python                                 2586MiB |
|    3    5    0           763510      C   python                                 3488MiB |
+-----------------------------------------------------------------------------------------+
Reg sweep (search winner): sgformer / amazon-computer | group 1
python main.py --model sgformer --dataset amazon-computer --lr 0.001 --hidden_channels 256 --dropout 0.5 --weight_decay 0.0005 --num_heads 1 --runs 10 --device 0 --result_dir results_tuned --model_dir models/gt_reg_s_1108501_21 --paired_seeds  --layers 3 --tr_layers 1 --graph_weight 0.8 --alpha 0.5 --use_graph --use_residual --epochs 1000
==========================================================
Condition sweep: python main.py --model sgformer --dataset amazon-computer --lr 0.001 --hidden_channels 256 --dropout 0.5 --weight_decay 0.0005 --num_heads 1 --runs 10 --device 0 --result_dir results_tuned --model_dir models/gt_reg_s_1108501_21 --paired_seeds  --layers 3 --tr_layers 1 --graph_weight 0.8 --alpha 0.5 --use_graph --use_residual --epochs 1000
result_dir=results_tuned transforms=[shuffle] oracle=0 baseline=0
==========================================================
--- mlp_reg | transform=shuffle | lambda=0.01 | mlp_epochs=500 ---
Namespace(aggregate='add', alpha=0.5, attention='gcn', beta=-1.0, bn=False, cpu=False, data_dir='../data/', dataset='amazon-computer', device=0, dim_inner=256, display_step=100, dropout=0.5, epochs=1000, global_dropout=None, global_epochs=0, global_layers=2, gnn='gcn', graph_weight=0.8, hidden_channels=256, hops=10, in_dropout=0.0, jk=False, label_num_per_class=20, lambda_val=0.01, layers=3, ln=False, local_epochs=0, local_gnn_type='GCN', local_layers=7, lr=0.001, metric='acc', mlp_epochs=500, mlp_reg=True, model='sgformer', model_dir='models/gt_reg_s_1108501_21', n_heads=1, num_centroids=4096, num_heads=1, oracle_reg=False, paired_seeds=True, pe_types='RWSE', penalty_transform='shuffle', pre_linear=False, pre_ln=False, rand_split=False, rand_split_class=False, reg_start_epoch=10, reg_update_freq=5, res=False, result_dir='results_tuned', runs=10, save_model=False, save_result=False, seed=42, test_num=1000, tr_dropout=None, tr_layers=1, tr_weight_decay=None, train_prop=0.5, use_act=False, use_bn=False, use_graph=True, use_reg=True, use_residual=True, use_weight=False, valid_num=500, valid_prop=0.25, weight_decay=0.0005)
amazon-computer
dataset amazon-computer | num nodes 13752 | num edge 491722 | num node feats 767 | num classes 10
MODEL: SGFormer(
  (trans_conv): TransConv(
    (convs): ModuleList(
      (0): TransConvLayer(
        (Wk): Linear(in_features=256, out_features=256, bias=True)
        (Wq): Linear(in_features=256, out_features=256, bias=True)
      )
    )
    (fcs): ModuleList(
      (0): Linear(in_features=767, out_features=256, bias=True)
    )
    (bns): ModuleList(
      (0): LayerNorm((256,), eps=1e-05, elementwise_affine=True)
      (1): LayerNorm((256,), eps=1e-05, elementwise_affine=True)
    )
  )
  (gnn): GCN(
    (convs): ModuleList(
      (0): GCNConv(767, 256)
      (1): GCNConv(256, 256)
      (2): GCNConv(256, 256)
    )
    (bns): ModuleList(
      (0): BatchNorm1d(256, eps=1e-05, momentum=0.1, affine=True, track_running_stats=True)
      (1): BatchNorm1d(256, eps=1e-05, momentum=0.1, affine=True, track_running_stats=True)
    )
  )
  (fc): Linear(in_features=256, out_features=10, bias=True)
)
Pre-training MLP for 500 epochs to generate co-occurrence matrix...
Penalty transform 'shuffle': rel Frobenius dist to original = 0.5260, off-diag CV of original penalty = 0.2987
MLP pre-training complete. Penalty matrix frozen.
Epoch: 00, Loss: 2.3486, Train: 6.04%, Valid: 6.25%, Test: 5.38%, Best Valid: 6.25%, Best Test: 5.38%
Epoch: 100, Loss: 1.6260, Train: 37.55%, Valid: 36.18%, Test: 38.60%, Best Valid: 36.18%, Best Test: 38.53%
Epoch: 200, Loss: 1.1828, Train: 61.96%, Valid: 60.25%, Test: 60.81%, Best Valid: 60.25%, Best Test: 60.81%
Epoch: 300, Loss: 1.1028, Train: 63.08%, Valid: 60.36%, Test: 62.63%, Best Valid: 62.15%, Best Test: 63.10%
Epoch: 400, Loss: 1.0715, Train: 64.83%, Valid: 62.69%, Test: 64.27%, Best Valid: 62.80%, Best Test: 64.27%
Epoch: 500, Loss: 0.9398, Train: 67.56%, Valid: 65.35%, Test: 66.81%, Best Valid: 65.64%, Best Test: 67.14%
Epoch: 600, Loss: 0.7704, Train: 73.48%, Valid: 70.47%, Test: 73.39%, Best Valid: 70.47%, Best Test: 73.39%
Epoch: 700, Loss: 0.6500, Train: 79.19%, Valid: 76.07%, Test: 78.63%, Best Valid: 76.91%, Best Test: 78.92%
Epoch: 800, Loss: 0.6113, Train: 80.74%, Valid: 76.84%, Test: 79.97%, Best Valid: 79.67%, Best Test: 81.75%
Epoch: 900, Loss: 0.5722, Train: 83.09%, Valid: 79.42%, Test: 82.08%, Best Valid: 80.95%, Best Test: 82.66%
Run 01:
Highest Train: 84.75
Highest Valid: 81.67
Highest Test: 83.72
Chosen epoch: 992
Final Train: 84.75
Final Test: 83.72
Pre-training MLP for 500 epochs to generate co-occurrence matrix...
Penalty transform 'shuffle': rel Frobenius dist to original = 0.4854, off-diag CV of original penalty = 0.3007
MLP pre-training complete. Penalty matrix frozen.
Epoch: 00, Loss: 2.3389, Train: 3.87%, Valid: 3.75%, Test: 4.43%, Best Valid: 3.75%, Best Test: 4.43%
Epoch: 100, Loss: 1.6366, Train: 37.61%, Valid: 36.18%, Test: 38.53%, Best Valid: 36.18%, Best Test: 38.53%
Epoch: 200, Loss: 1.1928, Train: 61.17%, Valid: 59.16%, Test: 60.74%, Best Valid: 59.24%, Best Test: 60.78%
Epoch: 300, Loss: 1.1037, Train: 63.35%, Valid: 60.95%, Test: 62.74%, Best Valid: 62.36%, Best Test: 63.36%
Epoch: 400, Loss: 1.0498, Train: 64.68%, Valid: 62.58%, Test: 64.16%, Best Valid: 62.91%, Best Test: 64.09%
Epoch: 500, Loss: 0.9451, Train: 67.58%, Valid: 65.42%, Test: 66.85%, Best Valid: 65.49%, Best Test: 66.99%
Epoch: 600, Loss: 0.7469, Train: 77.92%, Valid: 76.15%, Test: 77.21%, Best Valid: 76.15%, Best Test: 77.21%
Epoch: 700, Loss: 0.6515, Train: 80.35%, Valid: 77.35%, Test: 80.12%, Best Valid: 77.45%, Best Test: 80.08%
Epoch: 800, Loss: 0.6099, Train: 81.38%, Valid: 78.22%, Test: 80.81%, Best Valid: 78.44%, Best Test: 81.13%
Epoch: 900, Loss: 0.5817, Train: 82.18%, Valid: 78.65%, Test: 81.39%, Best Valid: 79.02%, Best Test: 81.39%
Run 02:
Highest Train: 83.03
Highest Valid: 79.75
Highest Test: 82.33
Chosen epoch: 997
Final Train: 82.94
Final Test: 82.08
Pre-training MLP for 500 epochs to generate co-occurrence matrix...
Penalty transform 'shuffle': rel Frobenius dist to original = 0.5569, off-diag CV of original penalty = 0.3001
MLP pre-training complete. Penalty matrix frozen.
Epoch: 00, Loss: 2.3253, Train: 37.60%, Valid: 36.11%, Test: 38.53%, Best Valid: 36.11%, Best Test: 38.53%
Epoch: 100, Loss: 1.6056, Train: 37.56%, Valid: 36.18%, Test: 38.53%, Best Valid: 36.18%, Best Test: 38.53%
Epoch: 200, Loss: 1.1727, Train: 61.14%, Valid: 59.05%, Test: 60.74%, Best Valid: 59.85%, Best Test: 60.81%
Epoch: 300, Loss: 1.0922, Train: 62.78%, Valid: 60.22%, Test: 62.52%, Best Valid: 61.96%, Best Test: 63.10%
Epoch: 400, Loss: 1.0789, Train: 64.38%, Valid: 61.56%, Test: 63.25%, Best Valid: 62.15%, Best Test: 63.83%
Epoch: 500, Loss: 1.0506, Train: 64.55%, Valid: 62.11%, Test: 63.94%, Best Valid: 63.02%, Best Test: 64.67%
Epoch: 600, Loss: 0.9937, Train: 66.66%, Valid: 64.73%, Test: 66.38%, Best Valid: 64.73%, Best Test: 66.38%
Epoch: 700, Loss: 0.8062, Train: 74.74%, Valid: 72.07%, Test: 73.83%, Best Valid: 72.29%, Best Test: 73.79%
Epoch: 800, Loss: 0.6837, Train: 79.98%, Valid: 76.98%, Test: 78.99%, Best Valid: 77.53%, Best Test: 79.79%
Epoch: 900, Loss: 0.6053, Train: 82.78%, Valid: 79.85%, Test: 81.90%, Best Valid: 79.96%, Best Test: 81.72%
Run 03:
Highest Train: 83.67
Highest Valid: 80.98
Highest Test: 82.81
Chosen epoch: 985
Final Train: 83.52
Final Test: 82.66
Pre-training MLP for 500 epochs to generate co-occurrence matrix...
Penalty transform 'shuffle': rel Frobenius dist to original = 0.5235, off-diag CV of original penalty = 0.2993
MLP pre-training complete. Penalty matrix frozen.
Epoch: 00, Loss: 2.3155, Train: 6.04%, Valid: 6.29%, Test: 5.38%, Best Valid: 6.29%, Best Test: 5.38%
Epoch: 100, Loss: 1.5970, Train: 37.51%, Valid: 36.07%, Test: 38.46%, Best Valid: 36.18%, Best Test: 38.53%
Epoch: 200, Loss: 1.1642, Train: 60.43%, Valid: 58.40%, Test: 60.63%, Best Valid: 60.76%, Best Test: 61.58%
Epoch: 300, Loss: 1.0916, Train: 63.35%, Valid: 60.87%, Test: 62.85%, Best Valid: 61.96%, Best Test: 63.25%
Epoch: 400, Loss: 1.0707, Train: 64.45%, Valid: 62.73%, Test: 64.01%, Best Valid: 62.87%, Best Test: 63.98%
Epoch: 500, Loss: 1.0114, Train: 66.72%, Valid: 64.51%, Test: 66.16%, Best Valid: 64.58%, Best Test: 66.09%
Epoch: 600, Loss: 0.8125, Train: 72.26%, Valid: 69.35%, Test: 71.57%, Best Valid: 69.35%, Best Test: 71.57%
Epoch: 700, Loss: 0.6716, Train: 79.07%, Valid: 76.36%, Test: 78.30%, Best Valid: 76.40%, Best Test: 78.34%
Epoch: 800, Loss: 0.6130, Train: 82.09%, Valid: 79.02%, Test: 81.50%, Best Valid: 79.42%, Best Test: 81.82%
Epoch: 900, Loss: 0.5775, Train: 82.45%, Valid: 79.24%, Test: 81.46%, Best Valid: 80.55%, Best Test: 82.81%
Run 04:
Highest Train: 84.73
Highest Valid: 81.53
Highest Test: 83.72
Chosen epoch: 993
Final Train: 84.60
Final Test: 83.39
Pre-training MLP for 500 epochs to generate co-occurrence matrix...
Penalty transform 'shuffle': rel Frobenius dist to original = 0.4964, off-diag CV of original penalty = 0.2971
MLP pre-training complete. Penalty matrix frozen.
Epoch: 00, Loss: 2.3180, Train: 15.79%, Valid: 16.33%, Test: 14.69%, Best Valid: 16.33%, Best Test: 14.69%
Epoch: 100, Loss: 1.5831, Train: 37.66%, Valid: 35.85%, Test: 38.50%, Best Valid: 36.25%, Best Test: 38.53%
Epoch: 200, Loss: 1.1749, Train: 60.72%, Valid: 58.47%, Test: 60.85%, Best Valid: 60.07%, Best Test: 61.25%
Epoch: 300, Loss: 1.1033, Train: 63.62%, Valid: 61.13%, Test: 62.60%, Best Valid: 62.15%, Best Test: 63.47%
Epoch: 400, Loss: 1.0329, Train: 66.21%, Valid: 63.85%, Test: 65.61%, Best Valid: 64.00%, Best Test: 65.54%
Epoch: 500, Loss: 0.8023, Train: 74.46%, Valid: 72.51%, Test: 74.34%, Best Valid: 72.51%, Best Test: 74.34%
Epoch: 600, Loss: 0.6654, Train: 79.94%, Valid: 77.45%, Test: 79.79%, Best Valid: 77.78%, Best Test: 79.28%
Epoch: 700, Loss: 0.5892, Train: 82.16%, Valid: 79.38%, Test: 81.75%, Best Valid: 79.64%, Best Test: 81.86%
Epoch: 800, Loss: 0.5548, Train: 83.13%, Valid: 79.60%, Test: 82.55%, Best Valid: 80.80%, Best Test: 82.95%
Epoch: 900, Loss: 0.5447, Train: 83.69%, Valid: 80.29%, Test: 83.10%, Best Valid: 81.53%, Best Test: 84.11%
Run 05:
Highest Train: 85.15
Highest Valid: 82.07
Highest Test: 84.51
Chosen epoch: 991
Final Train: 85.02
Final Test: 84.08
Pre-training MLP for 500 epochs to generate co-occurrence matrix...
Penalty transform 'shuffle': rel Frobenius dist to original = 0.5365, off-diag CV of original penalty = 0.3005
MLP pre-training complete. Penalty matrix frozen.
Epoch: 00, Loss: 2.3315, Train: 3.84%, Valid: 3.78%, Test: 4.43%, Best Valid: 3.78%, Best Test: 4.43%
Epoch: 100, Loss: 1.5975, Train: 37.58%, Valid: 35.89%, Test: 38.50%, Best Valid: 36.18%, Best Test: 38.53%
Epoch: 200, Loss: 1.1726, Train: 61.02%, Valid: 58.69%, Test: 61.18%, Best Valid: 60.55%, Best Test: 61.76%
Epoch: 300, Loss: 1.0821, Train: 63.98%, Valid: 61.35%, Test: 62.89%, Best Valid: 62.11%, Best Test: 63.07%
Epoch: 400, Loss: 1.0504, Train: 65.22%, Valid: 62.98%, Test: 64.78%, Best Valid: 63.13%, Best Test: 64.70%
Epoch: 500, Loss: 0.9200, Train: 67.66%, Valid: 65.60%, Test: 66.96%, Best Valid: 65.93%, Best Test: 67.25%
Epoch: 600, Loss: 0.7305, Train: 78.41%, Valid: 75.49%, Test: 77.24%, Best Valid: 75.89%, Best Test: 77.79%
Epoch: 700, Loss: 0.6356, Train: 80.75%, Valid: 77.35%, Test: 80.12%, Best Valid: 78.04%, Best Test: 80.37%
Epoch: 800, Loss: 0.5886, Train: 82.95%, Valid: 79.82%, Test: 82.66%, Best Valid: 79.93%, Best Test: 82.41%
Epoch: 900, Loss: 0.5538, Train: 83.92%, Valid: 80.73%, Test: 83.02%, Best Valid: 81.02%, Best Test: 83.53%
Run 06:
Highest Train: 84.85
Highest Valid: 81.82
Highest Test: 84.19
Chosen epoch: 998
Final Train: 84.83
Final Test: 84.15
Pre-training MLP for 500 epochs to generate co-occurrence matrix...
Penalty transform 'shuffle': rel Frobenius dist to original = 0.4841, off-diag CV of original penalty = 0.2985
MLP pre-training complete. Penalty matrix frozen.
Epoch: 00, Loss: 2.3239, Train: 15.79%, Valid: 16.33%, Test: 14.69%, Best Valid: 16.33%, Best Test: 14.69%
Epoch: 100, Loss: 1.6002, Train: 37.62%, Valid: 36.00%, Test: 38.57%, Best Valid: 36.18%, Best Test: 38.53%
Epoch: 200, Loss: 1.1733, Train: 62.57%, Valid: 60.15%, Test: 61.76%, Best Valid: 60.25%, Best Test: 61.76%
Epoch: 300, Loss: 1.1086, Train: 61.79%, Valid: 59.27%, Test: 61.87%, Best Valid: 62.15%, Best Test: 62.81%
Epoch: 400, Loss: 1.0718, Train: 64.03%, Valid: 61.53%, Test: 63.54%, Best Valid: 62.62%, Best Test: 63.87%
Epoch: 500, Loss: 1.0269, Train: 65.92%, Valid: 63.60%, Test: 65.47%, Best Valid: 63.75%, Best Test: 65.29%
Epoch: 600, Loss: 0.8807, Train: 69.37%, Valid: 67.35%, Test: 68.70%, Best Valid: 67.67%, Best Test: 68.77%
Epoch: 700, Loss: 0.7464, Train: 75.46%, Valid: 72.36%, Test: 74.95%, Best Valid: 72.80%, Best Test: 75.21%
Epoch: 800, Loss: 0.6371, Train: 81.53%, Valid: 78.22%, Test: 81.24%, Best Valid: 78.22%, Best Test: 81.24%
Epoch: 900, Loss: 0.5959, Train: 83.11%, Valid: 79.64%, Test: 82.30%, Best Valid: 79.82%, Best Test: 81.97%
Run 07:
Highest Train: 83.89
Highest Valid: 80.65
Highest Test: 83.10
Chosen epoch: 999
Final Train: 83.89
Final Test: 83.10
Pre-training MLP for 500 epochs to generate co-occurrence matrix...
Penalty transform 'shuffle': rel Frobenius dist to original = 0.5051, off-diag CV of original penalty = 0.3001
MLP pre-training complete. Penalty matrix frozen.
Epoch: 00, Loss: 2.3279, Train: 1.98%, Valid: 2.55%, Test: 2.14%, Best Valid: 2.55%, Best Test: 2.14%
Epoch: 100, Loss: 1.6223, Train: 37.55%, Valid: 36.18%, Test: 38.53%, Best Valid: 36.18%, Best Test: 38.53%
Epoch: 200, Loss: 1.1873, Train: 61.43%, Valid: 59.05%, Test: 61.21%, Best Valid: 59.96%, Best Test: 61.03%
Epoch: 300, Loss: 1.1054, Train: 62.79%, Valid: 60.22%, Test: 62.52%, Best Valid: 61.75%, Best Test: 62.70%
Epoch: 400, Loss: 1.0585, Train: 64.79%, Valid: 62.51%, Test: 64.41%, Best Valid: 62.69%, Best Test: 64.19%
Epoch: 500, Loss: 0.9031, Train: 69.17%, Valid: 67.42%, Test: 69.07%, Best Valid: 67.56%, Best Test: 68.70%
Epoch: 600, Loss: 0.7284, Train: 77.09%, Valid: 74.80%, Test: 76.66%, Best Valid: 74.80%, Best Test: 76.66%
Epoch: 700, Loss: 0.6294, Train: 80.33%, Valid: 77.35%, Test: 80.12%, Best Valid: 77.67%, Best Test: 80.23%
Epoch: 800, Loss: 0.5776, Train: 82.71%, Valid: 79.82%, Test: 82.55%, Best Valid: 80.22%, Best Test: 82.77%
Epoch: 900, Loss: 0.5508, Train: 83.63%, Valid: 80.18%, Test: 82.95%, Best Valid: 81.35%, Best Test: 83.79%
Run 08:
Highest Train: 84.74
Highest Valid: 81.71
Highest Test: 84.41
Chosen epoch: 963
Final Train: 84.54
Final Test: 84.15
Pre-training MLP for 500 epochs to generate co-occurrence matrix...
Penalty transform 'shuffle': rel Frobenius dist to original = 0.5986, off-diag CV of original penalty = 0.3003
MLP pre-training complete. Penalty matrix frozen.
Epoch: 00, Loss: 2.3335, Train: 15.50%, Valid: 16.00%, Test: 15.38%, Best Valid: 16.00%, Best Test: 15.38%
Epoch: 100, Loss: 1.5843, Train: 37.27%, Valid: 35.75%, Test: 38.28%, Best Valid: 36.18%, Best Test: 38.53%
Epoch: 200, Loss: 1.1631, Train: 60.84%, Valid: 58.76%, Test: 61.07%, Best Valid: 60.33%, Best Test: 61.80%
Epoch: 300, Loss: 1.0990, Train: 63.65%, Valid: 61.56%, Test: 62.92%, Best Valid: 61.82%, Best Test: 62.49%
Epoch: 400, Loss: 1.0879, Train: 64.28%, Valid: 62.15%, Test: 63.79%, Best Valid: 62.25%, Best Test: 63.79%
Epoch: 500, Loss: 1.0473, Train: 65.07%, Valid: 62.91%, Test: 64.74%, Best Valid: 62.95%, Best Test: 64.52%
Epoch: 600, Loss: 0.9256, Train: 67.76%, Valid: 65.49%, Test: 67.10%, Best Valid: 65.78%, Best Test: 66.99%
Epoch: 700, Loss: 0.7614, Train: 75.76%, Valid: 72.95%, Test: 75.32%, Best Valid: 73.82%, Best Test: 76.59%
Epoch: 800, Loss: 0.6443, Train: 81.37%, Valid: 77.85%, Test: 81.03%, Best Valid: 78.33%, Best Test: 80.84%
Epoch: 900, Loss: 0.6052, Train: 82.69%, Valid: 79.53%, Test: 81.79%, Best Valid: 79.67%, Best Test: 81.82%
Run 09:
Highest Train: 83.29
Highest Valid: 80.25
Highest Test: 82.41
Chosen epoch: 987
Final Train: 83.12
Final Test: 82.08
Pre-training MLP for 500 epochs to generate co-occurrence matrix...
Penalty transform 'shuffle': rel Frobenius dist to original = 0.5023, off-diag CV of original penalty = 0.3010
MLP pre-training complete. Penalty matrix frozen.
Epoch: 00, Loss: 2.3086, Train: 37.61%, Valid: 36.18%, Test: 38.53%, Best Valid: 36.18%, Best Test: 38.53%
Epoch: 100, Loss: 1.5823, Train: 37.79%, Valid: 36.04%, Test: 38.68%, Best Valid: 36.18%, Best Test: 38.53%
Epoch: 200, Loss: 1.1698, Train: 61.12%, Valid: 58.73%, Test: 60.74%, Best Valid: 59.20%, Best Test: 60.49%
Epoch: 300, Loss: 1.1005, Train: 63.82%, Valid: 61.27%, Test: 62.85%, Best Valid: 62.07%, Best Test: 63.07%
Epoch: 400, Loss: 1.0618, Train: 64.36%, Valid: 61.67%, Test: 63.47%, Best Valid: 62.80%, Best Test: 64.19%
Epoch: 500, Loss: 1.0149, Train: 66.11%, Valid: 63.60%, Test: 65.61%, Best Valid: 64.15%, Best Test: 65.94%
Epoch: 600, Loss: 0.8465, Train: 71.75%, Valid: 69.16%, Test: 71.03%, Best Valid: 69.89%, Best Test: 71.54%
Epoch: 700, Loss: 0.6757, Train: 80.03%, Valid: 76.87%, Test: 79.21%, Best Valid: 77.16%, Best Test: 79.03%
Epoch: 800, Loss: 0.6223, Train: 82.14%, Valid: 79.05%, Test: 81.39%, Best Valid: 79.24%, Best Test: 81.90%
Epoch: 900, Loss: 0.5883, Train: 83.23%, Valid: 80.15%, Test: 82.33%, Best Valid: 80.36%, Best Test: 82.01%
Run 10:
Highest Train: 83.97
Highest Valid: 81.02
Highest Test: 83.24
Chosen epoch: 973
Final Train: 83.80
Final Test: 82.81
All runs:
Highest Train: 84.21 ± 0.73
Highest Test: 83.44 ± 0.79
Highest Valid: 81.15 ± 0.75
  Final Train: 84.10 ± 0.75
   Final Test: 83.22 ± 0.81
Saving results to results_tuned/amazon-computer/sgformer.csv
--- mlp_reg | transform=shuffle | lambda=0.05 | mlp_epochs=500 ---
Namespace(aggregate='add', alpha=0.5, attention='gcn', beta=-1.0, bn=False, cpu=False, data_dir='../data/', dataset='amazon-computer', device=0, dim_inner=256, display_step=100, dropout=0.5, epochs=1000, global_dropout=None, global_epochs=0, global_layers=2, gnn='gcn', graph_weight=0.8, hidden_channels=256, hops=10, in_dropout=0.0, jk=False, label_num_per_class=20, lambda_val=0.05, layers=3, ln=False, local_epochs=0, local_gnn_type='GCN', local_layers=7, lr=0.001, metric='acc', mlp_epochs=500, mlp_reg=True, model='sgformer', model_dir='models/gt_reg_s_1108501_21', n_heads=1, num_centroids=4096, num_heads=1, oracle_reg=False, paired_seeds=True, pe_types='RWSE', penalty_transform='shuffle', pre_linear=False, pre_ln=False, rand_split=False, rand_split_class=False, reg_start_epoch=10, reg_update_freq=5, res=False, result_dir='results_tuned', runs=10, save_model=False, save_result=False, seed=42, test_num=1000, tr_dropout=None, tr_layers=1, tr_weight_decay=None, train_prop=0.5, use_act=False, use_bn=False, use_graph=True, use_reg=True, use_residual=True, use_weight=False, valid_num=500, valid_prop=0.25, weight_decay=0.0005)
amazon-computer
dataset amazon-computer | num nodes 13752 | num edge 491722 | num node feats 767 | num classes 10
MODEL: SGFormer(
  (trans_conv): TransConv(
    (convs): ModuleList(
      (0): TransConvLayer(
        (Wk): Linear(in_features=256, out_features=256, bias=True)
        (Wq): Linear(in_features=256, out_features=256, bias=True)
      )
    )
    (fcs): ModuleList(
      (0): Linear(in_features=767, out_features=256, bias=True)
    )
    (bns): ModuleList(
      (0): LayerNorm((256,), eps=1e-05, elementwise_affine=True)
      (1): LayerNorm((256,), eps=1e-05, elementwise_affine=True)
    )
  )
  (gnn): GCN(
    (convs): ModuleList(
      (0): GCNConv(767, 256)
      (1): GCNConv(256, 256)
      (2): GCNConv(256, 256)
    )
    (bns): ModuleList(
      (0): BatchNorm1d(256, eps=1e-05, momentum=0.1, affine=True, track_running_stats=True)
      (1): BatchNorm1d(256, eps=1e-05, momentum=0.1, affine=True, track_running_stats=True)
    )
  )
  (fc): Linear(in_features=256, out_features=10, bias=True)
)
Pre-training MLP for 500 epochs to generate co-occurrence matrix...
Penalty transform 'shuffle': rel Frobenius dist to original = 0.5260, off-diag CV of original penalty = 0.2987
MLP pre-training complete. Penalty matrix frozen.
Epoch: 00, Loss: 2.4416, Train: 6.04%, Valid: 6.25%, Test: 5.38%, Best Valid: 6.25%, Best Test: 5.38%
Epoch: 100, Loss: 1.6902, Train: 37.61%, Valid: 36.18%, Test: 38.57%, Best Valid: 36.18%, Best Test: 38.53%
Epoch: 200, Loss: 1.2343, Train: 61.69%, Valid: 59.96%, Test: 61.14%, Best Valid: 59.96%, Best Test: 61.14%
Epoch: 300, Loss: 1.1401, Train: 63.53%, Valid: 61.27%, Test: 63.18%, Best Valid: 62.00%, Best Test: 63.36%
Epoch: 400, Loss: 1.1133, Train: 64.79%, Valid: 62.29%, Test: 63.98%, Best Valid: 62.58%, Best Test: 64.38%
Epoch: 500, Loss: 1.0706, Train: 65.68%, Valid: 63.60%, Test: 65.18%, Best Valid: 63.85%, Best Test: 65.43%
Epoch: 600, Loss: 0.9477, Train: 68.15%, Valid: 65.78%, Test: 67.50%, Best Valid: 65.85%, Best Test: 67.50%
Epoch: 700, Loss: 0.7558, Train: 78.57%, Valid: 76.58%, Test: 78.19%, Best Valid: 76.58%, Best Test: 78.19%
Epoch: 800, Loss: 0.6573, Train: 81.12%, Valid: 77.42%, Test: 80.52%, Best Valid: 78.18%, Best Test: 80.19%
Epoch: 900, Loss: 0.6161, Train: 82.29%, Valid: 78.73%, Test: 81.72%, Best Valid: 78.84%, Best Test: 81.64%
Run 01:
Highest Train: 83.02
Highest Valid: 79.75
Highest Test: 82.22
Chosen epoch: 978
Final Train: 82.79
Final Test: 82.22
Pre-training MLP for 500 epochs to generate co-occurrence matrix...
Penalty transform 'shuffle': rel Frobenius dist to original = 0.4854, off-diag CV of original penalty = 0.3007
MLP pre-training complete. Penalty matrix frozen.
Epoch: 00, Loss: 2.4315, Train: 3.85%, Valid: 3.75%, Test: 4.43%, Best Valid: 3.75%, Best Test: 4.43%
Epoch: 100, Loss: 1.6990, Train: 37.61%, Valid: 36.18%, Test: 38.53%, Best Valid: 36.18%, Best Test: 38.53%
Epoch: 200, Loss: 1.2235, Train: 61.97%, Valid: 59.82%, Test: 61.36%, Best Valid: 60.36%, Best Test: 61.36%
Epoch: 300, Loss: 1.1443, Train: 63.92%, Valid: 61.89%, Test: 63.10%, Best Valid: 62.04%, Best Test: 62.92%
Epoch: 400, Loss: 1.1041, Train: 64.40%, Valid: 61.75%, Test: 63.43%, Best Valid: 62.47%, Best Test: 63.50%
Epoch: 500, Loss: 1.0628, Train: 65.85%, Valid: 63.64%, Test: 65.72%, Best Valid: 63.93%, Best Test: 65.72%
Epoch: 600, Loss: 0.8704, Train: 71.72%, Valid: 68.98%, Test: 71.61%, Best Valid: 69.09%, Best Test: 71.28%
Epoch: 700, Loss: 0.7303, Train: 78.73%, Valid: 75.60%, Test: 77.94%, Best Valid: 76.62%, Best Test: 78.52%
Epoch: 800, Loss: 0.6607, Train: 81.66%, Valid: 78.44%, Test: 81.10%, Best Valid: 78.62%, Best Test: 81.28%
Epoch: 900, Loss: 0.6240, Train: 82.67%, Valid: 79.38%, Test: 81.57%, Best Valid: 79.53%, Best Test: 81.32%
Run 02:
Highest Train: 83.30
Highest Valid: 80.04
Highest Test: 82.41
Chosen epoch: 987
Final Train: 83.06
Final Test: 82.08
Pre-training MLP for 500 epochs to generate co-occurrence matrix...
Penalty transform 'shuffle': rel Frobenius dist to original = 0.5569, off-diag CV of original penalty = 0.3001
MLP pre-training complete. Penalty matrix frozen.
Epoch: 00, Loss: 2.4174, Train: 37.60%, Valid: 36.11%, Test: 38.53%, Best Valid: 36.11%, Best Test: 38.53%
Epoch: 100, Loss: 1.6650, Train: 37.62%, Valid: 36.11%, Test: 38.42%, Best Valid: 36.22%, Best Test: 38.53%
Epoch: 200, Loss: 1.2155, Train: 61.62%, Valid: 59.35%, Test: 61.43%, Best Valid: 60.84%, Best Test: 62.05%
Epoch: 300, Loss: 1.1388, Train: 63.06%, Valid: 60.40%, Test: 62.74%, Best Valid: 62.07%, Best Test: 62.96%
Epoch: 400, Loss: 1.1204, Train: 64.45%, Valid: 61.89%, Test: 63.58%, Best Valid: 62.62%, Best Test: 63.76%
Epoch: 500, Loss: 1.0823, Train: 65.73%, Valid: 63.60%, Test: 65.58%, Best Valid: 63.82%, Best Test: 65.14%
Epoch: 600, Loss: 0.9334, Train: 69.54%, Valid: 67.42%, Test: 68.63%, Best Valid: 67.42%, Best Test: 68.63%
Epoch: 700, Loss: 0.7504, Train: 79.15%, Valid: 76.40%, Test: 78.41%, Best Valid: 76.65%, Best Test: 78.23%
Epoch: 800, Loss: 0.6573, Train: 81.21%, Valid: 77.89%, Test: 80.99%, Best Valid: 78.55%, Best Test: 80.92%
Epoch: 900, Loss: 0.5895, Train: 82.44%, Valid: 78.84%, Test: 81.93%, Best Valid: 79.60%, Best Test: 82.81%
Run 03:
Highest Train: 84.01
Highest Valid: 80.73
Highest Test: 83.72
Chosen epoch: 991
Final Train: 83.69
Final Test: 83.17
Pre-training MLP for 500 epochs to generate co-occurrence matrix...
Penalty transform 'shuffle': rel Frobenius dist to original = 0.5235, off-diag CV of original penalty = 0.2993
MLP pre-training complete. Penalty matrix frozen.
Epoch: 00, Loss: 2.4072, Train: 6.04%, Valid: 6.29%, Test: 5.38%, Best Valid: 6.29%, Best Test: 5.38%
Epoch: 100, Loss: 1.6601, Train: 37.57%, Valid: 36.18%, Test: 38.53%, Best Valid: 36.18%, Best Test: 38.53%
Epoch: 200, Loss: 1.2121, Train: 60.67%, Valid: 58.65%, Test: 60.23%, Best Valid: 60.40%, Best Test: 61.21%
Epoch: 300, Loss: 1.1416, Train: 63.54%, Valid: 61.53%, Test: 62.96%, Best Valid: 61.71%, Best Test: 62.96%
Epoch: 400, Loss: 1.1069, Train: 64.31%, Valid: 62.22%, Test: 63.54%, Best Valid: 62.22%, Best Test: 63.54%
Epoch: 500, Loss: 1.0582, Train: 65.96%, Valid: 63.96%, Test: 65.83%, Best Valid: 64.15%, Best Test: 65.76%
Epoch: 600, Loss: 0.8393, Train: 71.60%, Valid: 69.24%, Test: 71.03%, Best Valid: 69.24%, Best Test: 71.03%
Epoch: 700, Loss: 0.6895, Train: 79.48%, Valid: 77.05%, Test: 78.95%, Best Valid: 77.20%, Best Test: 78.70%
Epoch: 800, Loss: 0.6154, Train: 82.35%, Valid: 79.89%, Test: 82.15%, Best Valid: 79.89%, Best Test: 82.15%
Epoch: 900, Loss: 0.5789, Train: 83.54%, Valid: 80.87%, Test: 83.17%, Best Valid: 80.87%, Best Test: 83.17%
Run 04:
Highest Train: 84.39
Highest Valid: 81.42
Highest Test: 84.04
Chosen epoch: 978
Final Train: 84.27
Final Test: 83.35
Pre-training MLP for 500 epochs to generate co-occurrence matrix...
Penalty transform 'shuffle': rel Frobenius dist to original = 0.4964, off-diag CV of original penalty = 0.2971
MLP pre-training complete. Penalty matrix frozen.
Epoch: 00, Loss: 2.4098, Train: 15.79%, Valid: 16.33%, Test: 14.69%, Best Valid: 16.33%, Best Test: 14.69%
Epoch: 100, Loss: 1.6588, Train: 37.57%, Valid: 36.22%, Test: 38.57%, Best Valid: 36.22%, Best Test: 38.57%
Epoch: 200, Loss: 1.2255, Train: 60.78%, Valid: 58.58%, Test: 60.63%, Best Valid: 59.89%, Best Test: 61.25%
Epoch: 300, Loss: 1.1437, Train: 63.20%, Valid: 60.84%, Test: 62.52%, Best Valid: 61.53%, Best Test: 62.78%
Epoch: 400, Loss: 1.1018, Train: 64.37%, Valid: 62.07%, Test: 63.79%, Best Valid: 62.62%, Best Test: 64.38%
Epoch: 500, Loss: 1.0328, Train: 66.27%, Valid: 64.07%, Test: 66.23%, Best Valid: 64.55%, Best Test: 66.09%
Epoch: 600, Loss: 0.8253, Train: 75.62%, Valid: 73.42%, Test: 74.99%, Best Valid: 73.64%, Best Test: 75.72%
Epoch: 700, Loss: 0.7048, Train: 79.47%, Valid: 76.29%, Test: 78.34%, Best Valid: 76.76%, Best Test: 78.92%
Epoch: 800, Loss: 0.6309, Train: 81.52%, Valid: 78.15%, Test: 80.99%, Best Valid: 78.91%, Best Test: 81.46%
Epoch: 900, Loss: 0.5954, Train: 83.57%, Valid: 80.29%, Test: 82.66%, Best Valid: 80.29%, Best Test: 82.59%
Run 05:
Highest Train: 84.64
Highest Valid: 81.38
Highest Test: 83.64
Chosen epoch: 996
Final Train: 84.18
Final Test: 83.39
Pre-training MLP for 500 epochs to generate co-occurrence matrix...
Penalty transform 'shuffle': rel Frobenius dist to original = 0.5365, off-diag CV of original penalty = 0.3005
MLP pre-training complete. Penalty matrix frozen.
Epoch: 00, Loss: 2.4238, Train: 3.84%, Valid: 3.78%, Test: 4.43%, Best Valid: 3.78%, Best Test: 4.43%
Epoch: 100, Loss: 1.6667, Train: 37.52%, Valid: 35.82%, Test: 38.53%, Best Valid: 36.18%, Best Test: 38.53%
Epoch: 200, Loss: 1.2113, Train: 59.85%, Valid: 57.60%, Test: 60.27%, Best Valid: 60.65%, Best Test: 61.69%
Epoch: 300, Loss: 1.1340, Train: 63.79%, Valid: 61.38%, Test: 63.03%, Best Valid: 61.75%, Best Test: 62.89%
Epoch: 400, Loss: 1.1116, Train: 64.42%, Valid: 61.71%, Test: 63.54%, Best Valid: 62.29%, Best Test: 63.98%
Epoch: 500, Loss: 1.0651, Train: 66.17%, Valid: 64.07%, Test: 65.69%, Best Valid: 64.07%, Best Test: 65.69%
Epoch: 600, Loss: 0.8657, Train: 72.22%, Valid: 69.49%, Test: 71.76%, Best Valid: 69.53%, Best Test: 71.36%
Epoch: 700, Loss: 0.7077, Train: 79.21%, Valid: 75.56%, Test: 78.01%, Best Valid: 76.76%, Best Test: 79.06%
Epoch: 800, Loss: 0.6251, Train: 82.12%, Valid: 79.24%, Test: 82.08%, Best Valid: 79.24%, Best Test: 82.08%
Epoch: 900, Loss: 0.5944, Train: 83.49%, Valid: 80.15%, Test: 82.99%, Best Valid: 80.44%, Best Test: 82.92%
Run 06:
Highest Train: 84.67
Highest Valid: 81.45
Highest Test: 83.93
Chosen epoch: 994
Final Train: 84.45
Final Test: 83.93
Pre-training MLP for 500 epochs to generate co-occurrence matrix...
Penalty transform 'shuffle': rel Frobenius dist to original = 0.4841, off-diag CV of original penalty = 0.2985
MLP pre-training complete. Penalty matrix frozen.
Epoch: 00, Loss: 2.4159, Train: 15.79%, Valid: 16.33%, Test: 14.69%, Best Valid: 16.33%, Best Test: 14.69%
Epoch: 100, Loss: 1.6603, Train: 37.66%, Valid: 36.11%, Test: 38.68%, Best Valid: 36.18%, Best Test: 38.53%
Epoch: 200, Loss: 1.2166, Train: 62.32%, Valid: 60.04%, Test: 61.76%, Best Valid: 60.04%, Best Test: 61.76%
Epoch: 300, Loss: 1.1434, Train: 62.54%, Valid: 60.04%, Test: 62.16%, Best Valid: 61.89%, Best Test: 63.18%
Epoch: 400, Loss: 1.1121, Train: 63.91%, Valid: 61.45%, Test: 63.43%, Best Valid: 62.58%, Best Test: 64.23%
Epoch: 500, Loss: 1.0052, Train: 67.34%, Valid: 65.13%, Test: 66.78%, Best Valid: 65.13%, Best Test: 66.78%
Epoch: 600, Loss: 0.8162, Train: 73.18%, Valid: 70.22%, Test: 72.52%, Best Valid: 70.69%, Best Test: 73.39%
Epoch: 700, Loss: 0.7332, Train: 79.20%, Valid: 76.69%, Test: 78.74%, Best Valid: 76.69%, Best Test: 78.74%
Epoch: 800, Loss: 0.6325, Train: 83.09%, Valid: 79.75%, Test: 82.52%, Best Valid: 79.96%, Best Test: 82.55%
Epoch: 900, Loss: 0.5894, Train: 83.40%, Valid: 80.04%, Test: 82.48%, Best Valid: 80.73%, Best Test: 83.02%
Run 07:
Highest Train: 84.26
Highest Valid: 81.27
Highest Test: 83.57
Chosen epoch: 942
Final Train: 83.67
Final Test: 83.32
Pre-training MLP for 500 epochs to generate co-occurrence matrix...
Penalty transform 'shuffle': rel Frobenius dist to original = 0.5051, off-diag CV of original penalty = 0.3001
MLP pre-training complete. Penalty matrix frozen.
Epoch: 00, Loss: 2.4201, Train: 1.98%, Valid: 2.55%, Test: 2.14%, Best Valid: 2.55%, Best Test: 2.14%
Epoch: 100, Loss: 1.6779, Train: 37.56%, Valid: 36.18%, Test: 38.53%, Best Valid: 36.18%, Best Test: 38.53%
Epoch: 200, Loss: 1.2308, Train: 62.22%, Valid: 59.93%, Test: 61.69%, Best Valid: 60.29%, Best Test: 61.87%
Epoch: 300, Loss: 1.1404, Train: 63.34%, Valid: 60.98%, Test: 62.78%, Best Valid: 62.44%, Best Test: 63.47%
Epoch: 400, Loss: 1.0981, Train: 64.71%, Valid: 62.51%, Test: 64.09%, Best Valid: 62.76%, Best Test: 64.05%
Epoch: 500, Loss: 1.0085, Train: 67.24%, Valid: 65.05%, Test: 66.78%, Best Valid: 65.09%, Best Test: 66.56%
Epoch: 600, Loss: 0.7904, Train: 77.24%, Valid: 74.73%, Test: 76.48%, Best Valid: 74.80%, Best Test: 76.34%
Epoch: 700, Loss: 0.6736, Train: 80.22%, Valid: 76.76%, Test: 79.46%, Best Valid: 77.38%, Best Test: 79.75%
Epoch: 800, Loss: 0.6288, Train: 82.03%, Valid: 78.87%, Test: 81.93%, Best Valid: 79.20%, Best Test: 81.13%
Epoch: 900, Loss: 0.5941, Train: 83.17%, Valid: 79.82%, Test: 82.81%, Best Valid: 79.89%, Best Test: 82.15%
Run 08:
Highest Train: 84.22
Highest Valid: 81.05
Highest Test: 83.46
Chosen epoch: 985
Final Train: 83.99
Final Test: 83.17
Pre-training MLP for 500 epochs to generate co-occurrence matrix...
Penalty transform 'shuffle': rel Frobenius dist to original = 0.5986, off-diag CV of original penalty = 0.3003
MLP pre-training complete. Penalty matrix frozen.
Epoch: 00, Loss: 2.4259, Train: 15.50%, Valid: 16.00%, Test: 15.38%, Best Valid: 16.00%, Best Test: 15.38%
Epoch: 100, Loss: 1.6444, Train: 37.40%, Valid: 35.78%, Test: 38.39%, Best Valid: 36.18%, Best Test: 38.53%
Epoch: 200, Loss: 1.2174, Train: 62.10%, Valid: 59.89%, Test: 61.36%, Best Valid: 60.76%, Best Test: 61.61%
Epoch: 300, Loss: 1.1491, Train: 63.16%, Valid: 60.69%, Test: 62.81%, Best Valid: 61.96%, Best Test: 63.21%
Epoch: 400, Loss: 1.1209, Train: 64.26%, Valid: 61.64%, Test: 63.32%, Best Valid: 62.36%, Best Test: 63.83%
Epoch: 500, Loss: 1.0894, Train: 65.03%, Valid: 63.05%, Test: 64.56%, Best Valid: 63.13%, Best Test: 64.45%
Epoch: 600, Loss: 0.9611, Train: 67.83%, Valid: 65.45%, Test: 67.10%, Best Valid: 65.56%, Best Test: 67.07%
Epoch: 700, Loss: 0.7573, Train: 78.66%, Valid: 76.18%, Test: 78.04%, Best Valid: 76.25%, Best Test: 78.23%
Epoch: 800, Loss: 0.6593, Train: 81.29%, Valid: 77.82%, Test: 80.73%, Best Valid: 78.15%, Best Test: 80.37%
Epoch: 900, Loss: 0.6202, Train: 81.99%, Valid: 79.20%, Test: 80.81%, Best Valid: 79.53%, Best Test: 81.53%
Run 09:
Highest Train: 83.42
Highest Valid: 80.18
Highest Test: 82.55
Chosen epoch: 997
Final Train: 83.36
Final Test: 82.55
Pre-training MLP for 500 epochs to generate co-occurrence matrix...
Penalty transform 'shuffle': rel Frobenius dist to original = 0.5023, off-diag CV of original penalty = 0.3010
MLP pre-training complete. Penalty matrix frozen.
Epoch: 00, Loss: 2.4000, Train: 37.61%, Valid: 36.18%, Test: 38.53%, Best Valid: 36.18%, Best Test: 38.53%
Epoch: 100, Loss: 1.6314, Train: 39.46%, Valid: 37.45%, Test: 40.57%, Best Valid: 37.45%, Best Test: 40.57%
Epoch: 200, Loss: 1.2025, Train: 60.97%, Valid: 58.80%, Test: 60.96%, Best Valid: 60.44%, Best Test: 61.58%
Epoch: 300, Loss: 1.1350, Train: 63.76%, Valid: 61.24%, Test: 62.81%, Best Valid: 61.67%, Best Test: 62.63%
Epoch: 400, Loss: 1.1110, Train: 64.20%, Valid: 61.56%, Test: 63.50%, Best Valid: 62.04%, Best Test: 63.72%
Epoch: 500, Loss: 1.0801, Train: 65.06%, Valid: 62.95%, Test: 64.45%, Best Valid: 63.02%, Best Test: 64.45%
Epoch: 600, Loss: 1.0026, Train: 67.30%, Valid: 65.02%, Test: 66.63%, Best Valid: 65.09%, Best Test: 66.85%
Epoch: 700, Loss: 0.7974, Train: 76.74%, Valid: 74.18%, Test: 76.63%, Best Valid: 74.76%, Best Test: 75.97%
Epoch: 800, Loss: 0.6715, Train: 80.84%, Valid: 77.89%, Test: 79.97%, Best Valid: 78.00%, Best Test: 80.23%
Epoch: 900, Loss: 0.6373, Train: 82.57%, Valid: 79.35%, Test: 81.72%, Best Valid: 79.71%, Best Test: 81.68%
Run 10:
Highest Train: 83.54
Highest Valid: 80.47
Highest Test: 82.48
Chosen epoch: 983
Final Train: 83.36
Final Test: 82.26
All runs:
Highest Train: 83.95 ± 0.59
Highest Test: 83.20 ± 0.70
Highest Valid: 80.77 ± 0.63
  Final Train: 83.68 ± 0.55
   Final Test: 82.94 ± 0.62
Saving results to results_tuned/amazon-computer/sgformer.csv
--- mlp_reg | transform=shuffle | lambda=0.1 | mlp_epochs=500 ---
Namespace(aggregate='add', alpha=0.5, attention='gcn', beta=-1.0, bn=False, cpu=False, data_dir='../data/', dataset='amazon-computer', device=0, dim_inner=256, display_step=100, dropout=0.5, epochs=1000, global_dropout=None, global_epochs=0, global_layers=2, gnn='gcn', graph_weight=0.8, hidden_channels=256, hops=10, in_dropout=0.0, jk=False, label_num_per_class=20, lambda_val=0.1, layers=3, ln=False, local_epochs=0, local_gnn_type='GCN', local_layers=7, lr=0.001, metric='acc', mlp_epochs=500, mlp_reg=True, model='sgformer', model_dir='models/gt_reg_s_1108501_21', n_heads=1, num_centroids=4096, num_heads=1, oracle_reg=False, paired_seeds=True, pe_types='RWSE', penalty_transform='shuffle', pre_linear=False, pre_ln=False, rand_split=False, rand_split_class=False, reg_start_epoch=10, reg_update_freq=5, res=False, result_dir='results_tuned', runs=10, save_model=False, save_result=False, seed=42, test_num=1000, tr_dropout=None, tr_layers=1, tr_weight_decay=None, train_prop=0.5, use_act=False, use_bn=False, use_graph=True, use_reg=True, use_residual=True, use_weight=False, valid_num=500, valid_prop=0.25, weight_decay=0.0005)
amazon-computer
dataset amazon-computer | num nodes 13752 | num edge 491722 | num node feats 767 | num classes 10
MODEL: SGFormer(
  (trans_conv): TransConv(
    (convs): ModuleList(
      (0): TransConvLayer(
        (Wk): Linear(in_features=256, out_features=256, bias=True)
        (Wq): Linear(in_features=256, out_features=256, bias=True)
      )
    )
    (fcs): ModuleList(
      (0): Linear(in_features=767, out_features=256, bias=True)
    )
    (bns): ModuleList(
      (0): LayerNorm((256,), eps=1e-05, elementwise_affine=True)
      (1): LayerNorm((256,), eps=1e-05, elementwise_affine=True)
    )
  )
  (gnn): GCN(
    (convs): ModuleList(
      (0): GCNConv(767, 256)
      (1): GCNConv(256, 256)
      (2): GCNConv(256, 256)
    )
    (bns): ModuleList(
      (0): BatchNorm1d(256, eps=1e-05, momentum=0.1, affine=True, track_running_stats=True)
      (1): BatchNorm1d(256, eps=1e-05, momentum=0.1, affine=True, track_running_stats=True)
    )
  )
  (fc): Linear(in_features=256, out_features=10, bias=True)
)
Pre-training MLP for 500 epochs to generate co-occurrence matrix...
Penalty transform 'shuffle': rel Frobenius dist to original = 0.5260, off-diag CV of original penalty = 0.2987
MLP pre-training complete. Penalty matrix frozen.
Epoch: 00, Loss: 2.5578, Train: 6.04%, Valid: 6.25%, Test: 5.38%, Best Valid: 6.25%, Best Test: 5.38%
Epoch: 100, Loss: 1.7650, Train: 37.61%, Valid: 36.18%, Test: 38.53%, Best Valid: 36.18%, Best Test: 38.53%
Epoch: 200, Loss: 1.2939, Train: 60.56%, Valid: 58.51%, Test: 61.03%, Best Valid: 60.11%, Best Test: 61.07%
Epoch: 300, Loss: 1.2057, Train: 63.62%, Valid: 61.27%, Test: 63.18%, Best Valid: 61.45%, Best Test: 63.00%
Epoch: 400, Loss: 1.1745, Train: 64.85%, Valid: 62.62%, Test: 64.16%, Best Valid: 62.69%, Best Test: 64.38%
Epoch: 500, Loss: 1.1052, Train: 66.69%, Valid: 64.18%, Test: 66.09%, Best Valid: 64.25%, Best Test: 65.94%
Epoch: 600, Loss: 0.9099, Train: 72.15%, Valid: 69.64%, Test: 71.57%, Best Valid: 69.67%, Best Test: 71.57%
Epoch: 700, Loss: 0.7642, Train: 79.64%, Valid: 76.04%, Test: 78.99%, Best Valid: 76.15%, Best Test: 79.03%
Epoch: 800, Loss: 0.6878, Train: 81.19%, Valid: 77.93%, Test: 80.41%, Best Valid: 79.09%, Best Test: 81.32%
Epoch: 900, Loss: 0.6405, Train: 83.02%, Valid: 79.42%, Test: 81.93%, Best Valid: 79.56%, Best Test: 81.90%
Run 01:
Highest Train: 83.70
Highest Valid: 80.29
Highest Test: 82.70
Chosen epoch: 989
Final Train: 83.48
Final Test: 82.52
Pre-training MLP for 500 epochs to generate co-occurrence matrix...
Penalty transform 'shuffle': rel Frobenius dist to original = 0.4854, off-diag CV of original penalty = 0.3007
MLP pre-training complete. Penalty matrix frozen.
Epoch: 00, Loss: 2.5473, Train: 3.85%, Valid: 3.75%, Test: 4.43%, Best Valid: 3.75%, Best Test: 4.43%
Epoch: 100, Loss: 1.7802, Train: 37.61%, Valid: 36.18%, Test: 38.53%, Best Valid: 36.18%, Best Test: 38.53%
Epoch: 200, Loss: 1.2898, Train: 61.33%, Valid: 59.27%, Test: 60.71%, Best Valid: 59.49%, Best Test: 60.71%
Epoch: 300, Loss: 1.2026, Train: 63.48%, Valid: 61.16%, Test: 63.00%, Best Valid: 62.04%, Best Test: 63.14%
Epoch: 400, Loss: 1.1454, Train: 65.30%, Valid: 62.84%, Test: 64.67%, Best Valid: 62.84%, Best Test: 64.52%
Epoch: 500, Loss: 0.9930, Train: 68.33%, Valid: 66.25%, Test: 67.61%, Best Valid: 66.25%, Best Test: 67.61%
Epoch: 600, Loss: 0.8139, Train: 77.36%, Valid: 74.33%, Test: 77.35%, Best Valid: 75.09%, Best Test: 77.17%
Epoch: 700, Loss: 0.6920, Train: 80.73%, Valid: 77.20%, Test: 80.33%, Best Valid: 77.35%, Best Test: 80.55%
Epoch: 800, Loss: 0.6552, Train: 81.84%, Valid: 78.25%, Test: 81.10%, Best Valid: 78.40%, Best Test: 81.24%
Epoch: 900, Loss: 0.6252, Train: 82.52%, Valid: 78.69%, Test: 81.68%, Best Valid: 79.13%, Best Test: 81.42%
Run 02:
Highest Train: 83.51
Highest Valid: 80.29
Highest Test: 82.84
Chosen epoch: 995
Final Train: 83.29
Final Test: 82.84
Pre-training MLP for 500 epochs to generate co-occurrence matrix...
Penalty transform 'shuffle': rel Frobenius dist to original = 0.5569, off-diag CV of original penalty = 0.3001
MLP pre-training complete. Penalty matrix frozen.
Epoch: 00, Loss: 2.5325, Train: 37.60%, Valid: 36.11%, Test: 38.53%, Best Valid: 36.11%, Best Test: 38.53%
Epoch: 100, Loss: 1.7423, Train: 37.63%, Valid: 36.11%, Test: 38.50%, Best Valid: 36.25%, Best Test: 38.53%
Epoch: 200, Loss: 1.2651, Train: 62.60%, Valid: 60.18%, Test: 62.41%, Best Valid: 61.89%, Best Test: 62.96%
Epoch: 300, Loss: 1.1897, Train: 63.76%, Valid: 61.38%, Test: 63.10%, Best Valid: 62.44%, Best Test: 63.65%
Epoch: 400, Loss: 1.1668, Train: 64.60%, Valid: 62.33%, Test: 63.83%, Best Valid: 62.98%, Best Test: 64.16%
Epoch: 500, Loss: 1.1235, Train: 66.04%, Valid: 63.93%, Test: 65.69%, Best Valid: 64.25%, Best Test: 65.47%
Epoch: 600, Loss: 0.9398, Train: 71.59%, Valid: 69.20%, Test: 70.56%, Best Valid: 69.20%, Best Test: 70.56%
Epoch: 700, Loss: 0.7572, Train: 79.20%, Valid: 76.51%, Test: 78.95%, Best Valid: 76.76%, Best Test: 78.84%
Epoch: 800, Loss: 0.6836, Train: 81.74%, Valid: 78.73%, Test: 81.50%, Best Valid: 78.95%, Best Test: 81.64%
Epoch: 900, Loss: 0.6332, Train: 82.62%, Valid: 79.09%, Test: 81.82%, Best Valid: 80.00%, Best Test: 82.55%
Run 03:
Highest Train: 83.80
Highest Valid: 80.47
Highest Test: 83.13
Chosen epoch: 989
Final Train: 83.70
Final Test: 82.92
Pre-training MLP for 500 epochs to generate co-occurrence matrix...
Penalty transform 'shuffle': rel Frobenius dist to original = 0.5235, off-diag CV of original penalty = 0.2993
MLP pre-training complete. Penalty matrix frozen.
Epoch: 00, Loss: 2.5218, Train: 6.04%, Valid: 6.29%, Test: 5.38%, Best Valid: 6.29%, Best Test: 5.38%
Epoch: 100, Loss: 1.7404, Train: 37.51%, Valid: 36.07%, Test: 38.50%, Best Valid: 36.18%, Best Test: 38.53%
Epoch: 200, Loss: 1.2647, Train: 59.86%, Valid: 57.67%, Test: 59.87%, Best Valid: 59.16%, Best Test: 59.98%
Epoch: 300, Loss: 1.1949, Train: 63.42%, Valid: 60.98%, Test: 62.78%, Best Valid: 61.02%, Best Test: 62.60%
Epoch: 400, Loss: 1.1515, Train: 64.37%, Valid: 62.04%, Test: 63.61%, Best Valid: 62.36%, Best Test: 63.83%
Epoch: 500, Loss: 1.0590, Train: 66.91%, Valid: 65.05%, Test: 66.81%, Best Valid: 65.35%, Best Test: 67.21%
Epoch: 600, Loss: 0.7995, Train: 77.58%, Valid: 75.02%, Test: 76.30%, Best Valid: 75.02%, Best Test: 76.30%
Epoch: 700, Loss: 0.6863, Train: 81.09%, Valid: 78.22%, Test: 80.73%, Best Valid: 78.55%, Best Test: 80.08%
Epoch: 800, Loss: 0.6332, Train: 82.78%, Valid: 79.78%, Test: 82.15%, Best Valid: 79.93%, Best Test: 82.22%
Epoch: 900, Loss: 0.6004, Train: 83.75%, Valid: 80.65%, Test: 83.10%, Best Valid: 80.84%, Best Test: 83.39%
Run 04:
Highest Train: 84.55
Highest Valid: 81.75
Highest Test: 83.97
Chosen epoch: 987
Final Train: 84.43
Final Test: 83.75
Pre-training MLP for 500 epochs to generate co-occurrence matrix...
Penalty transform 'shuffle': rel Frobenius dist to original = 0.4964, off-diag CV of original penalty = 0.2971
MLP pre-training complete. Penalty matrix frozen.
Epoch: 00, Loss: 2.5246, Train: 15.79%, Valid: 16.33%, Test: 14.69%, Best Valid: 16.33%, Best Test: 14.69%
Epoch: 100, Loss: 1.7293, Train: 37.67%, Valid: 35.93%, Test: 38.53%, Best Valid: 36.18%, Best Test: 38.53%
Epoch: 200, Loss: 1.2767, Train: 59.67%, Valid: 57.38%, Test: 59.91%, Best Valid: 59.64%, Best Test: 60.56%
Epoch: 300, Loss: 1.1996, Train: 63.24%, Valid: 60.76%, Test: 62.41%, Best Valid: 61.60%, Best Test: 62.67%
Epoch: 400, Loss: 1.1601, Train: 63.06%, Valid: 60.65%, Test: 62.78%, Best Valid: 62.44%, Best Test: 63.83%
Epoch: 500, Loss: 1.0900, Train: 66.46%, Valid: 64.55%, Test: 66.27%, Best Valid: 64.62%, Best Test: 66.12%
Epoch: 600, Loss: 0.8448, Train: 75.74%, Valid: 73.67%, Test: 75.10%, Best Valid: 73.67%, Best Test: 74.99%
Epoch: 700, Loss: 0.7325, Train: 78.27%, Valid: 75.45%, Test: 77.32%, Best Valid: 76.76%, Best Test: 78.04%
Epoch: 800, Loss: 0.6477, Train: 81.74%, Valid: 78.62%, Test: 81.17%, Best Valid: 79.67%, Best Test: 81.75%
Epoch: 900, Loss: 0.6057, Train: 82.80%, Valid: 79.64%, Test: 82.55%, Best Valid: 80.73%, Best Test: 83.53%
Run 05:
Highest Train: 84.27
Highest Valid: 81.45
Highest Test: 84.01
Chosen epoch: 968
Final Train: 84.20
Final Test: 83.79
Pre-training MLP for 500 epochs to generate co-occurrence matrix...
Penalty transform 'shuffle': rel Frobenius dist to original = 0.5365, off-diag CV of original penalty = 0.3005
MLP pre-training complete. Penalty matrix frozen.
Epoch: 00, Loss: 2.5393, Train: 3.84%, Valid: 3.78%, Test: 4.43%, Best Valid: 3.78%, Best Test: 4.43%
Epoch: 100, Loss: 1.7598, Train: 37.52%, Valid: 35.96%, Test: 38.50%, Best Valid: 36.18%, Best Test: 38.53%
Epoch: 200, Loss: 1.2810, Train: 59.80%, Valid: 57.38%, Test: 60.20%, Best Valid: 59.31%, Best Test: 60.52%
Epoch: 300, Loss: 1.1911, Train: 62.97%, Valid: 60.22%, Test: 62.30%, Best Valid: 61.24%, Best Test: 62.56%
Epoch: 400, Loss: 1.1567, Train: 63.99%, Valid: 61.45%, Test: 63.43%, Best Valid: 62.40%, Best Test: 64.27%
Epoch: 500, Loss: 1.0774, Train: 67.12%, Valid: 64.98%, Test: 66.81%, Best Valid: 65.09%, Best Test: 66.96%
Epoch: 600, Loss: 0.8261, Train: 77.18%, Valid: 74.36%, Test: 76.92%, Best Valid: 74.51%, Best Test: 76.99%
Epoch: 700, Loss: 0.6987, Train: 80.57%, Valid: 76.95%, Test: 79.93%, Best Valid: 77.38%, Best Test: 80.08%
Epoch: 800, Loss: 0.6579, Train: 81.42%, Valid: 77.96%, Test: 81.06%, Best Valid: 78.11%, Best Test: 79.97%
Epoch: 900, Loss: 0.6222, Train: 82.15%, Valid: 78.91%, Test: 81.61%, Best Valid: 78.91%, Best Test: 81.53%
Run 06:
Highest Train: 83.32
Highest Valid: 79.93
Highest Test: 82.66
Chosen epoch: 997
Final Train: 83.03
Final Test: 82.55
Pre-training MLP for 500 epochs to generate co-occurrence matrix...
Penalty transform 'shuffle': rel Frobenius dist to original = 0.4841, off-diag CV of original penalty = 0.2985
MLP pre-training complete. Penalty matrix frozen.
Epoch: 00, Loss: 2.5309, Train: 15.79%, Valid: 16.33%, Test: 14.69%, Best Valid: 16.33%, Best Test: 14.69%
Epoch: 100, Loss: 1.7150, Train: 38.32%, Valid: 36.84%, Test: 39.51%, Best Valid: 36.84%, Best Test: 39.51%
Epoch: 200, Loss: 1.2652, Train: 62.51%, Valid: 60.00%, Test: 62.01%, Best Valid: 60.65%, Best Test: 61.65%
Epoch: 300, Loss: 1.2048, Train: 63.22%, Valid: 60.58%, Test: 62.70%, Best Valid: 62.58%, Best Test: 63.50%
Epoch: 400, Loss: 1.1536, Train: 64.28%, Valid: 61.93%, Test: 63.79%, Best Valid: 63.16%, Best Test: 64.49%
Epoch: 500, Loss: 1.0573, Train: 67.02%, Valid: 64.76%, Test: 66.63%, Best Valid: 64.98%, Best Test: 66.67%
Epoch: 600, Loss: 0.8420, Train: 73.31%, Valid: 70.73%, Test: 73.28%, Best Valid: 70.95%, Best Test: 73.32%
Epoch: 700, Loss: 0.7478, Train: 80.32%, Valid: 77.45%, Test: 80.44%, Best Valid: 77.45%, Best Test: 80.44%
Epoch: 800, Loss: 0.6490, Train: 83.06%, Valid: 79.75%, Test: 82.52%, Best Valid: 79.82%, Best Test: 82.30%
Epoch: 900, Loss: 0.6111, Train: 83.43%, Valid: 80.55%, Test: 82.59%, Best Valid: 80.62%, Best Test: 82.70%
Run 07:
Highest Train: 84.30
Highest Valid: 81.27
Highest Test: 83.50
Chosen epoch: 986
Final Train: 84.20
Final Test: 83.39
Pre-training MLP for 500 epochs to generate co-occurrence matrix...
Penalty transform 'shuffle': rel Frobenius dist to original = 0.5051, off-diag CV of original penalty = 0.3001
MLP pre-training complete. Penalty matrix frozen.
Epoch: 00, Loss: 2.5354, Train: 1.96%, Valid: 2.55%, Test: 2.14%, Best Valid: 2.55%, Best Test: 2.14%
Epoch: 100, Loss: 1.7648, Train: 37.57%, Valid: 36.15%, Test: 38.53%, Best Valid: 36.18%, Best Test: 38.53%
Epoch: 200, Loss: 1.2917, Train: 61.47%, Valid: 59.35%, Test: 61.47%, Best Valid: 60.15%, Best Test: 61.61%
Epoch: 300, Loss: 1.1996, Train: 63.42%, Valid: 61.96%, Test: 63.10%, Best Valid: 61.96%, Best Test: 63.10%
Epoch: 400, Loss: 1.1480, Train: 64.61%, Valid: 62.58%, Test: 64.12%, Best Valid: 62.73%, Best Test: 64.09%
Epoch: 500, Loss: 0.9891, Train: 68.31%, Valid: 66.04%, Test: 67.36%, Best Valid: 66.51%, Best Test: 67.72%
Epoch: 600, Loss: 0.7871, Train: 78.68%, Valid: 76.00%, Test: 77.86%, Best Valid: 76.07%, Best Test: 77.86%
Epoch: 700, Loss: 0.6872, Train: 80.62%, Valid: 77.20%, Test: 80.37%, Best Valid: 77.82%, Best Test: 80.59%
Epoch: 800, Loss: 0.6481, Train: 81.99%, Valid: 78.40%, Test: 81.53%, Best Valid: 78.84%, Best Test: 81.32%
Epoch: 900, Loss: 0.6166, Train: 82.84%, Valid: 79.38%, Test: 82.44%, Best Valid: 79.89%, Best Test: 82.62%
Run 08:
Highest Train: 84.11
Highest Valid: 80.84
Highest Test: 83.50
Chosen epoch: 997
Final Train: 83.71
Final Test: 82.99
Pre-training MLP for 500 epochs to generate co-occurrence matrix...
Penalty transform 'shuffle': rel Frobenius dist to original = 0.5986, off-diag CV of original penalty = 0.3003
MLP pre-training complete. Penalty matrix frozen.
Epoch: 00, Loss: 2.5415, Train: 15.50%, Valid: 16.00%, Test: 15.38%, Best Valid: 16.00%, Best Test: 15.38%
Epoch: 100, Loss: 1.7274, Train: 37.26%, Valid: 35.71%, Test: 38.24%, Best Valid: 36.18%, Best Test: 38.53%
Epoch: 200, Loss: 1.2721, Train: 61.12%, Valid: 58.95%, Test: 60.63%, Best Valid: 59.67%, Best Test: 61.29%
Epoch: 300, Loss: 1.2029, Train: 63.11%, Valid: 61.42%, Test: 62.45%, Best Valid: 61.49%, Best Test: 62.96%
Epoch: 400, Loss: 1.1805, Train: 64.03%, Valid: 61.31%, Test: 63.43%, Best Valid: 62.25%, Best Test: 63.43%
Epoch: 500, Loss: 1.1451, Train: 65.17%, Valid: 62.95%, Test: 64.74%, Best Valid: 62.95%, Best Test: 64.74%
Epoch: 600, Loss: 0.9816, Train: 68.59%, Valid: 66.73%, Test: 67.68%, Best Valid: 66.80%, Best Test: 67.87%
Epoch: 700, Loss: 0.7753, Train: 78.86%, Valid: 76.18%, Test: 78.44%, Best Valid: 76.29%, Best Test: 78.55%
Epoch: 800, Loss: 0.6837, Train: 81.74%, Valid: 78.65%, Test: 81.50%, Best Valid: 78.91%, Best Test: 81.50%
Epoch: 900, Loss: 0.6531, Train: 83.00%, Valid: 80.22%, Test: 82.01%, Best Valid: 80.33%, Best Test: 82.22%
Run 09:
Highest Train: 84.23
Highest Valid: 81.09
Highest Test: 83.32
Chosen epoch: 976
Final Train: 84.04
Final Test: 82.88
Pre-training MLP for 500 epochs to generate co-occurrence matrix...
Penalty transform 'shuffle': rel Frobenius dist to original = 0.5023, off-diag CV of original penalty = 0.3010
MLP pre-training complete. Penalty matrix frozen.
Epoch: 00, Loss: 2.5143, Train: 37.61%, Valid: 36.18%, Test: 38.53%, Best Valid: 36.18%, Best Test: 38.53%
Epoch: 100, Loss: 1.7501, Train: 37.57%, Valid: 36.18%, Test: 38.53%, Best Valid: 36.18%, Best Test: 38.53%
Epoch: 200, Loss: 1.2803, Train: 60.31%, Valid: 58.18%, Test: 59.25%, Best Valid: 58.44%, Best Test: 59.14%
Epoch: 300, Loss: 1.2098, Train: 61.65%, Valid: 59.09%, Test: 61.43%, Best Valid: 60.69%, Best Test: 61.65%
Epoch: 400, Loss: 1.1733, Train: 63.65%, Valid: 60.98%, Test: 62.96%, Best Valid: 61.53%, Best Test: 63.25%
Epoch: 500, Loss: 1.1346, Train: 64.80%, Valid: 62.44%, Test: 64.38%, Best Valid: 62.80%, Best Test: 64.56%
Epoch: 600, Loss: 1.0103, Train: 67.53%, Valid: 65.53%, Test: 66.92%, Best Valid: 65.53%, Best Test: 66.92%
Epoch: 700, Loss: 0.8262, Train: 74.18%, Valid: 70.91%, Test: 73.61%, Best Valid: 71.89%, Best Test: 74.41%
Epoch: 800, Loss: 0.6897, Train: 81.41%, Valid: 78.11%, Test: 80.73%, Best Valid: 78.29%, Best Test: 80.48%
Epoch: 900, Loss: 0.6503, Train: 82.29%, Valid: 79.05%, Test: 81.57%, Best Valid: 80.00%, Best Test: 81.64%
Run 10:
Highest Train: 83.32
Highest Valid: 80.33
Highest Test: 82.59
Chosen epoch: 976
Final Train: 83.19
Final Test: 81.86
All runs:
Highest Train: 83.91 ± 0.44
Highest Test: 83.22 ± 0.52
Highest Valid: 80.77 ± 0.60
  Final Train: 83.73 ± 0.48
   Final Test: 82.95 ± 0.59
Saving results to results_tuned/amazon-computer/sgformer.csv
--- mlp_reg | transform=shuffle | lambda=0.2 | mlp_epochs=500 ---
Namespace(aggregate='add', alpha=0.5, attention='gcn', beta=-1.0, bn=False, cpu=False, data_dir='../data/', dataset='amazon-computer', device=0, dim_inner=256, display_step=100, dropout=0.5, epochs=1000, global_dropout=None, global_epochs=0, global_layers=2, gnn='gcn', graph_weight=0.8, hidden_channels=256, hops=10, in_dropout=0.0, jk=False, label_num_per_class=20, lambda_val=0.2, layers=3, ln=False, local_epochs=0, local_gnn_type='GCN', local_layers=7, lr=0.001, metric='acc', mlp_epochs=500, mlp_reg=True, model='sgformer', model_dir='models/gt_reg_s_1108501_21', n_heads=1, num_centroids=4096, num_heads=1, oracle_reg=False, paired_seeds=True, pe_types='RWSE', penalty_transform='shuffle', pre_linear=False, pre_ln=False, rand_split=False, rand_split_class=False, reg_start_epoch=10, reg_update_freq=5, res=False, result_dir='results_tuned', runs=10, save_model=False, save_result=False, seed=42, test_num=1000, tr_dropout=None, tr_layers=1, tr_weight_decay=None, train_prop=0.5, use_act=False, use_bn=False, use_graph=True, use_reg=True, use_residual=True, use_weight=False, valid_num=500, valid_prop=0.25, weight_decay=0.0005)
amazon-computer
dataset amazon-computer | num nodes 13752 | num edge 491722 | num node feats 767 | num classes 10
MODEL: SGFormer(
  (trans_conv): TransConv(
    (convs): ModuleList(
      (0): TransConvLayer(
        (Wk): Linear(in_features=256, out_features=256, bias=True)
        (Wq): Linear(in_features=256, out_features=256, bias=True)
      )
    )
    (fcs): ModuleList(
      (0): Linear(in_features=767, out_features=256, bias=True)
    )
    (bns): ModuleList(
      (0): LayerNorm((256,), eps=1e-05, elementwise_affine=True)
      (1): LayerNorm((256,), eps=1e-05, elementwise_affine=True)
    )
  )
  (gnn): GCN(
    (convs): ModuleList(
      (0): GCNConv(767, 256)
      (1): GCNConv(256, 256)
      (2): GCNConv(256, 256)
    )
    (bns): ModuleList(
      (0): BatchNorm1d(256, eps=1e-05, momentum=0.1, affine=True, track_running_stats=True)
      (1): BatchNorm1d(256, eps=1e-05, momentum=0.1, affine=True, track_running_stats=True)
    )
  )
  (fc): Linear(in_features=256, out_features=10, bias=True)
)
Pre-training MLP for 500 epochs to generate co-occurrence matrix...
Penalty transform 'shuffle': rel Frobenius dist to original = 0.5260, off-diag CV of original penalty = 0.2987
MLP pre-training complete. Penalty matrix frozen.
Epoch: 00, Loss: 2.7904, Train: 6.04%, Valid: 6.25%, Test: 5.38%, Best Valid: 6.25%, Best Test: 5.38%
Epoch: 100, Loss: 1.9245, Train: 37.61%, Valid: 36.18%, Test: 38.53%, Best Valid: 36.18%, Best Test: 38.53%
Epoch: 200, Loss: 1.4255, Train: 61.18%, Valid: 58.91%, Test: 60.81%, Best Valid: 59.31%, Best Test: 61.25%
Epoch: 300, Loss: 1.3225, Train: 62.54%, Valid: 59.96%, Test: 62.05%, Best Valid: 62.07%, Best Test: 63.10%
Epoch: 400, Loss: 1.2818, Train: 64.61%, Valid: 62.29%, Test: 63.94%, Best Valid: 62.69%, Best Test: 63.98%
Epoch: 500, Loss: 1.2257, Train: 66.50%, Valid: 64.25%, Test: 66.01%, Best Valid: 64.25%, Best Test: 66.01%
Epoch: 600, Loss: 1.0168, Train: 71.49%, Valid: 69.05%, Test: 70.96%, Best Valid: 69.53%, Best Test: 71.21%
Epoch: 700, Loss: 0.8103, Train: 79.42%, Valid: 75.82%, Test: 78.99%, Best Valid: 76.51%, Best Test: 79.17%
Epoch: 800, Loss: 0.7340, Train: 80.51%, Valid: 77.31%, Test: 79.57%, Best Valid: 78.00%, Best Test: 80.59%
Epoch: 900, Loss: 0.7040, Train: 81.84%, Valid: 78.69%, Test: 81.13%, Best Valid: 78.73%, Best Test: 81.06%
Run 01:
Highest Train: 82.77
Highest Valid: 79.31
Highest Test: 81.97
Chosen epoch: 988
Final Train: 82.52
Final Test: 81.24
Pre-training MLP for 500 epochs to generate co-occurrence matrix...
Penalty transform 'shuffle': rel Frobenius dist to original = 0.4854, off-diag CV of original penalty = 0.3007
MLP pre-training complete. Penalty matrix frozen.
Epoch: 00, Loss: 2.7789, Train: 3.85%, Valid: 3.75%, Test: 4.43%, Best Valid: 3.75%, Best Test: 4.43%
Epoch: 100, Loss: 1.9122, Train: 37.53%, Valid: 36.15%, Test: 38.53%, Best Valid: 36.18%, Best Test: 38.53%
Epoch: 200, Loss: 1.3999, Train: 61.11%, Valid: 59.35%, Test: 60.74%, Best Valid: 59.96%, Best Test: 60.85%
Epoch: 300, Loss: 1.3138, Train: 62.60%, Valid: 59.96%, Test: 62.41%, Best Valid: 61.82%, Best Test: 62.67%
Epoch: 400, Loss: 1.2648, Train: 64.73%, Valid: 62.47%, Test: 63.90%, Best Valid: 62.69%, Best Test: 63.94%
Epoch: 500, Loss: 1.1470, Train: 67.25%, Valid: 65.09%, Test: 66.59%, Best Valid: 65.09%, Best Test: 66.52%
Epoch: 600, Loss: 0.9231, Train: 73.37%, Valid: 70.40%, Test: 73.06%, Best Valid: 70.58%, Best Test: 73.17%
Epoch: 700, Loss: 0.7635, Train: 80.75%, Valid: 77.31%, Test: 80.37%, Best Valid: 77.53%, Best Test: 80.33%
Epoch: 800, Loss: 0.7098, Train: 82.64%, Valid: 79.24%, Test: 81.39%, Best Valid: 79.24%, Best Test: 82.08%
Epoch: 900, Loss: 0.6801, Train: 84.04%, Valid: 80.55%, Test: 82.84%, Best Valid: 80.62%, Best Test: 82.59%
Run 02:
Highest Train: 84.61
Highest Valid: 81.35
Highest Test: 83.42
Chosen epoch: 998
Final Train: 84.51
Final Test: 83.32
Pre-training MLP for 500 epochs to generate co-occurrence matrix...
Penalty transform 'shuffle': rel Frobenius dist to original = 0.5569, off-diag CV of original penalty = 0.3001
MLP pre-training complete. Penalty matrix frozen.
Epoch: 00, Loss: 2.7628, Train: 37.60%, Valid: 36.11%, Test: 38.53%, Best Valid: 36.11%, Best Test: 38.53%
Epoch: 100, Loss: 1.8857, Train: 38.55%, Valid: 36.69%, Test: 39.51%, Best Valid: 36.69%, Best Test: 39.51%
Epoch: 200, Loss: 1.4037, Train: 60.82%, Valid: 59.35%, Test: 60.71%, Best Valid: 59.93%, Best Test: 61.50%
Epoch: 300, Loss: 1.2797, Train: 64.68%, Valid: 62.84%, Test: 64.05%, Best Valid: 63.53%, Best Test: 64.96%
Epoch: 400, Loss: 1.0091, Train: 72.31%, Valid: 70.76%, Test: 72.37%, Best Valid: 70.76%, Best Test: 72.37%
Epoch: 500, Loss: 0.8641, Train: 75.46%, Valid: 73.53%, Test: 75.83%, Best Valid: 73.71%, Best Test: 75.43%
Epoch: 600, Loss: 0.7254, Train: 81.70%, Valid: 80.00%, Test: 81.32%, Best Valid: 80.04%, Best Test: 81.32%
Epoch: 700, Loss: 0.6801, Train: 83.29%, Valid: 80.80%, Test: 82.70%, Best Valid: 80.80%, Best Test: 82.70%
Epoch: 800, Loss: 0.6631, Train: 83.60%, Valid: 81.13%, Test: 82.84%, Best Valid: 81.16%, Best Test: 82.73%
Epoch: 900, Loss: 0.6329, Train: 84.20%, Valid: 81.60%, Test: 83.64%, Best Valid: 81.75%, Best Test: 83.21%
Run 03:
Highest Train: 84.86
Highest Valid: 82.33
Highest Test: 84.19
Chosen epoch: 982
Final Train: 84.73
Final Test: 83.97
Pre-training MLP for 500 epochs to generate co-occurrence matrix...
Penalty transform 'shuffle': rel Frobenius dist to original = 0.5235, off-diag CV of original penalty = 0.2993
MLP pre-training complete. Penalty matrix frozen.
Epoch: 00, Loss: 2.7511, Train: 6.04%, Valid: 6.29%, Test: 5.38%, Best Valid: 6.29%, Best Test: 5.38%
Epoch: 100, Loss: 1.9145, Train: 37.55%, Valid: 36.15%, Test: 38.60%, Best Valid: 36.18%, Best Test: 38.53%
Epoch: 200, Loss: 1.3952, Train: 58.39%, Valid: 55.89%, Test: 58.12%, Best Valid: 57.09%, Best Test: 58.45%
Epoch: 300, Loss: 1.3294, Train: 61.82%, Valid: 59.38%, Test: 61.29%, Best Valid: 60.07%, Best Test: 61.32%
Epoch: 400, Loss: 1.2810, Train: 63.52%, Valid: 61.05%, Test: 62.67%, Best Valid: 61.05%, Best Test: 62.67%
Epoch: 500, Loss: 1.2276, Train: 64.93%, Valid: 62.76%, Test: 64.99%, Best Valid: 62.87%, Best Test: 64.81%
Epoch: 600, Loss: 0.9826, Train: 71.29%, Valid: 69.27%, Test: 71.14%, Best Valid: 69.27%, Best Test: 71.14%
Epoch: 700, Loss: 0.7903, Train: 79.86%, Valid: 77.67%, Test: 79.28%, Best Valid: 77.78%, Best Test: 78.95%
Epoch: 800, Loss: 0.7088, Train: 82.32%, Valid: 79.24%, Test: 81.90%, Best Valid: 79.64%, Best Test: 82.04%
Epoch: 900, Loss: 0.6771, Train: 83.76%, Valid: 80.76%, Test: 83.13%, Best Valid: 80.91%, Best Test: 82.95%
Run 04:
Highest Train: 84.54
Highest Valid: 81.56
Highest Test: 83.79
Chosen epoch: 999
Final Train: 84.54
Final Test: 83.61
Pre-training MLP for 500 epochs to generate co-occurrence matrix...
Penalty transform 'shuffle': rel Frobenius dist to original = 0.4964, off-diag CV of original penalty = 0.2971
MLP pre-training complete. Penalty matrix frozen.
Epoch: 00, Loss: 2.7541, Train: 15.79%, Valid: 16.33%, Test: 14.69%, Best Valid: 16.33%, Best Test: 14.69%
Epoch: 100, Loss: 1.9095, Train: 37.57%, Valid: 36.18%, Test: 38.53%, Best Valid: 36.18%, Best Test: 38.53%
Epoch: 200, Loss: 1.3988, Train: 58.67%, Valid: 56.51%, Test: 58.49%, Best Valid: 59.20%, Best Test: 60.31%
Epoch: 300, Loss: 1.3218, Train: 62.28%, Valid: 59.82%, Test: 61.72%, Best Valid: 60.76%, Best Test: 61.76%
Epoch: 400, Loss: 1.2915, Train: 63.62%, Valid: 60.91%, Test: 62.81%, Best Valid: 61.20%, Best Test: 62.89%
Epoch: 500, Loss: 1.2386, Train: 64.68%, Valid: 61.93%, Test: 64.16%, Best Valid: 62.58%, Best Test: 64.41%
Epoch: 600, Loss: 1.0579, Train: 71.93%, Valid: 70.11%, Test: 71.25%, Best Valid: 70.11%, Best Test: 71.25%
Epoch: 700, Loss: 0.8460, Train: 77.15%, Valid: 74.07%, Test: 76.08%, Best Valid: 75.67%, Best Test: 77.10%
Epoch: 800, Loss: 0.7524, Train: 80.24%, Valid: 76.98%, Test: 79.35%, Best Valid: 77.56%, Best Test: 79.75%
Epoch: 900, Loss: 0.7055, Train: 82.44%, Valid: 79.16%, Test: 82.01%, Best Valid: 79.31%, Best Test: 81.57%
Run 05:
Highest Train: 83.44
Highest Valid: 80.18
Highest Test: 82.81
Chosen epoch: 975
Final Train: 82.94
Final Test: 82.77
Pre-training MLP for 500 epochs to generate co-occurrence matrix...
Penalty transform 'shuffle': rel Frobenius dist to original = 0.5365, off-diag CV of original penalty = 0.3005
MLP pre-training complete. Penalty matrix frozen.
Epoch: 00, Loss: 2.7701, Train: 3.84%, Valid: 3.78%, Test: 4.43%, Best Valid: 3.78%, Best Test: 4.43%
Epoch: 100, Loss: 1.9074, Train: 37.57%, Valid: 36.11%, Test: 38.57%, Best Valid: 36.18%, Best Test: 38.53%
Epoch: 200, Loss: 1.4019, Train: 60.31%, Valid: 57.96%, Test: 60.27%, Best Valid: 59.42%, Best Test: 60.45%
Epoch: 300, Loss: 1.3008, Train: 63.20%, Valid: 60.47%, Test: 62.27%, Best Valid: 60.98%, Best Test: 62.41%
Epoch: 400, Loss: 1.2772, Train: 64.05%, Valid: 61.16%, Test: 63.18%, Best Valid: 61.56%, Best Test: 63.40%
Epoch: 500, Loss: 1.2477, Train: 65.19%, Valid: 62.33%, Test: 64.41%, Best Valid: 62.33%, Best Test: 64.16%
Epoch: 600, Loss: 1.1746, Train: 66.63%, Valid: 64.22%, Test: 66.16%, Best Valid: 64.80%, Best Test: 66.52%
Epoch: 700, Loss: 0.9078, Train: 77.76%, Valid: 74.95%, Test: 76.88%, Best Valid: 74.95%, Best Test: 76.63%
Epoch: 800, Loss: 0.7683, Train: 80.49%, Valid: 76.98%, Test: 79.90%, Best Valid: 77.31%, Best Test: 80.01%
Epoch: 900, Loss: 0.7103, Train: 81.75%, Valid: 77.89%, Test: 81.32%, Best Valid: 78.47%, Best Test: 81.06%
Run 06:
Highest Train: 83.09
Highest Valid: 79.56
Highest Test: 82.08
Chosen epoch: 997
Final Train: 82.44
Final Test: 82.04
Pre-training MLP for 500 epochs to generate co-occurrence matrix...
Penalty transform 'shuffle': rel Frobenius dist to original = 0.4841, off-diag CV of original penalty = 0.2985
MLP pre-training complete. Penalty matrix frozen.
Epoch: 00, Loss: 2.7610, Train: 15.79%, Valid: 16.33%, Test: 14.69%, Best Valid: 16.33%, Best Test: 14.69%
Epoch: 100, Loss: 1.8786, Train: 37.87%, Valid: 36.36%, Test: 39.04%, Best Valid: 36.36%, Best Test: 39.04%
Epoch: 200, Loss: 1.3947, Train: 61.96%, Valid: 59.93%, Test: 61.87%, Best Valid: 60.87%, Best Test: 62.12%
Epoch: 300, Loss: 1.3019, Train: 64.25%, Valid: 62.29%, Test: 64.16%, Best Valid: 62.44%, Best Test: 63.54%
Epoch: 400, Loss: 1.1409, Train: 67.22%, Valid: 65.35%, Test: 66.81%, Best Valid: 65.38%, Best Test: 66.96%
Epoch: 500, Loss: 0.8903, Train: 75.12%, Valid: 72.29%, Test: 75.35%, Best Valid: 72.55%, Best Test: 75.21%
Epoch: 600, Loss: 0.7406, Train: 81.71%, Valid: 78.40%, Test: 81.03%, Best Valid: 78.51%, Best Test: 80.84%
Epoch: 700, Loss: 0.6932, Train: 82.61%, Valid: 79.38%, Test: 81.82%, Best Valid: 79.42%, Best Test: 81.72%
Epoch: 800, Loss: 0.6790, Train: 83.30%, Valid: 79.49%, Test: 82.33%, Best Valid: 79.96%, Best Test: 82.19%
Epoch: 900, Loss: 0.6525, Train: 83.53%, Valid: 79.85%, Test: 82.37%, Best Valid: 80.33%, Best Test: 82.62%
Run 07:
Highest Train: 83.93
Highest Valid: 80.84
Highest Test: 83.21
Chosen epoch: 968
Final Train: 83.71
Final Test: 83.02
Pre-training MLP for 500 epochs to generate co-occurrence matrix...
Penalty transform 'shuffle': rel Frobenius dist to original = 0.5051, off-diag CV of original penalty = 0.3001
MLP pre-training complete. Penalty matrix frozen.
Epoch: 00, Loss: 2.7658, Train: 1.96%, Valid: 2.55%, Test: 2.14%, Best Valid: 2.55%, Best Test: 2.14%
Epoch: 100, Loss: 1.8825, Train: 38.23%, Valid: 36.44%, Test: 39.44%, Best Valid: 36.44%, Best Test: 39.44%
Epoch: 200, Loss: 1.3800, Train: 62.03%, Valid: 59.67%, Test: 61.58%, Best Valid: 60.47%, Best Test: 62.20%
Epoch: 300, Loss: 1.2992, Train: 63.91%, Valid: 61.64%, Test: 63.21%, Best Valid: 62.22%, Best Test: 63.00%
Epoch: 400, Loss: 1.1483, Train: 67.40%, Valid: 64.80%, Test: 66.96%, Best Valid: 64.87%, Best Test: 66.74%
Epoch: 500, Loss: 0.8846, Train: 77.24%, Valid: 75.20%, Test: 77.17%, Best Valid: 75.20%, Best Test: 77.17%
Epoch: 600, Loss: 0.7642, Train: 80.56%, Valid: 78.76%, Test: 80.33%, Best Valid: 78.76%, Best Test: 80.33%
Epoch: 700, Loss: 0.6856, Train: 82.94%, Valid: 80.25%, Test: 82.70%, Best Valid: 80.65%, Best Test: 82.84%
Epoch: 800, Loss: 0.6565, Train: 83.77%, Valid: 81.24%, Test: 83.17%, Best Valid: 81.24%, Best Test: 82.92%
Epoch: 900, Loss: 0.6401, Train: 84.61%, Valid: 81.60%, Test: 84.26%, Best Valid: 81.85%, Best Test: 84.15%
Run 08:
Highest Train: 85.37
Highest Valid: 82.33
Highest Test: 84.62
Chosen epoch: 967
Final Train: 85.07
Final Test: 84.44
Pre-training MLP for 500 epochs to generate co-occurrence matrix...
Penalty transform 'shuffle': rel Frobenius dist to original = 0.5986, off-diag CV of original penalty = 0.3003
MLP pre-training complete. Penalty matrix frozen.
Epoch: 00, Loss: 2.7725, Train: 15.50%, Valid: 16.00%, Test: 15.38%, Best Valid: 16.00%, Best Test: 15.38%
Epoch: 100, Loss: 1.8820, Train: 37.37%, Valid: 35.67%, Test: 38.35%, Best Valid: 36.18%, Best Test: 38.53%
Epoch: 200, Loss: 1.3812, Train: 60.72%, Valid: 58.87%, Test: 60.45%, Best Valid: 59.85%, Best Test: 60.85%
Epoch: 300, Loss: 1.2976, Train: 62.76%, Valid: 60.18%, Test: 62.49%, Best Valid: 61.75%, Best Test: 62.52%
Epoch: 400, Loss: 1.2706, Train: 64.22%, Valid: 61.67%, Test: 63.72%, Best Valid: 61.82%, Best Test: 63.61%
Epoch: 500, Loss: 1.2367, Train: 65.08%, Valid: 62.58%, Test: 64.49%, Best Valid: 62.84%, Best Test: 64.23%
Epoch: 600, Loss: 1.1437, Train: 67.23%, Valid: 64.95%, Test: 66.48%, Best Valid: 65.45%, Best Test: 66.99%
Epoch: 700, Loss: 0.8768, Train: 78.27%, Valid: 75.42%, Test: 77.54%, Best Valid: 76.91%, Best Test: 78.26%
Epoch: 800, Loss: 0.7582, Train: 81.97%, Valid: 79.09%, Test: 81.32%, Best Valid: 79.09%, Best Test: 81.17%
Epoch: 900, Loss: 0.7124, Train: 83.35%, Valid: 80.18%, Test: 82.22%, Best Valid: 80.65%, Best Test: 82.59%
Run 09:
Highest Train: 84.38
Highest Valid: 81.24
Highest Test: 83.28
Chosen epoch: 957
Final Train: 83.90
Final Test: 82.66
Pre-training MLP for 500 epochs to generate co-occurrence matrix...
Penalty transform 'shuffle': rel Frobenius dist to original = 0.5023, off-diag CV of original penalty = 0.3010
MLP pre-training complete. Penalty matrix frozen.
Epoch: 00, Loss: 2.7428, Train: 37.61%, Valid: 36.18%, Test: 38.53%, Best Valid: 36.18%, Best Test: 38.53%
Epoch: 100, Loss: 1.9381, Train: 37.57%, Valid: 36.15%, Test: 38.53%, Best Valid: 36.18%, Best Test: 38.53%
Epoch: 200, Loss: 1.3902, Train: 59.36%, Valid: 57.38%, Test: 58.56%, Best Valid: 57.60%, Best Test: 58.67%
Epoch: 300, Loss: 1.3054, Train: 61.94%, Valid: 59.64%, Test: 61.14%, Best Valid: 60.62%, Best Test: 61.50%
Epoch: 400, Loss: 1.2889, Train: 62.62%, Valid: 59.96%, Test: 62.38%, Best Valid: 61.35%, Best Test: 62.60%
Epoch: 500, Loss: 1.2362, Train: 64.62%, Valid: 61.96%, Test: 63.90%, Best Valid: 62.44%, Best Test: 64.41%
Epoch: 600, Loss: 1.0511, Train: 69.28%, Valid: 67.49%, Test: 69.14%, Best Valid: 67.56%, Best Test: 68.81%
Epoch: 700, Loss: 0.8730, Train: 74.86%, Valid: 71.38%, Test: 73.79%, Best Valid: 72.07%, Best Test: 74.85%
Epoch: 800, Loss: 0.7359, Train: 80.68%, Valid: 77.60%, Test: 80.01%, Best Valid: 77.60%, Best Test: 80.01%
Epoch: 900, Loss: 0.6789, Train: 82.71%, Valid: 80.00%, Test: 82.44%, Best Valid: 80.25%, Best Test: 82.44%
Run 10:
Highest Train: 84.07
Highest Valid: 81.27
Highest Test: 83.57
Chosen epoch: 970
Final Train: 83.74
Final Test: 83.13
All runs:
Highest Train: 84.11 ± 0.81
Highest Test: 83.29 ± 0.84
Highest Valid: 81.00 ± 1.04
  Final Train: 83.81 ± 0.93
   Final Test: 83.02 ± 0.92
Saving results to results_tuned/amazon-computer/sgformer.csv
--- mlp_reg | transform=shuffle | lambda=0.4 | mlp_epochs=500 ---
Namespace(aggregate='add', alpha=0.5, attention='gcn', beta=-1.0, bn=False, cpu=False, data_dir='../data/', dataset='amazon-computer', device=0, dim_inner=256, display_step=100, dropout=0.5, epochs=1000, global_dropout=None, global_epochs=0, global_layers=2, gnn='gcn', graph_weight=0.8, hidden_channels=256, hops=10, in_dropout=0.0, jk=False, label_num_per_class=20, lambda_val=0.4, layers=3, ln=False, local_epochs=0, local_gnn_type='GCN', local_layers=7, lr=0.001, metric='acc', mlp_epochs=500, mlp_reg=True, model='sgformer', model_dir='models/gt_reg_s_1108501_21', n_heads=1, num_centroids=4096, num_heads=1, oracle_reg=False, paired_seeds=True, pe_types='RWSE', penalty_transform='shuffle', pre_linear=False, pre_ln=False, rand_split=False, rand_split_class=False, reg_start_epoch=10, reg_update_freq=5, res=False, result_dir='results_tuned', runs=10, save_model=False, save_result=False, seed=42, test_num=1000, tr_dropout=None, tr_layers=1, tr_weight_decay=None, train_prop=0.5, use_act=False, use_bn=False, use_graph=True, use_reg=True, use_residual=True, use_weight=False, valid_num=500, valid_prop=0.25, weight_decay=0.0005)
amazon-computer
dataset amazon-computer | num nodes 13752 | num edge 491722 | num node feats 767 | num classes 10
MODEL: SGFormer(
  (trans_conv): TransConv(
    (convs): ModuleList(
      (0): TransConvLayer(
        (Wk): Linear(in_features=256, out_features=256, bias=True)
        (Wq): Linear(in_features=256, out_features=256, bias=True)
      )
    )
    (fcs): ModuleList(
      (0): Linear(in_features=767, out_features=256, bias=True)
    )
    (bns): ModuleList(
      (0): LayerNorm((256,), eps=1e-05, elementwise_affine=True)
      (1): LayerNorm((256,), eps=1e-05, elementwise_affine=True)
    )
  )
  (gnn): GCN(
    (convs): ModuleList(
      (0): GCNConv(767, 256)
      (1): GCNConv(256, 256)
      (2): GCNConv(256, 256)
    )
    (bns): ModuleList(
      (0): BatchNorm1d(256, eps=1e-05, momentum=0.1, affine=True, track_running_stats=True)
      (1): BatchNorm1d(256, eps=1e-05, momentum=0.1, affine=True, track_running_stats=True)
    )
  )
  (fc): Linear(in_features=256, out_features=10, bias=True)
)
Pre-training MLP for 500 epochs to generate co-occurrence matrix...
Penalty transform 'shuffle': rel Frobenius dist to original = 0.5260, off-diag CV of original penalty = 0.2987
MLP pre-training complete. Penalty matrix frozen.
Epoch: 00, Loss: 3.2554, Train: 6.04%, Valid: 6.25%, Test: 5.38%, Best Valid: 6.25%, Best Test: 5.38%
Epoch: 100, Loss: 2.1979, Train: 39.67%, Valid: 38.36%, Test: 40.68%, Best Valid: 38.40%, Best Test: 40.53%
Epoch: 200, Loss: 1.6657, Train: 61.50%, Valid: 59.20%, Test: 61.25%, Best Valid: 60.47%, Best Test: 62.56%
Epoch: 300, Loss: 1.5191, Train: 63.62%, Valid: 61.16%, Test: 62.96%, Best Valid: 62.76%, Best Test: 64.27%
Epoch: 400, Loss: 1.4591, Train: 65.73%, Valid: 63.78%, Test: 65.25%, Best Valid: 63.78%, Best Test: 65.25%
Epoch: 500, Loss: 1.2131, Train: 70.52%, Valid: 68.47%, Test: 69.97%, Best Valid: 68.47%, Best Test: 69.97%
Epoch: 600, Loss: 0.9333, Train: 79.48%, Valid: 77.20%, Test: 78.95%, Best Valid: 77.35%, Best Test: 79.06%
Epoch: 700, Loss: 0.8442, Train: 81.99%, Valid: 79.82%, Test: 81.75%, Best Valid: 79.85%, Best Test: 81.24%
Epoch: 800, Loss: 0.8003, Train: 83.25%, Valid: 80.40%, Test: 82.81%, Best Valid: 80.69%, Best Test: 82.62%
Epoch: 900, Loss: 0.7676, Train: 83.84%, Valid: 80.76%, Test: 83.32%, Best Valid: 81.20%, Best Test: 83.32%
Run 01:
Highest Train: 84.70
Highest Valid: 81.64
Highest Test: 83.90
Chosen epoch: 999
Final Train: 84.44
Final Test: 83.75
Pre-training MLP for 500 epochs to generate co-occurrence matrix...
Penalty transform 'shuffle': rel Frobenius dist to original = 0.4854, off-diag CV of original penalty = 0.3007
MLP pre-training complete. Penalty matrix frozen.
Epoch: 00, Loss: 3.2421, Train: 3.87%, Valid: 3.75%, Test: 4.43%, Best Valid: 3.75%, Best Test: 4.43%
Epoch: 100, Loss: 2.2640, Train: 37.61%, Valid: 36.18%, Test: 38.53%, Best Valid: 36.18%, Best Test: 38.53%
Epoch: 200, Loss: 1.6432, Train: 59.53%, Valid: 58.25%, Test: 59.40%, Best Valid: 58.25%, Best Test: 59.40%
Epoch: 300, Loss: 1.5456, Train: 62.53%, Valid: 60.87%, Test: 61.72%, Best Valid: 60.95%, Best Test: 62.16%
Epoch: 400, Loss: 1.4912, Train: 63.96%, Valid: 61.67%, Test: 63.47%, Best Valid: 62.18%, Best Test: 63.58%
Epoch: 500, Loss: 1.4071, Train: 66.34%, Valid: 63.93%, Test: 66.27%, Best Valid: 64.62%, Best Test: 66.30%
Epoch: 600, Loss: 1.1471, Train: 72.51%, Valid: 69.85%, Test: 72.12%, Best Valid: 69.85%, Best Test: 72.12%
Epoch: 700, Loss: 0.9356, Train: 80.43%, Valid: 77.16%, Test: 80.04%, Best Valid: 77.27%, Best Test: 79.35%
Epoch: 800, Loss: 0.8543, Train: 81.71%, Valid: 78.80%, Test: 81.13%, Best Valid: 79.02%, Best Test: 81.17%
Epoch: 900, Loss: 0.8196, Train: 82.73%, Valid: 79.35%, Test: 81.79%, Best Valid: 79.67%, Best Test: 81.72%
Run 02:
Highest Train: 83.35
Highest Valid: 80.40
Highest Test: 82.44
Chosen epoch: 988
Final Train: 83.01
Final Test: 81.50
Pre-training MLP for 500 epochs to generate co-occurrence matrix...
Penalty transform 'shuffle': rel Frobenius dist to original = 0.5569, off-diag CV of original penalty = 0.3001
MLP pre-training complete. Penalty matrix frozen.
Epoch: 00, Loss: 3.2232, Train: 37.60%, Valid: 36.11%, Test: 38.53%, Best Valid: 36.11%, Best Test: 38.53%
Epoch: 100, Loss: 2.1717, Train: 32.87%, Valid: 32.98%, Test: 34.17%, Best Valid: 36.18%, Best Test: 38.53%
Epoch: 200, Loss: 1.6409, Train: 62.38%, Valid: 60.76%, Test: 62.12%, Best Valid: 60.76%, Best Test: 62.12%
Epoch: 300, Loss: 1.4725, Train: 63.59%, Valid: 62.00%, Test: 63.94%, Best Valid: 63.49%, Best Test: 64.99%
Epoch: 400, Loss: 1.4228, Train: 65.74%, Valid: 63.93%, Test: 65.61%, Best Valid: 64.25%, Best Test: 65.83%
Epoch: 500, Loss: 1.3960, Train: 66.26%, Valid: 64.55%, Test: 65.83%, Best Valid: 64.80%, Best Test: 66.48%
Epoch: 600, Loss: 1.3866, Train: 65.66%, Valid: 64.07%, Test: 65.47%, Best Valid: 65.75%, Best Test: 66.52%
Epoch: 700, Loss: 1.3332, Train: 68.48%, Valid: 66.15%, Test: 67.47%, Best Valid: 66.29%, Best Test: 67.14%
Epoch: 800, Loss: 1.2967, Train: 69.96%, Valid: 67.24%, Test: 68.48%, Best Valid: 67.24%, Best Test: 68.34%
Epoch: 900, Loss: 1.1686, Train: 72.84%, Valid: 69.42%, Test: 70.96%, Best Valid: 69.60%, Best Test: 71.14%
Run 03:
Highest Train: 80.68
Highest Valid: 77.85
Highest Test: 79.46
Chosen epoch: 997
Final Train: 80.68
Final Test: 79.39
Pre-training MLP for 500 epochs to generate co-occurrence matrix...
Penalty transform 'shuffle': rel Frobenius dist to original = 0.5235, off-diag CV of original penalty = 0.2993
MLP pre-training complete. Penalty matrix frozen.
Epoch: 00, Loss: 3.2096, Train: 6.04%, Valid: 6.29%, Test: 5.31%, Best Valid: 6.29%, Best Test: 5.31%
Epoch: 100, Loss: 2.2499, Train: 37.56%, Valid: 35.89%, Test: 38.57%, Best Valid: 36.18%, Best Test: 38.53%
Epoch: 200, Loss: 1.6480, Train: 58.22%, Valid: 55.96%, Test: 57.43%, Best Valid: 56.25%, Best Test: 57.76%
Epoch: 300, Loss: 1.5655, Train: 59.37%, Valid: 57.45%, Test: 58.96%, Best Valid: 57.53%, Best Test: 59.11%
Epoch: 400, Loss: 1.4966, Train: 61.35%, Valid: 59.20%, Test: 60.56%, Best Valid: 59.20%, Best Test: 60.56%
Epoch: 500, Loss: 1.1696, Train: 71.36%, Valid: 68.87%, Test: 71.43%, Best Valid: 68.91%, Best Test: 71.61%
Epoch: 600, Loss: 0.9494, Train: 79.21%, Valid: 77.60%, Test: 78.12%, Best Valid: 77.60%, Best Test: 78.12%
Epoch: 700, Loss: 0.8525, Train: 81.95%, Valid: 79.60%, Test: 81.35%, Best Valid: 79.64%, Best Test: 80.63%
Epoch: 800, Loss: 0.8061, Train: 83.47%, Valid: 80.47%, Test: 82.66%, Best Valid: 80.62%, Best Test: 82.44%
Epoch: 900, Loss: 0.7650, Train: 84.15%, Valid: 80.69%, Test: 83.53%, Best Valid: 81.20%, Best Test: 83.06%
Run 04:
Highest Train: 84.75
Highest Valid: 81.93
Highest Test: 83.93
Chosen epoch: 978
Final Train: 84.45
Final Test: 83.46
Pre-training MLP for 500 epochs to generate co-occurrence matrix...
Penalty transform 'shuffle': rel Frobenius dist to original = 0.4964, off-diag CV of original penalty = 0.2971
MLP pre-training complete. Penalty matrix frozen.
Epoch: 00, Loss: 3.2131, Train: 15.79%, Valid: 16.36%, Test: 14.69%, Best Valid: 16.36%, Best Test: 14.69%
Epoch: 100, Loss: 2.2563, Train: 37.50%, Valid: 35.93%, Test: 38.53%, Best Valid: 36.18%, Best Test: 38.53%
Epoch: 200, Loss: 1.6479, Train: 59.04%, Valid: 56.58%, Test: 58.49%, Best Valid: 56.65%, Best Test: 58.38%
Epoch: 300, Loss: 1.5439, Train: 61.87%, Valid: 59.53%, Test: 61.14%, Best Valid: 59.89%, Best Test: 61.36%
Epoch: 400, Loss: 1.4714, Train: 63.35%, Valid: 60.58%, Test: 62.67%, Best Valid: 60.84%, Best Test: 63.00%
Epoch: 500, Loss: 1.3053, Train: 71.99%, Valid: 69.75%, Test: 70.63%, Best Valid: 69.75%, Best Test: 70.63%
Epoch: 600, Loss: 0.9911, Train: 78.66%, Valid: 76.62%, Test: 77.03%, Best Valid: 76.62%, Best Test: 77.03%
Epoch: 700, Loss: 0.8783, Train: 81.25%, Valid: 78.44%, Test: 80.30%, Best Valid: 78.95%, Best Test: 80.59%
Epoch: 800, Loss: 0.8111, Train: 82.78%, Valid: 80.22%, Test: 82.37%, Best Valid: 80.22%, Best Test: 82.37%
Epoch: 900, Loss: 0.7724, Train: 83.34%, Valid: 80.65%, Test: 82.66%, Best Valid: 80.87%, Best Test: 82.66%
Run 05:
Highest Train: 84.22
Highest Valid: 81.56
Highest Test: 83.68
Chosen epoch: 986
Final Train: 83.92
Final Test: 83.68
Pre-training MLP for 500 epochs to generate co-occurrence matrix...
Penalty transform 'shuffle': rel Frobenius dist to original = 0.5365, off-diag CV of original penalty = 0.3005
MLP pre-training complete. Penalty matrix frozen.
Epoch: 00, Loss: 3.2318, Train: 3.84%, Valid: 3.78%, Test: 4.43%, Best Valid: 3.78%, Best Test: 4.43%
Epoch: 100, Loss: 2.2706, Train: 37.73%, Valid: 36.15%, Test: 38.46%, Best Valid: 36.18%, Best Test: 38.53%
Epoch: 200, Loss: 1.6434, Train: 57.85%, Valid: 55.27%, Test: 57.51%, Best Valid: 56.00%, Best Test: 58.12%
Epoch: 300, Loss: 1.5250, Train: 60.73%, Valid: 58.15%, Test: 60.67%, Best Valid: 59.05%, Best Test: 61.32%
Epoch: 400, Loss: 1.4862, Train: 61.04%, Valid: 58.40%, Test: 61.11%, Best Valid: 60.76%, Best Test: 63.00%
Epoch: 500, Loss: 1.3092, Train: 69.69%, Valid: 67.13%, Test: 69.47%, Best Valid: 67.13%, Best Test: 69.36%
Epoch: 600, Loss: 0.9785, Train: 78.11%, Valid: 75.85%, Test: 77.61%, Best Valid: 77.16%, Best Test: 77.17%
Epoch: 700, Loss: 0.8522, Train: 81.46%, Valid: 78.36%, Test: 80.48%, Best Valid: 79.56%, Best Test: 81.10%
Epoch: 800, Loss: 0.8035, Train: 83.18%, Valid: 80.62%, Test: 82.44%, Best Valid: 80.62%, Best Test: 82.37%
Epoch: 900, Loss: 0.7807, Train: 83.92%, Valid: 81.02%, Test: 83.10%, Best Valid: 81.27%, Best Test: 83.10%
Run 06:
Highest Train: 84.68
Highest Valid: 81.75
Highest Test: 83.75
Chosen epoch: 980
Final Train: 84.68
Final Test: 83.75
Pre-training MLP for 500 epochs to generate co-occurrence matrix...
Penalty transform 'shuffle': rel Frobenius dist to original = 0.4841, off-diag CV of original penalty = 0.2985
MLP pre-training complete. Penalty matrix frozen.
Epoch: 00, Loss: 3.2212, Train: 15.79%, Valid: 16.33%, Test: 14.69%, Best Valid: 16.33%, Best Test: 14.69%
Epoch: 100, Loss: 2.2814, Train: 38.46%, Valid: 36.76%, Test: 39.51%, Best Valid: 36.76%, Best Test: 39.51%
Epoch: 200, Loss: 1.5724, Train: 64.21%, Valid: 62.22%, Test: 64.16%, Best Valid: 62.22%, Best Test: 63.90%
Epoch: 300, Loss: 1.0803, Train: 73.77%, Valid: 71.45%, Test: 73.61%, Best Valid: 71.56%, Best Test: 73.68%
Epoch: 400, Loss: 0.8841, Train: 80.80%, Valid: 78.29%, Test: 80.01%, Best Valid: 78.33%, Best Test: 80.04%
Epoch: 500, Loss: 0.8098, Train: 82.90%, Valid: 79.38%, Test: 82.26%, Best Valid: 79.60%, Best Test: 81.93%
Epoch: 600, Loss: 0.7721, Train: 84.15%, Valid: 80.40%, Test: 83.02%, Best Valid: 80.55%, Best Test: 82.92%
Epoch: 700, Loss: 0.7507, Train: 84.29%, Valid: 81.31%, Test: 83.90%, Best Valid: 81.78%, Best Test: 83.57%
Epoch: 800, Loss: 0.7299, Train: 84.91%, Valid: 81.64%, Test: 84.22%, Best Valid: 82.22%, Best Test: 84.11%
Epoch: 900, Loss: 0.7081, Train: 85.44%, Valid: 81.89%, Test: 84.81%, Best Valid: 82.69%, Best Test: 84.77%
Run 07:
Highest Train: 86.43
Highest Valid: 82.95
Highest Test: 85.28
Chosen epoch: 997
Final Train: 86.16
Final Test: 85.17
Pre-training MLP for 500 epochs to generate co-occurrence matrix...
Penalty transform 'shuffle': rel Frobenius dist to original = 0.5051, off-diag CV of original penalty = 0.3001
MLP pre-training complete. Penalty matrix frozen.
Epoch: 00, Loss: 3.2268, Train: 1.96%, Valid: 2.55%, Test: 2.14%, Best Valid: 2.55%, Best Test: 2.14%
Epoch: 100, Loss: 2.1291, Train: 43.91%, Valid: 42.55%, Test: 44.86%, Best Valid: 42.55%, Best Test: 44.86%
Epoch: 200, Loss: 1.5961, Train: 62.54%, Valid: 61.16%, Test: 62.09%, Best Valid: 61.60%, Best Test: 62.34%
Epoch: 300, Loss: 1.1700, Train: 71.81%, Valid: 69.82%, Test: 71.54%, Best Valid: 69.82%, Best Test: 71.54%
Epoch: 400, Loss: 0.9149, Train: 79.48%, Valid: 77.82%, Test: 79.43%, Best Valid: 78.47%, Best Test: 79.97%
Epoch: 500, Loss: 0.8660, Train: 81.21%, Valid: 79.27%, Test: 80.88%, Best Valid: 80.00%, Best Test: 80.84%
Epoch: 600, Loss: 0.7864, Train: 83.89%, Valid: 81.75%, Test: 83.21%, Best Valid: 81.75%, Best Test: 83.21%
Epoch: 700, Loss: 0.7483, Train: 84.69%, Valid: 82.07%, Test: 84.26%, Best Valid: 82.36%, Best Test: 84.08%
Epoch: 800, Loss: 0.7330, Train: 85.10%, Valid: 82.69%, Test: 84.22%, Best Valid: 82.69%, Best Test: 84.26%
Epoch: 900, Loss: 0.7116, Train: 85.31%, Valid: 82.69%, Test: 84.30%, Best Valid: 83.05%, Best Test: 84.66%
Run 08:
Highest Train: 86.04
Highest Valid: 83.31
Highest Test: 85.35
Chosen epoch: 974
Final Train: 85.97
Final Test: 84.77
Pre-training MLP for 500 epochs to generate co-occurrence matrix...
Penalty transform 'shuffle': rel Frobenius dist to original = 0.5986, off-diag CV of original penalty = 0.3003
MLP pre-training complete. Penalty matrix frozen.
Epoch: 00, Loss: 3.2346, Train: 15.50%, Valid: 16.00%, Test: 15.38%, Best Valid: 16.00%, Best Test: 15.38%
Epoch: 100, Loss: 2.1352, Train: 43.99%, Valid: 42.40%, Test: 45.51%, Best Valid: 42.40%, Best Test: 45.51%
Epoch: 200, Loss: 1.5973, Train: 61.82%, Valid: 59.60%, Test: 60.81%, Best Valid: 59.89%, Best Test: 60.60%
Epoch: 300, Loss: 1.5132, Train: 62.97%, Valid: 60.65%, Test: 62.01%, Best Valid: 61.16%, Best Test: 61.83%
Epoch: 400, Loss: 1.4792, Train: 63.71%, Valid: 61.02%, Test: 63.00%, Best Valid: 61.49%, Best Test: 63.14%
Epoch: 500, Loss: 1.4277, Train: 65.05%, Valid: 62.65%, Test: 64.23%, Best Valid: 63.49%, Best Test: 64.56%
Epoch: 600, Loss: 1.2013, Train: 73.46%, Valid: 71.67%, Test: 72.66%, Best Valid: 71.67%, Best Test: 72.66%
Epoch: 700, Loss: 0.9864, Train: 78.60%, Valid: 75.60%, Test: 77.94%, Best Valid: 76.04%, Best Test: 77.94%
Epoch: 800, Loss: 0.8820, Train: 81.84%, Valid: 79.09%, Test: 81.21%, Best Valid: 79.27%, Best Test: 81.13%
Epoch: 900, Loss: 0.8246, Train: 83.53%, Valid: 80.51%, Test: 82.66%, Best Valid: 80.69%, Best Test: 82.37%
Run 09:
Highest Train: 84.37
Highest Valid: 81.35
Highest Test: 83.32
Chosen epoch: 997
Final Train: 84.30
Final Test: 83.02
Pre-training MLP for 500 epochs to generate co-occurrence matrix...
Penalty transform 'shuffle': rel Frobenius dist to original = 0.5023, off-diag CV of original penalty = 0.3010
MLP pre-training complete. Penalty matrix frozen.
Epoch: 00, Loss: 3.2000, Train: 37.61%, Valid: 36.18%, Test: 38.53%, Best Valid: 36.18%, Best Test: 38.53%
Epoch: 100, Loss: 2.3888, Train: 25.16%, Valid: 25.02%, Test: 25.92%, Best Valid: 36.18%, Best Test: 38.53%
Epoch: 200, Loss: 1.6646, Train: 61.12%, Valid: 60.44%, Test: 61.14%, Best Valid: 60.98%, Best Test: 61.50%
Epoch: 300, Loss: 1.2279, Train: 70.21%, Valid: 67.93%, Test: 69.25%, Best Valid: 68.04%, Best Test: 69.50%
Epoch: 400, Loss: 0.9972, Train: 79.01%, Valid: 76.87%, Test: 77.64%, Best Valid: 77.31%, Best Test: 77.75%
Epoch: 500, Loss: 0.8824, Train: 81.97%, Valid: 79.71%, Test: 81.28%, Best Valid: 79.71%, Best Test: 81.28%
Epoch: 600, Loss: 0.8522, Train: 83.72%, Valid: 81.02%, Test: 82.81%, Best Valid: 81.16%, Best Test: 82.70%
Epoch: 700, Loss: 0.8286, Train: 84.34%, Valid: 81.67%, Test: 83.39%, Best Valid: 81.85%, Best Test: 83.57%
Epoch: 800, Loss: 0.8033, Train: 84.54%, Valid: 81.93%, Test: 83.68%, Best Valid: 82.25%, Best Test: 83.82%
Epoch: 900, Loss: 0.7897, Train: 84.60%, Valid: 81.89%, Test: 83.90%, Best Valid: 82.47%, Best Test: 84.37%
Run 10:
Highest Train: 85.27
Highest Valid: 82.62
Highest Test: 84.41
Chosen epoch: 951
Final Train: 85.26
Final Test: 84.26
All runs:
Highest Train: 84.45 ± 1.59
Highest Test: 83.55 ± 1.68
Highest Valid: 81.53 ± 1.54
  Final Train: 84.29 ± 1.57
   Final Test: 83.28 ± 1.69
Saving results to results_tuned/amazon-computer/sgformer.csv
Condition sweep completed.
Task 21 done.
