Sun Jul 26 08:08:18 2026       
+-----------------------------------------------------------------------------------------+
| NVIDIA-SMI 580.159.04             Driver Version: 580.159.04     CUDA Version: 13.0     |
+-----------------------------------------+------------------------+----------------------+
| GPU  Name                 Persistence-M | Bus-Id          Disp.A | Volatile Uncorr. ECC |
| Fan  Temp   Perf          Pwr:Usage/Cap |           Memory-Usage | GPU-Util  Compute M. |
|                                         |                        |               MIG M. |
|=========================================+========================+======================|
|   0  NVIDIA A100-SXM4-80GB          On  |   00000000:01:00.0 Off |                   On |
| N/A   33C    P0             54W /  500W |     249MiB /  81920MiB |     N/A      Default |
|                                         |                        |              Enabled |
+-----------------------------------------+------------------------+----------------------+
|   1  NVIDIA A100-SXM4-80GB          On  |   00000000:41:00.0 Off |                   On |
| N/A   33C    P0            122W /  500W |    2847MiB /  81920MiB |     N/A      Default |
|                                         |                        |              Enabled |
+-----------------------------------------+------------------------+----------------------+
|   2  NVIDIA A100-SXM4-80GB          On  |   00000000:81:00.0 Off |                   On |
| N/A   38C    P0            134W /  500W |    2845MiB /  81920MiB |     N/A      Default |
|                                         |                        |              Enabled |
+-----------------------------------------+------------------------+----------------------+
|   3  NVIDIA A100-SXM4-80GB          On  |   00000000:C1:00.0 Off |                   On |
| N/A   35C    P0            146W /  500W |    3741MiB /  81920MiB |     N/A      Default |
|                                         |                        |              Enabled |
+-----------------------------------------+------------------------+----------------------+

+-----------------------------------------------------------------------------------------+
| MIG devices:                                                                            |
+------------------+----------------------------------+-----------+-----------------------+
| GPU  GI  CI  MIG |              Shared Memory-Usage |        Vol|        Shared         |
|      ID  ID  Dev |                Shared BAR1-Usage | SM     Unc| CE ENC  DEC  OFA  JPG |
|                  |                                  |        ECC|                       |
|==================+==================================+===========+=======================|
|  0    5   0   0  |              71MiB / 19968MiB    | 28      0 |  2   0    1    0    0 |
|                  |               0MiB / 12271MiB    |           |                       |
+------------------+----------------------------------+-----------+-----------------------+

+-----------------------------------------------------------------------------------------+
| Processes:                                                                              |
|  GPU   GI   CI              PID   Type   Process name                        GPU Memory |
|        ID   ID                                                               Usage      |
|=========================================================================================|
|    1    5    0           799941      C   python                                 2590MiB |
|    2    3    0           800630      C   python                                 2588MiB |
|    3    5    0           802303      C   python                                 3484MiB |
+-----------------------------------------------------------------------------------------+
Reg sweep (search winner): sgformer / amazon-photo | group 3
python main.py --model sgformer --dataset amazon-photo --lr 0.001 --hidden_channels 256 --dropout 0.5 --weight_decay 0.0005 --num_heads 1 --runs 10 --device 0 --result_dir results_tuned --model_dir models/gt_reg_s_1108501_27 --paired_seeds  --layers 2 --tr_layers 1 --graph_weight 0.8 --alpha 0.5 --use_graph --use_residual --epochs 1000
==========================================================
Condition sweep: python main.py --model sgformer --dataset amazon-photo --lr 0.001 --hidden_channels 256 --dropout 0.5 --weight_decay 0.0005 --num_heads 1 --runs 10 --device 0 --result_dir results_tuned --model_dir models/gt_reg_s_1108501_27 --paired_seeds  --layers 2 --tr_layers 1 --graph_weight 0.8 --alpha 0.5 --use_graph --use_residual --epochs 1000
result_dir=results_tuned transforms=[] oracle=1 baseline=0
==========================================================
--- oracle_reg | lambda=0.01 ---
Namespace(aggregate='add', alpha=0.5, attention='gcn', beta=-1.0, bn=False, cpu=False, data_dir='../data/', dataset='amazon-photo', device=0, dim_inner=256, display_step=100, dropout=0.5, epochs=1000, global_dropout=None, global_epochs=0, global_layers=2, gnn='gcn', graph_weight=0.8, hidden_channels=256, hops=10, in_dropout=0.0, jk=False, label_num_per_class=20, lambda_val=0.01, layers=2, ln=False, local_epochs=0, local_gnn_type='GCN', local_layers=7, lr=0.001, metric='acc', mlp_epochs=500, mlp_reg=False, model='sgformer', model_dir='models/gt_reg_s_1108501_27', n_heads=1, num_centroids=4096, num_heads=1, oracle_reg=True, paired_seeds=True, pe_types='RWSE', penalty_transform='none', pre_linear=False, pre_ln=False, rand_split=False, rand_split_class=False, reg_start_epoch=10, reg_update_freq=5, res=False, result_dir='results_tuned', runs=10, save_model=False, save_result=False, seed=42, test_num=1000, tr_dropout=None, tr_layers=1, tr_weight_decay=None, train_prop=0.5, use_act=False, use_bn=False, use_graph=True, use_reg=True, use_residual=True, use_weight=False, valid_num=500, valid_prop=0.25, weight_decay=0.0005)
amazon-photo
dataset amazon-photo | num nodes 7650 | num edge 238162 | num node feats 745 | num classes 8
MODEL: SGFormer(
  (trans_conv): TransConv(
    (convs): ModuleList(
      (0): TransConvLayer(
        (Wk): Linear(in_features=256, out_features=256, bias=True)
        (Wq): Linear(in_features=256, out_features=256, bias=True)
      )
    )
    (fcs): ModuleList(
      (0): Linear(in_features=745, out_features=256, bias=True)
    )
    (bns): ModuleList(
      (0): LayerNorm((256,), eps=1e-05, elementwise_affine=True)
      (1): LayerNorm((256,), eps=1e-05, elementwise_affine=True)
    )
  )
  (gnn): GCN(
    (convs): ModuleList(
      (0): GCNConv(745, 256)
      (1): GCNConv(256, 256)
    )
    (bns): ModuleList(
      (0): BatchNorm1d(256, eps=1e-05, momentum=0.1, affine=True, track_running_stats=True)
    )
  )
  (fc): Linear(in_features=256, out_features=8, bias=True)
)
Computing oracle penalty matrix from true labels...
Oracle penalty matrix frozen.
Epoch: 00, Loss: 2.1059, Train: 11.57%, Valid: 10.85%, Test: 12.03%, Best Valid: 10.85%, Best Test: 12.03%
Epoch: 100, Loss: 1.7913, Train: 39.87%, Valid: 40.13%, Test: 40.65%, Best Valid: 40.13%, Best Test: 40.65%
Epoch: 200, Loss: 0.7886, Train: 78.30%, Valid: 77.84%, Test: 78.56%, Best Valid: 79.28%, Best Test: 79.93%
Epoch: 300, Loss: 0.5742, Train: 85.82%, Valid: 85.82%, Test: 85.75%, Best Valid: 85.88%, Best Test: 85.88%
Epoch: 400, Loss: 0.4870, Train: 88.43%, Valid: 89.08%, Test: 88.30%, Best Valid: 89.08%, Best Test: 88.30%
Epoch: 500, Loss: 0.4106, Train: 90.20%, Valid: 90.00%, Test: 89.74%, Best Valid: 90.39%, Best Test: 89.74%
Epoch: 600, Loss: 0.3524, Train: 91.22%, Valid: 91.24%, Test: 91.05%, Best Valid: 91.24%, Best Test: 91.05%
Epoch: 700, Loss: 0.3298, Train: 92.42%, Valid: 91.50%, Test: 91.76%, Best Valid: 91.83%, Best Test: 91.90%
Epoch: 800, Loss: 0.3117, Train: 93.01%, Valid: 92.09%, Test: 92.22%, Best Valid: 92.48%, Best Test: 92.55%
Epoch: 900, Loss: 0.3048, Train: 93.29%, Valid: 92.35%, Test: 93.01%, Best Valid: 92.68%, Best Test: 92.68%
Run 01:
Highest Train: 93.57
Highest Valid: 92.75
Highest Test: 93.33
Chosen epoch: 902
Final Train: 93.31
Final Test: 92.94
Computing oracle penalty matrix from true labels...
Oracle penalty matrix frozen.
Epoch: 00, Loss: 2.0977, Train: 4.51%, Valid: 3.79%, Test: 4.51%, Best Valid: 3.79%, Best Test: 4.51%
Epoch: 100, Loss: 1.7398, Train: 41.31%, Valid: 41.44%, Test: 42.03%, Best Valid: 41.44%, Best Test: 42.03%
Epoch: 200, Loss: 0.8389, Train: 75.64%, Valid: 74.44%, Test: 76.27%, Best Valid: 74.44%, Best Test: 76.27%
Epoch: 300, Loss: 0.4644, Train: 89.43%, Valid: 89.35%, Test: 89.61%, Best Valid: 89.41%, Best Test: 89.54%
Epoch: 400, Loss: 0.4028, Train: 90.89%, Valid: 90.52%, Test: 90.85%, Best Valid: 90.52%, Best Test: 90.85%
Epoch: 500, Loss: 0.3555, Train: 91.68%, Valid: 91.24%, Test: 91.44%, Best Valid: 91.37%, Best Test: 91.44%
Epoch: 600, Loss: 0.3377, Train: 92.37%, Valid: 91.83%, Test: 92.03%, Best Valid: 91.90%, Best Test: 91.63%
Epoch: 700, Loss: 0.3192, Train: 92.81%, Valid: 92.29%, Test: 92.35%, Best Valid: 92.29%, Best Test: 92.48%
Epoch: 800, Loss: 0.3078, Train: 93.20%, Valid: 92.48%, Test: 92.94%, Best Valid: 92.48%, Best Test: 92.75%
Epoch: 900, Loss: 0.2959, Train: 93.31%, Valid: 92.61%, Test: 93.14%, Best Valid: 92.61%, Best Test: 93.20%
Run 02:
Highest Train: 93.64
Highest Valid: 92.81
Highest Test: 93.53
Chosen epoch: 953
Final Train: 93.46
Final Test: 93.27
Computing oracle penalty matrix from true labels...
Oracle penalty matrix frozen.
Epoch: 00, Loss: 2.0960, Train: 22.11%, Valid: 21.57%, Test: 22.29%, Best Valid: 21.57%, Best Test: 22.29%
Epoch: 100, Loss: 1.8204, Train: 37.93%, Valid: 37.78%, Test: 38.50%, Best Valid: 37.78%, Best Test: 38.50%
Epoch: 200, Loss: 0.8682, Train: 76.10%, Valid: 74.90%, Test: 76.34%, Best Valid: 75.42%, Best Test: 76.93%
Epoch: 300, Loss: 0.4585, Train: 90.17%, Valid: 89.54%, Test: 89.87%, Best Valid: 89.74%, Best Test: 90.00%
Epoch: 400, Loss: 0.3998, Train: 90.89%, Valid: 90.26%, Test: 90.65%, Best Valid: 90.52%, Best Test: 90.65%
Epoch: 500, Loss: 0.3638, Train: 91.55%, Valid: 90.72%, Test: 91.24%, Best Valid: 90.98%, Best Test: 91.11%
Epoch: 600, Loss: 0.3422, Train: 92.07%, Valid: 91.11%, Test: 91.76%, Best Valid: 91.37%, Best Test: 91.57%
Epoch: 700, Loss: 0.3270, Train: 92.64%, Valid: 91.44%, Test: 91.90%, Best Valid: 91.63%, Best Test: 91.90%
Epoch: 800, Loss: 0.3177, Train: 93.09%, Valid: 91.83%, Test: 92.29%, Best Valid: 91.90%, Best Test: 92.03%
Epoch: 900, Loss: 0.3157, Train: 93.29%, Valid: 91.96%, Test: 92.75%, Best Valid: 92.09%, Best Test: 92.55%
Run 03:
Highest Train: 93.38
Highest Valid: 92.16
Highest Test: 92.94
Chosen epoch: 960
Final Train: 93.05
Final Test: 92.61
Computing oracle penalty matrix from true labels...
Oracle penalty matrix frozen.
Epoch: 00, Loss: 2.0982, Train: 22.11%, Valid: 21.57%, Test: 22.29%, Best Valid: 21.57%, Best Test: 22.29%
Epoch: 100, Loss: 1.8482, Train: 35.64%, Valid: 35.29%, Test: 36.08%, Best Valid: 35.29%, Best Test: 36.08%
Epoch: 200, Loss: 0.9034, Train: 79.19%, Valid: 78.24%, Test: 79.80%, Best Valid: 78.24%, Best Test: 79.80%
Epoch: 300, Loss: 0.4940, Train: 87.54%, Valid: 86.99%, Test: 87.39%, Best Valid: 87.65%, Best Test: 87.39%
Epoch: 400, Loss: 0.4094, Train: 90.57%, Valid: 90.20%, Test: 90.13%, Best Valid: 90.26%, Best Test: 90.07%
Epoch: 500, Loss: 0.3657, Train: 91.74%, Valid: 91.31%, Test: 91.37%, Best Valid: 91.37%, Best Test: 91.31%
Epoch: 600, Loss: 0.3333, Train: 92.37%, Valid: 91.90%, Test: 92.03%, Best Valid: 91.96%, Best Test: 92.03%
Epoch: 700, Loss: 0.3192, Train: 93.01%, Valid: 92.29%, Test: 92.75%, Best Valid: 92.48%, Best Test: 93.01%
Epoch: 800, Loss: 0.3056, Train: 93.29%, Valid: 92.42%, Test: 93.40%, Best Valid: 92.68%, Best Test: 93.14%
Epoch: 900, Loss: 0.2969, Train: 93.51%, Valid: 92.42%, Test: 93.33%, Best Valid: 92.75%, Best Test: 93.33%
Run 04:
Highest Train: 93.73
Highest Valid: 92.94
Highest Test: 93.73
Chosen epoch: 987
Final Train: 93.62
Final Test: 93.46
Computing oracle penalty matrix from true labels...
Oracle penalty matrix frozen.
Epoch: 00, Loss: 2.0876, Train: 14.03%, Valid: 13.40%, Test: 13.01%, Best Valid: 13.40%, Best Test: 13.01%
Epoch: 100, Loss: 1.7687, Train: 41.39%, Valid: 41.31%, Test: 41.57%, Best Valid: 41.31%, Best Test: 41.57%
Epoch: 200, Loss: 0.7215, Train: 81.18%, Valid: 80.46%, Test: 81.31%, Best Valid: 80.46%, Best Test: 81.31%
Epoch: 300, Loss: 0.4478, Train: 89.63%, Valid: 89.48%, Test: 90.00%, Best Valid: 89.74%, Best Test: 89.87%
Epoch: 400, Loss: 0.3877, Train: 90.61%, Valid: 89.93%, Test: 90.52%, Best Valid: 90.07%, Best Test: 90.39%
Epoch: 500, Loss: 0.3602, Train: 91.24%, Valid: 90.39%, Test: 90.78%, Best Valid: 90.65%, Best Test: 90.52%
Epoch: 600, Loss: 0.3439, Train: 91.85%, Valid: 90.72%, Test: 91.50%, Best Valid: 90.98%, Best Test: 91.44%
Epoch: 700, Loss: 0.3328, Train: 92.31%, Valid: 91.24%, Test: 91.96%, Best Valid: 91.31%, Best Test: 91.83%
Epoch: 800, Loss: 0.3238, Train: 92.33%, Valid: 91.63%, Test: 92.09%, Best Valid: 91.70%, Best Test: 92.16%
Epoch: 900, Loss: 0.3157, Train: 93.09%, Valid: 91.83%, Test: 92.22%, Best Valid: 92.09%, Best Test: 92.09%
Run 05:
Highest Train: 93.36
Highest Valid: 92.09
Highest Test: 92.81
Chosen epoch: 889
Final Train: 93.03
Final Test: 92.09
Computing oracle penalty matrix from true labels...
Oracle penalty matrix frozen.
Epoch: 00, Loss: 2.0916, Train: 22.11%, Valid: 21.57%, Test: 22.29%, Best Valid: 21.57%, Best Test: 22.29%
Epoch: 100, Loss: 1.7882, Train: 39.69%, Valid: 39.61%, Test: 40.59%, Best Valid: 39.61%, Best Test: 40.59%
Epoch: 200, Loss: 0.7898, Train: 76.23%, Valid: 74.71%, Test: 77.06%, Best Valid: 76.54%, Best Test: 78.10%
Epoch: 300, Loss: 0.4417, Train: 89.63%, Valid: 89.41%, Test: 90.00%, Best Valid: 89.54%, Best Test: 89.67%
Epoch: 400, Loss: 0.3933, Train: 90.54%, Valid: 90.00%, Test: 90.46%, Best Valid: 90.07%, Best Test: 90.52%
Epoch: 500, Loss: 0.3632, Train: 90.81%, Valid: 90.39%, Test: 90.46%, Best Valid: 90.46%, Best Test: 90.59%
Epoch: 600, Loss: 0.3497, Train: 91.26%, Valid: 90.65%, Test: 90.78%, Best Valid: 90.72%, Best Test: 90.85%
Epoch: 700, Loss: 0.3387, Train: 91.70%, Valid: 91.18%, Test: 91.37%, Best Valid: 91.18%, Best Test: 91.37%
Epoch: 800, Loss: 0.3278, Train: 92.14%, Valid: 91.18%, Test: 91.31%, Best Valid: 91.50%, Best Test: 91.37%
Epoch: 900, Loss: 0.3237, Train: 92.46%, Valid: 91.63%, Test: 91.83%, Best Valid: 91.76%, Best Test: 91.83%
Run 06:
Highest Train: 93.03
Highest Valid: 91.83
Highest Test: 92.29
Chosen epoch: 971
Final Train: 92.79
Final Test: 91.83
Computing oracle penalty matrix from true labels...
Oracle penalty matrix frozen.
Epoch: 00, Loss: 2.1110, Train: 4.62%, Valid: 5.49%, Test: 5.03%, Best Valid: 5.49%, Best Test: 5.03%
Epoch: 100, Loss: 1.8463, Train: 35.93%, Valid: 35.75%, Test: 36.67%, Best Valid: 35.75%, Best Test: 36.67%
Epoch: 200, Loss: 0.9938, Train: 66.32%, Valid: 65.82%, Test: 66.08%, Best Valid: 67.39%, Best Test: 69.28%
Epoch: 300, Loss: 0.4775, Train: 90.09%, Valid: 89.61%, Test: 90.13%, Best Valid: 89.74%, Best Test: 89.74%
Epoch: 400, Loss: 0.3986, Train: 91.35%, Valid: 90.85%, Test: 90.78%, Best Valid: 90.98%, Best Test: 90.78%
Epoch: 500, Loss: 0.3653, Train: 91.76%, Valid: 91.57%, Test: 91.50%, Best Valid: 91.63%, Best Test: 91.76%
Epoch: 600, Loss: 0.3427, Train: 92.57%, Valid: 91.96%, Test: 92.16%, Best Valid: 92.16%, Best Test: 91.96%
Epoch: 700, Loss: 0.3230, Train: 92.92%, Valid: 92.48%, Test: 92.75%, Best Valid: 92.55%, Best Test: 92.42%
Epoch: 800, Loss: 0.3068, Train: 93.31%, Valid: 92.16%, Test: 93.20%, Best Valid: 92.68%, Best Test: 93.14%
Epoch: 900, Loss: 0.3007, Train: 93.53%, Valid: 92.42%, Test: 93.40%, Best Valid: 92.81%, Best Test: 93.20%
Run 07:
Highest Train: 93.68
Highest Valid: 93.01
Highest Test: 93.66
Chosen epoch: 944
Final Train: 93.40
Final Test: 93.20
Computing oracle penalty matrix from true labels...
Oracle penalty matrix frozen.
Epoch: 00, Loss: 2.0969, Train: 24.95%, Valid: 26.47%, Test: 25.56%, Best Valid: 26.47%, Best Test: 25.56%
Epoch: 100, Loss: 1.8237, Train: 37.97%, Valid: 37.97%, Test: 38.63%, Best Valid: 37.97%, Best Test: 38.63%
Epoch: 200, Loss: 0.8990, Train: 75.73%, Valid: 74.90%, Test: 74.90%, Best Valid: 75.42%, Best Test: 76.21%
Epoch: 300, Loss: 0.4900, Train: 88.00%, Valid: 87.19%, Test: 87.65%, Best Valid: 87.52%, Best Test: 87.25%
Epoch: 400, Loss: 0.4143, Train: 90.37%, Valid: 89.80%, Test: 90.13%, Best Valid: 89.87%, Best Test: 90.39%
Epoch: 500, Loss: 0.3614, Train: 91.94%, Valid: 91.31%, Test: 91.50%, Best Valid: 91.31%, Best Test: 91.18%
Epoch: 600, Loss: 0.3319, Train: 92.57%, Valid: 92.03%, Test: 92.03%, Best Valid: 92.03%, Best Test: 92.03%
Epoch: 700, Loss: 0.3146, Train: 93.05%, Valid: 92.09%, Test: 92.88%, Best Valid: 92.55%, Best Test: 92.94%
Epoch: 800, Loss: 0.3050, Train: 93.31%, Valid: 92.42%, Test: 93.40%, Best Valid: 92.68%, Best Test: 93.07%
Epoch: 900, Loss: 0.2966, Train: 93.49%, Valid: 92.42%, Test: 93.53%, Best Valid: 92.81%, Best Test: 93.33%
Run 08:
Highest Train: 93.70
Highest Valid: 93.01
Highest Test: 93.73
Chosen epoch: 995
Final Train: 93.57
Final Test: 93.53
Computing oracle penalty matrix from true labels...
Oracle penalty matrix frozen.
Epoch: 00, Loss: 2.1035, Train: 9.17%, Valid: 10.00%, Test: 8.43%, Best Valid: 10.00%, Best Test: 8.43%
Epoch: 100, Loss: 1.8237, Train: 38.02%, Valid: 37.97%, Test: 38.63%, Best Valid: 42.68%, Best Test: 43.07%
Epoch: 200, Loss: 0.8252, Train: 79.89%, Valid: 78.95%, Test: 80.13%, Best Valid: 80.20%, Best Test: 81.44%
Epoch: 300, Loss: 0.4907, Train: 87.47%, Valid: 86.73%, Test: 86.80%, Best Valid: 86.73%, Best Test: 86.80%
Epoch: 400, Loss: 0.4124, Train: 90.46%, Valid: 89.74%, Test: 90.20%, Best Valid: 89.74%, Best Test: 90.13%
Epoch: 500, Loss: 0.3595, Train: 91.79%, Valid: 91.31%, Test: 91.31%, Best Valid: 91.44%, Best Test: 91.24%
Epoch: 600, Loss: 0.3283, Train: 92.51%, Valid: 91.70%, Test: 92.09%, Best Valid: 92.35%, Best Test: 92.16%
Epoch: 700, Loss: 0.3141, Train: 93.05%, Valid: 92.48%, Test: 93.07%, Best Valid: 92.61%, Best Test: 93.01%
Epoch: 800, Loss: 0.3050, Train: 93.53%, Valid: 92.22%, Test: 92.81%, Best Valid: 92.81%, Best Test: 93.14%
Epoch: 900, Loss: 0.2975, Train: 93.64%, Valid: 92.61%, Test: 93.40%, Best Valid: 92.88%, Best Test: 93.27%
Run 09:
Highest Train: 93.75
Highest Valid: 92.94
Highest Test: 93.73
Chosen epoch: 989
Final Train: 93.68
Final Test: 93.59
Computing oracle penalty matrix from true labels...
Oracle penalty matrix frozen.
Epoch: 00, Loss: 2.1001, Train: 24.95%, Valid: 26.47%, Test: 25.56%, Best Valid: 26.47%, Best Test: 25.56%
Epoch: 100, Loss: 1.8013, Train: 38.19%, Valid: 38.10%, Test: 39.08%, Best Valid: 38.10%, Best Test: 39.08%
Epoch: 200, Loss: 0.8491, Train: 72.64%, Valid: 72.03%, Test: 73.01%, Best Valid: 72.09%, Best Test: 73.33%
Epoch: 300, Loss: 0.5186, Train: 87.21%, Valid: 87.78%, Test: 87.12%, Best Valid: 87.78%, Best Test: 87.12%
Epoch: 400, Loss: 0.3973, Train: 90.57%, Valid: 90.07%, Test: 89.93%, Best Valid: 90.39%, Best Test: 90.00%
Epoch: 500, Loss: 0.3653, Train: 90.94%, Valid: 90.85%, Test: 90.59%, Best Valid: 90.85%, Best Test: 90.46%
Epoch: 600, Loss: 0.3477, Train: 91.74%, Valid: 90.72%, Test: 91.05%, Best Valid: 90.98%, Best Test: 90.59%
Epoch: 700, Loss: 0.3342, Train: 92.29%, Valid: 91.11%, Test: 91.70%, Best Valid: 91.57%, Best Test: 91.63%
Epoch: 800, Loss: 0.3239, Train: 92.79%, Valid: 91.70%, Test: 91.90%, Best Valid: 91.90%, Best Test: 91.70%
Epoch: 900, Loss: 0.3173, Train: 92.81%, Valid: 92.16%, Test: 92.55%, Best Valid: 92.16%, Best Test: 92.42%
Run 10:
Highest Train: 93.16
Highest Valid: 92.29
Highest Test: 92.81
Chosen epoch: 932
Final Train: 92.85
Final Test: 92.61
All runs:
Highest Train: 93.50 ± 0.26
Highest Test: 93.25 ± 0.51
Highest Valid: 92.58 ± 0.44
  Final Train: 93.28 ± 0.32
   Final Test: 92.92 ± 0.61
Saving results to results_tuned/amazon-photo/sgformer.csv
--- oracle_reg | lambda=0.05 ---
Namespace(aggregate='add', alpha=0.5, attention='gcn', beta=-1.0, bn=False, cpu=False, data_dir='../data/', dataset='amazon-photo', device=0, dim_inner=256, display_step=100, dropout=0.5, epochs=1000, global_dropout=None, global_epochs=0, global_layers=2, gnn='gcn', graph_weight=0.8, hidden_channels=256, hops=10, in_dropout=0.0, jk=False, label_num_per_class=20, lambda_val=0.05, layers=2, ln=False, local_epochs=0, local_gnn_type='GCN', local_layers=7, lr=0.001, metric='acc', mlp_epochs=500, mlp_reg=False, model='sgformer', model_dir='models/gt_reg_s_1108501_27', n_heads=1, num_centroids=4096, num_heads=1, oracle_reg=True, paired_seeds=True, pe_types='RWSE', penalty_transform='none', pre_linear=False, pre_ln=False, rand_split=False, rand_split_class=False, reg_start_epoch=10, reg_update_freq=5, res=False, result_dir='results_tuned', runs=10, save_model=False, save_result=False, seed=42, test_num=1000, tr_dropout=None, tr_layers=1, tr_weight_decay=None, train_prop=0.5, use_act=False, use_bn=False, use_graph=True, use_reg=True, use_residual=True, use_weight=False, valid_num=500, valid_prop=0.25, weight_decay=0.0005)
amazon-photo
dataset amazon-photo | num nodes 7650 | num edge 238162 | num node feats 745 | num classes 8
MODEL: SGFormer(
  (trans_conv): TransConv(
    (convs): ModuleList(
      (0): TransConvLayer(
        (Wk): Linear(in_features=256, out_features=256, bias=True)
        (Wq): Linear(in_features=256, out_features=256, bias=True)
      )
    )
    (fcs): ModuleList(
      (0): Linear(in_features=745, out_features=256, bias=True)
    )
    (bns): ModuleList(
      (0): LayerNorm((256,), eps=1e-05, elementwise_affine=True)
      (1): LayerNorm((256,), eps=1e-05, elementwise_affine=True)
    )
  )
  (gnn): GCN(
    (convs): ModuleList(
      (0): GCNConv(745, 256)
      (1): GCNConv(256, 256)
    )
    (bns): ModuleList(
      (0): BatchNorm1d(256, eps=1e-05, momentum=0.1, affine=True, track_running_stats=True)
    )
  )
  (fc): Linear(in_features=256, out_features=8, bias=True)
)
Computing oracle penalty matrix from true labels...
Oracle penalty matrix frozen.
Epoch: 00, Loss: 2.1893, Train: 12.40%, Valid: 11.44%, Test: 10.33%, Best Valid: 11.44%, Best Test: 10.33%
Epoch: 100, Loss: 1.8731, Train: 39.30%, Valid: 39.15%, Test: 40.00%, Best Valid: 39.15%, Best Test: 40.00%
Epoch: 200, Loss: 0.8257, Train: 75.77%, Valid: 75.69%, Test: 75.62%, Best Valid: 75.69%, Best Test: 75.62%
Epoch: 300, Loss: 0.6063, Train: 84.44%, Valid: 84.12%, Test: 84.31%, Best Valid: 84.12%, Best Test: 84.51%
Epoch: 400, Loss: 0.4732, Train: 89.15%, Valid: 89.80%, Test: 89.67%, Best Valid: 89.80%, Best Test: 89.67%
Epoch: 500, Loss: 0.3906, Train: 90.28%, Valid: 90.46%, Test: 90.07%, Best Valid: 90.59%, Best Test: 90.00%
Epoch: 600, Loss: 0.3672, Train: 90.92%, Valid: 90.59%, Test: 90.26%, Best Valid: 90.78%, Best Test: 90.26%
Epoch: 700, Loss: 0.3530, Train: 91.63%, Valid: 91.24%, Test: 90.98%, Best Valid: 91.24%, Best Test: 90.92%
Epoch: 800, Loss: 0.3363, Train: 92.24%, Valid: 91.24%, Test: 91.37%, Best Valid: 91.50%, Best Test: 91.70%
Epoch: 900, Loss: 0.3322, Train: 92.70%, Valid: 91.57%, Test: 91.96%, Best Valid: 91.83%, Best Test: 92.09%
Run 01:
Highest Train: 93.05
Highest Valid: 91.90
Highest Test: 92.48
Chosen epoch: 924
Final Train: 92.22
Final Test: 92.16
Computing oracle penalty matrix from true labels...
Oracle penalty matrix frozen.
Epoch: 00, Loss: 2.1808, Train: 4.49%, Valid: 3.73%, Test: 4.51%, Best Valid: 3.73%, Best Test: 4.51%
Epoch: 100, Loss: 1.8321, Train: 40.59%, Valid: 40.72%, Test: 41.37%, Best Valid: 40.72%, Best Test: 41.37%
Epoch: 200, Loss: 0.8690, Train: 72.09%, Valid: 71.05%, Test: 73.33%, Best Valid: 71.05%, Best Test: 73.33%
Epoch: 300, Loss: 0.5070, Train: 89.22%, Valid: 89.08%, Test: 89.41%, Best Valid: 89.08%, Best Test: 89.54%
Epoch: 400, Loss: 0.4319, Train: 90.96%, Valid: 89.93%, Test: 90.52%, Best Valid: 90.46%, Best Test: 90.46%
Epoch: 500, Loss: 0.3912, Train: 91.15%, Valid: 90.72%, Test: 90.78%, Best Valid: 90.72%, Best Test: 90.78%
Epoch: 600, Loss: 0.3715, Train: 91.81%, Valid: 91.05%, Test: 91.31%, Best Valid: 91.11%, Best Test: 91.05%
Epoch: 700, Loss: 0.3479, Train: 92.05%, Valid: 91.11%, Test: 91.83%, Best Valid: 91.44%, Best Test: 91.70%
Epoch: 800, Loss: 0.3348, Train: 92.24%, Valid: 91.50%, Test: 92.16%, Best Valid: 91.70%, Best Test: 92.09%
Epoch: 900, Loss: 0.3231, Train: 92.44%, Valid: 91.76%, Test: 92.16%, Best Valid: 91.83%, Best Test: 92.42%
Run 02:
Highest Train: 93.20
Highest Valid: 92.03
Highest Test: 92.68
Chosen epoch: 936
Final Train: 92.72
Final Test: 92.48
Computing oracle penalty matrix from true labels...
Oracle penalty matrix frozen.
Epoch: 00, Loss: 2.1790, Train: 22.11%, Valid: 21.57%, Test: 22.29%, Best Valid: 21.57%, Best Test: 22.29%
Epoch: 100, Loss: 1.9013, Train: 37.41%, Valid: 37.32%, Test: 38.24%, Best Valid: 37.32%, Best Test: 38.24%
Epoch: 200, Loss: 0.8476, Train: 73.31%, Valid: 72.88%, Test: 75.29%, Best Valid: 73.07%, Best Test: 75.36%
Epoch: 300, Loss: 0.4865, Train: 89.50%, Valid: 88.95%, Test: 89.28%, Best Valid: 89.28%, Best Test: 89.48%
Epoch: 400, Loss: 0.4241, Train: 90.61%, Valid: 90.20%, Test: 90.85%, Best Valid: 90.39%, Best Test: 90.59%
Epoch: 500, Loss: 0.3909, Train: 91.18%, Valid: 90.46%, Test: 91.18%, Best Valid: 90.72%, Best Test: 91.18%
Epoch: 600, Loss: 0.3686, Train: 91.53%, Valid: 90.59%, Test: 91.31%, Best Valid: 90.85%, Best Test: 91.11%
Epoch: 700, Loss: 0.3564, Train: 91.83%, Valid: 90.65%, Test: 91.24%, Best Valid: 91.18%, Best Test: 91.50%
Epoch: 800, Loss: 0.3468, Train: 92.14%, Valid: 91.11%, Test: 91.57%, Best Valid: 91.50%, Best Test: 91.57%
Epoch: 900, Loss: 0.3448, Train: 92.31%, Valid: 91.44%, Test: 91.90%, Best Valid: 91.50%, Best Test: 91.57%
Run 03:
Highest Train: 92.37
Highest Valid: 91.70
Highest Test: 92.35
Chosen epoch: 942
Final Train: 91.98
Final Test: 91.76
Computing oracle penalty matrix from true labels...
Oracle penalty matrix frozen.
Epoch: 00, Loss: 2.1813, Train: 22.11%, Valid: 21.57%, Test: 22.29%, Best Valid: 21.57%, Best Test: 22.29%
Epoch: 100, Loss: 1.9204, Train: 35.82%, Valid: 35.42%, Test: 36.34%, Best Valid: 35.42%, Best Test: 36.34%
Epoch: 200, Loss: 0.9497, Train: 67.97%, Valid: 67.58%, Test: 68.82%, Best Valid: 67.58%, Best Test: 68.82%
Epoch: 300, Loss: 0.5837, Train: 87.25%, Valid: 87.97%, Test: 88.63%, Best Valid: 87.97%, Best Test: 88.50%
Epoch: 400, Loss: 0.4208, Train: 90.31%, Valid: 89.80%, Test: 90.00%, Best Valid: 90.20%, Best Test: 90.00%
Epoch: 500, Loss: 0.3890, Train: 90.87%, Valid: 90.26%, Test: 90.39%, Best Valid: 90.39%, Best Test: 90.07%
Epoch: 600, Loss: 0.3677, Train: 91.24%, Valid: 90.59%, Test: 91.05%, Best Valid: 90.92%, Best Test: 90.72%
Epoch: 700, Loss: 0.3562, Train: 91.85%, Valid: 91.11%, Test: 91.31%, Best Valid: 91.24%, Best Test: 91.37%
Epoch: 800, Loss: 0.3417, Train: 92.20%, Valid: 91.18%, Test: 92.03%, Best Valid: 91.57%, Best Test: 91.70%
Epoch: 900, Loss: 0.3304, Train: 92.46%, Valid: 91.76%, Test: 92.29%, Best Valid: 91.90%, Best Test: 92.03%
Run 04:
Highest Train: 92.98
Highest Valid: 92.29
Highest Test: 92.68
Chosen epoch: 988
Final Train: 92.83
Final Test: 92.42
Computing oracle penalty matrix from true labels...
Oracle penalty matrix frozen.
Epoch: 00, Loss: 2.1703, Train: 13.46%, Valid: 12.88%, Test: 12.68%, Best Valid: 12.88%, Best Test: 12.68%
Epoch: 100, Loss: 1.8495, Train: 41.05%, Valid: 40.72%, Test: 41.18%, Best Valid: 40.72%, Best Test: 41.18%
Epoch: 200, Loss: 0.7494, Train: 79.67%, Valid: 78.76%, Test: 80.20%, Best Valid: 78.76%, Best Test: 80.39%
Epoch: 300, Loss: 0.4954, Train: 89.63%, Valid: 89.41%, Test: 89.28%, Best Valid: 89.54%, Best Test: 89.80%
Epoch: 400, Loss: 0.4067, Train: 91.13%, Valid: 90.07%, Test: 90.52%, Best Valid: 90.39%, Best Test: 90.33%
Epoch: 500, Loss: 0.3723, Train: 91.68%, Valid: 90.72%, Test: 91.44%, Best Valid: 90.78%, Best Test: 91.18%
Epoch: 600, Loss: 0.3596, Train: 91.96%, Valid: 90.98%, Test: 91.44%, Best Valid: 91.11%, Best Test: 91.37%
Epoch: 700, Loss: 0.3462, Train: 92.16%, Valid: 90.98%, Test: 91.70%, Best Valid: 91.31%, Best Test: 91.63%
Epoch: 800, Loss: 0.3374, Train: 92.07%, Valid: 91.05%, Test: 91.90%, Best Valid: 91.37%, Best Test: 91.76%
Epoch: 900, Loss: 0.3349, Train: 92.40%, Valid: 91.11%, Test: 91.96%, Best Valid: 91.57%, Best Test: 91.83%
Run 05:
Highest Train: 92.61
Highest Valid: 91.57
Highest Test: 92.35
Chosen epoch: 807
Final Train: 92.53
Final Test: 91.83
Computing oracle penalty matrix from true labels...
Oracle penalty matrix frozen.
Epoch: 00, Loss: 2.1744, Train: 22.11%, Valid: 21.57%, Test: 22.29%, Best Valid: 21.57%, Best Test: 22.29%
Epoch: 100, Loss: 1.8760, Train: 38.69%, Valid: 38.56%, Test: 39.67%, Best Valid: 38.56%, Best Test: 39.67%
Epoch: 200, Loss: 0.8354, Train: 73.09%, Valid: 71.63%, Test: 74.12%, Best Valid: 71.63%, Best Test: 74.12%
Epoch: 300, Loss: 0.4699, Train: 90.26%, Valid: 89.48%, Test: 90.00%, Best Valid: 89.67%, Best Test: 89.67%
Epoch: 400, Loss: 0.4093, Train: 90.96%, Valid: 90.13%, Test: 90.46%, Best Valid: 90.39%, Best Test: 90.20%
Epoch: 500, Loss: 0.3774, Train: 91.63%, Valid: 90.59%, Test: 91.18%, Best Valid: 90.59%, Best Test: 90.92%
Epoch: 600, Loss: 0.3597, Train: 91.94%, Valid: 90.78%, Test: 91.18%, Best Valid: 90.92%, Best Test: 91.24%
Epoch: 700, Loss: 0.3496, Train: 91.90%, Valid: 90.85%, Test: 91.31%, Best Valid: 91.11%, Best Test: 91.57%
Epoch: 800, Loss: 0.3414, Train: 92.22%, Valid: 90.92%, Test: 91.31%, Best Valid: 91.18%, Best Test: 91.63%
Epoch: 900, Loss: 0.3412, Train: 92.31%, Valid: 91.31%, Test: 91.83%, Best Valid: 91.31%, Best Test: 91.83%
Run 06:
Highest Train: 92.55
Highest Valid: 91.57
Highest Test: 92.16
Chosen epoch: 966
Final Train: 92.53
Final Test: 91.90
Computing oracle penalty matrix from true labels...
Oracle penalty matrix frozen.
Epoch: 00, Loss: 2.1946, Train: 4.62%, Valid: 5.49%, Test: 5.03%, Best Valid: 5.49%, Best Test: 5.03%
Epoch: 100, Loss: 1.9256, Train: 36.21%, Valid: 36.08%, Test: 36.86%, Best Valid: 36.08%, Best Test: 36.86%
Epoch: 200, Loss: 1.0095, Train: 63.49%, Valid: 64.18%, Test: 64.64%, Best Valid: 64.31%, Best Test: 64.31%
Epoch: 300, Loss: 0.5494, Train: 87.71%, Valid: 88.04%, Test: 88.24%, Best Valid: 88.04%, Best Test: 88.24%
Epoch: 400, Loss: 0.4379, Train: 90.57%, Valid: 89.80%, Test: 90.46%, Best Valid: 90.20%, Best Test: 90.33%
Epoch: 500, Loss: 0.3938, Train: 91.09%, Valid: 90.59%, Test: 90.78%, Best Valid: 90.78%, Best Test: 90.52%
Epoch: 600, Loss: 0.3630, Train: 91.81%, Valid: 91.50%, Test: 92.03%, Best Valid: 91.63%, Best Test: 91.83%
Epoch: 700, Loss: 0.3390, Train: 92.51%, Valid: 92.16%, Test: 92.55%, Best Valid: 92.22%, Best Test: 92.29%
Epoch: 800, Loss: 0.3221, Train: 92.98%, Valid: 92.16%, Test: 92.75%, Best Valid: 92.42%, Best Test: 92.68%
Epoch: 900, Loss: 0.3146, Train: 93.29%, Valid: 92.35%, Test: 93.01%, Best Valid: 92.68%, Best Test: 93.20%
Run 07:
Highest Train: 93.59
Highest Valid: 92.75
Highest Test: 93.66
Chosen epoch: 974
Final Train: 93.33
Final Test: 93.07
Computing oracle penalty matrix from true labels...
Oracle penalty matrix frozen.
Epoch: 00, Loss: 2.1799, Train: 24.95%, Valid: 26.47%, Test: 25.56%, Best Valid: 26.47%, Best Test: 25.56%
Epoch: 100, Loss: 1.9152, Train: 37.19%, Valid: 37.12%, Test: 37.97%, Best Valid: 37.12%, Best Test: 37.97%
Epoch: 200, Loss: 0.9201, Train: 67.65%, Valid: 66.93%, Test: 67.65%, Best Valid: 67.32%, Best Test: 67.78%
Epoch: 300, Loss: 0.5839, Train: 87.02%, Valid: 87.25%, Test: 87.97%, Best Valid: 87.32%, Best Test: 88.10%
Epoch: 400, Loss: 0.4304, Train: 90.11%, Valid: 89.74%, Test: 90.13%, Best Valid: 90.07%, Best Test: 90.26%
Epoch: 500, Loss: 0.3871, Train: 90.70%, Valid: 90.00%, Test: 90.20%, Best Valid: 90.33%, Best Test: 90.20%
Epoch: 600, Loss: 0.3649, Train: 91.09%, Valid: 90.46%, Test: 90.92%, Best Valid: 90.59%, Best Test: 90.65%
Epoch: 700, Loss: 0.3553, Train: 91.63%, Valid: 90.98%, Test: 90.78%, Best Valid: 91.18%, Best Test: 91.11%
Epoch: 800, Loss: 0.3478, Train: 91.90%, Valid: 91.24%, Test: 91.83%, Best Valid: 91.37%, Best Test: 91.44%
Epoch: 900, Loss: 0.3332, Train: 92.18%, Valid: 91.50%, Test: 91.90%, Best Valid: 91.63%, Best Test: 91.83%
Run 08:
Highest Train: 92.75
Highest Valid: 92.03
Highest Test: 92.29
Chosen epoch: 967
Final Train: 92.27
Final Test: 92.29
Computing oracle penalty matrix from true labels...
Oracle penalty matrix frozen.
Epoch: 00, Loss: 2.1868, Train: 9.17%, Valid: 10.00%, Test: 8.43%, Best Valid: 10.00%, Best Test: 8.43%
Epoch: 100, Loss: 1.9132, Train: 37.56%, Valid: 37.45%, Test: 38.24%, Best Valid: 41.76%, Best Test: 42.55%
Epoch: 200, Loss: 0.8611, Train: 76.01%, Valid: 75.23%, Test: 76.47%, Best Valid: 75.23%, Best Test: 76.47%
Epoch: 300, Loss: 0.5684, Train: 86.84%, Valid: 86.86%, Test: 87.32%, Best Valid: 86.99%, Best Test: 86.80%
Epoch: 400, Loss: 0.4197, Train: 90.68%, Valid: 90.20%, Test: 90.00%, Best Valid: 90.20%, Best Test: 90.00%
Epoch: 500, Loss: 0.3772, Train: 91.15%, Valid: 90.59%, Test: 90.85%, Best Valid: 90.78%, Best Test: 90.65%
Epoch: 600, Loss: 0.3543, Train: 91.87%, Valid: 90.92%, Test: 91.24%, Best Valid: 91.11%, Best Test: 91.44%
Epoch: 700, Loss: 0.3419, Train: 92.24%, Valid: 91.50%, Test: 91.90%, Best Valid: 91.50%, Best Test: 91.83%
Epoch: 800, Loss: 0.3336, Train: 92.81%, Valid: 91.83%, Test: 91.83%, Best Valid: 91.96%, Best Test: 92.29%
Epoch: 900, Loss: 0.3255, Train: 92.88%, Valid: 91.96%, Test: 92.55%, Best Valid: 92.03%, Best Test: 92.42%
Run 09:
Highest Train: 93.16
Highest Valid: 92.22
Highest Test: 92.88
Chosen epoch: 996
Final Train: 93.09
Final Test: 92.61
Computing oracle penalty matrix from true labels...
Oracle penalty matrix frozen.
Epoch: 00, Loss: 2.1832, Train: 24.95%, Valid: 26.47%, Test: 25.56%, Best Valid: 26.47%, Best Test: 25.56%
Epoch: 100, Loss: 1.8863, Train: 37.28%, Valid: 37.39%, Test: 38.17%, Best Valid: 37.39%, Best Test: 38.17%
Epoch: 200, Loss: 0.9179, Train: 66.56%, Valid: 66.80%, Test: 67.78%, Best Valid: 66.86%, Best Test: 68.04%
Epoch: 300, Loss: 0.5187, Train: 88.32%, Valid: 88.37%, Test: 89.02%, Best Valid: 89.15%, Best Test: 89.67%
Epoch: 400, Loss: 0.4276, Train: 90.65%, Valid: 89.87%, Test: 90.20%, Best Valid: 90.20%, Best Test: 90.26%
Epoch: 500, Loss: 0.3891, Train: 91.24%, Valid: 90.33%, Test: 90.92%, Best Valid: 90.78%, Best Test: 90.65%
Epoch: 600, Loss: 0.3665, Train: 91.79%, Valid: 90.78%, Test: 91.37%, Best Valid: 91.11%, Best Test: 91.24%
Epoch: 700, Loss: 0.3551, Train: 91.92%, Valid: 90.85%, Test: 91.90%, Best Valid: 91.31%, Best Test: 91.63%
Epoch: 800, Loss: 0.3445, Train: 92.24%, Valid: 91.05%, Test: 91.96%, Best Valid: 91.44%, Best Test: 92.16%
Epoch: 900, Loss: 0.3373, Train: 92.51%, Valid: 91.57%, Test: 92.03%, Best Valid: 91.70%, Best Test: 92.42%
Run 10:
Highest Train: 92.83
Highest Valid: 91.76
Highest Test: 92.48
Chosen epoch: 968
Final Train: 92.72
Final Test: 92.29
All runs:
Highest Train: 92.91 ± 0.36
Highest Test: 92.60 ± 0.43
Highest Valid: 91.98 ± 0.37
  Final Train: 92.62 ± 0.41
   Final Test: 92.28 ± 0.40
Saving results to results_tuned/amazon-photo/sgformer.csv
--- oracle_reg | lambda=0.1 ---
Namespace(aggregate='add', alpha=0.5, attention='gcn', beta=-1.0, bn=False, cpu=False, data_dir='../data/', dataset='amazon-photo', device=0, dim_inner=256, display_step=100, dropout=0.5, epochs=1000, global_dropout=None, global_epochs=0, global_layers=2, gnn='gcn', graph_weight=0.8, hidden_channels=256, hops=10, in_dropout=0.0, jk=False, label_num_per_class=20, lambda_val=0.1, layers=2, ln=False, local_epochs=0, local_gnn_type='GCN', local_layers=7, lr=0.001, metric='acc', mlp_epochs=500, mlp_reg=False, model='sgformer', model_dir='models/gt_reg_s_1108501_27', n_heads=1, num_centroids=4096, num_heads=1, oracle_reg=True, paired_seeds=True, pe_types='RWSE', penalty_transform='none', pre_linear=False, pre_ln=False, rand_split=False, rand_split_class=False, reg_start_epoch=10, reg_update_freq=5, res=False, result_dir='results_tuned', runs=10, save_model=False, save_result=False, seed=42, test_num=1000, tr_dropout=None, tr_layers=1, tr_weight_decay=None, train_prop=0.5, use_act=False, use_bn=False, use_graph=True, use_reg=True, use_residual=True, use_weight=False, valid_num=500, valid_prop=0.25, weight_decay=0.0005)
amazon-photo
dataset amazon-photo | num nodes 7650 | num edge 238162 | num node feats 745 | num classes 8
MODEL: SGFormer(
  (trans_conv): TransConv(
    (convs): ModuleList(
      (0): TransConvLayer(
        (Wk): Linear(in_features=256, out_features=256, bias=True)
        (Wq): Linear(in_features=256, out_features=256, bias=True)
      )
    )
    (fcs): ModuleList(
      (0): Linear(in_features=745, out_features=256, bias=True)
    )
    (bns): ModuleList(
      (0): LayerNorm((256,), eps=1e-05, elementwise_affine=True)
      (1): LayerNorm((256,), eps=1e-05, elementwise_affine=True)
    )
  )
  (gnn): GCN(
    (convs): ModuleList(
      (0): GCNConv(745, 256)
      (1): GCNConv(256, 256)
    )
    (bns): ModuleList(
      (0): BatchNorm1d(256, eps=1e-05, momentum=0.1, affine=True, track_running_stats=True)
    )
  )
  (fc): Linear(in_features=256, out_features=8, bias=True)
)
Computing oracle penalty matrix from true labels...
Oracle penalty matrix frozen.
Epoch: 00, Loss: 2.2936, Train: 12.29%, Valid: 11.44%, Test: 10.59%, Best Valid: 11.44%, Best Test: 10.59%
Epoch: 100, Loss: 1.9761, Train: 38.00%, Valid: 37.91%, Test: 38.95%, Best Valid: 37.91%, Best Test: 38.95%
Epoch: 200, Loss: 0.9106, Train: 69.06%, Valid: 68.37%, Test: 69.80%, Best Valid: 68.37%, Best Test: 69.80%
Epoch: 300, Loss: 0.5782, Train: 87.93%, Valid: 87.84%, Test: 88.50%, Best Valid: 87.84%, Best Test: 88.43%
Epoch: 400, Loss: 0.5055, Train: 89.15%, Valid: 89.08%, Test: 89.41%, Best Valid: 89.28%, Best Test: 89.35%
Epoch: 500, Loss: 0.4764, Train: 89.80%, Valid: 89.22%, Test: 89.74%, Best Valid: 89.48%, Best Test: 89.80%
Epoch: 600, Loss: 0.4498, Train: 90.33%, Valid: 89.54%, Test: 90.39%, Best Valid: 89.67%, Best Test: 89.93%
Epoch: 700, Loss: 0.4261, Train: 90.74%, Valid: 89.93%, Test: 90.39%, Best Valid: 90.00%, Best Test: 90.13%
Epoch: 800, Loss: 0.4113, Train: 91.50%, Valid: 90.20%, Test: 91.24%, Best Valid: 90.46%, Best Test: 91.18%
Epoch: 900, Loss: 0.3966, Train: 91.76%, Valid: 90.33%, Test: 91.44%, Best Valid: 90.59%, Best Test: 91.44%
Run 01:
Highest Train: 92.20
Highest Valid: 90.85
Highest Test: 91.76
Chosen epoch: 999
Final Train: 91.70
Final Test: 91.76
Computing oracle penalty matrix from true labels...
Oracle penalty matrix frozen.
Epoch: 00, Loss: 2.2846, Train: 4.49%, Valid: 3.73%, Test: 4.51%, Best Valid: 3.73%, Best Test: 4.51%
Epoch: 100, Loss: 1.9237, Train: 40.07%, Valid: 40.00%, Test: 41.05%, Best Valid: 40.00%, Best Test: 41.05%
Epoch: 200, Loss: 0.8821, Train: 73.22%, Valid: 72.75%, Test: 75.49%, Best Valid: 72.75%, Best Test: 75.49%
Epoch: 300, Loss: 0.5397, Train: 88.34%, Valid: 87.52%, Test: 88.37%, Best Valid: 87.65%, Best Test: 88.17%
Epoch: 400, Loss: 0.4439, Train: 90.46%, Valid: 90.13%, Test: 90.39%, Best Valid: 90.59%, Best Test: 90.72%
Epoch: 500, Loss: 0.3957, Train: 91.00%, Valid: 90.59%, Test: 91.11%, Best Valid: 90.85%, Best Test: 91.11%
Epoch: 600, Loss: 0.3847, Train: 91.66%, Valid: 90.78%, Test: 91.11%, Best Valid: 90.98%, Best Test: 90.98%
Epoch: 700, Loss: 0.3672, Train: 91.87%, Valid: 90.98%, Test: 91.11%, Best Valid: 91.11%, Best Test: 91.31%
Epoch: 800, Loss: 0.3598, Train: 91.98%, Valid: 91.24%, Test: 91.11%, Best Valid: 91.50%, Best Test: 91.31%
Epoch: 900, Loss: 0.3508, Train: 92.03%, Valid: 91.31%, Test: 91.63%, Best Valid: 91.57%, Best Test: 91.31%
Run 02:
Highest Train: 92.48
Highest Valid: 91.83
Highest Test: 92.35
Chosen epoch: 988
Final Train: 92.29
Final Test: 92.03
Computing oracle penalty matrix from true labels...
Oracle penalty matrix frozen.
Epoch: 00, Loss: 2.2827, Train: 22.11%, Valid: 21.57%, Test: 22.29%, Best Valid: 21.57%, Best Test: 22.29%
Epoch: 100, Loss: 2.0003, Train: 37.04%, Valid: 36.86%, Test: 37.97%, Best Valid: 36.86%, Best Test: 37.97%
Epoch: 200, Loss: 0.8433, Train: 74.36%, Valid: 74.38%, Test: 76.47%, Best Valid: 74.38%, Best Test: 76.47%
Epoch: 300, Loss: 0.5286, Train: 88.41%, Valid: 87.78%, Test: 88.50%, Best Valid: 87.78%, Best Test: 88.50%
Epoch: 400, Loss: 0.4500, Train: 90.11%, Valid: 89.61%, Test: 90.13%, Best Valid: 89.74%, Best Test: 89.61%
Epoch: 500, Loss: 0.4092, Train: 91.07%, Valid: 90.39%, Test: 90.72%, Best Valid: 90.65%, Best Test: 90.59%
Epoch: 600, Loss: 0.3800, Train: 91.29%, Valid: 90.72%, Test: 91.44%, Best Valid: 91.18%, Best Test: 90.98%
Epoch: 700, Loss: 0.3632, Train: 91.81%, Valid: 91.05%, Test: 91.63%, Best Valid: 91.50%, Best Test: 91.70%
Epoch: 800, Loss: 0.3501, Train: 92.27%, Valid: 91.24%, Test: 91.96%, Best Valid: 91.57%, Best Test: 91.96%
Epoch: 900, Loss: 0.3400, Train: 92.68%, Valid: 91.63%, Test: 92.55%, Best Valid: 91.90%, Best Test: 92.42%
Run 03:
Highest Train: 92.96
Highest Valid: 92.35
Highest Test: 92.81
Chosen epoch: 980
Final Train: 92.79
Final Test: 92.81
Computing oracle penalty matrix from true labels...
Oracle penalty matrix frozen.
Epoch: 00, Loss: 2.2852, Train: 22.11%, Valid: 21.57%, Test: 22.29%, Best Valid: 21.57%, Best Test: 22.29%
Epoch: 100, Loss: 2.0158, Train: 35.80%, Valid: 35.49%, Test: 36.14%, Best Valid: 35.49%, Best Test: 36.14%
Epoch: 200, Loss: 0.9846, Train: 68.19%, Valid: 67.65%, Test: 69.22%, Best Valid: 67.65%, Best Test: 69.22%
Epoch: 300, Loss: 0.5632, Train: 87.36%, Valid: 87.12%, Test: 87.91%, Best Valid: 87.32%, Best Test: 87.91%
Epoch: 400, Loss: 0.4459, Train: 90.11%, Valid: 89.54%, Test: 90.20%, Best Valid: 90.00%, Best Test: 90.07%
Epoch: 500, Loss: 0.4110, Train: 90.98%, Valid: 90.26%, Test: 90.92%, Best Valid: 90.59%, Best Test: 91.11%
Epoch: 600, Loss: 0.3848, Train: 91.59%, Valid: 90.72%, Test: 91.31%, Best Valid: 90.98%, Best Test: 91.37%
Epoch: 700, Loss: 0.3654, Train: 91.79%, Valid: 90.65%, Test: 91.31%, Best Valid: 91.18%, Best Test: 91.50%
Epoch: 800, Loss: 0.3548, Train: 92.11%, Valid: 91.31%, Test: 91.76%, Best Valid: 91.50%, Best Test: 91.50%
Epoch: 900, Loss: 0.3451, Train: 92.22%, Valid: 91.50%, Test: 92.16%, Best Valid: 91.70%, Best Test: 91.90%
Run 04:
Highest Train: 92.57
Highest Valid: 91.90
Highest Test: 92.48
Chosen epoch: 986
Final Train: 92.42
Final Test: 92.35
Computing oracle penalty matrix from true labels...
Oracle penalty matrix frozen.
Epoch: 00, Loss: 2.2736, Train: 12.48%, Valid: 11.63%, Test: 10.65%, Best Valid: 11.63%, Best Test: 10.65%
Epoch: 100, Loss: 1.9613, Train: 39.24%, Valid: 39.22%, Test: 39.67%, Best Valid: 39.22%, Best Test: 39.67%
Epoch: 200, Loss: 0.7789, Train: 78.21%, Valid: 77.25%, Test: 79.08%, Best Valid: 77.32%, Best Test: 79.02%
Epoch: 300, Loss: 0.5433, Train: 88.61%, Valid: 88.10%, Test: 89.28%, Best Valid: 88.10%, Best Test: 89.28%
Epoch: 400, Loss: 0.4267, Train: 91.26%, Valid: 90.59%, Test: 90.52%, Best Valid: 90.59%, Best Test: 90.46%
Epoch: 500, Loss: 0.3897, Train: 91.55%, Valid: 90.52%, Test: 91.11%, Best Valid: 90.98%, Best Test: 90.92%
Epoch: 600, Loss: 0.3760, Train: 91.94%, Valid: 91.11%, Test: 91.57%, Best Valid: 91.18%, Best Test: 91.44%
Epoch: 700, Loss: 0.3618, Train: 92.09%, Valid: 91.11%, Test: 91.76%, Best Valid: 91.31%, Best Test: 91.76%
Epoch: 800, Loss: 0.3541, Train: 92.37%, Valid: 91.37%, Test: 92.16%, Best Valid: 91.37%, Best Test: 91.83%
Epoch: 900, Loss: 0.3465, Train: 92.44%, Valid: 91.31%, Test: 92.09%, Best Valid: 91.57%, Best Test: 92.03%
Run 05:
Highest Train: 92.79
Highest Valid: 91.63
Highest Test: 92.35
Chosen epoch: 949
Final Train: 92.46
Final Test: 91.96
Computing oracle penalty matrix from true labels...
Oracle penalty matrix frozen.
Epoch: 00, Loss: 2.2779, Train: 22.11%, Valid: 21.57%, Test: 22.29%, Best Valid: 21.57%, Best Test: 22.29%
Epoch: 100, Loss: 1.9766, Train: 37.49%, Valid: 37.45%, Test: 38.63%, Best Valid: 37.45%, Best Test: 38.63%
Epoch: 200, Loss: 0.8588, Train: 73.20%, Valid: 73.07%, Test: 75.62%, Best Valid: 73.07%, Best Test: 75.62%
Epoch: 300, Loss: 0.5254, Train: 88.71%, Valid: 88.10%, Test: 88.82%, Best Valid: 88.10%, Best Test: 88.82%
Epoch: 400, Loss: 0.4439, Train: 90.48%, Valid: 89.93%, Test: 90.20%, Best Valid: 90.20%, Best Test: 90.33%
Epoch: 500, Loss: 0.4014, Train: 91.13%, Valid: 90.52%, Test: 90.85%, Best Valid: 90.65%, Best Test: 90.72%
Epoch: 600, Loss: 0.3831, Train: 91.42%, Valid: 91.05%, Test: 91.11%, Best Valid: 91.05%, Best Test: 91.11%
Epoch: 700, Loss: 0.3712, Train: 91.59%, Valid: 91.18%, Test: 91.05%, Best Valid: 91.31%, Best Test: 91.11%
Epoch: 800, Loss: 0.3604, Train: 91.98%, Valid: 91.05%, Test: 91.31%, Best Valid: 91.50%, Best Test: 91.24%
Epoch: 900, Loss: 0.3600, Train: 91.94%, Valid: 91.18%, Test: 91.05%, Best Valid: 91.57%, Best Test: 91.44%
Run 06:
Highest Train: 92.14
Highest Valid: 91.63
Highest Test: 91.83
Chosen epoch: 947
Final Train: 91.96
Final Test: 91.57
Computing oracle penalty matrix from true labels...
Oracle penalty matrix frozen.
Epoch: 00, Loss: 2.2991, Train: 4.62%, Valid: 5.49%, Test: 5.03%, Best Valid: 5.49%, Best Test: 5.03%
Epoch: 100, Loss: 2.0148, Train: 36.01%, Valid: 35.88%, Test: 36.80%, Best Valid: 35.88%, Best Test: 36.80%
Epoch: 200, Loss: 1.0525, Train: 63.55%, Valid: 64.05%, Test: 64.38%, Best Valid: 64.05%, Best Test: 64.38%
Epoch: 300, Loss: 0.5806, Train: 87.43%, Valid: 86.86%, Test: 87.71%, Best Valid: 86.86%, Best Test: 87.71%
Epoch: 400, Loss: 0.4599, Train: 90.20%, Valid: 90.07%, Test: 90.39%, Best Valid: 90.13%, Best Test: 90.39%
Epoch: 500, Loss: 0.4137, Train: 91.05%, Valid: 90.65%, Test: 90.98%, Best Valid: 90.78%, Best Test: 91.05%
Epoch: 600, Loss: 0.3879, Train: 91.29%, Valid: 90.65%, Test: 91.24%, Best Valid: 90.78%, Best Test: 91.05%
Epoch: 700, Loss: 0.3751, Train: 91.61%, Valid: 90.85%, Test: 91.11%, Best Valid: 91.05%, Best Test: 91.31%
Epoch: 800, Loss: 0.3649, Train: 92.05%, Valid: 90.98%, Test: 91.50%, Best Valid: 91.37%, Best Test: 91.37%
Epoch: 900, Loss: 0.3575, Train: 92.05%, Valid: 91.11%, Test: 91.50%, Best Valid: 91.44%, Best Test: 91.63%
Run 07:
Highest Train: 92.37
Highest Valid: 91.63
Highest Test: 91.96
Chosen epoch: 947
Final Train: 92.09
Final Test: 91.63
Computing oracle penalty matrix from true labels...
Oracle penalty matrix frozen.
Epoch: 00, Loss: 2.2837, Train: 24.95%, Valid: 26.47%, Test: 25.56%, Best Valid: 26.47%, Best Test: 25.56%
Epoch: 100, Loss: 2.0250, Train: 36.38%, Valid: 36.21%, Test: 36.93%, Best Valid: 36.21%, Best Test: 36.93%
Epoch: 200, Loss: 0.9843, Train: 65.51%, Valid: 66.27%, Test: 66.99%, Best Valid: 66.27%, Best Test: 66.99%
Epoch: 300, Loss: 0.5752, Train: 87.97%, Valid: 88.10%, Test: 88.89%, Best Valid: 88.10%, Best Test: 88.89%
Epoch: 400, Loss: 0.4435, Train: 90.78%, Valid: 90.39%, Test: 90.78%, Best Valid: 90.39%, Best Test: 90.78%
Epoch: 500, Loss: 0.4003, Train: 91.26%, Valid: 90.39%, Test: 91.11%, Best Valid: 90.98%, Best Test: 91.50%
Epoch: 600, Loss: 0.3756, Train: 91.90%, Valid: 90.98%, Test: 91.44%, Best Valid: 90.98%, Best Test: 91.50%
Epoch: 700, Loss: 0.3654, Train: 92.03%, Valid: 91.05%, Test: 91.44%, Best Valid: 91.18%, Best Test: 91.37%
Epoch: 800, Loss: 0.3628, Train: 92.16%, Valid: 91.37%, Test: 91.57%, Best Valid: 91.37%, Best Test: 91.57%
Epoch: 900, Loss: 0.3501, Train: 92.29%, Valid: 91.44%, Test: 92.09%, Best Valid: 91.57%, Best Test: 91.63%
Run 08:
Highest Train: 92.42
Highest Valid: 91.63
Highest Test: 92.22
Chosen epoch: 915
Final Train: 92.31
Final Test: 91.70
Computing oracle penalty matrix from true labels...
Oracle penalty matrix frozen.
Epoch: 00, Loss: 2.2909, Train: 9.17%, Valid: 10.00%, Test: 8.43%, Best Valid: 10.00%, Best Test: 8.43%
Epoch: 100, Loss: 2.0286, Train: 36.25%, Valid: 36.21%, Test: 36.86%, Best Valid: 41.76%, Best Test: 42.22%
Epoch: 200, Loss: 0.9428, Train: 65.86%, Valid: 65.88%, Test: 66.86%, Best Valid: 65.88%, Best Test: 66.86%
Epoch: 300, Loss: 0.6122, Train: 87.30%, Valid: 87.45%, Test: 88.56%, Best Valid: 87.52%, Best Test: 88.69%
Epoch: 400, Loss: 0.4488, Train: 90.57%, Valid: 90.00%, Test: 90.46%, Best Valid: 90.00%, Best Test: 90.26%
Epoch: 500, Loss: 0.4027, Train: 91.35%, Valid: 90.33%, Test: 90.59%, Best Valid: 90.65%, Best Test: 90.65%
Epoch: 600, Loss: 0.3796, Train: 91.72%, Valid: 90.59%, Test: 90.98%, Best Valid: 90.92%, Best Test: 90.92%
Epoch: 700, Loss: 0.3699, Train: 92.00%, Valid: 90.78%, Test: 91.31%, Best Valid: 90.98%, Best Test: 91.37%
Epoch: 800, Loss: 0.3586, Train: 92.22%, Valid: 91.11%, Test: 91.63%, Best Valid: 91.11%, Best Test: 91.44%
Epoch: 900, Loss: 0.3528, Train: 92.22%, Valid: 90.98%, Test: 91.76%, Best Valid: 91.31%, Best Test: 91.90%
Run 09:
Highest Train: 92.48
Highest Valid: 91.37
Highest Test: 92.22
Chosen epoch: 985
Final Train: 92.37
Final Test: 92.22
Computing oracle penalty matrix from true labels...
Oracle penalty matrix frozen.
Epoch: 00, Loss: 2.2872, Train: 24.95%, Valid: 26.47%, Test: 25.56%, Best Valid: 26.47%, Best Test: 25.56%
Epoch: 100, Loss: 1.9928, Train: 36.71%, Valid: 36.54%, Test: 37.52%, Best Valid: 36.54%, Best Test: 37.52%
Epoch: 200, Loss: 0.9213, Train: 70.26%, Valid: 69.93%, Test: 72.61%, Best Valid: 69.93%, Best Test: 72.61%
Epoch: 300, Loss: 0.5201, Train: 88.74%, Valid: 88.10%, Test: 88.76%, Best Valid: 88.17%, Best Test: 88.63%
Epoch: 400, Loss: 0.4435, Train: 90.35%, Valid: 89.74%, Test: 90.33%, Best Valid: 89.87%, Best Test: 89.93%
Epoch: 500, Loss: 0.4007, Train: 91.00%, Valid: 90.39%, Test: 90.65%, Best Valid: 90.59%, Best Test: 90.65%
Epoch: 600, Loss: 0.3723, Train: 91.74%, Valid: 90.98%, Test: 91.24%, Best Valid: 91.11%, Best Test: 91.11%
Epoch: 700, Loss: 0.3567, Train: 92.05%, Valid: 91.18%, Test: 91.90%, Best Valid: 91.44%, Best Test: 91.70%
Epoch: 800, Loss: 0.3448, Train: 92.29%, Valid: 91.44%, Test: 92.03%, Best Valid: 91.76%, Best Test: 92.03%
Epoch: 900, Loss: 0.3331, Train: 92.59%, Valid: 91.76%, Test: 92.29%, Best Valid: 91.96%, Best Test: 92.48%
Run 10:
Highest Train: 93.20
Highest Valid: 92.22
Highest Test: 92.81
Chosen epoch: 935
Final Train: 92.96
Final Test: 92.29
All runs:
Highest Train: 92.56 ± 0.33
Highest Test: 92.28 ± 0.36
Highest Valid: 91.71 ± 0.42
  Final Train: 92.34 ± 0.37
   Final Test: 92.03 ± 0.39
Saving results to results_tuned/amazon-photo/sgformer.csv
--- oracle_reg | lambda=0.2 ---
Namespace(aggregate='add', alpha=0.5, attention='gcn', beta=-1.0, bn=False, cpu=False, data_dir='../data/', dataset='amazon-photo', device=0, dim_inner=256, display_step=100, dropout=0.5, epochs=1000, global_dropout=None, global_epochs=0, global_layers=2, gnn='gcn', graph_weight=0.8, hidden_channels=256, hops=10, in_dropout=0.0, jk=False, label_num_per_class=20, lambda_val=0.2, layers=2, ln=False, local_epochs=0, local_gnn_type='GCN', local_layers=7, lr=0.001, metric='acc', mlp_epochs=500, mlp_reg=False, model='sgformer', model_dir='models/gt_reg_s_1108501_27', n_heads=1, num_centroids=4096, num_heads=1, oracle_reg=True, paired_seeds=True, pe_types='RWSE', penalty_transform='none', pre_linear=False, pre_ln=False, rand_split=False, rand_split_class=False, reg_start_epoch=10, reg_update_freq=5, res=False, result_dir='results_tuned', runs=10, save_model=False, save_result=False, seed=42, test_num=1000, tr_dropout=None, tr_layers=1, tr_weight_decay=None, train_prop=0.5, use_act=False, use_bn=False, use_graph=True, use_reg=True, use_residual=True, use_weight=False, valid_num=500, valid_prop=0.25, weight_decay=0.0005)
amazon-photo
dataset amazon-photo | num nodes 7650 | num edge 238162 | num node feats 745 | num classes 8
MODEL: SGFormer(
  (trans_conv): TransConv(
    (convs): ModuleList(
      (0): TransConvLayer(
        (Wk): Linear(in_features=256, out_features=256, bias=True)
        (Wq): Linear(in_features=256, out_features=256, bias=True)
      )
    )
    (fcs): ModuleList(
      (0): Linear(in_features=745, out_features=256, bias=True)
    )
    (bns): ModuleList(
      (0): LayerNorm((256,), eps=1e-05, elementwise_affine=True)
      (1): LayerNorm((256,), eps=1e-05, elementwise_affine=True)
    )
  )
  (gnn): GCN(
    (convs): ModuleList(
      (0): GCNConv(745, 256)
      (1): GCNConv(256, 256)
    )
    (bns): ModuleList(
      (0): BatchNorm1d(256, eps=1e-05, momentum=0.1, affine=True, track_running_stats=True)
    )
  )
  (fc): Linear(in_features=256, out_features=8, bias=True)
)
Computing oracle penalty matrix from true labels...
Oracle penalty matrix frozen.
Epoch: 00, Loss: 2.5021, Train: 12.46%, Valid: 11.57%, Test: 10.59%, Best Valid: 11.57%, Best Test: 10.59%
Epoch: 100, Loss: 2.1746, Train: 36.82%, Valid: 36.67%, Test: 37.97%, Best Valid: 36.67%, Best Test: 37.97%
Epoch: 200, Loss: 1.0369, Train: 66.41%, Valid: 66.41%, Test: 68.56%, Best Valid: 66.41%, Best Test: 68.56%
Epoch: 300, Loss: 0.6117, Train: 87.47%, Valid: 86.60%, Test: 87.52%, Best Valid: 86.73%, Best Test: 87.78%
Epoch: 400, Loss: 0.5279, Train: 89.22%, Valid: 88.76%, Test: 89.28%, Best Valid: 88.95%, Best Test: 89.41%
Epoch: 500, Loss: 0.4787, Train: 90.48%, Valid: 90.00%, Test: 90.65%, Best Valid: 90.52%, Best Test: 90.39%
Epoch: 600, Loss: 0.4330, Train: 91.18%, Valid: 90.92%, Test: 91.18%, Best Valid: 91.11%, Best Test: 91.05%
Epoch: 700, Loss: 0.4031, Train: 91.81%, Valid: 91.57%, Test: 91.63%, Best Valid: 91.76%, Best Test: 91.70%
Epoch: 800, Loss: 0.3853, Train: 92.35%, Valid: 91.76%, Test: 91.90%, Best Valid: 92.09%, Best Test: 92.16%
Epoch: 900, Loss: 0.3696, Train: 92.92%, Valid: 92.03%, Test: 92.42%, Best Valid: 92.16%, Best Test: 92.09%
Run 01:
Highest Train: 93.27
Highest Valid: 92.48
Highest Test: 93.01
Chosen epoch: 994
Final Train: 93.07
Final Test: 92.81
Computing oracle penalty matrix from true labels...
Oracle penalty matrix frozen.
Epoch: 00, Loss: 2.4923, Train: 4.49%, Valid: 3.66%, Test: 4.51%, Best Valid: 3.66%, Best Test: 4.51%
Epoch: 100, Loss: 2.1387, Train: 38.24%, Valid: 37.84%, Test: 39.02%, Best Valid: 37.84%, Best Test: 39.02%
Epoch: 200, Loss: 1.0305, Train: 67.84%, Valid: 67.71%, Test: 69.93%, Best Valid: 67.71%, Best Test: 69.93%
Epoch: 300, Loss: 0.5929, Train: 87.80%, Valid: 86.80%, Test: 87.52%, Best Valid: 86.86%, Best Test: 87.25%
Epoch: 400, Loss: 0.5085, Train: 89.72%, Valid: 88.82%, Test: 89.28%, Best Valid: 89.08%, Best Test: 89.08%
Epoch: 500, Loss: 0.4357, Train: 90.81%, Valid: 90.52%, Test: 90.65%, Best Valid: 90.52%, Best Test: 90.65%
Epoch: 600, Loss: 0.4146, Train: 91.59%, Valid: 90.85%, Test: 91.37%, Best Valid: 90.98%, Best Test: 91.37%
Epoch: 700, Loss: 0.3907, Train: 92.20%, Valid: 91.57%, Test: 91.96%, Best Valid: 91.70%, Best Test: 91.83%
Epoch: 800, Loss: 0.3751, Train: 92.68%, Valid: 92.09%, Test: 92.42%, Best Valid: 92.16%, Best Test: 92.42%
Epoch: 900, Loss: 0.3582, Train: 93.01%, Valid: 92.16%, Test: 92.75%, Best Valid: 92.42%, Best Test: 92.68%
Run 02:
Highest Train: 93.33
Highest Valid: 92.68
Highest Test: 93.01
Chosen epoch: 983
Final Train: 93.27
Final Test: 92.81
Computing oracle penalty matrix from true labels...
Oracle penalty matrix frozen.
Epoch: 00, Loss: 2.4902, Train: 22.11%, Valid: 21.57%, Test: 22.29%, Best Valid: 21.57%, Best Test: 22.29%
Epoch: 100, Loss: 2.2009, Train: 30.46%, Valid: 30.98%, Test: 31.63%, Best Valid: 30.98%, Best Test: 31.63%
Epoch: 200, Loss: 1.1581, Train: 57.39%, Valid: 57.32%, Test: 58.63%, Best Valid: 57.39%, Best Test: 58.50%
Epoch: 300, Loss: 0.6026, Train: 87.82%, Valid: 87.39%, Test: 87.84%, Best Valid: 87.39%, Best Test: 87.84%
Epoch: 400, Loss: 0.4963, Train: 90.02%, Valid: 89.41%, Test: 89.80%, Best Valid: 89.67%, Best Test: 89.87%
Epoch: 500, Loss: 0.4440, Train: 91.00%, Valid: 89.74%, Test: 90.46%, Best Valid: 90.26%, Best Test: 90.39%
Epoch: 600, Loss: 0.4119, Train: 91.44%, Valid: 90.78%, Test: 91.05%, Best Valid: 91.05%, Best Test: 91.11%
Epoch: 700, Loss: 0.3867, Train: 92.16%, Valid: 91.76%, Test: 91.70%, Best Valid: 91.83%, Best Test: 91.83%
Epoch: 800, Loss: 0.3707, Train: 92.64%, Valid: 92.09%, Test: 92.48%, Best Valid: 92.29%, Best Test: 92.42%
Epoch: 900, Loss: 0.3579, Train: 93.01%, Valid: 92.29%, Test: 92.55%, Best Valid: 92.48%, Best Test: 92.61%
Run 03:
Highest Train: 93.38
Highest Valid: 92.55
Highest Test: 93.01
Chosen epoch: 928
Final Train: 93.14
Final Test: 92.61
Computing oracle penalty matrix from true labels...
Oracle penalty matrix frozen.
Epoch: 00, Loss: 2.4929, Train: 22.11%, Valid: 21.57%, Test: 22.29%, Best Valid: 21.57%, Best Test: 22.29%
Epoch: 100, Loss: 2.2061, Train: 29.46%, Valid: 29.87%, Test: 30.33%, Best Valid: 29.87%, Best Test: 30.33%
Epoch: 200, Loss: 1.1670, Train: 56.84%, Valid: 56.99%, Test: 58.24%, Best Valid: 57.12%, Best Test: 58.50%
Epoch: 300, Loss: 0.5883, Train: 88.24%, Valid: 87.78%, Test: 88.56%, Best Valid: 88.30%, Best Test: 88.69%
Epoch: 400, Loss: 0.4878, Train: 90.15%, Valid: 89.74%, Test: 90.26%, Best Valid: 89.80%, Best Test: 90.00%
Epoch: 500, Loss: 0.4424, Train: 90.89%, Valid: 90.13%, Test: 90.46%, Best Valid: 90.46%, Best Test: 90.65%
Epoch: 600, Loss: 0.4154, Train: 91.39%, Valid: 90.78%, Test: 90.78%, Best Valid: 90.85%, Best Test: 90.78%
Epoch: 700, Loss: 0.3903, Train: 91.63%, Valid: 91.24%, Test: 91.37%, Best Valid: 91.50%, Best Test: 91.18%
Epoch: 800, Loss: 0.3766, Train: 92.37%, Valid: 91.96%, Test: 91.90%, Best Valid: 92.09%, Best Test: 91.90%
Epoch: 900, Loss: 0.3574, Train: 92.79%, Valid: 92.16%, Test: 92.22%, Best Valid: 92.35%, Best Test: 92.35%
Run 04:
Highest Train: 93.29
Highest Valid: 92.48
Highest Test: 92.88
Chosen epoch: 961
Final Train: 93.05
Final Test: 92.55
Computing oracle penalty matrix from true labels...
Oracle penalty matrix frozen.
Epoch: 00, Loss: 2.4803, Train: 12.51%, Valid: 11.63%, Test: 10.65%, Best Valid: 11.63%, Best Test: 10.65%
Epoch: 100, Loss: 2.1946, Train: 35.47%, Valid: 34.97%, Test: 36.27%, Best Valid: 34.97%, Best Test: 36.27%
Epoch: 200, Loss: 0.8331, Train: 79.43%, Valid: 77.97%, Test: 80.59%, Best Valid: 78.37%, Best Test: 80.78%
Epoch: 300, Loss: 0.5953, Train: 87.12%, Valid: 86.14%, Test: 87.32%, Best Valid: 86.67%, Best Test: 87.06%
Epoch: 400, Loss: 0.4994, Train: 89.80%, Valid: 89.22%, Test: 89.28%, Best Valid: 89.28%, Best Test: 89.35%
Epoch: 500, Loss: 0.4325, Train: 91.00%, Valid: 90.52%, Test: 90.92%, Best Valid: 90.65%, Best Test: 90.78%
Epoch: 600, Loss: 0.4084, Train: 91.55%, Valid: 91.05%, Test: 91.37%, Best Valid: 91.11%, Best Test: 91.50%
Epoch: 700, Loss: 0.3938, Train: 92.16%, Valid: 91.44%, Test: 91.57%, Best Valid: 91.57%, Best Test: 91.70%
Epoch: 800, Loss: 0.3771, Train: 92.42%, Valid: 91.76%, Test: 92.03%, Best Valid: 92.03%, Best Test: 92.22%
Epoch: 900, Loss: 0.3640, Train: 92.83%, Valid: 92.35%, Test: 92.48%, Best Valid: 92.48%, Best Test: 92.55%
Run 05:
Highest Train: 93.22
Highest Valid: 92.68
Highest Test: 92.88
Chosen epoch: 980
Final Train: 93.18
Final Test: 92.75
Computing oracle penalty matrix from true labels...
Oracle penalty matrix frozen.
Epoch: 00, Loss: 2.4850, Train: 22.11%, Valid: 21.57%, Test: 22.29%, Best Valid: 21.57%, Best Test: 22.29%
Epoch: 100, Loss: 2.1616, Train: 34.03%, Valid: 34.38%, Test: 35.95%, Best Valid: 34.38%, Best Test: 35.95%
Epoch: 200, Loss: 0.9753, Train: 72.96%, Valid: 71.70%, Test: 75.10%, Best Valid: 71.70%, Best Test: 75.10%
Epoch: 300, Loss: 0.5857, Train: 87.36%, Valid: 86.21%, Test: 87.45%, Best Valid: 86.34%, Best Test: 87.32%
Epoch: 400, Loss: 0.4889, Train: 90.02%, Valid: 89.67%, Test: 90.00%, Best Valid: 89.67%, Best Test: 90.00%
Epoch: 500, Loss: 0.4319, Train: 91.07%, Valid: 90.46%, Test: 90.65%, Best Valid: 90.59%, Best Test: 90.85%
Epoch: 600, Loss: 0.4034, Train: 91.63%, Valid: 91.37%, Test: 91.63%, Best Valid: 91.37%, Best Test: 91.63%
Epoch: 700, Loss: 0.3847, Train: 92.31%, Valid: 91.96%, Test: 92.22%, Best Valid: 92.09%, Best Test: 92.03%
Epoch: 800, Loss: 0.3622, Train: 93.01%, Valid: 92.22%, Test: 92.68%, Best Valid: 92.22%, Best Test: 92.55%
Epoch: 900, Loss: 0.3540, Train: 93.20%, Valid: 92.35%, Test: 92.88%, Best Valid: 92.48%, Best Test: 92.81%
Run 06:
Highest Train: 93.42
Highest Valid: 92.68
Highest Test: 93.07
Chosen epoch: 930
Final Train: 93.20
Final Test: 92.88
Computing oracle penalty matrix from true labels...
Oracle penalty matrix frozen.
Epoch: 00, Loss: 2.5081, Train: 4.62%, Valid: 5.49%, Test: 5.10%, Best Valid: 5.49%, Best Test: 5.10%
Epoch: 100, Loss: 2.1750, Train: 32.83%, Valid: 33.27%, Test: 34.05%, Best Valid: 33.27%, Best Test: 34.05%
Epoch: 200, Loss: 1.1929, Train: 57.78%, Valid: 57.65%, Test: 59.28%, Best Valid: 57.65%, Best Test: 59.28%
Epoch: 300, Loss: 0.6176, Train: 87.39%, Valid: 86.60%, Test: 87.65%, Best Valid: 87.12%, Best Test: 87.78%
Epoch: 400, Loss: 0.4995, Train: 89.85%, Valid: 89.80%, Test: 90.13%, Best Valid: 89.80%, Best Test: 90.13%
Epoch: 500, Loss: 0.4473, Train: 90.94%, Valid: 90.20%, Test: 90.46%, Best Valid: 90.26%, Best Test: 90.59%
Epoch: 600, Loss: 0.4149, Train: 91.31%, Valid: 90.65%, Test: 91.24%, Best Valid: 91.11%, Best Test: 91.18%
Epoch: 700, Loss: 0.3924, Train: 91.59%, Valid: 91.44%, Test: 91.90%, Best Valid: 91.70%, Best Test: 91.83%
Epoch: 800, Loss: 0.3679, Train: 92.51%, Valid: 92.29%, Test: 92.22%, Best Valid: 92.29%, Best Test: 92.29%
Epoch: 900, Loss: 0.3623, Train: 92.96%, Valid: 92.29%, Test: 92.42%, Best Valid: 92.42%, Best Test: 92.61%
Run 07:
Highest Train: 93.33
Highest Valid: 92.61
Highest Test: 92.94
Chosen epoch: 966
Final Train: 93.25
Final Test: 92.81
Computing oracle penalty matrix from true labels...
Oracle penalty matrix frozen.
Epoch: 00, Loss: 2.4913, Train: 24.95%, Valid: 26.47%, Test: 25.56%, Best Valid: 26.47%, Best Test: 25.56%
Epoch: 100, Loss: 2.2083, Train: 32.00%, Valid: 32.42%, Test: 33.20%, Best Valid: 32.42%, Best Test: 33.20%
Epoch: 200, Loss: 1.0825, Train: 61.37%, Valid: 61.50%, Test: 62.94%, Best Valid: 61.50%, Best Test: 62.94%
Epoch: 300, Loss: 0.5836, Train: 87.97%, Valid: 87.39%, Test: 88.24%, Best Valid: 87.39%, Best Test: 88.24%
Epoch: 400, Loss: 0.4870, Train: 90.07%, Valid: 89.74%, Test: 89.93%, Best Valid: 89.74%, Best Test: 90.07%
Epoch: 500, Loss: 0.4393, Train: 91.13%, Valid: 90.33%, Test: 90.72%, Best Valid: 90.39%, Best Test: 90.85%
Epoch: 600, Loss: 0.4077, Train: 91.42%, Valid: 90.65%, Test: 91.18%, Best Valid: 90.85%, Best Test: 91.24%
Epoch: 700, Loss: 0.3932, Train: 91.98%, Valid: 91.31%, Test: 91.57%, Best Valid: 91.50%, Best Test: 91.37%
Epoch: 800, Loss: 0.3796, Train: 92.27%, Valid: 91.90%, Test: 92.16%, Best Valid: 92.29%, Best Test: 92.09%
Epoch: 900, Loss: 0.3590, Train: 92.85%, Valid: 92.16%, Test: 92.75%, Best Valid: 92.35%, Best Test: 92.29%
Run 08:
Highest Train: 93.22
Highest Valid: 92.55
Highest Test: 92.94
Chosen epoch: 910
Final Train: 92.88
Final Test: 92.68
Computing oracle penalty matrix from true labels...
Oracle penalty matrix frozen.
Epoch: 00, Loss: 2.4992, Train: 9.17%, Valid: 10.00%, Test: 8.43%, Best Valid: 10.00%, Best Test: 8.43%
Epoch: 100, Loss: 2.2273, Train: 31.90%, Valid: 32.16%, Test: 32.81%, Best Valid: 35.10%, Best Test: 35.10%
Epoch: 200, Loss: 0.9930, Train: 70.89%, Valid: 70.07%, Test: 72.68%, Best Valid: 70.13%, Best Test: 72.88%
Epoch: 300, Loss: 0.5920, Train: 87.65%, Valid: 87.12%, Test: 87.78%, Best Valid: 87.25%, Best Test: 87.52%
Epoch: 400, Loss: 0.4977, Train: 89.85%, Valid: 89.41%, Test: 89.61%, Best Valid: 89.41%, Best Test: 89.54%
Epoch: 500, Loss: 0.4411, Train: 90.96%, Valid: 90.52%, Test: 90.52%, Best Valid: 90.78%, Best Test: 90.59%
Epoch: 600, Loss: 0.4096, Train: 91.35%, Valid: 90.98%, Test: 91.18%, Best Valid: 91.11%, Best Test: 91.11%
Epoch: 700, Loss: 0.4006, Train: 91.66%, Valid: 91.24%, Test: 91.57%, Best Valid: 91.37%, Best Test: 91.70%
Epoch: 800, Loss: 0.3819, Train: 92.05%, Valid: 91.44%, Test: 91.76%, Best Valid: 91.57%, Best Test: 91.83%
Epoch: 900, Loss: 0.3737, Train: 92.35%, Valid: 91.63%, Test: 92.48%, Best Valid: 91.76%, Best Test: 92.03%
Run 09:
Highest Train: 92.85
Highest Valid: 92.16
Highest Test: 92.68
Chosen epoch: 992
Final Train: 92.83
Final Test: 92.42
Computing oracle penalty matrix from true labels...
Oracle penalty matrix frozen.
Epoch: 00, Loss: 2.4951, Train: 24.95%, Valid: 26.47%, Test: 25.56%, Best Valid: 26.47%, Best Test: 25.56%
Epoch: 100, Loss: 2.2057, Train: 35.47%, Valid: 35.16%, Test: 35.88%, Best Valid: 35.16%, Best Test: 35.88%
Epoch: 200, Loss: 1.1290, Train: 60.85%, Valid: 61.11%, Test: 62.16%, Best Valid: 61.11%, Best Test: 62.16%
Epoch: 300, Loss: 0.5989, Train: 86.91%, Valid: 86.01%, Test: 87.25%, Best Valid: 86.99%, Best Test: 87.71%
Epoch: 400, Loss: 0.4901, Train: 89.78%, Valid: 89.22%, Test: 89.74%, Best Valid: 89.48%, Best Test: 89.48%
Epoch: 500, Loss: 0.4414, Train: 90.92%, Valid: 90.39%, Test: 90.65%, Best Valid: 90.39%, Best Test: 90.52%
Epoch: 600, Loss: 0.4075, Train: 91.63%, Valid: 90.85%, Test: 91.24%, Best Valid: 90.98%, Best Test: 91.31%
Epoch: 700, Loss: 0.3880, Train: 92.09%, Valid: 91.70%, Test: 92.16%, Best Valid: 91.90%, Best Test: 91.76%
Epoch: 800, Loss: 0.3716, Train: 92.61%, Valid: 92.09%, Test: 92.55%, Best Valid: 92.22%, Best Test: 92.42%
Epoch: 900, Loss: 0.3594, Train: 93.07%, Valid: 92.09%, Test: 92.81%, Best Valid: 92.42%, Best Test: 92.75%
Run 10:
Highest Train: 93.36
Highest Valid: 92.61
Highest Test: 93.07
Chosen epoch: 953
Final Train: 93.22
Final Test: 92.88
All runs:
Highest Train: 93.27 ± 0.16
Highest Test: 92.95 ± 0.12
Highest Valid: 92.55 ± 0.16
  Final Train: 93.11 ± 0.15
   Final Test: 92.72 ± 0.15
Saving results to results_tuned/amazon-photo/sgformer.csv
--- oracle_reg | lambda=0.4 ---
Namespace(aggregate='add', alpha=0.5, attention='gcn', beta=-1.0, bn=False, cpu=False, data_dir='../data/', dataset='amazon-photo', device=0, dim_inner=256, display_step=100, dropout=0.5, epochs=1000, global_dropout=None, global_epochs=0, global_layers=2, gnn='gcn', graph_weight=0.8, hidden_channels=256, hops=10, in_dropout=0.0, jk=False, label_num_per_class=20, lambda_val=0.4, layers=2, ln=False, local_epochs=0, local_gnn_type='GCN', local_layers=7, lr=0.001, metric='acc', mlp_epochs=500, mlp_reg=False, model='sgformer', model_dir='models/gt_reg_s_1108501_27', n_heads=1, num_centroids=4096, num_heads=1, oracle_reg=True, paired_seeds=True, pe_types='RWSE', penalty_transform='none', pre_linear=False, pre_ln=False, rand_split=False, rand_split_class=False, reg_start_epoch=10, reg_update_freq=5, res=False, result_dir='results_tuned', runs=10, save_model=False, save_result=False, seed=42, test_num=1000, tr_dropout=None, tr_layers=1, tr_weight_decay=None, train_prop=0.5, use_act=False, use_bn=False, use_graph=True, use_reg=True, use_residual=True, use_weight=False, valid_num=500, valid_prop=0.25, weight_decay=0.0005)
amazon-photo
dataset amazon-photo | num nodes 7650 | num edge 238162 | num node feats 745 | num classes 8
MODEL: SGFormer(
  (trans_conv): TransConv(
    (convs): ModuleList(
      (0): TransConvLayer(
        (Wk): Linear(in_features=256, out_features=256, bias=True)
        (Wq): Linear(in_features=256, out_features=256, bias=True)
      )
    )
    (fcs): ModuleList(
      (0): Linear(in_features=745, out_features=256, bias=True)
    )
    (bns): ModuleList(
      (0): LayerNorm((256,), eps=1e-05, elementwise_affine=True)
      (1): LayerNorm((256,), eps=1e-05, elementwise_affine=True)
    )
  )
  (gnn): GCN(
    (convs): ModuleList(
      (0): GCNConv(745, 256)
      (1): GCNConv(256, 256)
    )
    (bns): ModuleList(
      (0): BatchNorm1d(256, eps=1e-05, momentum=0.1, affine=True, track_running_stats=True)
    )
  )
  (fc): Linear(in_features=256, out_features=8, bias=True)
)
Computing oracle penalty matrix from true labels...
Oracle penalty matrix frozen.
Epoch: 00, Loss: 2.9191, Train: 11.61%, Valid: 10.85%, Test: 12.03%, Best Valid: 10.85%, Best Test: 12.03%
Epoch: 100, Loss: 5.5667, Train: 22.11%, Valid: 21.57%, Test: 22.29%, Best Valid: 26.93%, Best Test: 26.73%
Epoch: 200, Loss: 5.2705, Train: 22.11%, Valid: 21.57%, Test: 22.29%, Best Valid: 26.93%, Best Test: 26.73%
Epoch: 300, Loss: 4.3327, Train: 22.18%, Valid: 21.57%, Test: 22.29%, Best Valid: 26.93%, Best Test: 26.73%
Epoch: 400, Loss: 0.8262, Train: 84.99%, Valid: 84.58%, Test: 85.49%, Best Valid: 84.58%, Best Test: 85.49%
Epoch: 500, Loss: 0.5873, Train: 87.71%, Valid: 87.06%, Test: 87.58%, Best Valid: 87.06%, Best Test: 87.58%
Epoch: 600, Loss: 0.4996, Train: 91.26%, Valid: 90.59%, Test: 90.59%, Best Valid: 90.78%, Best Test: 90.46%
Epoch: 700, Loss: 0.4680, Train: 92.00%, Valid: 91.57%, Test: 91.44%, Best Valid: 91.83%, Best Test: 91.44%
Epoch: 800, Loss: 0.4269, Train: 92.61%, Valid: 91.96%, Test: 92.29%, Best Valid: 92.22%, Best Test: 92.48%
Epoch: 900, Loss: 0.4124, Train: 93.25%, Valid: 92.48%, Test: 92.68%, Best Valid: 92.55%, Best Test: 92.68%
Run 01:
Highest Train: 93.38
Highest Valid: 92.61
Highest Test: 93.14
Chosen epoch: 941
Final Train: 93.29
Final Test: 92.88
Computing oracle penalty matrix from true labels...
Oracle penalty matrix frozen.
Epoch: 00, Loss: 2.9077, Train: 4.49%, Valid: 3.66%, Test: 4.51%, Best Valid: 3.66%, Best Test: 4.51%
Epoch: 100, Loss: 5.8846, Train: 24.95%, Valid: 26.47%, Test: 25.56%, Best Valid: 26.47%, Best Test: 25.56%
Epoch: 200, Loss: 5.6694, Train: 24.95%, Valid: 26.47%, Test: 25.56%, Best Valid: 26.47%, Best Test: 25.56%
Epoch: 300, Loss: 4.5023, Train: 25.01%, Valid: 26.47%, Test: 25.62%, Best Valid: 26.47%, Best Test: 25.56%
Epoch: 400, Loss: 0.8819, Train: 83.90%, Valid: 82.88%, Test: 83.86%, Best Valid: 83.33%, Best Test: 84.18%
Epoch: 500, Loss: 0.6321, Train: 85.97%, Valid: 85.10%, Test: 85.75%, Best Valid: 85.29%, Best Test: 85.95%
Epoch: 600, Loss: 0.5589, Train: 88.13%, Valid: 87.25%, Test: 88.10%, Best Valid: 87.52%, Best Test: 88.04%
Epoch: 700, Loss: 0.4901, Train: 91.50%, Valid: 91.05%, Test: 91.50%, Best Valid: 91.24%, Best Test: 91.37%
Epoch: 800, Loss: 0.4487, Train: 92.07%, Valid: 91.90%, Test: 91.83%, Best Valid: 91.90%, Best Test: 91.83%
Epoch: 900, Loss: 0.4260, Train: 92.68%, Valid: 92.22%, Test: 92.29%, Best Valid: 92.35%, Best Test: 92.29%
Run 02:
Highest Train: 93.03
Highest Valid: 92.42
Highest Test: 92.75
Chosen epoch: 928
Final Train: 92.75
Final Test: 92.42
Computing oracle penalty matrix from true labels...
Oracle penalty matrix frozen.
Epoch: 00, Loss: 2.9053, Train: 22.11%, Valid: 21.57%, Test: 22.29%, Best Valid: 21.57%, Best Test: 22.29%
Epoch: 100, Loss: 5.6603, Train: 24.95%, Valid: 26.47%, Test: 25.56%, Best Valid: 26.47%, Best Test: 25.56%
Epoch: 200, Loss: 5.7117, Train: 24.95%, Valid: 26.47%, Test: 25.56%, Best Valid: 26.47%, Best Test: 25.56%
Epoch: 300, Loss: 4.9563, Train: 24.95%, Valid: 26.47%, Test: 25.56%, Best Valid: 26.47%, Best Test: 25.56%
Epoch: 400, Loss: 1.0642, Train: 83.40%, Valid: 82.61%, Test: 83.07%, Best Valid: 82.61%, Best Test: 83.07%
Epoch: 500, Loss: 0.6689, Train: 86.01%, Valid: 85.62%, Test: 85.75%, Best Valid: 85.82%, Best Test: 85.95%
Epoch: 600, Loss: 0.5833, Train: 87.43%, Valid: 86.34%, Test: 87.06%, Best Valid: 86.41%, Best Test: 87.12%
Epoch: 700, Loss: 0.5069, Train: 91.46%, Valid: 91.05%, Test: 91.37%, Best Valid: 91.11%, Best Test: 91.44%
Epoch: 800, Loss: 0.4555, Train: 92.16%, Valid: 91.83%, Test: 92.03%, Best Valid: 92.09%, Best Test: 92.03%
Epoch: 900, Loss: 0.4279, Train: 92.59%, Valid: 92.09%, Test: 92.29%, Best Valid: 92.35%, Best Test: 92.29%
Run 03:
Highest Train: 93.01
Highest Valid: 92.42
Highest Test: 92.75
Chosen epoch: 928
Final Train: 92.81
Final Test: 92.29
Computing oracle penalty matrix from true labels...
Oracle penalty matrix frozen.
Epoch: 00, Loss: 2.9084, Train: 22.11%, Valid: 21.57%, Test: 22.29%, Best Valid: 21.57%, Best Test: 22.29%
Epoch: 100, Loss: 5.5159, Train: 24.95%, Valid: 26.47%, Test: 25.56%, Best Valid: 26.47%, Best Test: 25.56%
Epoch: 200, Loss: 5.6713, Train: 24.95%, Valid: 26.47%, Test: 25.56%, Best Valid: 26.47%, Best Test: 25.56%
Epoch: 300, Loss: 4.7331, Train: 24.95%, Valid: 26.47%, Test: 25.56%, Best Valid: 26.47%, Best Test: 25.56%
Epoch: 400, Loss: 1.0798, Train: 80.11%, Valid: 79.74%, Test: 80.85%, Best Valid: 80.07%, Best Test: 80.72%
Epoch: 500, Loss: 0.6443, Train: 86.36%, Valid: 85.16%, Test: 86.21%, Best Valid: 85.36%, Best Test: 85.82%
Epoch: 600, Loss: 0.5610, Train: 87.49%, Valid: 86.14%, Test: 86.93%, Best Valid: 86.27%, Best Test: 86.93%
Epoch: 700, Loss: 0.5233, Train: 89.43%, Valid: 87.45%, Test: 88.82%, Best Valid: 87.84%, Best Test: 88.89%
Epoch: 800, Loss: 0.4729, Train: 91.76%, Valid: 91.05%, Test: 91.76%, Best Valid: 91.37%, Best Test: 91.63%
Epoch: 900, Loss: 0.4343, Train: 92.31%, Valid: 91.31%, Test: 92.35%, Best Valid: 91.50%, Best Test: 91.83%
Run 04:
Highest Train: 92.70
Highest Valid: 91.83
Highest Test: 92.68
Chosen epoch: 980
Final Train: 92.68
Final Test: 92.42
Computing oracle penalty matrix from true labels...
Oracle penalty matrix frozen.
Epoch: 00, Loss: 2.8937, Train: 17.23%, Valid: 15.36%, Test: 15.82%, Best Valid: 15.36%, Best Test: 15.82%
Epoch: 100, Loss: 5.7960, Train: 22.11%, Valid: 21.57%, Test: 22.29%, Best Valid: 21.57%, Best Test: 22.29%
Epoch: 200, Loss: 5.2428, Train: 22.11%, Valid: 21.57%, Test: 22.29%, Best Valid: 21.57%, Best Test: 22.29%
Epoch: 300, Loss: 1.1874, Train: 80.70%, Valid: 80.33%, Test: 82.03%, Best Valid: 80.33%, Best Test: 82.03%
Epoch: 400, Loss: 0.6567, Train: 86.01%, Valid: 84.84%, Test: 85.82%, Best Valid: 85.10%, Best Test: 85.88%
Epoch: 500, Loss: 0.5771, Train: 86.95%, Valid: 85.42%, Test: 85.95%, Best Valid: 85.69%, Best Test: 86.14%
Epoch: 600, Loss: 0.5151, Train: 89.22%, Valid: 88.24%, Test: 89.02%, Best Valid: 88.24%, Best Test: 89.02%
Epoch: 700, Loss: 0.4652, Train: 91.18%, Valid: 90.78%, Test: 90.85%, Best Valid: 91.05%, Best Test: 90.92%
Epoch: 800, Loss: 0.4446, Train: 91.92%, Valid: 91.50%, Test: 91.24%, Best Valid: 91.50%, Best Test: 91.24%
Epoch: 900, Loss: 0.4258, Train: 92.33%, Valid: 91.76%, Test: 91.76%, Best Valid: 91.83%, Best Test: 91.57%
Run 05:
Highest Train: 92.70
Highest Valid: 91.96
Highest Test: 92.42
Chosen epoch: 997
Final Train: 92.48
Final Test: 91.90
Computing oracle penalty matrix from true labels...
Oracle penalty matrix frozen.
Epoch: 00, Loss: 2.8992, Train: 22.11%, Valid: 21.57%, Test: 22.29%, Best Valid: 21.57%, Best Test: 22.29%
Epoch: 100, Loss: 5.7376, Train: 24.95%, Valid: 26.47%, Test: 25.56%, Best Valid: 32.03%, Best Test: 31.76%
Epoch: 200, Loss: 5.6634, Train: 24.95%, Valid: 26.47%, Test: 25.56%, Best Valid: 32.03%, Best Test: 31.76%
Epoch: 300, Loss: 4.3658, Train: 25.03%, Valid: 26.47%, Test: 25.69%, Best Valid: 32.03%, Best Test: 31.76%
Epoch: 400, Loss: 0.8549, Train: 85.05%, Valid: 84.12%, Test: 84.90%, Best Valid: 84.12%, Best Test: 84.12%
Epoch: 500, Loss: 0.6211, Train: 86.08%, Valid: 85.62%, Test: 85.95%, Best Valid: 85.75%, Best Test: 85.95%
Epoch: 600, Loss: 0.5456, Train: 88.63%, Valid: 87.97%, Test: 88.43%, Best Valid: 88.10%, Best Test: 88.76%
Epoch: 700, Loss: 0.4758, Train: 91.55%, Valid: 91.05%, Test: 91.18%, Best Valid: 91.31%, Best Test: 91.57%
Epoch: 800, Loss: 0.4428, Train: 92.14%, Valid: 91.70%, Test: 91.76%, Best Valid: 91.96%, Best Test: 92.03%
Epoch: 900, Loss: 0.4229, Train: 92.64%, Valid: 92.03%, Test: 92.61%, Best Valid: 92.22%, Best Test: 92.29%
Run 06:
Highest Train: 93.03
Highest Valid: 92.42
Highest Test: 92.81
Chosen epoch: 954
Final Train: 92.81
Final Test: 92.55
Computing oracle penalty matrix from true labels...
Oracle penalty matrix frozen.
Epoch: 00, Loss: 2.9261, Train: 4.71%, Valid: 5.49%, Test: 5.10%, Best Valid: 5.49%, Best Test: 5.10%
Epoch: 100, Loss: 5.4450, Train: 24.95%, Valid: 26.47%, Test: 25.56%, Best Valid: 26.47%, Best Test: 25.56%
Epoch: 200, Loss: 5.6501, Train: 24.95%, Valid: 26.47%, Test: 25.56%, Best Valid: 26.47%, Best Test: 25.56%
Epoch: 300, Loss: 4.6168, Train: 24.97%, Valid: 26.47%, Test: 25.56%, Best Valid: 26.47%, Best Test: 25.56%
Epoch: 400, Loss: 0.9917, Train: 83.20%, Valid: 82.29%, Test: 83.07%, Best Valid: 82.81%, Best Test: 83.01%
Epoch: 500, Loss: 0.6566, Train: 86.30%, Valid: 85.10%, Test: 86.08%, Best Valid: 85.42%, Best Test: 85.95%
Epoch: 600, Loss: 0.5665, Train: 87.36%, Valid: 86.34%, Test: 86.99%, Best Valid: 86.34%, Best Test: 86.99%
Epoch: 700, Loss: 0.5038, Train: 91.20%, Valid: 90.85%, Test: 91.05%, Best Valid: 90.98%, Best Test: 90.72%
Epoch: 800, Loss: 0.4418, Train: 92.11%, Valid: 91.83%, Test: 91.90%, Best Valid: 91.96%, Best Test: 91.96%
Epoch: 900, Loss: 0.4293, Train: 92.66%, Valid: 92.22%, Test: 92.68%, Best Valid: 92.29%, Best Test: 92.42%
Run 07:
Highest Train: 93.01
Highest Valid: 92.42
Highest Test: 92.81
Chosen epoch: 923
Final Train: 92.66
Final Test: 92.61
Computing oracle penalty matrix from true labels...
Oracle penalty matrix frozen.
Epoch: 00, Loss: 2.9066, Train: 24.95%, Valid: 26.47%, Test: 25.56%, Best Valid: 26.47%, Best Test: 25.56%
Epoch: 100, Loss: 5.8567, Train: 24.95%, Valid: 26.47%, Test: 25.56%, Best Valid: 26.47%, Best Test: 25.56%
Epoch: 200, Loss: 5.7021, Train: 24.95%, Valid: 26.47%, Test: 25.56%, Best Valid: 26.47%, Best Test: 25.56%
Epoch: 300, Loss: 5.2133, Train: 24.95%, Valid: 26.47%, Test: 25.56%, Best Valid: 26.47%, Best Test: 25.56%
Epoch: 400, Loss: 1.5247, Train: 67.39%, Valid: 65.82%, Test: 68.95%, Best Valid: 66.34%, Best Test: 68.63%
Epoch: 500, Loss: 0.6857, Train: 85.80%, Valid: 85.36%, Test: 85.75%, Best Valid: 85.36%, Best Test: 85.62%
Epoch: 600, Loss: 0.5873, Train: 87.23%, Valid: 86.21%, Test: 86.73%, Best Valid: 86.34%, Best Test: 86.86%
Epoch: 700, Loss: 0.5304, Train: 89.41%, Valid: 88.04%, Test: 89.08%, Best Valid: 88.24%, Best Test: 88.95%
Epoch: 800, Loss: 0.4830, Train: 91.92%, Valid: 91.37%, Test: 91.83%, Best Valid: 91.70%, Best Test: 91.70%
Epoch: 900, Loss: 0.4341, Train: 92.70%, Valid: 92.16%, Test: 92.61%, Best Valid: 92.22%, Best Test: 92.35%
Run 08:
Highest Train: 92.94
Highest Valid: 92.35
Highest Test: 92.81
Chosen epoch: 977
Final Train: 92.88
Final Test: 92.68
Computing oracle penalty matrix from true labels...
Oracle penalty matrix frozen.
Epoch: 00, Loss: 2.9157, Train: 9.17%, Valid: 10.00%, Test: 8.43%, Best Valid: 10.00%, Best Test: 8.43%
Epoch: 100, Loss: 5.8399, Train: 22.11%, Valid: 21.57%, Test: 22.29%, Best Valid: 22.81%, Best Test: 23.73%
Epoch: 200, Loss: 5.3532, Train: 22.11%, Valid: 21.57%, Test: 22.29%, Best Valid: 22.81%, Best Test: 23.73%
Epoch: 300, Loss: 4.0142, Train: 22.18%, Valid: 21.57%, Test: 22.29%, Best Valid: 22.81%, Best Test: 23.73%
Epoch: 400, Loss: 0.7254, Train: 85.66%, Valid: 84.51%, Test: 85.36%, Best Valid: 84.64%, Best Test: 85.56%
Epoch: 500, Loss: 0.6011, Train: 86.71%, Valid: 85.69%, Test: 86.27%, Best Valid: 85.69%, Best Test: 86.27%
Epoch: 600, Loss: 0.5400, Train: 87.95%, Valid: 86.60%, Test: 86.99%, Best Valid: 86.67%, Best Test: 87.06%
Epoch: 700, Loss: 0.4904, Train: 91.53%, Valid: 91.05%, Test: 91.57%, Best Valid: 91.24%, Best Test: 91.44%
Epoch: 800, Loss: 0.4347, Train: 92.44%, Valid: 92.09%, Test: 92.55%, Best Valid: 92.22%, Best Test: 92.42%
Epoch: 900, Loss: 0.4103, Train: 92.81%, Valid: 92.22%, Test: 92.68%, Best Valid: 92.42%, Best Test: 92.75%
Run 09:
Highest Train: 93.31
Highest Valid: 92.55
Highest Test: 93.07
Chosen epoch: 906
Final Train: 92.90
Final Test: 92.55
Computing oracle penalty matrix from true labels...
Oracle penalty matrix frozen.
Epoch: 00, Loss: 2.9110, Train: 24.95%, Valid: 26.47%, Test: 25.56%, Best Valid: 26.47%, Best Test: 25.56%
Epoch: 100, Loss: 5.5619, Train: 24.95%, Valid: 26.47%, Test: 25.56%, Best Valid: 26.47%, Best Test: 25.56%
Epoch: 200, Loss: 5.6756, Train: 24.95%, Valid: 26.47%, Test: 25.56%, Best Valid: 26.47%, Best Test: 25.56%
Epoch: 300, Loss: 4.7916, Train: 24.95%, Valid: 26.47%, Test: 25.56%, Best Valid: 26.47%, Best Test: 25.56%
Epoch: 400, Loss: 0.8704, Train: 84.88%, Valid: 84.31%, Test: 84.90%, Best Valid: 84.71%, Best Test: 84.71%
Epoch: 500, Loss: 0.6243, Train: 86.38%, Valid: 85.62%, Test: 86.14%, Best Valid: 85.95%, Best Test: 86.21%
Epoch: 600, Loss: 0.5585, Train: 87.78%, Valid: 86.47%, Test: 86.99%, Best Valid: 86.54%, Best Test: 87.06%
Epoch: 700, Loss: 0.5078, Train: 90.94%, Valid: 90.65%, Test: 90.98%, Best Valid: 90.65%, Best Test: 90.98%
Epoch: 800, Loss: 0.4551, Train: 91.98%, Valid: 91.24%, Test: 92.16%, Best Valid: 91.44%, Best Test: 91.70%
Epoch: 900, Loss: 0.4274, Train: 92.48%, Valid: 91.57%, Test: 92.03%, Best Valid: 91.76%, Best Test: 92.16%
Run 10:
Highest Train: 92.85
Highest Valid: 91.96
Highest Test: 92.61
Chosen epoch: 970
Final Train: 92.75
Final Test: 92.48
All runs:
Highest Train: 93.00 ± 0.22
Highest Test: 92.78 ± 0.21
Highest Valid: 92.29 ± 0.27
  Final Train: 92.80 ± 0.21
   Final Test: 92.48 ± 0.26
Saving results to results_tuned/amazon-photo/sgformer.csv
Condition sweep completed.
Task 27 done.
