Sun Jul 26 14:05:40 2026       
+-----------------------------------------------------------------------------------------+
| NVIDIA-SMI 580.159.04             Driver Version: 580.159.04     CUDA Version: 13.0     |
+-----------------------------------------+------------------------+----------------------+
| GPU  Name                 Persistence-M | Bus-Id          Disp.A | Volatile Uncorr. ECC |
| Fan  Temp   Perf          Pwr:Usage/Cap |           Memory-Usage | GPU-Util  Compute M. |
|                                         |                        |               MIG M. |
|=========================================+========================+======================|
|   0  NVIDIA A100-SXM4-80GB          On  |   00000000:01:00.0 Off |                   On |
| N/A   40C    P0            155W /  500W |   29060MiB /  81920MiB |     N/A      Default |
|                                         |                        |              Enabled |
+-----------------------------------------+------------------------+----------------------+
|   1  NVIDIA A100-SXM4-80GB          On  |   00000000:41:00.0 Off |                   On |
| N/A   30C    P0             68W /  500W |    8778MiB /  81920MiB |     N/A      Default |
|                                         |                        |              Enabled |
+-----------------------------------------+------------------------+----------------------+
|   2  NVIDIA A100-SXM4-80GB          On  |   00000000:81:00.0 Off |                   On |
| N/A   39C    P0            132W /  500W |    2095MiB /  81920MiB |     N/A      Default |
|                                         |                        |              Enabled |
+-----------------------------------------+------------------------+----------------------+
|   3  NVIDIA A100-SXM4-80GB          On  |   00000000:C1:00.0 Off |                   On |
| N/A   34C    P0            142W /  500W |   12271MiB /  81920MiB |     N/A      Default |
|                                         |                        |              Enabled |
+-----------------------------------------+------------------------+----------------------+

+-----------------------------------------------------------------------------------------+
| MIG devices:                                                                            |
+------------------+----------------------------------+-----------+-----------------------+
| GPU  GI  CI  MIG |              Shared Memory-Usage |        Vol|        Shared         |
|      ID  ID  Dev |                Shared BAR1-Usage | SM     Unc| CE ENC  DEC  OFA  JPG |
|                  |                                  |        ECC|                       |
|==================+==================================+===========+=======================|
|  1    3   0   0  |              71MiB / 19968MiB    | 28      0 |  2   0    1    0    0 |
|                  |               0MiB / 12271MiB    |           |                       |
+------------------+----------------------------------+-----------+-----------------------+

+-----------------------------------------------------------------------------------------+
| Processes:                                                                              |
|  GPU   GI   CI              PID   Type   Process name                        GPU Memory |
|        ID   ID                                                               Usage      |
|=========================================================================================|
|    0   10    0          2166476      C   ...ware/symmetrix-env/bin/python       8240MiB |
|    0    9    0          2166477      C   ...ware/symmetrix-env/bin/python       8430MiB |
|    0    3    0          3262327      C   python                                12086MiB |
|    2    3    0          3274038      C   python                                 1838MiB |
|    3    5    0          3264656      C   python                                12014MiB |
+-----------------------------------------------------------------------------------------+
Reg sweep (search winner): sgformer / coauthor-cs | group 0
python main.py --model sgformer --dataset coauthor-cs --lr 0.001 --hidden_channels 256 --dropout 0.7 --weight_decay 0.0005 --num_heads 1 --runs 10 --device 0 --result_dir results_tuned --model_dir models/gt_reg_s_1108501_28 --paired_seeds  --layers 2 --tr_layers 1 --graph_weight 0.8 --alpha 0.5 --use_graph --use_residual --epochs 1000
==========================================================
Condition sweep: python main.py --model sgformer --dataset coauthor-cs --lr 0.001 --hidden_channels 256 --dropout 0.7 --weight_decay 0.0005 --num_heads 1 --runs 10 --device 0 --result_dir results_tuned --model_dir models/gt_reg_s_1108501_28 --paired_seeds  --layers 2 --tr_layers 1 --graph_weight 0.8 --alpha 0.5 --use_graph --use_residual --epochs 1000
result_dir=results_tuned transforms=[none] oracle=0 baseline=0
==========================================================
--- mlp_reg | transform=none | lambda=0.01 | mlp_epochs=500 ---
Namespace(aggregate='add', alpha=0.5, attention='gcn', beta=-1.0, bn=False, cpu=False, data_dir='../data/', dataset='coauthor-cs', device=0, dim_inner=256, display_step=100, dropout=0.7, epochs=1000, global_dropout=None, global_epochs=0, global_layers=2, gnn='gcn', graph_weight=0.8, hidden_channels=256, hops=10, in_dropout=0.0, jk=False, label_num_per_class=20, lambda_val=0.01, layers=2, ln=False, local_epochs=0, local_gnn_type='GCN', local_layers=7, lr=0.001, metric='acc', mlp_epochs=500, mlp_reg=True, model='sgformer', model_dir='models/gt_reg_s_1108501_28', n_heads=1, num_centroids=4096, num_heads=1, oracle_reg=False, paired_seeds=True, pe_types='RWSE', penalty_transform='none', pre_linear=False, pre_ln=False, rand_split=False, rand_split_class=False, reg_start_epoch=10, reg_update_freq=5, res=False, result_dir='results_tuned', runs=10, save_model=False, save_result=False, seed=42, test_num=1000, tr_dropout=None, tr_layers=1, tr_weight_decay=None, train_prop=0.5, use_act=False, use_bn=False, use_graph=True, use_reg=True, use_residual=True, use_weight=False, valid_num=500, valid_prop=0.25, weight_decay=0.0005)
coauthor-cs
dataset coauthor-cs | num nodes 18333 | num edge 163788 | num node feats 6805 | num classes 15
MODEL: SGFormer(
  (trans_conv): TransConv(
    (convs): ModuleList(
      (0): TransConvLayer(
        (Wk): Linear(in_features=256, out_features=256, bias=True)
        (Wq): Linear(in_features=256, out_features=256, bias=True)
      )
    )
    (fcs): ModuleList(
      (0): Linear(in_features=6805, out_features=256, bias=True)
    )
    (bns): ModuleList(
      (0): LayerNorm((256,), eps=1e-05, elementwise_affine=True)
      (1): LayerNorm((256,), eps=1e-05, elementwise_affine=True)
    )
  )
  (gnn): GCN(
    (convs): ModuleList(
      (0): GCNConv(6805, 256)
      (1): GCNConv(256, 256)
    )
    (bns): ModuleList(
      (0): BatchNorm1d(256, eps=1e-05, momentum=0.1, affine=True, track_running_stats=True)
    )
  )
  (fc): Linear(in_features=256, out_features=15, bias=True)
)
Pre-training MLP for 500 epochs to generate co-occurrence matrix...
MLP pre-training complete. Penalty matrix frozen.
Epoch: 00, Loss: 2.7429, Train: 12.29%, Valid: 11.97%, Test: 10.96%, Best Valid: 11.97%, Best Test: 10.96%
Epoch: 100, Loss: 1.1825, Train: 65.90%, Valid: 65.41%, Test: 64.94%, Best Valid: 65.41%, Best Test: 64.94%
Epoch: 200, Loss: 0.5860, Train: 86.77%, Valid: 86.72%, Test: 86.91%, Best Valid: 86.72%, Best Test: 86.91%
Epoch: 300, Loss: 0.4183, Train: 90.05%, Valid: 89.03%, Test: 89.61%, Best Valid: 89.14%, Best Test: 89.59%
Epoch: 400, Loss: 0.3779, Train: 91.24%, Valid: 89.85%, Test: 90.89%, Best Valid: 89.85%, Best Test: 90.89%
Epoch: 500, Loss: 0.3491, Train: 92.21%, Valid: 90.94%, Test: 91.74%, Best Valid: 91.05%, Best Test: 91.74%
Epoch: 600, Loss: 0.3221, Train: 92.71%, Valid: 91.46%, Test: 92.42%, Best Valid: 91.54%, Best Test: 92.31%
Epoch: 700, Loss: 0.3047, Train: 92.99%, Valid: 91.84%, Test: 92.69%, Best Valid: 91.87%, Best Test: 92.61%
Epoch: 800, Loss: 0.2960, Train: 93.28%, Valid: 91.84%, Test: 92.78%, Best Valid: 92.01%, Best Test: 92.72%
Epoch: 900, Loss: 0.2897, Train: 93.34%, Valid: 91.84%, Test: 93.08%, Best Valid: 92.01%, Best Test: 92.72%
Run 01:
Highest Train: 93.54
Highest Valid: 92.06
Highest Test: 93.35
Chosen epoch: 993
Final Train: 93.46
Final Test: 93.18
Pre-training MLP for 500 epochs to generate co-occurrence matrix...
MLP pre-training complete. Penalty matrix frozen.
Epoch: 00, Loss: 2.7407, Train: 3.88%, Valid: 3.57%, Test: 4.09%, Best Valid: 3.57%, Best Test: 4.09%
Epoch: 100, Loss: 1.1593, Train: 71.28%, Valid: 70.95%, Test: 70.61%, Best Valid: 70.95%, Best Test: 70.61%
Epoch: 200, Loss: 0.5211, Train: 88.23%, Valid: 87.73%, Test: 87.84%, Best Valid: 87.73%, Best Test: 87.84%
Epoch: 300, Loss: 0.4084, Train: 90.19%, Valid: 89.03%, Test: 89.69%, Best Valid: 89.12%, Best Test: 89.80%
Epoch: 400, Loss: 0.3703, Train: 91.31%, Valid: 89.96%, Test: 90.79%, Best Valid: 90.02%, Best Test: 90.59%
Epoch: 500, Loss: 0.3467, Train: 91.99%, Valid: 90.62%, Test: 91.66%, Best Valid: 90.70%, Best Test: 91.38%
Epoch: 600, Loss: 0.3318, Train: 92.37%, Valid: 90.78%, Test: 91.93%, Best Valid: 90.94%, Best Test: 91.96%
Epoch: 700, Loss: 0.3175, Train: 92.58%, Valid: 91.22%, Test: 92.20%, Best Valid: 91.35%, Best Test: 92.18%
Epoch: 800, Loss: 0.3033, Train: 92.96%, Valid: 91.60%, Test: 92.53%, Best Valid: 91.68%, Best Test: 92.39%
Epoch: 900, Loss: 0.2941, Train: 93.38%, Valid: 92.01%, Test: 92.88%, Best Valid: 92.01%, Best Test: 92.88%
Run 02:
Highest Train: 93.55
Highest Valid: 92.09
Highest Test: 93.10
Chosen epoch: 996
Final Train: 93.38
Final Test: 93.02
Pre-training MLP for 500 epochs to generate co-occurrence matrix...
MLP pre-training complete. Penalty matrix frozen.
Epoch: 00, Loss: 2.7249, Train: 22.05%, Valid: 23.92%, Test: 22.74%, Best Valid: 23.92%, Best Test: 22.74%
Epoch: 100, Loss: 1.1078, Train: 74.05%, Valid: 72.80%, Test: 73.12%, Best Valid: 72.80%, Best Test: 73.12%
Epoch: 200, Loss: 0.5141, Train: 87.97%, Valid: 87.62%, Test: 87.90%, Best Valid: 87.62%, Best Test: 87.90%
Epoch: 300, Loss: 0.4048, Train: 90.23%, Valid: 89.28%, Test: 89.83%, Best Valid: 89.28%, Best Test: 89.83%
Epoch: 400, Loss: 0.3703, Train: 90.91%, Valid: 89.91%, Test: 90.38%, Best Valid: 89.91%, Best Test: 90.40%
Epoch: 500, Loss: 0.3504, Train: 92.06%, Valid: 90.64%, Test: 91.60%, Best Valid: 90.73%, Best Test: 91.25%
Epoch: 600, Loss: 0.3284, Train: 92.50%, Valid: 91.05%, Test: 92.01%, Best Valid: 91.13%, Best Test: 92.04%
Epoch: 700, Loss: 0.3086, Train: 92.91%, Valid: 91.43%, Test: 92.39%, Best Valid: 91.49%, Best Test: 92.23%
Epoch: 800, Loss: 0.2970, Train: 93.10%, Valid: 91.68%, Test: 92.45%, Best Valid: 91.82%, Best Test: 92.45%
Epoch: 900, Loss: 0.2891, Train: 93.25%, Valid: 91.76%, Test: 92.58%, Best Valid: 91.82%, Best Test: 92.45%
Run 03:
Highest Train: 93.48
Highest Valid: 92.01
Highest Test: 92.67
Chosen epoch: 951
Final Train: 93.36
Final Test: 92.61
Pre-training MLP for 500 epochs to generate co-occurrence matrix...
MLP pre-training complete. Penalty matrix frozen.
Epoch: 00, Loss: 2.7340, Train: 16.24%, Valid: 15.55%, Test: 16.60%, Best Valid: 15.55%, Best Test: 16.60%
Epoch: 100, Loss: 1.1011, Train: 74.15%, Valid: 73.32%, Test: 73.69%, Best Valid: 73.32%, Best Test: 73.69%
Epoch: 200, Loss: 0.5985, Train: 85.14%, Valid: 84.67%, Test: 84.98%, Best Valid: 84.67%, Best Test: 84.98%
Epoch: 300, Loss: 0.4032, Train: 90.58%, Valid: 89.80%, Test: 90.35%, Best Valid: 89.80%, Best Test: 90.35%
Epoch: 400, Loss: 0.3552, Train: 92.03%, Valid: 90.64%, Test: 91.77%, Best Valid: 90.78%, Best Test: 91.68%
Epoch: 500, Loss: 0.3213, Train: 92.88%, Valid: 91.49%, Test: 92.28%, Best Valid: 91.54%, Best Test: 92.34%
Epoch: 600, Loss: 0.3075, Train: 93.21%, Valid: 91.71%, Test: 92.53%, Best Valid: 91.79%, Best Test: 92.45%
Epoch: 700, Loss: 0.2936, Train: 93.42%, Valid: 91.84%, Test: 92.75%, Best Valid: 91.93%, Best Test: 92.69%
Epoch: 800, Loss: 0.2876, Train: 93.53%, Valid: 92.01%, Test: 93.08%, Best Valid: 92.03%, Best Test: 92.88%
Epoch: 900, Loss: 0.2833, Train: 93.55%, Valid: 92.01%, Test: 93.05%, Best Valid: 92.20%, Best Test: 93.13%
Run 04:
Highest Train: 93.69
Highest Valid: 92.25
Highest Test: 93.24
Chosen epoch: 999
Final Train: 93.63
Final Test: 93.13
Pre-training MLP for 500 epochs to generate co-occurrence matrix...
MLP pre-training complete. Penalty matrix frozen.
Epoch: 00, Loss: 2.7334, Train: 17.21%, Valid: 16.80%, Test: 17.23%, Best Valid: 16.80%, Best Test: 17.23%
Epoch: 100, Loss: 1.1162, Train: 73.16%, Valid: 72.53%, Test: 72.41%, Best Valid: 72.53%, Best Test: 72.41%
Epoch: 200, Loss: 0.5474, Train: 85.74%, Valid: 85.08%, Test: 85.63%, Best Valid: 85.16%, Best Test: 85.61%
Epoch: 300, Loss: 0.4135, Train: 90.23%, Valid: 88.79%, Test: 89.80%, Best Valid: 89.12%, Best Test: 89.89%
Epoch: 400, Loss: 0.3750, Train: 91.21%, Valid: 89.93%, Test: 90.65%, Best Valid: 90.02%, Best Test: 90.49%
Epoch: 500, Loss: 0.3474, Train: 92.34%, Valid: 90.59%, Test: 91.38%, Best Valid: 90.67%, Best Test: 91.36%
Epoch: 600, Loss: 0.3287, Train: 92.75%, Valid: 91.05%, Test: 91.71%, Best Valid: 91.13%, Best Test: 91.66%
Epoch: 700, Loss: 0.3102, Train: 92.98%, Valid: 91.19%, Test: 92.09%, Best Valid: 91.35%, Best Test: 92.09%
Epoch: 800, Loss: 0.2988, Train: 93.22%, Valid: 91.54%, Test: 92.28%, Best Valid: 91.65%, Best Test: 92.23%
Epoch: 900, Loss: 0.2919, Train: 93.46%, Valid: 91.73%, Test: 92.45%, Best Valid: 91.84%, Best Test: 92.56%
Run 05:
Highest Train: 93.60
Highest Valid: 91.87
Highest Test: 92.61
Chosen epoch: 945
Final Train: 93.51
Final Test: 92.34
Pre-training MLP for 500 epochs to generate co-occurrence matrix...
MLP pre-training complete. Penalty matrix frozen.
Epoch: 00, Loss: 2.7404, Train: 7.68%, Valid: 7.26%, Test: 7.72%, Best Valid: 7.26%, Best Test: 7.72%
Epoch: 100, Loss: 1.1320, Train: 73.95%, Valid: 73.32%, Test: 73.15%, Best Valid: 73.32%, Best Test: 73.15%
Epoch: 200, Loss: 0.5093, Train: 88.24%, Valid: 87.81%, Test: 87.84%, Best Valid: 87.81%, Best Test: 87.84%
Epoch: 300, Loss: 0.4120, Train: 90.09%, Valid: 89.25%, Test: 89.75%, Best Valid: 89.36%, Best Test: 89.80%
Epoch: 400, Loss: 0.3731, Train: 91.14%, Valid: 90.02%, Test: 90.68%, Best Valid: 90.10%, Best Test: 90.59%
Epoch: 500, Loss: 0.3524, Train: 91.96%, Valid: 90.56%, Test: 91.44%, Best Valid: 90.59%, Best Test: 91.36%
Epoch: 600, Loss: 0.3308, Train: 92.51%, Valid: 91.16%, Test: 91.98%, Best Valid: 91.16%, Best Test: 91.98%
Epoch: 700, Loss: 0.3130, Train: 92.90%, Valid: 91.19%, Test: 92.31%, Best Valid: 91.43%, Best Test: 92.37%
Epoch: 800, Loss: 0.3002, Train: 93.02%, Valid: 91.41%, Test: 92.31%, Best Valid: 91.57%, Best Test: 92.45%
Epoch: 900, Loss: 0.2963, Train: 93.14%, Valid: 91.43%, Test: 92.34%, Best Valid: 91.68%, Best Test: 92.37%
Run 06:
Highest Train: 93.44
Highest Valid: 91.71
Highest Test: 92.58
Chosen epoch: 996
Final Train: 93.26
Final Test: 92.48
Pre-training MLP for 500 epochs to generate co-occurrence matrix...
MLP pre-training complete. Penalty matrix frozen.
Epoch: 00, Loss: 2.7368, Train: 11.13%, Valid: 10.99%, Test: 11.23%, Best Valid: 10.99%, Best Test: 11.23%
Epoch: 100, Loss: 1.1657, Train: 72.81%, Valid: 72.37%, Test: 72.41%, Best Valid: 72.37%, Best Test: 72.41%
Epoch: 200, Loss: 0.5317, Train: 86.61%, Valid: 85.79%, Test: 86.56%, Best Valid: 85.79%, Best Test: 86.56%
Epoch: 300, Loss: 0.3986, Train: 91.18%, Valid: 89.69%, Test: 90.43%, Best Valid: 89.85%, Best Test: 90.43%
Epoch: 400, Loss: 0.3478, Train: 92.60%, Valid: 91.08%, Test: 91.82%, Best Valid: 91.24%, Best Test: 91.82%
Epoch: 500, Loss: 0.3149, Train: 93.12%, Valid: 91.33%, Test: 92.42%, Best Valid: 91.63%, Best Test: 92.26%
Epoch: 600, Loss: 0.3022, Train: 93.40%, Valid: 91.73%, Test: 92.69%, Best Valid: 91.82%, Best Test: 92.75%
Epoch: 700, Loss: 0.2916, Train: 93.47%, Valid: 91.82%, Test: 92.86%, Best Valid: 92.03%, Best Test: 92.91%
Epoch: 800, Loss: 0.2844, Train: 93.64%, Valid: 92.03%, Test: 92.99%, Best Valid: 92.12%, Best Test: 92.99%
Epoch: 900, Loss: 0.2785, Train: 93.66%, Valid: 92.17%, Test: 92.99%, Best Valid: 92.31%, Best Test: 93.02%
Run 07:
Highest Train: 93.86
Highest Valid: 92.31
Highest Test: 93.13
Chosen epoch: 875
Final Train: 93.68
Final Test: 93.02
Pre-training MLP for 500 epochs to generate co-occurrence matrix...
MLP pre-training complete. Penalty matrix frozen.
Epoch: 00, Loss: 2.7372, Train: 22.05%, Valid: 23.92%, Test: 22.74%, Best Valid: 23.92%, Best Test: 22.74%
Epoch: 100, Loss: 1.1228, Train: 72.34%, Valid: 71.30%, Test: 71.65%, Best Valid: 71.30%, Best Test: 71.65%
Epoch: 200, Loss: 0.5578, Train: 87.34%, Valid: 86.96%, Test: 87.00%, Best Valid: 86.96%, Best Test: 87.00%
Epoch: 300, Loss: 0.4059, Train: 90.33%, Valid: 89.42%, Test: 89.94%, Best Valid: 89.53%, Best Test: 89.89%
Epoch: 400, Loss: 0.3666, Train: 91.75%, Valid: 90.48%, Test: 91.41%, Best Valid: 90.48%, Best Test: 91.41%
Epoch: 500, Loss: 0.3413, Train: 92.23%, Valid: 90.89%, Test: 91.88%, Best Valid: 91.03%, Best Test: 91.88%
Epoch: 600, Loss: 0.3198, Train: 92.58%, Valid: 91.35%, Test: 92.18%, Best Valid: 91.41%, Best Test: 92.18%
Epoch: 700, Loss: 0.3047, Train: 93.04%, Valid: 91.76%, Test: 92.75%, Best Valid: 91.84%, Best Test: 92.75%
Epoch: 800, Loss: 0.2907, Train: 93.35%, Valid: 92.03%, Test: 93.02%, Best Valid: 92.20%, Best Test: 92.99%
Epoch: 900, Loss: 0.2830, Train: 93.48%, Valid: 91.95%, Test: 93.16%, Best Valid: 92.20%, Best Test: 92.99%
Run 08:
Highest Train: 93.69
Highest Valid: 92.20
Highest Test: 93.27
Chosen epoch: 793
Final Train: 93.36
Final Test: 92.99
Pre-training MLP for 500 epochs to generate co-occurrence matrix...
MLP pre-training complete. Penalty matrix frozen.
Epoch: 00, Loss: 2.7292, Train: 12.29%, Valid: 11.97%, Test: 10.96%, Best Valid: 11.97%, Best Test: 10.96%
Epoch: 100, Loss: 1.0760, Train: 73.79%, Valid: 72.70%, Test: 72.87%, Best Valid: 72.70%, Best Test: 72.87%
Epoch: 200, Loss: 0.6000, Train: 85.05%, Valid: 84.37%, Test: 85.17%, Best Valid: 84.37%, Best Test: 85.17%
Epoch: 300, Loss: 0.4174, Train: 90.54%, Valid: 89.44%, Test: 90.19%, Best Valid: 89.50%, Best Test: 90.19%
Epoch: 400, Loss: 0.3664, Train: 91.79%, Valid: 90.43%, Test: 91.22%, Best Valid: 90.48%, Best Test: 91.19%
Epoch: 500, Loss: 0.3381, Train: 92.41%, Valid: 91.03%, Test: 91.93%, Best Valid: 91.19%, Best Test: 91.88%
Epoch: 600, Loss: 0.3209, Train: 92.78%, Valid: 91.43%, Test: 92.23%, Best Valid: 91.49%, Best Test: 92.18%
Epoch: 700, Loss: 0.3063, Train: 92.98%, Valid: 91.71%, Test: 92.61%, Best Valid: 91.98%, Best Test: 92.61%
Epoch: 800, Loss: 0.2934, Train: 93.36%, Valid: 92.03%, Test: 93.05%, Best Valid: 92.12%, Best Test: 92.88%
Epoch: 900, Loss: 0.2852, Train: 93.49%, Valid: 92.20%, Test: 93.24%, Best Valid: 92.28%, Best Test: 93.29%
Run 09:
Highest Train: 93.68
Highest Valid: 92.33
Highest Test: 93.43
Chosen epoch: 924
Final Train: 93.57
Final Test: 93.24
Pre-training MLP for 500 epochs to generate co-occurrence matrix...
MLP pre-training complete. Penalty matrix frozen.
Epoch: 00, Loss: 2.7298, Train: 13.27%, Valid: 13.23%, Test: 11.86%, Best Valid: 13.23%, Best Test: 11.86%
Epoch: 100, Loss: 1.1541, Train: 74.50%, Valid: 73.43%, Test: 73.53%, Best Valid: 73.43%, Best Test: 73.53%
Epoch: 200, Loss: 0.5370, Train: 87.31%, Valid: 86.85%, Test: 87.13%, Best Valid: 86.85%, Best Test: 87.13%
Epoch: 300, Loss: 0.4075, Train: 90.87%, Valid: 89.58%, Test: 90.29%, Best Valid: 89.63%, Best Test: 90.19%
Epoch: 400, Loss: 0.3529, Train: 92.14%, Valid: 90.45%, Test: 91.71%, Best Valid: 90.67%, Best Test: 91.77%
Epoch: 500, Loss: 0.3303, Train: 92.60%, Valid: 91.22%, Test: 92.45%, Best Valid: 91.38%, Best Test: 92.34%
Epoch: 600, Loss: 0.3082, Train: 93.06%, Valid: 91.82%, Test: 93.02%, Best Valid: 91.84%, Best Test: 93.02%
Epoch: 700, Loss: 0.2957, Train: 93.19%, Valid: 91.76%, Test: 93.18%, Best Valid: 91.98%, Best Test: 93.13%
Epoch: 800, Loss: 0.2884, Train: 93.46%, Valid: 92.03%, Test: 93.40%, Best Valid: 92.20%, Best Test: 93.27%
Epoch: 900, Loss: 0.2832, Train: 93.54%, Valid: 92.17%, Test: 93.24%, Best Valid: 92.42%, Best Test: 93.24%
Run 10:
Highest Train: 93.74
Highest Valid: 92.47
Highest Test: 93.43
Chosen epoch: 983
Final Train: 93.68
Final Test: 93.24
All runs:
Highest Train: 93.63 ± 0.13
Highest Test: 93.08 ± 0.34
Highest Valid: 92.13 ± 0.23
  Final Train: 93.49 ± 0.15
   Final Test: 92.93 ± 0.33
Saving results to results_tuned/coauthor-cs/sgformer.csv
--- mlp_reg | transform=none | lambda=0.05 | mlp_epochs=500 ---
Namespace(aggregate='add', alpha=0.5, attention='gcn', beta=-1.0, bn=False, cpu=False, data_dir='../data/', dataset='coauthor-cs', device=0, dim_inner=256, display_step=100, dropout=0.7, epochs=1000, global_dropout=None, global_epochs=0, global_layers=2, gnn='gcn', graph_weight=0.8, hidden_channels=256, hops=10, in_dropout=0.0, jk=False, label_num_per_class=20, lambda_val=0.05, layers=2, ln=False, local_epochs=0, local_gnn_type='GCN', local_layers=7, lr=0.001, metric='acc', mlp_epochs=500, mlp_reg=True, model='sgformer', model_dir='models/gt_reg_s_1108501_28', n_heads=1, num_centroids=4096, num_heads=1, oracle_reg=False, paired_seeds=True, pe_types='RWSE', penalty_transform='none', pre_linear=False, pre_ln=False, rand_split=False, rand_split_class=False, reg_start_epoch=10, reg_update_freq=5, res=False, result_dir='results_tuned', runs=10, save_model=False, save_result=False, seed=42, test_num=1000, tr_dropout=None, tr_layers=1, tr_weight_decay=None, train_prop=0.5, use_act=False, use_bn=False, use_graph=True, use_reg=True, use_residual=True, use_weight=False, valid_num=500, valid_prop=0.25, weight_decay=0.0005)
coauthor-cs
dataset coauthor-cs | num nodes 18333 | num edge 163788 | num node feats 6805 | num classes 15
MODEL: SGFormer(
  (trans_conv): TransConv(
    (convs): ModuleList(
      (0): TransConvLayer(
        (Wk): Linear(in_features=256, out_features=256, bias=True)
        (Wq): Linear(in_features=256, out_features=256, bias=True)
      )
    )
    (fcs): ModuleList(
      (0): Linear(in_features=6805, out_features=256, bias=True)
    )
    (bns): ModuleList(
      (0): LayerNorm((256,), eps=1e-05, elementwise_affine=True)
      (1): LayerNorm((256,), eps=1e-05, elementwise_affine=True)
    )
  )
  (gnn): GCN(
    (convs): ModuleList(
      (0): GCNConv(6805, 256)
      (1): GCNConv(256, 256)
    )
    (bns): ModuleList(
      (0): BatchNorm1d(256, eps=1e-05, momentum=0.1, affine=True, track_running_stats=True)
    )
  )
  (fc): Linear(in_features=256, out_features=15, bias=True)
)
Pre-training MLP for 500 epochs to generate co-occurrence matrix...
MLP pre-training complete. Penalty matrix frozen.
Epoch: 00, Loss: 2.8515, Train: 12.29%, Valid: 11.97%, Test: 10.96%, Best Valid: 11.97%, Best Test: 10.96%
Epoch: 100, Loss: 1.2392, Train: 63.43%, Valid: 63.48%, Test: 62.54%, Best Valid: 63.48%, Best Test: 62.54%
Epoch: 200, Loss: 0.6165, Train: 86.39%, Valid: 86.36%, Test: 86.56%, Best Valid: 86.36%, Best Test: 86.56%
Epoch: 300, Loss: 0.4320, Train: 90.05%, Valid: 88.98%, Test: 89.61%, Best Valid: 89.14%, Best Test: 89.50%
Epoch: 400, Loss: 0.3868, Train: 91.35%, Valid: 89.93%, Test: 90.98%, Best Valid: 89.96%, Best Test: 90.62%
Epoch: 500, Loss: 0.3559, Train: 92.41%, Valid: 91.13%, Test: 91.98%, Best Valid: 91.13%, Best Test: 91.88%
Epoch: 600, Loss: 0.3304, Train: 92.74%, Valid: 91.54%, Test: 92.50%, Best Valid: 91.65%, Best Test: 92.58%
Epoch: 700, Loss: 0.3129, Train: 93.01%, Valid: 92.01%, Test: 92.78%, Best Valid: 92.01%, Best Test: 92.78%
Epoch: 800, Loss: 0.3042, Train: 93.32%, Valid: 91.79%, Test: 92.88%, Best Valid: 92.06%, Best Test: 92.88%
Epoch: 900, Loss: 0.2972, Train: 93.43%, Valid: 91.87%, Test: 93.18%, Best Valid: 92.06%, Best Test: 92.88%
Run 01:
Highest Train: 93.54
Highest Valid: 92.14
Highest Test: 93.38
Chosen epoch: 993
Final Train: 93.54
Final Test: 93.21
Pre-training MLP for 500 epochs to generate co-occurrence matrix...
MLP pre-training complete. Penalty matrix frozen.
Epoch: 00, Loss: 2.8492, Train: 3.88%, Valid: 3.57%, Test: 4.09%, Best Valid: 3.57%, Best Test: 4.09%
Epoch: 100, Loss: 1.2012, Train: 71.15%, Valid: 70.54%, Test: 70.17%, Best Valid: 70.54%, Best Test: 70.17%
Epoch: 200, Loss: 0.5358, Train: 88.34%, Valid: 87.67%, Test: 87.92%, Best Valid: 87.67%, Best Test: 87.92%
Epoch: 300, Loss: 0.4196, Train: 90.16%, Valid: 89.12%, Test: 89.67%, Best Valid: 89.12%, Best Test: 89.67%
Epoch: 400, Loss: 0.3808, Train: 91.31%, Valid: 89.96%, Test: 90.84%, Best Valid: 90.07%, Best Test: 90.65%
Epoch: 500, Loss: 0.3540, Train: 92.05%, Valid: 90.67%, Test: 91.74%, Best Valid: 90.70%, Best Test: 91.47%
Epoch: 600, Loss: 0.3373, Train: 92.51%, Valid: 91.03%, Test: 92.01%, Best Valid: 91.19%, Best Test: 92.09%
Epoch: 700, Loss: 0.3170, Train: 92.97%, Valid: 91.52%, Test: 92.50%, Best Valid: 91.57%, Best Test: 92.37%
Epoch: 800, Loss: 0.3044, Train: 93.24%, Valid: 91.68%, Test: 92.56%, Best Valid: 91.79%, Best Test: 92.45%
Epoch: 900, Loss: 0.2990, Train: 93.40%, Valid: 91.82%, Test: 92.58%, Best Valid: 91.90%, Best Test: 92.56%
Run 02:
Highest Train: 93.64
Highest Valid: 92.12
Highest Test: 92.91
Chosen epoch: 991
Final Train: 93.64
Final Test: 92.80
Pre-training MLP for 500 epochs to generate co-occurrence matrix...
MLP pre-training complete. Penalty matrix frozen.
Epoch: 00, Loss: 2.8328, Train: 22.05%, Valid: 23.92%, Test: 22.74%, Best Valid: 23.92%, Best Test: 22.74%
Epoch: 100, Loss: 1.1590, Train: 73.37%, Valid: 72.26%, Test: 72.44%, Best Valid: 72.26%, Best Test: 72.44%
Epoch: 200, Loss: 0.5377, Train: 87.91%, Valid: 87.56%, Test: 87.57%, Best Valid: 87.56%, Best Test: 87.57%
Epoch: 300, Loss: 0.4176, Train: 90.14%, Valid: 89.28%, Test: 89.78%, Best Valid: 89.28%, Best Test: 89.78%
Epoch: 400, Loss: 0.3796, Train: 91.19%, Valid: 90.02%, Test: 90.62%, Best Valid: 90.04%, Best Test: 90.62%
Epoch: 500, Loss: 0.3571, Train: 92.15%, Valid: 90.73%, Test: 91.82%, Best Valid: 90.81%, Best Test: 91.66%
Epoch: 600, Loss: 0.3329, Train: 92.63%, Valid: 91.30%, Test: 92.12%, Best Valid: 91.38%, Best Test: 92.20%
Epoch: 700, Loss: 0.3137, Train: 93.04%, Valid: 91.60%, Test: 92.53%, Best Valid: 91.65%, Best Test: 92.39%
Epoch: 800, Loss: 0.3041, Train: 93.19%, Valid: 91.68%, Test: 92.50%, Best Valid: 91.90%, Best Test: 92.56%
Epoch: 900, Loss: 0.2962, Train: 93.34%, Valid: 91.76%, Test: 92.61%, Best Valid: 91.93%, Best Test: 92.67%
Run 03:
Highest Train: 93.62
Highest Valid: 92.09
Highest Test: 92.83
Chosen epoch: 951
Final Train: 93.44
Final Test: 92.75
Pre-training MLP for 500 epochs to generate co-occurrence matrix...
MLP pre-training complete. Penalty matrix frozen.
Epoch: 00, Loss: 2.8422, Train: 16.60%, Valid: 15.82%, Test: 16.88%, Best Valid: 15.82%, Best Test: 16.88%
Epoch: 100, Loss: 1.1413, Train: 73.64%, Valid: 73.16%, Test: 73.42%, Best Valid: 73.16%, Best Test: 73.42%
Epoch: 200, Loss: 0.6164, Train: 85.03%, Valid: 84.62%, Test: 84.92%, Best Valid: 84.62%, Best Test: 84.92%
Epoch: 300, Loss: 0.4136, Train: 90.68%, Valid: 89.74%, Test: 90.38%, Best Valid: 89.85%, Best Test: 90.27%
Epoch: 400, Loss: 0.3602, Train: 92.17%, Valid: 90.94%, Test: 91.96%, Best Valid: 91.03%, Best Test: 91.93%
Epoch: 500, Loss: 0.3274, Train: 93.00%, Valid: 91.52%, Test: 92.42%, Best Valid: 91.60%, Best Test: 92.37%
Epoch: 600, Loss: 0.3149, Train: 93.30%, Valid: 91.90%, Test: 92.78%, Best Valid: 91.90%, Best Test: 92.78%
Epoch: 700, Loss: 0.3010, Train: 93.44%, Valid: 92.03%, Test: 92.94%, Best Valid: 92.03%, Best Test: 92.83%
Epoch: 800, Loss: 0.2956, Train: 93.54%, Valid: 92.01%, Test: 93.02%, Best Valid: 92.09%, Best Test: 92.97%
Epoch: 900, Loss: 0.2916, Train: 93.58%, Valid: 92.14%, Test: 93.10%, Best Valid: 92.17%, Best Test: 93.13%
Run 04:
Highest Train: 93.75
Highest Valid: 92.25
Highest Test: 93.24
Chosen epoch: 959
Final Train: 93.66
Final Test: 93.08
Pre-training MLP for 500 epochs to generate co-occurrence matrix...
MLP pre-training complete. Penalty matrix frozen.
Epoch: 00, Loss: 2.8417, Train: 17.77%, Valid: 17.48%, Test: 17.94%, Best Valid: 17.48%, Best Test: 17.94%
Epoch: 100, Loss: 1.1609, Train: 72.88%, Valid: 72.26%, Test: 72.03%, Best Valid: 72.26%, Best Test: 72.03%
Epoch: 200, Loss: 0.5748, Train: 85.41%, Valid: 84.92%, Test: 85.33%, Best Valid: 85.00%, Best Test: 85.36%
Epoch: 300, Loss: 0.4260, Train: 90.09%, Valid: 88.82%, Test: 89.72%, Best Valid: 88.95%, Best Test: 89.80%
Epoch: 400, Loss: 0.3865, Train: 91.16%, Valid: 90.04%, Test: 90.54%, Best Valid: 90.04%, Best Test: 90.49%
Epoch: 500, Loss: 0.3570, Train: 92.24%, Valid: 90.64%, Test: 91.44%, Best Valid: 90.78%, Best Test: 91.33%
Epoch: 600, Loss: 0.3356, Train: 92.75%, Valid: 91.13%, Test: 91.85%, Best Valid: 91.27%, Best Test: 91.68%
Epoch: 700, Loss: 0.3169, Train: 93.08%, Valid: 91.22%, Test: 92.28%, Best Valid: 91.49%, Best Test: 92.18%
Epoch: 800, Loss: 0.3054, Train: 93.30%, Valid: 91.57%, Test: 92.50%, Best Valid: 91.68%, Best Test: 92.31%
Epoch: 900, Loss: 0.2983, Train: 93.51%, Valid: 91.76%, Test: 92.58%, Best Valid: 91.87%, Best Test: 92.39%
Run 05:
Highest Train: 93.66
Highest Valid: 92.03
Highest Test: 92.64
Chosen epoch: 968
Final Train: 93.61
Final Test: 92.58
Pre-training MLP for 500 epochs to generate co-occurrence matrix...
MLP pre-training complete. Penalty matrix frozen.
Epoch: 00, Loss: 2.8490, Train: 7.68%, Valid: 7.26%, Test: 7.72%, Best Valid: 7.26%, Best Test: 7.72%
Epoch: 100, Loss: 1.1878, Train: 72.72%, Valid: 72.26%, Test: 71.81%, Best Valid: 72.26%, Best Test: 71.81%
Epoch: 200, Loss: 0.5281, Train: 88.12%, Valid: 87.70%, Test: 87.81%, Best Valid: 87.70%, Best Test: 87.81%
Epoch: 300, Loss: 0.4256, Train: 89.98%, Valid: 89.03%, Test: 89.75%, Best Valid: 89.06%, Best Test: 89.75%
Epoch: 400, Loss: 0.3860, Train: 91.04%, Valid: 89.88%, Test: 90.59%, Best Valid: 89.96%, Best Test: 90.57%
Epoch: 500, Loss: 0.3653, Train: 91.74%, Valid: 90.45%, Test: 91.25%, Best Valid: 90.53%, Best Test: 91.14%
Epoch: 600, Loss: 0.3458, Train: 92.32%, Valid: 90.92%, Test: 91.79%, Best Valid: 91.03%, Best Test: 91.77%
Epoch: 700, Loss: 0.3256, Train: 92.74%, Valid: 91.22%, Test: 92.23%, Best Valid: 91.46%, Best Test: 92.28%
Epoch: 800, Loss: 0.3107, Train: 93.00%, Valid: 91.27%, Test: 92.34%, Best Valid: 91.52%, Best Test: 92.28%
Epoch: 900, Loss: 0.3066, Train: 93.10%, Valid: 91.49%, Test: 92.39%, Best Valid: 91.73%, Best Test: 92.48%
Run 06:
Highest Train: 93.44
Highest Valid: 91.76
Highest Test: 92.64
Chosen epoch: 998
Final Train: 93.35
Final Test: 92.61
Pre-training MLP for 500 epochs to generate co-occurrence matrix...
MLP pre-training complete. Penalty matrix frozen.
Epoch: 00, Loss: 2.8452, Train: 11.12%, Valid: 10.94%, Test: 11.23%, Best Valid: 10.94%, Best Test: 11.23%
Epoch: 100, Loss: 1.2154, Train: 72.33%, Valid: 71.71%, Test: 71.51%, Best Valid: 71.71%, Best Test: 71.51%
Epoch: 200, Loss: 0.5621, Train: 85.94%, Valid: 85.30%, Test: 86.15%, Best Valid: 85.30%, Best Test: 86.15%
Epoch: 300, Loss: 0.4180, Train: 90.89%, Valid: 89.61%, Test: 90.21%, Best Valid: 89.61%, Best Test: 90.08%
Epoch: 400, Loss: 0.3602, Train: 92.56%, Valid: 90.89%, Test: 91.71%, Best Valid: 91.16%, Best Test: 91.85%
Epoch: 500, Loss: 0.3259, Train: 93.11%, Valid: 91.41%, Test: 92.28%, Best Valid: 91.60%, Best Test: 92.20%
Epoch: 600, Loss: 0.3132, Train: 93.35%, Valid: 91.73%, Test: 92.58%, Best Valid: 91.76%, Best Test: 92.69%
Epoch: 700, Loss: 0.3005, Train: 93.39%, Valid: 91.79%, Test: 92.78%, Best Valid: 91.93%, Best Test: 92.91%
Epoch: 800, Loss: 0.2947, Train: 93.66%, Valid: 91.95%, Test: 92.97%, Best Valid: 92.01%, Best Test: 92.99%
Epoch: 900, Loss: 0.2880, Train: 93.65%, Valid: 91.98%, Test: 92.91%, Best Valid: 92.17%, Best Test: 93.02%
Run 07:
Highest Train: 93.83
Highest Valid: 92.25
Highest Test: 93.08
Chosen epoch: 996
Final Train: 93.71
Final Test: 92.83
Pre-training MLP for 500 epochs to generate co-occurrence matrix...
MLP pre-training complete. Penalty matrix frozen.
Epoch: 00, Loss: 2.8456, Train: 22.05%, Valid: 23.92%, Test: 22.74%, Best Valid: 23.92%, Best Test: 22.74%
Epoch: 100, Loss: 1.1721, Train: 71.59%, Valid: 70.54%, Test: 70.69%, Best Valid: 70.54%, Best Test: 70.69%
Epoch: 200, Loss: 0.5909, Train: 87.13%, Valid: 86.52%, Test: 86.91%, Best Valid: 86.52%, Best Test: 86.91%
Epoch: 300, Loss: 0.4171, Train: 90.39%, Valid: 89.66%, Test: 90.05%, Best Valid: 89.66%, Best Test: 90.05%
Epoch: 400, Loss: 0.3760, Train: 91.76%, Valid: 90.62%, Test: 91.47%, Best Valid: 90.62%, Best Test: 91.47%
Epoch: 500, Loss: 0.3484, Train: 92.25%, Valid: 90.97%, Test: 91.88%, Best Valid: 91.08%, Best Test: 91.90%
Epoch: 600, Loss: 0.3233, Train: 92.84%, Valid: 91.57%, Test: 92.37%, Best Valid: 91.60%, Best Test: 92.42%
Epoch: 700, Loss: 0.3078, Train: 93.34%, Valid: 91.84%, Test: 92.56%, Best Valid: 91.84%, Best Test: 92.56%
Epoch: 800, Loss: 0.2969, Train: 93.53%, Valid: 92.01%, Test: 92.99%, Best Valid: 92.01%, Best Test: 92.80%
Epoch: 900, Loss: 0.2900, Train: 93.61%, Valid: 92.03%, Test: 92.99%, Best Valid: 92.12%, Best Test: 92.99%
Run 08:
Highest Train: 93.74
Highest Valid: 92.28
Highest Test: 93.32
Chosen epoch: 989
Final Train: 93.67
Final Test: 92.97
Pre-training MLP for 500 epochs to generate co-occurrence matrix...
MLP pre-training complete. Penalty matrix frozen.
Epoch: 00, Loss: 2.8373, Train: 12.29%, Valid: 11.97%, Test: 10.96%, Best Valid: 11.97%, Best Test: 10.96%
Epoch: 100, Loss: 1.1226, Train: 73.45%, Valid: 72.48%, Test: 72.76%, Best Valid: 72.48%, Best Test: 72.76%
Epoch: 200, Loss: 0.6289, Train: 85.08%, Valid: 84.34%, Test: 85.01%, Best Valid: 84.34%, Best Test: 85.01%
Epoch: 300, Loss: 0.4301, Train: 90.57%, Valid: 89.53%, Test: 90.21%, Best Valid: 89.66%, Best Test: 89.99%
Epoch: 400, Loss: 0.3757, Train: 91.74%, Valid: 90.53%, Test: 91.38%, Best Valid: 90.62%, Best Test: 91.38%
Epoch: 500, Loss: 0.3468, Train: 92.37%, Valid: 91.11%, Test: 92.01%, Best Valid: 91.19%, Best Test: 91.88%
Epoch: 600, Loss: 0.3277, Train: 92.79%, Valid: 91.49%, Test: 92.39%, Best Valid: 91.57%, Best Test: 92.42%
Epoch: 700, Loss: 0.3129, Train: 93.02%, Valid: 91.68%, Test: 92.78%, Best Valid: 92.03%, Best Test: 92.78%
Epoch: 800, Loss: 0.3010, Train: 93.34%, Valid: 92.14%, Test: 93.02%, Best Valid: 92.23%, Best Test: 93.05%
Epoch: 900, Loss: 0.2933, Train: 93.47%, Valid: 92.25%, Test: 93.24%, Best Valid: 92.31%, Best Test: 93.18%
Run 09:
Highest Train: 93.70
Highest Valid: 92.33
Highest Test: 93.38
Chosen epoch: 989
Final Train: 93.60
Final Test: 93.29
Pre-training MLP for 500 epochs to generate co-occurrence matrix...
MLP pre-training complete. Penalty matrix frozen.
Epoch: 00, Loss: 2.8379, Train: 13.01%, Valid: 12.93%, Test: 11.61%, Best Valid: 12.93%, Best Test: 11.61%
Epoch: 100, Loss: 1.2013, Train: 74.05%, Valid: 73.02%, Test: 72.96%, Best Valid: 73.02%, Best Test: 72.96%
Epoch: 200, Loss: 0.5564, Train: 87.30%, Valid: 86.85%, Test: 87.21%, Best Valid: 86.85%, Best Test: 87.21%
Epoch: 300, Loss: 0.4190, Train: 90.96%, Valid: 89.61%, Test: 90.51%, Best Valid: 89.66%, Best Test: 90.29%
Epoch: 400, Loss: 0.3619, Train: 92.14%, Valid: 90.48%, Test: 91.71%, Best Valid: 90.67%, Best Test: 91.77%
Epoch: 500, Loss: 0.3381, Train: 92.68%, Valid: 91.33%, Test: 92.67%, Best Valid: 91.43%, Best Test: 92.50%
Epoch: 600, Loss: 0.3157, Train: 93.10%, Valid: 91.76%, Test: 93.08%, Best Valid: 91.90%, Best Test: 92.99%
Epoch: 700, Loss: 0.3034, Train: 93.29%, Valid: 91.79%, Test: 93.21%, Best Valid: 91.98%, Best Test: 93.27%
Epoch: 800, Loss: 0.2958, Train: 93.47%, Valid: 92.12%, Test: 93.40%, Best Valid: 92.20%, Best Test: 93.27%
Epoch: 900, Loss: 0.2908, Train: 93.56%, Valid: 92.14%, Test: 93.24%, Best Valid: 92.44%, Best Test: 93.24%
Run 10:
Highest Train: 93.78
Highest Valid: 92.50
Highest Test: 93.48
Chosen epoch: 927
Final Train: 93.64
Final Test: 93.40
All runs:
Highest Train: 93.67 ± 0.12
Highest Test: 93.09 ± 0.32
Highest Valid: 92.18 ± 0.20
  Final Train: 93.59 ± 0.11
   Final Test: 92.95 ± 0.29
Saving results to results_tuned/coauthor-cs/sgformer.csv
--- mlp_reg | transform=none | lambda=0.1 | mlp_epochs=500 ---
Namespace(aggregate='add', alpha=0.5, attention='gcn', beta=-1.0, bn=False, cpu=False, data_dir='../data/', dataset='coauthor-cs', device=0, dim_inner=256, display_step=100, dropout=0.7, epochs=1000, global_dropout=None, global_epochs=0, global_layers=2, gnn='gcn', graph_weight=0.8, hidden_channels=256, hops=10, in_dropout=0.0, jk=False, label_num_per_class=20, lambda_val=0.1, layers=2, ln=False, local_epochs=0, local_gnn_type='GCN', local_layers=7, lr=0.001, metric='acc', mlp_epochs=500, mlp_reg=True, model='sgformer', model_dir='models/gt_reg_s_1108501_28', n_heads=1, num_centroids=4096, num_heads=1, oracle_reg=False, paired_seeds=True, pe_types='RWSE', penalty_transform='none', pre_linear=False, pre_ln=False, rand_split=False, rand_split_class=False, reg_start_epoch=10, reg_update_freq=5, res=False, result_dir='results_tuned', runs=10, save_model=False, save_result=False, seed=42, test_num=1000, tr_dropout=None, tr_layers=1, tr_weight_decay=None, train_prop=0.5, use_act=False, use_bn=False, use_graph=True, use_reg=True, use_residual=True, use_weight=False, valid_num=500, valid_prop=0.25, weight_decay=0.0005)
coauthor-cs
dataset coauthor-cs | num nodes 18333 | num edge 163788 | num node feats 6805 | num classes 15
MODEL: SGFormer(
  (trans_conv): TransConv(
    (convs): ModuleList(
      (0): TransConvLayer(
        (Wk): Linear(in_features=256, out_features=256, bias=True)
        (Wq): Linear(in_features=256, out_features=256, bias=True)
      )
    )
    (fcs): ModuleList(
      (0): Linear(in_features=6805, out_features=256, bias=True)
    )
    (bns): ModuleList(
      (0): LayerNorm((256,), eps=1e-05, elementwise_affine=True)
      (1): LayerNorm((256,), eps=1e-05, elementwise_affine=True)
    )
  )
  (gnn): GCN(
    (convs): ModuleList(
      (0): GCNConv(6805, 256)
      (1): GCNConv(256, 256)
    )
    (bns): ModuleList(
      (0): BatchNorm1d(256, eps=1e-05, momentum=0.1, affine=True, track_running_stats=True)
    )
  )
  (fc): Linear(in_features=256, out_features=15, bias=True)
)
Pre-training MLP for 500 epochs to generate co-occurrence matrix...
MLP pre-training complete. Penalty matrix frozen.
Epoch: 00, Loss: 2.9873, Train: 12.29%, Valid: 11.97%, Test: 10.96%, Best Valid: 11.97%, Best Test: 10.96%
Epoch: 100, Loss: 1.3165, Train: 60.27%, Valid: 60.58%, Test: 59.32%, Best Valid: 60.58%, Best Test: 59.32%
Epoch: 200, Loss: 0.6785, Train: 85.76%, Valid: 85.27%, Test: 85.61%, Best Valid: 85.41%, Best Test: 85.41%
Epoch: 300, Loss: 0.4508, Train: 89.93%, Valid: 89.12%, Test: 89.59%, Best Valid: 89.17%, Best Test: 89.42%
Epoch: 400, Loss: 0.3998, Train: 91.36%, Valid: 90.02%, Test: 91.00%, Best Valid: 90.04%, Best Test: 90.70%
Epoch: 500, Loss: 0.3683, Train: 92.38%, Valid: 90.97%, Test: 92.04%, Best Valid: 91.13%, Best Test: 91.96%
Epoch: 600, Loss: 0.3425, Train: 92.74%, Valid: 91.57%, Test: 92.67%, Best Valid: 91.65%, Best Test: 92.61%
Epoch: 700, Loss: 0.3238, Train: 93.09%, Valid: 91.87%, Test: 92.91%, Best Valid: 91.98%, Best Test: 92.88%
Epoch: 800, Loss: 0.3148, Train: 93.35%, Valid: 91.90%, Test: 92.99%, Best Valid: 92.09%, Best Test: 92.94%
Epoch: 900, Loss: 0.3063, Train: 93.34%, Valid: 91.87%, Test: 93.16%, Best Valid: 92.12%, Best Test: 93.02%
Run 01:
Highest Train: 93.66
Highest Valid: 92.17
Highest Test: 93.27
Chosen epoch: 931
Final Train: 93.56
Final Test: 93.10
Pre-training MLP for 500 epochs to generate co-occurrence matrix...
MLP pre-training complete. Penalty matrix frozen.
Epoch: 00, Loss: 2.9849, Train: 3.88%, Valid: 3.57%, Test: 4.09%, Best Valid: 3.57%, Best Test: 4.09%
Epoch: 100, Loss: 1.2634, Train: 69.41%, Valid: 68.58%, Test: 67.97%, Best Valid: 68.58%, Best Test: 67.97%
Epoch: 200, Loss: 0.5732, Train: 87.92%, Valid: 87.45%, Test: 87.51%, Best Valid: 87.45%, Best Test: 87.51%
Epoch: 300, Loss: 0.4331, Train: 90.16%, Valid: 89.14%, Test: 89.80%, Best Valid: 89.14%, Best Test: 89.80%
Epoch: 400, Loss: 0.3896, Train: 91.42%, Valid: 90.07%, Test: 90.87%, Best Valid: 90.10%, Best Test: 90.81%
Epoch: 500, Loss: 0.3613, Train: 92.27%, Valid: 90.81%, Test: 92.01%, Best Valid: 90.89%, Best Test: 91.71%
Epoch: 600, Loss: 0.3411, Train: 92.82%, Valid: 91.46%, Test: 92.42%, Best Valid: 91.60%, Best Test: 92.23%
Epoch: 700, Loss: 0.3213, Train: 93.25%, Valid: 91.71%, Test: 92.48%, Best Valid: 91.82%, Best Test: 92.45%
Epoch: 800, Loss: 0.3109, Train: 93.46%, Valid: 91.68%, Test: 92.67%, Best Valid: 91.93%, Best Test: 92.72%
Epoch: 900, Loss: 0.3054, Train: 93.59%, Valid: 91.95%, Test: 92.88%, Best Valid: 92.06%, Best Test: 92.97%
Run 02:
Highest Train: 93.74
Highest Valid: 92.23
Highest Test: 93.13
Chosen epoch: 947
Final Train: 93.62
Final Test: 92.97
Pre-training MLP for 500 epochs to generate co-occurrence matrix...
MLP pre-training complete. Penalty matrix frozen.
Epoch: 00, Loss: 2.9677, Train: 22.05%, Valid: 23.92%, Test: 22.74%, Best Valid: 23.92%, Best Test: 22.74%
Epoch: 100, Loss: 1.2148, Train: 72.70%, Valid: 71.60%, Test: 71.62%, Best Valid: 71.60%, Best Test: 71.62%
Epoch: 200, Loss: 0.5711, Train: 87.58%, Valid: 87.21%, Test: 87.24%, Best Valid: 87.23%, Best Test: 87.10%
Epoch: 300, Loss: 0.4323, Train: 90.10%, Valid: 89.23%, Test: 89.86%, Best Valid: 89.23%, Best Test: 89.56%
Epoch: 400, Loss: 0.3902, Train: 91.36%, Valid: 90.32%, Test: 90.89%, Best Valid: 90.32%, Best Test: 90.89%
Epoch: 500, Loss: 0.3608, Train: 92.35%, Valid: 91.03%, Test: 92.12%, Best Valid: 91.11%, Best Test: 91.98%
Epoch: 600, Loss: 0.3376, Train: 92.86%, Valid: 91.49%, Test: 92.34%, Best Valid: 91.60%, Best Test: 92.28%
Epoch: 700, Loss: 0.3204, Train: 93.15%, Valid: 91.73%, Test: 92.72%, Best Valid: 91.76%, Best Test: 92.53%
Epoch: 800, Loss: 0.3125, Train: 93.26%, Valid: 91.79%, Test: 92.80%, Best Valid: 91.84%, Best Test: 92.69%
Epoch: 900, Loss: 0.3042, Train: 93.52%, Valid: 91.87%, Test: 92.86%, Best Valid: 92.01%, Best Test: 92.75%
Run 03:
Highest Train: 93.65
Highest Valid: 92.20
Highest Test: 92.99
Chosen epoch: 981
Final Train: 93.54
Final Test: 92.75
Pre-training MLP for 500 epochs to generate co-occurrence matrix...
MLP pre-training complete. Penalty matrix frozen.
Epoch: 00, Loss: 2.9776, Train: 15.23%, Valid: 14.59%, Test: 15.29%, Best Valid: 14.59%, Best Test: 15.29%
Epoch: 100, Loss: 1.1954, Train: 72.99%, Valid: 72.31%, Test: 72.60%, Best Valid: 72.31%, Best Test: 72.60%
Epoch: 200, Loss: 0.6597, Train: 84.56%, Valid: 84.32%, Test: 84.54%, Best Valid: 84.32%, Best Test: 84.54%
Epoch: 300, Loss: 0.4350, Train: 90.54%, Valid: 89.66%, Test: 90.46%, Best Valid: 89.77%, Best Test: 90.38%
Epoch: 400, Loss: 0.3783, Train: 92.02%, Valid: 90.75%, Test: 91.82%, Best Valid: 90.78%, Best Test: 91.85%
Epoch: 500, Loss: 0.3423, Train: 92.99%, Valid: 91.46%, Test: 92.37%, Best Valid: 91.54%, Best Test: 92.39%
Epoch: 600, Loss: 0.3283, Train: 93.29%, Valid: 91.79%, Test: 92.69%, Best Valid: 91.79%, Best Test: 92.64%
Epoch: 700, Loss: 0.3138, Train: 93.44%, Valid: 91.93%, Test: 92.86%, Best Valid: 92.06%, Best Test: 92.83%
Epoch: 800, Loss: 0.3076, Train: 93.55%, Valid: 92.03%, Test: 93.13%, Best Valid: 92.12%, Best Test: 93.08%
Epoch: 900, Loss: 0.3041, Train: 93.59%, Valid: 92.12%, Test: 93.16%, Best Valid: 92.20%, Best Test: 93.13%
Run 04:
Highest Train: 93.71
Highest Valid: 92.28
Highest Test: 93.21
Chosen epoch: 925
Final Train: 93.61
Final Test: 93.18
Pre-training MLP for 500 epochs to generate co-occurrence matrix...
MLP pre-training complete. Penalty matrix frozen.
Epoch: 00, Loss: 2.9770, Train: 20.17%, Valid: 20.02%, Test: 20.45%, Best Valid: 20.02%, Best Test: 20.45%
Epoch: 100, Loss: 1.2255, Train: 72.23%, Valid: 71.63%, Test: 71.07%, Best Valid: 71.63%, Best Test: 71.07%
Epoch: 200, Loss: 0.6076, Train: 85.28%, Valid: 85.02%, Test: 85.17%, Best Valid: 85.05%, Best Test: 85.14%
Epoch: 300, Loss: 0.4569, Train: 89.82%, Valid: 88.76%, Test: 89.48%, Best Valid: 88.82%, Best Test: 89.37%
Epoch: 400, Loss: 0.3995, Train: 91.22%, Valid: 90.23%, Test: 90.73%, Best Valid: 90.26%, Best Test: 90.68%
Epoch: 500, Loss: 0.3645, Train: 92.18%, Valid: 91.11%, Test: 91.82%, Best Valid: 91.11%, Best Test: 91.82%
Epoch: 600, Loss: 0.3425, Train: 92.75%, Valid: 91.43%, Test: 92.18%, Best Valid: 91.63%, Best Test: 92.07%
Epoch: 700, Loss: 0.3246, Train: 93.16%, Valid: 91.54%, Test: 92.20%, Best Valid: 91.76%, Best Test: 92.09%
Epoch: 800, Loss: 0.3142, Train: 93.42%, Valid: 92.03%, Test: 92.37%, Best Valid: 92.03%, Best Test: 92.28%
Epoch: 900, Loss: 0.3087, Train: 93.63%, Valid: 92.12%, Test: 92.48%, Best Valid: 92.23%, Best Test: 92.48%
Run 05:
Highest Train: 93.74
Highest Valid: 92.28
Highest Test: 92.80
Chosen epoch: 920
Final Train: 93.74
Final Test: 92.67
Pre-training MLP for 500 epochs to generate co-occurrence matrix...
MLP pre-training complete. Penalty matrix frozen.
Epoch: 00, Loss: 2.9846, Train: 7.68%, Valid: 7.26%, Test: 7.72%, Best Valid: 7.26%, Best Test: 7.72%
Epoch: 100, Loss: 1.2500, Train: 71.42%, Valid: 71.11%, Test: 70.50%, Best Valid: 71.11%, Best Test: 70.50%
Epoch: 200, Loss: 0.5563, Train: 87.93%, Valid: 87.53%, Test: 87.79%, Best Valid: 87.53%, Best Test: 87.79%
Epoch: 300, Loss: 0.4438, Train: 89.90%, Valid: 89.09%, Test: 89.59%, Best Valid: 89.09%, Best Test: 89.59%
Epoch: 400, Loss: 0.4020, Train: 90.96%, Valid: 89.80%, Test: 90.49%, Best Valid: 89.85%, Best Test: 90.57%
Epoch: 500, Loss: 0.3783, Train: 91.70%, Valid: 90.43%, Test: 91.14%, Best Valid: 90.43%, Best Test: 91.14%
Epoch: 600, Loss: 0.3565, Train: 92.36%, Valid: 91.05%, Test: 91.88%, Best Valid: 91.11%, Best Test: 92.09%
Epoch: 700, Loss: 0.3376, Train: 92.77%, Valid: 91.27%, Test: 92.20%, Best Valid: 91.35%, Best Test: 92.31%
Epoch: 800, Loss: 0.3221, Train: 93.01%, Valid: 91.35%, Test: 92.34%, Best Valid: 91.57%, Best Test: 92.26%
Epoch: 900, Loss: 0.3181, Train: 93.16%, Valid: 91.46%, Test: 92.45%, Best Valid: 91.71%, Best Test: 92.39%
Run 06:
Highest Train: 93.43
Highest Valid: 91.79
Highest Test: 92.67
Chosen epoch: 989
Final Train: 93.28
Final Test: 92.56
Pre-training MLP for 500 epochs to generate co-occurrence matrix...
MLP pre-training complete. Penalty matrix frozen.
Epoch: 00, Loss: 2.9807, Train: 11.11%, Valid: 10.97%, Test: 11.23%, Best Valid: 10.97%, Best Test: 11.23%
Epoch: 100, Loss: 1.2810, Train: 71.62%, Valid: 71.11%, Test: 70.67%, Best Valid: 71.11%, Best Test: 70.67%
Epoch: 200, Loss: 0.5909, Train: 85.63%, Valid: 85.22%, Test: 85.77%, Best Valid: 85.22%, Best Test: 85.77%
Epoch: 300, Loss: 0.4268, Train: 91.08%, Valid: 89.83%, Test: 90.46%, Best Valid: 89.83%, Best Test: 90.46%
Epoch: 400, Loss: 0.3663, Train: 92.71%, Valid: 91.19%, Test: 91.96%, Best Valid: 91.27%, Best Test: 92.12%
Epoch: 500, Loss: 0.3345, Train: 93.21%, Valid: 91.52%, Test: 92.50%, Best Valid: 91.65%, Best Test: 92.45%
Epoch: 600, Loss: 0.3224, Train: 93.43%, Valid: 91.76%, Test: 92.75%, Best Valid: 91.84%, Best Test: 92.72%
Epoch: 700, Loss: 0.3106, Train: 93.42%, Valid: 91.82%, Test: 92.88%, Best Valid: 92.01%, Best Test: 92.88%
Epoch: 800, Loss: 0.3047, Train: 93.69%, Valid: 91.93%, Test: 92.91%, Best Valid: 92.06%, Best Test: 92.97%
Epoch: 900, Loss: 0.2980, Train: 93.65%, Valid: 92.03%, Test: 92.94%, Best Valid: 92.23%, Best Test: 92.91%
Run 07:
Highest Train: 93.81
Highest Valid: 92.25
Highest Test: 93.02
Chosen epoch: 906
Final Train: 93.71
Final Test: 92.86
Pre-training MLP for 500 epochs to generate co-occurrence matrix...
MLP pre-training complete. Penalty matrix frozen.
Epoch: 00, Loss: 2.9811, Train: 22.05%, Valid: 23.92%, Test: 22.74%, Best Valid: 23.92%, Best Test: 22.74%
Epoch: 100, Loss: 1.2419, Train: 69.99%, Valid: 69.20%, Test: 68.29%, Best Valid: 69.20%, Best Test: 68.29%
Epoch: 200, Loss: 0.6376, Train: 86.57%, Valid: 86.03%, Test: 86.31%, Best Valid: 86.03%, Best Test: 86.31%
Epoch: 300, Loss: 0.4339, Train: 90.54%, Valid: 89.66%, Test: 90.16%, Best Valid: 89.72%, Best Test: 90.24%
Epoch: 400, Loss: 0.3876, Train: 91.82%, Valid: 90.56%, Test: 91.52%, Best Valid: 90.56%, Best Test: 91.49%
Epoch: 500, Loss: 0.3598, Train: 92.29%, Valid: 90.94%, Test: 91.96%, Best Valid: 91.11%, Best Test: 91.96%
Epoch: 600, Loss: 0.3327, Train: 92.86%, Valid: 91.63%, Test: 92.56%, Best Valid: 91.63%, Best Test: 92.53%
Epoch: 700, Loss: 0.3182, Train: 93.33%, Valid: 91.84%, Test: 92.78%, Best Valid: 91.95%, Best Test: 92.67%
Epoch: 800, Loss: 0.3077, Train: 93.53%, Valid: 92.01%, Test: 92.97%, Best Valid: 92.12%, Best Test: 92.97%
Epoch: 900, Loss: 0.3002, Train: 93.60%, Valid: 92.14%, Test: 92.97%, Best Valid: 92.20%, Best Test: 92.97%
Run 08:
Highest Train: 93.78
Highest Valid: 92.28
Highest Test: 93.29
Chosen epoch: 957
Final Train: 93.65
Final Test: 93.13
Pre-training MLP for 500 epochs to generate co-occurrence matrix...
MLP pre-training complete. Penalty matrix frozen.
Epoch: 00, Loss: 2.9724, Train: 12.29%, Valid: 11.97%, Test: 10.96%, Best Valid: 11.97%, Best Test: 10.96%
Epoch: 100, Loss: 1.1796, Train: 72.72%, Valid: 71.47%, Test: 71.92%, Best Valid: 71.47%, Best Test: 71.92%
Epoch: 200, Loss: 0.6654, Train: 84.63%, Valid: 84.10%, Test: 84.51%, Best Valid: 84.10%, Best Test: 84.51%
Epoch: 300, Loss: 0.4521, Train: 90.61%, Valid: 89.61%, Test: 90.16%, Best Valid: 89.63%, Best Test: 89.89%
Epoch: 400, Loss: 0.3845, Train: 91.87%, Valid: 90.64%, Test: 91.55%, Best Valid: 90.78%, Best Test: 91.55%
Epoch: 500, Loss: 0.3550, Train: 92.50%, Valid: 91.24%, Test: 92.01%, Best Valid: 91.27%, Best Test: 92.07%
Epoch: 600, Loss: 0.3382, Train: 92.80%, Valid: 91.52%, Test: 92.39%, Best Valid: 91.54%, Best Test: 92.42%
Epoch: 700, Loss: 0.3278, Train: 93.10%, Valid: 91.71%, Test: 92.53%, Best Valid: 91.84%, Best Test: 92.56%
Epoch: 800, Loss: 0.3169, Train: 93.20%, Valid: 91.84%, Test: 92.83%, Best Valid: 91.95%, Best Test: 92.69%
Epoch: 900, Loss: 0.3081, Train: 93.38%, Valid: 92.01%, Test: 93.08%, Best Valid: 92.12%, Best Test: 92.97%
Run 09:
Highest Train: 93.64
Highest Valid: 92.23
Highest Test: 93.24
Chosen epoch: 987
Final Train: 93.51
Final Test: 93.13
Pre-training MLP for 500 epochs to generate co-occurrence matrix...
MLP pre-training complete. Penalty matrix frozen.
Epoch: 00, Loss: 2.9730, Train: 13.26%, Valid: 13.18%, Test: 11.78%, Best Valid: 13.18%, Best Test: 11.78%
Epoch: 100, Loss: 1.2936, Train: 72.40%, Valid: 71.69%, Test: 70.69%, Best Valid: 71.69%, Best Test: 70.69%
Epoch: 200, Loss: 0.5871, Train: 87.04%, Valid: 86.80%, Test: 87.05%, Best Valid: 86.80%, Best Test: 87.05%
Epoch: 300, Loss: 0.4365, Train: 90.63%, Valid: 89.42%, Test: 90.21%, Best Valid: 89.44%, Best Test: 89.99%
Epoch: 400, Loss: 0.3789, Train: 91.88%, Valid: 90.37%, Test: 91.52%, Best Valid: 90.73%, Best Test: 91.41%
Epoch: 500, Loss: 0.3536, Train: 92.46%, Valid: 91.24%, Test: 92.18%, Best Valid: 91.27%, Best Test: 92.26%
Epoch: 600, Loss: 0.3277, Train: 93.04%, Valid: 91.73%, Test: 93.16%, Best Valid: 91.90%, Best Test: 92.99%
Epoch: 700, Loss: 0.3144, Train: 93.29%, Valid: 91.98%, Test: 93.38%, Best Valid: 92.09%, Best Test: 93.32%
Epoch: 800, Loss: 0.3046, Train: 93.45%, Valid: 92.03%, Test: 93.38%, Best Valid: 92.20%, Best Test: 93.35%
Epoch: 900, Loss: 0.3016, Train: 93.59%, Valid: 92.25%, Test: 93.32%, Best Valid: 92.31%, Best Test: 93.24%
Run 10:
Highest Train: 93.75
Highest Valid: 92.39
Highest Test: 93.51
Chosen epoch: 957
Final Train: 93.72
Final Test: 93.32
All runs:
Highest Train: 93.69 ± 0.11
Highest Test: 93.11 ± 0.25
Highest Valid: 92.21 ± 0.16
  Final Train: 93.59 ± 0.13
   Final Test: 92.97 ± 0.25
Saving results to results_tuned/coauthor-cs/sgformer.csv
--- mlp_reg | transform=none | lambda=0.2 | mlp_epochs=500 ---
Namespace(aggregate='add', alpha=0.5, attention='gcn', beta=-1.0, bn=False, cpu=False, data_dir='../data/', dataset='coauthor-cs', device=0, dim_inner=256, display_step=100, dropout=0.7, epochs=1000, global_dropout=None, global_epochs=0, global_layers=2, gnn='gcn', graph_weight=0.8, hidden_channels=256, hops=10, in_dropout=0.0, jk=False, label_num_per_class=20, lambda_val=0.2, layers=2, ln=False, local_epochs=0, local_gnn_type='GCN', local_layers=7, lr=0.001, metric='acc', mlp_epochs=500, mlp_reg=True, model='sgformer', model_dir='models/gt_reg_s_1108501_28', n_heads=1, num_centroids=4096, num_heads=1, oracle_reg=False, paired_seeds=True, pe_types='RWSE', penalty_transform='none', pre_linear=False, pre_ln=False, rand_split=False, rand_split_class=False, reg_start_epoch=10, reg_update_freq=5, res=False, result_dir='results_tuned', runs=10, save_model=False, save_result=False, seed=42, test_num=1000, tr_dropout=None, tr_layers=1, tr_weight_decay=None, train_prop=0.5, use_act=False, use_bn=False, use_graph=True, use_reg=True, use_residual=True, use_weight=False, valid_num=500, valid_prop=0.25, weight_decay=0.0005)
coauthor-cs
dataset coauthor-cs | num nodes 18333 | num edge 163788 | num node feats 6805 | num classes 15
MODEL: SGFormer(
  (trans_conv): TransConv(
    (convs): ModuleList(
      (0): TransConvLayer(
        (Wk): Linear(in_features=256, out_features=256, bias=True)
        (Wq): Linear(in_features=256, out_features=256, bias=True)
      )
    )
    (fcs): ModuleList(
      (0): Linear(in_features=6805, out_features=256, bias=True)
    )
    (bns): ModuleList(
      (0): LayerNorm((256,), eps=1e-05, elementwise_affine=True)
      (1): LayerNorm((256,), eps=1e-05, elementwise_affine=True)
    )
  )
  (gnn): GCN(
    (convs): ModuleList(
      (0): GCNConv(6805, 256)
      (1): GCNConv(256, 256)
    )
    (bns): ModuleList(
      (0): BatchNorm1d(256, eps=1e-05, momentum=0.1, affine=True, track_running_stats=True)
    )
  )
  (fc): Linear(in_features=256, out_features=15, bias=True)
)
Pre-training MLP for 500 epochs to generate co-occurrence matrix...
MLP pre-training complete. Penalty matrix frozen.
Epoch: 00, Loss: 3.2589, Train: 12.29%, Valid: 11.97%, Test: 10.96%, Best Valid: 11.97%, Best Test: 10.96%
Epoch: 100, Loss: 1.4546, Train: 58.35%, Valid: 58.84%, Test: 57.06%, Best Valid: 58.84%, Best Test: 57.06%
Epoch: 200, Loss: 0.7757, Train: 84.02%, Valid: 83.61%, Test: 83.81%, Best Valid: 83.61%, Best Test: 83.81%
Epoch: 300, Loss: 0.4975, Train: 89.76%, Valid: 89.06%, Test: 89.42%, Best Valid: 89.06%, Best Test: 89.42%
Epoch: 400, Loss: 0.4237, Train: 91.34%, Valid: 90.15%, Test: 91.14%, Best Valid: 90.15%, Best Test: 91.19%
Epoch: 500, Loss: 0.3903, Train: 92.28%, Valid: 90.97%, Test: 92.01%, Best Valid: 91.03%, Best Test: 92.07%
Epoch: 600, Loss: 0.3673, Train: 92.82%, Valid: 91.41%, Test: 92.67%, Best Valid: 91.63%, Best Test: 92.67%
Epoch: 700, Loss: 0.3460, Train: 93.24%, Valid: 91.82%, Test: 92.99%, Best Valid: 91.84%, Best Test: 92.88%
Epoch: 800, Loss: 0.3339, Train: 93.50%, Valid: 91.98%, Test: 92.97%, Best Valid: 92.06%, Best Test: 92.97%
Epoch: 900, Loss: 0.3239, Train: 93.61%, Valid: 92.01%, Test: 93.13%, Best Valid: 92.42%, Best Test: 93.10%
Run 01:
Highest Train: 93.82
Highest Valid: 92.42
Highest Test: 93.21
Chosen epoch: 889
Final Train: 93.56
Final Test: 93.10
Pre-training MLP for 500 epochs to generate co-occurrence matrix...
MLP pre-training complete. Penalty matrix frozen.
Epoch: 00, Loss: 3.2563, Train: 3.88%, Valid: 3.57%, Test: 4.09%, Best Valid: 3.57%, Best Test: 4.09%
Epoch: 100, Loss: 1.4235, Train: 61.47%, Valid: 61.40%, Test: 59.71%, Best Valid: 61.40%, Best Test: 59.71%
Epoch: 200, Loss: 0.6773, Train: 86.91%, Valid: 86.58%, Test: 86.80%, Best Valid: 86.58%, Best Test: 86.80%
Epoch: 300, Loss: 0.4607, Train: 90.34%, Valid: 89.31%, Test: 90.02%, Best Valid: 89.31%, Best Test: 90.13%
Epoch: 400, Loss: 0.4018, Train: 92.04%, Valid: 90.86%, Test: 91.60%, Best Valid: 90.86%, Best Test: 91.60%
Epoch: 500, Loss: 0.3673, Train: 92.98%, Valid: 91.57%, Test: 92.61%, Best Valid: 91.57%, Best Test: 92.39%
Epoch: 600, Loss: 0.3503, Train: 93.33%, Valid: 91.76%, Test: 92.80%, Best Valid: 91.87%, Best Test: 92.78%
Epoch: 700, Loss: 0.3356, Train: 93.48%, Valid: 91.95%, Test: 93.02%, Best Valid: 92.06%, Best Test: 93.02%
Epoch: 800, Loss: 0.3265, Train: 93.56%, Valid: 92.09%, Test: 93.18%, Best Valid: 92.23%, Best Test: 93.02%
Epoch: 900, Loss: 0.3216, Train: 93.66%, Valid: 92.23%, Test: 93.16%, Best Valid: 92.33%, Best Test: 93.05%
Run 02:
Highest Train: 93.75
Highest Valid: 92.44
Highest Test: 93.27
Chosen epoch: 997
Final Train: 93.69
Final Test: 93.13
Pre-training MLP for 500 epochs to generate co-occurrence matrix...
MLP pre-training complete. Penalty matrix frozen.
Epoch: 00, Loss: 3.2375, Train: 22.05%, Valid: 23.92%, Test: 22.74%, Best Valid: 23.92%, Best Test: 22.74%
Epoch: 100, Loss: 1.3530, Train: 69.84%, Valid: 69.12%, Test: 68.40%, Best Valid: 69.12%, Best Test: 68.40%
Epoch: 200, Loss: 0.6353, Train: 87.13%, Valid: 86.93%, Test: 87.08%, Best Valid: 86.93%, Best Test: 86.94%
Epoch: 300, Loss: 0.4639, Train: 90.07%, Valid: 89.12%, Test: 89.94%, Best Valid: 89.23%, Best Test: 89.80%
Epoch: 400, Loss: 0.4132, Train: 91.69%, Valid: 90.53%, Test: 91.38%, Best Valid: 90.64%, Best Test: 91.19%
Epoch: 500, Loss: 0.3775, Train: 92.49%, Valid: 91.57%, Test: 92.28%, Best Valid: 91.57%, Best Test: 92.28%
Epoch: 600, Loss: 0.3572, Train: 93.00%, Valid: 91.65%, Test: 92.45%, Best Valid: 91.71%, Best Test: 92.56%
Epoch: 700, Loss: 0.3421, Train: 93.29%, Valid: 91.82%, Test: 92.80%, Best Valid: 91.82%, Best Test: 92.67%
Epoch: 800, Loss: 0.3327, Train: 93.49%, Valid: 92.01%, Test: 92.88%, Best Valid: 92.01%, Best Test: 92.88%
Epoch: 900, Loss: 0.3235, Train: 93.60%, Valid: 92.03%, Test: 92.91%, Best Valid: 92.12%, Best Test: 92.91%
Run 03:
Highest Train: 93.70
Highest Valid: 92.20
Highest Test: 93.10
Chosen epoch: 968
Final Train: 93.58
Final Test: 92.97
Pre-training MLP for 500 epochs to generate co-occurrence matrix...
MLP pre-training complete. Penalty matrix frozen.
Epoch: 00, Loss: 3.2483, Train: 15.78%, Valid: 14.92%, Test: 15.87%, Best Valid: 14.92%, Best Test: 15.87%
Epoch: 100, Loss: 1.3177, Train: 71.07%, Valid: 70.38%, Test: 70.17%, Best Valid: 70.38%, Best Test: 70.17%
Epoch: 200, Loss: 0.7246, Train: 83.72%, Valid: 83.52%, Test: 84.02%, Best Valid: 83.52%, Best Test: 84.02%
Epoch: 300, Loss: 0.4718, Train: 90.40%, Valid: 89.72%, Test: 90.27%, Best Valid: 89.72%, Best Test: 90.27%
Epoch: 400, Loss: 0.4011, Train: 92.15%, Valid: 90.92%, Test: 91.96%, Best Valid: 90.92%, Best Test: 91.79%
Epoch: 500, Loss: 0.3633, Train: 93.12%, Valid: 91.65%, Test: 92.45%, Best Valid: 91.65%, Best Test: 92.56%
Epoch: 600, Loss: 0.3502, Train: 93.36%, Valid: 91.87%, Test: 92.80%, Best Valid: 91.90%, Best Test: 92.72%
Epoch: 700, Loss: 0.3363, Train: 93.45%, Valid: 92.09%, Test: 93.10%, Best Valid: 92.09%, Best Test: 93.10%
Epoch: 800, Loss: 0.3290, Train: 93.48%, Valid: 92.09%, Test: 93.16%, Best Valid: 92.20%, Best Test: 93.10%
Epoch: 900, Loss: 0.3263, Train: 93.58%, Valid: 92.20%, Test: 93.16%, Best Valid: 92.31%, Best Test: 93.16%
Run 04:
Highest Train: 93.71
Highest Valid: 92.42
Highest Test: 93.24
Chosen epoch: 971
Final Train: 93.65
Final Test: 93.18
Pre-training MLP for 500 epochs to generate co-occurrence matrix...
MLP pre-training complete. Penalty matrix frozen.
Epoch: 00, Loss: 3.2477, Train: 20.26%, Valid: 20.10%, Test: 21.18%, Best Valid: 20.10%, Best Test: 21.18%
Epoch: 100, Loss: 1.3497, Train: 71.04%, Valid: 70.46%, Test: 69.77%, Best Valid: 70.46%, Best Test: 69.77%
Epoch: 200, Loss: 0.6702, Train: 84.73%, Valid: 84.62%, Test: 84.76%, Best Valid: 84.62%, Best Test: 84.76%
Epoch: 300, Loss: 0.4827, Train: 90.23%, Valid: 89.25%, Test: 89.97%, Best Valid: 89.31%, Best Test: 89.61%
Epoch: 400, Loss: 0.4227, Train: 91.26%, Valid: 90.04%, Test: 90.79%, Best Valid: 90.13%, Best Test: 90.68%
Epoch: 500, Loss: 0.3874, Train: 92.34%, Valid: 91.00%, Test: 91.85%, Best Valid: 91.00%, Best Test: 91.88%
Epoch: 600, Loss: 0.3626, Train: 92.95%, Valid: 91.73%, Test: 92.26%, Best Valid: 91.73%, Best Test: 92.26%
Epoch: 700, Loss: 0.3437, Train: 93.27%, Valid: 91.95%, Test: 92.34%, Best Valid: 92.03%, Best Test: 92.34%
Epoch: 800, Loss: 0.3352, Train: 93.56%, Valid: 92.01%, Test: 92.58%, Best Valid: 92.14%, Best Test: 92.56%
Epoch: 900, Loss: 0.3292, Train: 93.68%, Valid: 92.25%, Test: 92.80%, Best Valid: 92.33%, Best Test: 92.69%
Run 05:
Highest Train: 93.81
Highest Valid: 92.42
Highest Test: 93.08
Chosen epoch: 913
Final Train: 93.64
Final Test: 92.94
Pre-training MLP for 500 epochs to generate co-occurrence matrix...
MLP pre-training complete. Penalty matrix frozen.
Epoch: 00, Loss: 3.2560, Train: 7.68%, Valid: 7.26%, Test: 7.72%, Best Valid: 7.26%, Best Test: 7.72%
Epoch: 100, Loss: 1.4038, Train: 68.02%, Valid: 67.95%, Test: 66.77%, Best Valid: 67.95%, Best Test: 66.77%
Epoch: 200, Loss: 0.6221, Train: 87.47%, Valid: 86.88%, Test: 87.46%, Best Valid: 86.91%, Best Test: 87.43%
Epoch: 300, Loss: 0.4811, Train: 89.87%, Valid: 88.79%, Test: 89.48%, Best Valid: 88.84%, Best Test: 89.48%
Epoch: 400, Loss: 0.4315, Train: 90.93%, Valid: 89.83%, Test: 90.46%, Best Valid: 89.83%, Best Test: 90.38%
Epoch: 500, Loss: 0.4055, Train: 91.73%, Valid: 90.32%, Test: 91.14%, Best Valid: 90.37%, Best Test: 91.03%
Epoch: 600, Loss: 0.3805, Train: 92.40%, Valid: 90.94%, Test: 92.01%, Best Valid: 91.11%, Best Test: 91.93%
Epoch: 700, Loss: 0.3576, Train: 92.76%, Valid: 91.27%, Test: 92.26%, Best Valid: 91.43%, Best Test: 92.23%
Epoch: 800, Loss: 0.3424, Train: 93.09%, Valid: 91.52%, Test: 92.50%, Best Valid: 91.68%, Best Test: 92.42%
Epoch: 900, Loss: 0.3392, Train: 93.23%, Valid: 91.68%, Test: 92.69%, Best Valid: 91.76%, Best Test: 92.50%
Run 06:
Highest Train: 93.47
Highest Valid: 91.87
Highest Test: 92.86
Chosen epoch: 988
Final Train: 93.43
Final Test: 92.64
Pre-training MLP for 500 epochs to generate co-occurrence matrix...
MLP pre-training complete. Penalty matrix frozen.
Epoch: 00, Loss: 3.2516, Train: 11.21%, Valid: 11.02%, Test: 11.34%, Best Valid: 11.02%, Best Test: 11.34%
Epoch: 100, Loss: 1.4388, Train: 68.89%, Valid: 68.74%, Test: 67.61%, Best Valid: 68.74%, Best Test: 67.61%
Epoch: 200, Loss: 0.6795, Train: 84.07%, Valid: 83.93%, Test: 84.16%, Best Valid: 83.93%, Best Test: 83.94%
Epoch: 300, Loss: 0.4681, Train: 90.81%, Valid: 89.53%, Test: 90.27%, Best Valid: 89.53%, Best Test: 90.27%
Epoch: 400, Loss: 0.3974, Train: 92.51%, Valid: 91.00%, Test: 91.85%, Best Valid: 91.00%, Best Test: 91.85%
Epoch: 500, Loss: 0.3612, Train: 93.15%, Valid: 91.52%, Test: 92.42%, Best Valid: 91.57%, Best Test: 92.42%
Epoch: 600, Loss: 0.3484, Train: 93.43%, Valid: 91.73%, Test: 92.67%, Best Valid: 91.84%, Best Test: 92.67%
Epoch: 700, Loss: 0.3369, Train: 93.50%, Valid: 91.82%, Test: 92.75%, Best Valid: 91.93%, Best Test: 92.78%
Epoch: 800, Loss: 0.3287, Train: 93.63%, Valid: 91.93%, Test: 92.91%, Best Valid: 92.09%, Best Test: 92.91%
Epoch: 900, Loss: 0.3206, Train: 93.58%, Valid: 92.14%, Test: 92.91%, Best Valid: 92.17%, Best Test: 92.83%
Run 07:
Highest Train: 93.78
Highest Valid: 92.23
Highest Test: 93.02
Chosen epoch: 906
Final Train: 93.67
Final Test: 92.94
Pre-training MLP for 500 epochs to generate co-occurrence matrix...
MLP pre-training complete. Penalty matrix frozen.
Epoch: 00, Loss: 3.2521, Train: 22.05%, Valid: 23.92%, Test: 22.74%, Best Valid: 23.92%, Best Test: 22.74%
Epoch: 100, Loss: 1.3742, Train: 67.52%, Valid: 66.58%, Test: 65.76%, Best Valid: 66.58%, Best Test: 65.76%
Epoch: 200, Loss: 0.7186, Train: 85.39%, Valid: 84.94%, Test: 85.03%, Best Valid: 84.94%, Best Test: 85.03%
Epoch: 300, Loss: 0.4703, Train: 90.48%, Valid: 89.69%, Test: 89.99%, Best Valid: 89.74%, Best Test: 90.02%
Epoch: 400, Loss: 0.4148, Train: 91.71%, Valid: 90.51%, Test: 91.44%, Best Valid: 90.51%, Best Test: 91.47%
Epoch: 500, Loss: 0.3806, Train: 92.56%, Valid: 91.24%, Test: 92.31%, Best Valid: 91.27%, Best Test: 92.28%
Epoch: 600, Loss: 0.3507, Train: 93.11%, Valid: 91.63%, Test: 92.67%, Best Valid: 91.71%, Best Test: 92.61%
Epoch: 700, Loss: 0.3393, Train: 93.41%, Valid: 91.79%, Test: 92.94%, Best Valid: 91.93%, Best Test: 92.72%
Epoch: 800, Loss: 0.3295, Train: 93.55%, Valid: 92.01%, Test: 93.05%, Best Valid: 92.09%, Best Test: 92.97%
Epoch: 900, Loss: 0.3221, Train: 93.61%, Valid: 92.09%, Test: 92.99%, Best Valid: 92.20%, Best Test: 93.08%
Run 08:
Highest Train: 93.76
Highest Valid: 92.31
Highest Test: 93.24
Chosen epoch: 957
Final Train: 93.65
Final Test: 93.21
Pre-training MLP for 500 epochs to generate co-occurrence matrix...
MLP pre-training complete. Penalty matrix frozen.
Epoch: 00, Loss: 3.2426, Train: 12.29%, Valid: 11.97%, Test: 10.96%, Best Valid: 11.97%, Best Test: 10.96%
Epoch: 100, Loss: 1.2761, Train: 72.66%, Valid: 71.28%, Test: 71.56%, Best Valid: 71.28%, Best Test: 71.56%
Epoch: 200, Loss: 0.7252, Train: 84.32%, Valid: 83.74%, Test: 84.05%, Best Valid: 83.74%, Best Test: 84.05%
Epoch: 300, Loss: 0.5025, Train: 89.97%, Valid: 89.12%, Test: 89.42%, Best Valid: 89.28%, Best Test: 89.31%
Epoch: 400, Loss: 0.4161, Train: 91.62%, Valid: 90.56%, Test: 91.55%, Best Valid: 90.64%, Best Test: 91.60%
Epoch: 500, Loss: 0.3800, Train: 92.54%, Valid: 91.19%, Test: 92.15%, Best Valid: 91.24%, Best Test: 92.31%
Epoch: 600, Loss: 0.3571, Train: 92.99%, Valid: 91.60%, Test: 92.48%, Best Valid: 91.60%, Best Test: 92.48%
Epoch: 700, Loss: 0.3408, Train: 93.37%, Valid: 91.76%, Test: 92.69%, Best Valid: 91.90%, Best Test: 92.61%
Epoch: 800, Loss: 0.3310, Train: 93.50%, Valid: 92.03%, Test: 92.80%, Best Valid: 92.17%, Best Test: 92.78%
Epoch: 900, Loss: 0.3233, Train: 93.61%, Valid: 92.12%, Test: 92.80%, Best Valid: 92.28%, Best Test: 92.91%
Run 09:
Highest Train: 93.76
Highest Valid: 92.44
Highest Test: 93.10
Chosen epoch: 945
Final Train: 93.61
Final Test: 92.94
Pre-training MLP for 500 epochs to generate co-occurrence matrix...
MLP pre-training complete. Penalty matrix frozen.
Epoch: 00, Loss: 3.2433, Train: 12.73%, Valid: 12.49%, Test: 11.37%, Best Valid: 12.49%, Best Test: 11.37%
Epoch: 100, Loss: 1.4620, Train: 68.99%, Valid: 67.84%, Test: 66.98%, Best Valid: 67.84%, Best Test: 66.98%
Epoch: 200, Loss: 0.6453, Train: 86.79%, Valid: 86.33%, Test: 86.75%, Best Valid: 86.33%, Best Test: 86.75%
Epoch: 300, Loss: 0.4674, Train: 90.61%, Valid: 89.39%, Test: 90.21%, Best Valid: 89.50%, Best Test: 90.02%
Epoch: 400, Loss: 0.4057, Train: 91.90%, Valid: 90.32%, Test: 91.63%, Best Valid: 90.48%, Best Test: 91.55%
Epoch: 500, Loss: 0.3803, Train: 92.34%, Valid: 90.83%, Test: 92.12%, Best Valid: 91.11%, Best Test: 92.12%
Epoch: 600, Loss: 0.3598, Train: 92.89%, Valid: 91.49%, Test: 92.78%, Best Valid: 91.52%, Best Test: 92.67%
Epoch: 700, Loss: 0.3436, Train: 93.17%, Valid: 91.79%, Test: 93.16%, Best Valid: 91.98%, Best Test: 93.18%
Epoch: 800, Loss: 0.3310, Train: 93.47%, Valid: 91.98%, Test: 93.35%, Best Valid: 92.17%, Best Test: 93.38%
Epoch: 900, Loss: 0.3251, Train: 93.59%, Valid: 92.28%, Test: 93.32%, Best Valid: 92.36%, Best Test: 93.46%
Run 10:
Highest Train: 93.79
Highest Valid: 92.50
Highest Test: 93.54
Chosen epoch: 990
Final Train: 93.73
Final Test: 93.46
All runs:
Highest Train: 93.74 ± 0.10
Highest Test: 93.17 ± 0.18
Highest Valid: 92.32 ± 0.19
  Final Train: 93.62 ± 0.08
   Final Test: 93.05 ± 0.22
Saving results to results_tuned/coauthor-cs/sgformer.csv
--- mlp_reg | transform=none | lambda=0.4 | mlp_epochs=500 ---
Namespace(aggregate='add', alpha=0.5, attention='gcn', beta=-1.0, bn=False, cpu=False, data_dir='../data/', dataset='coauthor-cs', device=0, dim_inner=256, display_step=100, dropout=0.7, epochs=1000, global_dropout=None, global_epochs=0, global_layers=2, gnn='gcn', graph_weight=0.8, hidden_channels=256, hops=10, in_dropout=0.0, jk=False, label_num_per_class=20, lambda_val=0.4, layers=2, ln=False, local_epochs=0, local_gnn_type='GCN', local_layers=7, lr=0.001, metric='acc', mlp_epochs=500, mlp_reg=True, model='sgformer', model_dir='models/gt_reg_s_1108501_28', n_heads=1, num_centroids=4096, num_heads=1, oracle_reg=False, paired_seeds=True, pe_types='RWSE', penalty_transform='none', pre_linear=False, pre_ln=False, rand_split=False, rand_split_class=False, reg_start_epoch=10, reg_update_freq=5, res=False, result_dir='results_tuned', runs=10, save_model=False, save_result=False, seed=42, test_num=1000, tr_dropout=None, tr_layers=1, tr_weight_decay=None, train_prop=0.5, use_act=False, use_bn=False, use_graph=True, use_reg=True, use_residual=True, use_weight=False, valid_num=500, valid_prop=0.25, weight_decay=0.0005)
coauthor-cs
dataset coauthor-cs | num nodes 18333 | num edge 163788 | num node feats 6805 | num classes 15
MODEL: SGFormer(
  (trans_conv): TransConv(
    (convs): ModuleList(
      (0): TransConvLayer(
        (Wk): Linear(in_features=256, out_features=256, bias=True)
        (Wq): Linear(in_features=256, out_features=256, bias=True)
      )
    )
    (fcs): ModuleList(
      (0): Linear(in_features=6805, out_features=256, bias=True)
    )
    (bns): ModuleList(
      (0): LayerNorm((256,), eps=1e-05, elementwise_affine=True)
      (1): LayerNorm((256,), eps=1e-05, elementwise_affine=True)
    )
  )
  (gnn): GCN(
    (convs): ModuleList(
      (0): GCNConv(6805, 256)
      (1): GCNConv(256, 256)
    )
    (bns): ModuleList(
      (0): BatchNorm1d(256, eps=1e-05, momentum=0.1, affine=True, track_running_stats=True)
    )
  )
  (fc): Linear(in_features=256, out_features=15, bias=True)
)
Pre-training MLP for 500 epochs to generate co-occurrence matrix...
MLP pre-training complete. Penalty matrix frozen.
Epoch: 00, Loss: 3.8020, Train: 12.29%, Valid: 11.97%, Test: 10.96%, Best Valid: 11.97%, Best Test: 10.96%
Epoch: 100, Loss: 7.5787, Train: 22.05%, Valid: 23.92%, Test: 22.74%, Best Valid: 29.35%, Best Test: 28.57%
Epoch: 200, Loss: 6.5252, Train: 22.05%, Valid: 23.92%, Test: 22.74%, Best Valid: 29.35%, Best Test: 28.57%
Epoch: 300, Loss: 5.6527, Train: 22.05%, Valid: 23.92%, Test: 22.74%, Best Valid: 29.35%, Best Test: 28.57%
Epoch: 400, Loss: 5.1986, Train: 22.05%, Valid: 23.92%, Test: 22.74%, Best Valid: 29.35%, Best Test: 28.57%
Epoch: 500, Loss: 4.9594, Train: 22.05%, Valid: 23.92%, Test: 22.74%, Best Valid: 29.35%, Best Test: 28.57%
Epoch: 600, Loss: 4.7996, Train: 22.05%, Valid: 23.92%, Test: 22.74%, Best Valid: 29.35%, Best Test: 28.57%
Epoch: 700, Loss: 4.6114, Train: 22.05%, Valid: 23.92%, Test: 22.74%, Best Valid: 29.35%, Best Test: 28.57%
Epoch: 800, Loss: 4.4849, Train: 22.05%, Valid: 23.92%, Test: 22.74%, Best Valid: 29.35%, Best Test: 28.57%
Epoch: 900, Loss: 4.3385, Train: 22.05%, Valid: 23.92%, Test: 22.74%, Best Valid: 29.35%, Best Test: 28.57%
Run 01:
Highest Train: 28.52
Highest Valid: 29.35
Highest Test: 28.57
Chosen epoch: 11
Final Train: 28.52
Final Test: 28.57
Pre-training MLP for 500 epochs to generate co-occurrence matrix...
MLP pre-training complete. Penalty matrix frozen.
Epoch: 00, Loss: 3.7990, Train: 3.88%, Valid: 3.57%, Test: 4.09%, Best Valid: 3.57%, Best Test: 4.09%
Epoch: 100, Loss: 7.5949, Train: 22.05%, Valid: 23.92%, Test: 22.74%, Best Valid: 23.92%, Best Test: 22.76%
Epoch: 200, Loss: 6.3869, Train: 22.05%, Valid: 23.92%, Test: 22.74%, Best Valid: 23.92%, Best Test: 22.76%
Epoch: 300, Loss: 5.4350, Train: 22.05%, Valid: 23.92%, Test: 22.74%, Best Valid: 23.92%, Best Test: 22.76%
Epoch: 400, Loss: 5.1127, Train: 22.05%, Valid: 23.92%, Test: 22.74%, Best Valid: 23.92%, Best Test: 22.76%
Epoch: 500, Loss: 4.9844, Train: 22.05%, Valid: 23.92%, Test: 22.74%, Best Valid: 23.92%, Best Test: 22.76%
Epoch: 600, Loss: 4.8649, Train: 22.05%, Valid: 23.92%, Test: 22.74%, Best Valid: 23.92%, Best Test: 22.76%
Epoch: 700, Loss: 4.7662, Train: 22.05%, Valid: 23.92%, Test: 22.74%, Best Valid: 23.92%, Best Test: 22.76%
Epoch: 800, Loss: 4.6577, Train: 22.05%, Valid: 23.92%, Test: 22.74%, Best Valid: 23.92%, Best Test: 22.76%
Epoch: 900, Loss: 4.5378, Train: 22.05%, Valid: 23.92%, Test: 22.74%, Best Valid: 23.92%, Best Test: 22.76%
Run 02:
Highest Train: 22.05
Highest Valid: 23.92
Highest Test: 22.76
Chosen epoch: 4
Final Train: 22.05
Final Test: 22.76
Pre-training MLP for 500 epochs to generate co-occurrence matrix...
MLP pre-training complete. Penalty matrix frozen.
Epoch: 00, Loss: 3.7771, Train: 22.05%, Valid: 23.92%, Test: 22.74%, Best Valid: 23.92%, Best Test: 22.74%
Epoch: 100, Loss: 7.4617, Train: 22.05%, Valid: 23.92%, Test: 22.74%, Best Valid: 23.92%, Best Test: 22.74%
Epoch: 200, Loss: 6.1656, Train: 22.05%, Valid: 23.92%, Test: 22.74%, Best Valid: 23.92%, Best Test: 22.74%
Epoch: 300, Loss: 5.4673, Train: 22.05%, Valid: 23.92%, Test: 22.74%, Best Valid: 23.92%, Best Test: 22.74%
Epoch: 400, Loss: 5.0967, Train: 22.05%, Valid: 23.92%, Test: 22.74%, Best Valid: 23.92%, Best Test: 22.74%
Epoch: 500, Loss: 4.9126, Train: 22.05%, Valid: 23.92%, Test: 22.74%, Best Valid: 23.92%, Best Test: 22.74%
Epoch: 600, Loss: 4.7484, Train: 22.05%, Valid: 23.92%, Test: 22.74%, Best Valid: 23.92%, Best Test: 22.74%
Epoch: 700, Loss: 4.5956, Train: 22.05%, Valid: 23.92%, Test: 22.74%, Best Valid: 23.92%, Best Test: 22.74%
Epoch: 800, Loss: 4.4459, Train: 22.05%, Valid: 23.92%, Test: 22.74%, Best Valid: 23.92%, Best Test: 22.74%
Epoch: 900, Loss: 4.3184, Train: 22.05%, Valid: 23.92%, Test: 22.74%, Best Valid: 23.92%, Best Test: 22.74%
Run 03:
Highest Train: 22.05
Highest Valid: 23.92
Highest Test: 22.74
Chosen epoch: 0
Final Train: 22.05
Final Test: 22.74
Pre-training MLP for 500 epochs to generate co-occurrence matrix...
MLP pre-training complete. Penalty matrix frozen.
Epoch: 00, Loss: 3.7896, Train: 12.82%, Valid: 12.19%, Test: 12.60%, Best Valid: 12.19%, Best Test: 12.60%
Epoch: 100, Loss: 1.7609, Train: 52.50%, Valid: 52.62%, Test: 52.07%, Best Valid: 52.62%, Best Test: 52.07%
Epoch: 200, Loss: 0.8809, Train: 82.80%, Valid: 82.05%, Test: 82.99%, Best Valid: 82.05%, Best Test: 82.99%
Epoch: 300, Loss: 0.5919, Train: 89.42%, Valid: 88.95%, Test: 89.07%, Best Valid: 88.95%, Best Test: 89.07%
Epoch: 400, Loss: 0.4869, Train: 91.39%, Valid: 90.34%, Test: 91.30%, Best Valid: 90.37%, Best Test: 91.28%
Epoch: 500, Loss: 0.4457, Train: 92.39%, Valid: 91.11%, Test: 92.04%, Best Valid: 91.11%, Best Test: 92.04%
Epoch: 600, Loss: 0.4176, Train: 92.85%, Valid: 91.46%, Test: 92.48%, Best Valid: 91.52%, Best Test: 92.42%
Epoch: 700, Loss: 0.4016, Train: 93.16%, Valid: 91.63%, Test: 92.75%, Best Valid: 91.82%, Best Test: 92.64%
Epoch: 800, Loss: 0.3887, Train: 93.20%, Valid: 91.68%, Test: 92.78%, Best Valid: 91.87%, Best Test: 92.78%
Epoch: 900, Loss: 0.3829, Train: 93.46%, Valid: 91.93%, Test: 92.88%, Best Valid: 91.98%, Best Test: 92.86%
Run 04:
Highest Train: 93.57
Highest Valid: 92.12
Highest Test: 93.05
Chosen epoch: 955
Final Train: 93.48
Final Test: 92.91
Pre-training MLP for 500 epochs to generate co-occurrence matrix...
MLP pre-training complete. Penalty matrix frozen.
Epoch: 00, Loss: 3.7889, Train: 16.72%, Valid: 16.61%, Test: 18.18%, Best Valid: 16.61%, Best Test: 18.18%
Epoch: 100, Loss: 7.5735, Train: 22.05%, Valid: 23.92%, Test: 22.74%, Best Valid: 27.06%, Best Test: 26.36%
Epoch: 200, Loss: 6.3236, Train: 22.05%, Valid: 23.92%, Test: 22.74%, Best Valid: 27.06%, Best Test: 26.36%
Epoch: 300, Loss: 5.4651, Train: 22.05%, Valid: 23.92%, Test: 22.74%, Best Valid: 27.06%, Best Test: 26.36%
Epoch: 400, Loss: 5.1310, Train: 22.05%, Valid: 23.92%, Test: 22.74%, Best Valid: 27.06%, Best Test: 26.36%
Epoch: 500, Loss: 4.9807, Train: 22.05%, Valid: 23.92%, Test: 22.74%, Best Valid: 27.06%, Best Test: 26.36%
Epoch: 600, Loss: 4.8510, Train: 22.05%, Valid: 23.92%, Test: 22.74%, Best Valid: 27.06%, Best Test: 26.36%
Epoch: 700, Loss: 4.7776, Train: 22.05%, Valid: 23.92%, Test: 22.74%, Best Valid: 27.06%, Best Test: 26.36%
Epoch: 800, Loss: 4.6511, Train: 22.05%, Valid: 23.92%, Test: 22.74%, Best Valid: 27.06%, Best Test: 26.36%
Epoch: 900, Loss: 4.5393, Train: 22.05%, Valid: 23.92%, Test: 22.74%, Best Valid: 27.06%, Best Test: 26.36%
Run 05:
Highest Train: 25.08
Highest Valid: 27.06
Highest Test: 26.36
Chosen epoch: 13
Final Train: 25.08
Final Test: 26.36
Pre-training MLP for 500 epochs to generate co-occurrence matrix...
MLP pre-training complete. Penalty matrix frozen.
Epoch: 00, Loss: 3.7986, Train: 7.68%, Valid: 7.26%, Test: 7.72%, Best Valid: 7.26%, Best Test: 7.72%
Epoch: 100, Loss: 1.8620, Train: 47.73%, Valid: 49.07%, Test: 47.87%, Best Valid: 49.07%, Best Test: 47.87%
Epoch: 200, Loss: 0.7546, Train: 86.71%, Valid: 86.61%, Test: 87.08%, Best Valid: 86.61%, Best Test: 87.08%
Epoch: 300, Loss: 0.5500, Train: 90.18%, Valid: 89.58%, Test: 90.08%, Best Valid: 89.58%, Best Test: 90.08%
Epoch: 400, Loss: 0.4815, Train: 91.38%, Valid: 90.29%, Test: 91.28%, Best Valid: 90.32%, Best Test: 91.14%
Epoch: 500, Loss: 0.4490, Train: 91.99%, Valid: 90.92%, Test: 91.74%, Best Valid: 90.92%, Best Test: 91.74%
Epoch: 600, Loss: 0.4222, Train: 92.64%, Valid: 91.33%, Test: 92.31%, Best Valid: 91.43%, Best Test: 92.31%
Epoch: 700, Loss: 0.4008, Train: 92.94%, Valid: 91.52%, Test: 92.42%, Best Valid: 91.76%, Best Test: 92.61%
Epoch: 800, Loss: 0.3896, Train: 93.13%, Valid: 91.73%, Test: 92.64%, Best Valid: 91.82%, Best Test: 92.67%
Epoch: 900, Loss: 0.3855, Train: 93.30%, Valid: 91.82%, Test: 92.86%, Best Valid: 92.01%, Best Test: 92.78%
Run 06:
Highest Train: 93.42
Highest Valid: 92.01
Highest Test: 93.08
Chosen epoch: 855
Final Train: 93.34
Final Test: 92.78
Pre-training MLP for 500 epochs to generate co-occurrence matrix...
MLP pre-training complete. Penalty matrix frozen.
Epoch: 00, Loss: 3.7936, Train: 11.16%, Valid: 11.02%, Test: 11.29%, Best Valid: 11.02%, Best Test: 11.29%
Epoch: 100, Loss: 1.9883, Train: 46.16%, Valid: 47.05%, Test: 46.43%, Best Valid: 47.05%, Best Test: 46.43%
Epoch: 200, Loss: 0.8265, Train: 83.16%, Valid: 83.47%, Test: 83.67%, Best Valid: 83.50%, Best Test: 83.64%
Epoch: 300, Loss: 0.5491, Train: 89.87%, Valid: 89.06%, Test: 89.59%, Best Valid: 89.14%, Best Test: 89.53%
Epoch: 400, Loss: 0.4874, Train: 91.21%, Valid: 90.15%, Test: 90.95%, Best Valid: 90.21%, Best Test: 90.87%
Epoch: 500, Loss: 0.4335, Train: 92.50%, Valid: 91.27%, Test: 92.09%, Best Valid: 91.30%, Best Test: 92.15%
Epoch: 600, Loss: 0.4148, Train: 92.98%, Valid: 91.68%, Test: 92.45%, Best Valid: 91.68%, Best Test: 92.45%
Epoch: 700, Loss: 0.3975, Train: 93.25%, Valid: 91.76%, Test: 92.56%, Best Valid: 91.82%, Best Test: 92.53%
Epoch: 800, Loss: 0.3878, Train: 93.37%, Valid: 91.82%, Test: 92.67%, Best Valid: 92.01%, Best Test: 92.58%
Epoch: 900, Loss: 0.3756, Train: 93.44%, Valid: 92.01%, Test: 92.91%, Best Valid: 92.09%, Best Test: 92.78%
Run 07:
Highest Train: 93.56
Highest Valid: 92.23
Highest Test: 93.10
Chosen epoch: 961
Final Train: 93.53
Final Test: 92.86
Pre-training MLP for 500 epochs to generate co-occurrence matrix...
MLP pre-training complete. Penalty matrix frozen.
Epoch: 00, Loss: 3.7942, Train: 22.05%, Valid: 23.92%, Test: 22.74%, Best Valid: 23.92%, Best Test: 22.74%
Epoch: 100, Loss: 1.8870, Train: 47.91%, Valid: 49.24%, Test: 47.55%, Best Valid: 49.24%, Best Test: 47.55%
Epoch: 200, Loss: 0.8663, Train: 84.63%, Valid: 84.32%, Test: 84.38%, Best Valid: 84.32%, Best Test: 84.30%
Epoch: 300, Loss: 0.5671, Train: 89.70%, Valid: 89.03%, Test: 89.15%, Best Valid: 89.03%, Best Test: 89.15%
Epoch: 400, Loss: 0.4939, Train: 91.14%, Valid: 90.02%, Test: 90.84%, Best Valid: 90.13%, Best Test: 90.54%
Epoch: 500, Loss: 0.4497, Train: 92.31%, Valid: 90.89%, Test: 91.96%, Best Valid: 90.89%, Best Test: 91.82%
Epoch: 600, Loss: 0.4116, Train: 92.92%, Valid: 91.57%, Test: 92.37%, Best Valid: 91.60%, Best Test: 92.31%
Epoch: 700, Loss: 0.3964, Train: 93.19%, Valid: 91.68%, Test: 92.61%, Best Valid: 91.76%, Best Test: 92.64%
Epoch: 800, Loss: 0.3824, Train: 93.31%, Valid: 91.93%, Test: 92.80%, Best Valid: 91.95%, Best Test: 92.75%
Epoch: 900, Loss: 0.3732, Train: 93.44%, Valid: 92.01%, Test: 92.83%, Best Valid: 92.06%, Best Test: 92.94%
Run 08:
Highest Train: 93.56
Highest Valid: 92.14
Highest Test: 93.05
Chosen epoch: 950
Final Train: 93.51
Final Test: 92.94
Pre-training MLP for 500 epochs to generate co-occurrence matrix...
MLP pre-training complete. Penalty matrix frozen.
Epoch: 00, Loss: 3.7830, Train: 12.29%, Valid: 11.97%, Test: 10.96%, Best Valid: 11.97%, Best Test: 10.96%
Epoch: 100, Loss: 1.6989, Train: 49.37%, Valid: 50.79%, Test: 49.40%, Best Valid: 50.79%, Best Test: 49.40%
Epoch: 200, Loss: 0.8872, Train: 83.40%, Valid: 82.65%, Test: 83.12%, Best Valid: 82.79%, Best Test: 83.12%
Epoch: 300, Loss: 0.6736, Train: 87.41%, Valid: 86.91%, Test: 86.83%, Best Valid: 87.02%, Best Test: 86.72%
Epoch: 400, Loss: 0.4971, Train: 91.51%, Valid: 90.48%, Test: 91.11%, Best Valid: 90.64%, Best Test: 91.36%
Epoch: 500, Loss: 0.4349, Train: 92.72%, Valid: 91.35%, Test: 92.45%, Best Valid: 91.41%, Best Test: 92.31%
Epoch: 600, Loss: 0.4000, Train: 93.13%, Valid: 91.90%, Test: 92.72%, Best Valid: 91.90%, Best Test: 92.67%
Epoch: 700, Loss: 0.3864, Train: 93.37%, Valid: 91.95%, Test: 92.91%, Best Valid: 92.20%, Best Test: 92.83%
Epoch: 800, Loss: 0.3775, Train: 93.54%, Valid: 92.25%, Test: 93.02%, Best Valid: 92.28%, Best Test: 92.97%
Epoch: 900, Loss: 0.3685, Train: 93.61%, Valid: 92.28%, Test: 93.02%, Best Valid: 92.36%, Best Test: 92.97%
Run 09:
Highest Train: 93.78
Highest Valid: 92.47
Highest Test: 93.16
Chosen epoch: 951
Final Train: 93.64
Final Test: 93.08
Pre-training MLP for 500 epochs to generate co-occurrence matrix...
MLP pre-training complete. Penalty matrix frozen.
Epoch: 00, Loss: 3.7839, Train: 12.43%, Valid: 12.22%, Test: 11.07%, Best Valid: 12.22%, Best Test: 11.07%
Epoch: 100, Loss: 2.0935, Train: 54.49%, Valid: 54.72%, Test: 54.12%, Best Valid: 54.72%, Best Test: 54.12%
Epoch: 200, Loss: 0.8347, Train: 84.33%, Valid: 84.07%, Test: 84.38%, Best Valid: 84.07%, Best Test: 84.38%
Epoch: 300, Loss: 0.5656, Train: 89.87%, Valid: 88.82%, Test: 89.53%, Best Valid: 88.98%, Best Test: 89.50%
Epoch: 400, Loss: 0.4858, Train: 90.96%, Valid: 89.72%, Test: 90.73%, Best Valid: 89.91%, Best Test: 90.54%
Epoch: 500, Loss: 0.4550, Train: 92.04%, Valid: 90.78%, Test: 91.77%, Best Valid: 90.83%, Best Test: 91.79%
Epoch: 600, Loss: 0.4196, Train: 92.69%, Valid: 91.27%, Test: 92.34%, Best Valid: 91.33%, Best Test: 92.28%
Epoch: 700, Loss: 0.4025, Train: 93.04%, Valid: 91.54%, Test: 92.50%, Best Valid: 91.60%, Best Test: 92.48%
Epoch: 800, Loss: 0.3866, Train: 93.33%, Valid: 91.84%, Test: 92.64%, Best Valid: 91.90%, Best Test: 92.72%
Epoch: 900, Loss: 0.3793, Train: 93.46%, Valid: 91.90%, Test: 92.80%, Best Valid: 92.12%, Best Test: 92.86%
Run 10:
Highest Train: 93.71
Highest Valid: 92.33
Highest Test: 93.13
Chosen epoch: 994
Final Train: 93.62
Final Test: 93.05
All runs:
Highest Train: 65.93 ± 35.77
Highest Test: 65.90 ± 35.15
Highest Valid: 65.76 ± 34.20
  Final Train: 65.88 ± 35.73
   Final Test: 65.80 ± 35.06
Saving results to results_tuned/coauthor-cs/sgformer.csv
Condition sweep completed.
Task 28 done.
