Fri Jul 24 21:57:19 2026       
+-----------------------------------------------------------------------------------------+
| NVIDIA-SMI 580.159.04             Driver Version: 580.159.04     CUDA Version: 13.0     |
+-----------------------------------------+------------------------+----------------------+
| GPU  Name                 Persistence-M | Bus-Id          Disp.A | Volatile Uncorr. ECC |
| Fan  Temp   Perf          Pwr:Usage/Cap |           Memory-Usage | GPU-Util  Compute M. |
|                                         |                        |               MIG M. |
|=========================================+========================+======================|
|   0  NVIDIA A100-SXM4-80GB          On  |   00000000:01:00.0 Off |                   On |
| N/A   45C    P0            179W /  500W |   26680MiB /  81920MiB |     N/A      Default |
|                                         |                        |              Enabled |
+-----------------------------------------+------------------------+----------------------+
|   1  NVIDIA A100-SXM4-80GB          On  |   00000000:41:00.0 Off |                   On |
| N/A   49C    P0            270W /  500W |   33214MiB /  81920MiB |     N/A      Default |
|                                         |                        |              Enabled |
+-----------------------------------------+------------------------+----------------------+
|   2  NVIDIA A100-SXM4-80GB          On  |   00000000:81:00.0 Off |                   On |
| N/A   38C    P0             53W /  500W |     249MiB /  81920MiB |     N/A      Default |
|                                         |                        |              Enabled |
+-----------------------------------------+------------------------+----------------------+
|   3  NVIDIA A100-SXM4-80GB          On  |   00000000:C1:00.0 Off |                   On |
| N/A   27C    P0             49W /  500W |     249MiB /  81920MiB |     N/A      Default |
|                                         |                        |              Enabled |
+-----------------------------------------+------------------------+----------------------+

+-----------------------------------------------------------------------------------------+
| MIG devices:                                                                            |
+------------------+----------------------------------+-----------+-----------------------+
| GPU  GI  CI  MIG |              Shared Memory-Usage |        Vol|        Shared         |
|      ID  ID  Dev |                Shared BAR1-Usage | SM     Unc| CE ENC  DEC  OFA  JPG |
|                  |                                  |        ECC|                       |
|==================+==================================+===========+=======================|
|  0    5   0   0  |              71MiB / 19968MiB    | 28      0 |  2   0    1    0    0 |
|                  |               0MiB / 12271MiB    |           |                       |
+------------------+----------------------------------+-----------+-----------------------+

+-----------------------------------------------------------------------------------------+
| Processes:                                                                              |
|  GPU   GI   CI              PID   Type   Process name                        GPU Memory |
|        ID   ID                                                               Usage      |
|=========================================================================================|
|    1    2    0            39302      C   python                                26422MiB |
|    1    3    0          1585227      C   python                                 6526MiB |
+-----------------------------------------------------------------------------------------+
Reg sweep: polynormer / amazon-photo | group 0
python main.py --model polynormer --dataset amazon-photo --hidden_channels 64 --local_epochs 200 --global_epochs 1000 --lr 0.001 --runs $RUNS --local_layers 7 --global_layers 2 --weight_decay 5e-5 --dropout 0.7 --in_dropout 0.2 --num_heads 8 --save_model --device $DEVICE $EXTRA
==========================================================
Condition sweep: python main.py --model polynormer --dataset amazon-photo --hidden_channels 64 --local_epochs 200 --global_epochs 1000 --lr 0.001 --runs 10 --local_layers 7 --global_layers 2 --weight_decay 5e-5 --dropout 0.7 --in_dropout 0.2 --num_heads 8 --save_model --device 0 --result_dir results_tuned --model_dir models/gt_reg_1108499_20
result_dir=results_tuned transforms=[none] oracle=0 baseline=0
==========================================================
--- mlp_reg | transform=none | lambda=0.01 | mlp_epochs=500 ---
    (already completed — requeue resume, skipping)
--- mlp_reg | transform=none | lambda=0.05 | mlp_epochs=500 ---
Namespace(aggregate='add', alpha=0.5, attention='gcn', beta=-1.0, bn=False, cpu=False, data_dir='../data/', dataset='amazon-photo', device=0, dim_inner=64, display_step=100, dropout=0.7, epochs=500, global_dropout=None, global_epochs=1000, global_layers=2, gnn='gcn', graph_weight=0.8, hidden_channels=64, hops=10, in_dropout=0.2, jk=False, label_num_per_class=20, lambda_val=0.05, layers=1, ln=False, local_epochs=200, local_gnn_type='GCN', local_layers=7, lr=0.001, metric='acc', mlp_epochs=500, mlp_reg=True, model='polynormer', model_dir='models/gt_reg_1108499_20', n_heads=8, num_centroids=4096, num_heads=8, oracle_reg=False, paired_seeds=True, pe_types='RWSE', penalty_transform='none', pre_linear=False, pre_ln=False, rand_split=False, rand_split_class=False, reg_start_epoch=10, reg_update_freq=5, res=False, result_dir='results_tuned', runs=10, save_model=True, save_result=False, seed=42, test_num=1000, tr_dropout=None, tr_layers=1, tr_weight_decay=None, train_prop=0.5, use_act=False, use_bn=False, use_graph=False, use_reg=True, use_residual=False, use_weight=False, valid_num=500, valid_prop=0.25, weight_decay=5e-05)
amazon-photo
dataset amazon-photo | num nodes 7650 | num edge 238162 | num node feats 745 | num classes 8
MODEL: Polynormer(
  (h_lins): ModuleList(
    (0): Linear(in_features=512, out_features=512, bias=True)
    (1): Linear(in_features=512, out_features=512, bias=True)
    (2): Linear(in_features=512, out_features=512, bias=True)
    (3): Linear(in_features=512, out_features=512, bias=True)
    (4): Linear(in_features=512, out_features=512, bias=True)
    (5): Linear(in_features=512, out_features=512, bias=True)
    (6): Linear(in_features=512, out_features=512, bias=True)
  )
  (local_convs): ModuleList(
    (0): GATConv(512, 64, heads=8)
    (1): GATConv(512, 64, heads=8)
    (2): GATConv(512, 64, heads=8)
    (3): GATConv(512, 64, heads=8)
    (4): GATConv(512, 64, heads=8)
    (5): GATConv(512, 64, heads=8)
    (6): GATConv(512, 64, heads=8)
  )
  (lins): ModuleList(
    (0): Linear(in_features=512, out_features=512, bias=True)
    (1): Linear(in_features=512, out_features=512, bias=True)
    (2): Linear(in_features=512, out_features=512, bias=True)
    (3): Linear(in_features=512, out_features=512, bias=True)
    (4): Linear(in_features=512, out_features=512, bias=True)
    (5): Linear(in_features=512, out_features=512, bias=True)
    (6): Linear(in_features=512, out_features=512, bias=True)
  )
  (lns): ModuleList(
    (0): LayerNorm((512,), eps=1e-05, elementwise_affine=True)
    (1): LayerNorm((512,), eps=1e-05, elementwise_affine=True)
    (2): LayerNorm((512,), eps=1e-05, elementwise_affine=True)
    (3): LayerNorm((512,), eps=1e-05, elementwise_affine=True)
    (4): LayerNorm((512,), eps=1e-05, elementwise_affine=True)
    (5): LayerNorm((512,), eps=1e-05, elementwise_affine=True)
    (6): LayerNorm((512,), eps=1e-05, elementwise_affine=True)
  )
  (lin_in): Linear(in_features=745, out_features=512, bias=True)
  (ln): LayerNorm((512,), eps=1e-05, elementwise_affine=True)
  (global_attn): GlobalAttn(
    (h_lins): ModuleList(
      (0): Linear(in_features=512, out_features=512, bias=True)
      (1): Linear(in_features=512, out_features=512, bias=True)
    )
    (k_lins): ModuleList(
      (0): Linear(in_features=512, out_features=512, bias=True)
      (1): Linear(in_features=512, out_features=512, bias=True)
    )
    (v_lins): ModuleList(
      (0): Linear(in_features=512, out_features=512, bias=True)
      (1): Linear(in_features=512, out_features=512, bias=True)
    )
    (lns): ModuleList(
      (0): LayerNorm((512,), eps=1e-05, elementwise_affine=True)
      (1): LayerNorm((512,), eps=1e-05, elementwise_affine=True)
    )
    (lin_out): Linear(in_features=512, out_features=512, bias=True)
  )
  (pred_local): Linear(in_features=512, out_features=8, bias=True)
  (pred_global): Linear(in_features=512, out_features=8, bias=True)
)
Pre-training MLP for 500 epochs to generate co-occurrence matrix...
MLP pre-training complete. Penalty matrix frozen.
Epoch: 00, Loss: 2.5864, Train: 22.18%, Valid: 21.63%, Test: 22.29%, Best Valid: 21.63%, Best Test: 22.29%
Epoch: 100, Loss: 0.9088, Train: 61.68%, Valid: 61.18%, Test: 61.90%, Best Valid: 71.96%, Best Test: 76.27%
Switching Polynormer to global attention phase.
Epoch: 200, Loss: 2.2215, Train: 24.95%, Valid: 26.47%, Test: 25.56%, Best Valid: 92.16%, Best Test: 93.99%
Epoch: 300, Loss: 0.2167, Train: 94.40%, Valid: 92.16%, Test: 93.86%, Best Valid: 93.27%, Best Test: 94.97%
Epoch: 400, Loss: 0.1472, Train: 96.03%, Valid: 92.75%, Test: 94.97%, Best Valid: 93.79%, Best Test: 96.08%
Epoch: 500, Loss: 0.1246, Train: 97.47%, Valid: 93.33%, Test: 95.82%, Best Valid: 93.79%, Best Test: 96.08%
Epoch: 600, Loss: 0.0909, Train: 98.08%, Valid: 93.86%, Test: 95.88%, Best Valid: 94.84%, Best Test: 96.60%
Epoch: 700, Loss: 0.0897, Train: 98.80%, Valid: 94.64%, Test: 96.08%, Best Valid: 95.23%, Best Test: 96.34%
Epoch: 800, Loss: 0.0567, Train: 98.89%, Valid: 94.25%, Test: 95.49%, Best Valid: 95.23%, Best Test: 96.34%
Epoch: 900, Loss: 0.0578, Train: 99.19%, Valid: 94.51%, Test: 96.14%, Best Valid: 95.23%, Best Test: 96.34%
Epoch: 1000, Loss: 0.0509, Train: 99.69%, Valid: 95.10%, Test: 96.08%, Best Valid: 95.29%, Best Test: 96.21%
Epoch: 1100, Loss: 0.0375, Train: 99.65%, Valid: 94.64%, Test: 95.88%, Best Valid: 95.29%, Best Test: 96.21%
Run 01:
Highest Train: 99.80
Highest Valid: 95.29
Highest Test: 96.60
Chosen epoch: 999
Final Train: 99.67
Final Test: 96.21
Pre-training MLP for 500 epochs to generate co-occurrence matrix...
MLP pre-training complete. Penalty matrix frozen.
Epoch: 00, Loss: 2.5341, Train: 24.95%, Valid: 26.47%, Test: 25.56%, Best Valid: 26.47%, Best Test: 25.56%
Epoch: 100, Loss: 0.5829, Train: 82.40%, Valid: 82.22%, Test: 83.20%, Best Valid: 83.99%, Best Test: 83.99%
Switching Polynormer to global attention phase.
Epoch: 200, Loss: 2.1834, Train: 24.95%, Valid: 26.47%, Test: 25.56%, Best Valid: 93.46%, Best Test: 95.03%
Epoch: 300, Loss: 0.1958, Train: 94.12%, Valid: 92.29%, Test: 93.59%, Best Valid: 94.51%, Best Test: 94.84%
Epoch: 400, Loss: 0.1610, Train: 96.86%, Valid: 93.99%, Test: 95.23%, Best Valid: 94.84%, Best Test: 95.82%
Epoch: 500, Loss: 0.1171, Train: 97.60%, Valid: 94.12%, Test: 95.95%, Best Valid: 95.23%, Best Test: 96.41%
Epoch: 600, Loss: 0.0996, Train: 98.21%, Valid: 94.77%, Test: 96.14%, Best Valid: 95.23%, Best Test: 96.41%
Epoch: 700, Loss: 0.0709, Train: 98.43%, Valid: 93.86%, Test: 95.88%, Best Valid: 95.23%, Best Test: 96.41%
Epoch: 800, Loss: 0.0613, Train: 98.91%, Valid: 94.90%, Test: 96.08%, Best Valid: 95.23%, Best Test: 96.41%
Epoch: 900, Loss: 0.0575, Train: 98.93%, Valid: 94.44%, Test: 95.69%, Best Valid: 95.23%, Best Test: 96.41%
Epoch: 1000, Loss: 0.0424, Train: 98.93%, Valid: 94.51%, Test: 95.42%, Best Valid: 95.23%, Best Test: 96.41%
Epoch: 1100, Loss: 0.0400, Train: 99.43%, Valid: 94.71%, Test: 96.08%, Best Valid: 95.36%, Best Test: 96.34%
Run 02:
Highest Train: 99.56
Highest Valid: 95.36
Highest Test: 96.73
Chosen epoch: 1083
Final Train: 99.56
Final Test: 96.34
Pre-training MLP for 500 epochs to generate co-occurrence matrix...
MLP pre-training complete. Penalty matrix frozen.
Epoch: 00, Loss: 2.5245, Train: 24.95%, Valid: 26.47%, Test: 25.56%, Best Valid: 26.47%, Best Test: 25.56%
Epoch: 100, Loss: 0.9798, Train: 68.74%, Valid: 67.91%, Test: 69.67%, Best Valid: 74.84%, Best Test: 76.80%
Switching Polynormer to global attention phase.
Epoch: 200, Loss: 2.1834, Train: 24.95%, Valid: 26.47%, Test: 25.56%, Best Valid: 92.81%, Best Test: 94.51%
Epoch: 300, Loss: 0.2245, Train: 95.36%, Valid: 93.73%, Test: 95.23%, Best Valid: 94.05%, Best Test: 95.69%
Epoch: 400, Loss: 0.1540, Train: 97.10%, Valid: 93.46%, Test: 95.82%, Best Valid: 94.44%, Best Test: 96.01%
Epoch: 500, Loss: 0.1183, Train: 97.71%, Valid: 93.86%, Test: 95.88%, Best Valid: 94.58%, Best Test: 96.67%
Epoch: 600, Loss: 0.0896, Train: 98.39%, Valid: 93.99%, Test: 96.08%, Best Valid: 95.23%, Best Test: 96.67%
Epoch: 700, Loss: 0.0690, Train: 98.41%, Valid: 93.53%, Test: 95.42%, Best Valid: 95.36%, Best Test: 96.27%
Epoch: 800, Loss: 0.0618, Train: 99.13%, Valid: 94.84%, Test: 96.14%, Best Valid: 95.36%, Best Test: 96.27%
Epoch: 900, Loss: 0.0494, Train: 99.08%, Valid: 94.31%, Test: 95.95%, Best Valid: 95.36%, Best Test: 96.27%
Epoch: 1000, Loss: 0.0457, Train: 99.02%, Valid: 94.64%, Test: 95.88%, Best Valid: 95.42%, Best Test: 96.47%
Epoch: 1100, Loss: 0.0509, Train: 99.30%, Valid: 94.90%, Test: 96.34%, Best Valid: 95.42%, Best Test: 96.47%
Run 03:
Highest Train: 99.63
Highest Valid: 95.42
Highest Test: 96.73
Chosen epoch: 986
Final Train: 99.61
Final Test: 96.47
Pre-training MLP for 500 epochs to generate co-occurrence matrix...
MLP pre-training complete. Penalty matrix frozen.
Epoch: 00, Loss: 2.6118, Train: 22.11%, Valid: 21.57%, Test: 22.29%, Best Valid: 21.57%, Best Test: 22.29%
Epoch: 100, Loss: 0.7578, Train: 83.05%, Valid: 81.37%, Test: 83.79%, Best Valid: 81.37%, Best Test: 84.25%
Switching Polynormer to global attention phase.
Epoch: 200, Loss: 2.1834, Train: 24.95%, Valid: 26.47%, Test: 25.56%, Best Valid: 93.07%, Best Test: 94.71%
Epoch: 300, Loss: 1.1343, Train: 59.02%, Valid: 57.32%, Test: 59.48%, Best Valid: 93.07%, Best Test: 94.71%
Epoch: 400, Loss: 0.5871, Train: 74.53%, Valid: 73.92%, Test: 77.52%, Best Valid: 93.07%, Best Test: 94.71%
Epoch: 500, Loss: 0.3349, Train: 90.13%, Valid: 87.97%, Test: 89.93%, Best Valid: 93.07%, Best Test: 94.71%
Epoch: 600, Loss: 0.2389, Train: 94.03%, Valid: 92.03%, Test: 93.53%, Best Valid: 93.07%, Best Test: 94.71%
Epoch: 700, Loss: 0.1985, Train: 95.84%, Valid: 93.66%, Test: 95.10%, Best Valid: 94.12%, Best Test: 95.29%
Epoch: 800, Loss: 2.0338, Train: 24.95%, Valid: 26.47%, Test: 25.56%, Best Valid: 94.12%, Best Test: 95.29%
Epoch: 900, Loss: 1.9427, Train: 22.66%, Valid: 21.83%, Test: 22.48%, Best Valid: 94.12%, Best Test: 95.29%
Epoch: 1000, Loss: 1.0290, Train: 66.21%, Valid: 64.44%, Test: 66.41%, Best Valid: 94.12%, Best Test: 95.29%
Epoch: 1100, Loss: 0.4908, Train: 91.24%, Valid: 88.37%, Test: 90.72%, Best Valid: 94.12%, Best Test: 95.29%
Run 04:
Highest Train: 96.69
Highest Valid: 94.12
Highest Test: 95.69
Chosen epoch: 691
Final Train: 96.49
Final Test: 95.29
Pre-training MLP for 500 epochs to generate co-occurrence matrix...
MLP pre-training complete. Penalty matrix frozen.
Epoch: 00, Loss: 2.5994, Train: 22.14%, Valid: 21.70%, Test: 22.29%, Best Valid: 21.70%, Best Test: 22.29%
Epoch: 100, Loss: 0.7006, Train: 76.47%, Valid: 74.97%, Test: 76.99%, Best Valid: 75.36%, Best Test: 79.22%
Switching Polynormer to global attention phase.
Epoch: 200, Loss: 2.1834, Train: 24.95%, Valid: 26.47%, Test: 25.56%, Best Valid: 93.53%, Best Test: 95.10%
Epoch: 300, Loss: 2.0258, Train: 22.11%, Valid: 21.57%, Test: 22.29%, Best Valid: 93.53%, Best Test: 95.10%
Epoch: 400, Loss: 1.3709, Train: 41.44%, Valid: 41.11%, Test: 41.57%, Best Valid: 93.53%, Best Test: 95.10%
Epoch: 500, Loss: 0.4657, Train: 87.78%, Valid: 86.93%, Test: 88.04%, Best Valid: 93.53%, Best Test: 95.10%
Epoch: 600, Loss: 0.2410, Train: 95.42%, Valid: 93.27%, Test: 94.44%, Best Valid: 93.99%, Best Test: 94.90%
Epoch: 700, Loss: 0.1774, Train: 96.95%, Valid: 93.73%, Test: 95.49%, Best Valid: 95.10%, Best Test: 96.21%
Epoch: 800, Loss: 0.1206, Train: 97.89%, Valid: 94.97%, Test: 96.60%, Best Valid: 95.16%, Best Test: 96.47%
Epoch: 900, Loss: 0.1105, Train: 98.28%, Valid: 94.71%, Test: 96.34%, Best Valid: 95.29%, Best Test: 96.21%
Epoch: 1000, Loss: 0.0802, Train: 98.85%, Valid: 94.84%, Test: 96.60%, Best Valid: 95.42%, Best Test: 96.60%
Epoch: 1100, Loss: 0.0682, Train: 99.19%, Valid: 95.10%, Test: 95.95%, Best Valid: 95.42%, Best Test: 96.60%
Run 05:
Highest Train: 99.52
Highest Valid: 95.42
Highest Test: 96.86
Chosen epoch: 968
Final Train: 98.71
Final Test: 96.60
Pre-training MLP for 500 epochs to generate co-occurrence matrix...
MLP pre-training complete. Penalty matrix frozen.
Epoch: 00, Loss: 2.5797, Train: 24.95%, Valid: 26.47%, Test: 25.56%, Best Valid: 26.47%, Best Test: 25.56%
Epoch: 100, Loss: 0.5701, Train: 83.18%, Valid: 81.18%, Test: 83.99%, Best Valid: 83.53%, Best Test: 85.03%
Switching Polynormer to global attention phase.
Epoch: 200, Loss: 2.1834, Train: 24.95%, Valid: 26.47%, Test: 25.56%, Best Valid: 93.92%, Best Test: 94.97%
Epoch: 300, Loss: 0.9756, Train: 67.23%, Valid: 65.56%, Test: 68.50%, Best Valid: 93.92%, Best Test: 94.97%
Epoch: 400, Loss: 0.3419, Train: 84.29%, Valid: 83.14%, Test: 84.31%, Best Valid: 93.92%, Best Test: 94.97%
Epoch: 500, Loss: 0.2301, Train: 94.07%, Valid: 91.76%, Test: 93.46%, Best Valid: 93.92%, Best Test: 94.97%
Epoch: 600, Loss: 0.1669, Train: 95.51%, Valid: 92.55%, Test: 93.86%, Best Valid: 94.51%, Best Test: 95.69%
Epoch: 700, Loss: 0.1494, Train: 96.86%, Valid: 93.79%, Test: 95.62%, Best Valid: 94.51%, Best Test: 95.69%
Epoch: 800, Loss: 0.1213, Train: 97.41%, Valid: 94.05%, Test: 95.88%, Best Valid: 94.64%, Best Test: 95.95%
Epoch: 900, Loss: 0.1069, Train: 98.32%, Valid: 94.77%, Test: 96.47%, Best Valid: 94.77%, Best Test: 96.47%
Epoch: 1000, Loss: 0.0844, Train: 98.47%, Valid: 94.25%, Test: 95.82%, Best Valid: 94.97%, Best Test: 96.34%
Epoch: 1100, Loss: 0.0702, Train: 98.06%, Valid: 93.33%, Test: 95.23%, Best Valid: 94.97%, Best Test: 96.34%
Run 06:
Highest Train: 99.15
Highest Valid: 94.97
Highest Test: 96.47
Chosen epoch: 901
Final Train: 98.32
Final Test: 96.34
Pre-training MLP for 500 epochs to generate co-occurrence matrix...
MLP pre-training complete. Penalty matrix frozen.
Epoch: 00, Loss: 2.7953, Train: 24.95%, Valid: 26.47%, Test: 25.56%, Best Valid: 26.47%, Best Test: 25.56%
Epoch: 100, Loss: 0.5281, Train: 82.66%, Valid: 82.03%, Test: 83.20%, Best Valid: 86.93%, Best Test: 87.91%
Switching Polynormer to global attention phase.
Epoch: 200, Loss: 2.1834, Train: 22.11%, Valid: 21.57%, Test: 22.29%, Best Valid: 93.07%, Best Test: 94.38%
Epoch: 300, Loss: 0.2365, Train: 95.82%, Valid: 93.79%, Test: 95.49%, Best Valid: 93.86%, Best Test: 95.29%
Epoch: 400, Loss: 0.1620, Train: 97.17%, Valid: 94.31%, Test: 95.88%, Best Valid: 94.84%, Best Test: 96.01%
Epoch: 500, Loss: 0.1365, Train: 97.49%, Valid: 93.66%, Test: 95.69%, Best Valid: 94.84%, Best Test: 96.01%
Epoch: 600, Loss: 0.1083, Train: 98.21%, Valid: 95.10%, Test: 96.34%, Best Valid: 95.10%, Best Test: 96.34%
Epoch: 700, Loss: 0.0806, Train: 98.80%, Valid: 94.71%, Test: 95.82%, Best Valid: 95.36%, Best Test: 96.21%
Epoch: 800, Loss: 0.0708, Train: 99.22%, Valid: 95.36%, Test: 96.21%, Best Valid: 95.36%, Best Test: 96.21%
Epoch: 900, Loss: 0.0579, Train: 99.28%, Valid: 94.84%, Test: 96.27%, Best Valid: 95.42%, Best Test: 96.14%
Epoch: 1000, Loss: 0.0496, Train: 99.43%, Valid: 94.90%, Test: 96.47%, Best Valid: 95.42%, Best Test: 96.14%
Epoch: 1100, Loss: 0.0446, Train: 99.50%, Valid: 94.64%, Test: 96.21%, Best Valid: 95.42%, Best Test: 96.14%
Run 07:
Highest Train: 99.67
Highest Valid: 95.42
Highest Test: 96.60
Chosen epoch: 851
Final Train: 99.24
Final Test: 96.14
Pre-training MLP for 500 epochs to generate co-occurrence matrix...
MLP pre-training complete. Penalty matrix frozen.
Epoch: 00, Loss: 2.6443, Train: 24.95%, Valid: 26.47%, Test: 25.56%, Best Valid: 26.47%, Best Test: 25.56%
Epoch: 100, Loss: 0.7538, Train: 80.20%, Valid: 78.24%, Test: 79.93%, Best Valid: 78.24%, Best Test: 79.93%
Switching Polynormer to global attention phase.
Epoch: 200, Loss: 2.1834, Train: 24.95%, Valid: 26.47%, Test: 25.56%, Best Valid: 91.05%, Best Test: 92.35%
Epoch: 300, Loss: 0.3646, Train: 87.21%, Valid: 85.75%, Test: 87.97%, Best Valid: 91.05%, Best Test: 92.35%
Epoch: 400, Loss: 0.1861, Train: 96.86%, Valid: 94.44%, Test: 96.14%, Best Valid: 94.64%, Best Test: 96.01%
Epoch: 500, Loss: 0.1294, Train: 97.91%, Valid: 94.77%, Test: 96.80%, Best Valid: 95.23%, Best Test: 96.73%
Epoch: 600, Loss: 0.1018, Train: 98.52%, Valid: 94.90%, Test: 96.99%, Best Valid: 95.36%, Best Test: 96.93%
Epoch: 700, Loss: 0.0860, Train: 98.71%, Valid: 95.36%, Test: 96.86%, Best Valid: 95.36%, Best Test: 96.93%
Epoch: 800, Loss: 0.0898, Train: 99.13%, Valid: 94.58%, Test: 96.34%, Best Valid: 95.49%, Best Test: 96.60%
Epoch: 900, Loss: 0.0643, Train: 99.32%, Valid: 95.10%, Test: 96.54%, Best Valid: 95.49%, Best Test: 96.60%
Epoch: 1000, Loss: 0.0505, Train: 99.54%, Valid: 94.71%, Test: 96.08%, Best Valid: 95.49%, Best Test: 96.60%
Epoch: 1100, Loss: 0.0460, Train: 99.61%, Valid: 94.58%, Test: 96.01%, Best Valid: 95.49%, Best Test: 96.60%
Run 08:
Highest Train: 99.76
Highest Valid: 95.49
Highest Test: 97.32
Chosen epoch: 754
Final Train: 99.11
Final Test: 96.60
Pre-training MLP for 500 epochs to generate co-occurrence matrix...
MLP pre-training complete. Penalty matrix frozen.
Epoch: 00, Loss: 2.6370, Train: 24.95%, Valid: 26.47%, Test: 25.56%, Best Valid: 26.47%, Best Test: 25.56%
Epoch: 100, Loss: 0.5761, Train: 84.49%, Valid: 83.53%, Test: 84.25%, Best Valid: 84.90%, Best Test: 85.10%
Switching Polynormer to global attention phase.
Epoch: 200, Loss: 2.1834, Train: 24.95%, Valid: 26.47%, Test: 25.56%, Best Valid: 93.46%, Best Test: 95.23%
Epoch: 300, Loss: 0.2055, Train: 96.38%, Valid: 93.46%, Test: 95.36%, Best Valid: 93.53%, Best Test: 95.29%
Epoch: 400, Loss: 0.1458, Train: 97.67%, Valid: 94.58%, Test: 96.27%, Best Valid: 94.64%, Best Test: 96.14%
Epoch: 500, Loss: 0.1135, Train: 98.21%, Valid: 94.12%, Test: 96.14%, Best Valid: 95.10%, Best Test: 96.41%
Epoch: 600, Loss: 0.0860, Train: 98.41%, Valid: 93.86%, Test: 96.14%, Best Valid: 95.29%, Best Test: 96.21%
Epoch: 700, Loss: 0.0792, Train: 98.87%, Valid: 94.64%, Test: 96.01%, Best Valid: 95.36%, Best Test: 96.54%
Epoch: 800, Loss: 0.0634, Train: 99.24%, Valid: 94.97%, Test: 95.95%, Best Valid: 95.36%, Best Test: 96.54%
Epoch: 900, Loss: 0.0555, Train: 99.39%, Valid: 95.16%, Test: 96.47%, Best Valid: 95.56%, Best Test: 96.41%
Epoch: 1000, Loss: 0.0487, Train: 99.46%, Valid: 94.77%, Test: 96.34%, Best Valid: 95.56%, Best Test: 96.41%
Epoch: 1100, Loss: 0.0378, Train: 99.56%, Valid: 94.71%, Test: 96.21%, Best Valid: 95.56%, Best Test: 96.41%
Run 09:
Highest Train: 99.76
Highest Valid: 95.56
Highest Test: 96.86
Chosen epoch: 822
Final Train: 99.19
Final Test: 96.41
Pre-training MLP for 500 epochs to generate co-occurrence matrix...
MLP pre-training complete. Penalty matrix frozen.
Epoch: 00, Loss: 2.5405, Train: 24.95%, Valid: 26.47%, Test: 25.56%, Best Valid: 26.47%, Best Test: 25.56%
Epoch: 100, Loss: 0.5626, Train: 84.01%, Valid: 83.46%, Test: 84.77%, Best Valid: 83.46%, Best Test: 84.77%
Switching Polynormer to global attention phase.
Epoch: 200, Loss: 2.1834, Train: 24.95%, Valid: 26.47%, Test: 25.56%, Best Valid: 93.46%, Best Test: 95.29%
Epoch: 300, Loss: 0.6867, Train: 69.08%, Valid: 67.65%, Test: 70.00%, Best Valid: 93.46%, Best Test: 95.29%
Epoch: 400, Loss: 0.2476, Train: 94.64%, Valid: 92.48%, Test: 94.31%, Best Valid: 93.79%, Best Test: 95.23%
Epoch: 500, Loss: 0.1654, Train: 96.54%, Valid: 93.99%, Test: 95.42%, Best Valid: 94.18%, Best Test: 95.49%
Epoch: 600, Loss: 0.1401, Train: 97.58%, Valid: 94.05%, Test: 96.21%, Best Valid: 94.84%, Best Test: 96.34%
Epoch: 700, Loss: 0.1099, Train: 98.32%, Valid: 94.84%, Test: 96.60%, Best Valid: 94.97%, Best Test: 96.86%
Epoch: 800, Loss: 0.0863, Train: 98.17%, Valid: 94.31%, Test: 96.01%, Best Valid: 95.49%, Best Test: 96.73%
Epoch: 900, Loss: 0.0869, Train: 98.80%, Valid: 94.97%, Test: 96.34%, Best Valid: 95.56%, Best Test: 96.80%
Epoch: 1000, Loss: 0.0711, Train: 99.06%, Valid: 95.29%, Test: 96.67%, Best Valid: 95.56%, Best Test: 96.80%
Epoch: 1100, Loss: 0.0511, Train: 99.32%, Valid: 94.84%, Test: 96.34%, Best Valid: 95.56%, Best Test: 96.80%
Run 10:
Highest Train: 99.72
Highest Valid: 95.56
Highest Test: 96.99
Chosen epoch: 828
Final Train: 98.82
Final Test: 96.80
All runs:
Highest Train: 99.33 ± 0.95
Highest Test: 96.69 ± 0.42
Highest Valid: 95.26 ± 0.44
  Final Train: 98.87 ± 0.94
   Final Test: 96.32 ± 0.41
Saving results to results_tuned/amazon-photo/polynormer.csv
--- mlp_reg | transform=none | lambda=0.1 | mlp_epochs=500 ---
Namespace(aggregate='add', alpha=0.5, attention='gcn', beta=-1.0, bn=False, cpu=False, data_dir='../data/', dataset='amazon-photo', device=0, dim_inner=64, display_step=100, dropout=0.7, epochs=500, global_dropout=None, global_epochs=1000, global_layers=2, gnn='gcn', graph_weight=0.8, hidden_channels=64, hops=10, in_dropout=0.2, jk=False, label_num_per_class=20, lambda_val=0.1, layers=1, ln=False, local_epochs=200, local_gnn_type='GCN', local_layers=7, lr=0.001, metric='acc', mlp_epochs=500, mlp_reg=True, model='polynormer', model_dir='models/gt_reg_1108499_20', n_heads=8, num_centroids=4096, num_heads=8, oracle_reg=False, paired_seeds=True, pe_types='RWSE', penalty_transform='none', pre_linear=False, pre_ln=False, rand_split=False, rand_split_class=False, reg_start_epoch=10, reg_update_freq=5, res=False, result_dir='results_tuned', runs=10, save_model=True, save_result=False, seed=42, test_num=1000, tr_dropout=None, tr_layers=1, tr_weight_decay=None, train_prop=0.5, use_act=False, use_bn=False, use_graph=False, use_reg=True, use_residual=False, use_weight=False, valid_num=500, valid_prop=0.25, weight_decay=5e-05)
amazon-photo
dataset amazon-photo | num nodes 7650 | num edge 238162 | num node feats 745 | num classes 8
MODEL: Polynormer(
  (h_lins): ModuleList(
    (0): Linear(in_features=512, out_features=512, bias=True)
    (1): Linear(in_features=512, out_features=512, bias=True)
    (2): Linear(in_features=512, out_features=512, bias=True)
    (3): Linear(in_features=512, out_features=512, bias=True)
    (4): Linear(in_features=512, out_features=512, bias=True)
    (5): Linear(in_features=512, out_features=512, bias=True)
    (6): Linear(in_features=512, out_features=512, bias=True)
  )
  (local_convs): ModuleList(
    (0): GATConv(512, 64, heads=8)
    (1): GATConv(512, 64, heads=8)
    (2): GATConv(512, 64, heads=8)
    (3): GATConv(512, 64, heads=8)
    (4): GATConv(512, 64, heads=8)
    (5): GATConv(512, 64, heads=8)
    (6): GATConv(512, 64, heads=8)
  )
  (lins): ModuleList(
    (0): Linear(in_features=512, out_features=512, bias=True)
    (1): Linear(in_features=512, out_features=512, bias=True)
    (2): Linear(in_features=512, out_features=512, bias=True)
    (3): Linear(in_features=512, out_features=512, bias=True)
    (4): Linear(in_features=512, out_features=512, bias=True)
    (5): Linear(in_features=512, out_features=512, bias=True)
    (6): Linear(in_features=512, out_features=512, bias=True)
  )
  (lns): ModuleList(
    (0): LayerNorm((512,), eps=1e-05, elementwise_affine=True)
    (1): LayerNorm((512,), eps=1e-05, elementwise_affine=True)
    (2): LayerNorm((512,), eps=1e-05, elementwise_affine=True)
    (3): LayerNorm((512,), eps=1e-05, elementwise_affine=True)
    (4): LayerNorm((512,), eps=1e-05, elementwise_affine=True)
    (5): LayerNorm((512,), eps=1e-05, elementwise_affine=True)
    (6): LayerNorm((512,), eps=1e-05, elementwise_affine=True)
  )
  (lin_in): Linear(in_features=745, out_features=512, bias=True)
  (ln): LayerNorm((512,), eps=1e-05, elementwise_affine=True)
  (global_attn): GlobalAttn(
    (h_lins): ModuleList(
      (0): Linear(in_features=512, out_features=512, bias=True)
      (1): Linear(in_features=512, out_features=512, bias=True)
    )
    (k_lins): ModuleList(
      (0): Linear(in_features=512, out_features=512, bias=True)
      (1): Linear(in_features=512, out_features=512, bias=True)
    )
    (v_lins): ModuleList(
      (0): Linear(in_features=512, out_features=512, bias=True)
      (1): Linear(in_features=512, out_features=512, bias=True)
    )
    (lns): ModuleList(
      (0): LayerNorm((512,), eps=1e-05, elementwise_affine=True)
      (1): LayerNorm((512,), eps=1e-05, elementwise_affine=True)
    )
    (lin_out): Linear(in_features=512, out_features=512, bias=True)
  )
  (pred_local): Linear(in_features=512, out_features=8, bias=True)
  (pred_global): Linear(in_features=512, out_features=8, bias=True)
)
Pre-training MLP for 500 epochs to generate co-occurrence matrix...
MLP pre-training complete. Penalty matrix frozen.
Epoch: 00, Loss: 2.7096, Train: 22.11%, Valid: 21.57%, Test: 22.29%, Best Valid: 21.57%, Best Test: 22.29%
Epoch: 100, Loss: 1.1624, Train: 65.03%, Valid: 64.38%, Test: 65.23%, Best Valid: 68.10%, Best Test: 70.78%
Switching Polynormer to global attention phase.
Epoch: 200, Loss: 2.3265, Train: 24.95%, Valid: 26.47%, Test: 25.56%, Best Valid: 93.27%, Best Test: 94.77%
Epoch: 300, Loss: 0.1932, Train: 95.75%, Valid: 93.79%, Test: 95.69%, Best Valid: 94.64%, Best Test: 96.14%
Epoch: 400, Loss: 0.1463, Train: 97.17%, Valid: 94.51%, Test: 95.95%, Best Valid: 94.77%, Best Test: 96.54%
Epoch: 500, Loss: 0.1024, Train: 97.49%, Valid: 94.05%, Test: 95.82%, Best Valid: 94.77%, Best Test: 96.54%
Epoch: 600, Loss: 0.0899, Train: 98.56%, Valid: 94.25%, Test: 96.67%, Best Valid: 94.84%, Best Test: 96.27%
Epoch: 700, Loss: 0.0803, Train: 98.74%, Valid: 94.51%, Test: 96.41%, Best Valid: 95.03%, Best Test: 96.54%
Epoch: 800, Loss: 0.0627, Train: 99.37%, Valid: 95.10%, Test: 96.67%, Best Valid: 95.10%, Best Test: 96.67%
Epoch: 900, Loss: 0.0534, Train: 99.35%, Valid: 94.38%, Test: 96.21%, Best Valid: 95.23%, Best Test: 96.60%
Epoch: 1000, Loss: 0.0451, Train: 99.63%, Valid: 94.44%, Test: 96.01%, Best Valid: 95.29%, Best Test: 96.41%
Epoch: 1100, Loss: 0.0349, Train: 99.63%, Valid: 94.51%, Test: 96.27%, Best Valid: 95.29%, Best Test: 96.41%
Run 01:
Highest Train: 99.78
Highest Valid: 95.29
Highest Test: 96.86
Chosen epoch: 967
Final Train: 99.59
Final Test: 96.41
Pre-training MLP for 500 epochs to generate co-occurrence matrix...
MLP pre-training complete. Penalty matrix frozen.
Epoch: 00, Loss: 2.6547, Train: 24.95%, Valid: 26.47%, Test: 25.56%, Best Valid: 26.47%, Best Test: 25.56%
Epoch: 100, Loss: 0.5924, Train: 85.93%, Valid: 86.47%, Test: 87.25%, Best Valid: 86.47%, Best Test: 87.39%
Switching Polynormer to global attention phase.
Epoch: 200, Loss: 2.2874, Train: 22.11%, Valid: 21.57%, Test: 22.29%, Best Valid: 93.79%, Best Test: 95.29%
Epoch: 300, Loss: 0.4218, Train: 89.37%, Valid: 87.32%, Test: 89.02%, Best Valid: 93.79%, Best Test: 95.29%
Epoch: 400, Loss: 0.2120, Train: 96.38%, Valid: 93.40%, Test: 95.16%, Best Valid: 93.92%, Best Test: 95.75%
Epoch: 500, Loss: 0.1436, Train: 97.84%, Valid: 94.38%, Test: 95.88%, Best Valid: 94.51%, Best Test: 96.01%
Epoch: 600, Loss: 0.1320, Train: 97.60%, Valid: 94.18%, Test: 96.14%, Best Valid: 94.84%, Best Test: 96.34%
Epoch: 700, Loss: 0.0905, Train: 97.97%, Valid: 93.86%, Test: 95.42%, Best Valid: 94.84%, Best Test: 96.34%
Epoch: 800, Loss: 0.0796, Train: 98.65%, Valid: 94.25%, Test: 95.82%, Best Valid: 95.03%, Best Test: 96.01%
Epoch: 900, Loss: 0.0675, Train: 98.91%, Valid: 94.25%, Test: 96.08%, Best Valid: 95.42%, Best Test: 96.47%
Epoch: 1000, Loss: 0.0557, Train: 99.17%, Valid: 94.84%, Test: 96.41%, Best Valid: 95.42%, Best Test: 96.47%
Epoch: 1100, Loss: 0.0527, Train: 98.78%, Valid: 94.18%, Test: 95.69%, Best Valid: 95.42%, Best Test: 96.47%
Run 02:
Highest Train: 99.63
Highest Valid: 95.42
Highest Test: 96.93
Chosen epoch: 872
Final Train: 99.08
Final Test: 96.47
Pre-training MLP for 500 epochs to generate co-occurrence matrix...
MLP pre-training complete. Penalty matrix frozen.
Epoch: 00, Loss: 2.6447, Train: 24.95%, Valid: 26.47%, Test: 25.56%, Best Valid: 26.47%, Best Test: 25.56%
Epoch: 100, Loss: 0.6339, Train: 81.44%, Valid: 81.37%, Test: 82.09%, Best Valid: 82.09%, Best Test: 82.42%
Switching Polynormer to global attention phase.
Epoch: 200, Loss: 2.2874, Train: 24.95%, Valid: 26.47%, Test: 25.56%, Best Valid: 93.73%, Best Test: 95.29%
Epoch: 300, Loss: 0.2246, Train: 96.19%, Valid: 94.18%, Test: 95.95%, Best Valid: 94.18%, Best Test: 95.75%
Epoch: 400, Loss: 0.1551, Train: 97.41%, Valid: 94.31%, Test: 95.82%, Best Valid: 94.90%, Best Test: 96.73%
Epoch: 500, Loss: 0.1185, Train: 97.08%, Valid: 93.59%, Test: 95.29%, Best Valid: 95.16%, Best Test: 96.47%
Epoch: 600, Loss: 0.0932, Train: 97.73%, Valid: 94.18%, Test: 95.23%, Best Valid: 95.16%, Best Test: 96.47%
Epoch: 700, Loss: 0.0772, Train: 98.93%, Valid: 95.10%, Test: 96.14%, Best Valid: 95.23%, Best Test: 96.80%
Epoch: 800, Loss: 0.0729, Train: 98.71%, Valid: 94.71%, Test: 95.62%, Best Valid: 95.36%, Best Test: 96.60%
Epoch: 900, Loss: 0.0538, Train: 98.82%, Valid: 94.64%, Test: 96.27%, Best Valid: 95.36%, Best Test: 96.60%
Epoch: 1000, Loss: 0.0433, Train: 98.52%, Valid: 94.18%, Test: 95.56%, Best Valid: 95.36%, Best Test: 96.60%
Epoch: 1100, Loss: 0.0442, Train: 99.19%, Valid: 94.31%, Test: 95.75%, Best Valid: 95.42%, Best Test: 96.27%
Run 03:
Highest Train: 99.65
Highest Valid: 95.42
Highest Test: 96.80
Chosen epoch: 1054
Final Train: 99.43
Final Test: 96.27
Pre-training MLP for 500 epochs to generate co-occurrence matrix...
MLP pre-training complete. Penalty matrix frozen.
Epoch: 00, Loss: 2.7362, Train: 22.11%, Valid: 21.57%, Test: 22.29%, Best Valid: 21.57%, Best Test: 22.29%
Epoch: 100, Loss: 0.6603, Train: 81.46%, Valid: 81.76%, Test: 82.61%, Best Valid: 82.68%, Best Test: 85.03%
Switching Polynormer to global attention phase.
Epoch: 200, Loss: 2.2874, Train: 24.95%, Valid: 26.47%, Test: 25.56%, Best Valid: 93.20%, Best Test: 95.16%
Epoch: 300, Loss: 0.4063, Train: 91.37%, Valid: 90.59%, Test: 91.63%, Best Valid: 93.20%, Best Test: 95.16%
Epoch: 400, Loss: 0.1990, Train: 96.14%, Valid: 93.92%, Test: 95.36%, Best Valid: 94.25%, Best Test: 95.75%
Epoch: 500, Loss: 0.1473, Train: 97.32%, Valid: 93.99%, Test: 95.62%, Best Valid: 94.44%, Best Test: 95.56%
Epoch: 600, Loss: 0.1253, Train: 97.65%, Valid: 93.46%, Test: 95.62%, Best Valid: 94.44%, Best Test: 95.56%
Epoch: 700, Loss: 0.0902, Train: 98.10%, Valid: 94.58%, Test: 96.27%, Best Valid: 95.03%, Best Test: 96.34%
Epoch: 800, Loss: 0.0758, Train: 99.11%, Valid: 95.10%, Test: 96.34%, Best Valid: 95.29%, Best Test: 96.54%
Epoch: 900, Loss: 0.0662, Train: 99.00%, Valid: 94.84%, Test: 96.14%, Best Valid: 95.42%, Best Test: 96.34%
Epoch: 1000, Loss: 0.0494, Train: 99.48%, Valid: 95.36%, Test: 96.34%, Best Valid: 95.49%, Best Test: 96.73%
Epoch: 1100, Loss: 0.0445, Train: 99.69%, Valid: 95.16%, Test: 96.34%, Best Valid: 95.56%, Best Test: 96.21%
Run 04:
Highest Train: 99.76
Highest Valid: 95.56
Highest Test: 96.80
Chosen epoch: 1039
Final Train: 99.52
Final Test: 96.21
Pre-training MLP for 500 epochs to generate co-occurrence matrix...
MLP pre-training complete. Penalty matrix frozen.
Epoch: 00, Loss: 2.7231, Train: 22.14%, Valid: 21.70%, Test: 22.22%, Best Valid: 21.70%, Best Test: 22.22%
Epoch: 100, Loss: 0.6829, Train: 78.13%, Valid: 77.84%, Test: 78.76%, Best Valid: 79.74%, Best Test: 81.50%
Switching Polynormer to global attention phase.
Epoch: 200, Loss: 2.2874, Train: 24.95%, Valid: 26.47%, Test: 25.56%, Best Valid: 93.01%, Best Test: 93.99%
Epoch: 300, Loss: 0.2281, Train: 94.40%, Valid: 92.35%, Test: 94.64%, Best Valid: 94.31%, Best Test: 95.49%
Epoch: 400, Loss: 0.1512, Train: 96.38%, Valid: 93.66%, Test: 95.49%, Best Valid: 94.84%, Best Test: 96.01%
Epoch: 500, Loss: 0.1235, Train: 97.17%, Valid: 94.12%, Test: 96.27%, Best Valid: 94.97%, Best Test: 96.60%
Epoch: 600, Loss: 0.0982, Train: 98.39%, Valid: 94.71%, Test: 96.47%, Best Valid: 94.97%, Best Test: 96.60%
Epoch: 700, Loss: 0.0724, Train: 98.80%, Valid: 94.64%, Test: 96.34%, Best Valid: 95.16%, Best Test: 96.34%
Epoch: 800, Loss: 0.0634, Train: 99.35%, Valid: 95.10%, Test: 96.27%, Best Valid: 95.36%, Best Test: 96.34%
Epoch: 900, Loss: 0.0592, Train: 99.35%, Valid: 95.16%, Test: 96.41%, Best Valid: 95.75%, Best Test: 96.27%
Epoch: 1000, Loss: 0.0522, Train: 99.63%, Valid: 95.16%, Test: 96.01%, Best Valid: 95.75%, Best Test: 96.27%
Epoch: 1100, Loss: 0.0439, Train: 99.65%, Valid: 95.16%, Test: 96.21%, Best Valid: 95.75%, Best Test: 96.27%
Run 05:
Highest Train: 99.76
Highest Valid: 95.75
Highest Test: 96.93
Chosen epoch: 888
Final Train: 99.41
Final Test: 96.27
Pre-training MLP for 500 epochs to generate co-occurrence matrix...
MLP pre-training complete. Penalty matrix frozen.
Epoch: 00, Loss: 2.7026, Train: 24.95%, Valid: 26.47%, Test: 25.56%, Best Valid: 26.47%, Best Test: 25.56%
Epoch: 100, Loss: 0.7674, Train: 77.49%, Valid: 76.21%, Test: 79.41%, Best Valid: 76.67%, Best Test: 80.20%
Switching Polynormer to global attention phase.
Epoch: 200, Loss: 2.2874, Train: 22.11%, Valid: 21.57%, Test: 22.29%, Best Valid: 92.81%, Best Test: 94.71%
Epoch: 300, Loss: 2.1272, Train: 24.95%, Valid: 26.47%, Test: 25.56%, Best Valid: 92.81%, Best Test: 94.71%
Epoch: 400, Loss: 2.1260, Train: 24.95%, Valid: 26.47%, Test: 25.56%, Best Valid: 92.81%, Best Test: 94.71%
Epoch: 500, Loss: 2.0240, Train: 22.11%, Valid: 21.57%, Test: 22.29%, Best Valid: 92.81%, Best Test: 94.71%
Epoch: 600, Loss: 1.2128, Train: 50.24%, Valid: 50.39%, Test: 51.96%, Best Valid: 92.81%, Best Test: 94.71%
Epoch: 700, Loss: 0.9521, Train: 56.75%, Valid: 56.41%, Test: 59.02%, Best Valid: 92.81%, Best Test: 94.71%
Epoch: 800, Loss: 0.5374, Train: 60.61%, Valid: 59.54%, Test: 60.98%, Best Valid: 92.81%, Best Test: 94.71%
Epoch: 900, Loss: 0.3803, Train: 75.25%, Valid: 73.79%, Test: 76.47%, Best Valid: 92.81%, Best Test: 94.71%
Epoch: 1000, Loss: 0.2991, Train: 73.09%, Valid: 72.22%, Test: 73.86%, Best Valid: 92.81%, Best Test: 94.71%
Epoch: 1100, Loss: 0.2408, Train: 80.02%, Valid: 77.97%, Test: 80.85%, Best Valid: 92.81%, Best Test: 94.71%
Run 06:
Highest Train: 94.14
Highest Valid: 92.81
Highest Test: 94.71
Chosen epoch: 196
Final Train: 94.14
Final Test: 94.71
Pre-training MLP for 500 epochs to generate co-occurrence matrix...
MLP pre-training complete. Penalty matrix frozen.
Epoch: 00, Loss: 2.9284, Train: 24.95%, Valid: 26.47%, Test: 25.56%, Best Valid: 26.47%, Best Test: 25.56%
Epoch: 100, Loss: 0.6023, Train: 80.57%, Valid: 80.85%, Test: 81.31%, Best Valid: 83.27%, Best Test: 84.64%
Switching Polynormer to global attention phase.
Epoch: 200, Loss: 2.2874, Train: 22.11%, Valid: 21.57%, Test: 22.29%, Best Valid: 93.66%, Best Test: 94.97%
Epoch: 300, Loss: 0.4137, Train: 89.24%, Valid: 88.30%, Test: 89.67%, Best Valid: 93.66%, Best Test: 94.97%
Epoch: 400, Loss: 0.2253, Train: 95.90%, Valid: 93.86%, Test: 95.88%, Best Valid: 94.25%, Best Test: 95.82%
Epoch: 500, Loss: 0.1518, Train: 96.99%, Valid: 93.86%, Test: 96.14%, Best Valid: 94.84%, Best Test: 96.34%
Epoch: 600, Loss: 0.1256, Train: 97.89%, Valid: 94.58%, Test: 96.34%, Best Valid: 95.03%, Best Test: 96.99%
Epoch: 700, Loss: 0.1049, Train: 98.39%, Valid: 95.29%, Test: 96.54%, Best Valid: 95.36%, Best Test: 96.86%
Epoch: 800, Loss: 0.0780, Train: 98.43%, Valid: 94.38%, Test: 96.21%, Best Valid: 95.62%, Best Test: 96.60%
Epoch: 900, Loss: 0.0714, Train: 98.47%, Valid: 94.71%, Test: 96.01%, Best Valid: 95.69%, Best Test: 96.60%
Epoch: 1000, Loss: 0.0601, Train: 99.15%, Valid: 95.10%, Test: 96.21%, Best Valid: 95.69%, Best Test: 96.60%
Epoch: 1100, Loss: 0.0523, Train: 99.17%, Valid: 95.10%, Test: 95.95%, Best Valid: 95.69%, Best Test: 96.60%
Run 07:
Highest Train: 99.67
Highest Valid: 95.75
Highest Test: 96.99
Chosen epoch: 1144
Final Train: 99.52
Final Test: 96.08
Pre-training MLP for 500 epochs to generate co-occurrence matrix...
MLP pre-training complete. Penalty matrix frozen.
Epoch: 00, Loss: 2.7702, Train: 24.95%, Valid: 26.47%, Test: 25.56%, Best Valid: 26.47%, Best Test: 25.56%
Epoch: 100, Loss: 0.7108, Train: 82.75%, Valid: 80.78%, Test: 82.94%, Best Valid: 80.78%, Best Test: 82.94%
Switching Polynormer to global attention phase.
Epoch: 200, Loss: 2.2874, Train: 12.51%, Valid: 11.63%, Test: 10.65%, Best Valid: 92.48%, Best Test: 93.86%
Epoch: 300, Loss: 0.2409, Train: 95.62%, Valid: 93.33%, Test: 95.23%, Best Valid: 93.53%, Best Test: 94.64%
Epoch: 400, Loss: 0.1683, Train: 96.82%, Valid: 93.53%, Test: 95.49%, Best Valid: 95.03%, Best Test: 96.34%
Epoch: 500, Loss: 0.1226, Train: 97.63%, Valid: 93.79%, Test: 95.49%, Best Valid: 95.03%, Best Test: 96.34%
Epoch: 600, Loss: 0.0943, Train: 98.08%, Valid: 94.12%, Test: 96.14%, Best Valid: 95.03%, Best Test: 96.34%
Epoch: 700, Loss: 0.0741, Train: 98.95%, Valid: 94.71%, Test: 96.01%, Best Valid: 95.56%, Best Test: 96.80%
Epoch: 800, Loss: 0.0676, Train: 98.54%, Valid: 93.73%, Test: 95.56%, Best Valid: 95.56%, Best Test: 96.80%
Epoch: 900, Loss: 0.0539, Train: 99.32%, Valid: 94.38%, Test: 95.95%, Best Valid: 95.56%, Best Test: 96.80%
Epoch: 1000, Loss: 0.0744, Train: 99.11%, Valid: 93.92%, Test: 95.23%, Best Valid: 95.56%, Best Test: 96.80%
Epoch: 1100, Loss: 0.0461, Train: 99.61%, Valid: 95.16%, Test: 96.47%, Best Valid: 95.56%, Best Test: 96.80%
Run 08:
Highest Train: 99.76
Highest Valid: 95.56
Highest Test: 96.80
Chosen epoch: 640
Final Train: 98.87
Final Test: 96.80
Pre-training MLP for 500 epochs to generate co-occurrence matrix...
MLP pre-training complete. Penalty matrix frozen.
Epoch: 00, Loss: 2.7626, Train: 24.95%, Valid: 26.47%, Test: 25.56%, Best Valid: 26.47%, Best Test: 25.56%
Epoch: 100, Loss: 0.6601, Train: 85.51%, Valid: 84.84%, Test: 85.69%, Best Valid: 84.84%, Best Test: 85.69%
Switching Polynormer to global attention phase.
Epoch: 200, Loss: 2.2874, Train: 22.11%, Valid: 21.57%, Test: 22.29%, Best Valid: 93.46%, Best Test: 95.10%
Epoch: 300, Loss: 0.2269, Train: 96.25%, Valid: 94.18%, Test: 95.56%, Best Valid: 94.31%, Best Test: 95.75%
Epoch: 400, Loss: 0.1688, Train: 97.12%, Valid: 93.99%, Test: 96.14%, Best Valid: 94.97%, Best Test: 96.08%
Epoch: 500, Loss: 0.1223, Train: 97.93%, Valid: 94.25%, Test: 96.14%, Best Valid: 95.16%, Best Test: 96.27%
Epoch: 600, Loss: 0.0999, Train: 98.26%, Valid: 93.99%, Test: 95.69%, Best Valid: 95.23%, Best Test: 96.54%
Epoch: 700, Loss: 0.0854, Train: 99.04%, Valid: 95.16%, Test: 96.41%, Best Valid: 95.36%, Best Test: 96.14%
Epoch: 800, Loss: 0.0775, Train: 98.93%, Valid: 95.10%, Test: 95.88%, Best Valid: 95.62%, Best Test: 96.27%
Epoch: 900, Loss: 0.0550, Train: 98.93%, Valid: 95.23%, Test: 96.08%, Best Valid: 95.62%, Best Test: 96.27%
Epoch: 1000, Loss: 0.0559, Train: 99.13%, Valid: 94.97%, Test: 95.69%, Best Valid: 95.62%, Best Test: 96.27%
Epoch: 1100, Loss: 0.0416, Train: 99.41%, Valid: 94.97%, Test: 95.75%, Best Valid: 95.62%, Best Test: 96.27%
Run 09:
Highest Train: 99.69
Highest Valid: 95.62
Highest Test: 96.67
Chosen epoch: 771
Final Train: 99.35
Final Test: 96.27
Pre-training MLP for 500 epochs to generate co-occurrence matrix...
MLP pre-training complete. Penalty matrix frozen.
Epoch: 00, Loss: 2.6614, Train: 24.95%, Valid: 26.47%, Test: 25.56%, Best Valid: 26.47%, Best Test: 25.56%
Epoch: 100, Loss: 0.7249, Train: 81.37%, Valid: 81.31%, Test: 81.76%, Best Valid: 81.31%, Best Test: 81.76%
Switching Polynormer to global attention phase.
Epoch: 200, Loss: 2.2874, Train: 24.95%, Valid: 26.47%, Test: 25.56%, Best Valid: 93.79%, Best Test: 95.16%
Epoch: 300, Loss: 2.1266, Train: 24.95%, Valid: 26.47%, Test: 25.56%, Best Valid: 93.79%, Best Test: 95.16%
Epoch: 400, Loss: 1.9296, Train: 22.11%, Valid: 21.57%, Test: 22.29%, Best Valid: 93.79%, Best Test: 95.16%
Epoch: 500, Loss: 0.9977, Train: 56.14%, Valid: 55.03%, Test: 56.27%, Best Valid: 93.79%, Best Test: 95.16%
Epoch: 600, Loss: 0.4716, Train: 83.07%, Valid: 80.20%, Test: 82.48%, Best Valid: 93.79%, Best Test: 95.16%
Epoch: 700, Loss: 0.2710, Train: 92.98%, Valid: 90.00%, Test: 91.44%, Best Valid: 93.79%, Best Test: 95.16%
Epoch: 800, Loss: 0.1857, Train: 93.49%, Valid: 89.80%, Test: 91.44%, Best Valid: 93.79%, Best Test: 95.16%
Epoch: 900, Loss: 0.1477, Train: 96.17%, Valid: 92.22%, Test: 93.73%, Best Valid: 94.77%, Best Test: 95.95%
Epoch: 1000, Loss: 0.1323, Train: 98.13%, Valid: 94.71%, Test: 96.01%, Best Valid: 95.29%, Best Test: 96.41%
Epoch: 1100, Loss: 0.0987, Train: 98.52%, Valid: 94.25%, Test: 95.88%, Best Valid: 95.69%, Best Test: 96.60%
Run 10:
Highest Train: 99.04
Highest Valid: 95.69
Highest Test: 96.73
Chosen epoch: 1059
Final Train: 98.63
Final Test: 96.60
All runs:
Highest Train: 99.09 ± 1.75
Highest Test: 96.62 ± 0.68
Highest Valid: 95.29 ± 0.88
  Final Train: 98.75 ± 1.65
   Final Test: 96.21 ± 0.57
Saving results to results_tuned/amazon-photo/polynormer.csv
--- mlp_reg | transform=none | lambda=0.2 | mlp_epochs=500 ---
Namespace(aggregate='add', alpha=0.5, attention='gcn', beta=-1.0, bn=False, cpu=False, data_dir='../data/', dataset='amazon-photo', device=0, dim_inner=64, display_step=100, dropout=0.7, epochs=500, global_dropout=None, global_epochs=1000, global_layers=2, gnn='gcn', graph_weight=0.8, hidden_channels=64, hops=10, in_dropout=0.2, jk=False, label_num_per_class=20, lambda_val=0.2, layers=1, ln=False, local_epochs=200, local_gnn_type='GCN', local_layers=7, lr=0.001, metric='acc', mlp_epochs=500, mlp_reg=True, model='polynormer', model_dir='models/gt_reg_1108499_20', n_heads=8, num_centroids=4096, num_heads=8, oracle_reg=False, paired_seeds=True, pe_types='RWSE', penalty_transform='none', pre_linear=False, pre_ln=False, rand_split=False, rand_split_class=False, reg_start_epoch=10, reg_update_freq=5, res=False, result_dir='results_tuned', runs=10, save_model=True, save_result=False, seed=42, test_num=1000, tr_dropout=None, tr_layers=1, tr_weight_decay=None, train_prop=0.5, use_act=False, use_bn=False, use_graph=False, use_reg=True, use_residual=False, use_weight=False, valid_num=500, valid_prop=0.25, weight_decay=5e-05)
amazon-photo
dataset amazon-photo | num nodes 7650 | num edge 238162 | num node feats 745 | num classes 8
MODEL: Polynormer(
  (h_lins): ModuleList(
    (0): Linear(in_features=512, out_features=512, bias=True)
    (1): Linear(in_features=512, out_features=512, bias=True)
    (2): Linear(in_features=512, out_features=512, bias=True)
    (3): Linear(in_features=512, out_features=512, bias=True)
    (4): Linear(in_features=512, out_features=512, bias=True)
    (5): Linear(in_features=512, out_features=512, bias=True)
    (6): Linear(in_features=512, out_features=512, bias=True)
  )
  (local_convs): ModuleList(
    (0): GATConv(512, 64, heads=8)
    (1): GATConv(512, 64, heads=8)
    (2): GATConv(512, 64, heads=8)
    (3): GATConv(512, 64, heads=8)
    (4): GATConv(512, 64, heads=8)
    (5): GATConv(512, 64, heads=8)
    (6): GATConv(512, 64, heads=8)
  )
  (lins): ModuleList(
    (0): Linear(in_features=512, out_features=512, bias=True)
    (1): Linear(in_features=512, out_features=512, bias=True)
    (2): Linear(in_features=512, out_features=512, bias=True)
    (3): Linear(in_features=512, out_features=512, bias=True)
    (4): Linear(in_features=512, out_features=512, bias=True)
    (5): Linear(in_features=512, out_features=512, bias=True)
    (6): Linear(in_features=512, out_features=512, bias=True)
  )
  (lns): ModuleList(
    (0): LayerNorm((512,), eps=1e-05, elementwise_affine=True)
    (1): LayerNorm((512,), eps=1e-05, elementwise_affine=True)
    (2): LayerNorm((512,), eps=1e-05, elementwise_affine=True)
    (3): LayerNorm((512,), eps=1e-05, elementwise_affine=True)
    (4): LayerNorm((512,), eps=1e-05, elementwise_affine=True)
    (5): LayerNorm((512,), eps=1e-05, elementwise_affine=True)
    (6): LayerNorm((512,), eps=1e-05, elementwise_affine=True)
  )
  (lin_in): Linear(in_features=745, out_features=512, bias=True)
  (ln): LayerNorm((512,), eps=1e-05, elementwise_affine=True)
  (global_attn): GlobalAttn(
    (h_lins): ModuleList(
      (0): Linear(in_features=512, out_features=512, bias=True)
      (1): Linear(in_features=512, out_features=512, bias=True)
    )
    (k_lins): ModuleList(
      (0): Linear(in_features=512, out_features=512, bias=True)
      (1): Linear(in_features=512, out_features=512, bias=True)
    )
    (v_lins): ModuleList(
      (0): Linear(in_features=512, out_features=512, bias=True)
      (1): Linear(in_features=512, out_features=512, bias=True)
    )
    (lns): ModuleList(
      (0): LayerNorm((512,), eps=1e-05, elementwise_affine=True)
      (1): LayerNorm((512,), eps=1e-05, elementwise_affine=True)
    )
    (lin_out): Linear(in_features=512, out_features=512, bias=True)
  )
  (pred_local): Linear(in_features=512, out_features=8, bias=True)
  (pred_global): Linear(in_features=512, out_features=8, bias=True)
)
Pre-training MLP for 500 epochs to generate co-occurrence matrix...
MLP pre-training complete. Penalty matrix frozen.
Epoch: 00, Loss: 2.9559, Train: 22.11%, Valid: 21.57%, Test: 22.29%, Best Valid: 21.57%, Best Test: 22.29%
Epoch: 100, Loss: 1.0041, Train: 69.96%, Valid: 70.13%, Test: 69.41%, Best Valid: 70.72%, Best Test: 69.80%
Switching Polynormer to global attention phase.
Epoch: 200, Loss: 2.5371, Train: 24.95%, Valid: 26.47%, Test: 25.56%, Best Valid: 92.81%, Best Test: 94.18%
Epoch: 300, Loss: 0.2405, Train: 93.09%, Valid: 90.20%, Test: 93.14%, Best Valid: 93.14%, Best Test: 94.97%
Epoch: 400, Loss: 0.2019, Train: 94.36%, Valid: 90.92%, Test: 93.20%, Best Valid: 93.86%, Best Test: 95.75%
Epoch: 500, Loss: 0.1274, Train: 97.69%, Valid: 93.53%, Test: 96.08%, Best Valid: 94.71%, Best Test: 96.41%
Epoch: 600, Loss: 0.1112, Train: 98.26%, Valid: 93.92%, Test: 95.88%, Best Valid: 94.71%, Best Test: 96.41%
Epoch: 700, Loss: 0.1153, Train: 98.63%, Valid: 94.64%, Test: 96.14%, Best Valid: 94.77%, Best Test: 96.54%
Epoch: 800, Loss: 0.0625, Train: 99.22%, Valid: 94.51%, Test: 95.82%, Best Valid: 95.16%, Best Test: 96.14%
Epoch: 900, Loss: 0.0703, Train: 99.37%, Valid: 94.97%, Test: 96.14%, Best Valid: 95.16%, Best Test: 96.14%
Epoch: 1000, Loss: 0.0520, Train: 99.30%, Valid: 94.77%, Test: 96.01%, Best Valid: 95.23%, Best Test: 95.75%
Epoch: 1100, Loss: 0.0494, Train: 99.63%, Valid: 94.77%, Test: 95.95%, Best Valid: 95.23%, Best Test: 95.75%
Run 01:
Highest Train: 99.76
Highest Valid: 95.23
Highest Test: 96.67
Chosen epoch: 941
Final Train: 99.59
Final Test: 95.75
Pre-training MLP for 500 epochs to generate co-occurrence matrix...
MLP pre-training complete. Penalty matrix frozen.
Epoch: 00, Loss: 2.8961, Train: 24.95%, Valid: 26.47%, Test: 25.56%, Best Valid: 26.47%, Best Test: 25.56%
Epoch: 100, Loss: 0.6905, Train: 84.29%, Valid: 83.59%, Test: 84.71%, Best Valid: 83.59%, Best Test: 84.71%
Switching Polynormer to global attention phase.
Epoch: 200, Loss: 2.4953, Train: 22.11%, Valid: 21.57%, Test: 22.29%, Best Valid: 92.81%, Best Test: 94.58%
Epoch: 300, Loss: 0.3146, Train: 94.60%, Valid: 93.01%, Test: 94.12%, Best Valid: 93.53%, Best Test: 94.38%
Epoch: 400, Loss: 0.1923, Train: 96.27%, Valid: 93.20%, Test: 94.38%, Best Valid: 95.10%, Best Test: 95.82%
Epoch: 500, Loss: 0.1334, Train: 97.82%, Valid: 94.97%, Test: 96.47%, Best Valid: 95.16%, Best Test: 96.08%
Epoch: 600, Loss: 0.1281, Train: 98.41%, Valid: 95.23%, Test: 96.60%, Best Valid: 95.23%, Best Test: 96.60%
Epoch: 700, Loss: 0.0894, Train: 98.69%, Valid: 95.03%, Test: 96.41%, Best Valid: 95.42%, Best Test: 96.14%
Epoch: 800, Loss: 0.0746, Train: 98.80%, Valid: 94.84%, Test: 95.95%, Best Valid: 95.49%, Best Test: 96.60%
Epoch: 900, Loss: 0.0706, Train: 99.39%, Valid: 95.56%, Test: 96.14%, Best Valid: 95.62%, Best Test: 96.60%
Epoch: 1000, Loss: 0.0589, Train: 99.26%, Valid: 95.42%, Test: 95.95%, Best Valid: 95.62%, Best Test: 96.60%
Epoch: 1100, Loss: 0.0425, Train: 99.48%, Valid: 95.29%, Test: 96.47%, Best Valid: 95.62%, Best Test: 96.60%
Run 02:
Highest Train: 99.74
Highest Valid: 95.62
Highest Test: 96.93
Chosen epoch: 823
Final Train: 99.26
Final Test: 96.60
Pre-training MLP for 500 epochs to generate co-occurrence matrix...
MLP pre-training complete. Penalty matrix frozen.
Epoch: 00, Loss: 2.8851, Train: 24.95%, Valid: 26.47%, Test: 25.56%, Best Valid: 26.47%, Best Test: 25.56%
Epoch: 100, Loss: 0.7693, Train: 80.59%, Valid: 79.93%, Test: 81.44%, Best Valid: 79.93%, Best Test: 81.44%
Switching Polynormer to global attention phase.
Epoch: 200, Loss: 2.4953, Train: 24.95%, Valid: 26.47%, Test: 25.56%, Best Valid: 93.14%, Best Test: 94.71%
Epoch: 300, Loss: 0.2868, Train: 95.25%, Valid: 93.66%, Test: 94.84%, Best Valid: 93.86%, Best Test: 95.10%
Epoch: 400, Loss: 0.1893, Train: 95.99%, Valid: 92.75%, Test: 94.77%, Best Valid: 94.71%, Best Test: 96.21%
Epoch: 500, Loss: 0.1401, Train: 97.84%, Valid: 94.44%, Test: 96.14%, Best Valid: 95.10%, Best Test: 96.80%
Epoch: 600, Loss: 0.1075, Train: 98.43%, Valid: 94.31%, Test: 96.27%, Best Valid: 95.10%, Best Test: 96.80%
Epoch: 700, Loss: 0.0880, Train: 98.69%, Valid: 94.05%, Test: 96.34%, Best Valid: 95.29%, Best Test: 96.34%
Epoch: 800, Loss: 0.0754, Train: 99.19%, Valid: 94.97%, Test: 96.73%, Best Valid: 95.29%, Best Test: 96.34%
Epoch: 900, Loss: 0.0610, Train: 98.82%, Valid: 93.86%, Test: 96.08%, Best Valid: 95.29%, Best Test: 96.34%
Epoch: 1000, Loss: 0.0661, Train: 99.06%, Valid: 94.18%, Test: 96.08%, Best Valid: 95.29%, Best Test: 96.34%
Epoch: 1100, Loss: 0.0472, Train: 99.48%, Valid: 94.71%, Test: 96.54%, Best Valid: 95.29%, Best Test: 96.34%
Run 03:
Highest Train: 99.78
Highest Valid: 95.29
Highest Test: 96.99
Chosen epoch: 681
Final Train: 98.58
Final Test: 96.34
Pre-training MLP for 500 epochs to generate co-occurrence matrix...
MLP pre-training complete. Penalty matrix frozen.
Epoch: 00, Loss: 2.9849, Train: 22.11%, Valid: 21.63%, Test: 22.29%, Best Valid: 21.63%, Best Test: 22.29%
Epoch: 100, Loss: 0.7899, Train: 80.17%, Valid: 79.02%, Test: 81.05%, Best Valid: 79.35%, Best Test: 81.63%
Switching Polynormer to global attention phase.
Epoch: 200, Loss: 2.4953, Train: 22.11%, Valid: 21.57%, Test: 22.29%, Best Valid: 91.31%, Best Test: 93.33%
Epoch: 300, Loss: 2.3310, Train: 22.11%, Valid: 21.57%, Test: 22.29%, Best Valid: 91.31%, Best Test: 93.33%
Epoch: 400, Loss: 2.3268, Train: 22.11%, Valid: 21.57%, Test: 22.29%, Best Valid: 91.31%, Best Test: 93.33%
Epoch: 500, Loss: 1.2732, Train: 29.48%, Valid: 28.37%, Test: 28.37%, Best Valid: 91.31%, Best Test: 93.33%
Epoch: 600, Loss: 0.5074, Train: 84.10%, Valid: 83.66%, Test: 85.29%, Best Valid: 91.31%, Best Test: 93.33%
Epoch: 700, Loss: 0.2461, Train: 96.12%, Valid: 94.44%, Test: 95.69%, Best Valid: 94.58%, Best Test: 94.90%
Epoch: 800, Loss: 0.1715, Train: 96.99%, Valid: 94.05%, Test: 95.69%, Best Valid: 95.16%, Best Test: 96.21%
Epoch: 900, Loss: 0.1270, Train: 97.49%, Valid: 94.25%, Test: 95.95%, Best Valid: 95.16%, Best Test: 96.21%
Epoch: 1000, Loss: 0.1100, Train: 98.30%, Valid: 94.71%, Test: 95.95%, Best Valid: 95.16%, Best Test: 96.21%
Epoch: 1100, Loss: 0.0937, Train: 98.17%, Valid: 93.99%, Test: 95.42%, Best Valid: 95.16%, Best Test: 96.21%
Run 04:
Highest Train: 99.26
Highest Valid: 95.23
Highest Test: 96.80
Chosen epoch: 1196
Final Train: 99.13
Final Test: 96.21
Pre-training MLP for 500 epochs to generate co-occurrence matrix...
MLP pre-training complete. Penalty matrix frozen.
Epoch: 00, Loss: 2.9707, Train: 22.14%, Valid: 21.76%, Test: 22.22%, Best Valid: 21.76%, Best Test: 22.22%
Epoch: 100, Loss: 1.2436, Train: 55.36%, Valid: 54.31%, Test: 55.69%, Best Valid: 72.81%, Best Test: 74.38%
Switching Polynormer to global attention phase.
Epoch: 200, Loss: 2.4953, Train: 24.95%, Valid: 26.47%, Test: 25.56%, Best Valid: 86.14%, Best Test: 88.04%
Epoch: 300, Loss: 0.4696, Train: 89.80%, Valid: 88.17%, Test: 90.07%, Best Valid: 88.17%, Best Test: 90.07%
Epoch: 400, Loss: 0.2553, Train: 95.82%, Valid: 94.38%, Test: 95.88%, Best Valid: 94.51%, Best Test: 95.95%
Epoch: 500, Loss: 0.1702, Train: 96.73%, Valid: 93.59%, Test: 95.82%, Best Valid: 94.84%, Best Test: 96.73%
Epoch: 600, Loss: 0.1388, Train: 97.76%, Valid: 94.51%, Test: 97.12%, Best Valid: 95.16%, Best Test: 96.73%
Epoch: 700, Loss: 0.1125, Train: 98.24%, Valid: 94.44%, Test: 96.67%, Best Valid: 95.49%, Best Test: 96.93%
Epoch: 800, Loss: 0.0891, Train: 98.80%, Valid: 95.16%, Test: 96.60%, Best Valid: 95.56%, Best Test: 96.47%
Epoch: 900, Loss: 0.0878, Train: 99.15%, Valid: 95.03%, Test: 96.47%, Best Valid: 95.69%, Best Test: 96.80%
Epoch: 1000, Loss: 0.0562, Train: 98.95%, Valid: 94.71%, Test: 96.14%, Best Valid: 95.69%, Best Test: 96.80%
Epoch: 1100, Loss: 0.0527, Train: 99.30%, Valid: 95.23%, Test: 96.27%, Best Valid: 95.69%, Best Test: 96.80%
Run 05:
Highest Train: 99.61
Highest Valid: 95.69
Highest Test: 97.19
Chosen epoch: 839
Final Train: 99.04
Final Test: 96.80
Pre-training MLP for 500 epochs to generate co-occurrence matrix...
MLP pre-training complete. Penalty matrix frozen.
Epoch: 00, Loss: 2.9482, Train: 24.95%, Valid: 26.47%, Test: 25.56%, Best Valid: 26.47%, Best Test: 25.56%
Epoch: 100, Loss: 0.8829, Train: 75.71%, Valid: 73.79%, Test: 77.45%, Best Valid: 79.67%, Best Test: 81.50%
Switching Polynormer to global attention phase.
Epoch: 200, Loss: 2.4953, Train: 24.95%, Valid: 26.47%, Test: 25.56%, Best Valid: 89.02%, Best Test: 90.85%
Epoch: 300, Loss: 1.0449, Train: 63.73%, Valid: 61.37%, Test: 63.01%, Best Valid: 89.02%, Best Test: 90.85%
Epoch: 400, Loss: 0.3775, Train: 93.51%, Valid: 92.03%, Test: 93.01%, Best Valid: 92.03%, Best Test: 93.01%
Epoch: 500, Loss: 0.2102, Train: 95.95%, Valid: 93.66%, Test: 95.49%, Best Valid: 93.99%, Best Test: 95.56%
Epoch: 600, Loss: 0.1664, Train: 97.12%, Valid: 93.86%, Test: 96.01%, Best Valid: 94.64%, Best Test: 96.54%
Epoch: 700, Loss: 0.1382, Train: 97.84%, Valid: 94.38%, Test: 96.47%, Best Valid: 95.16%, Best Test: 96.60%
Epoch: 800, Loss: 0.0996, Train: 97.86%, Valid: 93.33%, Test: 95.69%, Best Valid: 95.16%, Best Test: 96.60%
Epoch: 900, Loss: 0.0897, Train: 98.74%, Valid: 94.44%, Test: 96.54%, Best Valid: 95.16%, Best Test: 96.60%
Epoch: 1000, Loss: 0.0744, Train: 99.17%, Valid: 94.84%, Test: 96.60%, Best Valid: 95.56%, Best Test: 96.86%
Epoch: 1100, Loss: 0.0698, Train: 99.24%, Valid: 94.84%, Test: 96.47%, Best Valid: 95.56%, Best Test: 96.86%
Run 06:
Highest Train: 99.56
Highest Valid: 95.56
Highest Test: 96.99
Chosen epoch: 956
Final Train: 99.02
Final Test: 96.86
Pre-training MLP for 500 epochs to generate co-occurrence matrix...
MLP pre-training complete. Penalty matrix frozen.
Epoch: 00, Loss: 3.1947, Train: 24.95%, Valid: 26.47%, Test: 25.56%, Best Valid: 26.47%, Best Test: 25.56%
Epoch: 100, Loss: 0.5565, Train: 85.84%, Valid: 85.69%, Test: 87.06%, Best Valid: 87.84%, Best Test: 89.02%
Switching Polynormer to global attention phase.
Epoch: 200, Loss: 2.4953, Train: 22.11%, Valid: 21.57%, Test: 22.29%, Best Valid: 92.94%, Best Test: 95.10%
Epoch: 300, Loss: 0.2596, Train: 95.75%, Valid: 93.79%, Test: 95.36%, Best Valid: 93.79%, Best Test: 95.36%
Epoch: 400, Loss: 0.1776, Train: 97.56%, Valid: 94.64%, Test: 96.41%, Best Valid: 94.97%, Best Test: 96.14%
Epoch: 500, Loss: 0.1234, Train: 98.15%, Valid: 94.38%, Test: 96.01%, Best Valid: 95.16%, Best Test: 96.27%
Epoch: 600, Loss: 0.1194, Train: 98.56%, Valid: 94.90%, Test: 96.27%, Best Valid: 95.42%, Best Test: 96.67%
Epoch: 700, Loss: 0.0862, Train: 99.00%, Valid: 95.16%, Test: 96.21%, Best Valid: 95.42%, Best Test: 96.67%
Epoch: 800, Loss: 0.0814, Train: 99.08%, Valid: 94.97%, Test: 95.88%, Best Valid: 95.49%, Best Test: 96.21%
Epoch: 900, Loss: 0.0560, Train: 99.41%, Valid: 95.10%, Test: 96.27%, Best Valid: 95.62%, Best Test: 96.47%
Epoch: 1000, Loss: 0.0654, Train: 99.22%, Valid: 94.84%, Test: 96.14%, Best Valid: 95.69%, Best Test: 96.54%
Epoch: 1100, Loss: 0.0470, Train: 99.48%, Valid: 95.29%, Test: 96.34%, Best Valid: 95.69%, Best Test: 96.54%
Run 07:
Highest Train: 99.63
Highest Valid: 95.69
Highest Test: 96.86
Chosen epoch: 962
Final Train: 99.54
Final Test: 96.54
Pre-training MLP for 500 epochs to generate co-occurrence matrix...
MLP pre-training complete. Penalty matrix frozen.
Epoch: 00, Loss: 3.0220, Train: 24.95%, Valid: 26.47%, Test: 25.56%, Best Valid: 26.47%, Best Test: 25.56%
Epoch: 100, Loss: 0.7608, Train: 78.50%, Valid: 78.37%, Test: 78.82%, Best Valid: 80.92%, Best Test: 81.90%
Switching Polynormer to global attention phase.
Epoch: 200, Loss: 2.4953, Train: 22.11%, Valid: 21.57%, Test: 22.29%, Best Valid: 90.00%, Best Test: 92.22%
Epoch: 300, Loss: 0.3171, Train: 93.22%, Valid: 91.83%, Test: 93.40%, Best Valid: 92.55%, Best Test: 93.86%
Epoch: 400, Loss: 0.2049, Train: 96.14%, Valid: 94.25%, Test: 95.62%, Best Valid: 94.77%, Best Test: 96.34%
Epoch: 500, Loss: 0.1657, Train: 97.43%, Valid: 94.44%, Test: 96.41%, Best Valid: 95.16%, Best Test: 96.60%
Epoch: 600, Loss: 0.1168, Train: 98.24%, Valid: 94.77%, Test: 96.47%, Best Valid: 95.56%, Best Test: 96.86%
Epoch: 700, Loss: 0.0954, Train: 98.52%, Valid: 94.77%, Test: 96.34%, Best Valid: 95.62%, Best Test: 96.80%
Epoch: 800, Loss: 0.0957, Train: 98.95%, Valid: 95.16%, Test: 96.41%, Best Valid: 95.69%, Best Test: 96.60%
Epoch: 900, Loss: 0.0680, Train: 99.28%, Valid: 95.36%, Test: 96.41%, Best Valid: 95.69%, Best Test: 96.60%
Epoch: 1000, Loss: 0.0587, Train: 99.24%, Valid: 94.51%, Test: 96.21%, Best Valid: 95.69%, Best Test: 96.60%
Epoch: 1100, Loss: 0.0652, Train: 99.41%, Valid: 94.64%, Test: 96.34%, Best Valid: 95.69%, Best Test: 96.60%
Run 08:
Highest Train: 99.67
Highest Valid: 95.69
Highest Test: 96.99
Chosen epoch: 708
Final Train: 98.85
Final Test: 96.60
Pre-training MLP for 500 epochs to generate co-occurrence matrix...
MLP pre-training complete. Penalty matrix frozen.
Epoch: 00, Loss: 3.0137, Train: 24.95%, Valid: 26.47%, Test: 25.56%, Best Valid: 26.47%, Best Test: 25.56%
Epoch: 100, Loss: 0.7968, Train: 79.80%, Valid: 78.10%, Test: 79.80%, Best Valid: 80.33%, Best Test: 80.78%
Switching Polynormer to global attention phase.
Epoch: 200, Loss: 2.4953, Train: 24.95%, Valid: 26.47%, Test: 25.56%, Best Valid: 93.20%, Best Test: 95.29%
Epoch: 300, Loss: 0.2780, Train: 95.42%, Valid: 93.53%, Test: 95.16%, Best Valid: 93.53%, Best Test: 95.16%
Epoch: 400, Loss: 0.1751, Train: 97.21%, Valid: 94.12%, Test: 95.95%, Best Valid: 94.64%, Best Test: 96.08%
Epoch: 500, Loss: 0.1335, Train: 97.76%, Valid: 94.31%, Test: 96.21%, Best Valid: 94.84%, Best Test: 96.60%
Epoch: 600, Loss: 0.1104, Train: 98.50%, Valid: 94.64%, Test: 96.27%, Best Valid: 95.42%, Best Test: 96.80%
Epoch: 700, Loss: 0.0799, Train: 99.06%, Valid: 95.10%, Test: 96.08%, Best Valid: 95.42%, Best Test: 96.80%
Epoch: 800, Loss: 0.0780, Train: 99.00%, Valid: 94.25%, Test: 95.69%, Best Valid: 95.42%, Best Test: 96.80%
Epoch: 900, Loss: 0.0551, Train: 99.15%, Valid: 94.31%, Test: 96.21%, Best Valid: 95.42%, Best Test: 96.80%
Epoch: 1000, Loss: 0.0520, Train: 99.39%, Valid: 94.38%, Test: 96.01%, Best Valid: 95.42%, Best Test: 96.80%
Epoch: 1100, Loss: 0.0496, Train: 99.50%, Valid: 94.64%, Test: 96.01%, Best Valid: 95.42%, Best Test: 96.80%
Run 09:
Highest Train: 99.76
Highest Valid: 95.42
Highest Test: 96.86
Chosen epoch: 585
Final Train: 98.61
Final Test: 96.80
Pre-training MLP for 500 epochs to generate co-occurrence matrix...
MLP pre-training complete. Penalty matrix frozen.
Epoch: 00, Loss: 2.9034, Train: 24.95%, Valid: 26.47%, Test: 25.56%, Best Valid: 26.47%, Best Test: 25.56%
Epoch: 100, Loss: 0.7158, Train: 82.79%, Valid: 82.22%, Test: 83.01%, Best Valid: 82.22%, Best Test: 83.01%
Switching Polynormer to global attention phase.
Epoch: 200, Loss: 2.4953, Train: 24.95%, Valid: 26.47%, Test: 25.56%, Best Valid: 93.40%, Best Test: 95.10%
Epoch: 300, Loss: 0.7583, Train: 73.99%, Valid: 72.42%, Test: 74.97%, Best Valid: 93.40%, Best Test: 95.10%
Epoch: 400, Loss: 0.2720, Train: 91.70%, Valid: 89.61%, Test: 90.65%, Best Valid: 93.40%, Best Test: 95.10%
Epoch: 500, Loss: 0.1722, Train: 94.29%, Valid: 92.16%, Test: 93.33%, Best Valid: 93.86%, Best Test: 94.58%
Epoch: 600, Loss: 0.1427, Train: 97.47%, Valid: 94.31%, Test: 95.62%, Best Valid: 94.90%, Best Test: 96.01%
Epoch: 700, Loss: 0.1107, Train: 98.06%, Valid: 94.44%, Test: 96.14%, Best Valid: 95.03%, Best Test: 96.01%
Epoch: 800, Loss: 0.0991, Train: 98.69%, Valid: 94.71%, Test: 96.47%, Best Valid: 95.16%, Best Test: 96.41%
Epoch: 900, Loss: 0.0829, Train: 98.74%, Valid: 94.84%, Test: 96.47%, Best Valid: 95.16%, Best Test: 96.41%
Epoch: 1000, Loss: 0.0685, Train: 99.11%, Valid: 94.90%, Test: 96.14%, Best Valid: 95.23%, Best Test: 96.21%
Epoch: 1100, Loss: 0.0674, Train: 99.00%, Valid: 94.58%, Test: 96.14%, Best Valid: 95.23%, Best Test: 96.21%
Run 10:
Highest Train: 99.48
Highest Valid: 95.23
Highest Test: 96.99
Chosen epoch: 906
Final Train: 98.71
Final Test: 96.21
All runs:
Highest Train: 99.63 ± 0.16
Highest Test: 96.93 ± 0.14
Highest Valid: 95.46 ± 0.20
  Final Train: 99.03 ± 0.36
   Final Test: 96.47 ± 0.35
Saving results to results_tuned/amazon-photo/polynormer.csv
--- mlp_reg | transform=none | lambda=0.4 | mlp_epochs=500 ---
Namespace(aggregate='add', alpha=0.5, attention='gcn', beta=-1.0, bn=False, cpu=False, data_dir='../data/', dataset='amazon-photo', device=0, dim_inner=64, display_step=100, dropout=0.7, epochs=500, global_dropout=None, global_epochs=1000, global_layers=2, gnn='gcn', graph_weight=0.8, hidden_channels=64, hops=10, in_dropout=0.2, jk=False, label_num_per_class=20, lambda_val=0.4, layers=1, ln=False, local_epochs=200, local_gnn_type='GCN', local_layers=7, lr=0.001, metric='acc', mlp_epochs=500, mlp_reg=True, model='polynormer', model_dir='models/gt_reg_1108499_20', n_heads=8, num_centroids=4096, num_heads=8, oracle_reg=False, paired_seeds=True, pe_types='RWSE', penalty_transform='none', pre_linear=False, pre_ln=False, rand_split=False, rand_split_class=False, reg_start_epoch=10, reg_update_freq=5, res=False, result_dir='results_tuned', runs=10, save_model=True, save_result=False, seed=42, test_num=1000, tr_dropout=None, tr_layers=1, tr_weight_decay=None, train_prop=0.5, use_act=False, use_bn=False, use_graph=False, use_reg=True, use_residual=False, use_weight=False, valid_num=500, valid_prop=0.25, weight_decay=5e-05)
amazon-photo
dataset amazon-photo | num nodes 7650 | num edge 238162 | num node feats 745 | num classes 8
MODEL: Polynormer(
  (h_lins): ModuleList(
    (0): Linear(in_features=512, out_features=512, bias=True)
    (1): Linear(in_features=512, out_features=512, bias=True)
    (2): Linear(in_features=512, out_features=512, bias=True)
    (3): Linear(in_features=512, out_features=512, bias=True)
    (4): Linear(in_features=512, out_features=512, bias=True)
    (5): Linear(in_features=512, out_features=512, bias=True)
    (6): Linear(in_features=512, out_features=512, bias=True)
  )
  (local_convs): ModuleList(
    (0): GATConv(512, 64, heads=8)
    (1): GATConv(512, 64, heads=8)
    (2): GATConv(512, 64, heads=8)
    (3): GATConv(512, 64, heads=8)
    (4): GATConv(512, 64, heads=8)
    (5): GATConv(512, 64, heads=8)
    (6): GATConv(512, 64, heads=8)
  )
  (lins): ModuleList(
    (0): Linear(in_features=512, out_features=512, bias=True)
    (1): Linear(in_features=512, out_features=512, bias=True)
    (2): Linear(in_features=512, out_features=512, bias=True)
    (3): Linear(in_features=512, out_features=512, bias=True)
    (4): Linear(in_features=512, out_features=512, bias=True)
    (5): Linear(in_features=512, out_features=512, bias=True)
    (6): Linear(in_features=512, out_features=512, bias=True)
  )
  (lns): ModuleList(
    (0): LayerNorm((512,), eps=1e-05, elementwise_affine=True)
    (1): LayerNorm((512,), eps=1e-05, elementwise_affine=True)
    (2): LayerNorm((512,), eps=1e-05, elementwise_affine=True)
    (3): LayerNorm((512,), eps=1e-05, elementwise_affine=True)
    (4): LayerNorm((512,), eps=1e-05, elementwise_affine=True)
    (5): LayerNorm((512,), eps=1e-05, elementwise_affine=True)
    (6): LayerNorm((512,), eps=1e-05, elementwise_affine=True)
  )
  (lin_in): Linear(in_features=745, out_features=512, bias=True)
  (ln): LayerNorm((512,), eps=1e-05, elementwise_affine=True)
  (global_attn): GlobalAttn(
    (h_lins): ModuleList(
      (0): Linear(in_features=512, out_features=512, bias=True)
      (1): Linear(in_features=512, out_features=512, bias=True)
    )
    (k_lins): ModuleList(
      (0): Linear(in_features=512, out_features=512, bias=True)
      (1): Linear(in_features=512, out_features=512, bias=True)
    )
    (v_lins): ModuleList(
      (0): Linear(in_features=512, out_features=512, bias=True)
      (1): Linear(in_features=512, out_features=512, bias=True)
    )
    (lns): ModuleList(
      (0): LayerNorm((512,), eps=1e-05, elementwise_affine=True)
      (1): LayerNorm((512,), eps=1e-05, elementwise_affine=True)
    )
    (lin_out): Linear(in_features=512, out_features=512, bias=True)
  )
  (pred_local): Linear(in_features=512, out_features=8, bias=True)
  (pred_global): Linear(in_features=512, out_features=8, bias=True)
)
Pre-training MLP for 500 epochs to generate co-occurrence matrix...
MLP pre-training complete. Penalty matrix frozen.
Epoch: 00, Loss: 3.4485, Train: 22.11%, Valid: 21.57%, Test: 22.29%, Best Valid: 21.57%, Best Test: 22.29%
Epoch: 100, Loss: 1.3265, Train: 67.49%, Valid: 66.41%, Test: 67.25%, Best Valid: 69.87%, Best Test: 70.46%
Switching Polynormer to global attention phase.
Epoch: 200, Loss: 2.9874, Train: 24.95%, Valid: 26.47%, Test: 25.56%, Best Valid: 91.83%, Best Test: 93.53%
Epoch: 300, Loss: 0.2647, Train: 93.53%, Valid: 91.18%, Test: 93.59%, Best Valid: 93.59%, Best Test: 95.62%
Epoch: 400, Loss: 0.1988, Train: 96.82%, Valid: 93.59%, Test: 95.82%, Best Valid: 94.51%, Best Test: 95.82%
Epoch: 500, Loss: 0.1473, Train: 97.82%, Valid: 94.44%, Test: 96.47%, Best Valid: 94.84%, Best Test: 96.86%
Epoch: 600, Loss: 0.1250, Train: 98.54%, Valid: 95.10%, Test: 96.80%, Best Valid: 95.36%, Best Test: 96.73%
Epoch: 700, Loss: 0.1122, Train: 99.00%, Valid: 95.49%, Test: 96.67%, Best Valid: 95.49%, Best Test: 96.67%
Epoch: 800, Loss: 0.0849, Train: 99.17%, Valid: 95.03%, Test: 96.73%, Best Valid: 95.49%, Best Test: 96.67%
Epoch: 900, Loss: 0.0774, Train: 99.22%, Valid: 94.77%, Test: 96.27%, Best Valid: 95.49%, Best Test: 96.67%
Epoch: 1000, Loss: 0.0670, Train: 99.26%, Valid: 94.90%, Test: 96.41%, Best Valid: 95.49%, Best Test: 96.67%
Epoch: 1100, Loss: 0.0551, Train: 99.28%, Valid: 94.77%, Test: 95.88%, Best Valid: 95.49%, Best Test: 96.67%
Run 01:
Highest Train: 99.74
Highest Valid: 95.49
Highest Test: 96.93
Chosen epoch: 700
Final Train: 99.00
Final Test: 96.67
Pre-training MLP for 500 epochs to generate co-occurrence matrix...
MLP pre-training complete. Penalty matrix frozen.
Epoch: 00, Loss: 3.3788, Train: 24.95%, Valid: 26.47%, Test: 25.56%, Best Valid: 26.47%, Best Test: 25.56%
Epoch: 100, Loss: 0.8383, Train: 75.21%, Valid: 74.77%, Test: 75.62%, Best Valid: 77.78%, Best Test: 78.69%
Switching Polynormer to global attention phase.
Epoch: 200, Loss: 2.9112, Train: 24.95%, Valid: 26.47%, Test: 25.56%, Best Valid: 92.61%, Best Test: 94.25%
Epoch: 300, Loss: 1.2930, Train: 60.44%, Valid: 59.87%, Test: 60.98%, Best Valid: 92.61%, Best Test: 94.25%
Epoch: 400, Loss: 0.3437, Train: 94.95%, Valid: 92.94%, Test: 94.58%, Best Valid: 93.46%, Best Test: 95.29%
Epoch: 500, Loss: 0.2460, Train: 95.38%, Valid: 92.61%, Test: 94.71%, Best Valid: 94.77%, Best Test: 96.14%
Epoch: 600, Loss: 0.1874, Train: 97.02%, Valid: 94.05%, Test: 95.62%, Best Valid: 95.16%, Best Test: 96.34%
Epoch: 700, Loss: 0.1453, Train: 97.76%, Valid: 94.71%, Test: 96.41%, Best Valid: 95.16%, Best Test: 96.34%
Epoch: 800, Loss: 0.1281, Train: 98.50%, Valid: 95.03%, Test: 96.80%, Best Valid: 95.29%, Best Test: 96.08%
Epoch: 900, Loss: 0.1234, Train: 98.67%, Valid: 94.71%, Test: 96.01%, Best Valid: 95.29%, Best Test: 96.08%
Epoch: 1000, Loss: 0.0779, Train: 98.85%, Valid: 94.90%, Test: 96.21%, Best Valid: 95.56%, Best Test: 96.41%
Epoch: 1100, Loss: 0.0867, Train: 99.28%, Valid: 94.84%, Test: 96.01%, Best Valid: 95.56%, Best Test: 96.41%
Run 02:
Highest Train: 99.56
Highest Valid: 95.56
Highest Test: 96.80
Chosen epoch: 935
Final Train: 99.08
Final Test: 96.41
Pre-training MLP for 500 epochs to generate co-occurrence matrix...
MLP pre-training complete. Penalty matrix frozen.
Epoch: 00, Loss: 3.3659, Train: 24.95%, Valid: 26.47%, Test: 25.56%, Best Valid: 26.47%, Best Test: 25.56%
Epoch: 100, Loss: 1.0533, Train: 53.79%, Valid: 52.55%, Test: 54.25%, Best Valid: 56.54%, Best Test: 57.19%
Switching Polynormer to global attention phase.
Epoch: 200, Loss: 2.9112, Train: 24.95%, Valid: 26.47%, Test: 25.56%, Best Valid: 90.07%, Best Test: 90.72%
Epoch: 300, Loss: 0.3226, Train: 94.79%, Valid: 93.66%, Test: 94.77%, Best Valid: 93.66%, Best Test: 94.77%
Epoch: 400, Loss: 0.2341, Train: 96.64%, Valid: 93.79%, Test: 95.42%, Best Valid: 94.25%, Best Test: 96.08%
Epoch: 500, Loss: 0.1662, Train: 97.47%, Valid: 93.73%, Test: 96.21%, Best Valid: 94.51%, Best Test: 96.27%
Epoch: 600, Loss: 0.1288, Train: 97.54%, Valid: 93.53%, Test: 96.14%, Best Valid: 94.64%, Best Test: 96.34%
Epoch: 700, Loss: 0.1086, Train: 98.37%, Valid: 94.05%, Test: 96.08%, Best Valid: 95.42%, Best Test: 96.60%
Epoch: 800, Loss: 0.0942, Train: 97.06%, Valid: 92.94%, Test: 94.58%, Best Valid: 95.56%, Best Test: 96.47%
Epoch: 900, Loss: 0.0848, Train: 98.74%, Valid: 94.44%, Test: 95.88%, Best Valid: 95.56%, Best Test: 96.47%
Epoch: 1000, Loss: 0.0656, Train: 98.82%, Valid: 94.31%, Test: 95.29%, Best Valid: 95.56%, Best Test: 96.47%
Epoch: 1100, Loss: 0.0730, Train: 99.37%, Valid: 94.64%, Test: 96.01%, Best Valid: 95.56%, Best Test: 96.47%
Run 03:
Highest Train: 99.59
Highest Valid: 95.56
Highest Test: 96.99
Chosen epoch: 792
Final Train: 98.98
Final Test: 96.47
Pre-training MLP for 500 epochs to generate co-occurrence matrix...
MLP pre-training complete. Penalty matrix frozen.
Epoch: 00, Loss: 3.4824, Train: 23.99%, Valid: 25.95%, Test: 24.31%, Best Valid: 25.95%, Best Test: 24.31%
Epoch: 100, Loss: 1.3188, Train: 43.49%, Valid: 42.75%, Test: 43.53%, Best Valid: 69.74%, Best Test: 70.92%
Switching Polynormer to global attention phase.
Epoch: 200, Loss: 2.9112, Train: 24.95%, Valid: 26.47%, Test: 25.56%, Best Valid: 91.24%, Best Test: 93.01%
Epoch: 300, Loss: 0.3495, Train: 94.75%, Valid: 92.75%, Test: 94.77%, Best Valid: 92.75%, Best Test: 94.77%
Epoch: 400, Loss: 0.2179, Train: 96.34%, Valid: 93.40%, Test: 95.75%, Best Valid: 93.99%, Best Test: 96.34%
Epoch: 500, Loss: 0.1832, Train: 97.02%, Valid: 93.92%, Test: 96.08%, Best Valid: 94.77%, Best Test: 96.60%
Epoch: 600, Loss: 0.1529, Train: 98.26%, Valid: 94.97%, Test: 96.47%, Best Valid: 95.10%, Best Test: 96.34%
Epoch: 700, Loss: 0.1096, Train: 97.84%, Valid: 93.79%, Test: 95.42%, Best Valid: 95.42%, Best Test: 96.34%
Epoch: 800, Loss: 0.0992, Train: 98.87%, Valid: 94.84%, Test: 96.27%, Best Valid: 95.42%, Best Test: 96.34%
Epoch: 900, Loss: 0.0854, Train: 99.26%, Valid: 95.23%, Test: 95.82%, Best Valid: 95.49%, Best Test: 96.41%
Epoch: 1000, Loss: 0.0643, Train: 99.30%, Valid: 94.44%, Test: 95.56%, Best Valid: 95.49%, Best Test: 96.41%
Epoch: 1100, Loss: 0.0529, Train: 99.37%, Valid: 94.71%, Test: 95.56%, Best Valid: 95.49%, Best Test: 96.41%
Run 04:
Highest Train: 99.67
Highest Valid: 95.49
Highest Test: 96.93
Chosen epoch: 805
Final Train: 99.08
Final Test: 96.41
Pre-training MLP for 500 epochs to generate co-occurrence matrix...
MLP pre-training complete. Penalty matrix frozen.
Epoch: 00, Loss: 3.4658, Train: 22.44%, Valid: 22.29%, Test: 22.29%, Best Valid: 22.29%, Best Test: 22.29%
Epoch: 100, Loss: 0.9558, Train: 67.15%, Valid: 65.56%, Test: 66.93%, Best Valid: 69.67%, Best Test: 71.70%
Switching Polynormer to global attention phase.
Epoch: 200, Loss: 2.9112, Train: 24.95%, Valid: 26.47%, Test: 25.56%, Best Valid: 91.44%, Best Test: 93.20%
Epoch: 300, Loss: 0.3848, Train: 94.05%, Valid: 92.61%, Test: 94.18%, Best Valid: 92.61%, Best Test: 93.86%
Epoch: 400, Loss: 0.2567, Train: 95.36%, Valid: 93.01%, Test: 93.99%, Best Valid: 94.38%, Best Test: 95.69%
Epoch: 500, Loss: 0.1975, Train: 96.58%, Valid: 93.20%, Test: 94.31%, Best Valid: 95.03%, Best Test: 96.08%
Epoch: 600, Loss: 0.1642, Train: 97.76%, Valid: 94.31%, Test: 95.62%, Best Valid: 95.03%, Best Test: 96.08%
Epoch: 700, Loss: 0.1367, Train: 98.28%, Valid: 94.25%, Test: 95.62%, Best Valid: 95.03%, Best Test: 96.08%
Epoch: 800, Loss: 0.1303, Train: 98.34%, Valid: 94.77%, Test: 95.49%, Best Valid: 95.03%, Best Test: 96.08%
Epoch: 900, Loss: 0.0976, Train: 98.95%, Valid: 94.44%, Test: 95.88%, Best Valid: 95.03%, Best Test: 96.08%
Epoch: 1000, Loss: 0.0816, Train: 99.00%, Valid: 94.64%, Test: 95.69%, Best Valid: 95.10%, Best Test: 95.95%
Epoch: 1100, Loss: 0.0713, Train: 99.00%, Valid: 94.84%, Test: 95.42%, Best Valid: 95.23%, Best Test: 95.62%
Run 05:
Highest Train: 99.54
Highest Valid: 95.42
Highest Test: 96.21
Chosen epoch: 1180
Final Train: 99.46
Final Test: 96.01
Pre-training MLP for 500 epochs to generate co-occurrence matrix...
MLP pre-training complete. Penalty matrix frozen.
Epoch: 00, Loss: 3.4396, Train: 24.95%, Valid: 26.47%, Test: 25.56%, Best Valid: 26.47%, Best Test: 25.56%
Epoch: 100, Loss: 0.9078, Train: 76.03%, Valid: 75.75%, Test: 78.37%, Best Valid: 77.45%, Best Test: 77.91%
Switching Polynormer to global attention phase.
Epoch: 200, Loss: 2.9112, Train: 22.11%, Valid: 21.57%, Test: 22.29%, Best Valid: 93.01%, Best Test: 93.99%
Epoch: 300, Loss: 0.3199, Train: 95.62%, Valid: 93.33%, Test: 94.90%, Best Valid: 93.53%, Best Test: 94.97%
Epoch: 400, Loss: 0.2015, Train: 97.10%, Valid: 93.79%, Test: 95.95%, Best Valid: 94.44%, Best Test: 95.95%
Epoch: 500, Loss: 0.1584, Train: 97.47%, Valid: 94.38%, Test: 96.01%, Best Valid: 95.03%, Best Test: 96.54%
Epoch: 600, Loss: 0.1267, Train: 94.23%, Valid: 90.52%, Test: 93.73%, Best Valid: 95.03%, Best Test: 96.54%
Epoch: 700, Loss: 0.1006, Train: 98.58%, Valid: 94.84%, Test: 95.95%, Best Valid: 95.23%, Best Test: 96.54%
Epoch: 800, Loss: 0.0849, Train: 98.87%, Valid: 94.77%, Test: 95.88%, Best Valid: 95.23%, Best Test: 96.54%
Epoch: 900, Loss: 0.0822, Train: 99.19%, Valid: 94.77%, Test: 96.60%, Best Valid: 95.23%, Best Test: 96.54%
Epoch: 1000, Loss: 0.0764, Train: 99.37%, Valid: 94.84%, Test: 96.08%, Best Valid: 95.23%, Best Test: 96.54%
Epoch: 1100, Loss: 0.0624, Train: 99.35%, Valid: 94.51%, Test: 95.69%, Best Valid: 95.23%, Best Test: 96.54%
Run 06:
Highest Train: 99.65
Highest Valid: 95.23
Highest Test: 96.86
Chosen epoch: 635
Final Train: 98.56
Final Test: 96.54
Pre-training MLP for 500 epochs to generate co-occurrence matrix...
MLP pre-training complete. Penalty matrix frozen.
Epoch: 00, Loss: 3.7271, Train: 24.95%, Valid: 26.47%, Test: 25.56%, Best Valid: 26.47%, Best Test: 25.56%
Epoch: 100, Loss: 1.0029, Train: 72.11%, Valid: 72.03%, Test: 72.16%, Best Valid: 77.84%, Best Test: 76.86%
Switching Polynormer to global attention phase.
Epoch: 200, Loss: 2.9112, Train: 12.51%, Valid: 11.63%, Test: 10.65%, Best Valid: 92.03%, Best Test: 94.18%
Epoch: 300, Loss: 0.3631, Train: 94.79%, Valid: 92.81%, Test: 94.51%, Best Valid: 92.81%, Best Test: 94.51%
Epoch: 400, Loss: 0.2358, Train: 96.32%, Valid: 93.20%, Test: 95.88%, Best Valid: 94.38%, Best Test: 95.95%
Epoch: 500, Loss: 0.1831, Train: 97.12%, Valid: 93.46%, Test: 96.14%, Best Valid: 94.38%, Best Test: 95.95%
Epoch: 600, Loss: 0.1720, Train: 97.52%, Valid: 94.12%, Test: 95.95%, Best Valid: 94.71%, Best Test: 96.34%
Epoch: 700, Loss: 0.1305, Train: 98.06%, Valid: 94.18%, Test: 96.27%, Best Valid: 95.49%, Best Test: 96.86%
Epoch: 800, Loss: 0.1166, Train: 98.67%, Valid: 94.77%, Test: 96.47%, Best Valid: 95.49%, Best Test: 96.86%
Epoch: 900, Loss: 0.0955, Train: 98.82%, Valid: 95.10%, Test: 95.95%, Best Valid: 95.49%, Best Test: 96.86%
Epoch: 1000, Loss: 0.0731, Train: 99.19%, Valid: 94.71%, Test: 95.49%, Best Valid: 95.56%, Best Test: 96.27%
Epoch: 1100, Loss: 0.0650, Train: 99.22%, Valid: 94.97%, Test: 95.62%, Best Valid: 95.69%, Best Test: 96.14%
Run 07:
Highest Train: 99.56
Highest Valid: 95.69
Highest Test: 96.86
Chosen epoch: 1041
Final Train: 99.50
Final Test: 96.14
Pre-training MLP for 500 epochs to generate co-occurrence matrix...
MLP pre-training complete. Penalty matrix frozen.
Epoch: 00, Loss: 3.5257, Train: 24.95%, Valid: 26.47%, Test: 25.56%, Best Valid: 26.47%, Best Test: 25.56%
Epoch: 100, Loss: 1.4299, Train: 64.79%, Valid: 61.76%, Test: 65.56%, Best Valid: 68.10%, Best Test: 70.72%
Switching Polynormer to global attention phase.
Epoch: 200, Loss: 2.9112, Train: 24.95%, Valid: 26.47%, Test: 25.56%, Best Valid: 90.98%, Best Test: 92.88%
Epoch: 300, Loss: 0.4571, Train: 87.65%, Valid: 86.99%, Test: 88.24%, Best Valid: 90.98%, Best Test: 92.88%
Epoch: 400, Loss: 0.2763, Train: 93.64%, Valid: 92.09%, Test: 93.79%, Best Valid: 92.42%, Best Test: 94.12%
Epoch: 500, Loss: 0.2069, Train: 96.62%, Valid: 94.05%, Test: 95.56%, Best Valid: 94.44%, Best Test: 96.08%
Epoch: 600, Loss: 0.1625, Train: 97.69%, Valid: 94.71%, Test: 96.21%, Best Valid: 94.77%, Best Test: 96.60%
Epoch: 700, Loss: 0.1327, Train: 98.13%, Valid: 94.31%, Test: 96.08%, Best Valid: 95.10%, Best Test: 96.60%
Epoch: 800, Loss: 0.1179, Train: 98.04%, Valid: 94.31%, Test: 96.01%, Best Valid: 95.10%, Best Test: 96.60%
Epoch: 900, Loss: 0.1067, Train: 98.78%, Valid: 94.44%, Test: 95.62%, Best Valid: 95.29%, Best Test: 96.67%
Epoch: 1000, Loss: 0.0786, Train: 99.11%, Valid: 94.71%, Test: 96.21%, Best Valid: 95.29%, Best Test: 96.67%
Epoch: 1100, Loss: 0.0705, Train: 99.24%, Valid: 94.71%, Test: 96.14%, Best Valid: 95.49%, Best Test: 96.73%
Run 08:
Highest Train: 99.63
Highest Valid: 95.49
Highest Test: 96.99
Chosen epoch: 1056
Final Train: 99.39
Final Test: 96.73
Pre-training MLP for 500 epochs to generate co-occurrence matrix...
MLP pre-training complete. Penalty matrix frozen.
Epoch: 00, Loss: 3.5160, Train: 24.95%, Valid: 26.47%, Test: 25.56%, Best Valid: 26.47%, Best Test: 25.56%
Epoch: 100, Loss: 0.9931, Train: 71.72%, Valid: 68.89%, Test: 72.03%, Best Valid: 71.18%, Best Test: 74.31%
Switching Polynormer to global attention phase.
Epoch: 200, Loss: 2.9112, Train: 22.11%, Valid: 21.57%, Test: 22.29%, Best Valid: 91.63%, Best Test: 93.33%
Epoch: 300, Loss: 0.4078, Train: 91.92%, Valid: 90.26%, Test: 91.83%, Best Valid: 91.63%, Best Test: 93.33%
Epoch: 400, Loss: 0.2705, Train: 95.38%, Valid: 93.20%, Test: 95.03%, Best Valid: 93.40%, Best Test: 94.97%
Epoch: 500, Loss: 0.2244, Train: 96.88%, Valid: 94.12%, Test: 95.95%, Best Valid: 94.25%, Best Test: 96.01%
Epoch: 600, Loss: 0.1827, Train: 96.84%, Valid: 93.66%, Test: 95.23%, Best Valid: 94.44%, Best Test: 95.75%
Epoch: 700, Loss: 0.1298, Train: 98.26%, Valid: 94.77%, Test: 96.34%, Best Valid: 94.77%, Best Test: 95.95%
Epoch: 800, Loss: 0.1208, Train: 98.47%, Valid: 94.84%, Test: 95.95%, Best Valid: 95.10%, Best Test: 96.08%
Epoch: 900, Loss: 0.0986, Train: 99.08%, Valid: 94.71%, Test: 96.14%, Best Valid: 95.23%, Best Test: 96.14%
Epoch: 1000, Loss: 0.0698, Train: 99.37%, Valid: 95.23%, Test: 96.01%, Best Valid: 95.42%, Best Test: 96.34%
Epoch: 1100, Loss: 0.0774, Train: 99.17%, Valid: 94.64%, Test: 95.42%, Best Valid: 95.42%, Best Test: 96.34%
Run 09:
Highest Train: 99.72
Highest Valid: 95.42
Highest Test: 96.73
Chosen epoch: 972
Final Train: 99.19
Final Test: 96.34
Pre-training MLP for 500 epochs to generate co-occurrence matrix...
MLP pre-training complete. Penalty matrix frozen.
Epoch: 00, Loss: 3.3873, Train: 24.95%, Valid: 26.47%, Test: 25.56%, Best Valid: 26.47%, Best Test: 25.56%
Epoch: 100, Loss: 1.1150, Train: 51.39%, Valid: 50.59%, Test: 51.63%, Best Valid: 69.08%, Best Test: 70.92%
Switching Polynormer to global attention phase.
Epoch: 200, Loss: 2.9112, Train: 24.95%, Valid: 26.47%, Test: 25.56%, Best Valid: 91.11%, Best Test: 93.07%
Epoch: 300, Loss: 0.4478, Train: 92.42%, Valid: 91.11%, Test: 92.61%, Best Valid: 91.37%, Best Test: 93.01%
Epoch: 400, Loss: 0.2576, Train: 95.49%, Valid: 93.20%, Test: 95.10%, Best Valid: 93.99%, Best Test: 96.01%
Epoch: 500, Loss: 0.1853, Train: 96.49%, Valid: 94.05%, Test: 95.88%, Best Valid: 95.10%, Best Test: 96.47%
Epoch: 600, Loss: 0.1593, Train: 97.93%, Valid: 94.51%, Test: 96.01%, Best Valid: 95.10%, Best Test: 96.47%
Epoch: 700, Loss: 0.1285, Train: 98.43%, Valid: 95.36%, Test: 96.34%, Best Valid: 95.36%, Best Test: 96.34%
Epoch: 800, Loss: 0.1144, Train: 98.52%, Valid: 94.58%, Test: 96.27%, Best Valid: 95.56%, Best Test: 96.27%
Epoch: 900, Loss: 0.0923, Train: 98.80%, Valid: 94.18%, Test: 96.01%, Best Valid: 95.56%, Best Test: 96.27%
Epoch: 1000, Loss: 0.0758, Train: 99.41%, Valid: 94.97%, Test: 96.14%, Best Valid: 95.56%, Best Test: 96.27%
Epoch: 1100, Loss: 0.0693, Train: 99.26%, Valid: 94.77%, Test: 95.95%, Best Valid: 95.56%, Best Test: 96.27%
Run 10:
Highest Train: 99.69
Highest Valid: 95.56
Highest Test: 96.80
Chosen epoch: 796
Final Train: 98.74
Final Test: 96.27
All runs:
Highest Train: 99.64 ± 0.07
Highest Test: 96.81 ± 0.23
Highest Valid: 95.49 ± 0.12
  Final Train: 99.10 ± 0.30
   Final Test: 96.40 ± 0.22
Saving results to results_tuned/amazon-photo/polynormer.csv
Condition sweep completed.
Task 20 done.
