Sat Jul 18 13:00:26 2026       
+-----------------------------------------------------------------------------------------+
| NVIDIA-SMI 580.159.04             Driver Version: 580.159.04     CUDA Version: 13.0     |
+-----------------------------------------+------------------------+----------------------+
| GPU  Name                 Persistence-M | Bus-Id          Disp.A | Volatile Uncorr. ECC |
| Fan  Temp   Perf          Pwr:Usage/Cap |           Memory-Usage | GPU-Util  Compute M. |
|                                         |                        |               MIG M. |
|=========================================+========================+======================|
|   0  NVIDIA A100-SXM4-80GB          On  |   00000000:01:00.0 Off |                   On |
| N/A   38C    P0            128W /  500W |    1535MiB /  81920MiB |     N/A      Default |
|                                         |                        |              Enabled |
+-----------------------------------------+------------------------+----------------------+
|   1  NVIDIA A100-SXM4-80GB          On  |   00000000:41:00.0 Off |                   On |
| N/A   29C    P0             60W /  500W |    1409MiB /  81920MiB |     N/A      Default |
|                                         |                        |              Enabled |
+-----------------------------------------+------------------------+----------------------+
|   2  NVIDIA A100-SXM4-80GB          On  |   00000000:81:00.0 Off |                   On |
| N/A   38C    P0            145W /  500W |    7117MiB /  81920MiB |     N/A      Default |
|                                         |                        |              Enabled |
+-----------------------------------------+------------------------+----------------------+
|   3  NVIDIA A100-SXM4-80GB          On  |   00000000:C1:00.0 Off |                   On |
| N/A   30C    P0             50W /  500W |     249MiB /  81920MiB |     N/A      Default |
|                                         |                        |              Enabled |
+-----------------------------------------+------------------------+----------------------+

+-----------------------------------------------------------------------------------------+
| MIG devices:                                                                            |
+------------------+----------------------------------+-----------+-----------------------+
| GPU  GI  CI  MIG |              Shared Memory-Usage |        Vol|        Shared         |
|      ID  ID  Dev |                Shared BAR1-Usage | SM     Unc| CE ENC  DEC  OFA  JPG |
|                  |                                  |        ECC|                       |
|==================+==================================+===========+=======================|
|  3    5   0   0  |              71MiB / 19968MiB    | 28      0 |  2   0    1    0    0 |
|                  |               0MiB / 12271MiB    |           |                       |
+------------------+----------------------------------+-----------+-----------------------+

+-----------------------------------------------------------------------------------------+
| Processes:                                                                              |
|  GPU   GI   CI              PID   Type   Process name                        GPU Memory |
|        ID   ID                                                               Usage      |
|=========================================================================================|
|    0    5    0          1050086      C   python                                 1278MiB |
|    1    3    0          1050086      C   python                                 1152MiB |
|    2    3    0          1414203      C   python                                 6860MiB |
+-----------------------------------------------------------------------------------------+
Verifying published config: polynormer / minesweeper
python main.py --model polynormer --dataset minesweeper --hidden_channels 64 --local_epochs 100 --global_epochs 2000 --lr 0.001 --runs $RUNS --local_layers 10 --global_layers 3 --weight_decay 0.0 --dropout 0.3 --in_dropout 0.2 --num_heads 8 --metric rocauc --save_model --device $DEVICE $EXTRA
Namespace(aggregate='add', alpha=0.5, attention='gcn', beta=-1.0, bn=False, cpu=False, data_dir='../data/', dataset='minesweeper', device=0, dim_inner=64, display_step=100, dropout=0.3, epochs=500, global_dropout=None, global_epochs=2000, global_layers=3, gnn='gcn', graph_weight=0.8, hidden_channels=64, hops=10, in_dropout=0.2, jk=False, label_num_per_class=20, lambda_val=0.5, layers=1, ln=False, local_epochs=100, local_gnn_type='GCN', local_layers=10, lr=0.001, metric='rocauc', mlp_epochs=500, mlp_reg=False, model='polynormer', model_dir='models/gt_tuned_1108497_2', n_heads=8, num_centroids=4096, num_heads=8, oracle_reg=False, paired_seeds=True, pe_types='RWSE', penalty_transform='none', pre_linear=False, pre_ln=False, rand_split=False, rand_split_class=False, reg_start_epoch=10, reg_update_freq=5, res=False, result_dir='results_tuned', runs=10, save_model=True, save_result=False, seed=42, test_num=1000, tr_dropout=None, tr_layers=1, tr_weight_decay=None, train_prop=0.5, use_act=False, use_bn=False, use_graph=False, use_reg=False, use_residual=False, use_weight=False, valid_num=500, valid_prop=0.25, weight_decay=0.0)
minesweeper
dataset minesweeper | num nodes 10000 | num edge 39402 | num node feats 7 | num classes 2
MODEL: Polynormer(
  (h_lins): ModuleList(
    (0): Linear(in_features=512, out_features=512, bias=True)
    (1): Linear(in_features=512, out_features=512, bias=True)
    (2): Linear(in_features=512, out_features=512, bias=True)
    (3): Linear(in_features=512, out_features=512, bias=True)
    (4): Linear(in_features=512, out_features=512, bias=True)
    (5): Linear(in_features=512, out_features=512, bias=True)
    (6): Linear(in_features=512, out_features=512, bias=True)
    (7): Linear(in_features=512, out_features=512, bias=True)
    (8): Linear(in_features=512, out_features=512, bias=True)
    (9): Linear(in_features=512, out_features=512, bias=True)
  )
  (local_convs): ModuleList(
    (0): GATConv(512, 64, heads=8)
    (1): GATConv(512, 64, heads=8)
    (2): GATConv(512, 64, heads=8)
    (3): GATConv(512, 64, heads=8)
    (4): GATConv(512, 64, heads=8)
    (5): GATConv(512, 64, heads=8)
    (6): GATConv(512, 64, heads=8)
    (7): GATConv(512, 64, heads=8)
    (8): GATConv(512, 64, heads=8)
    (9): GATConv(512, 64, heads=8)
  )
  (lins): ModuleList(
    (0): Linear(in_features=512, out_features=512, bias=True)
    (1): Linear(in_features=512, out_features=512, bias=True)
    (2): Linear(in_features=512, out_features=512, bias=True)
    (3): Linear(in_features=512, out_features=512, bias=True)
    (4): Linear(in_features=512, out_features=512, bias=True)
    (5): Linear(in_features=512, out_features=512, bias=True)
    (6): Linear(in_features=512, out_features=512, bias=True)
    (7): Linear(in_features=512, out_features=512, bias=True)
    (8): Linear(in_features=512, out_features=512, bias=True)
    (9): Linear(in_features=512, out_features=512, bias=True)
  )
  (lns): ModuleList(
    (0): LayerNorm((512,), eps=1e-05, elementwise_affine=True)
    (1): LayerNorm((512,), eps=1e-05, elementwise_affine=True)
    (2): LayerNorm((512,), eps=1e-05, elementwise_affine=True)
    (3): LayerNorm((512,), eps=1e-05, elementwise_affine=True)
    (4): LayerNorm((512,), eps=1e-05, elementwise_affine=True)
    (5): LayerNorm((512,), eps=1e-05, elementwise_affine=True)
    (6): LayerNorm((512,), eps=1e-05, elementwise_affine=True)
    (7): LayerNorm((512,), eps=1e-05, elementwise_affine=True)
    (8): LayerNorm((512,), eps=1e-05, elementwise_affine=True)
    (9): LayerNorm((512,), eps=1e-05, elementwise_affine=True)
  )
  (lin_in): Linear(in_features=7, out_features=512, bias=True)
  (ln): LayerNorm((512,), eps=1e-05, elementwise_affine=True)
  (global_attn): GlobalAttn(
    (h_lins): ModuleList(
      (0): Linear(in_features=512, out_features=512, bias=True)
      (1): Linear(in_features=512, out_features=512, bias=True)
      (2): Linear(in_features=512, out_features=512, bias=True)
    )
    (k_lins): ModuleList(
      (0): Linear(in_features=512, out_features=512, bias=True)
      (1): Linear(in_features=512, out_features=512, bias=True)
      (2): Linear(in_features=512, out_features=512, bias=True)
    )
    (v_lins): ModuleList(
      (0): Linear(in_features=512, out_features=512, bias=True)
      (1): Linear(in_features=512, out_features=512, bias=True)
      (2): Linear(in_features=512, out_features=512, bias=True)
    )
    (lns): ModuleList(
      (0): LayerNorm((512,), eps=1e-05, elementwise_affine=True)
      (1): LayerNorm((512,), eps=1e-05, elementwise_affine=True)
      (2): LayerNorm((512,), eps=1e-05, elementwise_affine=True)
    )
    (lin_out): Linear(in_features=512, out_features=512, bias=True)
  )
  (pred_local): Linear(in_features=512, out_features=2, bias=True)
  (pred_global): Linear(in_features=512, out_features=2, bias=True)
)
Epoch: 00, Loss: 1.2195, Train: 35.26%, Valid: 36.29%, Test: 34.47%, Best Valid: 36.29%, Best Test: 34.47%
Switching Polynormer to global attention phase.
Epoch: 100, Loss: 0.7845, Train: 70.85%, Valid: 69.08%, Test: 69.19%, Best Valid: 89.64%, Best Test: 90.47%
Epoch: 200, Loss: 0.3082, Train: 93.40%, Valid: 90.59%, Test: 91.59%, Best Valid: 90.81%, Best Test: 91.74%
Epoch: 300, Loss: 0.2647, Train: 96.91%, Valid: 93.72%, Test: 94.94%, Best Valid: 93.72%, Best Test: 94.94%
Epoch: 400, Loss: 0.2374, Train: 98.50%, Valid: 94.22%, Test: 95.31%, Best Valid: 94.22%, Best Test: 95.31%
Epoch: 500, Loss: 0.2214, Train: 99.26%, Valid: 93.93%, Test: 95.65%, Best Valid: 94.41%, Best Test: 95.54%
Epoch: 600, Loss: 0.1985, Train: 99.74%, Valid: 94.30%, Test: 95.61%, Best Valid: 94.72%, Best Test: 95.81%
Epoch: 700, Loss: 0.1729, Train: 99.90%, Valid: 94.99%, Test: 96.10%, Best Valid: 94.99%, Best Test: 96.10%
Epoch: 800, Loss: 0.1792, Train: 99.98%, Valid: 94.68%, Test: 95.72%, Best Valid: 95.01%, Best Test: 96.07%
Epoch: 900, Loss: 0.1714, Train: 100.00%, Valid: 95.81%, Test: 96.59%, Best Valid: 95.81%, Best Test: 96.59%
Epoch: 1000, Loss: 0.1395, Train: 100.00%, Valid: 95.14%, Test: 96.51%, Best Valid: 95.81%, Best Test: 96.59%
Epoch: 1100, Loss: 0.1410, Train: 100.00%, Valid: 95.23%, Test: 96.56%, Best Valid: 95.81%, Best Test: 96.59%
Epoch: 1200, Loss: 0.1317, Train: 100.00%, Valid: 95.27%, Test: 96.49%, Best Valid: 95.89%, Best Test: 96.73%
Epoch: 1300, Loss: 0.1230, Train: 100.00%, Valid: 95.39%, Test: 96.71%, Best Valid: 96.16%, Best Test: 97.09%
Epoch: 1400, Loss: 0.1142, Train: 100.00%, Valid: 95.74%, Test: 96.88%, Best Valid: 96.21%, Best Test: 97.06%
Epoch: 1500, Loss: 0.1033, Train: 100.00%, Valid: 95.94%, Test: 96.90%, Best Valid: 96.24%, Best Test: 96.86%
Epoch: 1600, Loss: 0.0941, Train: 100.00%, Valid: 95.97%, Test: 96.93%, Best Valid: 96.24%, Best Test: 96.86%
Epoch: 1700, Loss: 0.0914, Train: 100.00%, Valid: 95.96%, Test: 96.92%, Best Valid: 96.24%, Best Test: 96.86%
Epoch: 1800, Loss: 0.0803, Train: 100.00%, Valid: 96.06%, Test: 96.64%, Best Valid: 96.47%, Best Test: 97.13%
Epoch: 1900, Loss: 0.0855, Train: 100.00%, Valid: 95.83%, Test: 96.55%, Best Valid: 96.47%, Best Test: 97.13%
Epoch: 2000, Loss: 0.0750, Train: 100.00%, Valid: 96.15%, Test: 96.83%, Best Valid: 96.47%, Best Test: 97.13%
Run 01:
Highest Train: 100.00
Highest Valid: 96.47
Highest Test: 97.23
Chosen epoch: 1778
Final Train: 100.00
Final Test: 97.13
Epoch: 00, Loss: 2.0066, Train: 48.71%, Valid: 46.24%, Test: 45.27%, Best Valid: 46.24%, Best Test: 45.27%
Switching Polynormer to global attention phase.
Epoch: 100, Loss: 0.7447, Train: 64.01%, Valid: 62.21%, Test: 61.30%, Best Valid: 91.05%, Best Test: 90.76%
Epoch: 200, Loss: 0.3261, Train: 92.38%, Valid: 91.58%, Test: 91.17%, Best Valid: 91.58%, Best Test: 91.17%
Epoch: 300, Loss: 0.2892, Train: 95.51%, Valid: 94.03%, Test: 93.79%, Best Valid: 94.03%, Best Test: 93.79%
Epoch: 400, Loss: 0.2642, Train: 97.63%, Valid: 94.58%, Test: 94.48%, Best Valid: 94.84%, Best Test: 94.64%
Epoch: 500, Loss: 0.2421, Train: 98.72%, Valid: 94.66%, Test: 94.30%, Best Valid: 94.93%, Best Test: 94.56%
Epoch: 600, Loss: 0.2227, Train: 99.37%, Valid: 94.57%, Test: 94.96%, Best Valid: 95.10%, Best Test: 95.14%
Epoch: 700, Loss: 0.2043, Train: 99.76%, Valid: 95.24%, Test: 95.40%, Best Valid: 95.42%, Best Test: 95.72%
Epoch: 800, Loss: 0.2011, Train: 99.95%, Valid: 95.21%, Test: 95.77%, Best Valid: 95.68%, Best Test: 95.88%
Epoch: 900, Loss: 0.1687, Train: 99.97%, Valid: 94.96%, Test: 95.30%, Best Valid: 95.99%, Best Test: 96.08%
Epoch: 1000, Loss: 0.1623, Train: 99.99%, Valid: 95.63%, Test: 95.86%, Best Valid: 95.99%, Best Test: 96.08%
Epoch: 1100, Loss: 0.1553, Train: 100.00%, Valid: 95.95%, Test: 96.44%, Best Valid: 96.28%, Best Test: 96.81%
Epoch: 1200, Loss: 0.1385, Train: 100.00%, Valid: 96.14%, Test: 96.30%, Best Valid: 96.39%, Best Test: 96.61%
Epoch: 1300, Loss: 0.1275, Train: 100.00%, Valid: 96.26%, Test: 96.76%, Best Valid: 96.48%, Best Test: 96.60%
Epoch: 1400, Loss: 0.1181, Train: 100.00%, Valid: 96.42%, Test: 96.80%, Best Valid: 96.58%, Best Test: 96.71%
Epoch: 1500, Loss: 0.1143, Train: 100.00%, Valid: 96.21%, Test: 96.29%, Best Valid: 96.73%, Best Test: 96.64%
Epoch: 1600, Loss: 0.1218, Train: 100.00%, Valid: 96.11%, Test: 96.43%, Best Valid: 96.73%, Best Test: 96.64%
Epoch: 1700, Loss: 0.1138, Train: 100.00%, Valid: 96.24%, Test: 96.44%, Best Valid: 96.82%, Best Test: 96.79%
Epoch: 1800, Loss: 0.1027, Train: 100.00%, Valid: 96.36%, Test: 96.57%, Best Valid: 96.82%, Best Test: 96.79%
Epoch: 1900, Loss: 0.0946, Train: 100.00%, Valid: 96.51%, Test: 96.47%, Best Valid: 96.82%, Best Test: 96.79%
Epoch: 2000, Loss: 0.0892, Train: 100.00%, Valid: 96.30%, Test: 96.47%, Best Valid: 96.86%, Best Test: 97.02%
Run 02:
Highest Train: 100.00
Highest Valid: 96.86
Highest Test: 97.02
Chosen epoch: 1942
Final Train: 100.00
Final Test: 97.02
Epoch: 00, Loss: 0.7772, Train: 56.14%, Valid: 54.08%, Test: 52.48%, Best Valid: 54.08%, Best Test: 52.48%
Switching Polynormer to global attention phase.
Epoch: 100, Loss: 0.8166, Train: 43.14%, Valid: 43.04%, Test: 42.29%, Best Valid: 90.47%, Best Test: 90.99%
Epoch: 200, Loss: 0.3133, Train: 93.09%, Valid: 91.58%, Test: 91.70%, Best Valid: 91.58%, Best Test: 91.70%
Epoch: 300, Loss: 0.2803, Train: 96.73%, Valid: 94.08%, Test: 94.51%, Best Valid: 94.19%, Best Test: 94.28%
Epoch: 400, Loss: 0.2467, Train: 98.24%, Valid: 94.21%, Test: 95.29%, Best Valid: 94.68%, Best Test: 95.12%
Epoch: 500, Loss: 0.2258, Train: 99.19%, Valid: 94.67%, Test: 95.46%, Best Valid: 94.95%, Best Test: 95.64%
Epoch: 600, Loss: 0.2032, Train: 99.73%, Valid: 94.98%, Test: 95.77%, Best Valid: 95.67%, Best Test: 96.01%
Epoch: 700, Loss: 0.1919, Train: 99.92%, Valid: 95.71%, Test: 96.17%, Best Valid: 96.10%, Best Test: 96.62%
Epoch: 800, Loss: 0.1675, Train: 99.99%, Valid: 96.16%, Test: 96.80%, Best Valid: 96.28%, Best Test: 97.00%
Epoch: 900, Loss: 0.1492, Train: 100.00%, Valid: 96.54%, Test: 96.81%, Best Valid: 96.65%, Best Test: 96.94%
Epoch: 1000, Loss: 0.1375, Train: 100.00%, Valid: 96.55%, Test: 96.80%, Best Valid: 97.11%, Best Test: 97.16%
Epoch: 1100, Loss: 0.1308, Train: 100.00%, Valid: 96.86%, Test: 97.16%, Best Valid: 97.11%, Best Test: 97.16%
Epoch: 1200, Loss: 0.1130, Train: 100.00%, Valid: 96.94%, Test: 97.17%, Best Valid: 97.11%, Best Test: 97.16%
Epoch: 1300, Loss: 0.1387, Train: 100.00%, Valid: 97.15%, Test: 97.36%, Best Valid: 97.36%, Best Test: 97.58%
Epoch: 1400, Loss: 0.1118, Train: 100.00%, Valid: 96.98%, Test: 97.03%, Best Valid: 97.36%, Best Test: 97.58%
Epoch: 1500, Loss: 0.1065, Train: 100.00%, Valid: 97.06%, Test: 97.13%, Best Valid: 97.42%, Best Test: 97.45%
Epoch: 1600, Loss: 0.0923, Train: 100.00%, Valid: 97.12%, Test: 97.44%, Best Valid: 97.42%, Best Test: 97.45%
Epoch: 1700, Loss: 0.0982, Train: 100.00%, Valid: 97.00%, Test: 97.35%, Best Valid: 97.51%, Best Test: 97.50%
Epoch: 1800, Loss: 0.0733, Train: 100.00%, Valid: 97.37%, Test: 97.50%, Best Valid: 97.51%, Best Test: 97.50%
Epoch: 1900, Loss: 0.0816, Train: 100.00%, Valid: 97.25%, Test: 97.36%, Best Valid: 97.51%, Best Test: 97.50%
Epoch: 2000, Loss: 0.0876, Train: 100.00%, Valid: 97.10%, Test: 97.06%, Best Valid: 97.51%, Best Test: 97.50%
Run 03:
Highest Train: 100.00
Highest Valid: 97.51
Highest Test: 97.72
Chosen epoch: 1638
Final Train: 100.00
Final Test: 97.50
Epoch: 00, Loss: 1.3222, Train: 66.80%, Valid: 67.78%, Test: 67.32%, Best Valid: 67.78%, Best Test: 67.32%
Switching Polynormer to global attention phase.
Epoch: 100, Loss: 0.7292, Train: 36.50%, Valid: 38.34%, Test: 36.97%, Best Valid: 89.60%, Best Test: 90.30%
Epoch: 200, Loss: 0.3064, Train: 93.00%, Valid: 90.31%, Test: 91.01%, Best Valid: 90.42%, Best Test: 91.03%
Epoch: 300, Loss: 0.2759, Train: 96.79%, Valid: 93.93%, Test: 94.26%, Best Valid: 94.14%, Best Test: 94.37%
Epoch: 400, Loss: 0.2524, Train: 98.01%, Valid: 94.84%, Test: 94.66%, Best Valid: 94.86%, Best Test: 94.67%
Epoch: 500, Loss: 0.2251, Train: 99.00%, Valid: 95.08%, Test: 95.00%, Best Valid: 95.20%, Best Test: 94.94%
Epoch: 600, Loss: 0.2159, Train: 99.45%, Valid: 95.09%, Test: 95.05%, Best Valid: 95.52%, Best Test: 95.31%
Epoch: 700, Loss: 0.1911, Train: 99.83%, Valid: 95.55%, Test: 95.27%, Best Valid: 95.63%, Best Test: 95.65%
Epoch: 800, Loss: 0.1830, Train: 99.94%, Valid: 95.06%, Test: 95.30%, Best Valid: 95.88%, Best Test: 95.71%
Epoch: 900, Loss: 0.1756, Train: 99.98%, Valid: 95.91%, Test: 95.94%, Best Valid: 96.20%, Best Test: 96.08%
Epoch: 1000, Loss: 0.1642, Train: 100.00%, Valid: 96.23%, Test: 96.29%, Best Valid: 96.42%, Best Test: 96.32%
Epoch: 1100, Loss: 0.1410, Train: 100.00%, Valid: 96.09%, Test: 96.40%, Best Valid: 96.68%, Best Test: 96.63%
Epoch: 1200, Loss: 0.1415, Train: 100.00%, Valid: 96.55%, Test: 96.63%, Best Valid: 96.68%, Best Test: 96.63%
Epoch: 1300, Loss: 0.1232, Train: 100.00%, Valid: 96.76%, Test: 97.03%, Best Valid: 96.89%, Best Test: 96.78%
Epoch: 1400, Loss: 0.1211, Train: 100.00%, Valid: 96.84%, Test: 97.06%, Best Valid: 97.08%, Best Test: 97.07%
Epoch: 1500, Loss: 0.1085, Train: 100.00%, Valid: 96.61%, Test: 96.81%, Best Valid: 97.08%, Best Test: 97.07%
Epoch: 1600, Loss: 0.1038, Train: 100.00%, Valid: 96.94%, Test: 97.07%, Best Valid: 97.20%, Best Test: 97.20%
Epoch: 1700, Loss: 0.0947, Train: 100.00%, Valid: 97.20%, Test: 97.32%, Best Valid: 97.20%, Best Test: 97.32%
Epoch: 1800, Loss: 0.0981, Train: 100.00%, Valid: 97.10%, Test: 97.30%, Best Valid: 97.35%, Best Test: 97.25%
Epoch: 1900, Loss: 0.0782, Train: 100.00%, Valid: 96.78%, Test: 97.11%, Best Valid: 97.35%, Best Test: 97.25%
Epoch: 2000, Loss: 0.0798, Train: 100.00%, Valid: 96.84%, Test: 97.12%, Best Valid: 97.35%, Best Test: 97.25%
Run 04:
Highest Train: 100.00
Highest Valid: 97.35
Highest Test: 97.33
Chosen epoch: 1769
Final Train: 100.00
Final Test: 97.25
Epoch: 00, Loss: 1.2221, Train: 64.10%, Valid: 62.24%, Test: 62.74%, Best Valid: 62.24%, Best Test: 62.74%
Switching Polynormer to global attention phase.
Epoch: 100, Loss: 0.6808, Train: 72.14%, Valid: 72.90%, Test: 69.89%, Best Valid: 90.74%, Best Test: 90.85%
Epoch: 200, Loss: 0.3225, Train: 91.87%, Valid: 90.67%, Test: 90.69%, Best Valid: 90.74%, Best Test: 90.85%
Epoch: 300, Loss: 0.3061, Train: 94.80%, Valid: 92.50%, Test: 92.59%, Best Valid: 92.85%, Best Test: 92.62%
Epoch: 400, Loss: 0.2645, Train: 97.04%, Valid: 94.19%, Test: 94.29%, Best Valid: 94.75%, Best Test: 94.71%
Epoch: 500, Loss: 0.2518, Train: 98.49%, Valid: 95.09%, Test: 95.12%, Best Valid: 95.27%, Best Test: 95.15%
Epoch: 600, Loss: 0.2259, Train: 99.18%, Valid: 95.25%, Test: 95.27%, Best Valid: 95.45%, Best Test: 95.20%
Epoch: 700, Loss: 0.2037, Train: 99.67%, Valid: 95.80%, Test: 95.71%, Best Valid: 95.94%, Best Test: 95.65%
Epoch: 800, Loss: 0.2034, Train: 99.81%, Valid: 95.57%, Test: 95.65%, Best Valid: 95.96%, Best Test: 95.80%
Epoch: 900, Loss: 0.1857, Train: 99.95%, Valid: 95.70%, Test: 95.52%, Best Valid: 96.19%, Best Test: 95.89%
Epoch: 1000, Loss: 0.1698, Train: 99.99%, Valid: 96.47%, Test: 96.16%, Best Valid: 96.47%, Best Test: 96.16%
Epoch: 1100, Loss: 0.1502, Train: 99.99%, Valid: 96.33%, Test: 96.21%, Best Valid: 96.50%, Best Test: 96.39%
Epoch: 1200, Loss: 0.1328, Train: 100.00%, Valid: 96.43%, Test: 96.11%, Best Valid: 96.60%, Best Test: 96.26%
Epoch: 1300, Loss: 0.1453, Train: 100.00%, Valid: 96.49%, Test: 96.38%, Best Valid: 96.72%, Best Test: 96.36%
Epoch: 1400, Loss: 0.1344, Train: 100.00%, Valid: 96.49%, Test: 96.40%, Best Valid: 96.72%, Best Test: 96.36%
Epoch: 1500, Loss: 0.1282, Train: 100.00%, Valid: 96.58%, Test: 96.67%, Best Valid: 96.83%, Best Test: 96.57%
Epoch: 1600, Loss: 0.1074, Train: 100.00%, Valid: 96.65%, Test: 96.52%, Best Valid: 96.83%, Best Test: 96.57%
Epoch: 1700, Loss: 0.1067, Train: 100.00%, Valid: 96.62%, Test: 96.78%, Best Valid: 97.01%, Best Test: 96.84%
Epoch: 1800, Loss: 0.1019, Train: 100.00%, Valid: 96.82%, Test: 96.71%, Best Valid: 97.01%, Best Test: 96.91%
Epoch: 1900, Loss: 0.0970, Train: 100.00%, Valid: 96.91%, Test: 96.76%, Best Valid: 97.01%, Best Test: 96.91%
Epoch: 2000, Loss: 0.0837, Train: 100.00%, Valid: 96.68%, Test: 96.29%, Best Valid: 97.01%, Best Test: 96.91%
Run 05:
Highest Train: 100.00
Highest Valid: 97.07
Highest Test: 96.98
Chosen epoch: 2044
Final Train: 100.00
Final Test: 96.57
Epoch: 00, Loss: 0.9762, Train: 59.80%, Valid: 59.58%, Test: 59.84%, Best Valid: 59.58%, Best Test: 59.84%
Switching Polynormer to global attention phase.
Epoch: 100, Loss: 0.6858, Train: 86.64%, Valid: 85.42%, Test: 86.07%, Best Valid: 90.32%, Best Test: 91.45%
Epoch: 200, Loss: 0.3229, Train: 92.24%, Valid: 90.39%, Test: 91.94%, Best Valid: 90.57%, Best Test: 91.98%
Epoch: 300, Loss: 0.2774, Train: 96.87%, Valid: 94.06%, Test: 94.44%, Best Valid: 94.06%, Best Test: 94.44%
Epoch: 400, Loss: 0.2492, Train: 98.34%, Valid: 95.04%, Test: 95.32%, Best Valid: 95.04%, Best Test: 95.32%
Epoch: 500, Loss: 0.2322, Train: 99.35%, Valid: 94.90%, Test: 95.43%, Best Valid: 95.07%, Best Test: 95.32%
Epoch: 600, Loss: 0.2031, Train: 99.73%, Valid: 95.02%, Test: 95.47%, Best Valid: 95.36%, Best Test: 95.97%
Epoch: 700, Loss: 0.1848, Train: 99.90%, Valid: 95.85%, Test: 96.37%, Best Valid: 95.85%, Best Test: 96.37%
Epoch: 800, Loss: 0.1657, Train: 99.96%, Valid: 95.73%, Test: 96.31%, Best Valid: 95.98%, Best Test: 96.51%
Epoch: 900, Loss: 0.1759, Train: 99.99%, Valid: 96.21%, Test: 96.56%, Best Valid: 96.21%, Best Test: 96.56%
Epoch: 1000, Loss: 0.1512, Train: 100.00%, Valid: 96.00%, Test: 96.51%, Best Valid: 96.38%, Best Test: 96.71%
Epoch: 1100, Loss: 0.1543, Train: 100.00%, Valid: 96.24%, Test: 96.40%, Best Valid: 96.38%, Best Test: 96.71%
Epoch: 1200, Loss: 0.1361, Train: 100.00%, Valid: 96.07%, Test: 96.41%, Best Valid: 96.57%, Best Test: 96.68%
Epoch: 1300, Loss: 0.1232, Train: 100.00%, Valid: 96.16%, Test: 96.48%, Best Valid: 96.57%, Best Test: 96.68%
Epoch: 1400, Loss: 0.1113, Train: 100.00%, Valid: 96.31%, Test: 96.37%, Best Valid: 96.57%, Best Test: 96.68%
Epoch: 1500, Loss: 0.0979, Train: 100.00%, Valid: 96.36%, Test: 96.75%, Best Valid: 96.71%, Best Test: 97.06%
Epoch: 1600, Loss: 0.0932, Train: 100.00%, Valid: 96.14%, Test: 96.34%, Best Valid: 96.71%, Best Test: 97.06%
Epoch: 1700, Loss: 0.0805, Train: 100.00%, Valid: 96.38%, Test: 96.38%, Best Valid: 96.71%, Best Test: 97.06%
Epoch: 1800, Loss: 0.0835, Train: 100.00%, Valid: 96.33%, Test: 96.25%, Best Valid: 96.71%, Best Test: 97.06%
Epoch: 1900, Loss: 0.0915, Train: 100.00%, Valid: 96.71%, Test: 96.79%, Best Valid: 96.71%, Best Test: 96.79%
Epoch: 2000, Loss: 0.0892, Train: 100.00%, Valid: 96.09%, Test: 96.44%, Best Valid: 96.71%, Best Test: 96.79%
Run 06:
Highest Train: 100.00
Highest Valid: 96.71
Highest Test: 97.06
Chosen epoch: 1900
Final Train: 100.00
Final Test: 96.79
Epoch: 00, Loss: 1.1318, Train: 59.15%, Valid: 58.04%, Test: 58.74%, Best Valid: 58.04%, Best Test: 58.74%
Switching Polynormer to global attention phase.
Epoch: 100, Loss: 0.6078, Train: 86.71%, Valid: 87.89%, Test: 86.15%, Best Valid: 92.13%, Best Test: 90.04%
Epoch: 200, Loss: 0.3061, Train: 93.63%, Valid: 94.21%, Test: 91.60%, Best Valid: 94.43%, Best Test: 91.78%
Epoch: 300, Loss: 0.2764, Train: 96.85%, Valid: 94.85%, Test: 93.32%, Best Valid: 95.31%, Best Test: 93.60%
Epoch: 400, Loss: 0.2554, Train: 98.15%, Valid: 95.42%, Test: 93.92%, Best Valid: 95.46%, Best Test: 93.93%
Epoch: 500, Loss: 0.2391, Train: 99.15%, Valid: 95.64%, Test: 94.86%, Best Valid: 96.16%, Best Test: 94.91%
Epoch: 600, Loss: 0.2086, Train: 99.66%, Valid: 96.22%, Test: 95.22%, Best Valid: 96.44%, Best Test: 95.28%
Epoch: 700, Loss: 0.2044, Train: 99.87%, Valid: 96.32%, Test: 95.55%, Best Valid: 96.52%, Best Test: 95.65%
Epoch: 800, Loss: 0.1802, Train: 99.96%, Valid: 96.54%, Test: 96.00%, Best Valid: 96.84%, Best Test: 95.97%
Epoch: 900, Loss: 0.1703, Train: 99.99%, Valid: 97.10%, Test: 95.91%, Best Valid: 97.10%, Best Test: 95.91%
Epoch: 1000, Loss: 0.1586, Train: 100.00%, Valid: 96.94%, Test: 96.08%, Best Valid: 97.21%, Best Test: 96.47%
Epoch: 1100, Loss: 0.1536, Train: 100.00%, Valid: 96.98%, Test: 96.07%, Best Valid: 97.34%, Best Test: 96.32%
Epoch: 1200, Loss: 0.1311, Train: 100.00%, Valid: 97.22%, Test: 96.38%, Best Valid: 97.62%, Best Test: 96.76%
Epoch: 1300, Loss: 0.1132, Train: 100.00%, Valid: 97.50%, Test: 96.59%, Best Valid: 97.62%, Best Test: 96.41%
Epoch: 1400, Loss: 0.1269, Train: 100.00%, Valid: 97.31%, Test: 96.51%, Best Valid: 97.71%, Best Test: 97.04%
Epoch: 1500, Loss: 0.1091, Train: 100.00%, Valid: 97.52%, Test: 96.56%, Best Valid: 97.78%, Best Test: 96.87%
Epoch: 1600, Loss: 0.0998, Train: 100.00%, Valid: 97.64%, Test: 96.67%, Best Valid: 97.88%, Best Test: 96.89%
Epoch: 1700, Loss: 0.0872, Train: 100.00%, Valid: 97.77%, Test: 96.83%, Best Valid: 97.95%, Best Test: 97.07%
Epoch: 1800, Loss: 0.0983, Train: 100.00%, Valid: 97.29%, Test: 96.63%, Best Valid: 97.95%, Best Test: 97.07%
Epoch: 1900, Loss: 0.0828, Train: 100.00%, Valid: 97.49%, Test: 96.77%, Best Valid: 97.95%, Best Test: 97.07%
Epoch: 2000, Loss: 0.0973, Train: 100.00%, Valid: 97.71%, Test: 96.83%, Best Valid: 97.95%, Best Test: 97.07%
Run 07:
Highest Train: 100.00
Highest Valid: 97.95
Highest Test: 97.10
Chosen epoch: 1694
Final Train: 100.00
Final Test: 97.07
Epoch: 00, Loss: 0.7746, Train: 56.49%, Valid: 59.68%, Test: 58.85%, Best Valid: 59.68%, Best Test: 58.85%
Switching Polynormer to global attention phase.
Epoch: 100, Loss: 0.7552, Train: 80.63%, Valid: 80.09%, Test: 79.70%, Best Valid: 90.99%, Best Test: 91.44%
Epoch: 200, Loss: 0.3019, Train: 93.77%, Valid: 91.90%, Test: 92.07%, Best Valid: 91.90%, Best Test: 92.07%
Epoch: 300, Loss: 0.2766, Train: 96.85%, Valid: 93.88%, Test: 94.14%, Best Valid: 94.22%, Best Test: 94.38%
Epoch: 400, Loss: 0.2407, Train: 98.28%, Valid: 94.76%, Test: 95.06%, Best Valid: 94.98%, Best Test: 95.03%
Epoch: 500, Loss: 0.2168, Train: 99.29%, Valid: 95.55%, Test: 95.77%, Best Valid: 95.82%, Best Test: 95.88%
Epoch: 600, Loss: 0.2090, Train: 99.75%, Valid: 96.03%, Test: 96.15%, Best Valid: 96.18%, Best Test: 96.18%
Epoch: 700, Loss: 0.1844, Train: 99.94%, Valid: 96.34%, Test: 96.43%, Best Valid: 96.53%, Best Test: 96.46%
Epoch: 800, Loss: 0.1777, Train: 99.99%, Valid: 96.08%, Test: 96.47%, Best Valid: 96.53%, Best Test: 96.46%
Epoch: 900, Loss: 0.1611, Train: 99.99%, Valid: 96.75%, Test: 96.84%, Best Valid: 96.82%, Best Test: 96.69%
Epoch: 1000, Loss: 0.1452, Train: 100.00%, Valid: 96.63%, Test: 96.42%, Best Valid: 97.04%, Best Test: 97.21%
Epoch: 1100, Loss: 0.1476, Train: 100.00%, Valid: 96.80%, Test: 96.96%, Best Valid: 97.04%, Best Test: 97.21%
Epoch: 1200, Loss: 0.1318, Train: 100.00%, Valid: 97.06%, Test: 97.06%, Best Valid: 97.07%, Best Test: 97.00%
Epoch: 1300, Loss: 0.1183, Train: 100.00%, Valid: 96.94%, Test: 96.85%, Best Valid: 97.42%, Best Test: 97.40%
Epoch: 1400, Loss: 0.0988, Train: 100.00%, Valid: 97.11%, Test: 97.03%, Best Valid: 97.44%, Best Test: 97.37%
Epoch: 1500, Loss: 0.0986, Train: 100.00%, Valid: 97.29%, Test: 97.18%, Best Valid: 97.50%, Best Test: 97.30%
Epoch: 1600, Loss: 0.0939, Train: 100.00%, Valid: 97.57%, Test: 97.28%, Best Valid: 97.58%, Best Test: 97.33%
Epoch: 1700, Loss: 0.0765, Train: 100.00%, Valid: 97.29%, Test: 97.38%, Best Valid: 97.59%, Best Test: 97.55%
Epoch: 1800, Loss: 0.0922, Train: 100.00%, Valid: 97.17%, Test: 97.20%, Best Valid: 97.59%, Best Test: 97.55%
Epoch: 1900, Loss: 0.0873, Train: 100.00%, Valid: 97.25%, Test: 97.25%, Best Valid: 97.59%, Best Test: 97.55%
Epoch: 2000, Loss: 0.0886, Train: 100.00%, Valid: 97.26%, Test: 97.30%, Best Valid: 97.59%, Best Test: 97.55%
Run 08:
Highest Train: 100.00
Highest Valid: 97.59
Highest Test: 97.65
Chosen epoch: 1646
Final Train: 100.00
Final Test: 97.55
Epoch: 00, Loss: 1.0975, Train: 58.72%, Valid: 58.15%, Test: 57.17%, Best Valid: 58.15%, Best Test: 57.17%
Switching Polynormer to global attention phase.
Epoch: 100, Loss: 0.7304, Train: 82.66%, Valid: 82.73%, Test: 81.87%, Best Valid: 91.04%, Best Test: 91.40%
Epoch: 200, Loss: 0.3158, Train: 92.50%, Valid: 91.90%, Test: 92.01%, Best Valid: 91.97%, Best Test: 91.97%
Epoch: 300, Loss: 0.2836, Train: 96.25%, Valid: 94.57%, Test: 94.50%, Best Valid: 94.74%, Best Test: 94.72%
Epoch: 400, Loss: 0.2592, Train: 98.19%, Valid: 95.68%, Test: 95.36%, Best Valid: 95.68%, Best Test: 95.42%
Epoch: 500, Loss: 0.2261, Train: 98.98%, Valid: 95.53%, Test: 95.46%, Best Valid: 95.83%, Best Test: 95.62%
Epoch: 600, Loss: 0.2259, Train: 99.62%, Valid: 95.80%, Test: 95.87%, Best Valid: 96.17%, Best Test: 95.91%
Epoch: 700, Loss: 0.2070, Train: 99.83%, Valid: 96.30%, Test: 96.30%, Best Valid: 96.52%, Best Test: 96.39%
Epoch: 800, Loss: 0.1836, Train: 99.96%, Valid: 96.70%, Test: 96.87%, Best Valid: 96.74%, Best Test: 97.00%
Epoch: 900, Loss: 0.1501, Train: 99.98%, Valid: 96.86%, Test: 97.04%, Best Valid: 96.99%, Best Test: 97.26%
Epoch: 1000, Loss: 0.1487, Train: 100.00%, Valid: 97.15%, Test: 97.52%, Best Valid: 97.15%, Best Test: 97.52%
Epoch: 1100, Loss: 0.1367, Train: 100.00%, Valid: 97.38%, Test: 97.70%, Best Valid: 97.51%, Best Test: 97.75%
Epoch: 1200, Loss: 0.1332, Train: 100.00%, Valid: 97.37%, Test: 97.68%, Best Valid: 97.59%, Best Test: 97.87%
Epoch: 1300, Loss: 0.1398, Train: 100.00%, Valid: 97.73%, Test: 98.03%, Best Valid: 97.78%, Best Test: 97.93%
Epoch: 1400, Loss: 0.1180, Train: 100.00%, Valid: 97.76%, Test: 98.09%, Best Valid: 97.79%, Best Test: 98.07%
Epoch: 1500, Loss: 0.1155, Train: 100.00%, Valid: 97.92%, Test: 98.06%, Best Valid: 97.96%, Best Test: 98.27%
Epoch: 1600, Loss: 0.0987, Train: 100.00%, Valid: 97.91%, Test: 98.10%, Best Valid: 97.96%, Best Test: 98.27%
Epoch: 1700, Loss: 0.0990, Train: 100.00%, Valid: 97.67%, Test: 97.82%, Best Valid: 98.17%, Best Test: 98.19%
Epoch: 1800, Loss: 0.1003, Train: 100.00%, Valid: 97.77%, Test: 97.90%, Best Valid: 98.17%, Best Test: 98.19%
Epoch: 1900, Loss: 0.0828, Train: 100.00%, Valid: 97.69%, Test: 97.99%, Best Valid: 98.17%, Best Test: 98.19%
Epoch: 2000, Loss: 0.0786, Train: 100.00%, Valid: 97.62%, Test: 97.94%, Best Valid: 98.17%, Best Test: 98.19%
Run 09:
Highest Train: 100.00
Highest Valid: 98.17
Highest Test: 98.30
Chosen epoch: 1656
Final Train: 100.00
Final Test: 98.19
Epoch: 00, Loss: 0.6877, Train: 57.58%, Valid: 57.49%, Test: 57.30%, Best Valid: 57.49%, Best Test: 57.30%
Switching Polynormer to global attention phase.
Epoch: 100, Loss: 0.7321, Train: 34.46%, Valid: 33.61%, Test: 31.67%, Best Valid: 89.91%, Best Test: 92.14%
Epoch: 200, Loss: 0.3126, Train: 92.39%, Valid: 90.63%, Test: 92.18%, Best Valid: 90.64%, Best Test: 92.25%
Epoch: 300, Loss: 0.2780, Train: 96.73%, Valid: 93.67%, Test: 94.84%, Best Valid: 93.75%, Best Test: 94.96%
Epoch: 400, Loss: 0.2480, Train: 98.41%, Valid: 94.22%, Test: 95.08%, Best Valid: 94.53%, Best Test: 95.07%
Epoch: 500, Loss: 0.2213, Train: 99.36%, Valid: 94.62%, Test: 95.22%, Best Valid: 94.77%, Best Test: 95.35%
Epoch: 600, Loss: 0.2051, Train: 99.73%, Valid: 95.03%, Test: 95.85%, Best Valid: 95.45%, Best Test: 95.89%
Epoch: 700, Loss: 0.1877, Train: 99.90%, Valid: 95.37%, Test: 96.28%, Best Valid: 95.45%, Best Test: 96.07%
Epoch: 800, Loss: 0.1690, Train: 99.96%, Valid: 95.30%, Test: 96.66%, Best Valid: 95.65%, Best Test: 96.58%
Epoch: 900, Loss: 0.1627, Train: 99.98%, Valid: 95.36%, Test: 96.33%, Best Valid: 95.83%, Best Test: 96.79%
Epoch: 1000, Loss: 0.1363, Train: 100.00%, Valid: 95.64%, Test: 96.72%, Best Valid: 95.83%, Best Test: 96.79%
Epoch: 1100, Loss: 0.1216, Train: 100.00%, Valid: 95.51%, Test: 96.74%, Best Valid: 96.12%, Best Test: 96.99%
Epoch: 1200, Loss: 0.1243, Train: 100.00%, Valid: 95.78%, Test: 96.85%, Best Valid: 96.12%, Best Test: 96.99%
Epoch: 1300, Loss: 0.1287, Train: 100.00%, Valid: 96.09%, Test: 96.86%, Best Valid: 96.24%, Best Test: 97.09%
Epoch: 1400, Loss: 0.1166, Train: 100.00%, Valid: 96.15%, Test: 97.28%, Best Valid: 96.48%, Best Test: 97.22%
Epoch: 1500, Loss: 0.1065, Train: 100.00%, Valid: 96.00%, Test: 96.99%, Best Valid: 96.48%, Best Test: 97.22%
Epoch: 1600, Loss: 0.1007, Train: 100.00%, Valid: 96.49%, Test: 97.21%, Best Valid: 96.65%, Best Test: 97.29%
Epoch: 1700, Loss: 0.1007, Train: 100.00%, Valid: 96.18%, Test: 97.00%, Best Valid: 96.65%, Best Test: 97.29%
Epoch: 1800, Loss: 0.0732, Train: 100.00%, Valid: 96.23%, Test: 97.06%, Best Valid: 96.65%, Best Test: 97.29%
Epoch: 1900, Loss: 0.0865, Train: 100.00%, Valid: 96.14%, Test: 96.98%, Best Valid: 96.65%, Best Test: 97.29%
Epoch: 2000, Loss: 0.0730, Train: 100.00%, Valid: 96.16%, Test: 96.86%, Best Valid: 96.65%, Best Test: 97.29%
Run 10:
Highest Train: 100.00
Highest Valid: 96.65
Highest Test: 97.36
Chosen epoch: 1590
Final Train: 100.00
Final Test: 97.29
All runs:
Highest Train: 100.00 ± 0.00
Highest Test: 97.37 ± 0.41
Highest Valid: 97.23 ± 0.57
  Final Train: 100.00 ± 0.00
   Final Test: 97.24 ± 0.45
Saving results to results_tuned/minesweeper/polynormer.csv
Done: polynormer / minesweeper
