Sat Jul 18 17:00:38 2026       
+-----------------------------------------------------------------------------------------+
| NVIDIA-SMI 580.159.04             Driver Version: 580.159.04     CUDA Version: 13.0     |
+-----------------------------------------+------------------------+----------------------+
| GPU  Name                 Persistence-M | Bus-Id          Disp.A | Volatile Uncorr. ECC |
| Fan  Temp   Perf          Pwr:Usage/Cap |           Memory-Usage | GPU-Util  Compute M. |
|                                         |                        |               MIG M. |
|=========================================+========================+======================|
|   0  NVIDIA A100-SXM4-80GB          On  |   00000000:01:00.0 Off |                   On |
| N/A   34C    P0             66W /  500W |    1535MiB /  81920MiB |     N/A      Default |
|                                         |                        |              Enabled |
+-----------------------------------------+------------------------+----------------------+
|   1  NVIDIA A100-SXM4-80GB          On  |   00000000:41:00.0 Off |                   On |
| N/A   33C    P0            116W /  500W |    1409MiB /  81920MiB |     N/A      Default |
|                                         |                        |              Enabled |
+-----------------------------------------+------------------------+----------------------+
|   2  NVIDIA A100-SXM4-80GB          On  |   00000000:81:00.0 Off |                   On |
| N/A   31C    P0             51W /  500W |     249MiB /  81920MiB |     N/A      Default |
|                                         |                        |              Enabled |
+-----------------------------------------+------------------------+----------------------+
|   3  NVIDIA A100-SXM4-80GB          On  |   00000000:C1:00.0 Off |                   On |
| N/A   34C    P0            129W /  500W |    7345MiB /  81920MiB |     N/A      Default |
|                                         |                        |              Enabled |
+-----------------------------------------+------------------------+----------------------+

+-----------------------------------------------------------------------------------------+
| MIG devices:                                                                            |
+------------------+----------------------------------+-----------+-----------------------+
| GPU  GI  CI  MIG |              Shared Memory-Usage |        Vol|        Shared         |
|      ID  ID  Dev |                Shared BAR1-Usage | SM     Unc| CE ENC  DEC  OFA  JPG |
|                  |                                  |        ECC|                       |
|==================+==================================+===========+=======================|
|  2    3   0   0  |              71MiB / 19968MiB    | 28      0 |  2   0    1    0    0 |
|                  |               0MiB / 12271MiB    |           |                       |
+------------------+----------------------------------+-----------+-----------------------+

+-----------------------------------------------------------------------------------------+
| Processes:                                                                              |
|  GPU   GI   CI              PID   Type   Process name                        GPU Memory |
|        ID   ID                                                               Usage      |
|=========================================================================================|
|    0    5    0          1450435      C   python                                 1278MiB |
|    1    3    0          1450435      C   python                                 1152MiB |
|    3    5    0          1477617      C   python                                 7088MiB |
+-----------------------------------------------------------------------------------------+
Verifying published config: sgformer / cora
python main.py --model sgformer --dataset cora --lr 0.01 --layers 4 --tr_layers 1 --hidden_channels 64 --weight_decay 5e-4 --dropout 0.5 --tr_dropout 0.2 --tr_weight_decay 0.001 --use_graph --graph_weight 0.8 --alpha 0.5 --num_heads 1 --epochs 500 --rand_split_class --valid_num 500 --test_num 1000 --seed 123 --runs $RUNS --device $DEVICE $EXTRA
Namespace(aggregate='add', alpha=0.5, attention='gcn', beta=-1.0, bn=False, cpu=False, data_dir='../data/', dataset='cora', device=0, dim_inner=64, display_step=100, dropout=0.5, epochs=500, global_dropout=None, global_epochs=0, global_layers=2, gnn='gcn', graph_weight=0.8, hidden_channels=64, hops=10, in_dropout=0.0, jk=False, label_num_per_class=20, lambda_val=0.5, layers=4, ln=False, local_epochs=0, local_gnn_type='GCN', local_layers=7, lr=0.01, metric='acc', mlp_epochs=500, mlp_reg=False, model='sgformer', model_dir='models/gt_tuned_1108497_9', n_heads=1, num_centroids=4096, num_heads=1, oracle_reg=False, paired_seeds=True, pe_types='RWSE', penalty_transform='none', pre_linear=False, pre_ln=False, rand_split=False, rand_split_class=True, reg_start_epoch=10, reg_update_freq=5, res=False, result_dir='results_tuned', runs=10, save_model=False, save_result=False, seed=123, test_num=1000, tr_dropout=0.2, tr_layers=1, tr_weight_decay=0.001, train_prop=0.5, use_act=False, use_bn=False, use_graph=True, use_reg=False, use_residual=False, use_weight=False, valid_num=500, valid_prop=0.25, weight_decay=0.0005)
cora
Num nodes: 2708
train:torch.Size([140]), valid:torch.Size([500]), test:torch.Size([1000])
dataset cora | num nodes 2708 | num edge 10556 | num node feats 1433 | num classes 7
MODEL: SGFormer(
  (trans_conv): TransConv(
    (convs): ModuleList(
      (0): TransConvLayer(
        (Wk): Linear(in_features=64, out_features=64, bias=True)
        (Wq): Linear(in_features=64, out_features=64, bias=True)
      )
    )
    (fcs): ModuleList(
      (0): Linear(in_features=1433, out_features=64, bias=True)
    )
    (bns): ModuleList(
      (0): LayerNorm((64,), eps=1e-05, elementwise_affine=True)
      (1): LayerNorm((64,), eps=1e-05, elementwise_affine=True)
    )
  )
  (gnn): GCN(
    (convs): ModuleList(
      (0): GCNConv(1433, 64)
      (1): GCNConv(64, 64)
      (2): GCNConv(64, 64)
      (3): GCNConv(64, 64)
    )
    (bns): ModuleList(
      (0): BatchNorm1d(64, eps=1e-05, momentum=0.1, affine=True, track_running_stats=True)
      (1): BatchNorm1d(64, eps=1e-05, momentum=0.1, affine=True, track_running_stats=True)
      (2): BatchNorm1d(64, eps=1e-05, momentum=0.1, affine=True, track_running_stats=True)
    )
  )
  (fc): Linear(in_features=64, out_features=7, bias=True)
)
Epoch: 00, Loss: 1.9468, Train: 60.00%, Valid: 33.20%, Test: 34.20%, Best Valid: 33.20%, Best Test: 34.20%
Epoch: 100, Loss: 0.0036, Train: 100.00%, Valid: 75.60%, Test: 77.90%, Best Valid: 79.40%, Best Test: 81.20%
Epoch: 200, Loss: 0.0182, Train: 100.00%, Valid: 76.00%, Test: 77.20%, Best Valid: 79.40%, Best Test: 81.20%
Epoch: 300, Loss: 0.0034, Train: 100.00%, Valid: 75.60%, Test: 77.70%, Best Valid: 79.40%, Best Test: 81.20%
Epoch: 400, Loss: 0.0028, Train: 100.00%, Valid: 76.60%, Test: 80.10%, Best Valid: 80.40%, Best Test: 80.80%
Run 01:
Highest Train: 100.00
Highest Valid: 80.40
Highest Test: 83.70
Chosen epoch: 306
Final Train: 100.00
Final Test: 80.80
Epoch: 00, Loss: 1.9519, Train: 32.86%, Valid: 13.80%, Test: 12.60%, Best Valid: 13.80%, Best Test: 12.60%
Epoch: 100, Loss: 0.0204, Train: 100.00%, Valid: 75.00%, Test: 79.00%, Best Valid: 79.40%, Best Test: 82.00%
Epoch: 200, Loss: 0.0159, Train: 100.00%, Valid: 73.60%, Test: 77.40%, Best Valid: 79.40%, Best Test: 82.00%
Epoch: 300, Loss: 0.0505, Train: 100.00%, Valid: 75.60%, Test: 78.70%, Best Valid: 79.40%, Best Test: 82.00%
Epoch: 400, Loss: 0.0410, Train: 100.00%, Valid: 73.60%, Test: 76.80%, Best Valid: 79.40%, Best Test: 82.00%
Run 02:
Highest Train: 100.00
Highest Valid: 79.40
Highest Test: 82.70
Chosen epoch: 89
Final Train: 100.00
Final Test: 82.00
Epoch: 00, Loss: 1.9451, Train: 57.86%, Valid: 29.60%, Test: 34.10%, Best Valid: 29.60%, Best Test: 34.10%
Epoch: 100, Loss: 0.0137, Train: 100.00%, Valid: 77.00%, Test: 82.50%, Best Valid: 80.40%, Best Test: 83.90%
Epoch: 200, Loss: 0.0026, Train: 100.00%, Valid: 76.00%, Test: 79.60%, Best Valid: 80.40%, Best Test: 83.90%
Epoch: 300, Loss: 0.0099, Train: 100.00%, Valid: 79.20%, Test: 83.40%, Best Valid: 80.40%, Best Test: 83.90%
Epoch: 400, Loss: 0.0291, Train: 100.00%, Valid: 76.80%, Test: 82.10%, Best Valid: 80.40%, Best Test: 83.90%
Run 03:
Highest Train: 100.00
Highest Valid: 80.40
Highest Test: 83.90
Chosen epoch: 50
Final Train: 100.00
Final Test: 83.90
Epoch: 00, Loss: 1.9478, Train: 17.14%, Valid: 14.80%, Test: 11.40%, Best Valid: 14.80%, Best Test: 11.40%
Epoch: 100, Loss: 0.0135, Train: 100.00%, Valid: 79.00%, Test: 82.70%, Best Valid: 80.60%, Best Test: 82.30%
Epoch: 200, Loss: 0.0020, Train: 100.00%, Valid: 75.80%, Test: 80.20%, Best Valid: 80.80%, Best Test: 82.30%
Epoch: 300, Loss: 0.0268, Train: 100.00%, Valid: 78.00%, Test: 80.60%, Best Valid: 80.80%, Best Test: 82.30%
Epoch: 400, Loss: 0.0045, Train: 99.29%, Valid: 76.60%, Test: 78.20%, Best Valid: 80.80%, Best Test: 82.30%
Run 04:
Highest Train: 100.00
Highest Valid: 80.80
Highest Test: 83.70
Chosen epoch: 130
Final Train: 100.00
Final Test: 82.30
Epoch: 00, Loss: 1.9490, Train: 35.00%, Valid: 10.60%, Test: 10.30%, Best Valid: 10.60%, Best Test: 10.30%
Epoch: 100, Loss: 0.0145, Train: 100.00%, Valid: 77.60%, Test: 81.10%, Best Valid: 78.80%, Best Test: 82.40%
Epoch: 200, Loss: 0.0109, Train: 100.00%, Valid: 78.20%, Test: 80.70%, Best Valid: 78.80%, Best Test: 82.40%
Epoch: 300, Loss: 0.0104, Train: 100.00%, Valid: 76.40%, Test: 79.90%, Best Valid: 79.40%, Best Test: 81.60%
Epoch: 400, Loss: 0.0128, Train: 100.00%, Valid: 78.00%, Test: 81.60%, Best Valid: 79.40%, Best Test: 81.60%
Run 05:
Highest Train: 100.00
Highest Valid: 79.40
Highest Test: 82.80
Chosen epoch: 249
Final Train: 100.00
Final Test: 81.60
Epoch: 00, Loss: 1.9498, Train: 47.86%, Valid: 21.20%, Test: 20.70%, Best Valid: 21.20%, Best Test: 20.70%
Epoch: 100, Loss: 0.0116, Train: 100.00%, Valid: 74.60%, Test: 78.10%, Best Valid: 77.80%, Best Test: 81.20%
Epoch: 200, Loss: 0.0261, Train: 100.00%, Valid: 75.20%, Test: 78.00%, Best Valid: 77.80%, Best Test: 81.20%
Epoch: 300, Loss: 0.0038, Train: 100.00%, Valid: 75.20%, Test: 80.00%, Best Valid: 77.80%, Best Test: 81.20%
Epoch: 400, Loss: 0.0070, Train: 100.00%, Valid: 74.40%, Test: 78.40%, Best Valid: 77.80%, Best Test: 81.20%
Run 06:
Highest Train: 100.00
Highest Valid: 77.80
Highest Test: 83.30
Chosen epoch: 18
Final Train: 100.00
Final Test: 81.20
Epoch: 00, Loss: 1.9522, Train: 42.86%, Valid: 36.80%, Test: 33.50%, Best Valid: 36.80%, Best Test: 33.50%
Epoch: 100, Loss: 0.0350, Train: 100.00%, Valid: 75.80%, Test: 79.60%, Best Valid: 81.20%, Best Test: 83.60%
Epoch: 200, Loss: 0.0077, Train: 100.00%, Valid: 79.80%, Test: 81.10%, Best Valid: 81.20%, Best Test: 83.60%
Epoch: 300, Loss: 0.0044, Train: 100.00%, Valid: 74.00%, Test: 79.00%, Best Valid: 81.20%, Best Test: 83.60%
Epoch: 400, Loss: 0.0131, Train: 100.00%, Valid: 76.00%, Test: 79.20%, Best Valid: 81.20%, Best Test: 83.60%
Run 07:
Highest Train: 100.00
Highest Valid: 81.20
Highest Test: 83.60
Chosen epoch: 14
Final Train: 98.57
Final Test: 83.60
Epoch: 00, Loss: 1.9473, Train: 25.00%, Valid: 17.00%, Test: 20.40%, Best Valid: 17.00%, Best Test: 20.40%
Epoch: 100, Loss: 0.0150, Train: 100.00%, Valid: 75.20%, Test: 78.30%, Best Valid: 81.60%, Best Test: 84.00%
Epoch: 200, Loss: 0.0065, Train: 100.00%, Valid: 78.20%, Test: 80.70%, Best Valid: 81.60%, Best Test: 84.00%
Epoch: 300, Loss: 0.0068, Train: 100.00%, Valid: 76.20%, Test: 78.80%, Best Valid: 81.60%, Best Test: 84.00%
Epoch: 400, Loss: 0.0082, Train: 100.00%, Valid: 78.60%, Test: 80.70%, Best Valid: 81.60%, Best Test: 84.00%
Run 08:
Highest Train: 100.00
Highest Valid: 81.60
Highest Test: 84.30
Chosen epoch: 24
Final Train: 100.00
Final Test: 84.00
Epoch: 00, Loss: 1.9479, Train: 41.43%, Valid: 21.80%, Test: 20.80%, Best Valid: 21.80%, Best Test: 20.80%
Epoch: 100, Loss: 0.0402, Train: 100.00%, Valid: 78.60%, Test: 81.60%, Best Valid: 80.00%, Best Test: 82.40%
Epoch: 200, Loss: 0.0195, Train: 100.00%, Valid: 73.40%, Test: 78.60%, Best Valid: 80.60%, Best Test: 82.80%
Epoch: 300, Loss: 0.0060, Train: 100.00%, Valid: 74.20%, Test: 78.80%, Best Valid: 80.60%, Best Test: 82.80%
Epoch: 400, Loss: 0.0693, Train: 100.00%, Valid: 72.60%, Test: 76.50%, Best Valid: 80.60%, Best Test: 82.80%
Run 09:
Highest Train: 100.00
Highest Valid: 80.60
Highest Test: 82.80
Chosen epoch: 125
Final Train: 100.00
Final Test: 82.80
Epoch: 00, Loss: 1.9507, Train: 55.00%, Valid: 14.80%, Test: 15.40%, Best Valid: 14.80%, Best Test: 15.40%
Epoch: 100, Loss: 0.0474, Train: 100.00%, Valid: 76.60%, Test: 82.20%, Best Valid: 81.80%, Best Test: 83.70%
Epoch: 200, Loss: 0.0036, Train: 100.00%, Valid: 78.20%, Test: 79.10%, Best Valid: 81.80%, Best Test: 83.70%
Epoch: 300, Loss: 0.1886, Train: 100.00%, Valid: 78.60%, Test: 80.20%, Best Valid: 81.80%, Best Test: 83.70%
Epoch: 400, Loss: 0.0051, Train: 100.00%, Valid: 76.00%, Test: 80.80%, Best Valid: 81.80%, Best Test: 83.70%
Run 10:
Highest Train: 100.00
Highest Valid: 81.80
Highest Test: 83.90
Chosen epoch: 69
Final Train: 100.00
Final Test: 83.70
All runs:
Highest Train: 100.00 ± 0.00
Highest Test: 83.47 ± 0.55
Highest Valid: 80.34 ± 1.20
  Final Train: 99.86 ± 0.45
   Final Test: 82.59 ± 1.18
Saving results to results_tuned/cora/sgformer.csv
Done: sgformer / cora
