Sat Jul 18 14:41:01 2026       
+-----------------------------------------------------------------------------------------+
| NVIDIA-SMI 580.159.04             Driver Version: 580.159.04     CUDA Version: 13.0     |
+-----------------------------------------+------------------------+----------------------+
| GPU  Name                 Persistence-M | Bus-Id          Disp.A | Volatile Uncorr. ECC |
| Fan  Temp   Perf          Pwr:Usage/Cap |           Memory-Usage | GPU-Util  Compute M. |
|                                         |                        |               MIG M. |
|=========================================+========================+======================|
|   0  NVIDIA A100-SXM4-80GB          On  |   00000000:01:00.0 Off |                   On |
| N/A   39C    P0            138W /  500W |    4653MiB /  81920MiB |     N/A      Default |
|                                         |                        |              Enabled |
+-----------------------------------------+------------------------+----------------------+
|   1  NVIDIA A100-SXM4-80GB          On  |   00000000:41:00.0 Off |                   On |
| N/A   30C    P0             48W /  500W |     249MiB /  81920MiB |     N/A      Default |
|                                         |                        |              Enabled |
+-----------------------------------------+------------------------+----------------------+
|   2  NVIDIA A100-SXM4-80GB          On  |   00000000:81:00.0 Off |                   On |
| N/A   40C    P0            129W /  500W |   10877MiB /  81920MiB |     N/A      Default |
|                                         |                        |              Enabled |
+-----------------------------------------+------------------------+----------------------+
|   3  NVIDIA A100-SXM4-80GB          On  |   00000000:C1:00.0 Off |                   On |
| N/A   34C    P0            134W /  500W |    6881MiB /  81920MiB |     N/A      Default |
|                                         |                        |              Enabled |
+-----------------------------------------+------------------------+----------------------+

+-----------------------------------------------------------------------------------------+
| MIG devices:                                                                            |
+------------------+----------------------------------+-----------+-----------------------+
| GPU  GI  CI  MIG |              Shared Memory-Usage |        Vol|        Shared         |
|      ID  ID  Dev |                Shared BAR1-Usage | SM     Unc| CE ENC  DEC  OFA  JPG |
|                  |                                  |        ECC|                       |
|==================+==================================+===========+=======================|
|  1    3   0   0  |              71MiB / 19968MiB    | 28      0 |  2   0    1    0    0 |
|                  |               0MiB / 12271MiB    |           |                       |
+------------------+----------------------------------+-----------+-----------------------+

+-----------------------------------------------------------------------------------------+
| Processes:                                                                              |
|  GPU   GI   CI              PID   Type   Process name                        GPU Memory |
|        ID   ID                                                               Usage      |
|=========================================================================================|
|    0    3    0          1706697      C   python                                 4396MiB |
|    2    3    0          1651213      C   python                                10620MiB |
|    3    5    0          1722278      C   python                                 6624MiB |
+-----------------------------------------------------------------------------------------+
Verifying published config: polynormer / questions
python main.py --model polynormer --dataset questions --hidden_channels 64 --local_epochs 200 --global_epochs 1500 --lr 3e-5 --runs $RUNS --local_layers 5 --global_layers 3 --weight_decay 0.0 --dropout 0.2 --global_dropout 0.5 --in_dropout 0.15 --num_heads 8 --beta 0.4 --pre_ln --metric rocauc --save_model --device $DEVICE $EXTRA
Namespace(aggregate='add', alpha=0.5, attention='gcn', beta=0.4, bn=False, cpu=False, data_dir='../data/', dataset='questions', device=0, dim_inner=64, display_step=100, dropout=0.2, epochs=500, global_dropout=0.5, global_epochs=1500, global_layers=3, gnn='gcn', graph_weight=0.8, hidden_channels=64, hops=10, in_dropout=0.15, jk=False, label_num_per_class=20, lambda_val=0.5, layers=1, ln=False, local_epochs=200, local_gnn_type='GCN', local_layers=5, lr=3e-05, metric='rocauc', mlp_epochs=500, mlp_reg=False, model='polynormer', model_dir='models/gt_tuned_1108497_3', n_heads=8, num_centroids=4096, num_heads=8, oracle_reg=False, paired_seeds=True, pe_types='RWSE', penalty_transform='none', pre_linear=False, pre_ln=True, rand_split=False, rand_split_class=False, reg_start_epoch=10, reg_update_freq=5, res=False, result_dir='results_tuned', runs=10, save_model=True, save_result=False, seed=42, test_num=1000, tr_dropout=None, tr_layers=1, tr_weight_decay=None, train_prop=0.5, use_act=False, use_bn=False, use_graph=False, use_reg=False, use_residual=False, use_weight=False, valid_num=500, valid_prop=0.25, weight_decay=0.0)
questions
dataset questions | num nodes 48921 | num edge 153540 | num node feats 301 | num classes 2
MODEL: Polynormer(
  (h_lins): ModuleList(
    (0): Linear(in_features=512, out_features=512, bias=True)
    (1): Linear(in_features=512, out_features=512, bias=True)
    (2): Linear(in_features=512, out_features=512, bias=True)
    (3): Linear(in_features=512, out_features=512, bias=True)
    (4): Linear(in_features=512, out_features=512, bias=True)
  )
  (local_convs): ModuleList(
    (0): GATConv(512, 64, heads=8)
    (1): GATConv(512, 64, heads=8)
    (2): GATConv(512, 64, heads=8)
    (3): GATConv(512, 64, heads=8)
    (4): GATConv(512, 64, heads=8)
  )
  (lins): ModuleList(
    (0): Linear(in_features=512, out_features=512, bias=True)
    (1): Linear(in_features=512, out_features=512, bias=True)
    (2): Linear(in_features=512, out_features=512, bias=True)
    (3): Linear(in_features=512, out_features=512, bias=True)
    (4): Linear(in_features=512, out_features=512, bias=True)
  )
  (lns): ModuleList(
    (0): LayerNorm((512,), eps=1e-05, elementwise_affine=True)
    (1): LayerNorm((512,), eps=1e-05, elementwise_affine=True)
    (2): LayerNorm((512,), eps=1e-05, elementwise_affine=True)
    (3): LayerNorm((512,), eps=1e-05, elementwise_affine=True)
    (4): LayerNorm((512,), eps=1e-05, elementwise_affine=True)
  )
  (pre_lns): ModuleList(
    (0): LayerNorm((512,), eps=1e-05, elementwise_affine=True)
    (1): LayerNorm((512,), eps=1e-05, elementwise_affine=True)
    (2): LayerNorm((512,), eps=1e-05, elementwise_affine=True)
    (3): LayerNorm((512,), eps=1e-05, elementwise_affine=True)
    (4): LayerNorm((512,), eps=1e-05, elementwise_affine=True)
  )
  (lin_in): Linear(in_features=301, out_features=512, bias=True)
  (ln): LayerNorm((512,), eps=1e-05, elementwise_affine=True)
  (global_attn): GlobalAttn(
    (h_lins): ModuleList(
      (0): Linear(in_features=512, out_features=512, bias=True)
      (1): Linear(in_features=512, out_features=512, bias=True)
      (2): Linear(in_features=512, out_features=512, bias=True)
    )
    (k_lins): ModuleList(
      (0): Linear(in_features=512, out_features=512, bias=True)
      (1): Linear(in_features=512, out_features=512, bias=True)
      (2): Linear(in_features=512, out_features=512, bias=True)
    )
    (v_lins): ModuleList(
      (0): Linear(in_features=512, out_features=512, bias=True)
      (1): Linear(in_features=512, out_features=512, bias=True)
      (2): Linear(in_features=512, out_features=512, bias=True)
    )
    (lns): ModuleList(
      (0): LayerNorm((512,), eps=1e-05, elementwise_affine=True)
      (1): LayerNorm((512,), eps=1e-05, elementwise_affine=True)
      (2): LayerNorm((512,), eps=1e-05, elementwise_affine=True)
    )
    (lin_out): Linear(in_features=512, out_features=512, bias=True)
  )
  (pred_local): Linear(in_features=512, out_features=2, bias=True)
  (pred_global): Linear(in_features=512, out_features=2, bias=True)
)
Epoch: 00, Loss: 0.7955, Train: 51.39%, Valid: 52.09%, Test: 55.06%, Best Valid: 52.09%, Best Test: 55.06%
Epoch: 100, Loss: 0.1320, Train: 71.46%, Valid: 70.05%, Test: 70.22%, Best Valid: 70.05%, Best Test: 70.22%
Switching Polynormer to global attention phase.
Epoch: 200, Loss: 0.7548, Train: 56.87%, Valid: 57.34%, Test: 57.72%, Best Valid: 72.93%, Best Test: 73.03%
Epoch: 300, Loss: 0.1358, Train: 69.69%, Valid: 67.14%, Test: 66.62%, Best Valid: 72.93%, Best Test: 73.03%
Epoch: 400, Loss: 0.1280, Train: 74.38%, Valid: 71.32%, Test: 73.03%, Best Valid: 72.93%, Best Test: 73.03%
Epoch: 500, Loss: 0.1178, Train: 79.89%, Valid: 75.09%, Test: 75.06%, Best Valid: 75.09%, Best Test: 75.06%
Epoch: 600, Loss: 0.1134, Train: 82.41%, Valid: 76.25%, Test: 75.87%, Best Valid: 76.25%, Best Test: 76.13%
Epoch: 700, Loss: 0.1101, Train: 84.67%, Valid: 77.25%, Test: 76.88%, Best Valid: 77.26%, Best Test: 76.92%
Epoch: 800, Loss: 0.1057, Train: 86.37%, Valid: 77.95%, Test: 76.97%, Best Valid: 78.10%, Best Test: 77.42%
Epoch: 900, Loss: 0.1005, Train: 88.44%, Valid: 78.55%, Test: 77.41%, Best Valid: 78.56%, Best Test: 77.53%
Epoch: 1000, Loss: 0.0976, Train: 90.26%, Valid: 78.59%, Test: 77.15%, Best Valid: 78.78%, Best Test: 77.64%
Epoch: 1100, Loss: 0.0948, Train: 92.52%, Valid: 78.89%, Test: 77.37%, Best Valid: 78.89%, Best Test: 77.37%
Epoch: 1200, Loss: 0.0896, Train: 94.44%, Valid: 78.44%, Test: 77.15%, Best Valid: 78.89%, Best Test: 77.37%
Epoch: 1300, Loss: 0.0838, Train: 96.15%, Valid: 77.78%, Test: 76.59%, Best Valid: 78.89%, Best Test: 77.37%
Epoch: 1400, Loss: 0.0786, Train: 97.27%, Valid: 77.28%, Test: 76.12%, Best Valid: 78.89%, Best Test: 77.37%
Epoch: 1500, Loss: 0.0697, Train: 98.38%, Valid: 76.99%, Test: 75.52%, Best Valid: 78.89%, Best Test: 77.37%
Epoch: 1600, Loss: 0.0634, Train: 99.07%, Valid: 76.36%, Test: 74.71%, Best Valid: 78.89%, Best Test: 77.37%
Run 01:
Highest Train: 99.53
Highest Valid: 78.89
Highest Test: 77.64
Chosen epoch: 1100
Final Train: 92.52
Final Test: 77.37
Epoch: 00, Loss: 0.7259, Train: 49.51%, Valid: 50.18%, Test: 47.52%, Best Valid: 50.18%, Best Test: 47.52%
Epoch: 100, Loss: 0.1310, Train: 70.93%, Valid: 71.42%, Test: 70.87%, Best Valid: 71.42%, Best Test: 70.87%
Switching Polynormer to global attention phase.
Epoch: 200, Loss: 0.6745, Train: 45.77%, Valid: 46.71%, Test: 46.57%, Best Valid: 75.06%, Best Test: 74.18%
Epoch: 300, Loss: 0.1355, Train: 71.49%, Valid: 70.27%, Test: 70.51%, Best Valid: 75.06%, Best Test: 74.18%
Epoch: 400, Loss: 0.1264, Train: 76.16%, Valid: 74.92%, Test: 74.13%, Best Valid: 75.06%, Best Test: 74.18%
Epoch: 500, Loss: 0.1183, Train: 80.87%, Valid: 77.50%, Test: 77.17%, Best Valid: 77.50%, Best Test: 77.17%
Epoch: 600, Loss: 0.1138, Train: 83.45%, Valid: 78.47%, Test: 78.83%, Best Valid: 78.49%, Best Test: 78.68%
Epoch: 700, Loss: 0.1091, Train: 85.58%, Valid: 78.93%, Test: 79.76%, Best Valid: 79.03%, Best Test: 79.31%
Epoch: 800, Loss: 0.1064, Train: 87.86%, Valid: 79.65%, Test: 80.23%, Best Valid: 79.68%, Best Test: 80.13%
Epoch: 900, Loss: 0.1024, Train: 89.98%, Valid: 79.88%, Test: 80.29%, Best Valid: 79.88%, Best Test: 80.29%
Epoch: 1000, Loss: 0.0988, Train: 92.02%, Valid: 79.75%, Test: 79.82%, Best Valid: 80.08%, Best Test: 79.95%
Epoch: 1100, Loss: 0.0914, Train: 94.01%, Valid: 79.71%, Test: 79.28%, Best Valid: 80.08%, Best Test: 79.95%
Epoch: 1200, Loss: 0.0872, Train: 95.68%, Valid: 79.45%, Test: 78.62%, Best Valid: 80.08%, Best Test: 79.95%
Epoch: 1300, Loss: 0.0792, Train: 97.14%, Valid: 78.69%, Test: 77.76%, Best Valid: 80.08%, Best Test: 79.95%
Epoch: 1400, Loss: 0.0729, Train: 98.20%, Valid: 78.22%, Test: 76.99%, Best Valid: 80.08%, Best Test: 79.95%
Epoch: 1500, Loss: 0.0673, Train: 98.98%, Valid: 77.69%, Test: 76.44%, Best Valid: 80.08%, Best Test: 79.95%
Epoch: 1600, Loss: 0.0582, Train: 99.41%, Valid: 77.27%, Test: 75.67%, Best Valid: 80.08%, Best Test: 79.95%
Run 02:
Highest Train: 99.70
Highest Valid: 80.08
Highest Test: 80.37
Chosen epoch: 958
Final Train: 91.17
Final Test: 79.95
Epoch: 00, Loss: 0.7615, Train: 56.75%, Valid: 56.51%, Test: 57.15%, Best Valid: 56.51%, Best Test: 57.15%
Epoch: 100, Loss: 0.1294, Train: 72.55%, Valid: 70.94%, Test: 69.63%, Best Valid: 70.94%, Best Test: 69.63%
Switching Polynormer to global attention phase.
Epoch: 200, Loss: 0.7370, Train: 49.27%, Valid: 51.77%, Test: 47.76%, Best Valid: 72.98%, Best Test: 73.93%
Epoch: 300, Loss: 0.1337, Train: 73.51%, Valid: 70.69%, Test: 70.18%, Best Valid: 72.98%, Best Test: 73.93%
Epoch: 400, Loss: 0.1222, Train: 77.93%, Valid: 74.65%, Test: 74.47%, Best Valid: 74.65%, Best Test: 74.47%
Epoch: 500, Loss: 0.1141, Train: 81.91%, Valid: 76.26%, Test: 77.25%, Best Valid: 76.26%, Best Test: 77.25%
Epoch: 600, Loss: 0.1101, Train: 84.70%, Valid: 76.94%, Test: 78.42%, Best Valid: 76.96%, Best Test: 78.07%
Epoch: 700, Loss: 0.1057, Train: 87.35%, Valid: 77.49%, Test: 78.89%, Best Valid: 77.54%, Best Test: 78.62%
Epoch: 800, Loss: 0.1011, Train: 89.73%, Valid: 78.06%, Test: 79.32%, Best Valid: 78.08%, Best Test: 79.31%
Epoch: 900, Loss: 0.0970, Train: 92.00%, Valid: 77.96%, Test: 79.38%, Best Valid: 78.31%, Best Test: 79.36%
Epoch: 1000, Loss: 0.0931, Train: 93.80%, Valid: 77.89%, Test: 79.11%, Best Valid: 78.31%, Best Test: 79.36%
Epoch: 1100, Loss: 0.0874, Train: 95.51%, Valid: 77.70%, Test: 78.84%, Best Valid: 78.31%, Best Test: 79.36%
Epoch: 1200, Loss: 0.0822, Train: 97.00%, Valid: 77.30%, Test: 78.49%, Best Valid: 78.31%, Best Test: 79.36%
Epoch: 1300, Loss: 0.0767, Train: 98.10%, Valid: 76.65%, Test: 78.00%, Best Valid: 78.31%, Best Test: 79.36%
Epoch: 1400, Loss: 0.0701, Train: 98.95%, Valid: 76.18%, Test: 77.38%, Best Valid: 78.31%, Best Test: 79.36%
Epoch: 1500, Loss: 0.0608, Train: 99.45%, Valid: 75.64%, Test: 76.62%, Best Valid: 78.31%, Best Test: 79.36%
Epoch: 1600, Loss: 0.0546, Train: 99.72%, Valid: 75.73%, Test: 76.50%, Best Valid: 78.31%, Best Test: 79.36%
Run 03:
Highest Train: 99.89
Highest Valid: 78.31
Highest Test: 79.53
Chosen epoch: 888
Final Train: 91.57
Final Test: 79.36
Epoch: 00, Loss: 0.6449, Train: 51.04%, Valid: 52.49%, Test: 50.95%, Best Valid: 52.49%, Best Test: 50.95%
Epoch: 100, Loss: 0.1290, Train: 72.15%, Valid: 69.04%, Test: 70.26%, Best Valid: 69.04%, Best Test: 70.26%
Switching Polynormer to global attention phase.
Epoch: 200, Loss: 0.6750, Train: 48.70%, Valid: 49.37%, Test: 48.78%, Best Valid: 72.78%, Best Test: 74.17%
Epoch: 300, Loss: 0.1324, Train: 73.97%, Valid: 69.99%, Test: 71.49%, Best Valid: 72.78%, Best Test: 74.17%
Epoch: 400, Loss: 0.1217, Train: 79.11%, Valid: 73.86%, Test: 74.92%, Best Valid: 73.86%, Best Test: 74.92%
Epoch: 500, Loss: 0.1134, Train: 82.83%, Valid: 76.14%, Test: 76.64%, Best Valid: 76.14%, Best Test: 76.64%
Epoch: 600, Loss: 0.1093, Train: 85.60%, Valid: 77.57%, Test: 77.09%, Best Valid: 77.57%, Best Test: 77.09%
Epoch: 700, Loss: 0.1051, Train: 87.92%, Valid: 78.42%, Test: 77.22%, Best Valid: 78.42%, Best Test: 77.22%
Epoch: 800, Loss: 0.0986, Train: 90.11%, Valid: 78.79%, Test: 77.25%, Best Valid: 78.95%, Best Test: 77.33%
Epoch: 900, Loss: 0.0940, Train: 92.40%, Valid: 79.03%, Test: 77.26%, Best Valid: 79.14%, Best Test: 77.39%
Epoch: 1000, Loss: 0.0874, Train: 94.36%, Valid: 78.84%, Test: 76.91%, Best Valid: 79.16%, Best Test: 77.38%
Epoch: 1100, Loss: 0.0827, Train: 96.16%, Valid: 78.39%, Test: 76.36%, Best Valid: 79.16%, Best Test: 77.38%
Epoch: 1200, Loss: 0.0754, Train: 97.54%, Valid: 77.89%, Test: 76.06%, Best Valid: 79.16%, Best Test: 77.38%
Epoch: 1300, Loss: 0.0676, Train: 98.66%, Valid: 77.04%, Test: 75.16%, Best Valid: 79.16%, Best Test: 77.38%
Epoch: 1400, Loss: 0.0596, Train: 99.30%, Valid: 76.07%, Test: 74.08%, Best Valid: 79.16%, Best Test: 77.38%
Epoch: 1500, Loss: 0.0538, Train: 99.68%, Valid: 75.31%, Test: 73.23%, Best Valid: 79.16%, Best Test: 77.38%
Epoch: 1600, Loss: 0.0436, Train: 99.88%, Valid: 74.51%, Test: 72.51%, Best Valid: 79.16%, Best Test: 77.38%
Run 04:
Highest Train: 99.95
Highest Valid: 79.16
Highest Test: 77.39
Chosen epoch: 920
Final Train: 92.86
Final Test: 77.38
Epoch: 00, Loss: 0.9792, Train: 50.73%, Valid: 50.26%, Test: 49.83%, Best Valid: 50.26%, Best Test: 49.83%
Epoch: 100, Loss: 0.1322, Train: 69.10%, Valid: 66.74%, Test: 69.80%, Best Valid: 66.74%, Best Test: 69.80%
Switching Polynormer to global attention phase.
Epoch: 200, Loss: 0.6456, Train: 54.41%, Valid: 55.82%, Test: 52.90%, Best Valid: 71.73%, Best Test: 73.97%
Epoch: 300, Loss: 0.1353, Train: 69.96%, Valid: 67.99%, Test: 69.95%, Best Valid: 71.73%, Best Test: 73.97%
Epoch: 400, Loss: 0.1266, Train: 74.32%, Valid: 71.68%, Test: 73.67%, Best Valid: 71.73%, Best Test: 73.97%
Epoch: 500, Loss: 0.1185, Train: 79.23%, Valid: 75.37%, Test: 76.47%, Best Valid: 75.37%, Best Test: 76.47%
Epoch: 600, Loss: 0.1139, Train: 82.44%, Valid: 76.49%, Test: 77.51%, Best Valid: 76.54%, Best Test: 77.54%
Epoch: 700, Loss: 0.1098, Train: 84.84%, Valid: 77.32%, Test: 77.88%, Best Valid: 77.32%, Best Test: 77.88%
Epoch: 800, Loss: 0.1065, Train: 86.93%, Valid: 78.06%, Test: 78.21%, Best Valid: 78.07%, Best Test: 78.19%
Epoch: 900, Loss: 0.1013, Train: 88.97%, Valid: 78.18%, Test: 78.42%, Best Valid: 78.27%, Best Test: 78.50%
Epoch: 1000, Loss: 0.0970, Train: 91.15%, Valid: 78.15%, Test: 78.37%, Best Valid: 78.27%, Best Test: 78.50%
Epoch: 1100, Loss: 0.0943, Train: 93.31%, Valid: 78.01%, Test: 77.94%, Best Valid: 78.27%, Best Test: 78.50%
Epoch: 1200, Loss: 0.0880, Train: 95.21%, Valid: 77.76%, Test: 77.85%, Best Valid: 78.27%, Best Test: 78.50%
Epoch: 1300, Loss: 0.0830, Train: 96.65%, Valid: 76.89%, Test: 77.36%, Best Valid: 78.27%, Best Test: 78.50%
Epoch: 1400, Loss: 0.0763, Train: 97.89%, Valid: 76.29%, Test: 77.32%, Best Valid: 78.27%, Best Test: 78.50%
Epoch: 1500, Loss: 0.0694, Train: 98.74%, Valid: 75.62%, Test: 76.76%, Best Valid: 78.27%, Best Test: 78.50%
Epoch: 1600, Loss: 0.0627, Train: 99.26%, Valid: 75.05%, Test: 76.30%, Best Valid: 78.27%, Best Test: 78.50%
Run 05:
Highest Train: 99.63
Highest Valid: 78.27
Highest Test: 78.53
Chosen epoch: 885
Final Train: 88.79
Final Test: 78.50
Epoch: 00, Loss: 0.9917, Train: 48.83%, Valid: 47.28%, Test: 45.72%, Best Valid: 47.28%, Best Test: 45.72%
Epoch: 100, Loss: 0.1312, Train: 72.62%, Valid: 69.41%, Test: 70.49%, Best Valid: 69.41%, Best Test: 70.49%
Switching Polynormer to global attention phase.
Epoch: 200, Loss: 0.7036, Train: 52.04%, Valid: 53.96%, Test: 54.89%, Best Valid: 72.53%, Best Test: 74.10%
Epoch: 300, Loss: 0.1334, Train: 73.07%, Valid: 70.17%, Test: 71.09%, Best Valid: 72.53%, Best Test: 74.10%
Epoch: 400, Loss: 0.1230, Train: 76.96%, Valid: 73.10%, Test: 75.23%, Best Valid: 73.10%, Best Test: 75.23%
Epoch: 500, Loss: 0.1149, Train: 80.71%, Valid: 74.91%, Test: 77.33%, Best Valid: 74.91%, Best Test: 77.33%
Epoch: 600, Loss: 0.1118, Train: 83.20%, Valid: 76.11%, Test: 78.50%, Best Valid: 76.13%, Best Test: 78.53%
Epoch: 700, Loss: 0.1074, Train: 85.34%, Valid: 76.95%, Test: 78.97%, Best Valid: 76.95%, Best Test: 78.97%
Epoch: 800, Loss: 0.1043, Train: 87.18%, Valid: 77.53%, Test: 79.45%, Best Valid: 77.53%, Best Test: 79.45%
Epoch: 900, Loss: 0.1001, Train: 89.38%, Valid: 77.58%, Test: 79.36%, Best Valid: 77.77%, Best Test: 79.52%
Epoch: 1000, Loss: 0.0948, Train: 91.31%, Valid: 77.62%, Test: 79.16%, Best Valid: 77.77%, Best Test: 79.52%
Epoch: 1100, Loss: 0.0954, Train: 93.17%, Valid: 77.48%, Test: 79.00%, Best Valid: 77.80%, Best Test: 79.30%
Epoch: 1200, Loss: 0.0895, Train: 94.92%, Valid: 77.45%, Test: 78.47%, Best Valid: 77.80%, Best Test: 79.30%
Epoch: 1300, Loss: 0.0830, Train: 96.36%, Valid: 77.25%, Test: 78.06%, Best Valid: 77.80%, Best Test: 79.30%
Epoch: 1400, Loss: 0.0781, Train: 97.57%, Valid: 76.46%, Test: 77.42%, Best Valid: 77.80%, Best Test: 79.30%
Epoch: 1500, Loss: 0.0712, Train: 98.56%, Valid: 75.86%, Test: 76.97%, Best Valid: 77.80%, Best Test: 79.30%
Epoch: 1600, Loss: 0.0638, Train: 99.18%, Valid: 75.49%, Test: 76.32%, Best Valid: 77.80%, Best Test: 79.30%
Run 06:
Highest Train: 99.61
Highest Valid: 77.80
Highest Test: 79.52
Chosen epoch: 1034
Final Train: 91.80
Final Test: 79.30
Epoch: 00, Loss: 0.5533, Train: 44.37%, Valid: 46.12%, Test: 44.51%, Best Valid: 46.12%, Best Test: 44.51%
Epoch: 100, Loss: 0.1278, Train: 72.99%, Valid: 71.77%, Test: 68.45%, Best Valid: 71.77%, Best Test: 68.45%
Switching Polynormer to global attention phase.
Epoch: 200, Loss: 0.7060, Train: 54.07%, Valid: 53.07%, Test: 53.25%, Best Valid: 74.87%, Best Test: 72.43%
Epoch: 300, Loss: 0.1292, Train: 73.37%, Valid: 70.17%, Test: 68.95%, Best Valid: 74.87%, Best Test: 72.43%
Epoch: 400, Loss: 0.1193, Train: 79.93%, Valid: 75.94%, Test: 74.53%, Best Valid: 75.94%, Best Test: 74.53%
Epoch: 500, Loss: 0.1120, Train: 83.32%, Valid: 77.83%, Test: 76.65%, Best Valid: 77.83%, Best Test: 76.65%
Epoch: 600, Loss: 0.1085, Train: 86.01%, Valid: 78.71%, Test: 77.61%, Best Valid: 78.72%, Best Test: 77.64%
Epoch: 700, Loss: 0.1041, Train: 88.57%, Valid: 78.88%, Test: 77.80%, Best Valid: 78.88%, Best Test: 77.80%
Epoch: 800, Loss: 0.0992, Train: 90.69%, Valid: 78.58%, Test: 77.36%, Best Valid: 78.97%, Best Test: 77.92%
Epoch: 900, Loss: 0.0936, Train: 92.89%, Valid: 78.33%, Test: 77.28%, Best Valid: 78.97%, Best Test: 77.92%
Epoch: 1000, Loss: 0.0896, Train: 94.88%, Valid: 77.77%, Test: 76.95%, Best Valid: 78.97%, Best Test: 77.92%
Epoch: 1100, Loss: 0.0849, Train: 96.58%, Valid: 77.03%, Test: 76.32%, Best Valid: 78.97%, Best Test: 77.92%
Epoch: 1200, Loss: 0.0768, Train: 98.05%, Valid: 76.47%, Test: 75.86%, Best Valid: 78.97%, Best Test: 77.92%
Epoch: 1300, Loss: 0.0678, Train: 98.94%, Valid: 75.96%, Test: 75.54%, Best Valid: 78.97%, Best Test: 77.92%
Epoch: 1400, Loss: 0.0634, Train: 99.50%, Valid: 75.45%, Test: 74.92%, Best Valid: 78.97%, Best Test: 77.92%
Epoch: 1500, Loss: 0.0536, Train: 99.81%, Valid: 75.16%, Test: 74.68%, Best Valid: 78.97%, Best Test: 77.92%
Epoch: 1600, Loss: 0.0460, Train: 99.94%, Valid: 74.53%, Test: 74.19%, Best Valid: 78.97%, Best Test: 77.92%
Run 07:
Highest Train: 99.98
Highest Valid: 78.97
Highest Test: 77.94
Chosen epoch: 714
Final Train: 88.91
Final Test: 77.92
Epoch: 00, Loss: 0.7669, Train: 45.60%, Valid: 42.61%, Test: 43.31%, Best Valid: 42.61%, Best Test: 43.31%
Epoch: 100, Loss: 0.1306, Train: 72.84%, Valid: 71.53%, Test: 73.61%, Best Valid: 71.53%, Best Test: 73.61%
Switching Polynormer to global attention phase.
Epoch: 200, Loss: 0.6505, Train: 41.44%, Valid: 41.01%, Test: 41.02%, Best Valid: 75.17%, Best Test: 76.87%
Epoch: 300, Loss: 0.1331, Train: 73.43%, Valid: 71.71%, Test: 74.21%, Best Valid: 75.17%, Best Test: 76.87%
Epoch: 400, Loss: 0.1235, Train: 77.78%, Valid: 76.04%, Test: 78.11%, Best Valid: 76.04%, Best Test: 78.11%
Epoch: 500, Loss: 0.1165, Train: 81.07%, Valid: 77.63%, Test: 79.06%, Best Valid: 77.63%, Best Test: 79.06%
Epoch: 600, Loss: 0.1117, Train: 83.39%, Valid: 78.21%, Test: 79.21%, Best Valid: 78.31%, Best Test: 79.21%
Epoch: 700, Loss: 0.1088, Train: 85.75%, Valid: 78.63%, Test: 79.37%, Best Valid: 78.63%, Best Test: 79.37%
Epoch: 800, Loss: 0.1051, Train: 87.87%, Valid: 78.80%, Test: 79.46%, Best Valid: 78.84%, Best Test: 79.34%
Epoch: 900, Loss: 0.1011, Train: 89.84%, Valid: 78.89%, Test: 79.59%, Best Valid: 79.02%, Best Test: 79.61%
Epoch: 1000, Loss: 0.0963, Train: 91.82%, Valid: 78.69%, Test: 79.11%, Best Valid: 79.02%, Best Test: 79.61%
Epoch: 1100, Loss: 0.0930, Train: 93.98%, Valid: 77.96%, Test: 78.54%, Best Valid: 79.02%, Best Test: 79.61%
Epoch: 1200, Loss: 0.0873, Train: 95.81%, Valid: 77.54%, Test: 77.64%, Best Valid: 79.02%, Best Test: 79.61%
Epoch: 1300, Loss: 0.0819, Train: 97.24%, Valid: 77.25%, Test: 76.78%, Best Valid: 79.02%, Best Test: 79.61%
Epoch: 1400, Loss: 0.0718, Train: 98.25%, Valid: 76.51%, Test: 75.92%, Best Valid: 79.02%, Best Test: 79.61%
Epoch: 1500, Loss: 0.0664, Train: 99.10%, Valid: 75.62%, Test: 74.91%, Best Valid: 79.02%, Best Test: 79.61%
Epoch: 1600, Loss: 0.0576, Train: 99.50%, Valid: 75.24%, Test: 74.39%, Best Valid: 79.02%, Best Test: 79.61%
Run 08:
Highest Train: 99.73
Highest Valid: 79.02
Highest Test: 79.66
Chosen epoch: 860
Final Train: 88.72
Final Test: 79.61
Epoch: 00, Loss: 0.9508, Train: 49.74%, Valid: 47.43%, Test: 47.67%, Best Valid: 47.43%, Best Test: 47.67%
Epoch: 100, Loss: 0.1328, Train: 71.53%, Valid: 69.60%, Test: 70.11%, Best Valid: 69.60%, Best Test: 70.11%
Switching Polynormer to global attention phase.
Epoch: 200, Loss: 0.7180, Train: 53.18%, Valid: 51.73%, Test: 48.15%, Best Valid: 73.15%, Best Test: 72.82%
Epoch: 300, Loss: 0.1360, Train: 71.96%, Valid: 70.13%, Test: 70.44%, Best Valid: 73.15%, Best Test: 72.82%
Epoch: 400, Loss: 0.1253, Train: 74.81%, Valid: 72.39%, Test: 72.38%, Best Valid: 73.15%, Best Test: 72.82%
Epoch: 500, Loss: 0.1199, Train: 79.51%, Valid: 75.22%, Test: 75.22%, Best Valid: 75.22%, Best Test: 75.22%
Epoch: 600, Loss: 0.1152, Train: 82.52%, Valid: 76.65%, Test: 76.60%, Best Valid: 76.65%, Best Test: 76.60%
Epoch: 700, Loss: 0.1112, Train: 85.46%, Valid: 77.56%, Test: 77.40%, Best Valid: 77.57%, Best Test: 77.46%
Epoch: 800, Loss: 0.1073, Train: 88.06%, Valid: 77.92%, Test: 77.66%, Best Valid: 77.97%, Best Test: 77.79%
Epoch: 900, Loss: 0.1034, Train: 90.70%, Valid: 77.86%, Test: 77.66%, Best Valid: 78.03%, Best Test: 77.87%
Epoch: 1000, Loss: 0.0990, Train: 92.79%, Valid: 77.40%, Test: 77.13%, Best Valid: 78.03%, Best Test: 77.87%
Epoch: 1100, Loss: 0.0920, Train: 94.66%, Valid: 77.02%, Test: 76.86%, Best Valid: 78.03%, Best Test: 77.87%
Epoch: 1200, Loss: 0.0864, Train: 96.06%, Valid: 76.76%, Test: 76.44%, Best Valid: 78.03%, Best Test: 77.87%
Epoch: 1300, Loss: 0.0797, Train: 97.35%, Valid: 76.36%, Test: 76.12%, Best Valid: 78.03%, Best Test: 77.87%
Epoch: 1400, Loss: 0.0742, Train: 98.36%, Valid: 75.36%, Test: 75.30%, Best Valid: 78.03%, Best Test: 77.87%
Epoch: 1500, Loss: 0.0664, Train: 99.00%, Valid: 74.68%, Test: 74.87%, Best Valid: 78.03%, Best Test: 77.87%
Epoch: 1600, Loss: 0.0604, Train: 99.46%, Valid: 73.96%, Test: 74.31%, Best Valid: 78.03%, Best Test: 77.87%
Run 09:
Highest Train: 99.77
Highest Valid: 78.03
Highest Test: 77.89
Chosen epoch: 821
Final Train: 88.74
Final Test: 77.87
Epoch: 00, Loss: 0.6665, Train: 49.16%, Valid: 48.14%, Test: 51.30%, Best Valid: 48.14%, Best Test: 51.30%
Epoch: 100, Loss: 0.1308, Train: 71.19%, Valid: 69.23%, Test: 71.25%, Best Valid: 69.23%, Best Test: 71.25%
Switching Polynormer to global attention phase.
Epoch: 200, Loss: 0.7465, Train: 44.51%, Valid: 45.69%, Test: 46.69%, Best Valid: 73.40%, Best Test: 75.11%
Epoch: 300, Loss: 0.1346, Train: 73.67%, Valid: 71.98%, Test: 73.44%, Best Valid: 73.40%, Best Test: 75.11%
Epoch: 400, Loss: 0.1229, Train: 77.29%, Valid: 74.46%, Test: 75.72%, Best Valid: 74.46%, Best Test: 75.72%
Epoch: 500, Loss: 0.1172, Train: 81.81%, Valid: 76.78%, Test: 76.93%, Best Valid: 76.78%, Best Test: 76.93%
Epoch: 600, Loss: 0.1121, Train: 84.67%, Valid: 77.84%, Test: 77.58%, Best Valid: 77.84%, Best Test: 77.58%
Epoch: 700, Loss: 0.1076, Train: 87.36%, Valid: 78.12%, Test: 77.74%, Best Valid: 78.18%, Best Test: 77.82%
Epoch: 800, Loss: 0.1037, Train: 89.66%, Valid: 78.53%, Test: 77.69%, Best Valid: 78.53%, Best Test: 77.69%
Epoch: 900, Loss: 0.0976, Train: 92.00%, Valid: 78.32%, Test: 77.43%, Best Valid: 78.55%, Best Test: 77.82%
Epoch: 1000, Loss: 0.0931, Train: 93.97%, Valid: 78.49%, Test: 76.89%, Best Valid: 78.55%, Best Test: 77.82%
Epoch: 1100, Loss: 0.0871, Train: 95.88%, Valid: 78.19%, Test: 76.36%, Best Valid: 78.57%, Best Test: 77.01%
Epoch: 1200, Loss: 0.0816, Train: 97.35%, Valid: 77.37%, Test: 75.51%, Best Valid: 78.57%, Best Test: 77.01%
Epoch: 1300, Loss: 0.0746, Train: 98.43%, Valid: 77.01%, Test: 75.00%, Best Valid: 78.57%, Best Test: 77.01%
Epoch: 1400, Loss: 0.0668, Train: 99.16%, Valid: 76.15%, Test: 73.95%, Best Valid: 78.57%, Best Test: 77.01%
Epoch: 1500, Loss: 0.0614, Train: 99.64%, Valid: 75.76%, Test: 73.39%, Best Valid: 78.57%, Best Test: 77.01%
Epoch: 1600, Loss: 0.0539, Train: 99.86%, Valid: 74.82%, Test: 72.52%, Best Valid: 78.57%, Best Test: 77.01%
Run 10:
Highest Train: 99.96
Highest Valid: 78.57
Highest Test: 78.07
Chosen epoch: 1006
Final Train: 94.15
Final Test: 77.01
All runs:
Highest Train: 99.77 ± 0.16
Highest Test: 78.65 ± 1.03
Highest Valid: 78.71 ± 0.66
  Final Train: 90.92 ± 2.01
   Final Test: 78.43 ± 1.06
Saving results to results_tuned/questions/polynormer.csv
Done: polynormer / questions
