Sat Jul 18 15:48:33 2026       
+-----------------------------------------------------------------------------------------+
| NVIDIA-SMI 580.159.04             Driver Version: 580.159.04     CUDA Version: 13.0     |
+-----------------------------------------+------------------------+----------------------+
| GPU  Name                 Persistence-M | Bus-Id          Disp.A | Volatile Uncorr. ECC |
| Fan  Temp   Perf          Pwr:Usage/Cap |           Memory-Usage | GPU-Util  Compute M. |
|                                         |                        |               MIG M. |
|=========================================+========================+======================|
|   0  NVIDIA A100-SXM4-80GB          On  |   00000000:01:00.0 Off |                   On |
| N/A   38C    P0            147W /  500W |    4647MiB /  81920MiB |     N/A      Default |
|                                         |                        |              Enabled |
+-----------------------------------------+------------------------+----------------------+
|   1  NVIDIA A100-SXM4-80GB          On  |   00000000:41:00.0 Off |                   On |
| N/A   36C    P0            133W /  500W |   12291MiB /  81920MiB |     N/A      Default |
|                                         |                        |              Enabled |
+-----------------------------------------+------------------------+----------------------+
|   2  NVIDIA A100-SXM4-80GB          On  |   00000000:81:00.0 Off |                   On |
| N/A   40C    P0            139W /  500W |   10879MiB /  81920MiB |     N/A      Default |
|                                         |                        |              Enabled |
+-----------------------------------------+------------------------+----------------------+
|   3  NVIDIA A100-SXM4-80GB          On  |   00000000:C1:00.0 Off |                   On |
| N/A   27C    P0             52W /  500W |     249MiB /  81920MiB |     N/A      Default |
|                                         |                        |              Enabled |
+-----------------------------------------+------------------------+----------------------+

+-----------------------------------------------------------------------------------------+
| MIG devices:                                                                            |
+------------------+----------------------------------+-----------+-----------------------+
| GPU  GI  CI  MIG |              Shared Memory-Usage |        Vol|        Shared         |
|      ID  ID  Dev |                Shared BAR1-Usage | SM     Unc| CE ENC  DEC  OFA  JPG |
|                  |                                  |        ECC|                       |
|==================+==================================+===========+=======================|
|  3    5   0   0  |              71MiB / 19968MiB    | 28      0 |  2   0    1    0    0 |
|                  |               0MiB / 12271MiB    |           |                       |
+------------------+----------------------------------+-----------+-----------------------+

+-----------------------------------------------------------------------------------------+
| Processes:                                                                              |
|  GPU   GI   CI              PID   Type   Process name                        GPU Memory |
|        ID   ID                                                               Usage      |
|=========================================================================================|
|    0    3    0          1744715      C   python                                 4390MiB |
|    1    3    0          1730131      C   python                                12034MiB |
|    2    3    0          1651213      C   python                                10622MiB |
+-----------------------------------------------------------------------------------------+
Verifying published config: polynormer / coauthor-cs
python main.py --model polynormer --dataset coauthor-cs --hidden_channels 64 --local_epochs 100 --global_epochs 1500 --lr 0.001 --runs $RUNS --local_layers 5 --global_layers 2 --weight_decay 5e-4 --dropout 0.3 --in_dropout 0.1 --num_heads 8 --save_model --device $DEVICE $EXTRA
Namespace(aggregate='add', alpha=0.5, attention='gcn', beta=-1.0, bn=False, cpu=False, data_dir='../data/', dataset='coauthor-cs', device=0, dim_inner=64, display_step=100, dropout=0.3, epochs=500, global_dropout=None, global_epochs=1500, global_layers=2, gnn='gcn', graph_weight=0.8, hidden_channels=64, hops=10, in_dropout=0.1, jk=False, label_num_per_class=20, lambda_val=0.5, layers=1, ln=False, local_epochs=100, local_gnn_type='GCN', local_layers=5, lr=0.001, metric='acc', mlp_epochs=500, mlp_reg=False, model='polynormer', model_dir='models/gt_tuned_1108497_6', n_heads=8, num_centroids=4096, num_heads=8, oracle_reg=False, paired_seeds=True, pe_types='RWSE', penalty_transform='none', pre_linear=False, pre_ln=False, rand_split=False, rand_split_class=False, reg_start_epoch=10, reg_update_freq=5, res=False, result_dir='results_tuned', runs=10, save_model=True, save_result=False, seed=42, test_num=1000, tr_dropout=None, tr_layers=1, tr_weight_decay=None, train_prop=0.5, use_act=False, use_bn=False, use_graph=False, use_reg=False, use_residual=False, use_weight=False, valid_num=500, valid_prop=0.25, weight_decay=0.0005)
coauthor-cs
dataset coauthor-cs | num nodes 18333 | num edge 163788 | num node feats 6805 | num classes 15
MODEL: Polynormer(
  (h_lins): ModuleList(
    (0): Linear(in_features=512, out_features=512, bias=True)
    (1): Linear(in_features=512, out_features=512, bias=True)
    (2): Linear(in_features=512, out_features=512, bias=True)
    (3): Linear(in_features=512, out_features=512, bias=True)
    (4): Linear(in_features=512, out_features=512, bias=True)
  )
  (local_convs): ModuleList(
    (0): GATConv(512, 64, heads=8)
    (1): GATConv(512, 64, heads=8)
    (2): GATConv(512, 64, heads=8)
    (3): GATConv(512, 64, heads=8)
    (4): GATConv(512, 64, heads=8)
  )
  (lins): ModuleList(
    (0): Linear(in_features=512, out_features=512, bias=True)
    (1): Linear(in_features=512, out_features=512, bias=True)
    (2): Linear(in_features=512, out_features=512, bias=True)
    (3): Linear(in_features=512, out_features=512, bias=True)
    (4): Linear(in_features=512, out_features=512, bias=True)
  )
  (lns): ModuleList(
    (0): LayerNorm((512,), eps=1e-05, elementwise_affine=True)
    (1): LayerNorm((512,), eps=1e-05, elementwise_affine=True)
    (2): LayerNorm((512,), eps=1e-05, elementwise_affine=True)
    (3): LayerNorm((512,), eps=1e-05, elementwise_affine=True)
    (4): LayerNorm((512,), eps=1e-05, elementwise_affine=True)
  )
  (lin_in): Linear(in_features=6805, out_features=512, bias=True)
  (ln): LayerNorm((512,), eps=1e-05, elementwise_affine=True)
  (global_attn): GlobalAttn(
    (h_lins): ModuleList(
      (0): Linear(in_features=512, out_features=512, bias=True)
      (1): Linear(in_features=512, out_features=512, bias=True)
    )
    (k_lins): ModuleList(
      (0): Linear(in_features=512, out_features=512, bias=True)
      (1): Linear(in_features=512, out_features=512, bias=True)
    )
    (v_lins): ModuleList(
      (0): Linear(in_features=512, out_features=512, bias=True)
      (1): Linear(in_features=512, out_features=512, bias=True)
    )
    (lns): ModuleList(
      (0): LayerNorm((512,), eps=1e-05, elementwise_affine=True)
      (1): LayerNorm((512,), eps=1e-05, elementwise_affine=True)
    )
    (lin_out): Linear(in_features=512, out_features=512, bias=True)
  )
  (pred_local): Linear(in_features=512, out_features=15, bias=True)
  (pred_global): Linear(in_features=512, out_features=15, bias=True)
)
Epoch: 00, Loss: 2.8796, Train: 22.05%, Valid: 23.92%, Test: 22.74%, Best Valid: 23.92%, Best Test: 22.74%
Switching Polynormer to global attention phase.
Epoch: 100, Loss: 2.7377, Train: 22.05%, Valid: 23.92%, Test: 22.74%, Best Valid: 94.82%, Best Test: 94.98%
Epoch: 200, Loss: 0.0124, Train: 100.00%, Valid: 94.65%, Test: 95.15%, Best Valid: 94.90%, Best Test: 95.42%
Epoch: 300, Loss: 0.0087, Train: 100.00%, Valid: 93.92%, Test: 94.85%, Best Valid: 94.90%, Best Test: 95.42%
Epoch: 400, Loss: 0.0081, Train: 99.99%, Valid: 94.05%, Test: 95.07%, Best Valid: 94.90%, Best Test: 95.42%
Epoch: 500, Loss: 0.0038, Train: 100.00%, Valid: 94.30%, Test: 94.98%, Best Valid: 94.90%, Best Test: 95.42%
Epoch: 600, Loss: 0.0035, Train: 100.00%, Valid: 93.86%, Test: 94.77%, Best Valid: 94.90%, Best Test: 95.42%
Epoch: 700, Loss: 0.0052, Train: 100.00%, Valid: 94.11%, Test: 95.09%, Best Valid: 94.90%, Best Test: 95.42%
Epoch: 800, Loss: 0.0048, Train: 100.00%, Valid: 94.27%, Test: 95.20%, Best Valid: 94.90%, Best Test: 95.42%
Epoch: 900, Loss: 0.0033, Train: 100.00%, Valid: 94.08%, Test: 94.68%, Best Valid: 94.90%, Best Test: 95.42%
Epoch: 1000, Loss: 0.0047, Train: 100.00%, Valid: 94.00%, Test: 95.09%, Best Valid: 94.90%, Best Test: 95.42%
Epoch: 1100, Loss: 0.0036, Train: 100.00%, Valid: 94.46%, Test: 94.90%, Best Valid: 94.90%, Best Test: 95.42%
Epoch: 1200, Loss: 0.0067, Train: 100.00%, Valid: 94.22%, Test: 94.60%, Best Valid: 94.90%, Best Test: 95.42%
Epoch: 1300, Loss: 2.4258, Train: 22.05%, Valid: 23.92%, Test: 22.74%, Best Valid: 94.90%, Best Test: 95.42%
Epoch: 1400, Loss: 2.4174, Train: 22.05%, Valid: 23.92%, Test: 22.74%, Best Valid: 94.90%, Best Test: 95.42%
Epoch: 1500, Loss: 1.9837, Train: 42.41%, Valid: 41.73%, Test: 41.93%, Best Valid: 94.90%, Best Test: 95.42%
Run 01:
Highest Train: 100.00
Highest Valid: 94.90
Highest Test: 95.64
Chosen epoch: 168
Final Train: 99.99
Final Test: 95.42
Epoch: 00, Loss: 2.8529, Train: 22.05%, Valid: 23.92%, Test: 22.74%, Best Valid: 23.92%, Best Test: 22.74%
Switching Polynormer to global attention phase.
Epoch: 100, Loss: 2.7085, Train: 22.05%, Valid: 23.92%, Test: 22.74%, Best Valid: 94.79%, Best Test: 95.37%
Epoch: 200, Loss: 0.1033, Train: 98.99%, Valid: 92.83%, Test: 93.38%, Best Valid: 94.79%, Best Test: 95.37%
Epoch: 300, Loss: 0.0333, Train: 99.91%, Valid: 93.70%, Test: 94.08%, Best Valid: 94.79%, Best Test: 95.37%
Epoch: 400, Loss: 0.0120, Train: 99.98%, Valid: 93.73%, Test: 94.19%, Best Valid: 94.79%, Best Test: 95.37%
Epoch: 500, Loss: 0.0093, Train: 99.96%, Valid: 93.56%, Test: 94.85%, Best Valid: 94.79%, Best Test: 95.37%
Epoch: 600, Loss: 0.0071, Train: 99.99%, Valid: 94.41%, Test: 94.85%, Best Valid: 94.79%, Best Test: 95.37%
Epoch: 700, Loss: 0.0064, Train: 99.99%, Valid: 93.78%, Test: 94.66%, Best Valid: 94.79%, Best Test: 95.37%
Epoch: 800, Loss: 0.0133, Train: 99.99%, Valid: 94.05%, Test: 94.71%, Best Valid: 94.79%, Best Test: 95.37%
Epoch: 900, Loss: 0.0077, Train: 99.96%, Valid: 93.81%, Test: 94.55%, Best Valid: 94.79%, Best Test: 95.37%
Epoch: 1000, Loss: 0.0039, Train: 100.00%, Valid: 94.44%, Test: 95.01%, Best Valid: 94.79%, Best Test: 95.37%
Epoch: 1100, Loss: 0.0057, Train: 100.00%, Valid: 93.97%, Test: 95.07%, Best Valid: 94.79%, Best Test: 95.37%
Epoch: 1200, Loss: 0.0048, Train: 100.00%, Valid: 94.41%, Test: 94.57%, Best Valid: 94.79%, Best Test: 95.37%
Epoch: 1300, Loss: 0.0045, Train: 100.00%, Valid: 93.56%, Test: 94.82%, Best Valid: 94.79%, Best Test: 95.37%
Epoch: 1400, Loss: 0.0060, Train: 100.00%, Valid: 93.84%, Test: 94.90%, Best Valid: 94.79%, Best Test: 95.37%
Epoch: 1500, Loss: 0.0068, Train: 100.00%, Valid: 94.03%, Test: 94.71%, Best Valid: 94.79%, Best Test: 95.37%
Run 02:
Highest Train: 100.00
Highest Valid: 94.79
Highest Test: 95.53
Chosen epoch: 47
Final Train: 98.06
Final Test: 95.37
Epoch: 00, Loss: 2.9501, Train: 22.05%, Valid: 23.92%, Test: 22.74%, Best Valid: 23.92%, Best Test: 22.74%
Switching Polynormer to global attention phase.
Epoch: 100, Loss: 2.7079, Train: 22.05%, Valid: 23.92%, Test: 22.74%, Best Valid: 94.76%, Best Test: 95.64%
Epoch: 200, Loss: 0.2133, Train: 96.45%, Valid: 91.33%, Test: 92.69%, Best Valid: 94.76%, Best Test: 95.64%
Epoch: 300, Loss: 0.0284, Train: 99.87%, Valid: 93.89%, Test: 94.30%, Best Valid: 94.76%, Best Test: 95.64%
Epoch: 400, Loss: 0.0085, Train: 99.95%, Valid: 93.70%, Test: 94.06%, Best Valid: 94.76%, Best Test: 95.64%
Epoch: 500, Loss: 0.0093, Train: 100.00%, Valid: 93.97%, Test: 94.68%, Best Valid: 94.76%, Best Test: 95.64%
Epoch: 600, Loss: 0.0064, Train: 100.00%, Valid: 93.84%, Test: 94.79%, Best Valid: 94.76%, Best Test: 95.64%
Epoch: 700, Loss: 0.0090, Train: 100.00%, Valid: 93.78%, Test: 94.17%, Best Valid: 94.76%, Best Test: 95.64%
Epoch: 800, Loss: 0.0068, Train: 100.00%, Valid: 93.86%, Test: 94.33%, Best Valid: 94.76%, Best Test: 95.64%
Epoch: 900, Loss: 0.0083, Train: 99.89%, Valid: 93.59%, Test: 94.60%, Best Valid: 94.76%, Best Test: 95.64%
Epoch: 1000, Loss: 0.0025, Train: 100.00%, Valid: 94.27%, Test: 94.85%, Best Valid: 94.76%, Best Test: 95.64%
Epoch: 1100, Loss: 0.0066, Train: 99.58%, Valid: 92.74%, Test: 93.78%, Best Valid: 94.76%, Best Test: 95.64%
Epoch: 1200, Loss: 0.0081, Train: 100.00%, Valid: 94.27%, Test: 94.63%, Best Valid: 94.76%, Best Test: 95.64%
Epoch: 1300, Loss: 0.0064, Train: 99.98%, Valid: 93.78%, Test: 94.57%, Best Valid: 94.76%, Best Test: 95.64%
Epoch: 1400, Loss: 0.0042, Train: 100.00%, Valid: 94.24%, Test: 94.30%, Best Valid: 94.76%, Best Test: 95.64%
Epoch: 1500, Loss: 0.0297, Train: 99.75%, Valid: 93.70%, Test: 94.33%, Best Valid: 94.76%, Best Test: 95.64%
Run 03:
Highest Train: 100.00
Highest Valid: 94.82
Highest Test: 95.69
Chosen epoch: 1550
Final Train: 100.00
Final Test: 95.04
Epoch: 00, Loss: 2.8846, Train: 22.05%, Valid: 23.92%, Test: 22.74%, Best Valid: 23.92%, Best Test: 22.74%
Switching Polynormer to global attention phase.
Epoch: 100, Loss: 2.7079, Train: 22.05%, Valid: 23.92%, Test: 22.74%, Best Valid: 94.87%, Best Test: 95.56%
Epoch: 200, Loss: 0.2124, Train: 96.16%, Valid: 89.69%, Test: 90.19%, Best Valid: 94.87%, Best Test: 95.56%
Epoch: 300, Loss: 0.0218, Train: 99.95%, Valid: 93.15%, Test: 94.19%, Best Valid: 94.87%, Best Test: 95.56%
Epoch: 400, Loss: 0.0131, Train: 99.96%, Valid: 93.29%, Test: 94.06%, Best Valid: 94.87%, Best Test: 95.56%
Epoch: 500, Loss: 0.0109, Train: 99.96%, Valid: 93.67%, Test: 94.57%, Best Valid: 94.87%, Best Test: 95.56%
Epoch: 600, Loss: 0.0106, Train: 100.00%, Valid: 93.51%, Test: 94.47%, Best Valid: 94.87%, Best Test: 95.56%
Epoch: 700, Loss: 0.0085, Train: 99.99%, Valid: 93.97%, Test: 94.71%, Best Valid: 94.87%, Best Test: 95.56%
Epoch: 800, Loss: 0.0106, Train: 99.99%, Valid: 93.86%, Test: 94.79%, Best Valid: 94.87%, Best Test: 95.56%
Epoch: 900, Loss: 0.0052, Train: 99.99%, Valid: 93.70%, Test: 94.71%, Best Valid: 94.87%, Best Test: 95.56%
Epoch: 1000, Loss: 0.0127, Train: 100.00%, Valid: 93.67%, Test: 94.68%, Best Valid: 94.87%, Best Test: 95.56%
Epoch: 1100, Loss: 0.0127, Train: 99.98%, Valid: 94.03%, Test: 94.98%, Best Valid: 94.87%, Best Test: 95.56%
Epoch: 1200, Loss: 0.0103, Train: 100.00%, Valid: 94.00%, Test: 94.93%, Best Valid: 94.87%, Best Test: 95.56%
Epoch: 1300, Loss: 0.0050, Train: 99.98%, Valid: 93.43%, Test: 94.17%, Best Valid: 94.87%, Best Test: 95.56%
Epoch: 1400, Loss: 0.0066, Train: 99.99%, Valid: 93.81%, Test: 94.60%, Best Valid: 94.87%, Best Test: 95.56%
Epoch: 1500, Loss: 0.0064, Train: 100.00%, Valid: 93.94%, Test: 94.41%, Best Valid: 94.87%, Best Test: 95.56%
Run 04:
Highest Train: 100.00
Highest Valid: 94.87
Highest Test: 95.83
Chosen epoch: 58
Final Train: 99.48
Final Test: 95.56
Epoch: 00, Loss: 2.7988, Train: 22.05%, Valid: 23.92%, Test: 22.74%, Best Valid: 23.92%, Best Test: 22.74%
Switching Polynormer to global attention phase.
Epoch: 100, Loss: 2.7079, Train: 22.05%, Valid: 23.92%, Test: 22.74%, Best Valid: 95.06%, Best Test: 95.47%
Epoch: 200, Loss: 0.0438, Train: 99.75%, Valid: 93.86%, Test: 94.25%, Best Valid: 95.06%, Best Test: 95.47%
Epoch: 300, Loss: 0.0114, Train: 99.91%, Valid: 93.92%, Test: 94.41%, Best Valid: 95.06%, Best Test: 95.47%
Epoch: 400, Loss: 0.0145, Train: 99.98%, Valid: 93.92%, Test: 95.04%, Best Valid: 95.06%, Best Test: 95.47%
Epoch: 500, Loss: 0.0094, Train: 100.00%, Valid: 94.03%, Test: 94.85%, Best Valid: 95.06%, Best Test: 95.47%
Epoch: 600, Loss: 0.0073, Train: 99.97%, Valid: 94.35%, Test: 95.42%, Best Valid: 95.06%, Best Test: 95.47%
Epoch: 700, Loss: 0.0089, Train: 100.00%, Valid: 94.22%, Test: 95.04%, Best Valid: 95.06%, Best Test: 95.47%
Epoch: 800, Loss: 0.0060, Train: 100.00%, Valid: 94.11%, Test: 94.93%, Best Valid: 95.06%, Best Test: 95.47%
Epoch: 900, Loss: 0.0084, Train: 100.00%, Valid: 94.41%, Test: 94.90%, Best Valid: 95.06%, Best Test: 95.47%
Epoch: 1000, Loss: 0.0049, Train: 99.98%, Valid: 94.35%, Test: 94.77%, Best Valid: 95.06%, Best Test: 95.47%
Epoch: 1100, Loss: 0.0079, Train: 100.00%, Valid: 93.94%, Test: 94.98%, Best Valid: 95.06%, Best Test: 95.47%
Epoch: 1200, Loss: 0.0077, Train: 100.00%, Valid: 93.59%, Test: 94.57%, Best Valid: 95.06%, Best Test: 95.47%
Epoch: 1300, Loss: 0.0432, Train: 99.53%, Valid: 94.60%, Test: 95.28%, Best Valid: 95.06%, Best Test: 95.47%
Epoch: 1400, Loss: 0.0099, Train: 100.00%, Valid: 94.27%, Test: 94.93%, Best Valid: 95.06%, Best Test: 95.47%
Epoch: 1500, Loss: 0.0094, Train: 99.98%, Valid: 94.35%, Test: 94.60%, Best Valid: 95.06%, Best Test: 95.47%
Run 05:
Highest Train: 100.00
Highest Valid: 95.06
Highest Test: 95.69
Chosen epoch: 43
Final Train: 97.74
Final Test: 95.47
Epoch: 00, Loss: 2.8447, Train: 22.05%, Valid: 23.92%, Test: 22.74%, Best Valid: 23.92%, Best Test: 22.74%
Switching Polynormer to global attention phase.
Epoch: 100, Loss: 2.7084, Train: 11.11%, Valid: 10.91%, Test: 11.21%, Best Valid: 94.90%, Best Test: 95.72%
Epoch: 200, Loss: 0.0561, Train: 99.38%, Valid: 93.75%, Test: 94.79%, Best Valid: 94.90%, Best Test: 95.72%
Epoch: 300, Loss: 0.0173, Train: 99.91%, Valid: 93.75%, Test: 94.36%, Best Valid: 94.90%, Best Test: 95.72%
Epoch: 400, Loss: 0.0142, Train: 99.95%, Valid: 93.81%, Test: 94.68%, Best Valid: 94.90%, Best Test: 95.72%
Epoch: 500, Loss: 0.0094, Train: 99.97%, Valid: 94.00%, Test: 94.60%, Best Valid: 94.90%, Best Test: 95.72%
Epoch: 600, Loss: 0.0080, Train: 99.99%, Valid: 93.81%, Test: 94.90%, Best Valid: 94.90%, Best Test: 95.72%
Epoch: 700, Loss: 0.0080, Train: 100.00%, Valid: 94.22%, Test: 94.98%, Best Valid: 94.90%, Best Test: 95.72%
Epoch: 800, Loss: 0.0100, Train: 99.98%, Valid: 94.35%, Test: 94.60%, Best Valid: 94.90%, Best Test: 95.72%
Epoch: 900, Loss: 0.0097, Train: 100.00%, Valid: 93.81%, Test: 94.11%, Best Valid: 94.90%, Best Test: 95.72%
Epoch: 1000, Loss: 0.0063, Train: 99.99%, Valid: 94.30%, Test: 94.66%, Best Valid: 94.90%, Best Test: 95.72%
Epoch: 1100, Loss: 0.0060, Train: 100.00%, Valid: 94.19%, Test: 94.47%, Best Valid: 94.90%, Best Test: 95.72%
Epoch: 1200, Loss: 0.0062, Train: 100.00%, Valid: 93.51%, Test: 94.55%, Best Valid: 94.90%, Best Test: 95.72%
Epoch: 1300, Loss: 0.0051, Train: 100.00%, Valid: 93.70%, Test: 94.96%, Best Valid: 94.90%, Best Test: 95.72%
Epoch: 1400, Loss: 0.0098, Train: 99.98%, Valid: 93.84%, Test: 94.82%, Best Valid: 94.90%, Best Test: 95.72%
Epoch: 1500, Loss: 0.0044, Train: 100.00%, Valid: 94.35%, Test: 94.85%, Best Valid: 94.90%, Best Test: 95.72%
Run 06:
Highest Train: 100.00
Highest Valid: 94.90
Highest Test: 95.86
Chosen epoch: 57
Final Train: 99.08
Final Test: 95.72
Epoch: 00, Loss: 2.9176, Train: 22.05%, Valid: 23.92%, Test: 22.74%, Best Valid: 23.92%, Best Test: 22.74%
Switching Polynormer to global attention phase.
Epoch: 100, Loss: 2.7080, Train: 22.05%, Valid: 23.92%, Test: 22.74%, Best Valid: 94.82%, Best Test: 95.31%
Epoch: 200, Loss: 0.0413, Train: 99.59%, Valid: 92.91%, Test: 94.47%, Best Valid: 94.82%, Best Test: 95.31%
Epoch: 300, Loss: 0.0108, Train: 99.97%, Valid: 93.89%, Test: 94.57%, Best Valid: 94.82%, Best Test: 95.31%
Epoch: 400, Loss: 0.0079, Train: 99.98%, Valid: 94.14%, Test: 94.87%, Best Valid: 94.82%, Best Test: 95.31%
Epoch: 500, Loss: 0.0201, Train: 99.99%, Valid: 93.70%, Test: 94.60%, Best Valid: 94.82%, Best Test: 95.31%
Epoch: 600, Loss: 0.0146, Train: 99.99%, Valid: 94.11%, Test: 94.66%, Best Valid: 94.82%, Best Test: 95.31%
Epoch: 700, Loss: 0.0141, Train: 100.00%, Valid: 94.08%, Test: 94.36%, Best Valid: 94.82%, Best Test: 95.31%
Epoch: 800, Loss: 0.0085, Train: 100.00%, Valid: 93.67%, Test: 94.52%, Best Valid: 94.82%, Best Test: 95.31%
Epoch: 900, Loss: 0.0091, Train: 100.00%, Valid: 94.33%, Test: 94.74%, Best Valid: 94.82%, Best Test: 95.31%
Epoch: 1000, Loss: 0.0096, Train: 100.00%, Valid: 94.65%, Test: 94.90%, Best Valid: 94.82%, Best Test: 95.31%
Epoch: 1100, Loss: 0.0106, Train: 100.00%, Valid: 94.03%, Test: 94.57%, Best Valid: 94.82%, Best Test: 95.31%
Epoch: 1200, Loss: 0.0053, Train: 100.00%, Valid: 94.22%, Test: 94.55%, Best Valid: 94.82%, Best Test: 95.31%
Epoch: 1300, Loss: 0.0109, Train: 99.98%, Valid: 94.03%, Test: 94.55%, Best Valid: 94.82%, Best Test: 95.31%
Epoch: 1400, Loss: 0.0048, Train: 100.00%, Valid: 93.34%, Test: 94.79%, Best Valid: 94.82%, Best Test: 95.31%
Epoch: 1500, Loss: 0.0150, Train: 100.00%, Valid: 94.24%, Test: 94.63%, Best Valid: 94.82%, Best Test: 95.31%
Run 07:
Highest Train: 100.00
Highest Valid: 94.82
Highest Test: 95.69
Chosen epoch: 49
Final Train: 98.41
Final Test: 95.31
Epoch: 00, Loss: 2.8475, Train: 22.05%, Valid: 23.92%, Test: 22.74%, Best Valid: 23.92%, Best Test: 22.74%
Switching Polynormer to global attention phase.
Epoch: 100, Loss: 2.7080, Train: 22.05%, Valid: 23.92%, Test: 22.74%, Best Valid: 94.79%, Best Test: 95.04%
Epoch: 200, Loss: 0.0666, Train: 99.67%, Valid: 93.40%, Test: 94.22%, Best Valid: 94.79%, Best Test: 95.04%
Epoch: 300, Loss: 0.0114, Train: 99.99%, Valid: 94.30%, Test: 94.38%, Best Valid: 94.79%, Best Test: 95.04%
Epoch: 400, Loss: 0.0113, Train: 100.00%, Valid: 94.19%, Test: 94.44%, Best Valid: 94.79%, Best Test: 95.04%
Epoch: 500, Loss: 0.0096, Train: 100.00%, Valid: 94.14%, Test: 94.55%, Best Valid: 94.79%, Best Test: 95.04%
Epoch: 600, Loss: 0.0068, Train: 100.00%, Valid: 94.16%, Test: 94.77%, Best Valid: 94.79%, Best Test: 95.04%
Epoch: 700, Loss: 0.0277, Train: 99.66%, Valid: 93.59%, Test: 94.22%, Best Valid: 94.79%, Best Test: 95.04%
Epoch: 800, Loss: 0.0077, Train: 100.00%, Valid: 94.27%, Test: 94.87%, Best Valid: 94.79%, Best Test: 95.04%
Epoch: 900, Loss: 0.0044, Train: 100.00%, Valid: 94.16%, Test: 94.82%, Best Valid: 94.79%, Best Test: 95.04%
Epoch: 1000, Loss: 0.0054, Train: 99.99%, Valid: 94.44%, Test: 94.85%, Best Valid: 94.79%, Best Test: 95.04%
Epoch: 1100, Loss: 0.0080, Train: 100.00%, Valid: 94.11%, Test: 94.66%, Best Valid: 94.79%, Best Test: 95.04%
Epoch: 1200, Loss: 0.0057, Train: 100.00%, Valid: 94.19%, Test: 94.63%, Best Valid: 94.79%, Best Test: 95.04%
Epoch: 1300, Loss: 0.0119, Train: 100.00%, Valid: 94.79%, Test: 94.93%, Best Valid: 94.79%, Best Test: 95.04%
Epoch: 1400, Loss: 0.0082, Train: 100.00%, Valid: 94.11%, Test: 94.49%, Best Valid: 94.90%, Best Test: 95.15%
Epoch: 1500, Loss: 0.0035, Train: 100.00%, Valid: 94.27%, Test: 94.96%, Best Valid: 94.90%, Best Test: 95.15%
Run 08:
Highest Train: 100.00
Highest Valid: 94.90
Highest Test: 95.61
Chosen epoch: 1306
Final Train: 99.99
Final Test: 95.15
Epoch: 00, Loss: 2.8660, Train: 22.05%, Valid: 23.92%, Test: 22.74%, Best Valid: 23.92%, Best Test: 22.74%
Switching Polynormer to global attention phase.
Epoch: 100, Loss: 2.7091, Train: 22.05%, Valid: 23.92%, Test: 22.74%, Best Valid: 94.79%, Best Test: 95.53%
Epoch: 200, Loss: 0.0637, Train: 99.45%, Valid: 93.18%, Test: 94.14%, Best Valid: 94.79%, Best Test: 95.53%
Epoch: 300, Loss: 0.0182, Train: 99.92%, Valid: 93.56%, Test: 94.57%, Best Valid: 94.79%, Best Test: 95.53%
Epoch: 400, Loss: 0.0083, Train: 99.98%, Valid: 93.70%, Test: 94.85%, Best Valid: 94.79%, Best Test: 95.53%
Epoch: 500, Loss: 0.0063, Train: 99.98%, Valid: 94.00%, Test: 95.07%, Best Valid: 94.79%, Best Test: 95.53%
Epoch: 600, Loss: 0.0131, Train: 99.95%, Valid: 93.45%, Test: 94.71%, Best Valid: 94.79%, Best Test: 95.53%
Epoch: 700, Loss: 0.0105, Train: 99.99%, Valid: 93.78%, Test: 94.79%, Best Valid: 94.79%, Best Test: 95.53%
Epoch: 800, Loss: 0.0164, Train: 99.96%, Valid: 93.92%, Test: 94.57%, Best Valid: 94.79%, Best Test: 95.53%
Epoch: 900, Loss: 0.6952, Train: 75.16%, Valid: 73.35%, Test: 73.96%, Best Valid: 94.79%, Best Test: 95.53%
Epoch: 1000, Loss: 0.1401, Train: 97.86%, Valid: 90.29%, Test: 91.38%, Best Valid: 94.79%, Best Test: 95.53%
Epoch: 1100, Loss: 0.0415, Train: 99.83%, Valid: 92.14%, Test: 93.35%, Best Valid: 94.79%, Best Test: 95.53%
Epoch: 1200, Loss: 0.0287, Train: 99.99%, Valid: 92.85%, Test: 93.92%, Best Valid: 94.79%, Best Test: 95.53%
Epoch: 1300, Loss: 0.0270, Train: 100.00%, Valid: 93.32%, Test: 94.22%, Best Valid: 94.79%, Best Test: 95.53%
Epoch: 1400, Loss: 0.0090, Train: 100.00%, Valid: 93.40%, Test: 94.93%, Best Valid: 94.79%, Best Test: 95.53%
Epoch: 1500, Loss: 0.0126, Train: 100.00%, Valid: 93.62%, Test: 94.57%, Best Valid: 94.79%, Best Test: 95.53%
Run 09:
Highest Train: 100.00
Highest Valid: 94.79
Highest Test: 95.67
Chosen epoch: 46
Final Train: 98.41
Final Test: 95.53
Epoch: 00, Loss: 2.9773, Train: 22.05%, Valid: 23.92%, Test: 22.74%, Best Valid: 23.92%, Best Test: 22.74%
Switching Polynormer to global attention phase.
Epoch: 100, Loss: 2.7081, Train: 22.05%, Valid: 23.92%, Test: 22.74%, Best Valid: 95.01%, Best Test: 95.09%
Epoch: 200, Loss: 0.0340, Train: 99.91%, Valid: 93.73%, Test: 94.38%, Best Valid: 95.01%, Best Test: 95.09%
Epoch: 300, Loss: 0.0104, Train: 100.00%, Valid: 94.08%, Test: 94.63%, Best Valid: 95.01%, Best Test: 95.09%
Epoch: 400, Loss: 0.0074, Train: 100.00%, Valid: 93.73%, Test: 94.60%, Best Valid: 95.01%, Best Test: 95.09%
Epoch: 500, Loss: 0.0126, Train: 99.99%, Valid: 93.75%, Test: 95.09%, Best Valid: 95.01%, Best Test: 95.09%
Epoch: 600, Loss: 0.0084, Train: 100.00%, Valid: 93.86%, Test: 94.44%, Best Valid: 95.01%, Best Test: 95.09%
Epoch: 700, Loss: 0.0109, Train: 100.00%, Valid: 94.33%, Test: 94.93%, Best Valid: 95.01%, Best Test: 95.09%
Epoch: 800, Loss: 0.0068, Train: 100.00%, Valid: 94.33%, Test: 95.04%, Best Valid: 95.01%, Best Test: 95.09%
Epoch: 900, Loss: 0.0057, Train: 99.99%, Valid: 94.11%, Test: 94.77%, Best Valid: 95.01%, Best Test: 95.09%
Epoch: 1000, Loss: 0.0075, Train: 100.00%, Valid: 93.78%, Test: 94.77%, Best Valid: 95.01%, Best Test: 95.09%
Epoch: 1100, Loss: 0.0045, Train: 100.00%, Valid: 93.67%, Test: 94.06%, Best Valid: 95.01%, Best Test: 95.09%
Epoch: 1200, Loss: 0.0083, Train: 100.00%, Valid: 93.81%, Test: 94.57%, Best Valid: 95.01%, Best Test: 95.09%
Epoch: 1300, Loss: 0.0076, Train: 99.99%, Valid: 93.81%, Test: 94.93%, Best Valid: 95.01%, Best Test: 95.09%
Epoch: 1400, Loss: 0.0046, Train: 100.00%, Valid: 93.89%, Test: 94.66%, Best Valid: 95.01%, Best Test: 95.09%
Epoch: 1500, Loss: 0.0060, Train: 99.98%, Valid: 93.92%, Test: 94.93%, Best Valid: 95.01%, Best Test: 95.09%
Run 10:
Highest Train: 100.00
Highest Valid: 95.01
Highest Test: 95.58
Chosen epoch: 62
Final Train: 99.55
Final Test: 95.09
All runs:
Highest Train: 100.00 ± 0.00
Highest Test: 95.68 ± 0.10
Highest Valid: 94.89 ± 0.09
  Final Train: 99.07 ± 0.86
   Final Test: 95.37 ± 0.22
Saving results to results_tuned/coauthor-cs/polynormer.csv
Done: polynormer / coauthor-cs
